{"event": "a16_formal_start", "pending_runs": 54, "completed_runs": 0, "nominal_pending_budget_seconds": 12960.0, "model_load_seconds_outside_run_budget": 0.007089703984092921, "protocol_sha256": "0b9e7d97440f0d24b84390b4c1aca8bf85f25d4ae76e84ec54f77e92c38d1d37"}
{"event": "a16_run_start", "pending_index": 1, "pending_total": 54, "instance_id": "CB1_CAUR_L_CF1_RI2_TI2_R12", "seed": 746101, "budget_seconds": 332.0}
{"event": "a16_run_complete", "completed_runs": 1, "instance_id": "CB1_CAUR_L_CF1_RI2_TI2_R12", "seed": 746101, "solver_budget_elapsed_seconds": 332.0051502540009, "budget_overshoot_seconds": 0.0051502540009096265, "final_makespan": 3229.0, "rpd_v001_percent": -6.487112655661743}
{"event": "a16_run_start", "pending_index": 2, "pending_total": 54, "instance_id": "CB1_CAUR_L_CF1_RI2_TI2_R12", "seed": 746102, "budget_seconds": 332.0}
{"event": "a16_run_complete", "completed_runs": 2, "instance_id": "CB1_CAUR_L_CF1_RI2_TI2_R12", "seed": 746102, "solver_budget_elapsed_seconds": 332.0045347280102, "budget_overshoot_seconds": 0.004534728010185063, "final_makespan": 3409.0, "rpd_v001_percent": -1.2742542716478424}
{"event": "a16_run_start", "pending_index": 3, "pending_total": 54, "instance_id": "CB1_CAUR_L_CF1_RI2_TI2_R12", "seed": 746103, "budget_seconds": 332.0}
{"event": "a16_run_complete", "completed_runs": 3, "instance_id": "CB1_CAUR_L_CF1_RI2_TI2_R12", "seed": 746103, "solver_budget_elapsed_seconds": 332.0117653639754, "budget_overshoot_seconds": 0.011765363975428045, "final_makespan": 3386.0, "rpd_v001_percent": -1.9403417318273966}
{"event": "a16_run_start", "pending_index": 4, "pending_total": 54, "instance_id": "CB1_CAUR_L_CF1_RI2_TI2_R12_C02", "seed": 746101, "budget_seconds": 344.0}
{"event": "a16_run_complete", "completed_runs": 4, "instance_id": "CB1_CAUR_L_CF1_RI2_TI2_R12_C02", "seed": 746101, "solver_budget_elapsed_seconds": 344.00717519799946, "budget_overshoot_seconds": 0.00717519799945876, "final_makespan": 3727.0, "rpd_v001_percent": 0.4582210242587601}
{"event": "a16_run_start", "pending_index": 5, "pending_total": 54, "instance_id": "CB1_CAUR_L_CF1_RI2_TI2_R12_C02", "seed": 746102, "budget_seconds": 344.0}
{"event": "a16_run_complete", "completed_runs": 5, "instance_id": "CB1_CAUR_L_CF1_RI2_TI2_R12_C02", "seed": 746102, "solver_budget_elapsed_seconds": 344.00217778701335, "budget_overshoot_seconds": 0.0021777870133519173, "final_makespan": 3757.0, "rpd_v001_percent": 1.266846361185984}
{"event": "a16_run_start", "pending_index": 6, "pending_total": 54, "instance_id": "CB1_CAUR_L_CF1_RI2_TI2_R12_C02", "seed": 746103, "budget_seconds": 344.0}
{"event": "a16_run_complete", "completed_runs": 6, "instance_id": "CB1_CAUR_L_CF1_RI2_TI2_R12_C02", "seed": 746103, "solver_budget_elapsed_seconds": 344.0103743650252, "budget_overshoot_seconds": 0.01037436502519995, "final_makespan": 3653.0, "rpd_v001_percent": -1.536388140161725}
{"event": "a16_run_start", "pending_index": 7, "pending_total": 54, "instance_id": "CB1_CAUR_L_CF2_RI2_TI2_R12", "seed": 746101, "budget_seconds": 376.0}
{"event": "a16_run_complete", "completed_runs": 7, "instance_id": "CB1_CAUR_L_CF2_RI2_TI2_R12", "seed": 746101, "solver_budget_elapsed_seconds": 376.00038424297236, "budget_overshoot_seconds": 0.00038424297235906124, "final_makespan": 4411.0, "rpd_v001_percent": 5.880940950552088}
{"event": "a16_run_start", "pending_index": 8, "pending_total": 54, "instance_id": "CB1_CAUR_L_CF2_RI2_TI2_R12", "seed": 746102, "budget_seconds": 376.0}
{"event": "a16_run_complete", "completed_runs": 8, "instance_id": "CB1_CAUR_L_CF2_RI2_TI2_R12", "seed": 746102, "solver_budget_elapsed_seconds": 376.0075738620362, "budget_overshoot_seconds": 0.007573862036224455, "final_makespan": 4401.0, "rpd_v001_percent": 5.640902544407105}
{"event": "a16_run_start", "pending_index": 9, "pending_total": 54, "instance_id": "CB1_CAUR_L_CF2_RI2_TI2_R12", "seed": 746103, "budget_seconds": 376.0}
{"event": "a16_run_complete", "completed_runs": 9, "instance_id": "CB1_CAUR_L_CF2_RI2_TI2_R12", "seed": 746103, "solver_budget_elapsed_seconds": 376.0073599360185, "budget_overshoot_seconds": 0.0073599360184744, "final_makespan": 4245.0, "rpd_v001_percent": 1.8963034085453672}
{"event": "a16_run_start", "pending_index": 10, "pending_total": 54, "instance_id": "CB1_CAUR_L_CF2_RI2_TI2_R12_C02", "seed": 746101, "budget_seconds": 388.0}
{"event": "a16_run_complete", "completed_runs": 10, "instance_id": "CB1_CAUR_L_CF2_RI2_TI2_R12_C02", "seed": 746101, "solver_budget_elapsed_seconds": 388.0119848760078, "budget_overshoot_seconds": 0.011984876007772982, "final_makespan": 4155.0, "rpd_v001_percent": 5.003790750568613}
{"event": "a16_run_start", "pending_index": 11, "pending_total": 54, "instance_id": "CB1_CAUR_L_CF2_RI2_TI2_R12_C02", "seed": 746102, "budget_seconds": 388.0}
{"event": "a16_run_complete", "completed_runs": 11, "instance_id": "CB1_CAUR_L_CF2_RI2_TI2_R12_C02", "seed": 746102, "solver_budget_elapsed_seconds": 388.0036851740442, "budget_overshoot_seconds": 0.0036851740442216396, "final_makespan": 4203.0, "rpd_v001_percent": 6.21683093252464}
{"event": "a16_run_start", "pending_index": 12, "pending_total": 54, "instance_id": "CB1_CAUR_L_CF2_RI2_TI2_R12_C02", "seed": 746103, "budget_seconds": 388.0}
{"event": "a16_run_complete", "completed_runs": 12, "instance_id": "CB1_CAUR_L_CF2_RI2_TI2_R12_C02", "seed": 746103, "solver_budget_elapsed_seconds": 388.0007528930437, "budget_overshoot_seconds": 0.0007528930436819792, "final_makespan": 4203.0, "rpd_v001_percent": 6.21683093252464}
{"event": "a16_run_start", "pending_index": 13, "pending_total": 54, "instance_id": "CB1_CAUR_L_CF3_RI2_TI2_R12", "seed": 746101, "budget_seconds": 366.0}
{"event": "a16_run_complete", "completed_runs": 13, "instance_id": "CB1_CAUR_L_CF3_RI2_TI2_R12", "seed": 746101, "solver_budget_elapsed_seconds": 366.008798416995, "budget_overshoot_seconds": 0.008798416994977742, "final_makespan": 4157.0, "rpd_v001_percent": 0.28950542822677927}
{"event": "a16_run_start", "pending_index": 14, "pending_total": 54, "instance_id": "CB1_CAUR_L_CF3_RI2_TI2_R12", "seed": 746102, "budget_seconds": 366.0}
{"event": "a16_run_complete", "completed_runs": 14, "instance_id": "CB1_CAUR_L_CF3_RI2_TI2_R12", "seed": 746102, "solver_budget_elapsed_seconds": 366.0050068059936, "budget_overshoot_seconds": 0.005006805993616581, "final_makespan": 4185.0, "rpd_v001_percent": 0.9650180940892642}
{"event": "a16_run_start", "pending_index": 15, "pending_total": 54, "instance_id": "CB1_CAUR_L_CF3_RI2_TI2_R12", "seed": 746103, "budget_seconds": 366.0}
{"event": "a16_run_complete", "completed_runs": 15, "instance_id": "CB1_CAUR_L_CF3_RI2_TI2_R12", "seed": 746103, "solver_budget_elapsed_seconds": 366.0574740949669, "budget_overshoot_seconds": 0.05747409496689215, "final_makespan": 4244.0, "rpd_v001_percent": 2.388419782870929}
{"event": "a16_run_start", "pending_index": 16, "pending_total": 54, "instance_id": "CB1_CAUR_L_CF3_RI2_TI2_R12_C02", "seed": 746101, "budget_seconds": 358.0}
{"event": "a16_run_complete", "completed_runs": 16, "instance_id": "CB1_CAUR_L_CF3_RI2_TI2_R12_C02", "seed": 746101, "solver_budget_elapsed_seconds": 358.00820726400707, "budget_overshoot_seconds": 0.00820726400706917, "final_makespan": 3469.0, "rpd_v001_percent": 9.08805031446541}
{"event": "a16_run_start", "pending_index": 17, "pending_total": 54, "instance_id": "CB1_CAUR_L_CF3_RI2_TI2_R12_C02", "seed": 746102, "budget_seconds": 358.0}
{"event": "a16_run_complete", "completed_runs": 17, "instance_id": "CB1_CAUR_L_CF3_RI2_TI2_R12_C02", "seed": 746102, "solver_budget_elapsed_seconds": 358.0091293230071, "budget_overshoot_seconds": 0.009129323007073253, "final_makespan": 3404.0, "rpd_v001_percent": 7.044025157232705}
{"event": "a16_run_start", "pending_index": 18, "pending_total": 54, "instance_id": "CB1_CAUR_L_CF3_RI2_TI2_R12_C02", "seed": 746103, "budget_seconds": 358.0}
{"event": "a16_run_complete", "completed_runs": 18, "instance_id": "CB1_CAUR_L_CF3_RI2_TI2_R12_C02", "seed": 746103, "solver_budget_elapsed_seconds": 358.00332108401926, "budget_overshoot_seconds": 0.0033210840192623436, "final_makespan": 3469.0, "rpd_v001_percent": 9.08805031446541}
{"event": "a16_run_start", "pending_index": 19, "pending_total": 54, "instance_id": "CB1_CAUR_M_CF1_RI2_TI2_R12", "seed": 746101, "budget_seconds": 228.0}
{"event": "a16_run_complete", "completed_runs": 19, "instance_id": "CB1_CAUR_M_CF1_RI2_TI2_R12", "seed": 746101, "solver_budget_elapsed_seconds": 228.0048384940019, "budget_overshoot_seconds": 0.004838494001887739, "final_makespan": 2791.0, "rpd_v001_percent": 1.7499088589135983}
{"event": "a16_run_start", "pending_index": 20, "pending_total": 54, "instance_id": "CB1_CAUR_M_CF1_RI2_TI2_R12", "seed": 746102, "budget_seconds": 228.0}
{"event": "a16_run_complete", "completed_runs": 20, "instance_id": "CB1_CAUR_M_CF1_RI2_TI2_R12", "seed": 746102, "solver_budget_elapsed_seconds": 228.0029980049585, "budget_overshoot_seconds": 0.002998004958499223, "final_makespan": 2682.0, "rpd_v001_percent": -2.2238425082026976}
{"event": "a16_run_start", "pending_index": 21, "pending_total": 54, "instance_id": "CB1_CAUR_M_CF1_RI2_TI2_R12", "seed": 746103, "budget_seconds": 228.0}
{"event": "a16_run_complete", "completed_runs": 21, "instance_id": "CB1_CAUR_M_CF1_RI2_TI2_R12", "seed": 746103, "solver_budget_elapsed_seconds": 228.0066830830183, "budget_overshoot_seconds": 0.006683083018288016, "final_makespan": 2587.0, "rpd_v001_percent": -5.687203791469194}
{"event": "a16_run_start", "pending_index": 22, "pending_total": 54, "instance_id": "CB1_CAUR_M_CF1_RI2_TI2_R12_C02", "seed": 746101, "budget_seconds": 234.0}
{"event": "a16_run_complete", "completed_runs": 22, "instance_id": "CB1_CAUR_M_CF1_RI2_TI2_R12_C02", "seed": 746101, "solver_budget_elapsed_seconds": 234.00244340999052, "budget_overshoot_seconds": 0.002443409990519285, "final_makespan": 2731.0, "rpd_v001_percent": -1.479076479076479}
{"event": "a16_run_start", "pending_index": 23, "pending_total": 54, "instance_id": "CB1_CAUR_M_CF1_RI2_TI2_R12_C02", "seed": 746102, "budget_seconds": 234.0}
{"event": "a16_run_complete", "completed_runs": 23, "instance_id": "CB1_CAUR_M_CF1_RI2_TI2_R12_C02", "seed": 746102, "solver_budget_elapsed_seconds": 234.0051648360095, "budget_overshoot_seconds": 0.005164836009498686, "final_makespan": 2802.0, "rpd_v001_percent": 1.0822510822510822}
{"event": "a16_run_start", "pending_index": 24, "pending_total": 54, "instance_id": "CB1_CAUR_M_CF1_RI2_TI2_R12_C02", "seed": 746103, "budget_seconds": 234.0}
{"event": "a16_run_complete", "completed_runs": 24, "instance_id": "CB1_CAUR_M_CF1_RI2_TI2_R12_C02", "seed": 746103, "solver_budget_elapsed_seconds": 234.00592956197215, "budget_overshoot_seconds": 0.005929561972152442, "final_makespan": 2723.0, "rpd_v001_percent": -1.7676767676767677}
{"event": "a16_run_start", "pending_index": 25, "pending_total": 54, "instance_id": "CB1_CAUR_M_CF2_RI2_TI2_R12", "seed": 746101, "budget_seconds": 244.0}
{"event": "a16_run_complete", "completed_runs": 25, "instance_id": "CB1_CAUR_M_CF2_RI2_TI2_R12", "seed": 746101, "solver_budget_elapsed_seconds": 244.0034972729627, "budget_overshoot_seconds": 0.003497272962704301, "final_makespan": 2874.0, "rpd_v001_percent": 3.3069734004313442}
{"event": "a16_run_start", "pending_index": 26, "pending_total": 54, "instance_id": "CB1_CAUR_M_CF2_RI2_TI2_R12", "seed": 746102, "budget_seconds": 244.0}
{"event": "a16_run_complete", "completed_runs": 26, "instance_id": "CB1_CAUR_M_CF2_RI2_TI2_R12", "seed": 746102, "solver_budget_elapsed_seconds": 244.00195534602972, "budget_overshoot_seconds": 0.001955346029717475, "final_makespan": 2935.0, "rpd_v001_percent": 5.499640546369518}
{"event": "a16_run_start", "pending_index": 27, "pending_total": 54, "instance_id": "CB1_CAUR_M_CF2_RI2_TI2_R12", "seed": 746103, "budget_seconds": 244.0}
{"event": "a16_run_complete", "completed_runs": 27, "instance_id": "CB1_CAUR_M_CF2_RI2_TI2_R12", "seed": 746103, "solver_budget_elapsed_seconds": 244.00217495998368, "budget_overshoot_seconds": 0.002174959983676672, "final_makespan": 2854.0, "rpd_v001_percent": 2.5880661394680087}
{"event": "a16_run_start", "pending_index": 28, "pending_total": 54, "instance_id": "CB1_CAUR_M_CF2_RI2_TI2_R12_C02", "seed": 746101, "budget_seconds": 254.0}
{"event": "a16_run_complete", "completed_runs": 28, "instance_id": "CB1_CAUR_M_CF2_RI2_TI2_R12_C02", "seed": 746101, "solver_budget_elapsed_seconds": 254.00791859795572, "budget_overshoot_seconds": 0.007918597955722362, "final_makespan": 3666.0, "rpd_v001_percent": 0.21869874248223073}
{"event": "a16_run_start", "pending_index": 29, "pending_total": 54, "instance_id": "CB1_CAUR_M_CF2_RI2_TI2_R12_C02", "seed": 746102, "budget_seconds": 254.0}
{"event": "a16_run_complete", "completed_runs": 29, "instance_id": "CB1_CAUR_M_CF2_RI2_TI2_R12_C02", "seed": 746102, "solver_budget_elapsed_seconds": 254.0063412609743, "budget_overshoot_seconds": 0.006341260974295437, "final_makespan": 3651.0, "rpd_v001_percent": -0.1913613996719519}
{"event": "a16_run_start", "pending_index": 30, "pending_total": 54, "instance_id": "CB1_CAUR_M_CF2_RI2_TI2_R12_C02", "seed": 746103, "budget_seconds": 254.0}
{"event": "a16_run_complete", "completed_runs": 30, "instance_id": "CB1_CAUR_M_CF2_RI2_TI2_R12_C02", "seed": 746103, "solver_budget_elapsed_seconds": 254.0030356660136, "budget_overshoot_seconds": 0.0030356660136021674, "final_makespan": 3684.0, "rpd_v001_percent": 0.7107709130672498}
{"event": "a16_run_start", "pending_index": 31, "pending_total": 54, "instance_id": "CB1_CAUR_M_CF3_RI2_TI2_R12", "seed": 746101, "budget_seconds": 236.0}
{"event": "a16_run_complete", "completed_runs": 31, "instance_id": "CB1_CAUR_M_CF3_RI2_TI2_R12", "seed": 746101, "solver_budget_elapsed_seconds": 236.0049344790168, "budget_overshoot_seconds": 0.004934479016810656, "final_makespan": 2795.0, "rpd_v001_percent": 5.911330049261084}
{"event": "a16_run_start", "pending_index": 32, "pending_total": 54, "instance_id": "CB1_CAUR_M_CF3_RI2_TI2_R12", "seed": 746102, "budget_seconds": 236.0}
{"event": "a16_run_complete", "completed_runs": 32, "instance_id": "CB1_CAUR_M_CF3_RI2_TI2_R12", "seed": 746102, "solver_budget_elapsed_seconds": 236.0060720599722, "budget_overshoot_seconds": 0.0060720599722117186, "final_makespan": 2748.0, "rpd_v001_percent": 4.130352406214475}
{"event": "a16_run_start", "pending_index": 33, "pending_total": 54, "instance_id": "CB1_CAUR_M_CF3_RI2_TI2_R12", "seed": 746103, "budget_seconds": 236.0}
{"event": "a16_run_complete", "completed_runs": 33, "instance_id": "CB1_CAUR_M_CF3_RI2_TI2_R12", "seed": 746103, "solver_budget_elapsed_seconds": 236.0010249930201, "budget_overshoot_seconds": 0.0010249930201098323, "final_makespan": 2702.0, "rpd_v001_percent": 2.387267904509284}
{"event": "a16_run_start", "pending_index": 34, "pending_total": 54, "instance_id": "CB1_CAUR_M_CF3_RI2_TI2_R12_C02", "seed": 746101, "budget_seconds": 232.0}
{"event": "a16_run_complete", "completed_runs": 34, "instance_id": "CB1_CAUR_M_CF3_RI2_TI2_R12_C02", "seed": 746101, "solver_budget_elapsed_seconds": 232.00267969502602, "budget_overshoot_seconds": 0.0026796950260177255, "final_makespan": 3033.0, "rpd_v001_percent": 3.7987679671457903}
{"event": "a16_run_start", "pending_index": 35, "pending_total": 54, "instance_id": "CB1_CAUR_M_CF3_RI2_TI2_R12_C02", "seed": 746102, "budget_seconds": 232.0}
{"event": "a16_run_complete", "completed_runs": 35, "instance_id": "CB1_CAUR_M_CF3_RI2_TI2_R12_C02", "seed": 746102, "solver_budget_elapsed_seconds": 232.0022577039781, "budget_overshoot_seconds": 0.0022577039781026542, "final_makespan": 3035.0, "rpd_v001_percent": 3.867214236824093}
{"event": "a16_run_start", "pending_index": 36, "pending_total": 54, "instance_id": "CB1_CAUR_M_CF3_RI2_TI2_R12_C02", "seed": 746103, "budget_seconds": 232.0}
{"event": "a16_run_complete", "completed_runs": 36, "instance_id": "CB1_CAUR_M_CF3_RI2_TI2_R12_C02", "seed": 746103, "solver_budget_elapsed_seconds": 232.00584842200624, "budget_overshoot_seconds": 0.005848422006238252, "final_makespan": 2980.0, "rpd_v001_percent": 1.9849418206707734}
{"event": "a16_run_start", "pending_index": 37, "pending_total": 54, "instance_id": "CB1_CAUR_S_CF1_RI2_TI2_R12", "seed": 746101, "budget_seconds": 122.0}
{"event": "a16_run_complete", "completed_runs": 37, "instance_id": "CB1_CAUR_S_CF1_RI2_TI2_R12", "seed": 746101, "solver_budget_elapsed_seconds": 122.00216325401561, "budget_overshoot_seconds": 0.0021632540156133473, "final_makespan": 1607.0, "rpd_v001_percent": -2.310030395136778}
{"event": "a16_run_start", "pending_index": 38, "pending_total": 54, "instance_id": "CB1_CAUR_S_CF1_RI2_TI2_R12", "seed": 746102, "budget_seconds": 122.0}
{"event": "a16_run_complete", "completed_runs": 38, "instance_id": "CB1_CAUR_S_CF1_RI2_TI2_R12", "seed": 746102, "solver_budget_elapsed_seconds": 122.00245232298039, "budget_overshoot_seconds": 0.002452322980388999, "final_makespan": 1624.0, "rpd_v001_percent": -1.2765957446808511}
{"event": "a16_run_start", "pending_index": 39, "pending_total": 54, "instance_id": "CB1_CAUR_S_CF1_RI2_TI2_R12", "seed": 746103, "budget_seconds": 122.0}
{"event": "a16_run_complete", "completed_runs": 39, "instance_id": "CB1_CAUR_S_CF1_RI2_TI2_R12", "seed": 746103, "solver_budget_elapsed_seconds": 122.00141641701339, "budget_overshoot_seconds": 0.001416417013388127, "final_makespan": 1614.0, "rpd_v001_percent": -1.884498480243161}
{"event": "a16_run_start", "pending_index": 40, "pending_total": 54, "instance_id": "CB1_CAUR_S_CF1_RI2_TI2_R12_C02", "seed": 746101, "budget_seconds": 112.0}
{"event": "a16_run_complete", "completed_runs": 40, "instance_id": "CB1_CAUR_S_CF1_RI2_TI2_R12_C02", "seed": 746101, "solver_budget_elapsed_seconds": 112.00240488897543, "budget_overshoot_seconds": 0.0024048889754340053, "final_makespan": 1747.0, "rpd_v001_percent": -2.0190689848569825}
{"event": "a16_run_start", "pending_index": 41, "pending_total": 54, "instance_id": "CB1_CAUR_S_CF1_RI2_TI2_R12_C02", "seed": 746102, "budget_seconds": 112.0}
{"event": "a16_run_complete", "completed_runs": 41, "instance_id": "CB1_CAUR_S_CF1_RI2_TI2_R12_C02", "seed": 746102, "solver_budget_elapsed_seconds": 112.00203660596162, "budget_overshoot_seconds": 0.0020366059616208076, "final_makespan": 1811.0, "rpd_v001_percent": 1.5703869882220975}
{"event": "a16_run_start", "pending_index": 42, "pending_total": 54, "instance_id": "CB1_CAUR_S_CF1_RI2_TI2_R12_C02", "seed": 746103, "budget_seconds": 112.0}
{"event": "a16_run_complete", "completed_runs": 42, "instance_id": "CB1_CAUR_S_CF1_RI2_TI2_R12_C02", "seed": 746103, "solver_budget_elapsed_seconds": 112.00190090003889, "budget_overshoot_seconds": 0.0019009000388905406, "final_makespan": 1820.0, "rpd_v001_percent": 2.075154234436343}
{"event": "a16_run_start", "pending_index": 43, "pending_total": 54, "instance_id": "CB1_CAUR_S_CF2_RI2_TI2_R12", "seed": 746101, "budget_seconds": 120.0}
{"event": "a16_run_complete", "completed_runs": 43, "instance_id": "CB1_CAUR_S_CF2_RI2_TI2_R12", "seed": 746101, "solver_budget_elapsed_seconds": 120.00220539001748, "budget_overshoot_seconds": 0.002205390017479658, "final_makespan": 1626.0, "rpd_v001_percent": 2.392947103274559}
{"event": "a16_run_start", "pending_index": 44, "pending_total": 54, "instance_id": "CB1_CAUR_S_CF2_RI2_TI2_R12", "seed": 746102, "budget_seconds": 120.0}
{"event": "a16_run_complete", "completed_runs": 44, "instance_id": "CB1_CAUR_S_CF2_RI2_TI2_R12", "seed": 746102, "solver_budget_elapsed_seconds": 120.0014392430312, "budget_overshoot_seconds": 0.0014392430312000215, "final_makespan": 1558.0, "rpd_v001_percent": -1.8891687657430731}
{"event": "a16_run_start", "pending_index": 45, "pending_total": 54, "instance_id": "CB1_CAUR_S_CF2_RI2_TI2_R12", "seed": 746103, "budget_seconds": 120.0}
{"event": "a16_run_complete", "completed_runs": 45, "instance_id": "CB1_CAUR_S_CF2_RI2_TI2_R12", "seed": 746103, "solver_budget_elapsed_seconds": 120.00141267798608, "budget_overshoot_seconds": 0.0014126779860816896, "final_makespan": 1614.0, "rpd_v001_percent": 1.63727959697733}
{"event": "a16_run_start", "pending_index": 46, "pending_total": 54, "instance_id": "CB1_CAUR_S_CF2_RI2_TI2_R12_C02", "seed": 746101, "budget_seconds": 126.0}
{"event": "a16_run_complete", "completed_runs": 46, "instance_id": "CB1_CAUR_S_CF2_RI2_TI2_R12_C02", "seed": 746101, "solver_budget_elapsed_seconds": 126.0019544569659, "budget_overshoot_seconds": 0.001954456965904683, "final_makespan": 1874.0, "rpd_v001_percent": -0.5307855626326964}
{"event": "a16_run_start", "pending_index": 47, "pending_total": 54, "instance_id": "CB1_CAUR_S_CF2_RI2_TI2_R12_C02", "seed": 746102, "budget_seconds": 126.0}
{"event": "a16_run_complete", "completed_runs": 47, "instance_id": "CB1_CAUR_S_CF2_RI2_TI2_R12_C02", "seed": 746102, "solver_budget_elapsed_seconds": 126.00099469901761, "budget_overshoot_seconds": 0.000994699017610401, "final_makespan": 1855.0, "rpd_v001_percent": -1.5392781316348196}
{"event": "a16_run_start", "pending_index": 48, "pending_total": 54, "instance_id": "CB1_CAUR_S_CF2_RI2_TI2_R12_C02", "seed": 746103, "budget_seconds": 126.0}
{"event": "a16_run_complete", "completed_runs": 48, "instance_id": "CB1_CAUR_S_CF2_RI2_TI2_R12_C02", "seed": 746103, "solver_budget_elapsed_seconds": 126.0011215370032, "budget_overshoot_seconds": 0.0011215370032005012, "final_makespan": 1827.0, "rpd_v001_percent": -3.0254777070063694}
{"event": "a16_run_start", "pending_index": 49, "pending_total": 54, "instance_id": "CB1_CAUR_S_CF3_RI2_TI2_R12", "seed": 746101, "budget_seconds": 122.0}
{"event": "a16_run_complete", "completed_runs": 49, "instance_id": "CB1_CAUR_S_CF3_RI2_TI2_R12", "seed": 746101, "solver_budget_elapsed_seconds": 122.00113673100714, "budget_overshoot_seconds": 0.0011367310071364045, "final_makespan": 1750.0, "rpd_v001_percent": 5.740181268882175}
{"event": "a16_run_start", "pending_index": 50, "pending_total": 54, "instance_id": "CB1_CAUR_S_CF3_RI2_TI2_R12", "seed": 746102, "budget_seconds": 122.0}
{"event": "a16_run_complete", "completed_runs": 50, "instance_id": "CB1_CAUR_S_CF3_RI2_TI2_R12", "seed": 746102, "solver_budget_elapsed_seconds": 122.00291355705122, "budget_overshoot_seconds": 0.002913557051215321, "final_makespan": 1710.0, "rpd_v001_percent": 3.323262839879154}
{"event": "a16_run_start", "pending_index": 51, "pending_total": 54, "instance_id": "CB1_CAUR_S_CF3_RI2_TI2_R12", "seed": 746103, "budget_seconds": 122.0}
{"event": "a16_run_complete", "completed_runs": 51, "instance_id": "CB1_CAUR_S_CF3_RI2_TI2_R12", "seed": 746103, "solver_budget_elapsed_seconds": 122.0019511479768, "budget_overshoot_seconds": 0.001951147976797074, "final_makespan": 1718.0, "rpd_v001_percent": 3.806646525679758}
{"event": "a16_run_start", "pending_index": 52, "pending_total": 54, "instance_id": "CB1_CAUR_S_CF3_RI2_TI2_R12_C02", "seed": 746101, "budget_seconds": 126.0}
{"event": "a16_run_complete", "completed_runs": 52, "instance_id": "CB1_CAUR_S_CF3_RI2_TI2_R12_C02", "seed": 746101, "solver_budget_elapsed_seconds": 126.00114813097753, "budget_overshoot_seconds": 0.001148130977526307, "final_makespan": 1752.0, "rpd_v001_percent": 1.3302486986697513}
{"event": "a16_run_start", "pending_index": 53, "pending_total": 54, "instance_id": "CB1_CAUR_S_CF3_RI2_TI2_R12_C02", "seed": 746102, "budget_seconds": 126.0}
{"event": "a16_run_complete", "completed_runs": 53, "instance_id": "CB1_CAUR_S_CF3_RI2_TI2_R12_C02", "seed": 746102, "solver_budget_elapsed_seconds": 126.00286780297756, "budget_overshoot_seconds": 0.0028678029775619507, "final_makespan": 1674.0, "rpd_v001_percent": -3.1810294968189705}
{"event": "a16_run_start", "pending_index": 54, "pending_total": 54, "instance_id": "CB1_CAUR_S_CF3_RI2_TI2_R12_C02", "seed": 746103, "budget_seconds": 126.0}
{"event": "a16_run_complete", "completed_runs": 54, "instance_id": "CB1_CAUR_S_CF3_RI2_TI2_R12_C02", "seed": 746103, "solver_budget_elapsed_seconds": 126.00277376698796, "budget_overshoot_seconds": 0.0027737669879570603, "final_makespan": 1713.0, "rpd_v001_percent": -0.9253903990746096}
{"event": "a16_formal_raw_complete", "completed_runs": 54, "protocol_sha256": "0b9e7d97440f0d24b84390b4c1aca8bf85f25d4ae76e84ec54f77e92c38d1d37"}
