{"event": "ablation_run_started", "variant": "C1", "instance_id": "CB1_CAUR_S_CF1_RI2_TI2_R12", "seed": 746101, "time_limit_seconds": 30.5, "completed": 0, "expected": 18}
{"event": "ablation_run_completed", "variant": "C1", "instance_id": "CB1_CAUR_S_CF1_RI2_TI2_R12", "seed": 746101, "best_makespan": 1672.0, "iterations": 1398, "completed": 1}
{"event": "ablation_run_started", "variant": "R1", "instance_id": "CB1_CAUR_S_CF1_RI2_TI2_R12", "seed": 746101, "time_limit_seconds": 30.5, "completed": 1, "expected": 18}
{"event": "ablation_run_completed", "variant": "R1", "instance_id": "CB1_CAUR_S_CF1_RI2_TI2_R12", "seed": 746101, "best_makespan": 1651.0, "iterations": 1277, "completed": 2}
{"event": "ablation_run_started", "variant": "C1", "instance_id": "CB1_CAUR_M_CF2_RI2_TI2_R12_C02", "seed": 746101, "time_limit_seconds": 63.5, "completed": 2, "expected": 18}
{"event": "ablation_run_completed", "variant": "C1", "instance_id": "CB1_CAUR_M_CF2_RI2_TI2_R12_C02", "seed": 746101, "best_makespan": 3654.0, "iterations": 963, "completed": 3}
{"event": "ablation_run_started", "variant": "R1", "instance_id": "CB1_CAUR_M_CF2_RI2_TI2_R12_C02", "seed": 746101, "time_limit_seconds": 63.5, "completed": 3, "expected": 18}
{"event": "ablation_run_completed", "variant": "R1", "instance_id": "CB1_CAUR_M_CF2_RI2_TI2_R12_C02", "seed": 746101, "best_makespan": 3779.0, "iterations": 900, "completed": 4}
{"event": "ablation_run_started", "variant": "C1", "instance_id": "CB1_CAUR_L_CF3_RI2_TI2_R12", "seed": 746101, "time_limit_seconds": 91.5, "completed": 4, "expected": 18}
{"event": "ablation_run_completed", "variant": "C1", "instance_id": "CB1_CAUR_L_CF3_RI2_TI2_R12", "seed": 746101, "best_makespan": 4212.0, "iterations": 743, "completed": 5}
{"event": "ablation_run_started", "variant": "R1", "instance_id": "CB1_CAUR_L_CF3_RI2_TI2_R12", "seed": 746101, "time_limit_seconds": 91.5, "completed": 5, "expected": 18}
{"event": "ablation_run_completed", "variant": "R1", "instance_id": "CB1_CAUR_L_CF3_RI2_TI2_R12", "seed": 746101, "best_makespan": 4211.0, "iterations": 720, "completed": 6}
{"event": "ablation_run_started", "variant": "C1", "instance_id": "CB1_CAUR_S_CF1_RI2_TI2_R12", "seed": 746102, "time_limit_seconds": 30.5, "completed": 6, "expected": 18}
{"event": "ablation_run_completed", "variant": "C1", "instance_id": "CB1_CAUR_S_CF1_RI2_TI2_R12", "seed": 746102, "best_makespan": 1710.0, "iterations": 1371, "completed": 7}
{"event": "ablation_run_started", "variant": "R1", "instance_id": "CB1_CAUR_S_CF1_RI2_TI2_R12", "seed": 746102, "time_limit_seconds": 30.5, "completed": 7, "expected": 18}
{"event": "ablation_run_completed", "variant": "R1", "instance_id": "CB1_CAUR_S_CF1_RI2_TI2_R12", "seed": 746102, "best_makespan": 1685.0, "iterations": 1280, "completed": 8}
{"event": "ablation_run_started", "variant": "C1", "instance_id": "CB1_CAUR_M_CF2_RI2_TI2_R12_C02", "seed": 746102, "time_limit_seconds": 63.5, "completed": 8, "expected": 18}
{"event": "ablation_run_completed", "variant": "C1", "instance_id": "CB1_CAUR_M_CF2_RI2_TI2_R12_C02", "seed": 746102, "best_makespan": 3761.0, "iterations": 959, "completed": 9}
{"event": "ablation_run_started", "variant": "R1", "instance_id": "CB1_CAUR_M_CF2_RI2_TI2_R12_C02", "seed": 746102, "time_limit_seconds": 63.5, "completed": 9, "expected": 18}
{"event": "ablation_run_completed", "variant": "R1", "instance_id": "CB1_CAUR_M_CF2_RI2_TI2_R12_C02", "seed": 746102, "best_makespan": 3752.0, "iterations": 942, "completed": 10}
{"event": "ablation_run_started", "variant": "C1", "instance_id": "CB1_CAUR_L_CF3_RI2_TI2_R12", "seed": 746102, "time_limit_seconds": 91.5, "completed": 10, "expected": 18}
{"event": "ablation_run_completed", "variant": "C1", "instance_id": "CB1_CAUR_L_CF3_RI2_TI2_R12", "seed": 746102, "best_makespan": 4357.0, "iterations": 744, "completed": 11}
{"event": "ablation_run_started", "variant": "R1", "instance_id": "CB1_CAUR_L_CF3_RI2_TI2_R12", "seed": 746102, "time_limit_seconds": 91.5, "completed": 11, "expected": 18}
{"event": "ablation_run_completed", "variant": "R1", "instance_id": "CB1_CAUR_L_CF3_RI2_TI2_R12", "seed": 746102, "best_makespan": 4261.0, "iterations": 736, "completed": 12}
{"event": "ablation_run_started", "variant": "C1", "instance_id": "CB1_CAUR_S_CF1_RI2_TI2_R12", "seed": 746103, "time_limit_seconds": 30.5, "completed": 12, "expected": 18}
{"event": "ablation_run_completed", "variant": "C1", "instance_id": "CB1_CAUR_S_CF1_RI2_TI2_R12", "seed": 746103, "best_makespan": 1613.0, "iterations": 1368, "completed": 13}
{"event": "ablation_run_started", "variant": "R1", "instance_id": "CB1_CAUR_S_CF1_RI2_TI2_R12", "seed": 746103, "time_limit_seconds": 30.5, "completed": 13, "expected": 18}
{"event": "ablation_run_completed", "variant": "R1", "instance_id": "CB1_CAUR_S_CF1_RI2_TI2_R12", "seed": 746103, "best_makespan": 1661.0, "iterations": 1266, "completed": 14}
{"event": "ablation_run_started", "variant": "C1", "instance_id": "CB1_CAUR_M_CF2_RI2_TI2_R12_C02", "seed": 746103, "time_limit_seconds": 63.5, "completed": 14, "expected": 18}
{"event": "ablation_run_completed", "variant": "C1", "instance_id": "CB1_CAUR_M_CF2_RI2_TI2_R12_C02", "seed": 746103, "best_makespan": 3785.0, "iterations": 947, "completed": 15}
{"event": "ablation_run_started", "variant": "R1", "instance_id": "CB1_CAUR_M_CF2_RI2_TI2_R12_C02", "seed": 746103, "time_limit_seconds": 63.5, "completed": 15, "expected": 18}
{"event": "ablation_run_completed", "variant": "R1", "instance_id": "CB1_CAUR_M_CF2_RI2_TI2_R12_C02", "seed": 746103, "best_makespan": 3765.0, "iterations": 924, "completed": 16}
{"event": "ablation_run_started", "variant": "C1", "instance_id": "CB1_CAUR_L_CF3_RI2_TI2_R12", "seed": 746103, "time_limit_seconds": 91.5, "completed": 16, "expected": 18}
{"event": "ablation_run_completed", "variant": "C1", "instance_id": "CB1_CAUR_L_CF3_RI2_TI2_R12", "seed": 746103, "best_makespan": 4377.0, "iterations": 744, "completed": 17}
{"event": "ablation_run_started", "variant": "R1", "instance_id": "CB1_CAUR_L_CF3_RI2_TI2_R12", "seed": 746103, "time_limit_seconds": 91.5, "completed": 17, "expected": 18}
{"event": "ablation_run_completed", "variant": "R1", "instance_id": "CB1_CAUR_L_CF3_RI2_TI2_R12", "seed": 746103, "best_makespan": 4376.0, "iterations": 720, "completed": 18}
{"event": "c1_r1_ablation_complete", "schema": "ngas-a14-c1-r1-decision-v1", "decision": "NGAS_A1_4_REPRESENTATION_ABLATION_COMPLETE_PENDING_AUDIT", "selected_mechanism": "PERSISTENT_FIXED_REFRESH", "production_variant": "C1", "R1_role": "EXPLANATORY_ONLY", "next_gate": "A1_4_COMPLETION_AUDIT", "protocol_sha256": "1bbe5f9c6b26e4d54090eb1d9fd4d5af4f493a2ed4376311f25b94deb11c0325", "R13": "LOCKED", "R14": "LOCKED", "gurobi_run": false}
