{"event": "a16r_formal_start", "pending_runs": 54, "completed_runs": 0, "nominal_pending_budget_seconds": 12960.0, "model_load_seconds_outside_run_budget": 0.0071427979855798185, "protocol_sha256": "b9e9f422acafeb73b03add523d2986086606cf70838936dc1d51c5de6ee5c8de"}
{"event": "a16r_run_start", "pending_index": 1, "pending_total": 54, "instance_id": "CB1_CAUR_L_CF1_RI2_TI2_R12", "seed": 746101, "budget_seconds": 332.0}
{"event": "a16r_run_complete", "completed_runs": 1, "instance_id": "CB1_CAUR_L_CF1_RI2_TI2_R12", "seed": 746101, "solver_budget_elapsed_seconds": 332.01021115196636, "budget_overshoot_seconds": 0.010211151966359466, "final_makespan": 3229.0, "rpd_v001_percent": -6.487112655661743}
{"event": "a16r_run_start", "pending_index": 2, "pending_total": 54, "instance_id": "CB1_CAUR_L_CF1_RI2_TI2_R12", "seed": 746102, "budget_seconds": 332.0}
{"event": "a16r_run_complete", "completed_runs": 2, "instance_id": "CB1_CAUR_L_CF1_RI2_TI2_R12", "seed": 746102, "solver_budget_elapsed_seconds": 332.0057563149603, "budget_overshoot_seconds": 0.005756314960308373, "final_makespan": 3409.0, "rpd_v001_percent": -1.2742542716478424}
{"event": "a16r_run_start", "pending_index": 3, "pending_total": 54, "instance_id": "CB1_CAUR_L_CF1_RI2_TI2_R12", "seed": 746103, "budget_seconds": 332.0}
{"event": "a16r_run_complete", "completed_runs": 3, "instance_id": "CB1_CAUR_L_CF1_RI2_TI2_R12", "seed": 746103, "solver_budget_elapsed_seconds": 332.00152860599337, "budget_overshoot_seconds": 0.0015286059933714569, "final_makespan": 3386.0, "rpd_v001_percent": -1.9403417318273966}
{"event": "a16r_run_start", "pending_index": 4, "pending_total": 54, "instance_id": "CB1_CAUR_L_CF1_RI2_TI2_R12_C02", "seed": 746101, "budget_seconds": 344.0}
{"event": "a16r_run_complete", "completed_runs": 4, "instance_id": "CB1_CAUR_L_CF1_RI2_TI2_R12_C02", "seed": 746101, "solver_budget_elapsed_seconds": 344.00955801201053, "budget_overshoot_seconds": 0.009558012010529637, "final_makespan": 3727.0, "rpd_v001_percent": 0.4582210242587601}
{"event": "a16r_run_start", "pending_index": 5, "pending_total": 54, "instance_id": "CB1_CAUR_L_CF1_RI2_TI2_R12_C02", "seed": 746102, "budget_seconds": 344.0}
{"event": "a16r_run_complete", "completed_runs": 5, "instance_id": "CB1_CAUR_L_CF1_RI2_TI2_R12_C02", "seed": 746102, "solver_budget_elapsed_seconds": 344.00459728302667, "budget_overshoot_seconds": 0.004597283026669174, "final_makespan": 3757.0, "rpd_v001_percent": 1.266846361185984}
{"event": "a16r_run_start", "pending_index": 6, "pending_total": 54, "instance_id": "CB1_CAUR_L_CF1_RI2_TI2_R12_C02", "seed": 746103, "budget_seconds": 344.0}
{"event": "a16r_run_complete", "completed_runs": 6, "instance_id": "CB1_CAUR_L_CF1_RI2_TI2_R12_C02", "seed": 746103, "solver_budget_elapsed_seconds": 344.0007570339949, "budget_overshoot_seconds": 0.0007570339948870242, "final_makespan": 3653.0, "rpd_v001_percent": -1.536388140161725}
{"event": "a16r_run_start", "pending_index": 7, "pending_total": 54, "instance_id": "CB1_CAUR_L_CF2_RI2_TI2_R12", "seed": 746101, "budget_seconds": 376.0}
{"event": "a16r_run_complete", "completed_runs": 7, "instance_id": "CB1_CAUR_L_CF2_RI2_TI2_R12", "seed": 746101, "solver_budget_elapsed_seconds": 376.00634027196793, "budget_overshoot_seconds": 0.006340271967928857, "final_makespan": 4411.0, "rpd_v001_percent": 5.880940950552088}
{"event": "a16r_run_start", "pending_index": 8, "pending_total": 54, "instance_id": "CB1_CAUR_L_CF2_RI2_TI2_R12", "seed": 746102, "budget_seconds": 376.0}
{"event": "a16r_run_complete", "completed_runs": 8, "instance_id": "CB1_CAUR_L_CF2_RI2_TI2_R12", "seed": 746102, "solver_budget_elapsed_seconds": 376.0045919220429, "budget_overshoot_seconds": 0.004591922042891383, "final_makespan": 4401.0, "rpd_v001_percent": 5.640902544407105}
{"event": "a16r_run_start", "pending_index": 9, "pending_total": 54, "instance_id": "CB1_CAUR_L_CF2_RI2_TI2_R12", "seed": 746103, "budget_seconds": 376.0}
{"event": "a16r_run_complete", "completed_runs": 9, "instance_id": "CB1_CAUR_L_CF2_RI2_TI2_R12", "seed": 746103, "solver_budget_elapsed_seconds": 376.01487935404293, "budget_overshoot_seconds": 0.014879354042932391, "final_makespan": 4245.0, "rpd_v001_percent": 1.8963034085453672}
{"event": "a16r_run_start", "pending_index": 10, "pending_total": 54, "instance_id": "CB1_CAUR_L_CF2_RI2_TI2_R12_C02", "seed": 746101, "budget_seconds": 388.0}
{"event": "a16r_run_complete", "completed_runs": 10, "instance_id": "CB1_CAUR_L_CF2_RI2_TI2_R12_C02", "seed": 746101, "solver_budget_elapsed_seconds": 388.0082802280085, "budget_overshoot_seconds": 0.008280228008516133, "final_makespan": 4155.0, "rpd_v001_percent": 5.003790750568613}
{"event": "a16r_run_start", "pending_index": 11, "pending_total": 54, "instance_id": "CB1_CAUR_L_CF2_RI2_TI2_R12_C02", "seed": 746102, "budget_seconds": 388.0}
{"event": "a16r_run_complete", "completed_runs": 11, "instance_id": "CB1_CAUR_L_CF2_RI2_TI2_R12_C02", "seed": 746102, "solver_budget_elapsed_seconds": 388.01362057501683, "budget_overshoot_seconds": 0.013620575016830117, "final_makespan": 4203.0, "rpd_v001_percent": 6.21683093252464}
{"event": "a16r_run_start", "pending_index": 12, "pending_total": 54, "instance_id": "CB1_CAUR_L_CF2_RI2_TI2_R12_C02", "seed": 746103, "budget_seconds": 388.0}
{"event": "a16r_run_complete", "completed_runs": 12, "instance_id": "CB1_CAUR_L_CF2_RI2_TI2_R12_C02", "seed": 746103, "solver_budget_elapsed_seconds": 388.00405008898815, "budget_overshoot_seconds": 0.004050088988151401, "final_makespan": 4203.0, "rpd_v001_percent": 6.21683093252464}
{"event": "a16r_run_start", "pending_index": 13, "pending_total": 54, "instance_id": "CB1_CAUR_L_CF3_RI2_TI2_R12", "seed": 746101, "budget_seconds": 366.0}
{"event": "a16r_run_complete", "completed_runs": 13, "instance_id": "CB1_CAUR_L_CF3_RI2_TI2_R12", "seed": 746101, "solver_budget_elapsed_seconds": 366.0126689200406, "budget_overshoot_seconds": 0.012668920040596277, "final_makespan": 4157.0, "rpd_v001_percent": 0.28950542822677927}
{"event": "a16r_run_start", "pending_index": 14, "pending_total": 54, "instance_id": "CB1_CAUR_L_CF3_RI2_TI2_R12", "seed": 746102, "budget_seconds": 366.0}
{"event": "a16r_run_complete", "completed_runs": 14, "instance_id": "CB1_CAUR_L_CF3_RI2_TI2_R12", "seed": 746102, "solver_budget_elapsed_seconds": 366.00431805697735, "budget_overshoot_seconds": 0.00431805697735399, "final_makespan": 4185.0, "rpd_v001_percent": 0.9650180940892642}
{"event": "a16r_run_start", "pending_index": 15, "pending_total": 54, "instance_id": "CB1_CAUR_L_CF3_RI2_TI2_R12", "seed": 746103, "budget_seconds": 366.0}
{"event": "a16r_run_complete", "completed_runs": 15, "instance_id": "CB1_CAUR_L_CF3_RI2_TI2_R12", "seed": 746103, "solver_budget_elapsed_seconds": 366.02242125198245, "budget_overshoot_seconds": 0.022421251982450485, "final_makespan": 4244.0, "rpd_v001_percent": 2.388419782870929}
{"event": "a16r_run_start", "pending_index": 16, "pending_total": 54, "instance_id": "CB1_CAUR_L_CF3_RI2_TI2_R12_C02", "seed": 746101, "budget_seconds": 358.0}
{"event": "a16r_run_complete", "completed_runs": 16, "instance_id": "CB1_CAUR_L_CF3_RI2_TI2_R12_C02", "seed": 746101, "solver_budget_elapsed_seconds": 358.0014206650085, "budget_overshoot_seconds": 0.001420665008481592, "final_makespan": 3469.0, "rpd_v001_percent": 9.08805031446541}
{"event": "a16r_run_start", "pending_index": 17, "pending_total": 54, "instance_id": "CB1_CAUR_L_CF3_RI2_TI2_R12_C02", "seed": 746102, "budget_seconds": 358.0}
{"event": "a16r_run_complete", "completed_runs": 17, "instance_id": "CB1_CAUR_L_CF3_RI2_TI2_R12_C02", "seed": 746102, "solver_budget_elapsed_seconds": 358.0071872420376, "budget_overshoot_seconds": 0.00718724203761667, "final_makespan": 3404.0, "rpd_v001_percent": 7.044025157232705}
{"event": "a16r_run_start", "pending_index": 18, "pending_total": 54, "instance_id": "CB1_CAUR_L_CF3_RI2_TI2_R12_C02", "seed": 746103, "budget_seconds": 358.0}
{"event": "a16r_run_complete", "completed_runs": 18, "instance_id": "CB1_CAUR_L_CF3_RI2_TI2_R12_C02", "seed": 746103, "solver_budget_elapsed_seconds": 358.0098351960187, "budget_overshoot_seconds": 0.009835196018684655, "final_makespan": 3469.0, "rpd_v001_percent": 9.08805031446541}
{"event": "a16r_run_start", "pending_index": 19, "pending_total": 54, "instance_id": "CB1_CAUR_M_CF1_RI2_TI2_R12", "seed": 746101, "budget_seconds": 228.0}
{"event": "a16r_run_complete", "completed_runs": 19, "instance_id": "CB1_CAUR_M_CF1_RI2_TI2_R12", "seed": 746101, "solver_budget_elapsed_seconds": 228.00150299299276, "budget_overshoot_seconds": 0.0015029929927550256, "final_makespan": 2791.0, "rpd_v001_percent": 1.7499088589135983}
{"event": "a16r_run_start", "pending_index": 20, "pending_total": 54, "instance_id": "CB1_CAUR_M_CF1_RI2_TI2_R12", "seed": 746102, "budget_seconds": 228.0}
{"event": "a16r_run_complete", "completed_runs": 20, "instance_id": "CB1_CAUR_M_CF1_RI2_TI2_R12", "seed": 746102, "solver_budget_elapsed_seconds": 228.00694659998408, "budget_overshoot_seconds": 0.006946599984075874, "final_makespan": 2682.0, "rpd_v001_percent": -2.2238425082026976}
{"event": "a16r_run_start", "pending_index": 21, "pending_total": 54, "instance_id": "CB1_CAUR_M_CF1_RI2_TI2_R12", "seed": 746103, "budget_seconds": 228.0}
{"event": "a16r_run_complete", "completed_runs": 21, "instance_id": "CB1_CAUR_M_CF1_RI2_TI2_R12", "seed": 746103, "solver_budget_elapsed_seconds": 228.004686278, "budget_overshoot_seconds": 0.004686278000008315, "final_makespan": 2587.0, "rpd_v001_percent": -5.687203791469194}
{"event": "a16r_run_start", "pending_index": 22, "pending_total": 54, "instance_id": "CB1_CAUR_M_CF1_RI2_TI2_R12_C02", "seed": 746101, "budget_seconds": 234.0}
{"event": "a16r_run_complete", "completed_runs": 22, "instance_id": "CB1_CAUR_M_CF1_RI2_TI2_R12_C02", "seed": 746101, "solver_budget_elapsed_seconds": 234.00276088400278, "budget_overshoot_seconds": 0.0027608840027824044, "final_makespan": 2731.0, "rpd_v001_percent": -1.479076479076479}
{"event": "a16r_run_start", "pending_index": 23, "pending_total": 54, "instance_id": "CB1_CAUR_M_CF1_RI2_TI2_R12_C02", "seed": 746102, "budget_seconds": 234.0}
{"event": "a16r_run_complete", "completed_runs": 23, "instance_id": "CB1_CAUR_M_CF1_RI2_TI2_R12_C02", "seed": 746102, "solver_budget_elapsed_seconds": 234.00612360896775, "budget_overshoot_seconds": 0.00612360896775499, "final_makespan": 2802.0, "rpd_v001_percent": 1.0822510822510822}
{"event": "a16r_run_start", "pending_index": 24, "pending_total": 54, "instance_id": "CB1_CAUR_M_CF1_RI2_TI2_R12_C02", "seed": 746103, "budget_seconds": 234.0}
{"event": "a16r_run_complete", "completed_runs": 24, "instance_id": "CB1_CAUR_M_CF1_RI2_TI2_R12_C02", "seed": 746103, "solver_budget_elapsed_seconds": 234.00682065304136, "budget_overshoot_seconds": 0.006820653041359037, "final_makespan": 2723.0, "rpd_v001_percent": -1.7676767676767677}
{"event": "a16r_run_start", "pending_index": 25, "pending_total": 54, "instance_id": "CB1_CAUR_M_CF2_RI2_TI2_R12", "seed": 746101, "budget_seconds": 244.0}
{"event": "a16r_run_complete", "completed_runs": 25, "instance_id": "CB1_CAUR_M_CF2_RI2_TI2_R12", "seed": 746101, "solver_budget_elapsed_seconds": 244.00498889497248, "budget_overshoot_seconds": 0.004988894972484559, "final_makespan": 2874.0, "rpd_v001_percent": 3.3069734004313442}
{"event": "a16r_run_start", "pending_index": 26, "pending_total": 54, "instance_id": "CB1_CAUR_M_CF2_RI2_TI2_R12", "seed": 746102, "budget_seconds": 244.0}
{"event": "a16r_run_complete", "completed_runs": 26, "instance_id": "CB1_CAUR_M_CF2_RI2_TI2_R12", "seed": 746102, "solver_budget_elapsed_seconds": 244.00226215895964, "budget_overshoot_seconds": 0.0022621589596383274, "final_makespan": 2935.0, "rpd_v001_percent": 5.499640546369518}
{"event": "a16r_run_start", "pending_index": 27, "pending_total": 54, "instance_id": "CB1_CAUR_M_CF2_RI2_TI2_R12", "seed": 746103, "budget_seconds": 244.0}
{"event": "a16r_run_complete", "completed_runs": 27, "instance_id": "CB1_CAUR_M_CF2_RI2_TI2_R12", "seed": 746103, "solver_budget_elapsed_seconds": 244.00378799199825, "budget_overshoot_seconds": 0.0037879919982515275, "final_makespan": 2854.0, "rpd_v001_percent": 2.5880661394680087}
{"event": "a16r_run_start", "pending_index": 28, "pending_total": 54, "instance_id": "CB1_CAUR_M_CF2_RI2_TI2_R12_C02", "seed": 746101, "budget_seconds": 254.0}
{"event": "a16r_run_complete", "completed_runs": 28, "instance_id": "CB1_CAUR_M_CF2_RI2_TI2_R12_C02", "seed": 746101, "solver_budget_elapsed_seconds": 254.00640536600258, "budget_overshoot_seconds": 0.006405366002582014, "final_makespan": 3666.0, "rpd_v001_percent": 0.21869874248223073}
{"event": "a16r_run_start", "pending_index": 29, "pending_total": 54, "instance_id": "CB1_CAUR_M_CF2_RI2_TI2_R12_C02", "seed": 746102, "budget_seconds": 254.0}
{"event": "a16r_run_complete", "completed_runs": 29, "instance_id": "CB1_CAUR_M_CF2_RI2_TI2_R12_C02", "seed": 746102, "solver_budget_elapsed_seconds": 254.0073301460361, "budget_overshoot_seconds": 0.007330146036110818, "final_makespan": 3651.0, "rpd_v001_percent": -0.1913613996719519}
{"event": "a16r_run_start", "pending_index": 30, "pending_total": 54, "instance_id": "CB1_CAUR_M_CF2_RI2_TI2_R12_C02", "seed": 746103, "budget_seconds": 254.0}
{"event": "a16r_run_complete", "completed_runs": 30, "instance_id": "CB1_CAUR_M_CF2_RI2_TI2_R12_C02", "seed": 746103, "solver_budget_elapsed_seconds": 254.00627662299667, "budget_overshoot_seconds": 0.006276622996665537, "final_makespan": 3684.0, "rpd_v001_percent": 0.7107709130672498}
{"event": "a16r_run_start", "pending_index": 31, "pending_total": 54, "instance_id": "CB1_CAUR_M_CF3_RI2_TI2_R12", "seed": 746101, "budget_seconds": 236.0}
{"event": "a16r_run_complete", "completed_runs": 31, "instance_id": "CB1_CAUR_M_CF3_RI2_TI2_R12", "seed": 746101, "solver_budget_elapsed_seconds": 236.00204821495572, "budget_overshoot_seconds": 0.0020482149557210505, "final_makespan": 2795.0, "rpd_v001_percent": 5.911330049261084}
{"event": "a16r_run_start", "pending_index": 32, "pending_total": 54, "instance_id": "CB1_CAUR_M_CF3_RI2_TI2_R12", "seed": 746102, "budget_seconds": 236.0}
{"event": "a16r_run_complete", "completed_runs": 32, "instance_id": "CB1_CAUR_M_CF3_RI2_TI2_R12", "seed": 746102, "solver_budget_elapsed_seconds": 236.00260979600716, "budget_overshoot_seconds": 0.0026097960071638227, "final_makespan": 2748.0, "rpd_v001_percent": 4.130352406214475}
{"event": "a16r_run_start", "pending_index": 33, "pending_total": 54, "instance_id": "CB1_CAUR_M_CF3_RI2_TI2_R12", "seed": 746103, "budget_seconds": 236.0}
{"event": "a16r_run_complete", "completed_runs": 33, "instance_id": "CB1_CAUR_M_CF3_RI2_TI2_R12", "seed": 746103, "solver_budget_elapsed_seconds": 236.0028896179865, "budget_overshoot_seconds": 0.002889617986511439, "final_makespan": 2702.0, "rpd_v001_percent": 2.387267904509284}
{"event": "a16r_run_start", "pending_index": 34, "pending_total": 54, "instance_id": "CB1_CAUR_M_CF3_RI2_TI2_R12_C02", "seed": 746101, "budget_seconds": 232.0}
{"event": "a16r_run_complete", "completed_runs": 34, "instance_id": "CB1_CAUR_M_CF3_RI2_TI2_R12_C02", "seed": 746101, "solver_budget_elapsed_seconds": 232.00775341398548, "budget_overshoot_seconds": 0.007753413985483348, "final_makespan": 3033.0, "rpd_v001_percent": 3.7987679671457903}
{"event": "a16r_run_start", "pending_index": 35, "pending_total": 54, "instance_id": "CB1_CAUR_M_CF3_RI2_TI2_R12_C02", "seed": 746102, "budget_seconds": 232.0}
{"event": "a16r_run_complete", "completed_runs": 35, "instance_id": "CB1_CAUR_M_CF3_RI2_TI2_R12_C02", "seed": 746102, "solver_budget_elapsed_seconds": 232.00473205198068, "budget_overshoot_seconds": 0.004732051980681717, "final_makespan": 3035.0, "rpd_v001_percent": 3.867214236824093}
{"event": "a16r_run_start", "pending_index": 36, "pending_total": 54, "instance_id": "CB1_CAUR_M_CF3_RI2_TI2_R12_C02", "seed": 746103, "budget_seconds": 232.0}
{"event": "a16r_run_complete", "completed_runs": 36, "instance_id": "CB1_CAUR_M_CF3_RI2_TI2_R12_C02", "seed": 746103, "solver_budget_elapsed_seconds": 232.0043847130146, "budget_overshoot_seconds": 0.00438471301458776, "final_makespan": 2980.0, "rpd_v001_percent": 1.9849418206707734}
{"event": "a16r_run_start", "pending_index": 37, "pending_total": 54, "instance_id": "CB1_CAUR_S_CF1_RI2_TI2_R12", "seed": 746101, "budget_seconds": 122.0}
{"event": "a16r_run_complete", "completed_runs": 37, "instance_id": "CB1_CAUR_S_CF1_RI2_TI2_R12", "seed": 746101, "solver_budget_elapsed_seconds": 122.0028817410348, "budget_overshoot_seconds": 0.002881741034798324, "final_makespan": 1607.0, "rpd_v001_percent": -2.310030395136778}
{"event": "a16r_run_start", "pending_index": 38, "pending_total": 54, "instance_id": "CB1_CAUR_S_CF1_RI2_TI2_R12", "seed": 746102, "budget_seconds": 122.0}
{"event": "a16r_run_complete", "completed_runs": 38, "instance_id": "CB1_CAUR_S_CF1_RI2_TI2_R12", "seed": 746102, "solver_budget_elapsed_seconds": 122.05835790600395, "budget_overshoot_seconds": 0.0583579060039483, "final_makespan": 1624.0, "rpd_v001_percent": -1.2765957446808511}
{"event": "a16r_run_start", "pending_index": 39, "pending_total": 54, "instance_id": "CB1_CAUR_S_CF1_RI2_TI2_R12", "seed": 746103, "budget_seconds": 122.0}
{"event": "a16r_run_complete", "completed_runs": 39, "instance_id": "CB1_CAUR_S_CF1_RI2_TI2_R12", "seed": 746103, "solver_budget_elapsed_seconds": 122.00143527198816, "budget_overshoot_seconds": 0.001435271988157183, "final_makespan": 1614.0, "rpd_v001_percent": -1.884498480243161}
{"event": "a16r_run_start", "pending_index": 40, "pending_total": 54, "instance_id": "CB1_CAUR_S_CF1_RI2_TI2_R12_C02", "seed": 746101, "budget_seconds": 112.0}
{"event": "a16r_run_complete", "completed_runs": 40, "instance_id": "CB1_CAUR_S_CF1_RI2_TI2_R12_C02", "seed": 746101, "solver_budget_elapsed_seconds": 112.00279485702049, "budget_overshoot_seconds": 0.0027948570204898715, "final_makespan": 1747.0, "rpd_v001_percent": -2.0190689848569825}
{"event": "a16r_run_start", "pending_index": 41, "pending_total": 54, "instance_id": "CB1_CAUR_S_CF1_RI2_TI2_R12_C02", "seed": 746102, "budget_seconds": 112.0}
{"event": "a16r_run_complete", "completed_runs": 41, "instance_id": "CB1_CAUR_S_CF1_RI2_TI2_R12_C02", "seed": 746102, "solver_budget_elapsed_seconds": 112.00282282399712, "budget_overshoot_seconds": 0.0028228239971213043, "final_makespan": 1811.0, "rpd_v001_percent": 1.5703869882220975}
{"event": "a16r_run_start", "pending_index": 42, "pending_total": 54, "instance_id": "CB1_CAUR_S_CF1_RI2_TI2_R12_C02", "seed": 746103, "budget_seconds": 112.0}
{"event": "a16r_run_complete", "completed_runs": 42, "instance_id": "CB1_CAUR_S_CF1_RI2_TI2_R12_C02", "seed": 746103, "solver_budget_elapsed_seconds": 112.00278144801268, "budget_overshoot_seconds": 0.0027814480126835406, "final_makespan": 1820.0, "rpd_v001_percent": 2.075154234436343}
{"event": "a16r_run_start", "pending_index": 43, "pending_total": 54, "instance_id": "CB1_CAUR_S_CF2_RI2_TI2_R12", "seed": 746101, "budget_seconds": 120.0}
{"event": "a16r_run_complete", "completed_runs": 43, "instance_id": "CB1_CAUR_S_CF2_RI2_TI2_R12", "seed": 746101, "solver_budget_elapsed_seconds": 120.00192510301713, "budget_overshoot_seconds": 0.001925103017129004, "final_makespan": 1626.0, "rpd_v001_percent": 2.392947103274559}
{"event": "a16r_run_start", "pending_index": 44, "pending_total": 54, "instance_id": "CB1_CAUR_S_CF2_RI2_TI2_R12", "seed": 746102, "budget_seconds": 120.0}
{"event": "a16r_run_complete", "completed_runs": 44, "instance_id": "CB1_CAUR_S_CF2_RI2_TI2_R12", "seed": 746102, "solver_budget_elapsed_seconds": 120.00159007497132, "budget_overshoot_seconds": 0.001590074971318245, "final_makespan": 1558.0, "rpd_v001_percent": -1.8891687657430731}
{"event": "a16r_run_start", "pending_index": 45, "pending_total": 54, "instance_id": "CB1_CAUR_S_CF2_RI2_TI2_R12", "seed": 746103, "budget_seconds": 120.0}
{"event": "a16r_run_complete", "completed_runs": 45, "instance_id": "CB1_CAUR_S_CF2_RI2_TI2_R12", "seed": 746103, "solver_budget_elapsed_seconds": 120.00118301197654, "budget_overshoot_seconds": 0.0011830119765363634, "final_makespan": 1619.0, "rpd_v001_percent": 1.9521410579345089}
{"event": "a16r_run_start", "pending_index": 46, "pending_total": 54, "instance_id": "CB1_CAUR_S_CF2_RI2_TI2_R12_C02", "seed": 746101, "budget_seconds": 126.0}
{"event": "a16r_run_complete", "completed_runs": 46, "instance_id": "CB1_CAUR_S_CF2_RI2_TI2_R12_C02", "seed": 746101, "solver_budget_elapsed_seconds": 126.00163030001568, "budget_overshoot_seconds": 0.0016303000156767666, "final_makespan": 1874.0, "rpd_v001_percent": -0.5307855626326964}
{"event": "a16r_run_start", "pending_index": 47, "pending_total": 54, "instance_id": "CB1_CAUR_S_CF2_RI2_TI2_R12_C02", "seed": 746102, "budget_seconds": 126.0}
{"event": "a16r_run_complete", "completed_runs": 47, "instance_id": "CB1_CAUR_S_CF2_RI2_TI2_R12_C02", "seed": 746102, "solver_budget_elapsed_seconds": 126.00321047700709, "budget_overshoot_seconds": 0.00321047700708732, "final_makespan": 1855.0, "rpd_v001_percent": -1.5392781316348196}
{"event": "a16r_run_start", "pending_index": 48, "pending_total": 54, "instance_id": "CB1_CAUR_S_CF2_RI2_TI2_R12_C02", "seed": 746103, "budget_seconds": 126.0}
{"event": "a16r_run_complete", "completed_runs": 48, "instance_id": "CB1_CAUR_S_CF2_RI2_TI2_R12_C02", "seed": 746103, "solver_budget_elapsed_seconds": 126.00209562398959, "budget_overshoot_seconds": 0.0020956239895895123, "final_makespan": 1827.0, "rpd_v001_percent": -3.0254777070063694}
{"event": "a16r_run_start", "pending_index": 49, "pending_total": 54, "instance_id": "CB1_CAUR_S_CF3_RI2_TI2_R12", "seed": 746101, "budget_seconds": 122.0}
{"event": "a16r_run_complete", "completed_runs": 49, "instance_id": "CB1_CAUR_S_CF3_RI2_TI2_R12", "seed": 746101, "solver_budget_elapsed_seconds": 122.00307808502112, "budget_overshoot_seconds": 0.0030780850211158395, "final_makespan": 1760.0, "rpd_v001_percent": 6.3444108761329305}
{"event": "a16r_run_start", "pending_index": 50, "pending_total": 54, "instance_id": "CB1_CAUR_S_CF3_RI2_TI2_R12", "seed": 746102, "budget_seconds": 122.0}
{"event": "a16r_run_complete", "completed_runs": 50, "instance_id": "CB1_CAUR_S_CF3_RI2_TI2_R12", "seed": 746102, "solver_budget_elapsed_seconds": 122.00192353903549, "budget_overshoot_seconds": 0.00192353903548792, "final_makespan": 1710.0, "rpd_v001_percent": 3.323262839879154}
{"event": "a16r_run_start", "pending_index": 51, "pending_total": 54, "instance_id": "CB1_CAUR_S_CF3_RI2_TI2_R12", "seed": 746103, "budget_seconds": 122.0}
{"event": "a16r_run_complete", "completed_runs": 51, "instance_id": "CB1_CAUR_S_CF3_RI2_TI2_R12", "seed": 746103, "solver_budget_elapsed_seconds": 122.01033664599527, "budget_overshoot_seconds": 0.010336645995266736, "final_makespan": 1718.0, "rpd_v001_percent": 3.806646525679758}
{"event": "a16r_run_start", "pending_index": 52, "pending_total": 54, "instance_id": "CB1_CAUR_S_CF3_RI2_TI2_R12_C02", "seed": 746101, "budget_seconds": 126.0}
{"event": "a16r_run_complete", "completed_runs": 52, "instance_id": "CB1_CAUR_S_CF3_RI2_TI2_R12_C02", "seed": 746101, "solver_budget_elapsed_seconds": 126.00153513200348, "budget_overshoot_seconds": 0.0015351320034824312, "final_makespan": 1752.0, "rpd_v001_percent": 1.3302486986697513}
{"event": "a16r_run_start", "pending_index": 53, "pending_total": 54, "instance_id": "CB1_CAUR_S_CF3_RI2_TI2_R12_C02", "seed": 746102, "budget_seconds": 126.0}
{"event": "a16r_run_complete", "completed_runs": 53, "instance_id": "CB1_CAUR_S_CF3_RI2_TI2_R12_C02", "seed": 746102, "solver_budget_elapsed_seconds": 126.00008804397658, "budget_overshoot_seconds": 8.804397657513618e-05, "final_makespan": 1674.0, "rpd_v001_percent": -3.1810294968189705}
{"event": "a16r_run_start", "pending_index": 54, "pending_total": 54, "instance_id": "CB1_CAUR_S_CF3_RI2_TI2_R12_C02", "seed": 746103, "budget_seconds": 126.0}
{"event": "a16r_run_complete", "completed_runs": 54, "instance_id": "CB1_CAUR_S_CF3_RI2_TI2_R12_C02", "seed": 746103, "solver_budget_elapsed_seconds": 126.0026027369895, "budget_overshoot_seconds": 0.0026027369895018637, "final_makespan": 1713.0, "rpd_v001_percent": -0.9253903990746096}
{"event": "a16r_formal_raw_complete", "completed_runs": 54, "protocol_sha256": "b9e9f422acafeb73b03add523d2986086606cf70838936dc1d51c5de6ee5c8de"}
