{"event": "run_started", "mode": "NEURAL_PRIOR_ONLY", "instance_id": "CB1_CAUR_S_CF1_RI2_TI2_R12", "seed": 746101, "time_limit_seconds": 30.5, "completed": 0, "expected": 54}
{"event": "run_completed", "mode": "NEURAL_PRIOR_ONLY", "instance_id": "CB1_CAUR_S_CF1_RI2_TI2_R12", "seed": 746101, "best_makespan": 1668.0, "iterations": 1600, "completed": 1}
{"event": "run_started", "mode": "ONLINE_PORTFOLIO_ONLY", "instance_id": "CB1_CAUR_S_CF1_RI2_TI2_R12", "seed": 746101, "time_limit_seconds": 30.5, "completed": 1, "expected": 54}
{"event": "run_completed", "mode": "ONLINE_PORTFOLIO_ONLY", "instance_id": "CB1_CAUR_S_CF1_RI2_TI2_R12", "seed": 746101, "best_makespan": 1652.0, "iterations": 1527, "completed": 2}
{"event": "run_started", "mode": "NEURAL_X_PORTFOLIO", "instance_id": "CB1_CAUR_S_CF1_RI2_TI2_R12", "seed": 746101, "time_limit_seconds": 30.5, "completed": 2, "expected": 54}
{"event": "run_completed", "mode": "NEURAL_X_PORTFOLIO", "instance_id": "CB1_CAUR_S_CF1_RI2_TI2_R12", "seed": 746101, "best_makespan": 1681.0, "iterations": 1473, "completed": 3}
{"event": "run_started", "mode": "ONE_SHOT_TOP1", "instance_id": "CB1_CAUR_S_CF1_RI2_TI2_R12", "seed": 746101, "time_limit_seconds": 30.5, "completed": 3, "expected": 54}
{"event": "run_completed", "mode": "ONE_SHOT_TOP1", "instance_id": "CB1_CAUR_S_CF1_RI2_TI2_R12", "seed": 746101, "best_makespan": 1733.0, "iterations": 1633, "completed": 4}
{"event": "run_started", "mode": "PERSISTENT_FIXED_REFRESH", "instance_id": "CB1_CAUR_S_CF1_RI2_TI2_R12", "seed": 746101, "time_limit_seconds": 30.5, "completed": 4, "expected": 54}
{"event": "run_completed", "mode": "PERSISTENT_FIXED_REFRESH", "instance_id": "CB1_CAUR_S_CF1_RI2_TI2_R12", "seed": 746101, "best_makespan": 1669.0, "iterations": 1376, "completed": 5}
{"event": "run_started", "mode": "PERSISTENT_EVENT_REFRESH", "instance_id": "CB1_CAUR_S_CF1_RI2_TI2_R12", "seed": 746101, "time_limit_seconds": 30.5, "completed": 5, "expected": 54}
{"event": "run_completed", "mode": "PERSISTENT_EVENT_REFRESH", "instance_id": "CB1_CAUR_S_CF1_RI2_TI2_R12", "seed": 746101, "best_makespan": 1668.0, "iterations": 1180, "completed": 6}
{"event": "run_started", "mode": "NEURAL_PRIOR_ONLY", "instance_id": "CB1_CAUR_S_CF1_RI2_TI2_R12", "seed": 746102, "time_limit_seconds": 30.5, "completed": 6, "expected": 54}
{"event": "run_completed", "mode": "NEURAL_PRIOR_ONLY", "instance_id": "CB1_CAUR_S_CF1_RI2_TI2_R12", "seed": 746102, "best_makespan": 1686.0, "iterations": 1611, "completed": 7}
{"event": "run_started", "mode": "ONLINE_PORTFOLIO_ONLY", "instance_id": "CB1_CAUR_S_CF1_RI2_TI2_R12", "seed": 746102, "time_limit_seconds": 30.5, "completed": 7, "expected": 54}
{"event": "run_completed", "mode": "ONLINE_PORTFOLIO_ONLY", "instance_id": "CB1_CAUR_S_CF1_RI2_TI2_R12", "seed": 746102, "best_makespan": 1649.0, "iterations": 1531, "completed": 8}
{"event": "run_started", "mode": "NEURAL_X_PORTFOLIO", "instance_id": "CB1_CAUR_S_CF1_RI2_TI2_R12", "seed": 746102, "time_limit_seconds": 30.5, "completed": 8, "expected": 54}
{"event": "run_completed", "mode": "NEURAL_X_PORTFOLIO", "instance_id": "CB1_CAUR_S_CF1_RI2_TI2_R12", "seed": 746102, "best_makespan": 1693.0, "iterations": 1550, "completed": 9}
{"event": "run_started", "mode": "ONE_SHOT_TOP1", "instance_id": "CB1_CAUR_S_CF1_RI2_TI2_R12", "seed": 746102, "time_limit_seconds": 30.5, "completed": 9, "expected": 54}
{"event": "run_completed", "mode": "ONE_SHOT_TOP1", "instance_id": "CB1_CAUR_S_CF1_RI2_TI2_R12", "seed": 746102, "best_makespan": 1657.0, "iterations": 1597, "completed": 10}
{"event": "run_started", "mode": "PERSISTENT_FIXED_REFRESH", "instance_id": "CB1_CAUR_S_CF1_RI2_TI2_R12", "seed": 746102, "time_limit_seconds": 30.5, "completed": 10, "expected": 54}
{"event": "run_completed", "mode": "PERSISTENT_FIXED_REFRESH", "instance_id": "CB1_CAUR_S_CF1_RI2_TI2_R12", "seed": 746102, "best_makespan": 1628.0, "iterations": 1363, "completed": 11}
{"event": "run_started", "mode": "PERSISTENT_EVENT_REFRESH", "instance_id": "CB1_CAUR_S_CF1_RI2_TI2_R12", "seed": 746102, "time_limit_seconds": 30.5, "completed": 11, "expected": 54}
{"event": "run_completed", "mode": "PERSISTENT_EVENT_REFRESH", "instance_id": "CB1_CAUR_S_CF1_RI2_TI2_R12", "seed": 746102, "best_makespan": 1647.0, "iterations": 1191, "completed": 12}
{"event": "run_started", "mode": "NEURAL_PRIOR_ONLY", "instance_id": "CB1_CAUR_S_CF1_RI2_TI2_R12", "seed": 746103, "time_limit_seconds": 30.5, "completed": 12, "expected": 54}
{"event": "run_completed", "mode": "NEURAL_PRIOR_ONLY", "instance_id": "CB1_CAUR_S_CF1_RI2_TI2_R12", "seed": 746103, "best_makespan": 1653.0, "iterations": 1640, "completed": 13}
{"event": "run_started", "mode": "ONLINE_PORTFOLIO_ONLY", "instance_id": "CB1_CAUR_S_CF1_RI2_TI2_R12", "seed": 746103, "time_limit_seconds": 30.5, "completed": 13, "expected": 54}
{"event": "run_completed", "mode": "ONLINE_PORTFOLIO_ONLY", "instance_id": "CB1_CAUR_S_CF1_RI2_TI2_R12", "seed": 746103, "best_makespan": 1748.0, "iterations": 1532, "completed": 14}
{"event": "run_started", "mode": "NEURAL_X_PORTFOLIO", "instance_id": "CB1_CAUR_S_CF1_RI2_TI2_R12", "seed": 746103, "time_limit_seconds": 30.5, "completed": 14, "expected": 54}
{"event": "run_completed", "mode": "NEURAL_X_PORTFOLIO", "instance_id": "CB1_CAUR_S_CF1_RI2_TI2_R12", "seed": 746103, "best_makespan": 1713.0, "iterations": 1570, "completed": 15}
{"event": "run_started", "mode": "ONE_SHOT_TOP1", "instance_id": "CB1_CAUR_S_CF1_RI2_TI2_R12", "seed": 746103, "time_limit_seconds": 30.5, "completed": 15, "expected": 54}
{"event": "run_completed", "mode": "ONE_SHOT_TOP1", "instance_id": "CB1_CAUR_S_CF1_RI2_TI2_R12", "seed": 746103, "best_makespan": 1734.0, "iterations": 1653, "completed": 16}
{"event": "run_started", "mode": "PERSISTENT_FIXED_REFRESH", "instance_id": "CB1_CAUR_S_CF1_RI2_TI2_R12", "seed": 746103, "time_limit_seconds": 30.5, "completed": 16, "expected": 54}
{"event": "run_completed", "mode": "PERSISTENT_FIXED_REFRESH", "instance_id": "CB1_CAUR_S_CF1_RI2_TI2_R12", "seed": 746103, "best_makespan": 1652.0, "iterations": 1408, "completed": 17}
{"event": "run_started", "mode": "PERSISTENT_EVENT_REFRESH", "instance_id": "CB1_CAUR_S_CF1_RI2_TI2_R12", "seed": 746103, "time_limit_seconds": 30.5, "completed": 17, "expected": 54}
{"event": "run_completed", "mode": "PERSISTENT_EVENT_REFRESH", "instance_id": "CB1_CAUR_S_CF1_RI2_TI2_R12", "seed": 746103, "best_makespan": 1704.0, "iterations": 1192, "completed": 18}
{"event": "run_started", "mode": "NEURAL_PRIOR_ONLY", "instance_id": "CB1_CAUR_M_CF2_RI2_TI2_R12_C02", "seed": 746101, "time_limit_seconds": 63.5, "completed": 18, "expected": 54}
{"event": "run_completed", "mode": "NEURAL_PRIOR_ONLY", "instance_id": "CB1_CAUR_M_CF2_RI2_TI2_R12_C02", "seed": 746101, "best_makespan": 3662.0, "iterations": 1056, "completed": 19}
{"event": "run_started", "mode": "ONLINE_PORTFOLIO_ONLY", "instance_id": "CB1_CAUR_M_CF2_RI2_TI2_R12_C02", "seed": 746101, "time_limit_seconds": 63.5, "completed": 19, "expected": 54}
{"event": "run_completed", "mode": "ONLINE_PORTFOLIO_ONLY", "instance_id": "CB1_CAUR_M_CF2_RI2_TI2_R12_C02", "seed": 746101, "best_makespan": 3730.0, "iterations": 1049, "completed": 20}
{"event": "run_started", "mode": "NEURAL_X_PORTFOLIO", "instance_id": "CB1_CAUR_M_CF2_RI2_TI2_R12_C02", "seed": 746101, "time_limit_seconds": 63.5, "completed": 20, "expected": 54}
{"event": "run_completed", "mode": "NEURAL_X_PORTFOLIO", "instance_id": "CB1_CAUR_M_CF2_RI2_TI2_R12_C02", "seed": 746101, "best_makespan": 3691.0, "iterations": 1047, "completed": 21}
{"event": "run_started", "mode": "ONE_SHOT_TOP1", "instance_id": "CB1_CAUR_M_CF2_RI2_TI2_R12_C02", "seed": 746101, "time_limit_seconds": 63.5, "completed": 21, "expected": 54}
{"event": "run_completed", "mode": "ONE_SHOT_TOP1", "instance_id": "CB1_CAUR_M_CF2_RI2_TI2_R12_C02", "seed": 746101, "best_makespan": 3730.0, "iterations": 1090, "completed": 22}
{"event": "run_started", "mode": "PERSISTENT_FIXED_REFRESH", "instance_id": "CB1_CAUR_M_CF2_RI2_TI2_R12_C02", "seed": 746101, "time_limit_seconds": 63.5, "completed": 22, "expected": 54}
{"event": "run_completed", "mode": "PERSISTENT_FIXED_REFRESH", "instance_id": "CB1_CAUR_M_CF2_RI2_TI2_R12_C02", "seed": 746101, "best_makespan": 3691.0, "iterations": 960, "completed": 23}
{"event": "run_started", "mode": "PERSISTENT_EVENT_REFRESH", "instance_id": "CB1_CAUR_M_CF2_RI2_TI2_R12_C02", "seed": 746101, "time_limit_seconds": 63.5, "completed": 23, "expected": 54}
{"event": "run_completed", "mode": "PERSISTENT_EVENT_REFRESH", "instance_id": "CB1_CAUR_M_CF2_RI2_TI2_R12_C02", "seed": 746101, "best_makespan": 3681.0, "iterations": 794, "completed": 24}
{"event": "run_started", "mode": "NEURAL_PRIOR_ONLY", "instance_id": "CB1_CAUR_M_CF2_RI2_TI2_R12_C02", "seed": 746102, "time_limit_seconds": 63.5, "completed": 24, "expected": 54}
{"event": "run_completed", "mode": "NEURAL_PRIOR_ONLY", "instance_id": "CB1_CAUR_M_CF2_RI2_TI2_R12_C02", "seed": 746102, "best_makespan": 3788.0, "iterations": 1068, "completed": 25}
{"event": "run_started", "mode": "ONLINE_PORTFOLIO_ONLY", "instance_id": "CB1_CAUR_M_CF2_RI2_TI2_R12_C02", "seed": 746102, "time_limit_seconds": 63.5, "completed": 25, "expected": 54}
{"event": "run_completed", "mode": "ONLINE_PORTFOLIO_ONLY", "instance_id": "CB1_CAUR_M_CF2_RI2_TI2_R12_C02", "seed": 746102, "best_makespan": 3732.0, "iterations": 1035, "completed": 26}
{"event": "run_started", "mode": "NEURAL_X_PORTFOLIO", "instance_id": "CB1_CAUR_M_CF2_RI2_TI2_R12_C02", "seed": 746102, "time_limit_seconds": 63.5, "completed": 26, "expected": 54}
{"event": "run_completed", "mode": "NEURAL_X_PORTFOLIO", "instance_id": "CB1_CAUR_M_CF2_RI2_TI2_R12_C02", "seed": 746102, "best_makespan": 3773.0, "iterations": 1052, "completed": 27}
{"event": "run_started", "mode": "ONE_SHOT_TOP1", "instance_id": "CB1_CAUR_M_CF2_RI2_TI2_R12_C02", "seed": 746102, "time_limit_seconds": 63.5, "completed": 27, "expected": 54}
{"event": "run_completed", "mode": "ONE_SHOT_TOP1", "instance_id": "CB1_CAUR_M_CF2_RI2_TI2_R12_C02", "seed": 746102, "best_makespan": 3782.0, "iterations": 1080, "completed": 28}
{"event": "run_started", "mode": "PERSISTENT_FIXED_REFRESH", "instance_id": "CB1_CAUR_M_CF2_RI2_TI2_R12_C02", "seed": 746102, "time_limit_seconds": 63.5, "completed": 28, "expected": 54}
{"event": "run_completed", "mode": "PERSISTENT_FIXED_REFRESH", "instance_id": "CB1_CAUR_M_CF2_RI2_TI2_R12_C02", "seed": 746102, "best_makespan": 3714.0, "iterations": 960, "completed": 29}
{"event": "run_started", "mode": "PERSISTENT_EVENT_REFRESH", "instance_id": "CB1_CAUR_M_CF2_RI2_TI2_R12_C02", "seed": 746102, "time_limit_seconds": 63.5, "completed": 29, "expected": 54}
{"event": "run_completed", "mode": "PERSISTENT_EVENT_REFRESH", "instance_id": "CB1_CAUR_M_CF2_RI2_TI2_R12_C02", "seed": 746102, "best_makespan": 3730.0, "iterations": 804, "completed": 30}
{"event": "run_started", "mode": "NEURAL_PRIOR_ONLY", "instance_id": "CB1_CAUR_M_CF2_RI2_TI2_R12_C02", "seed": 746103, "time_limit_seconds": 63.5, "completed": 30, "expected": 54}
{"event": "run_completed", "mode": "NEURAL_PRIOR_ONLY", "instance_id": "CB1_CAUR_M_CF2_RI2_TI2_R12_C02", "seed": 746103, "best_makespan": 3699.0, "iterations": 1070, "completed": 31}
{"event": "run_started", "mode": "ONLINE_PORTFOLIO_ONLY", "instance_id": "CB1_CAUR_M_CF2_RI2_TI2_R12_C02", "seed": 746103, "time_limit_seconds": 63.5, "completed": 31, "expected": 54}
{"event": "run_completed", "mode": "ONLINE_PORTFOLIO_ONLY", "instance_id": "CB1_CAUR_M_CF2_RI2_TI2_R12_C02", "seed": 746103, "best_makespan": 3763.0, "iterations": 1040, "completed": 32}
{"event": "run_started", "mode": "NEURAL_X_PORTFOLIO", "instance_id": "CB1_CAUR_M_CF2_RI2_TI2_R12_C02", "seed": 746103, "time_limit_seconds": 63.5, "completed": 32, "expected": 54}
{"event": "run_completed", "mode": "NEURAL_X_PORTFOLIO", "instance_id": "CB1_CAUR_M_CF2_RI2_TI2_R12_C02", "seed": 746103, "best_makespan": 3758.0, "iterations": 1061, "completed": 33}
{"event": "run_started", "mode": "ONE_SHOT_TOP1", "instance_id": "CB1_CAUR_M_CF2_RI2_TI2_R12_C02", "seed": 746103, "time_limit_seconds": 63.5, "completed": 33, "expected": 54}
{"event": "run_completed", "mode": "ONE_SHOT_TOP1", "instance_id": "CB1_CAUR_M_CF2_RI2_TI2_R12_C02", "seed": 746103, "best_makespan": 3790.0, "iterations": 1083, "completed": 34}
{"event": "run_started", "mode": "PERSISTENT_FIXED_REFRESH", "instance_id": "CB1_CAUR_M_CF2_RI2_TI2_R12_C02", "seed": 746103, "time_limit_seconds": 63.5, "completed": 34, "expected": 54}
{"event": "run_completed", "mode": "PERSISTENT_FIXED_REFRESH", "instance_id": "CB1_CAUR_M_CF2_RI2_TI2_R12_C02", "seed": 746103, "best_makespan": 3783.0, "iterations": 970, "completed": 35}
{"event": "run_started", "mode": "PERSISTENT_EVENT_REFRESH", "instance_id": "CB1_CAUR_M_CF2_RI2_TI2_R12_C02", "seed": 746103, "time_limit_seconds": 63.5, "completed": 35, "expected": 54}
{"event": "run_completed", "mode": "PERSISTENT_EVENT_REFRESH", "instance_id": "CB1_CAUR_M_CF2_RI2_TI2_R12_C02", "seed": 746103, "best_makespan": 3705.0, "iterations": 815, "completed": 36}
{"event": "run_started", "mode": "NEURAL_PRIOR_ONLY", "instance_id": "CB1_CAUR_L_CF3_RI2_TI2_R12", "seed": 746101, "time_limit_seconds": 91.5, "completed": 36, "expected": 54}
{"event": "run_completed", "mode": "NEURAL_PRIOR_ONLY", "instance_id": "CB1_CAUR_L_CF3_RI2_TI2_R12", "seed": 746101, "best_makespan": 4304.0, "iterations": 824, "completed": 37}
{"event": "run_started", "mode": "ONLINE_PORTFOLIO_ONLY", "instance_id": "CB1_CAUR_L_CF3_RI2_TI2_R12", "seed": 746101, "time_limit_seconds": 91.5, "completed": 37, "expected": 54}
{"event": "run_completed", "mode": "ONLINE_PORTFOLIO_ONLY", "instance_id": "CB1_CAUR_L_CF3_RI2_TI2_R12", "seed": 746101, "best_makespan": 4279.0, "iterations": 823, "completed": 38}
{"event": "run_started", "mode": "NEURAL_X_PORTFOLIO", "instance_id": "CB1_CAUR_L_CF3_RI2_TI2_R12", "seed": 746101, "time_limit_seconds": 91.5, "completed": 38, "expected": 54}
{"event": "run_completed", "mode": "NEURAL_X_PORTFOLIO", "instance_id": "CB1_CAUR_L_CF3_RI2_TI2_R12", "seed": 746101, "best_makespan": 4328.0, "iterations": 816, "completed": 39}
{"event": "run_started", "mode": "ONE_SHOT_TOP1", "instance_id": "CB1_CAUR_L_CF3_RI2_TI2_R12", "seed": 746101, "time_limit_seconds": 91.5, "completed": 39, "expected": 54}
{"event": "run_completed", "mode": "ONE_SHOT_TOP1", "instance_id": "CB1_CAUR_L_CF3_RI2_TI2_R12", "seed": 746101, "best_makespan": 4358.0, "iterations": 843, "completed": 40}
{"event": "run_started", "mode": "PERSISTENT_FIXED_REFRESH", "instance_id": "CB1_CAUR_L_CF3_RI2_TI2_R12", "seed": 746101, "time_limit_seconds": 91.5, "completed": 40, "expected": 54}
{"event": "run_completed", "mode": "PERSISTENT_FIXED_REFRESH", "instance_id": "CB1_CAUR_L_CF3_RI2_TI2_R12", "seed": 746101, "best_makespan": 4270.0, "iterations": 757, "completed": 41}
{"event": "run_started", "mode": "PERSISTENT_EVENT_REFRESH", "instance_id": "CB1_CAUR_L_CF3_RI2_TI2_R12", "seed": 746101, "time_limit_seconds": 91.5, "completed": 41, "expected": 54}
{"event": "run_completed", "mode": "PERSISTENT_EVENT_REFRESH", "instance_id": "CB1_CAUR_L_CF3_RI2_TI2_R12", "seed": 746101, "best_makespan": 4292.0, "iterations": 632, "completed": 42}
{"event": "run_started", "mode": "NEURAL_PRIOR_ONLY", "instance_id": "CB1_CAUR_L_CF3_RI2_TI2_R12", "seed": 746102, "time_limit_seconds": 91.5, "completed": 42, "expected": 54}
{"event": "run_completed", "mode": "NEURAL_PRIOR_ONLY", "instance_id": "CB1_CAUR_L_CF3_RI2_TI2_R12", "seed": 746102, "best_makespan": 4352.0, "iterations": 832, "completed": 43}
{"event": "run_started", "mode": "ONLINE_PORTFOLIO_ONLY", "instance_id": "CB1_CAUR_L_CF3_RI2_TI2_R12", "seed": 746102, "time_limit_seconds": 91.5, "completed": 43, "expected": 54}
{"event": "run_completed", "mode": "ONLINE_PORTFOLIO_ONLY", "instance_id": "CB1_CAUR_L_CF3_RI2_TI2_R12", "seed": 746102, "best_makespan": 4320.0, "iterations": 810, "completed": 44}
{"event": "run_started", "mode": "NEURAL_X_PORTFOLIO", "instance_id": "CB1_CAUR_L_CF3_RI2_TI2_R12", "seed": 746102, "time_limit_seconds": 91.5, "completed": 44, "expected": 54}
{"event": "run_completed", "mode": "NEURAL_X_PORTFOLIO", "instance_id": "CB1_CAUR_L_CF3_RI2_TI2_R12", "seed": 746102, "best_makespan": 4428.0, "iterations": 825, "completed": 45}
{"event": "run_started", "mode": "ONE_SHOT_TOP1", "instance_id": "CB1_CAUR_L_CF3_RI2_TI2_R12", "seed": 746102, "time_limit_seconds": 91.5, "completed": 45, "expected": 54}
{"event": "run_completed", "mode": "ONE_SHOT_TOP1", "instance_id": "CB1_CAUR_L_CF3_RI2_TI2_R12", "seed": 746102, "best_makespan": 4413.0, "iterations": 846, "completed": 46}
{"event": "run_started", "mode": "PERSISTENT_FIXED_REFRESH", "instance_id": "CB1_CAUR_L_CF3_RI2_TI2_R12", "seed": 746102, "time_limit_seconds": 91.5, "completed": 46, "expected": 54}
{"event": "run_completed", "mode": "PERSISTENT_FIXED_REFRESH", "instance_id": "CB1_CAUR_L_CF3_RI2_TI2_R12", "seed": 746102, "best_makespan": 4330.0, "iterations": 745, "completed": 47}
{"event": "run_started", "mode": "PERSISTENT_EVENT_REFRESH", "instance_id": "CB1_CAUR_L_CF3_RI2_TI2_R12", "seed": 746102, "time_limit_seconds": 91.5, "completed": 47, "expected": 54}
{"event": "run_completed", "mode": "PERSISTENT_EVENT_REFRESH", "instance_id": "CB1_CAUR_L_CF3_RI2_TI2_R12", "seed": 746102, "best_makespan": 4240.0, "iterations": 624, "completed": 48}
{"event": "run_started", "mode": "NEURAL_PRIOR_ONLY", "instance_id": "CB1_CAUR_L_CF3_RI2_TI2_R12", "seed": 746103, "time_limit_seconds": 91.5, "completed": 48, "expected": 54}
{"event": "run_completed", "mode": "NEURAL_PRIOR_ONLY", "instance_id": "CB1_CAUR_L_CF3_RI2_TI2_R12", "seed": 746103, "best_makespan": 4351.0, "iterations": 818, "completed": 49}
{"event": "run_started", "mode": "ONLINE_PORTFOLIO_ONLY", "instance_id": "CB1_CAUR_L_CF3_RI2_TI2_R12", "seed": 746103, "time_limit_seconds": 91.5, "completed": 49, "expected": 54}
{"event": "run_completed", "mode": "ONLINE_PORTFOLIO_ONLY", "instance_id": "CB1_CAUR_L_CF3_RI2_TI2_R12", "seed": 746103, "best_makespan": 4326.0, "iterations": 825, "completed": 50}
{"event": "run_started", "mode": "NEURAL_X_PORTFOLIO", "instance_id": "CB1_CAUR_L_CF3_RI2_TI2_R12", "seed": 746103, "time_limit_seconds": 91.5, "completed": 50, "expected": 54}
{"event": "run_completed", "mode": "NEURAL_X_PORTFOLIO", "instance_id": "CB1_CAUR_L_CF3_RI2_TI2_R12", "seed": 746103, "best_makespan": 4448.0, "iterations": 815, "completed": 51}
{"event": "run_started", "mode": "ONE_SHOT_TOP1", "instance_id": "CB1_CAUR_L_CF3_RI2_TI2_R12", "seed": 746103, "time_limit_seconds": 91.5, "completed": 51, "expected": 54}
{"event": "run_completed", "mode": "ONE_SHOT_TOP1", "instance_id": "CB1_CAUR_L_CF3_RI2_TI2_R12", "seed": 746103, "best_makespan": 4334.0, "iterations": 851, "completed": 52}
{"event": "run_started", "mode": "PERSISTENT_FIXED_REFRESH", "instance_id": "CB1_CAUR_L_CF3_RI2_TI2_R12", "seed": 746103, "time_limit_seconds": 91.5, "completed": 52, "expected": 54}
{"event": "run_completed", "mode": "PERSISTENT_FIXED_REFRESH", "instance_id": "CB1_CAUR_L_CF3_RI2_TI2_R12", "seed": 746103, "best_makespan": 4261.0, "iterations": 756, "completed": 53}
{"event": "run_started", "mode": "PERSISTENT_EVENT_REFRESH", "instance_id": "CB1_CAUR_L_CF3_RI2_TI2_R12", "seed": 746103, "time_limit_seconds": 91.5, "completed": 53, "expected": 54}
{"event": "run_completed", "mode": "PERSISTENT_EVENT_REFRESH", "instance_id": "CB1_CAUR_L_CF3_RI2_TI2_R12", "seed": 746103, "best_makespan": 4436.0, "iterations": 619, "completed": 54}
{"event": "a14_primary_complete", "schema": "ngas-a14-mechanism-decision-v1", "decision": "NGAS_A1_4_MECHANISM_FROZEN", "selected_mode": "PERSISTENT_FIXED_REFRESH", "eligible_modes": ["PERSISTENT_FIXED_REFRESH", "PERSISTENT_EVENT_REFRESH"], "eligibility": {"PERSISTENT_FIXED_REFRESH": {"hard_requirements_pass": true, "credible_quality_pass": true}, "PERSISTENT_EVENT_REFRESH": {"hard_requirements_pass": true, "credible_quality_pass": true}}, "next_gate": "MATCHED_C1_R1_EXPLANATORY_ABLATION", "R1_role": "EXPLANATORY_ABLATION_ONLY", "R13": "LOCKED", "R14": "LOCKED", "gurobi_run": false, "protocol_sha256": "7287f8c497dfe649818b648748e5df032275addfe05156f030c1f242e1b71ee4"}
