2025-04-08 15:00:32,908 - INFO - 开始两阶段混合学习算法，最大迭代次数: 500
2025-04-08 15:00:33,375 - INFO - SL找到新的最优解，完工时间: 1920.00，重置pointer=0
2025-04-08 15:00:33,376 - INFO - 迭代 1/500 | 阶段: statistical learning | 最佳完工时间: 1920.00 | 迭代耗时: 0.47s | 总耗时: 0.47s
2025-04-08 15:00:33,865 - INFO - SL找到新的最优解，完工时间: 1904.00，重置pointer=0
2025-04-08 15:00:33,865 - INFO - 迭代 2/500 | 阶段: statistical learning | 最佳完工时间: 1904.00 | 迭代耗时: 0.49s | 总耗时: 0.96s
2025-04-08 15:00:34,332 - INFO - SL未找到更好的解，pointer增加到1
2025-04-08 15:00:34,332 - INFO - 迭代 3/500 | 阶段: statistical learning | 最佳完工时间: 1904.00 | 迭代耗时: 0.47s | 总耗时: 1.42s
2025-04-08 15:00:34,806 - INFO - SL未找到更好的解，pointer增加到2
2025-04-08 15:00:34,806 - INFO - 迭代 4/500 | 阶段: statistical learning | 最佳完工时间: 1904.00 | 迭代耗时: 0.47s | 总耗时: 1.90s
2025-04-08 15:00:35,272 - INFO - SL未找到更好的解，pointer增加到3
2025-04-08 15:00:35,272 - INFO - SL阶段终止条件满足，切换到EL阶段...
2025-04-08 15:00:35,272 - INFO - pointer=3, threshold=2.48
2025-04-08 15:00:35,273 - INFO - 成功切换到EL阶段，使用SL种群初始化EL种群，种群大小: 100
2025-04-08 15:00:35,273 - INFO - 迭代 5/500 | 阶段: evolutionary learning | 最佳完工时间: 1904.00 | 迭代耗时: 0.47s | 总耗时: 2.37s
2025-04-08 15:00:36,003 - INFO - 迭代 6/500 | 阶段: evolutionary learning | 最佳完工时间: 1904.00 | 迭代耗时: 0.73s | 总耗时: 3.09s
2025-04-08 15:00:36,745 - INFO - 迭代 7/500 | 阶段: evolutionary learning | 最佳完工时间: 1904.00 | 迭代耗时: 0.74s | 总耗时: 3.84s
2025-04-08 15:00:37,471 - INFO - 迭代 8/500 | 阶段: evolutionary learning | 最佳完工时间: 1904.00 | 迭代耗时: 0.73s | 总耗时: 4.56s
2025-04-08 15:00:38,199 - INFO - EL找到新的最优解，完工时间: 1869.00
2025-04-08 15:00:38,199 - INFO - 迭代 9/500 | 阶段: evolutionary learning | 最佳完工时间: 1869.00 | 迭代耗时: 0.73s | 总耗时: 5.29s
2025-04-08 15:00:38,930 - INFO - EL找到新的最优解，完工时间: 1855.00
2025-04-08 15:00:38,931 - INFO - 迭代 10/500 | 阶段: evolutionary learning | 最佳完工时间: 1855.00 | 迭代耗时: 0.73s | 总耗时: 6.02s
2025-04-08 15:00:39,666 - INFO - 迭代 11/500 | 阶段: evolutionary learning | 最佳完工时间: 1855.00 | 迭代耗时: 0.74s | 总耗时: 6.76s
2025-04-08 15:00:40,390 - INFO - EL找到新的最优解，完工时间: 1847.00
2025-04-08 15:00:40,390 - INFO - 迭代 12/500 | 阶段: evolutionary learning | 最佳完工时间: 1847.00 | 迭代耗时: 0.72s | 总耗时: 7.48s
2025-04-08 15:00:41,110 - INFO - 迭代 13/500 | 阶段: evolutionary learning | 最佳完工时间: 1847.00 | 迭代耗时: 0.72s | 总耗时: 8.20s
2025-04-08 15:00:41,839 - INFO - 迭代 14/500 | 阶段: evolutionary learning | 最佳完工时间: 1847.00 | 迭代耗时: 0.73s | 总耗时: 8.93s
2025-04-08 15:00:42,587 - INFO - 迭代 15/500 | 阶段: evolutionary learning | 最佳完工时间: 1847.00 | 迭代耗时: 0.75s | 总耗时: 9.68s
2025-04-08 15:00:43,342 - INFO - EL找到新的最优解，完工时间: 1838.00
2025-04-08 15:00:43,342 - INFO - 迭代 16/500 | 阶段: evolutionary learning | 最佳完工时间: 1838.00 | 迭代耗时: 0.76s | 总耗时: 10.43s
2025-04-08 15:00:44,125 - INFO - 迭代 17/500 | 阶段: evolutionary learning | 最佳完工时间: 1838.00 | 迭代耗时: 0.78s | 总耗时: 11.22s
2025-04-08 15:00:44,887 - INFO - 迭代 18/500 | 阶段: evolutionary learning | 最佳完工时间: 1838.00 | 迭代耗时: 0.76s | 总耗时: 11.98s
2025-04-08 15:00:45,682 - INFO - EL找到新的最优解，完工时间: 1831.00
2025-04-08 15:00:45,682 - INFO - 迭代 19/500 | 阶段: evolutionary learning | 最佳完工时间: 1831.00 | 迭代耗时: 0.80s | 总耗时: 12.77s
2025-04-08 15:00:46,450 - INFO - EL找到新的最优解，完工时间: 1829.00
2025-04-08 15:00:46,451 - INFO - 迭代 20/500 | 阶段: evolutionary learning | 最佳完工时间: 1829.00 | 迭代耗时: 0.77s | 总耗时: 13.54s
2025-04-08 15:00:47,199 - INFO - EL找到新的最优解，完工时间: 1821.00
2025-04-08 15:00:47,199 - INFO - 迭代 21/500 | 阶段: evolutionary learning | 最佳完工时间: 1821.00 | 迭代耗时: 0.75s | 总耗时: 14.29s
2025-04-08 15:00:47,951 - INFO - EL找到新的最优解，完工时间: 1819.00
2025-04-08 15:00:47,951 - INFO - 迭代 22/500 | 阶段: evolutionary learning | 最佳完工时间: 1819.00 | 迭代耗时: 0.75s | 总耗时: 15.04s
2025-04-08 15:00:48,689 - INFO - EL找到新的最优解，完工时间: 1802.00
2025-04-08 15:00:48,689 - INFO - 迭代 23/500 | 阶段: evolutionary learning | 最佳完工时间: 1802.00 | 迭代耗时: 0.74s | 总耗时: 15.78s
2025-04-08 15:00:49,428 - INFO - EL找到新的最优解，完工时间: 1793.00
2025-04-08 15:00:49,428 - INFO - 迭代 24/500 | 阶段: evolutionary learning | 最佳完工时间: 1793.00 | 迭代耗时: 0.74s | 总耗时: 16.52s
2025-04-08 15:00:50,171 - INFO - 迭代 25/500 | 阶段: evolutionary learning | 最佳完工时间: 1793.00 | 迭代耗时: 0.74s | 总耗时: 17.26s
2025-04-08 15:00:50,922 - INFO - 迭代 26/500 | 阶段: evolutionary learning | 最佳完工时间: 1793.00 | 迭代耗时: 0.75s | 总耗时: 18.01s
2025-04-08 15:00:51,660 - INFO - 迭代 27/500 | 阶段: evolutionary learning | 最佳完工时间: 1793.00 | 迭代耗时: 0.74s | 总耗时: 18.75s
2025-04-08 15:00:52,405 - INFO - 迭代 28/500 | 阶段: evolutionary learning | 最佳完工时间: 1793.00 | 迭代耗时: 0.75s | 总耗时: 19.50s
2025-04-08 15:00:53,176 - INFO - 迭代 29/500 | 阶段: evolutionary learning | 最佳完工时间: 1793.00 | 迭代耗时: 0.77s | 总耗时: 20.27s
2025-04-08 15:00:53,942 - INFO - 迭代 30/500 | 阶段: evolutionary learning | 最佳完工时间: 1793.00 | 迭代耗时: 0.76s | 总耗时: 21.03s
2025-04-08 15:00:54,685 - INFO - EL找到新的最优解，完工时间: 1779.00
2025-04-08 15:00:54,685 - INFO - 迭代 31/500 | 阶段: evolutionary learning | 最佳完工时间: 1779.00 | 迭代耗时: 0.74s | 总耗时: 21.78s
2025-04-08 15:00:55,414 - INFO - EL找到新的最优解，完工时间: 1751.00
2025-04-08 15:00:55,414 - INFO - 迭代 32/500 | 阶段: evolutionary learning | 最佳完工时间: 1751.00 | 迭代耗时: 0.73s | 总耗时: 22.51s
