2025-04-08 13:43:06,399 - INFO - 开始两阶段混合学习算法，最大迭代次数: 100
2025-04-08 13:43:06,899 - INFO - SL找到新的最优解，完工时间: 1932.00，重置pointer=0
2025-04-08 13:43:06,899 - INFO - 迭代 1/100 | 阶段: statistical learning | 最佳完工时间: 1932.00 | 迭代耗时: 0.50s | 总耗时: 0.50s
2025-04-08 13:43:07,406 - INFO - SL找到新的最优解，完工时间: 1901.00，重置pointer=0
2025-04-08 13:43:07,406 - INFO - 迭代 2/100 | 阶段: statistical learning | 最佳完工时间: 1901.00 | 迭代耗时: 0.51s | 总耗时: 1.01s
2025-04-08 13:43:07,907 - INFO - SL未找到更好的解，pointer增加到1
2025-04-08 13:43:07,907 - INFO - 迭代 3/100 | 阶段: statistical learning | 最佳完工时间: 1901.00 | 迭代耗时: 0.50s | 总耗时: 1.51s
2025-04-08 13:43:08,400 - INFO - SL未找到更好的解，pointer增加到2
2025-04-08 13:43:08,400 - INFO - 迭代 4/100 | 阶段: statistical learning | 最佳完工时间: 1901.00 | 迭代耗时: 0.49s | 总耗时: 2.00s
2025-04-08 13:43:08,910 - INFO - SL未找到更好的解，pointer增加到3
2025-04-08 13:43:08,910 - INFO - 迭代 5/100 | 阶段: statistical learning | 最佳完工时间: 1901.00 | 迭代耗时: 0.51s | 总耗时: 2.51s
2025-04-08 13:43:09,415 - INFO - SL未找到更好的解，pointer增加到4
2025-04-08 13:43:09,415 - INFO - 迭代 6/100 | 阶段: statistical learning | 最佳完工时间: 1901.00 | 迭代耗时: 0.51s | 总耗时: 3.02s
2025-04-08 13:43:09,906 - INFO - SL未找到更好的解，pointer增加到5
2025-04-08 13:43:09,906 - INFO - 迭代 7/100 | 阶段: statistical learning | 最佳完工时间: 1901.00 | 迭代耗时: 0.49s | 总耗时: 3.51s
2025-04-08 13:43:10,408 - INFO - SL未找到更好的解，pointer增加到6
2025-04-08 13:43:10,408 - INFO - 迭代 8/100 | 阶段: statistical learning | 最佳完工时间: 1901.00 | 迭代耗时: 0.50s | 总耗时: 4.01s
2025-04-08 13:43:10,897 - INFO - SL未找到更好的解，pointer增加到7
2025-04-08 13:43:10,897 - INFO - 迭代 9/100 | 阶段: statistical learning | 最佳完工时间: 1901.00 | 迭代耗时: 0.49s | 总耗时: 4.50s
2025-04-08 13:43:11,395 - INFO - SL未找到更好的解，pointer增加到8
2025-04-08 13:43:11,395 - INFO - 迭代 10/100 | 阶段: statistical learning | 最佳完工时间: 1901.00 | 迭代耗时: 0.50s | 总耗时: 5.00s
2025-04-08 13:43:11,891 - INFO - SL未找到更好的解，pointer增加到9
2025-04-08 13:43:11,891 - INFO - 迭代 11/100 | 阶段: statistical learning | 最佳完工时间: 1901.00 | 迭代耗时: 0.50s | 总耗时: 5.49s
2025-04-08 13:43:12,389 - INFO - SL未找到更好的解，pointer增加到10
2025-04-08 13:43:12,389 - INFO - 迭代 12/100 | 阶段: statistical learning | 最佳完工时间: 1901.00 | 迭代耗时: 0.50s | 总耗时: 5.99s
2025-04-08 13:43:12,891 - INFO - SL未找到更好的解，pointer增加到11
2025-04-08 13:43:12,891 - INFO - 迭代 13/100 | 阶段: statistical learning | 最佳完工时间: 1901.00 | 迭代耗时: 0.50s | 总耗时: 6.49s
2025-04-08 13:43:13,387 - INFO - SL找到新的最优解，完工时间: 1897.00，重置pointer=0
2025-04-08 13:43:13,387 - INFO - 迭代 14/100 | 阶段: statistical learning | 最佳完工时间: 1897.00 | 迭代耗时: 0.50s | 总耗时: 6.99s
2025-04-08 13:43:13,879 - INFO - SL未找到更好的解，pointer增加到1
2025-04-08 13:43:13,879 - INFO - 迭代 15/100 | 阶段: statistical learning | 最佳完工时间: 1897.00 | 迭代耗时: 0.49s | 总耗时: 7.48s
2025-04-08 13:43:14,378 - INFO - SL未找到更好的解，pointer增加到2
2025-04-08 13:43:14,378 - INFO - 迭代 16/100 | 阶段: statistical learning | 最佳完工时间: 1897.00 | 迭代耗时: 0.50s | 总耗时: 7.98s
2025-04-08 13:43:14,879 - INFO - SL未找到更好的解，pointer增加到3
2025-04-08 13:43:14,879 - INFO - 迭代 17/100 | 阶段: statistical learning | 最佳完工时间: 1897.00 | 迭代耗时: 0.50s | 总耗时: 8.48s
2025-04-08 13:43:15,375 - INFO - SL找到新的最优解，完工时间: 1874.00，重置pointer=0
2025-04-08 13:43:15,375 - INFO - 迭代 18/100 | 阶段: statistical learning | 最佳完工时间: 1874.00 | 迭代耗时: 0.50s | 总耗时: 8.98s
2025-04-08 13:43:15,886 - INFO - SL未找到更好的解，pointer增加到1
2025-04-08 13:43:15,887 - INFO - 迭代 19/100 | 阶段: statistical learning | 最佳完工时间: 1874.00 | 迭代耗时: 0.51s | 总耗时: 9.49s
2025-04-08 13:43:16,392 - INFO - SL未找到更好的解，pointer增加到2
2025-04-08 13:43:16,392 - INFO - 迭代 20/100 | 阶段: statistical learning | 最佳完工时间: 1874.00 | 迭代耗时: 0.51s | 总耗时: 9.99s
2025-04-08 13:43:16,885 - INFO - SL未找到更好的解，pointer增加到3
2025-04-08 13:43:16,885 - INFO - 
SL阶段终止条件满足，切换到EL阶段...
2025-04-08 13:43:16,885 - INFO - pointer=3, threshold=0.40
2025-04-08 13:43:16,885 - INFO - 成功切换到EL阶段，使用随机初始化EL种群
2025-04-08 13:43:16,886 - INFO - 迭代 21/100 | 阶段: evolutionary learning | 最佳完工时间: 1874.00 | 迭代耗时: 0.49s | 总耗时: 10.49s
