2025-04-08 16:19:23,265 - DEBUG - 开始两阶段混合学习算法，最大迭代次数: 100
2025-04-08 16:19:23,269 - DEBUG - 迭代 1：SL初始化种群，大小: 100
2025-04-08 16:19:23,715 - INFO - Initialization probability model completed.
2025-04-08 16:19:23,716 - INFO - In generation 1：SL found new best solution with makespan: 1918.00，pointer=0
2025-04-08 16:19:23,716 - DEBUG - 迭代 1/100 | 阶段: statistical learning | 最佳完工时间: 1918.00 | 迭代耗时: 0.45s | 
2025-04-08 16:19:23,726 - DEBUG - 迭代 2：SL生成新种群，大小: 100
2025-04-08 16:19:24,178 - DEBUG - 第2代概率模型更新完成
2025-04-08 16:19:24,179 - INFO - In generation 2：SL not found better solution，pointer=1
2025-04-08 16:19:24,181 - DEBUG - 迭代 2/100 | 阶段: statistical learning | 最佳完工时间: 1918.00 | 迭代耗时: 0.47s | 
2025-04-08 16:19:24,190 - DEBUG - 迭代 3：SL生成新种群，大小: 100
2025-04-08 16:19:24,638 - DEBUG - 第3代概率模型更新完成
2025-04-08 16:19:24,638 - INFO - In generation 3：SL found new best solution with makespan: 1912.00，pointer=0
2025-04-08 16:19:24,640 - DEBUG - 迭代 3/100 | 阶段: statistical learning | 最佳完工时间: 1912.00 | 迭代耗时: 0.46s | 
2025-04-08 16:19:24,648 - DEBUG - 迭代 4：SL生成新种群，大小: 100
2025-04-08 16:19:25,101 - DEBUG - 第4代概率模型更新完成
2025-04-08 16:19:25,101 - INFO - In generation 4：SL not found better solution，pointer=1
2025-04-08 16:19:25,102 - DEBUG - 迭代 4/100 | 阶段: statistical learning | 最佳完工时间: 1912.00 | 迭代耗时: 0.46s | 
2025-04-08 16:19:25,110 - DEBUG - 迭代 5：SL生成新种群，大小: 100
2025-04-08 16:19:25,559 - DEBUG - 第5代概率模型更新完成
2025-04-08 16:19:25,559 - INFO - In generation 5：SL not found better solution，pointer=2
2025-04-08 16:19:25,560 - DEBUG - 迭代 5/100 | 阶段: statistical learning | 最佳完工时间: 1912.00 | 迭代耗时: 0.46s | 
2025-04-08 16:19:25,569 - DEBUG - 迭代 6：SL生成新种群，大小: 100
2025-04-08 16:19:26,020 - DEBUG - 第6代概率模型更新完成
2025-04-08 16:19:26,020 - INFO - In generation 6：SL not found better solution，pointer=3
2025-04-08 16:19:26,020 - DEBUG - 迭代 6/100 | 阶段: statistical learning | 最佳完工时间: 1912.00 | 迭代耗时: 0.46s | 
2025-04-08 16:19:26,027 - DEBUG - 迭代 7：SL生成新种群，大小: 100
2025-04-08 16:19:26,489 - DEBUG - 第7代概率模型更新完成
2025-04-08 16:19:26,490 - INFO - In generation 7：SL not found better solution，pointer=4
2025-04-08 16:19:26,490 - DEBUG - 迭代 7/100 | 阶段: statistical learning | 最佳完工时间: 1912.00 | 迭代耗时: 0.47s | 
2025-04-08 16:19:26,498 - DEBUG - 迭代 8：SL生成新种群，大小: 100
2025-04-08 16:19:26,958 - DEBUG - 第8代概率模型更新完成
2025-04-08 16:19:26,958 - INFO - In generation 8：SL not found better solution，pointer=5
2025-04-08 16:19:26,958 - INFO - SL is stagnating at generation 8, switching to EL phase...
2025-04-08 16:19:26,959 - INFO - pointer=5, threshold=4.65
2025-04-08 16:19:26,959 - DEBUG - 切换到EL阶段，使用SL种群初始化EL种群，种群大小: 100
2025-04-08 16:19:26,959 - DEBUG - 迭代 8/100 | 阶段: evolutionary learning | 最佳完工时间: 1912.00 | 迭代耗时: 0.47s | 
2025-04-08 16:19:27,704 - DEBUG - 迭代 9/100 | 阶段: evolutionary learning | 最佳完工时间: 1912.00 | 迭代耗时: 0.75s | 
2025-04-08 16:19:28,442 - INFO - In generation 10, EL found new best solution with makespan: 1900.00
2025-04-08 16:19:28,443 - DEBUG - 迭代 10/100 | 阶段: evolutionary learning | 最佳完工时间: 1900.00 | 迭代耗时: 0.74s | 
2025-04-08 16:19:29,166 - DEBUG - 迭代 11/100 | 阶段: evolutionary learning | 最佳完工时间: 1900.00 | 迭代耗时: 0.72s | 
2025-04-08 16:19:29,892 - DEBUG - 迭代 12/100 | 阶段: evolutionary learning | 最佳完工时间: 1900.00 | 迭代耗时: 0.73s | 
2025-04-08 16:19:30,612 - INFO - In generation 13, EL found new best solution with makespan: 1896.00
2025-04-08 16:19:30,612 - DEBUG - 迭代 13/100 | 阶段: evolutionary learning | 最佳完工时间: 1896.00 | 迭代耗时: 0.72s | 
2025-04-08 16:19:31,333 - INFO - In generation 14, EL found new best solution with makespan: 1866.00
2025-04-08 16:19:31,334 - DEBUG - 迭代 14/100 | 阶段: evolutionary learning | 最佳完工时间: 1866.00 | 迭代耗时: 0.72s | 
2025-04-08 16:19:32,072 - DEBUG - 迭代 15/100 | 阶段: evolutionary learning | 最佳完工时间: 1866.00 | 迭代耗时: 0.74s | 
2025-04-08 16:19:32,797 - DEBUG - 迭代 16/100 | 阶段: evolutionary learning | 最佳完工时间: 1866.00 | 迭代耗时: 0.72s | 
2025-04-08 16:19:33,516 - DEBUG - 迭代 17/100 | 阶段: evolutionary learning | 最佳完工时间: 1866.00 | 迭代耗时: 0.72s | 
2025-04-08 16:19:34,235 - DEBUG - 迭代 18/100 | 阶段: evolutionary learning | 最佳完工时间: 1866.00 | 迭代耗时: 0.72s | 
2025-04-08 16:19:34,962 - DEBUG - 迭代 19/100 | 阶段: evolutionary learning | 最佳完工时间: 1866.00 | 迭代耗时: 0.73s | 
2025-04-08 16:19:35,685 - INFO - In generation 20, EL found new best solution with makespan: 1827.00
2025-04-08 16:19:35,685 - DEBUG - 迭代 20/100 | 阶段: evolutionary learning | 最佳完工时间: 1827.00 | 迭代耗时: 0.72s | 
2025-04-08 16:19:36,400 - INFO - In generation 21, EL found new best solution with makespan: 1818.00
2025-04-08 16:19:36,400 - DEBUG - 迭代 21/100 | 阶段: evolutionary learning | 最佳完工时间: 1818.00 | 迭代耗时: 0.71s | 
2025-04-08 16:19:37,130 - DEBUG - 迭代 22/100 | 阶段: evolutionary learning | 最佳完工时间: 1818.00 | 迭代耗时: 0.73s | 
2025-04-08 16:19:37,862 - DEBUG - 迭代 23/100 | 阶段: evolutionary learning | 最佳完工时间: 1818.00 | 迭代耗时: 0.73s | 
2025-04-08 16:19:38,594 - INFO - In generation 24, EL found new best solution with makespan: 1798.00
2025-04-08 16:19:38,594 - DEBUG - 迭代 24/100 | 阶段: evolutionary learning | 最佳完工时间: 1798.00 | 迭代耗时: 0.73s | 
2025-04-08 16:19:39,314 - INFO - In generation 25, EL found new best solution with makespan: 1796.00
2025-04-08 16:19:39,314 - DEBUG - 迭代 25/100 | 阶段: evolutionary learning | 最佳完工时间: 1796.00 | 迭代耗时: 0.72s | 
2025-04-08 16:19:40,039 - DEBUG - 迭代 26/100 | 阶段: evolutionary learning | 最佳完工时间: 1796.00 | 迭代耗时: 0.72s | 
2025-04-08 16:19:40,760 - DEBUG - 迭代 27/100 | 阶段: evolutionary learning | 最佳完工时间: 1796.00 | 迭代耗时: 0.72s | 
2025-04-08 16:19:41,479 - INFO - In generation 28, EL found new best solution with makespan: 1777.00
2025-04-08 16:19:41,480 - DEBUG - 迭代 28/100 | 阶段: evolutionary learning | 最佳完工时间: 1777.00 | 迭代耗时: 0.72s | 
2025-04-08 16:19:42,199 - INFO - In generation 29, EL found new best solution with makespan: 1751.00
2025-04-08 16:19:42,200 - DEBUG - 迭代 29/100 | 阶段: evolutionary learning | 最佳完工时间: 1751.00 | 迭代耗时: 0.72s | 
2025-04-08 16:19:42,924 - DEBUG - 迭代 30/100 | 阶段: evolutionary learning | 最佳完工时间: 1751.00 | 迭代耗时: 0.72s | 
2025-04-08 16:19:43,648 - DEBUG - 迭代 31/100 | 阶段: evolutionary learning | 最佳完工时间: 1751.00 | 迭代耗时: 0.72s | 
2025-04-08 16:19:44,367 - DEBUG - 迭代 32/100 | 阶段: evolutionary learning | 最佳完工时间: 1751.00 | 迭代耗时: 0.72s | 
2025-04-08 16:19:45,092 - INFO - In generation 33, EL found new best solution with makespan: 1746.00
2025-04-08 16:19:45,092 - DEBUG - 迭代 33/100 | 阶段: evolutionary learning | 最佳完工时间: 1746.00 | 迭代耗时: 0.72s | 
2025-04-08 16:19:45,815 - DEBUG - 迭代 34/100 | 阶段: evolutionary learning | 最佳完工时间: 1746.00 | 迭代耗时: 0.72s | 
2025-04-08 16:19:46,533 - INFO - In generation 35, EL found new best solution with makespan: 1730.00
2025-04-08 16:19:46,534 - DEBUG - 迭代 35/100 | 阶段: evolutionary learning | 最佳完工时间: 1730.00 | 迭代耗时: 0.72s | 
2025-04-08 16:19:47,249 - INFO - In generation 36, EL found new best solution with makespan: 1722.00
2025-04-08 16:19:47,249 - DEBUG - 迭代 36/100 | 阶段: evolutionary learning | 最佳完工时间: 1722.00 | 迭代耗时: 0.71s | 
2025-04-08 16:19:47,972 - DEBUG - 迭代 37/100 | 阶段: evolutionary learning | 最佳完工时间: 1722.00 | 迭代耗时: 0.72s | 
2025-04-08 16:19:48,690 - INFO - In generation 38, EL found new best solution with makespan: 1718.00
2025-04-08 16:19:48,690 - DEBUG - 迭代 38/100 | 阶段: evolutionary learning | 最佳完工时间: 1718.00 | 迭代耗时: 0.72s | 
2025-04-08 16:19:49,408 - INFO - In generation 39, EL found new best solution with makespan: 1716.00
2025-04-08 16:19:49,409 - DEBUG - 迭代 39/100 | 阶段: evolutionary learning | 最佳完工时间: 1716.00 | 迭代耗时: 0.72s | 
2025-04-08 16:19:50,126 - INFO - In generation 40, EL found new best solution with makespan: 1708.00
2025-04-08 16:19:50,126 - DEBUG - 迭代 40/100 | 阶段: evolutionary learning | 最佳完工时间: 1708.00 | 迭代耗时: 0.72s | 
2025-04-08 16:19:50,848 - INFO - In generation 41, EL found new best solution with makespan: 1695.00
2025-04-08 16:19:50,849 - DEBUG - 迭代 41/100 | 阶段: evolutionary learning | 最佳完工时间: 1695.00 | 迭代耗时: 0.72s | 
2025-04-08 16:19:51,574 - DEBUG - 迭代 42/100 | 阶段: evolutionary learning | 最佳完工时间: 1695.00 | 迭代耗时: 0.72s | 
2025-04-08 16:19:52,292 - DEBUG - 迭代 43/100 | 阶段: evolutionary learning | 最佳完工时间: 1695.00 | 迭代耗时: 0.72s | 
2025-04-08 16:19:53,015 - DEBUG - 迭代 44/100 | 阶段: evolutionary learning | 最佳完工时间: 1695.00 | 迭代耗时: 0.72s | 
2025-04-08 16:19:53,736 - DEBUG - 迭代 45/100 | 阶段: evolutionary learning | 最佳完工时间: 1695.00 | 迭代耗时: 0.72s | 
2025-04-08 16:19:54,462 - INFO - In generation 46, EL found new best solution with makespan: 1693.00
2025-04-08 16:19:54,462 - DEBUG - 迭代 46/100 | 阶段: evolutionary learning | 最佳完工时间: 1693.00 | 迭代耗时: 0.73s | 
2025-04-08 16:19:55,184 - INFO - In generation 47, EL found new best solution with makespan: 1681.00
2025-04-08 16:19:55,185 - DEBUG - 迭代 47/100 | 阶段: evolutionary learning | 最佳完工时间: 1681.00 | 迭代耗时: 0.72s | 
2025-04-08 16:19:55,912 - DEBUG - 迭代 48/100 | 阶段: evolutionary learning | 最佳完工时间: 1681.00 | 迭代耗时: 0.73s | 
2025-04-08 16:19:56,632 - DEBUG - 迭代 49/100 | 阶段: evolutionary learning | 最佳完工时间: 1681.00 | 迭代耗时: 0.72s | 
2025-04-08 16:19:57,355 - INFO - In generation 50, EL found new best solution with makespan: 1678.00
2025-04-08 16:19:57,356 - DEBUG - 迭代 50/100 | 阶段: evolutionary learning | 最佳完工时间: 1678.00 | 迭代耗时: 0.72s | 
2025-04-08 16:19:58,081 - INFO - In generation 51, EL found new best solution with makespan: 1670.00
2025-04-08 16:19:58,081 - DEBUG - 迭代 51/100 | 阶段: evolutionary learning | 最佳完工时间: 1670.00 | 迭代耗时: 0.72s | 
2025-04-08 16:19:58,810 - INFO - In generation 52, EL found new best solution with makespan: 1669.00
2025-04-08 16:19:58,810 - DEBUG - 迭代 52/100 | 阶段: evolutionary learning | 最佳完工时间: 1669.00 | 迭代耗时: 0.73s | 
2025-04-08 16:19:59,535 - INFO - In generation 53, EL found new best solution with makespan: 1644.00
2025-04-08 16:19:59,535 - DEBUG - 迭代 53/100 | 阶段: evolutionary learning | 最佳完工时间: 1644.00 | 迭代耗时: 0.72s | 
2025-04-08 16:20:00,254 - DEBUG - 迭代 54/100 | 阶段: evolutionary learning | 最佳完工时间: 1644.00 | 迭代耗时: 0.72s | 
2025-04-08 16:20:00,989 - DEBUG - 迭代 55/100 | 阶段: evolutionary learning | 最佳完工时间: 1644.00 | 迭代耗时: 0.73s | 
2025-04-08 16:20:01,710 - DEBUG - 迭代 56/100 | 阶段: evolutionary learning | 最佳完工时间: 1644.00 | 迭代耗时: 0.72s | 
2025-04-08 16:20:02,431 - DEBUG - 迭代 57/100 | 阶段: evolutionary learning | 最佳完工时间: 1644.00 | 迭代耗时: 0.72s | 
2025-04-08 16:20:03,162 - DEBUG - 迭代 58/100 | 阶段: evolutionary learning | 最佳完工时间: 1644.00 | 迭代耗时: 0.73s | 
2025-04-08 16:20:03,891 - INFO - In generation 59, EL found new best solution with makespan: 1639.00
2025-04-08 16:20:03,892 - DEBUG - 迭代 59/100 | 阶段: evolutionary learning | 最佳完工时间: 1639.00 | 迭代耗时: 0.73s | 
2025-04-08 16:20:04,619 - DEBUG - 迭代 60/100 | 阶段: evolutionary learning | 最佳完工时间: 1639.00 | 迭代耗时: 0.73s | 
2025-04-08 16:20:05,346 - INFO - In generation 61, EL found new best solution with makespan: 1635.00
2025-04-08 16:20:05,346 - DEBUG - 迭代 61/100 | 阶段: evolutionary learning | 最佳完工时间: 1635.00 | 迭代耗时: 0.73s | 
2025-04-08 16:20:06,070 - INFO - In generation 62, EL found new best solution with makespan: 1632.00
2025-04-08 16:20:06,070 - DEBUG - 迭代 62/100 | 阶段: evolutionary learning | 最佳完工时间: 1632.00 | 迭代耗时: 0.72s | 
2025-04-08 16:20:06,799 - DEBUG - 迭代 63/100 | 阶段: evolutionary learning | 最佳完工时间: 1632.00 | 迭代耗时: 0.73s | 
2025-04-08 16:20:07,535 - DEBUG - 迭代 64/100 | 阶段: evolutionary learning | 最佳完工时间: 1632.00 | 迭代耗时: 0.74s | 
2025-04-08 16:20:08,259 - INFO - In generation 65, EL found new best solution with makespan: 1610.00
2025-04-08 16:20:08,259 - DEBUG - 迭代 65/100 | 阶段: evolutionary learning | 最佳完工时间: 1610.00 | 迭代耗时: 0.72s | 
2025-04-08 16:20:08,995 - DEBUG - 迭代 66/100 | 阶段: evolutionary learning | 最佳完工时间: 1610.00 | 迭代耗时: 0.74s | 
2025-04-08 16:20:09,721 - DEBUG - 迭代 67/100 | 阶段: evolutionary learning | 最佳完工时间: 1610.00 | 迭代耗时: 0.73s | 
2025-04-08 16:20:10,450 - INFO - In generation 68, EL found new best solution with makespan: 1609.00
2025-04-08 16:20:10,450 - DEBUG - 迭代 68/100 | 阶段: evolutionary learning | 最佳完工时间: 1609.00 | 迭代耗时: 0.73s | 
2025-04-08 16:20:11,183 - INFO - In generation 69, EL found new best solution with makespan: 1602.00
2025-04-08 16:20:11,184 - DEBUG - 迭代 69/100 | 阶段: evolutionary learning | 最佳完工时间: 1602.00 | 迭代耗时: 0.73s | 
2025-04-08 16:20:11,908 - DEBUG - 迭代 70/100 | 阶段: evolutionary learning | 最佳完工时间: 1602.00 | 迭代耗时: 0.72s | 
2025-04-08 16:20:12,637 - DEBUG - 迭代 71/100 | 阶段: evolutionary learning | 最佳完工时间: 1602.00 | 迭代耗时: 0.73s | 
2025-04-08 16:20:13,359 - INFO - In generation 72, EL found new best solution with makespan: 1600.00
2025-04-08 16:20:13,359 - DEBUG - 迭代 72/100 | 阶段: evolutionary learning | 最佳完工时间: 1600.00 | 迭代耗时: 0.72s | 
2025-04-08 16:20:14,092 - DEBUG - 迭代 73/100 | 阶段: evolutionary learning | 最佳完工时间: 1600.00 | 迭代耗时: 0.73s | 
2025-04-08 16:20:14,824 - DEBUG - 迭代 74/100 | 阶段: evolutionary learning | 最佳完工时间: 1600.00 | 迭代耗时: 0.73s | 
2025-04-08 16:20:15,547 - DEBUG - 迭代 75/100 | 阶段: evolutionary learning | 最佳完工时间: 1600.00 | 迭代耗时: 0.72s | 
2025-04-08 16:20:16,277 - DEBUG - 迭代 76/100 | 阶段: evolutionary learning | 最佳完工时间: 1600.00 | 迭代耗时: 0.73s | 
2025-04-08 16:20:17,039 - DEBUG - 迭代 77/100 | 阶段: evolutionary learning | 最佳完工时间: 1600.00 | 迭代耗时: 0.76s | 
2025-04-08 16:20:17,781 - DEBUG - 迭代 78/100 | 阶段: evolutionary learning | 最佳完工时间: 1600.00 | 迭代耗时: 0.74s | 
2025-04-08 16:20:18,533 - DEBUG - 迭代 79/100 | 阶段: evolutionary learning | 最佳完工时间: 1600.00 | 迭代耗时: 0.75s | 
2025-04-08 16:20:19,262 - DEBUG - 迭代 80/100 | 阶段: evolutionary learning | 最佳完工时间: 1600.00 | 迭代耗时: 0.73s | 
2025-04-08 16:20:20,023 - DEBUG - 迭代 81/100 | 阶段: evolutionary learning | 最佳完工时间: 1600.00 | 迭代耗时: 0.76s | 
2025-04-08 16:20:20,781 - INFO - In generation 82, EL found new best solution with makespan: 1591.00
2025-04-08 16:20:20,781 - DEBUG - 迭代 82/100 | 阶段: evolutionary learning | 最佳完工时间: 1591.00 | 迭代耗时: 0.76s | 
2025-04-08 16:20:21,539 - DEBUG - 迭代 83/100 | 阶段: evolutionary learning | 最佳完工时间: 1591.00 | 迭代耗时: 0.76s | 
2025-04-08 16:20:22,283 - DEBUG - 迭代 84/100 | 阶段: evolutionary learning | 最佳完工时间: 1591.00 | 迭代耗时: 0.74s | 
2025-04-08 16:20:23,025 - DEBUG - 迭代 85/100 | 阶段: evolutionary learning | 最佳完工时间: 1591.00 | 迭代耗时: 0.74s | 
2025-04-08 16:20:23,760 - DEBUG - 迭代 86/100 | 阶段: evolutionary learning | 最佳完工时间: 1591.00 | 迭代耗时: 0.74s | 
2025-04-08 16:20:24,502 - DEBUG - 迭代 87/100 | 阶段: evolutionary learning | 最佳完工时间: 1591.00 | 迭代耗时: 0.74s | 
2025-04-08 16:20:25,232 - INFO - In generation 88, EL found new best solution with makespan: 1582.00
2025-04-08 16:20:25,232 - DEBUG - 迭代 88/100 | 阶段: evolutionary learning | 最佳完工时间: 1582.00 | 迭代耗时: 0.73s | 
2025-04-08 16:20:25,975 - DEBUG - 迭代 89/100 | 阶段: evolutionary learning | 最佳完工时间: 1582.00 | 迭代耗时: 0.74s | 
2025-04-08 16:20:26,736 - INFO - In generation 90, EL found new best solution with makespan: 1580.00
2025-04-08 16:20:26,736 - DEBUG - 迭代 90/100 | 阶段: evolutionary learning | 最佳完工时间: 1580.00 | 迭代耗时: 0.76s | 
2025-04-08 16:20:27,467 - DEBUG - 迭代 91/100 | 阶段: evolutionary learning | 最佳完工时间: 1580.00 | 迭代耗时: 0.73s | 
2025-04-08 16:20:28,183 - DEBUG - 迭代 92/100 | 阶段: evolutionary learning | 最佳完工时间: 1580.00 | 迭代耗时: 0.72s | 
2025-04-08 16:20:28,916 - INFO - In generation 93, EL found new best solution with makespan: 1579.00
2025-04-08 16:20:28,917 - DEBUG - 迭代 93/100 | 阶段: evolutionary learning | 最佳完工时间: 1579.00 | 迭代耗时: 0.73s | 
2025-04-08 16:20:29,647 - DEBUG - 迭代 94/100 | 阶段: evolutionary learning | 最佳完工时间: 1579.00 | 迭代耗时: 0.73s | 
2025-04-08 16:20:30,366 - DEBUG - 迭代 95/100 | 阶段: evolutionary learning | 最佳完工时间: 1579.00 | 迭代耗时: 0.72s | 
2025-04-08 16:20:31,092 - INFO - In generation 96, EL found new best solution with makespan: 1578.00
2025-04-08 16:20:31,092 - DEBUG - 迭代 96/100 | 阶段: evolutionary learning | 最佳完工时间: 1578.00 | 迭代耗时: 0.73s | 
2025-04-08 16:20:31,816 - INFO - In generation 97, EL found new best solution with makespan: 1568.00
2025-04-08 16:20:31,816 - DEBUG - 迭代 97/100 | 阶段: evolutionary learning | 最佳完工时间: 1568.00 | 迭代耗时: 0.72s | 
2025-04-08 16:20:32,545 - DEBUG - 迭代 98/100 | 阶段: evolutionary learning | 最佳完工时间: 1568.00 | 迭代耗时: 0.73s | 
2025-04-08 16:20:33,270 - DEBUG - 迭代 99/100 | 阶段: evolutionary learning | 最佳完工时间: 1568.00 | 迭代耗时: 0.72s | 
2025-04-08 16:20:33,997 - DEBUG - 迭代 100/100 | 阶段: evolutionary learning | 最佳完工时间: 1568.00 | 迭代耗时: 0.73s | 
2025-04-08 16:20:33,997 - INFO - ==================================================
2025-04-08 16:20:33,998 - INFO - Best solution found with makespan: 1568.00s at generation: 100
2025-04-08 16:20:33,999 - INFO - Total time: 70.73s
2025-04-08 16:20:34,135 - INFO - Convergence curve saved to: blea_convergence.png
