2025-04-30 01:22:23,126 - DEBUG - 开始两阶段混合学习算法，最大迭代次数: 100
2025-04-30 01:22:23,899 - DEBUG - 迭代 1：SL初始化种群，大小: 100
2025-04-30 01:22:24,436 - INFO - Initialization probability model completed.
2025-04-30 01:22:24,436 - INFO - In generation 1, SL found new best solution with makespan: 1967.00，pointer=0
2025-04-30 01:22:24,438 - DEBUG - 迭代 1/100 | 阶段: statistical learning | 最佳完工时间: 1967.00 | 迭代耗时: 1.31s | 
2025-04-30 01:22:26,423 - DEBUG - 迭代 2：SL生成新种群，大小: 100
2025-04-30 01:22:26,958 - DEBUG - 第2代概率模型更新完成
2025-04-30 01:22:26,960 - INFO - In generation 2, SL found new best solution with makespan: 1943.00，pointer=0
2025-04-30 01:22:26,962 - DEBUG - 迭代 2/100 | 阶段: statistical learning | 最佳完工时间: 1943.00 | 迭代耗时: 2.52s | 
2025-04-30 01:22:28,815 - DEBUG - 迭代 3：SL生成新种群，大小: 100
2025-04-30 01:22:29,308 - DEBUG - 第3代概率模型更新完成
2025-04-30 01:22:29,308 - INFO - In generation 3, SL found new best solution with makespan: 1890.00，pointer=0
2025-04-30 01:22:29,308 - DEBUG - 迭代 3/100 | 阶段: statistical learning | 最佳完工时间: 1890.00 | 迭代耗时: 2.35s | 
2025-04-30 01:22:31,039 - DEBUG - 迭代 4：SL生成新种群，大小: 100
2025-04-30 01:22:31,540 - DEBUG - 第4代概率模型更新完成
2025-04-30 01:22:31,540 - INFO - In generation 4, SL not found better solution，pointer=1
2025-04-30 01:22:31,541 - DEBUG - 迭代 4/100 | 阶段: statistical learning | 最佳完工时间: 1890.00 | 迭代耗时: 2.23s | 
2025-04-30 01:22:33,206 - DEBUG - 迭代 5：SL生成新种群，大小: 100
2025-04-30 01:22:33,750 - DEBUG - 第5代概率模型更新完成
2025-04-30 01:22:33,750 - INFO - In generation 5, SL not found better solution，pointer=2
2025-04-30 01:22:33,750 - DEBUG - 迭代 5/100 | 阶段: statistical learning | 最佳完工时间: 1890.00 | 迭代耗时: 2.21s | 
2025-04-30 01:22:35,525 - DEBUG - 迭代 6：SL生成新种群，大小: 100
2025-04-30 01:22:36,171 - DEBUG - 第6代概率模型更新完成
2025-04-30 01:22:36,171 - INFO - In generation 6, SL not found better solution，pointer=3
2025-04-30 01:22:36,171 - DEBUG - 迭代 6/100 | 阶段: statistical learning | 最佳完工时间: 1890.00 | 迭代耗时: 2.42s | 
2025-04-30 01:22:38,015 - DEBUG - 迭代 7：SL生成新种群，大小: 100
2025-04-30 01:22:38,516 - DEBUG - 第7代概率模型更新完成
2025-04-30 01:22:38,516 - INFO - In generation 7, SL not found better solution，pointer=4
2025-04-30 01:22:38,516 - DEBUG - 迭代 7/100 | 阶段: statistical learning | 最佳完工时间: 1890.00 | 迭代耗时: 2.34s | 
2025-04-30 01:22:40,604 - DEBUG - 迭代 8：SL生成新种群，大小: 100
2025-04-30 01:22:41,126 - DEBUG - 第8代概率模型更新完成
2025-04-30 01:22:41,126 - INFO - In generation 8, SL not found better solution，pointer=5
2025-04-30 01:22:41,126 - INFO - SL is stagnating at generation 8, switching to EL phase...
2025-04-30 01:22:41,126 - INFO - pointer=5, threshold=4.65
2025-04-30 01:22:41,128 - DEBUG - 切换到EL阶段，使用SL种群初始化EL种群，种群大小: 100
2025-04-30 01:22:41,128 - DEBUG - 迭代 8/100 | 阶段: evolutionary learning | 最佳完工时间: 1890.00 | 迭代耗时: 2.61s | 
2025-04-30 01:22:42,026 - DEBUG - 迭代 9/100 | 阶段: evolutionary learning | 最佳完工时间: 1890.00 | 迭代耗时: 0.90s | 
2025-04-30 01:22:43,135 - DEBUG - 迭代 10/100 | 阶段: evolutionary learning | 最佳完工时间: 1890.00 | 迭代耗时: 1.11s | 
2025-04-30 01:22:44,080 - DEBUG - 迭代 11/100 | 阶段: evolutionary learning | 最佳完工时间: 1890.00 | 迭代耗时: 0.94s | 
2025-04-30 01:22:44,975 - DEBUG - 迭代 12/100 | 阶段: evolutionary learning | 最佳完工时间: 1890.00 | 迭代耗时: 0.89s | 
2025-04-30 01:22:45,863 - INFO - In generation 13, EL found new best solution with makespan: 1880.00
2025-04-30 01:22:45,863 - DEBUG - 迭代 13/100 | 阶段: evolutionary learning | 最佳完工时间: 1880.00 | 迭代耗时: 0.89s | 
2025-04-30 01:22:46,737 - DEBUG - 迭代 14/100 | 阶段: evolutionary learning | 最佳完工时间: 1880.00 | 迭代耗时: 0.87s | 
2025-04-30 01:22:47,680 - INFO - In generation 15, EL found new best solution with makespan: 1865.00
2025-04-30 01:22:47,680 - DEBUG - 迭代 15/100 | 阶段: evolutionary learning | 最佳完工时间: 1865.00 | 迭代耗时: 0.94s | 
2025-04-30 01:22:48,606 - INFO - In generation 16, EL found new best solution with makespan: 1861.00
2025-04-30 01:22:48,606 - DEBUG - 迭代 16/100 | 阶段: evolutionary learning | 最佳完工时间: 1861.00 | 迭代耗时: 0.93s | 
2025-04-30 01:22:49,480 - INFO - In generation 17, EL found new best solution with makespan: 1851.00
2025-04-30 01:22:49,480 - DEBUG - 迭代 17/100 | 阶段: evolutionary learning | 最佳完工时间: 1851.00 | 迭代耗时: 0.87s | 
2025-04-30 01:22:50,314 - DEBUG - 迭代 18/100 | 阶段: evolutionary learning | 最佳完工时间: 1851.00 | 迭代耗时: 0.83s | 
2025-04-30 01:22:51,197 - INFO - In generation 19, EL found new best solution with makespan: 1850.00
2025-04-30 01:22:51,197 - DEBUG - 迭代 19/100 | 阶段: evolutionary learning | 最佳完工时间: 1850.00 | 迭代耗时: 0.88s | 
2025-04-30 01:22:52,071 - DEBUG - 迭代 20/100 | 阶段: evolutionary learning | 最佳完工时间: 1850.00 | 迭代耗时: 0.87s | 
2025-04-30 01:22:53,004 - INFO - In generation 21, EL found new best solution with makespan: 1834.00
2025-04-30 01:22:53,004 - DEBUG - 迭代 21/100 | 阶段: evolutionary learning | 最佳完工时间: 1834.00 | 迭代耗时: 0.93s | 
2025-04-30 01:22:53,898 - DEBUG - 迭代 22/100 | 阶段: evolutionary learning | 最佳完工时间: 1834.00 | 迭代耗时: 0.89s | 
2025-04-30 01:22:54,756 - INFO - In generation 23, EL found new best solution with makespan: 1826.00
2025-04-30 01:22:54,756 - DEBUG - 迭代 23/100 | 阶段: evolutionary learning | 最佳完工时间: 1826.00 | 迭代耗时: 0.86s | 
2025-04-30 01:22:55,619 - DEBUG - 迭代 24/100 | 阶段: evolutionary learning | 最佳完工时间: 1826.00 | 迭代耗时: 0.86s | 
2025-04-30 01:22:56,462 - INFO - In generation 25, EL found new best solution with makespan: 1824.00
2025-04-30 01:22:56,463 - DEBUG - 迭代 25/100 | 阶段: evolutionary learning | 最佳完工时间: 1824.00 | 迭代耗时: 0.84s | 
2025-04-30 01:22:57,344 - DEBUG - 迭代 26/100 | 阶段: evolutionary learning | 最佳完工时间: 1824.00 | 迭代耗时: 0.88s | 
2025-04-30 01:22:58,187 - INFO - In generation 27, EL found new best solution with makespan: 1808.00
2025-04-30 01:22:58,187 - DEBUG - 迭代 27/100 | 阶段: evolutionary learning | 最佳完工时间: 1808.00 | 迭代耗时: 0.84s | 
2025-04-30 01:22:59,036 - DEBUG - 迭代 28/100 | 阶段: evolutionary learning | 最佳完工时间: 1808.00 | 迭代耗时: 0.85s | 
2025-04-30 01:22:59,856 - DEBUG - 迭代 29/100 | 阶段: evolutionary learning | 最佳完工时间: 1808.00 | 迭代耗时: 0.82s | 
2025-04-30 01:23:00,735 - INFO - In generation 30, EL found new best solution with makespan: 1779.00
2025-04-30 01:23:00,735 - DEBUG - 迭代 30/100 | 阶段: evolutionary learning | 最佳完工时间: 1779.00 | 迭代耗时: 0.88s | 
2025-04-30 01:23:01,542 - DEBUG - 迭代 31/100 | 阶段: evolutionary learning | 最佳完工时间: 1779.00 | 迭代耗时: 0.81s | 
2025-04-30 01:23:02,416 - DEBUG - 迭代 32/100 | 阶段: evolutionary learning | 最佳完工时间: 1779.00 | 迭代耗时: 0.87s | 
2025-04-30 01:23:03,269 - DEBUG - 迭代 33/100 | 阶段: evolutionary learning | 最佳完工时间: 1779.00 | 迭代耗时: 0.85s | 
2025-04-30 01:23:04,138 - DEBUG - 迭代 34/100 | 阶段: evolutionary learning | 最佳完工时间: 1779.00 | 迭代耗时: 0.87s | 
2025-04-30 01:23:05,059 - DEBUG - 迭代 35/100 | 阶段: evolutionary learning | 最佳完工时间: 1779.00 | 迭代耗时: 0.92s | 
2025-04-30 01:23:05,969 - INFO - In generation 36, EL found new best solution with makespan: 1754.00
2025-04-30 01:23:05,969 - DEBUG - 迭代 36/100 | 阶段: evolutionary learning | 最佳完工时间: 1754.00 | 迭代耗时: 0.91s | 
2025-04-30 01:23:06,870 - INFO - In generation 37, EL found new best solution with makespan: 1752.00
2025-04-30 01:23:06,870 - DEBUG - 迭代 37/100 | 阶段: evolutionary learning | 最佳完工时间: 1752.00 | 迭代耗时: 0.90s | 
2025-04-30 01:23:07,725 - INFO - In generation 38, EL found new best solution with makespan: 1749.00
2025-04-30 01:23:07,725 - DEBUG - 迭代 38/100 | 阶段: evolutionary learning | 最佳完工时间: 1749.00 | 迭代耗时: 0.85s | 
2025-04-30 01:23:08,547 - DEBUG - 迭代 39/100 | 阶段: evolutionary learning | 最佳完工时间: 1749.00 | 迭代耗时: 0.82s | 
2025-04-30 01:23:09,405 - DEBUG - 迭代 40/100 | 阶段: evolutionary learning | 最佳完工时间: 1749.00 | 迭代耗时: 0.86s | 
2025-04-30 01:23:10,219 - INFO - In generation 41, EL found new best solution with makespan: 1731.00
2025-04-30 01:23:10,220 - DEBUG - 迭代 41/100 | 阶段: evolutionary learning | 最佳完工时间: 1731.00 | 迭代耗时: 0.81s | 
2025-04-30 01:23:11,055 - DEBUG - 迭代 42/100 | 阶段: evolutionary learning | 最佳完工时间: 1731.00 | 迭代耗时: 0.83s | 
2025-04-30 01:23:11,891 - DEBUG - 迭代 43/100 | 阶段: evolutionary learning | 最佳完工时间: 1731.00 | 迭代耗时: 0.84s | 
2025-04-30 01:23:12,839 - DEBUG - 迭代 44/100 | 阶段: evolutionary learning | 最佳完工时间: 1731.00 | 迭代耗时: 0.95s | 
2025-04-30 01:23:13,703 - DEBUG - 迭代 45/100 | 阶段: evolutionary learning | 最佳完工时间: 1731.00 | 迭代耗时: 0.86s | 
2025-04-30 01:23:14,589 - DEBUG - 迭代 46/100 | 阶段: evolutionary learning | 最佳完工时间: 1731.00 | 迭代耗时: 0.89s | 
2025-04-30 01:23:15,555 - INFO - In generation 47, EL found new best solution with makespan: 1722.00
2025-04-30 01:23:15,555 - DEBUG - 迭代 47/100 | 阶段: evolutionary learning | 最佳完工时间: 1722.00 | 迭代耗时: 0.97s | 
2025-04-30 01:23:16,568 - INFO - In generation 48, EL found new best solution with makespan: 1718.00
2025-04-30 01:23:16,568 - DEBUG - 迭代 48/100 | 阶段: evolutionary learning | 最佳完工时间: 1718.00 | 迭代耗时: 1.01s | 
2025-04-30 01:23:17,568 - DEBUG - 迭代 49/100 | 阶段: evolutionary learning | 最佳完工时间: 1718.00 | 迭代耗时: 1.00s | 
2025-04-30 01:23:18,667 - INFO - In generation 50, EL found new best solution with makespan: 1712.00
2025-04-30 01:23:18,667 - DEBUG - 迭代 50/100 | 阶段: evolutionary learning | 最佳完工时间: 1712.00 | 迭代耗时: 1.10s | 
2025-04-30 01:23:19,663 - INFO - In generation 51, EL found new best solution with makespan: 1708.00
2025-04-30 01:23:19,663 - DEBUG - 迭代 51/100 | 阶段: evolutionary learning | 最佳完工时间: 1708.00 | 迭代耗时: 1.00s | 
2025-04-30 01:23:20,590 - INFO - In generation 52, EL found new best solution with makespan: 1705.00
2025-04-30 01:23:20,591 - DEBUG - 迭代 52/100 | 阶段: evolutionary learning | 最佳完工时间: 1705.00 | 迭代耗时: 0.93s | 
2025-04-30 01:23:21,497 - INFO - In generation 53, EL found new best solution with makespan: 1702.00
2025-04-30 01:23:21,497 - DEBUG - 迭代 53/100 | 阶段: evolutionary learning | 最佳完工时间: 1702.00 | 迭代耗时: 0.91s | 
2025-04-30 01:23:22,332 - INFO - In generation 54, EL found new best solution with makespan: 1700.00
2025-04-30 01:23:22,332 - DEBUG - 迭代 54/100 | 阶段: evolutionary learning | 最佳完工时间: 1700.00 | 迭代耗时: 0.84s | 
2025-04-30 01:23:23,253 - INFO - In generation 55, EL found new best solution with makespan: 1691.00
2025-04-30 01:23:23,253 - DEBUG - 迭代 55/100 | 阶段: evolutionary learning | 最佳完工时间: 1691.00 | 迭代耗时: 0.92s | 
2025-04-30 01:23:24,200 - INFO - In generation 56, EL found new best solution with makespan: 1690.00
2025-04-30 01:23:24,200 - DEBUG - 迭代 56/100 | 阶段: evolutionary learning | 最佳完工时间: 1690.00 | 迭代耗时: 0.95s | 
2025-04-30 01:23:25,095 - DEBUG - 迭代 57/100 | 阶段: evolutionary learning | 最佳完工时间: 1690.00 | 迭代耗时: 0.89s | 
2025-04-30 01:23:26,023 - INFO - In generation 58, EL found new best solution with makespan: 1684.00
2025-04-30 01:23:26,024 - DEBUG - 迭代 58/100 | 阶段: evolutionary learning | 最佳完工时间: 1684.00 | 迭代耗时: 0.93s | 
2025-04-30 01:23:26,903 - INFO - In generation 59, EL found new best solution with makespan: 1678.00
2025-04-30 01:23:26,903 - DEBUG - 迭代 59/100 | 阶段: evolutionary learning | 最佳完工时间: 1678.00 | 迭代耗时: 0.88s | 
2025-04-30 01:23:27,761 - DEBUG - 迭代 60/100 | 阶段: evolutionary learning | 最佳完工时间: 1678.00 | 迭代耗时: 0.86s | 
2025-04-30 01:23:28,626 - INFO - In generation 61, EL found new best solution with makespan: 1669.00
2025-04-30 01:23:28,627 - DEBUG - 迭代 61/100 | 阶段: evolutionary learning | 最佳完工时间: 1669.00 | 迭代耗时: 0.87s | 
2025-04-30 01:23:29,504 - DEBUG - 迭代 62/100 | 阶段: evolutionary learning | 最佳完工时间: 1669.00 | 迭代耗时: 0.88s | 
2025-04-30 01:23:30,393 - INFO - In generation 63, EL found new best solution with makespan: 1663.00
2025-04-30 01:23:30,393 - DEBUG - 迭代 63/100 | 阶段: evolutionary learning | 最佳完工时间: 1663.00 | 迭代耗时: 0.89s | 
2025-04-30 01:23:31,239 - DEBUG - 迭代 64/100 | 阶段: evolutionary learning | 最佳完工时间: 1663.00 | 迭代耗时: 0.85s | 
2025-04-30 01:23:32,185 - DEBUG - 迭代 65/100 | 阶段: evolutionary learning | 最佳完工时间: 1663.00 | 迭代耗时: 0.95s | 
2025-04-30 01:23:33,080 - INFO - In generation 66, EL found new best solution with makespan: 1660.00
2025-04-30 01:23:33,080 - DEBUG - 迭代 66/100 | 阶段: evolutionary learning | 最佳完工时间: 1660.00 | 迭代耗时: 0.89s | 
2025-04-30 01:23:33,944 - INFO - In generation 67, EL found new best solution with makespan: 1659.00
2025-04-30 01:23:33,944 - DEBUG - 迭代 67/100 | 阶段: evolutionary learning | 最佳完工时间: 1659.00 | 迭代耗时: 0.86s | 
2025-04-30 01:23:34,830 - INFO - In generation 68, EL found new best solution with makespan: 1651.00
2025-04-30 01:23:34,830 - DEBUG - 迭代 68/100 | 阶段: evolutionary learning | 最佳完工时间: 1651.00 | 迭代耗时: 0.89s | 
2025-04-30 01:23:35,733 - INFO - In generation 69, EL found new best solution with makespan: 1629.00
2025-04-30 01:23:35,733 - DEBUG - 迭代 69/100 | 阶段: evolutionary learning | 最佳完工时间: 1629.00 | 迭代耗时: 0.90s | 
2025-04-30 01:23:36,712 - DEBUG - 迭代 70/100 | 阶段: evolutionary learning | 最佳完工时间: 1629.00 | 迭代耗时: 0.98s | 
2025-04-30 01:23:37,624 - DEBUG - 迭代 71/100 | 阶段: evolutionary learning | 最佳完工时间: 1629.00 | 迭代耗时: 0.91s | 
2025-04-30 01:23:38,440 - DEBUG - 迭代 72/100 | 阶段: evolutionary learning | 最佳完工时间: 1629.00 | 迭代耗时: 0.82s | 
2025-04-30 01:23:39,320 - DEBUG - 迭代 73/100 | 阶段: evolutionary learning | 最佳完工时间: 1629.00 | 迭代耗时: 0.88s | 
2025-04-30 01:23:40,228 - DEBUG - 迭代 74/100 | 阶段: evolutionary learning | 最佳完工时间: 1629.00 | 迭代耗时: 0.91s | 
2025-04-30 01:23:41,098 - INFO - In generation 75, EL found new best solution with makespan: 1628.00
2025-04-30 01:23:41,098 - DEBUG - 迭代 75/100 | 阶段: evolutionary learning | 最佳完工时间: 1628.00 | 迭代耗时: 0.87s | 
2025-04-30 01:23:41,965 - DEBUG - 迭代 76/100 | 阶段: evolutionary learning | 最佳完工时间: 1628.00 | 迭代耗时: 0.87s | 
2025-04-30 01:23:42,897 - DEBUG - 迭代 77/100 | 阶段: evolutionary learning | 最佳完工时间: 1628.00 | 迭代耗时: 0.93s | 
2025-04-30 01:23:43,768 - INFO - In generation 78, EL found new best solution with makespan: 1626.00
2025-04-30 01:23:43,768 - DEBUG - 迭代 78/100 | 阶段: evolutionary learning | 最佳完工时间: 1626.00 | 迭代耗时: 0.87s | 
2025-04-30 01:23:44,712 - DEBUG - 迭代 79/100 | 阶段: evolutionary learning | 最佳完工时间: 1626.00 | 迭代耗时: 0.94s | 
2025-04-30 01:23:45,603 - DEBUG - 迭代 80/100 | 阶段: evolutionary learning | 最佳完工时间: 1626.00 | 迭代耗时: 0.89s | 
2025-04-30 01:23:46,497 - INFO - In generation 81, EL found new best solution with makespan: 1618.00
2025-04-30 01:23:46,497 - DEBUG - 迭代 81/100 | 阶段: evolutionary learning | 最佳完工时间: 1618.00 | 迭代耗时: 0.89s | 
2025-04-30 01:23:47,375 - INFO - In generation 82, EL found new best solution with makespan: 1614.00
2025-04-30 01:23:47,375 - DEBUG - 迭代 82/100 | 阶段: evolutionary learning | 最佳完工时间: 1614.00 | 迭代耗时: 0.88s | 
2025-04-30 01:23:48,246 - DEBUG - 迭代 83/100 | 阶段: evolutionary learning | 最佳完工时间: 1614.00 | 迭代耗时: 0.87s | 
2025-04-30 01:23:49,108 - INFO - In generation 84, EL found new best solution with makespan: 1609.00
2025-04-30 01:23:49,109 - DEBUG - 迭代 84/100 | 阶段: evolutionary learning | 最佳完工时间: 1609.00 | 迭代耗时: 0.86s | 
2025-04-30 01:23:49,980 - INFO - In generation 85, EL found new best solution with makespan: 1608.00
2025-04-30 01:23:49,980 - DEBUG - 迭代 85/100 | 阶段: evolutionary learning | 最佳完工时间: 1608.00 | 迭代耗时: 0.87s | 
2025-04-30 01:23:50,817 - DEBUG - 迭代 86/100 | 阶段: evolutionary learning | 最佳完工时间: 1608.00 | 迭代耗时: 0.84s | 
2025-04-30 01:23:51,693 - DEBUG - 迭代 87/100 | 阶段: evolutionary learning | 最佳完工时间: 1608.00 | 迭代耗时: 0.88s | 
2025-04-30 01:23:52,578 - DEBUG - 迭代 88/100 | 阶段: evolutionary learning | 最佳完工时间: 1608.00 | 迭代耗时: 0.89s | 
2025-04-30 01:23:53,430 - INFO - In generation 89, EL found new best solution with makespan: 1597.00
2025-04-30 01:23:53,430 - DEBUG - 迭代 89/100 | 阶段: evolutionary learning | 最佳完工时间: 1597.00 | 迭代耗时: 0.85s | 
2025-04-30 01:23:54,310 - DEBUG - 迭代 90/100 | 阶段: evolutionary learning | 最佳完工时间: 1597.00 | 迭代耗时: 0.88s | 
2025-04-30 01:23:55,185 - DEBUG - 迭代 91/100 | 阶段: evolutionary learning | 最佳完工时间: 1597.00 | 迭代耗时: 0.87s | 
2025-04-30 01:23:56,050 - DEBUG - 迭代 92/100 | 阶段: evolutionary learning | 最佳完工时间: 1597.00 | 迭代耗时: 0.87s | 
2025-04-30 01:23:56,965 - INFO - In generation 93, EL found new best solution with makespan: 1596.00
2025-04-30 01:23:56,966 - DEBUG - 迭代 93/100 | 阶段: evolutionary learning | 最佳完工时间: 1596.00 | 迭代耗时: 0.92s | 
2025-04-30 01:23:57,872 - DEBUG - 迭代 94/100 | 阶段: evolutionary learning | 最佳完工时间: 1596.00 | 迭代耗时: 0.91s | 
2025-04-30 01:23:58,793 - INFO - In generation 95, EL found new best solution with makespan: 1588.00
2025-04-30 01:23:58,794 - DEBUG - 迭代 95/100 | 阶段: evolutionary learning | 最佳完工时间: 1588.00 | 迭代耗时: 0.92s | 
2025-04-30 01:23:59,684 - DEBUG - 迭代 96/100 | 阶段: evolutionary learning | 最佳完工时间: 1588.00 | 迭代耗时: 0.89s | 
2025-04-30 01:24:00,545 - INFO - In generation 97, EL found new best solution with makespan: 1587.00
2025-04-30 01:24:00,546 - DEBUG - 迭代 97/100 | 阶段: evolutionary learning | 最佳完工时间: 1587.00 | 迭代耗时: 0.86s | 
2025-04-30 01:24:01,422 - DEBUG - 迭代 98/100 | 阶段: evolutionary learning | 最佳完工时间: 1587.00 | 迭代耗时: 0.88s | 
2025-04-30 01:24:02,335 - INFO - In generation 99, EL found new best solution with makespan: 1586.00
2025-04-30 01:24:02,335 - DEBUG - 迭代 99/100 | 阶段: evolutionary learning | 最佳完工时间: 1586.00 | 迭代耗时: 0.91s | 
2025-04-30 01:24:03,240 - DEBUG - 迭代 100/100 | 阶段: evolutionary learning | 最佳完工时间: 1586.00 | 迭代耗时: 0.91s | 
2025-04-30 01:24:03,240 - INFO - ==================================================
2025-04-30 01:24:03,240 - INFO - Best solution found with makespan: 1586.00s at generation: 100
2025-04-30 01:24:03,241 - INFO - Total time: 100.11s
2025-04-30 01:24:03,451 - INFO - Convergence curve saved to: blea_convergence.png
