2025-04-08 15:01:58,660 - INFO - 开始两阶段混合学习算法，最大迭代次数: 100
2025-04-08 15:01:59,140 - INFO - SL找到新的最优解，完工时间: 1931.00，重置pointer=0
2025-04-08 15:01:59,140 - INFO - 迭代 1/100 | 阶段: statistical learning | 最佳完工时间: 1931.00 | 迭代耗时: 0.48s | 总耗时: 0.48s
2025-04-08 15:01:59,611 - INFO - SL找到新的最优解，完工时间: 1890.00，重置pointer=0
2025-04-08 15:01:59,612 - INFO - 迭代 2/100 | 阶段: statistical learning | 最佳完工时间: 1890.00 | 迭代耗时: 0.47s | 总耗时: 0.95s
2025-04-08 15:02:00,076 - INFO - SL未找到更好的解，pointer增加到1
2025-04-08 15:02:00,076 - INFO - SL阶段终止条件满足，切换到EL阶段...
2025-04-08 15:02:00,077 - INFO - pointer=1, threshold=0.49
2025-04-08 15:02:00,077 - INFO - 成功切换到EL阶段，使用SL种群初始化EL种群，种群大小: 100
2025-04-08 15:02:00,078 - INFO - 迭代 3/100 | 阶段: evolutionary learning | 最佳完工时间: 1890.00 | 迭代耗时: 0.47s | 总耗时: 1.42s
2025-04-08 15:02:00,944 - INFO - 迭代 4/100 | 阶段: evolutionary learning | 最佳完工时间: 1890.00 | 迭代耗时: 0.87s | 总耗时: 2.28s
2025-04-08 15:02:01,855 - INFO - 迭代 5/100 | 阶段: evolutionary learning | 最佳完工时间: 1890.00 | 迭代耗时: 0.91s | 总耗时: 3.19s
2025-04-08 15:02:02,762 - INFO - EL找到新的最优解，完工时间: 1879.00
2025-04-08 15:02:02,762 - INFO - 迭代 6/100 | 阶段: evolutionary learning | 最佳完工时间: 1879.00 | 迭代耗时: 0.91s | 总耗时: 4.10s
2025-04-08 15:02:03,661 - INFO - EL找到新的最优解，完工时间: 1874.00
2025-04-08 15:02:03,661 - INFO - 迭代 7/100 | 阶段: evolutionary learning | 最佳完工时间: 1874.00 | 迭代耗时: 0.90s | 总耗时: 5.00s
2025-04-08 15:02:04,557 - INFO - EL找到新的最优解，完工时间: 1860.00
2025-04-08 15:02:04,557 - INFO - 迭代 8/100 | 阶段: evolutionary learning | 最佳完工时间: 1860.00 | 迭代耗时: 0.90s | 总耗时: 5.90s
2025-04-08 15:02:05,447 - INFO - EL找到新的最优解，完工时间: 1847.00
2025-04-08 15:02:05,447 - INFO - 迭代 9/100 | 阶段: evolutionary learning | 最佳完工时间: 1847.00 | 迭代耗时: 0.89s | 总耗时: 6.79s
2025-04-08 15:02:06,333 - INFO - EL找到新的最优解，完工时间: 1838.00
2025-04-08 15:02:06,333 - INFO - 迭代 10/100 | 阶段: evolutionary learning | 最佳完工时间: 1838.00 | 迭代耗时: 0.89s | 总耗时: 7.67s
2025-04-08 15:02:07,206 - INFO - 迭代 11/100 | 阶段: evolutionary learning | 最佳完工时间: 1838.00 | 迭代耗时: 0.87s | 总耗时: 8.55s
2025-04-08 15:02:08,119 - INFO - 迭代 12/100 | 阶段: evolutionary learning | 最佳完工时间: 1838.00 | 迭代耗时: 0.91s | 总耗时: 9.46s
2025-04-08 15:02:09,057 - INFO - EL找到新的最优解，完工时间: 1834.00
2025-04-08 15:02:09,057 - INFO - 迭代 13/100 | 阶段: evolutionary learning | 最佳完工时间: 1834.00 | 迭代耗时: 0.94s | 总耗时: 10.40s
2025-04-08 15:02:10,008 - INFO - EL找到新的最优解，完工时间: 1825.00
2025-04-08 15:02:10,008 - INFO - 迭代 14/100 | 阶段: evolutionary learning | 最佳完工时间: 1825.00 | 迭代耗时: 0.95s | 总耗时: 11.35s
2025-04-08 15:02:10,925 - INFO - EL找到新的最优解，完工时间: 1810.00
2025-04-08 15:02:10,925 - INFO - 迭代 15/100 | 阶段: evolutionary learning | 最佳完工时间: 1810.00 | 迭代耗时: 0.92s | 总耗时: 12.26s
2025-04-08 15:02:11,828 - INFO - EL找到新的最优解，完工时间: 1804.00
2025-04-08 15:02:11,829 - INFO - 迭代 16/100 | 阶段: evolutionary learning | 最佳完工时间: 1804.00 | 迭代耗时: 0.90s | 总耗时: 13.17s
2025-04-08 15:02:12,768 - INFO - 迭代 17/100 | 阶段: evolutionary learning | 最佳完工时间: 1804.00 | 迭代耗时: 0.94s | 总耗时: 14.11s
2025-04-08 15:02:13,687 - INFO - 迭代 18/100 | 阶段: evolutionary learning | 最佳完工时间: 1804.00 | 迭代耗时: 0.92s | 总耗时: 15.03s
2025-04-08 15:02:14,633 - INFO - EL找到新的最优解，完工时间: 1790.00
2025-04-08 15:02:14,633 - INFO - 迭代 19/100 | 阶段: evolutionary learning | 最佳完工时间: 1790.00 | 迭代耗时: 0.94s | 总耗时: 15.97s
2025-04-08 15:02:15,549 - INFO - EL找到新的最优解，完工时间: 1786.00
2025-04-08 15:02:15,549 - INFO - 迭代 20/100 | 阶段: evolutionary learning | 最佳完工时间: 1786.00 | 迭代耗时: 0.92s | 总耗时: 16.89s
2025-04-08 15:02:16,467 - INFO - EL找到新的最优解，完工时间: 1770.00
2025-04-08 15:02:16,467 - INFO - 迭代 21/100 | 阶段: evolutionary learning | 最佳完工时间: 1770.00 | 迭代耗时: 0.92s | 总耗时: 17.81s
2025-04-08 15:02:17,379 - INFO - 迭代 22/100 | 阶段: evolutionary learning | 最佳完工时间: 1770.00 | 迭代耗时: 0.91s | 总耗时: 18.72s
2025-04-08 15:02:18,284 - INFO - 迭代 23/100 | 阶段: evolutionary learning | 最佳完工时间: 1770.00 | 迭代耗时: 0.91s | 总耗时: 19.62s
2025-04-08 15:02:19,177 - INFO - 迭代 24/100 | 阶段: evolutionary learning | 最佳完工时间: 1770.00 | 迭代耗时: 0.89s | 总耗时: 20.52s
2025-04-08 15:02:20,095 - INFO - 迭代 25/100 | 阶段: evolutionary learning | 最佳完工时间: 1770.00 | 迭代耗时: 0.92s | 总耗时: 21.43s
2025-04-08 15:02:21,014 - INFO - EL找到新的最优解，完工时间: 1745.00
2025-04-08 15:02:21,015 - INFO - 迭代 26/100 | 阶段: evolutionary learning | 最佳完工时间: 1745.00 | 迭代耗时: 0.92s | 总耗时: 22.36s
2025-04-08 15:02:21,934 - INFO - EL找到新的最优解，完工时间: 1744.00
2025-04-08 15:02:21,935 - INFO - 迭代 27/100 | 阶段: evolutionary learning | 最佳完工时间: 1744.00 | 迭代耗时: 0.92s | 总耗时: 23.28s
2025-04-08 15:02:22,876 - INFO - 迭代 28/100 | 阶段: evolutionary learning | 最佳完工时间: 1744.00 | 迭代耗时: 0.94s | 总耗时: 24.22s
2025-04-08 15:02:23,848 - INFO - EL找到新的最优解，完工时间: 1734.00
2025-04-08 15:02:23,848 - INFO - 迭代 29/100 | 阶段: evolutionary learning | 最佳完工时间: 1734.00 | 迭代耗时: 0.97s | 总耗时: 25.19s
2025-04-08 15:02:24,759 - INFO - 迭代 30/100 | 阶段: evolutionary learning | 最佳完工时间: 1734.00 | 迭代耗时: 0.91s | 总耗时: 26.10s
2025-04-08 15:02:25,674 - INFO - EL找到新的最优解，完工时间: 1733.00
2025-04-08 15:02:25,674 - INFO - 迭代 31/100 | 阶段: evolutionary learning | 最佳完工时间: 1733.00 | 迭代耗时: 0.91s | 总耗时: 27.01s
2025-04-08 15:02:26,620 - INFO - EL找到新的最优解，完工时间: 1728.00
2025-04-08 15:02:26,620 - INFO - 迭代 32/100 | 阶段: evolutionary learning | 最佳完工时间: 1728.00 | 迭代耗时: 0.95s | 总耗时: 27.96s
2025-04-08 15:02:27,540 - INFO - 迭代 33/100 | 阶段: evolutionary learning | 最佳完工时间: 1728.00 | 迭代耗时: 0.92s | 总耗时: 28.88s
2025-04-08 15:02:28,490 - INFO - EL找到新的最优解，完工时间: 1725.00
2025-04-08 15:02:28,491 - INFO - 迭代 34/100 | 阶段: evolutionary learning | 最佳完工时间: 1725.00 | 迭代耗时: 0.95s | 总耗时: 29.83s
2025-04-08 15:02:29,402 - INFO - EL找到新的最优解，完工时间: 1722.00
2025-04-08 15:02:29,403 - INFO - 迭代 35/100 | 阶段: evolutionary learning | 最佳完工时间: 1722.00 | 迭代耗时: 0.91s | 总耗时: 30.74s
2025-04-08 15:02:30,302 - INFO - EL找到新的最优解，完工时间: 1717.00
2025-04-08 15:02:30,302 - INFO - 迭代 36/100 | 阶段: evolutionary learning | 最佳完工时间: 1717.00 | 迭代耗时: 0.90s | 总耗时: 31.64s
2025-04-08 15:02:31,207 - INFO - EL找到新的最优解，完工时间: 1699.00
2025-04-08 15:02:31,207 - INFO - 迭代 37/100 | 阶段: evolutionary learning | 最佳完工时间: 1699.00 | 迭代耗时: 0.91s | 总耗时: 32.55s
2025-04-08 15:02:32,108 - INFO - 迭代 38/100 | 阶段: evolutionary learning | 最佳完工时间: 1699.00 | 迭代耗时: 0.90s | 总耗时: 33.45s
2025-04-08 15:02:33,002 - INFO - 迭代 39/100 | 阶段: evolutionary learning | 最佳完工时间: 1699.00 | 迭代耗时: 0.89s | 总耗时: 34.34s
2025-04-08 15:02:33,924 - INFO - 迭代 40/100 | 阶段: evolutionary learning | 最佳完工时间: 1699.00 | 迭代耗时: 0.92s | 总耗时: 35.26s
2025-04-08 15:02:34,848 - INFO - 迭代 41/100 | 阶段: evolutionary learning | 最佳完工时间: 1699.00 | 迭代耗时: 0.92s | 总耗时: 36.19s
2025-04-08 15:02:35,780 - INFO - EL找到新的最优解，完工时间: 1698.00
2025-04-08 15:02:35,780 - INFO - 迭代 42/100 | 阶段: evolutionary learning | 最佳完工时间: 1698.00 | 迭代耗时: 0.93s | 总耗时: 37.12s
2025-04-08 15:02:36,669 - INFO - 迭代 43/100 | 阶段: evolutionary learning | 最佳完工时间: 1698.00 | 迭代耗时: 0.89s | 总耗时: 38.01s
2025-04-08 15:02:37,566 - INFO - 迭代 44/100 | 阶段: evolutionary learning | 最佳完工时间: 1698.00 | 迭代耗时: 0.90s | 总耗时: 38.91s
2025-04-08 15:02:38,470 - INFO - EL找到新的最优解，完工时间: 1696.00
2025-04-08 15:02:38,470 - INFO - 迭代 45/100 | 阶段: evolutionary learning | 最佳完工时间: 1696.00 | 迭代耗时: 0.90s | 总耗时: 39.81s
2025-04-08 15:02:39,387 - INFO - EL找到新的最优解，完工时间: 1692.00
2025-04-08 15:02:39,387 - INFO - 迭代 46/100 | 阶段: evolutionary learning | 最佳完工时间: 1692.00 | 迭代耗时: 0.92s | 总耗时: 40.73s
2025-04-08 15:02:40,295 - INFO - EL找到新的最优解，完工时间: 1688.00
2025-04-08 15:02:40,295 - INFO - 迭代 47/100 | 阶段: evolutionary learning | 最佳完工时间: 1688.00 | 迭代耗时: 0.91s | 总耗时: 41.63s
2025-04-08 15:02:41,185 - INFO - EL找到新的最优解，完工时间: 1681.00
2025-04-08 15:02:41,185 - INFO - 迭代 48/100 | 阶段: evolutionary learning | 最佳完工时间: 1681.00 | 迭代耗时: 0.89s | 总耗时: 42.53s
2025-04-08 15:02:42,086 - INFO - EL找到新的最优解，完工时间: 1680.00
2025-04-08 15:02:42,086 - INFO - 迭代 49/100 | 阶段: evolutionary learning | 最佳完工时间: 1680.00 | 迭代耗时: 0.90s | 总耗时: 43.43s
2025-04-08 15:02:42,994 - INFO - 迭代 50/100 | 阶段: evolutionary learning | 最佳完工时间: 1680.00 | 迭代耗时: 0.91s | 总耗时: 44.33s
2025-04-08 15:02:43,893 - INFO - EL找到新的最优解，完工时间: 1675.00
2025-04-08 15:02:43,893 - INFO - 迭代 51/100 | 阶段: evolutionary learning | 最佳完工时间: 1675.00 | 迭代耗时: 0.90s | 总耗时: 45.23s
2025-04-08 15:02:44,792 - INFO - EL找到新的最优解，完工时间: 1673.00
2025-04-08 15:02:44,792 - INFO - 迭代 52/100 | 阶段: evolutionary learning | 最佳完工时间: 1673.00 | 迭代耗时: 0.90s | 总耗时: 46.13s
2025-04-08 15:02:45,711 - INFO - 迭代 53/100 | 阶段: evolutionary learning | 最佳完工时间: 1673.00 | 迭代耗时: 0.92s | 总耗时: 47.05s
2025-04-08 15:02:46,626 - INFO - 迭代 54/100 | 阶段: evolutionary learning | 最佳完工时间: 1673.00 | 迭代耗时: 0.91s | 总耗时: 47.97s
2025-04-08 15:02:47,511 - INFO - EL找到新的最优解，完工时间: 1670.00
2025-04-08 15:02:47,511 - INFO - 迭代 55/100 | 阶段: evolutionary learning | 最佳完工时间: 1670.00 | 迭代耗时: 0.88s | 总耗时: 48.85s
2025-04-08 15:02:48,412 - INFO - 迭代 56/100 | 阶段: evolutionary learning | 最佳完工时间: 1670.00 | 迭代耗时: 0.90s | 总耗时: 49.75s
2025-04-08 15:02:49,320 - INFO - EL找到新的最优解，完工时间: 1666.00
2025-04-08 15:02:49,321 - INFO - 迭代 57/100 | 阶段: evolutionary learning | 最佳完工时间: 1666.00 | 迭代耗时: 0.91s | 总耗时: 50.66s
2025-04-08 15:02:50,203 - INFO - EL找到新的最优解，完工时间: 1660.00
2025-04-08 15:02:50,203 - INFO - 迭代 58/100 | 阶段: evolutionary learning | 最佳完工时间: 1660.00 | 迭代耗时: 0.88s | 总耗时: 51.54s
2025-04-08 15:02:51,086 - INFO - 迭代 59/100 | 阶段: evolutionary learning | 最佳完工时间: 1660.00 | 迭代耗时: 0.88s | 总耗时: 52.43s
2025-04-08 15:02:51,968 - INFO - 迭代 60/100 | 阶段: evolutionary learning | 最佳完工时间: 1660.00 | 迭代耗时: 0.88s | 总耗时: 53.31s
2025-04-08 15:02:52,862 - INFO - EL找到新的最优解，完工时间: 1659.00
2025-04-08 15:02:52,862 - INFO - 迭代 61/100 | 阶段: evolutionary learning | 最佳完工时间: 1659.00 | 迭代耗时: 0.89s | 总耗时: 54.20s
2025-04-08 15:02:53,748 - INFO - EL找到新的最优解，完工时间: 1655.00
2025-04-08 15:02:53,749 - INFO - 迭代 62/100 | 阶段: evolutionary learning | 最佳完工时间: 1655.00 | 迭代耗时: 0.89s | 总耗时: 55.09s
2025-04-08 15:02:54,647 - INFO - 迭代 63/100 | 阶段: evolutionary learning | 最佳完工时间: 1655.00 | 迭代耗时: 0.90s | 总耗时: 55.99s
2025-04-08 15:02:55,521 - INFO - EL找到新的最优解，完工时间: 1650.00
2025-04-08 15:02:55,521 - INFO - 迭代 64/100 | 阶段: evolutionary learning | 最佳完工时间: 1650.00 | 迭代耗时: 0.87s | 总耗时: 56.86s
2025-04-08 15:02:56,438 - INFO - EL找到新的最优解，完工时间: 1649.00
2025-04-08 15:02:56,438 - INFO - 迭代 65/100 | 阶段: evolutionary learning | 最佳完工时间: 1649.00 | 迭代耗时: 0.92s | 总耗时: 57.78s
2025-04-08 15:02:57,352 - INFO - 迭代 66/100 | 阶段: evolutionary learning | 最佳完工时间: 1649.00 | 迭代耗时: 0.91s | 总耗时: 58.69s
2025-04-08 15:02:58,287 - INFO - EL找到新的最优解，完工时间: 1645.00
2025-04-08 15:02:58,287 - INFO - 迭代 67/100 | 阶段: evolutionary learning | 最佳完工时间: 1645.00 | 迭代耗时: 0.93s | 总耗时: 59.63s
2025-04-08 15:02:59,171 - INFO - EL找到新的最优解，完工时间: 1644.00
2025-04-08 15:02:59,171 - INFO - 迭代 68/100 | 阶段: evolutionary learning | 最佳完工时间: 1644.00 | 迭代耗时: 0.88s | 总耗时: 60.51s
2025-04-08 15:03:00,059 - INFO - EL找到新的最优解，完工时间: 1639.00
2025-04-08 15:03:00,059 - INFO - 迭代 69/100 | 阶段: evolutionary learning | 最佳完工时间: 1639.00 | 迭代耗时: 0.89s | 总耗时: 61.40s
2025-04-08 15:03:01,002 - INFO - 迭代 70/100 | 阶段: evolutionary learning | 最佳完工时间: 1639.00 | 迭代耗时: 0.94s | 总耗时: 62.34s
2025-04-08 15:03:01,940 - INFO - 迭代 71/100 | 阶段: evolutionary learning | 最佳完工时间: 1639.00 | 迭代耗时: 0.94s | 总耗时: 63.28s
2025-04-08 15:03:02,827 - INFO - 迭代 72/100 | 阶段: evolutionary learning | 最佳完工时间: 1639.00 | 迭代耗时: 0.89s | 总耗时: 64.17s
2025-04-08 15:03:03,737 - INFO - EL找到新的最优解，完工时间: 1637.00
2025-04-08 15:03:03,738 - INFO - 迭代 73/100 | 阶段: evolutionary learning | 最佳完工时间: 1637.00 | 迭代耗时: 0.91s | 总耗时: 65.08s
2025-04-08 15:03:04,641 - INFO - EL找到新的最优解，完工时间: 1634.00
2025-04-08 15:03:04,641 - INFO - 迭代 74/100 | 阶段: evolutionary learning | 最佳完工时间: 1634.00 | 迭代耗时: 0.90s | 总耗时: 65.98s
2025-04-08 15:03:05,540 - INFO - 迭代 75/100 | 阶段: evolutionary learning | 最佳完工时间: 1634.00 | 迭代耗时: 0.90s | 总耗时: 66.88s
2025-04-08 15:03:06,430 - INFO - 迭代 76/100 | 阶段: evolutionary learning | 最佳完工时间: 1634.00 | 迭代耗时: 0.89s | 总耗时: 67.77s
2025-04-08 15:03:07,329 - INFO - EL找到新的最优解，完工时间: 1630.00
2025-04-08 15:03:07,331 - INFO - 迭代 77/100 | 阶段: evolutionary learning | 最佳完工时间: 1630.00 | 迭代耗时: 0.90s | 总耗时: 68.67s
2025-04-08 15:03:08,212 - INFO - 迭代 78/100 | 阶段: evolutionary learning | 最佳完工时间: 1630.00 | 迭代耗时: 0.88s | 总耗时: 69.55s
2025-04-08 15:03:09,126 - INFO - 迭代 79/100 | 阶段: evolutionary learning | 最佳完工时间: 1630.00 | 迭代耗时: 0.91s | 总耗时: 70.47s
2025-04-08 15:03:10,034 - INFO - 迭代 80/100 | 阶段: evolutionary learning | 最佳完工时间: 1630.00 | 迭代耗时: 0.91s | 总耗时: 71.37s
2025-04-08 15:03:10,927 - INFO - EL找到新的最优解，完工时间: 1627.00
2025-04-08 15:03:10,927 - INFO - 迭代 81/100 | 阶段: evolutionary learning | 最佳完工时间: 1627.00 | 迭代耗时: 0.89s | 总耗时: 72.27s
2025-04-08 15:03:11,820 - INFO - 迭代 82/100 | 阶段: evolutionary learning | 最佳完工时间: 1627.00 | 迭代耗时: 0.89s | 总耗时: 73.16s
2025-04-08 15:03:12,712 - INFO - 迭代 83/100 | 阶段: evolutionary learning | 最佳完工时间: 1627.00 | 迭代耗时: 0.89s | 总耗时: 74.05s
2025-04-08 15:03:13,614 - INFO - EL找到新的最优解，完工时间: 1625.00
2025-04-08 15:03:13,614 - INFO - 迭代 84/100 | 阶段: evolutionary learning | 最佳完工时间: 1625.00 | 迭代耗时: 0.90s | 总耗时: 74.95s
2025-04-08 15:03:14,530 - INFO - EL找到新的最优解，完工时间: 1621.00
2025-04-08 15:03:14,531 - INFO - 迭代 85/100 | 阶段: evolutionary learning | 最佳完工时间: 1621.00 | 迭代耗时: 0.92s | 总耗时: 75.87s
2025-04-08 15:03:15,454 - INFO - 迭代 86/100 | 阶段: evolutionary learning | 最佳完工时间: 1621.00 | 迭代耗时: 0.92s | 总耗时: 76.79s
2025-04-08 15:03:16,375 - INFO - EL找到新的最优解，完工时间: 1619.00
2025-04-08 15:03:16,377 - INFO - 迭代 87/100 | 阶段: evolutionary learning | 最佳完工时间: 1619.00 | 迭代耗时: 0.92s | 总耗时: 77.72s
2025-04-08 15:03:17,295 - INFO - 迭代 88/100 | 阶段: evolutionary learning | 最佳完工时间: 1619.00 | 迭代耗时: 0.92s | 总耗时: 78.64s
2025-04-08 15:03:18,202 - INFO - EL找到新的最优解，完工时间: 1613.00
2025-04-08 15:03:18,202 - INFO - 迭代 89/100 | 阶段: evolutionary learning | 最佳完工时间: 1613.00 | 迭代耗时: 0.91s | 总耗时: 79.54s
2025-04-08 15:03:19,116 - INFO - 迭代 90/100 | 阶段: evolutionary learning | 最佳完工时间: 1613.00 | 迭代耗时: 0.91s | 总耗时: 80.46s
2025-04-08 15:03:20,017 - INFO - 迭代 91/100 | 阶段: evolutionary learning | 最佳完工时间: 1613.00 | 迭代耗时: 0.90s | 总耗时: 81.36s
2025-04-08 15:03:20,926 - INFO - 迭代 92/100 | 阶段: evolutionary learning | 最佳完工时间: 1613.00 | 迭代耗时: 0.91s | 总耗时: 82.27s
2025-04-08 15:03:21,828 - INFO - EL找到新的最优解，完工时间: 1609.00
2025-04-08 15:03:21,828 - INFO - 迭代 93/100 | 阶段: evolutionary learning | 最佳完工时间: 1609.00 | 迭代耗时: 0.90s | 总耗时: 83.17s
2025-04-08 15:03:22,730 - INFO - 迭代 94/100 | 阶段: evolutionary learning | 最佳完工时间: 1609.00 | 迭代耗时: 0.90s | 总耗时: 84.07s
2025-04-08 15:03:23,657 - INFO - 迭代 95/100 | 阶段: evolutionary learning | 最佳完工时间: 1609.00 | 迭代耗时: 0.93s | 总耗时: 85.00s
2025-04-08 15:03:24,530 - INFO - 迭代 96/100 | 阶段: evolutionary learning | 最佳完工时间: 1609.00 | 迭代耗时: 0.87s | 总耗时: 85.87s
2025-04-08 15:03:25,416 - INFO - 迭代 97/100 | 阶段: evolutionary learning | 最佳完工时间: 1609.00 | 迭代耗时: 0.89s | 总耗时: 86.76s
2025-04-08 15:03:26,328 - INFO - EL找到新的最优解，完工时间: 1605.00
2025-04-08 15:03:26,328 - INFO - 迭代 98/100 | 阶段: evolutionary learning | 最佳完工时间: 1605.00 | 迭代耗时: 0.91s | 总耗时: 87.67s
2025-04-08 15:03:27,224 - INFO - 迭代 99/100 | 阶段: evolutionary learning | 最佳完工时间: 1605.00 | 迭代耗时: 0.90s | 总耗时: 88.56s
2025-04-08 15:03:28,155 - INFO - 迭代 100/100 | 阶段: evolutionary learning | 最佳完工时间: 1605.00 | 迭代耗时: 0.93s | 总耗时: 89.50s
2025-04-08 15:03:28,156 - INFO - 两阶段混合学习算法完成，总耗时: 89.50s, 最终最佳完工时间: 1605.00
