2025-04-08 15:56:47,669 - DEBUG - 开始两阶段混合学习算法，最大迭代次数: 100
2025-04-08 15:56:48,125 - INFO - 迭代 1：SL找到新的最优解，完工时间: 1946.00，pointer=0
2025-04-08 15:56:48,126 - DEBUG - 迭代 1/100 | 阶段: statistical learning | 最佳完工时间: 1946.00 | 迭代耗时: 0.46s | 
2025-04-08 15:56:48,597 - INFO - 迭代 2：SL找到新的最优解，完工时间: 1880.00，pointer=0
2025-04-08 15:56:48,597 - DEBUG - 迭代 2/100 | 阶段: statistical learning | 最佳完工时间: 1880.00 | 迭代耗时: 0.47s | 
2025-04-08 15:56:49,068 - DEBUG - 迭代 3：SL没有找到更好的解，当前完工时间: 1947.00，pointer=1
2025-04-08 15:56:49,068 - DEBUG - 迭代 3/100 | 阶段: statistical learning | 最佳完工时间: 1880.00 | 迭代耗时: 0.47s | 
2025-04-08 15:56:49,530 - DEBUG - 迭代 4：SL没有找到更好的解，当前完工时间: 1946.00，pointer=2
2025-04-08 15:56:49,530 - DEBUG - 迭代 4/100 | 阶段: statistical learning | 最佳完工时间: 1880.00 | 迭代耗时: 0.46s | 
2025-04-08 15:56:49,996 - DEBUG - 迭代 5：SL没有找到更好的解，当前完工时间: 1912.00，pointer=3
2025-04-08 15:56:49,996 - DEBUG - 迭代 5/100 | 阶段: statistical learning | 最佳完工时间: 1880.00 | 迭代耗时: 0.47s | 
2025-04-08 15:56:50,457 - DEBUG - 迭代 6：SL没有找到更好的解，当前完工时间: 1934.00，pointer=4
2025-04-08 15:56:50,457 - DEBUG - 迭代 6/100 | 阶段: statistical learning | 最佳完工时间: 1880.00 | 迭代耗时: 0.46s | 
2025-04-08 15:56:50,920 - INFO - 迭代 7：SL找到新的最优解，完工时间: 1871.00，pointer=0
2025-04-08 15:56:50,921 - DEBUG - 迭代 7/100 | 阶段: statistical learning | 最佳完工时间: 1871.00 | 迭代耗时: 0.46s | 
2025-04-08 15:56:51,391 - DEBUG - 迭代 8：SL没有找到更好的解，当前完工时间: 1943.00，pointer=1
2025-04-08 15:56:51,391 - DEBUG - 迭代 8/100 | 阶段: statistical learning | 最佳完工时间: 1871.00 | 迭代耗时: 0.47s | 
2025-04-08 15:56:51,857 - DEBUG - 迭代 9：SL没有找到更好的解，当前完工时间: 1912.00，pointer=2
2025-04-08 15:56:51,858 - DEBUG - 迭代 9/100 | 阶段: statistical learning | 最佳完工时间: 1871.00 | 迭代耗时: 0.47s | 
2025-04-08 15:56:52,326 - DEBUG - 迭代 10：SL没有找到更好的解，当前完工时间: 1952.00，pointer=3
2025-04-08 15:56:52,327 - DEBUG - 迭代 10/100 | 阶段: statistical learning | 最佳完工时间: 1871.00 | 迭代耗时: 0.47s | 
2025-04-08 15:56:52,793 - DEBUG - 迭代 11：SL没有找到更好的解，当前完工时间: 1926.00，pointer=4
2025-04-08 15:56:52,793 - DEBUG - 迭代 11/100 | 阶段: statistical learning | 最佳完工时间: 1871.00 | 迭代耗时: 0.47s | 
2025-04-08 15:56:53,259 - DEBUG - 迭代 12：SL没有找到更好的解，当前完工时间: 1905.00，pointer=5
2025-04-08 15:56:53,259 - INFO - 迭代 12：SL阶段终止条件满足，切换到EL阶段
2025-04-08 15:56:53,259 - INFO - 迭代 12：pointer=5, threshold=4.45
2025-04-08 15:56:53,260 - INFO - 切换到EL阶段，使用SL种群初始化EL种群，种群大小: 100
2025-04-08 15:56:53,260 - DEBUG - 迭代 12/100 | 阶段: evolutionary learning | 最佳完工时间: 1871.00 | 迭代耗时: 0.47s | 
2025-04-08 15:56:54,003 - DEBUG - 迭代 13：EL当前最优解完工时间: 1905.00
2025-04-08 15:56:54,003 - DEBUG - 迭代 13/100 | 阶段: evolutionary learning | 最佳完工时间: 1871.00 | 迭代耗时: 0.74s | 
2025-04-08 15:56:54,742 - DEBUG - 迭代 14：EL当前最优解完工时间: 1905.00
2025-04-08 15:56:54,742 - DEBUG - 迭代 14/100 | 阶段: evolutionary learning | 最佳完工时间: 1871.00 | 迭代耗时: 0.74s | 
2025-04-08 15:56:55,488 - DEBUG - 迭代 15：EL当前最优解完工时间: 1887.00
2025-04-08 15:56:55,488 - DEBUG - 迭代 15/100 | 阶段: evolutionary learning | 最佳完工时间: 1871.00 | 迭代耗时: 0.75s | 
2025-04-08 15:56:56,238 - DEBUG - 迭代 16：EL当前最优解完工时间: 1887.00
2025-04-08 15:56:56,238 - DEBUG - 迭代 16/100 | 阶段: evolutionary learning | 最佳完工时间: 1871.00 | 迭代耗时: 0.75s | 
2025-04-08 15:56:56,992 - DEBUG - 迭代 17：EL当前最优解完工时间: 1887.00
2025-04-08 15:56:56,992 - DEBUG - 迭代 17/100 | 阶段: evolutionary learning | 最佳完工时间: 1871.00 | 迭代耗时: 0.75s | 
2025-04-08 15:56:57,747 - DEBUG - 迭代 18：EL当前最优解完工时间: 1883.00
2025-04-08 15:56:57,747 - DEBUG - 迭代 18/100 | 阶段: evolutionary learning | 最佳完工时间: 1871.00 | 迭代耗时: 0.76s | 
2025-04-08 15:56:58,505 - DEBUG - 迭代 19：EL当前最优解完工时间: 1866.00
2025-04-08 15:56:58,505 - INFO - 迭代 19：EL找到新的最优解，完工时间: 1866.00
2025-04-08 15:56:58,505 - DEBUG - 迭代 19/100 | 阶段: evolutionary learning | 最佳完工时间: 1866.00 | 迭代耗时: 0.76s | 
2025-04-08 15:56:59,250 - DEBUG - 迭代 20：EL当前最优解完工时间: 1866.00
2025-04-08 15:56:59,250 - DEBUG - 迭代 20/100 | 阶段: evolutionary learning | 最佳完工时间: 1866.00 | 迭代耗时: 0.75s | 
2025-04-08 15:56:59,997 - DEBUG - 迭代 21：EL当前最优解完工时间: 1846.00
2025-04-08 15:56:59,997 - INFO - 迭代 21：EL找到新的最优解，完工时间: 1846.00
2025-04-08 15:56:59,997 - DEBUG - 迭代 21/100 | 阶段: evolutionary learning | 最佳完工时间: 1846.00 | 迭代耗时: 0.75s | 
2025-04-08 15:57:00,770 - DEBUG - 迭代 22：EL当前最优解完工时间: 1846.00
2025-04-08 15:57:00,770 - DEBUG - 迭代 22/100 | 阶段: evolutionary learning | 最佳完工时间: 1846.00 | 迭代耗时: 0.77s | 
2025-04-08 15:57:01,526 - DEBUG - 迭代 23：EL当前最优解完工时间: 1846.00
2025-04-08 15:57:01,526 - DEBUG - 迭代 23/100 | 阶段: evolutionary learning | 最佳完工时间: 1846.00 | 迭代耗时: 0.76s | 
2025-04-08 15:57:02,267 - DEBUG - 迭代 24：EL当前最优解完工时间: 1846.00
2025-04-08 15:57:02,267 - DEBUG - 迭代 24/100 | 阶段: evolutionary learning | 最佳完工时间: 1846.00 | 迭代耗时: 0.74s | 
2025-04-08 15:57:03,009 - DEBUG - 迭代 25：EL当前最优解完工时间: 1823.00
2025-04-08 15:57:03,009 - INFO - 迭代 25：EL找到新的最优解，完工时间: 1823.00
2025-04-08 15:57:03,009 - DEBUG - 迭代 25/100 | 阶段: evolutionary learning | 最佳完工时间: 1823.00 | 迭代耗时: 0.74s | 
2025-04-08 15:57:03,757 - DEBUG - 迭代 26：EL当前最优解完工时间: 1808.00
2025-04-08 15:57:03,757 - INFO - 迭代 26：EL找到新的最优解，完工时间: 1808.00
2025-04-08 15:57:03,757 - DEBUG - 迭代 26/100 | 阶段: evolutionary learning | 最佳完工时间: 1808.00 | 迭代耗时: 0.75s | 
2025-04-08 15:57:04,512 - DEBUG - 迭代 27：EL当前最优解完工时间: 1808.00
2025-04-08 15:57:04,512 - DEBUG - 迭代 27/100 | 阶段: evolutionary learning | 最佳完工时间: 1808.00 | 迭代耗时: 0.76s | 
2025-04-08 15:57:05,256 - DEBUG - 迭代 28：EL当前最优解完工时间: 1808.00
2025-04-08 15:57:05,256 - DEBUG - 迭代 28/100 | 阶段: evolutionary learning | 最佳完工时间: 1808.00 | 迭代耗时: 0.74s | 
2025-04-08 15:57:06,000 - DEBUG - 迭代 29：EL当前最优解完工时间: 1808.00
2025-04-08 15:57:06,000 - DEBUG - 迭代 29/100 | 阶段: evolutionary learning | 最佳完工时间: 1808.00 | 迭代耗时: 0.74s | 
2025-04-08 15:57:06,734 - DEBUG - 迭代 30：EL当前最优解完工时间: 1802.00
2025-04-08 15:57:06,734 - INFO - 迭代 30：EL找到新的最优解，完工时间: 1802.00
2025-04-08 15:57:06,734 - DEBUG - 迭代 30/100 | 阶段: evolutionary learning | 最佳完工时间: 1802.00 | 迭代耗时: 0.73s | 
2025-04-08 15:57:07,464 - DEBUG - 迭代 31：EL当前最优解完工时间: 1802.00
2025-04-08 15:57:07,464 - DEBUG - 迭代 31/100 | 阶段: evolutionary learning | 最佳完工时间: 1802.00 | 迭代耗时: 0.73s | 
2025-04-08 15:57:08,200 - DEBUG - 迭代 32：EL当前最优解完工时间: 1802.00
2025-04-08 15:57:08,200 - DEBUG - 迭代 32/100 | 阶段: evolutionary learning | 最佳完工时间: 1802.00 | 迭代耗时: 0.74s | 
2025-04-08 15:57:08,939 - DEBUG - 迭代 33：EL当前最优解完工时间: 1800.00
2025-04-08 15:57:08,939 - INFO - 迭代 33：EL找到新的最优解，完工时间: 1800.00
2025-04-08 15:57:08,939 - DEBUG - 迭代 33/100 | 阶段: evolutionary learning | 最佳完工时间: 1800.00 | 迭代耗时: 0.74s | 
2025-04-08 15:57:09,685 - DEBUG - 迭代 34：EL当前最优解完工时间: 1785.00
2025-04-08 15:57:09,685 - INFO - 迭代 34：EL找到新的最优解，完工时间: 1785.00
2025-04-08 15:57:09,685 - DEBUG - 迭代 34/100 | 阶段: evolutionary learning | 最佳完工时间: 1785.00 | 迭代耗时: 0.75s | 
2025-04-08 15:57:10,426 - DEBUG - 迭代 35：EL当前最优解完工时间: 1785.00
2025-04-08 15:57:10,426 - DEBUG - 迭代 35/100 | 阶段: evolutionary learning | 最佳完工时间: 1785.00 | 迭代耗时: 0.74s | 
2025-04-08 15:57:11,164 - DEBUG - 迭代 36：EL当前最优解完工时间: 1785.00
2025-04-08 15:57:11,164 - DEBUG - 迭代 36/100 | 阶段: evolutionary learning | 最佳完工时间: 1785.00 | 迭代耗时: 0.74s | 
2025-04-08 15:57:11,897 - DEBUG - 迭代 37：EL当前最优解完工时间: 1764.00
2025-04-08 15:57:11,897 - INFO - 迭代 37：EL找到新的最优解，完工时间: 1764.00
2025-04-08 15:57:11,897 - DEBUG - 迭代 37/100 | 阶段: evolutionary learning | 最佳完工时间: 1764.00 | 迭代耗时: 0.73s | 
2025-04-08 15:57:12,655 - DEBUG - 迭代 38：EL当前最优解完工时间: 1762.00
2025-04-08 15:57:12,655 - INFO - 迭代 38：EL找到新的最优解，完工时间: 1762.00
2025-04-08 15:57:12,655 - DEBUG - 迭代 38/100 | 阶段: evolutionary learning | 最佳完工时间: 1762.00 | 迭代耗时: 0.76s | 
2025-04-08 15:57:13,402 - DEBUG - 迭代 39：EL当前最优解完工时间: 1762.00
2025-04-08 15:57:13,402 - DEBUG - 迭代 39/100 | 阶段: evolutionary learning | 最佳完工时间: 1762.00 | 迭代耗时: 0.75s | 
2025-04-08 15:57:14,142 - DEBUG - 迭代 40：EL当前最优解完工时间: 1754.00
2025-04-08 15:57:14,142 - INFO - 迭代 40：EL找到新的最优解，完工时间: 1754.00
2025-04-08 15:57:14,142 - DEBUG - 迭代 40/100 | 阶段: evolutionary learning | 最佳完工时间: 1754.00 | 迭代耗时: 0.74s | 
2025-04-08 15:57:14,907 - DEBUG - 迭代 41：EL当前最优解完工时间: 1750.00
2025-04-08 15:57:14,907 - INFO - 迭代 41：EL找到新的最优解，完工时间: 1750.00
2025-04-08 15:57:14,907 - DEBUG - 迭代 41/100 | 阶段: evolutionary learning | 最佳完工时间: 1750.00 | 迭代耗时: 0.77s | 
2025-04-08 15:57:15,673 - DEBUG - 迭代 42：EL当前最优解完工时间: 1744.00
2025-04-08 15:57:15,673 - INFO - 迭代 42：EL找到新的最优解，完工时间: 1744.00
2025-04-08 15:57:15,673 - DEBUG - 迭代 42/100 | 阶段: evolutionary learning | 最佳完工时间: 1744.00 | 迭代耗时: 0.77s | 
2025-04-08 15:57:16,446 - DEBUG - 迭代 43：EL当前最优解完工时间: 1744.00
2025-04-08 15:57:16,447 - DEBUG - 迭代 43/100 | 阶段: evolutionary learning | 最佳完工时间: 1744.00 | 迭代耗时: 0.77s | 
2025-04-08 15:57:17,195 - DEBUG - 迭代 44：EL当前最优解完工时间: 1718.00
2025-04-08 15:57:17,195 - INFO - 迭代 44：EL找到新的最优解，完工时间: 1718.00
2025-04-08 15:57:17,195 - DEBUG - 迭代 44/100 | 阶段: evolutionary learning | 最佳完工时间: 1718.00 | 迭代耗时: 0.75s | 
2025-04-08 15:57:17,953 - DEBUG - 迭代 45：EL当前最优解完工时间: 1718.00
2025-04-08 15:57:17,953 - DEBUG - 迭代 45/100 | 阶段: evolutionary learning | 最佳完工时间: 1718.00 | 迭代耗时: 0.76s | 
2025-04-08 15:57:18,725 - DEBUG - 迭代 46：EL当前最优解完工时间: 1718.00
2025-04-08 15:57:18,725 - DEBUG - 迭代 46/100 | 阶段: evolutionary learning | 最佳完工时间: 1718.00 | 迭代耗时: 0.77s | 
2025-04-08 15:57:19,484 - DEBUG - 迭代 47：EL当前最优解完工时间: 1697.00
2025-04-08 15:57:19,484 - INFO - 迭代 47：EL找到新的最优解，完工时间: 1697.00
2025-04-08 15:57:19,484 - DEBUG - 迭代 47/100 | 阶段: evolutionary learning | 最佳完工时间: 1697.00 | 迭代耗时: 0.76s | 
2025-04-08 15:57:20,226 - DEBUG - 迭代 48：EL当前最优解完工时间: 1697.00
2025-04-08 15:57:20,226 - DEBUG - 迭代 48/100 | 阶段: evolutionary learning | 最佳完工时间: 1697.00 | 迭代耗时: 0.74s | 
2025-04-08 15:57:20,962 - DEBUG - 迭代 49：EL当前最优解完工时间: 1697.00
2025-04-08 15:57:20,962 - DEBUG - 迭代 49/100 | 阶段: evolutionary learning | 最佳完工时间: 1697.00 | 迭代耗时: 0.74s | 
2025-04-08 15:57:21,714 - DEBUG - 迭代 50：EL当前最优解完工时间: 1697.00
2025-04-08 15:57:21,714 - DEBUG - 迭代 50/100 | 阶段: evolutionary learning | 最佳完工时间: 1697.00 | 迭代耗时: 0.75s | 
2025-04-08 15:57:22,445 - DEBUG - 迭代 51：EL当前最优解完工时间: 1697.00
2025-04-08 15:57:22,445 - DEBUG - 迭代 51/100 | 阶段: evolutionary learning | 最佳完工时间: 1697.00 | 迭代耗时: 0.73s | 
2025-04-08 15:57:23,190 - DEBUG - 迭代 52：EL当前最优解完工时间: 1697.00
2025-04-08 15:57:23,190 - DEBUG - 迭代 52/100 | 阶段: evolutionary learning | 最佳完工时间: 1697.00 | 迭代耗时: 0.74s | 
2025-04-08 15:57:23,931 - DEBUG - 迭代 53：EL当前最优解完工时间: 1697.00
2025-04-08 15:57:23,931 - DEBUG - 迭代 53/100 | 阶段: evolutionary learning | 最佳完工时间: 1697.00 | 迭代耗时: 0.74s | 
2025-04-08 15:57:24,674 - DEBUG - 迭代 54：EL当前最优解完工时间: 1697.00
2025-04-08 15:57:24,674 - DEBUG - 迭代 54/100 | 阶段: evolutionary learning | 最佳完工时间: 1697.00 | 迭代耗时: 0.74s | 
2025-04-08 15:57:25,414 - DEBUG - 迭代 55：EL当前最优解完工时间: 1697.00
2025-04-08 15:57:25,414 - DEBUG - 迭代 55/100 | 阶段: evolutionary learning | 最佳完工时间: 1697.00 | 迭代耗时: 0.74s | 
2025-04-08 15:57:26,151 - DEBUG - 迭代 56：EL当前最优解完工时间: 1682.00
2025-04-08 15:57:26,151 - INFO - 迭代 56：EL找到新的最优解，完工时间: 1682.00
2025-04-08 15:57:26,151 - DEBUG - 迭代 56/100 | 阶段: evolutionary learning | 最佳完工时间: 1682.00 | 迭代耗时: 0.74s | 
2025-04-08 15:57:26,892 - DEBUG - 迭代 57：EL当前最优解完工时间: 1682.00
2025-04-08 15:57:26,892 - DEBUG - 迭代 57/100 | 阶段: evolutionary learning | 最佳完工时间: 1682.00 | 迭代耗时: 0.74s | 
2025-04-08 15:57:27,630 - DEBUG - 迭代 58：EL当前最优解完工时间: 1682.00
2025-04-08 15:57:27,630 - DEBUG - 迭代 58/100 | 阶段: evolutionary learning | 最佳完工时间: 1682.00 | 迭代耗时: 0.74s | 
2025-04-08 15:57:28,367 - DEBUG - 迭代 59：EL当前最优解完工时间: 1682.00
2025-04-08 15:57:28,368 - DEBUG - 迭代 59/100 | 阶段: evolutionary learning | 最佳完工时间: 1682.00 | 迭代耗时: 0.74s | 
2025-04-08 15:57:29,115 - DEBUG - 迭代 60：EL当前最优解完工时间: 1675.00
2025-04-08 15:57:29,115 - INFO - 迭代 60：EL找到新的最优解，完工时间: 1675.00
2025-04-08 15:57:29,115 - DEBUG - 迭代 60/100 | 阶段: evolutionary learning | 最佳完工时间: 1675.00 | 迭代耗时: 0.75s | 
2025-04-08 15:57:29,907 - DEBUG - 迭代 61：EL当前最优解完工时间: 1675.00
2025-04-08 15:57:29,907 - DEBUG - 迭代 61/100 | 阶段: evolutionary learning | 最佳完工时间: 1675.00 | 迭代耗时: 0.79s | 
2025-04-08 15:57:30,687 - DEBUG - 迭代 62：EL当前最优解完工时间: 1675.00
2025-04-08 15:57:30,687 - DEBUG - 迭代 62/100 | 阶段: evolutionary learning | 最佳完工时间: 1675.00 | 迭代耗时: 0.78s | 
2025-04-08 15:57:31,451 - DEBUG - 迭代 63：EL当前最优解完工时间: 1675.00
2025-04-08 15:57:31,451 - DEBUG - 迭代 63/100 | 阶段: evolutionary learning | 最佳完工时间: 1675.00 | 迭代耗时: 0.76s | 
2025-04-08 15:57:32,191 - DEBUG - 迭代 64：EL当前最优解完工时间: 1675.00
2025-04-08 15:57:32,191 - DEBUG - 迭代 64/100 | 阶段: evolutionary learning | 最佳完工时间: 1675.00 | 迭代耗时: 0.74s | 
2025-04-08 15:57:32,918 - DEBUG - 迭代 65：EL当前最优解完工时间: 1656.00
2025-04-08 15:57:32,918 - INFO - 迭代 65：EL找到新的最优解，完工时间: 1656.00
2025-04-08 15:57:32,918 - DEBUG - 迭代 65/100 | 阶段: evolutionary learning | 最佳完工时间: 1656.00 | 迭代耗时: 0.73s | 
2025-04-08 15:57:33,650 - DEBUG - 迭代 66：EL当前最优解完工时间: 1656.00
2025-04-08 15:57:33,650 - DEBUG - 迭代 66/100 | 阶段: evolutionary learning | 最佳完工时间: 1656.00 | 迭代耗时: 0.73s | 
2025-04-08 15:57:34,370 - DEBUG - 迭代 67：EL当前最优解完工时间: 1656.00
2025-04-08 15:57:34,370 - DEBUG - 迭代 67/100 | 阶段: evolutionary learning | 最佳完工时间: 1656.00 | 迭代耗时: 0.72s | 
2025-04-08 15:57:35,090 - DEBUG - 迭代 68：EL当前最优解完工时间: 1656.00
2025-04-08 15:57:35,090 - DEBUG - 迭代 68/100 | 阶段: evolutionary learning | 最佳完工时间: 1656.00 | 迭代耗时: 0.72s | 
2025-04-08 15:57:35,819 - DEBUG - 迭代 69：EL当前最优解完工时间: 1652.00
2025-04-08 15:57:35,819 - INFO - 迭代 69：EL找到新的最优解，完工时间: 1652.00
2025-04-08 15:57:35,819 - DEBUG - 迭代 69/100 | 阶段: evolutionary learning | 最佳完工时间: 1652.00 | 迭代耗时: 0.73s | 
2025-04-08 15:57:36,545 - DEBUG - 迭代 70：EL当前最优解完工时间: 1652.00
2025-04-08 15:57:36,545 - DEBUG - 迭代 70/100 | 阶段: evolutionary learning | 最佳完工时间: 1652.00 | 迭代耗时: 0.73s | 
2025-04-08 15:57:37,285 - DEBUG - 迭代 71：EL当前最优解完工时间: 1652.00
2025-04-08 15:57:37,285 - DEBUG - 迭代 71/100 | 阶段: evolutionary learning | 最佳完工时间: 1652.00 | 迭代耗时: 0.74s | 
2025-04-08 15:57:38,012 - DEBUG - 迭代 72：EL当前最优解完工时间: 1649.00
2025-04-08 15:57:38,012 - INFO - 迭代 72：EL找到新的最优解，完工时间: 1649.00
2025-04-08 15:57:38,012 - DEBUG - 迭代 72/100 | 阶段: evolutionary learning | 最佳完工时间: 1649.00 | 迭代耗时: 0.73s | 
2025-04-08 15:57:38,753 - DEBUG - 迭代 73：EL当前最优解完工时间: 1647.00
2025-04-08 15:57:38,753 - INFO - 迭代 73：EL找到新的最优解，完工时间: 1647.00
2025-04-08 15:57:38,753 - DEBUG - 迭代 73/100 | 阶段: evolutionary learning | 最佳完工时间: 1647.00 | 迭代耗时: 0.74s | 
2025-04-08 15:57:39,480 - DEBUG - 迭代 74：EL当前最优解完工时间: 1647.00
2025-04-08 15:57:39,480 - DEBUG - 迭代 74/100 | 阶段: evolutionary learning | 最佳完工时间: 1647.00 | 迭代耗时: 0.73s | 
2025-04-08 15:57:40,212 - DEBUG - 迭代 75：EL当前最优解完工时间: 1647.00
2025-04-08 15:57:40,212 - DEBUG - 迭代 75/100 | 阶段: evolutionary learning | 最佳完工时间: 1647.00 | 迭代耗时: 0.73s | 
2025-04-08 15:57:40,944 - DEBUG - 迭代 76：EL当前最优解完工时间: 1647.00
2025-04-08 15:57:40,944 - DEBUG - 迭代 76/100 | 阶段: evolutionary learning | 最佳完工时间: 1647.00 | 迭代耗时: 0.73s | 
2025-04-08 15:57:41,662 - DEBUG - 迭代 77：EL当前最优解完工时间: 1647.00
2025-04-08 15:57:41,662 - DEBUG - 迭代 77/100 | 阶段: evolutionary learning | 最佳完工时间: 1647.00 | 迭代耗时: 0.72s | 
2025-04-08 15:57:42,391 - DEBUG - 迭代 78：EL当前最优解完工时间: 1647.00
2025-04-08 15:57:42,391 - DEBUG - 迭代 78/100 | 阶段: evolutionary learning | 最佳完工时间: 1647.00 | 迭代耗时: 0.73s | 
2025-04-08 15:57:43,129 - DEBUG - 迭代 79：EL当前最优解完工时间: 1647.00
2025-04-08 15:57:43,129 - DEBUG - 迭代 79/100 | 阶段: evolutionary learning | 最佳完工时间: 1647.00 | 迭代耗时: 0.74s | 
2025-04-08 15:57:43,857 - DEBUG - 迭代 80：EL当前最优解完工时间: 1647.00
2025-04-08 15:57:43,857 - DEBUG - 迭代 80/100 | 阶段: evolutionary learning | 最佳完工时间: 1647.00 | 迭代耗时: 0.73s | 
2025-04-08 15:57:44,591 - DEBUG - 迭代 81：EL当前最优解完工时间: 1638.00
2025-04-08 15:57:44,591 - INFO - 迭代 81：EL找到新的最优解，完工时间: 1638.00
2025-04-08 15:57:44,591 - DEBUG - 迭代 81/100 | 阶段: evolutionary learning | 最佳完工时间: 1638.00 | 迭代耗时: 0.73s | 
2025-04-08 15:57:45,323 - DEBUG - 迭代 82：EL当前最优解完工时间: 1638.00
2025-04-08 15:57:45,323 - DEBUG - 迭代 82/100 | 阶段: evolutionary learning | 最佳完工时间: 1638.00 | 迭代耗时: 0.73s | 
2025-04-08 15:57:46,075 - DEBUG - 迭代 83：EL当前最优解完工时间: 1638.00
2025-04-08 15:57:46,075 - DEBUG - 迭代 83/100 | 阶段: evolutionary learning | 最佳完工时间: 1638.00 | 迭代耗时: 0.75s | 
2025-04-08 15:57:46,802 - DEBUG - 迭代 84：EL当前最优解完工时间: 1636.00
2025-04-08 15:57:46,802 - INFO - 迭代 84：EL找到新的最优解，完工时间: 1636.00
2025-04-08 15:57:46,802 - DEBUG - 迭代 84/100 | 阶段: evolutionary learning | 最佳完工时间: 1636.00 | 迭代耗时: 0.73s | 
2025-04-08 15:57:47,535 - DEBUG - 迭代 85：EL当前最优解完工时间: 1620.00
2025-04-08 15:57:47,535 - INFO - 迭代 85：EL找到新的最优解，完工时间: 1620.00
2025-04-08 15:57:47,535 - DEBUG - 迭代 85/100 | 阶段: evolutionary learning | 最佳完工时间: 1620.00 | 迭代耗时: 0.73s | 
2025-04-08 15:57:48,258 - DEBUG - 迭代 86：EL当前最优解完工时间: 1620.00
2025-04-08 15:57:48,258 - DEBUG - 迭代 86/100 | 阶段: evolutionary learning | 最佳完工时间: 1620.00 | 迭代耗时: 0.72s | 
2025-04-08 15:57:48,994 - DEBUG - 迭代 87：EL当前最优解完工时间: 1620.00
2025-04-08 15:57:48,994 - DEBUG - 迭代 87/100 | 阶段: evolutionary learning | 最佳完工时间: 1620.00 | 迭代耗时: 0.74s | 
2025-04-08 15:57:49,726 - DEBUG - 迭代 88：EL当前最优解完工时间: 1620.00
2025-04-08 15:57:49,726 - DEBUG - 迭代 88/100 | 阶段: evolutionary learning | 最佳完工时间: 1620.00 | 迭代耗时: 0.73s | 
2025-04-08 15:57:50,445 - DEBUG - 迭代 89：EL当前最优解完工时间: 1620.00
2025-04-08 15:57:50,445 - DEBUG - 迭代 89/100 | 阶段: evolutionary learning | 最佳完工时间: 1620.00 | 迭代耗时: 0.72s | 
2025-04-08 15:57:51,204 - DEBUG - 迭代 90：EL当前最优解完工时间: 1614.00
2025-04-08 15:57:51,204 - INFO - 迭代 90：EL找到新的最优解，完工时间: 1614.00
2025-04-08 15:57:51,204 - DEBUG - 迭代 90/100 | 阶段: evolutionary learning | 最佳完工时间: 1614.00 | 迭代耗时: 0.76s | 
2025-04-08 15:57:51,946 - DEBUG - 迭代 91：EL当前最优解完工时间: 1614.00
2025-04-08 15:57:51,946 - DEBUG - 迭代 91/100 | 阶段: evolutionary learning | 最佳完工时间: 1614.00 | 迭代耗时: 0.74s | 
2025-04-08 15:57:52,675 - DEBUG - 迭代 92：EL当前最优解完工时间: 1600.00
2025-04-08 15:57:52,675 - INFO - 迭代 92：EL找到新的最优解，完工时间: 1600.00
2025-04-08 15:57:52,675 - DEBUG - 迭代 92/100 | 阶段: evolutionary learning | 最佳完工时间: 1600.00 | 迭代耗时: 0.73s | 
2025-04-08 15:57:53,401 - DEBUG - 迭代 93：EL当前最优解完工时间: 1600.00
2025-04-08 15:57:53,401 - DEBUG - 迭代 93/100 | 阶段: evolutionary learning | 最佳完工时间: 1600.00 | 迭代耗时: 0.73s | 
2025-04-08 15:57:54,143 - DEBUG - 迭代 94：EL当前最优解完工时间: 1598.00
2025-04-08 15:57:54,143 - INFO - 迭代 94：EL找到新的最优解，完工时间: 1598.00
2025-04-08 15:57:54,143 - DEBUG - 迭代 94/100 | 阶段: evolutionary learning | 最佳完工时间: 1598.00 | 迭代耗时: 0.74s | 
2025-04-08 15:57:54,901 - DEBUG - 迭代 95：EL当前最优解完工时间: 1598.00
2025-04-08 15:57:54,901 - DEBUG - 迭代 95/100 | 阶段: evolutionary learning | 最佳完工时间: 1598.00 | 迭代耗时: 0.76s | 
2025-04-08 15:57:55,630 - DEBUG - 迭代 96：EL当前最优解完工时间: 1598.00
2025-04-08 15:57:55,630 - DEBUG - 迭代 96/100 | 阶段: evolutionary learning | 最佳完工时间: 1598.00 | 迭代耗时: 0.73s | 
2025-04-08 15:57:56,364 - DEBUG - 迭代 97：EL当前最优解完工时间: 1598.00
2025-04-08 15:57:56,364 - DEBUG - 迭代 97/100 | 阶段: evolutionary learning | 最佳完工时间: 1598.00 | 迭代耗时: 0.73s | 
2025-04-08 15:57:57,097 - DEBUG - 迭代 98：EL当前最优解完工时间: 1598.00
2025-04-08 15:57:57,097 - DEBUG - 迭代 98/100 | 阶段: evolutionary learning | 最佳完工时间: 1598.00 | 迭代耗时: 0.73s | 
2025-04-08 15:57:57,826 - DEBUG - 迭代 99：EL当前最优解完工时间: 1598.00
2025-04-08 15:57:57,826 - DEBUG - 迭代 99/100 | 阶段: evolutionary learning | 最佳完工时间: 1598.00 | 迭代耗时: 0.73s | 
2025-04-08 15:57:58,549 - DEBUG - 迭代 100：EL当前最优解完工时间: 1584.00
2025-04-08 15:57:58,549 - INFO - 迭代 100：EL找到新的最优解，完工时间: 1584.00
2025-04-08 15:57:58,549 - DEBUG - 迭代 100/100 | 阶段: evolutionary learning | 最佳完工时间: 1584.00 | 迭代耗时: 0.72s | 
2025-04-08 15:57:58,550 - INFO - ==================================================
2025-04-08 15:57:58,550 - INFO - Best solution found with makespan: 1584.00s at generation: 100
2025-04-08 15:57:58,550 - INFO - Total time: 70.88s
2025-04-08 15:57:58,813 - INFO - Convergence curve saved to: blea_convergence.png
