2025-04-08 15:47:29,843 - DEBUG - 开始两阶段混合学习算法，最大迭代次数: 100
2025-04-08 15:47:30,326 - INFO - 迭代 1：SL找到新的最优解，完工时间: 1941.00，pointer=0
2025-04-08 15:47:30,326 - DEBUG - 迭代 1/100 | 阶段: statistical learning | 最佳完工时间: 1941.00 | 迭代耗时: 0.48s | 
2025-04-08 15:47:30,792 - INFO - 迭代 2：SL找到新的最优解，完工时间: 1928.00，pointer=0
2025-04-08 15:47:30,793 - DEBUG - 迭代 2/100 | 阶段: statistical learning | 最佳完工时间: 1928.00 | 迭代耗时: 0.47s | 
2025-04-08 15:47:31,259 - INFO - 迭代 3：SL找到新的最优解，完工时间: 1913.00，pointer=0
2025-04-08 15:47:31,259 - DEBUG - 迭代 3/100 | 阶段: statistical learning | 最佳完工时间: 1913.00 | 迭代耗时: 0.47s | 
2025-04-08 15:47:31,732 - DEBUG - 迭代 4：SL未找到更好的解，pointer增加到1
2025-04-08 15:47:31,732 - DEBUG - 迭代 4/100 | 阶段: statistical learning | 最佳完工时间: 1913.00 | 迭代耗时: 0.47s | 
2025-04-08 15:47:32,218 - DEBUG - 迭代 5：SL未找到更好的解，pointer增加到2
2025-04-08 15:47:32,218 - DEBUG - 迭代 5/100 | 阶段: statistical learning | 最佳完工时间: 1913.00 | 迭代耗时: 0.49s | 
2025-04-08 15:47:32,700 - DEBUG - 迭代 6：SL未找到更好的解，pointer增加到3
2025-04-08 15:47:32,701 - DEBUG - 迭代 6/100 | 阶段: statistical learning | 最佳完工时间: 1913.00 | 迭代耗时: 0.48s | 
2025-04-08 15:47:33,169 - DEBUG - 迭代 7：SL未找到更好的解，pointer增加到4
2025-04-08 15:47:33,169 - DEBUG - 迭代 7/100 | 阶段: statistical learning | 最佳完工时间: 1913.00 | 迭代耗时: 0.47s | 
2025-04-08 15:47:33,640 - DEBUG - 迭代 8：SL未找到更好的解，pointer增加到5
2025-04-08 15:47:33,640 - INFO - 迭代 8：SL阶段终止条件满足，切换到EL阶段
2025-04-08 15:47:33,640 - INFO - 迭代 8：pointer=5, threshold=4.65
2025-04-08 15:47:33,641 - INFO - 成功切换到EL阶段，使用SL种群初始化EL种群，种群大小: 100
2025-04-08 15:47:33,642 - DEBUG - 迭代 8/100 | 阶段: evolutionary learning | 最佳完工时间: 1913.00 | 迭代耗时: 0.47s | 
2025-04-08 15:47:34,400 - DEBUG - 迭代 9/100 | 阶段: evolutionary learning | 最佳完工时间: 1913.00 | 迭代耗时: 0.76s | 
2025-04-08 15:47:35,151 - INFO - 迭代 10：EL找到新的最优解，完工时间: 1880.00
2025-04-08 15:47:35,151 - DEBUG - 迭代 10/100 | 阶段: evolutionary learning | 最佳完工时间: 1880.00 | 迭代耗时: 0.75s | 
2025-04-08 15:47:35,916 - DEBUG - 迭代 11/100 | 阶段: evolutionary learning | 最佳完工时间: 1880.00 | 迭代耗时: 0.77s | 
2025-04-08 15:47:36,662 - DEBUG - 迭代 12/100 | 阶段: evolutionary learning | 最佳完工时间: 1880.00 | 迭代耗时: 0.75s | 
2025-04-08 15:47:37,449 - INFO - 迭代 13：EL找到新的最优解，完工时间: 1874.00
2025-04-08 15:47:37,449 - DEBUG - 迭代 13/100 | 阶段: evolutionary learning | 最佳完工时间: 1874.00 | 迭代耗时: 0.79s | 
2025-04-08 15:47:38,196 - INFO - 迭代 14：EL找到新的最优解，完工时间: 1838.00
2025-04-08 15:47:38,196 - DEBUG - 迭代 14/100 | 阶段: evolutionary learning | 最佳完工时间: 1838.00 | 迭代耗时: 0.75s | 
2025-04-08 15:47:38,960 - DEBUG - 迭代 15/100 | 阶段: evolutionary learning | 最佳完工时间: 1838.00 | 迭代耗时: 0.76s | 
2025-04-08 15:47:39,746 - DEBUG - 迭代 16/100 | 阶段: evolutionary learning | 最佳完工时间: 1838.00 | 迭代耗时: 0.79s | 
2025-04-08 15:47:40,494 - DEBUG - 迭代 17/100 | 阶段: evolutionary learning | 最佳完工时间: 1838.00 | 迭代耗时: 0.75s | 
2025-04-08 15:47:41,264 - INFO - 迭代 18：EL找到新的最优解，完工时间: 1836.00
2025-04-08 15:47:41,265 - DEBUG - 迭代 18/100 | 阶段: evolutionary learning | 最佳完工时间: 1836.00 | 迭代耗时: 0.77s | 
2025-04-08 15:47:42,014 - DEBUG - 迭代 19/100 | 阶段: evolutionary learning | 最佳完工时间: 1836.00 | 迭代耗时: 0.75s | 
2025-04-08 15:47:42,787 - DEBUG - 迭代 20/100 | 阶段: evolutionary learning | 最佳完工时间: 1836.00 | 迭代耗时: 0.77s | 
2025-04-08 15:47:43,557 - INFO - 迭代 21：EL找到新的最优解，完工时间: 1793.00
2025-04-08 15:47:43,557 - DEBUG - 迭代 21/100 | 阶段: evolutionary learning | 最佳完工时间: 1793.00 | 迭代耗时: 0.77s | 
2025-04-08 15:47:44,312 - DEBUG - 迭代 22/100 | 阶段: evolutionary learning | 最佳完工时间: 1793.00 | 迭代耗时: 0.76s | 
2025-04-08 15:47:45,074 - INFO - 迭代 23：EL找到新的最优解，完工时间: 1787.00
2025-04-08 15:47:45,074 - DEBUG - 迭代 23/100 | 阶段: evolutionary learning | 最佳完工时间: 1787.00 | 迭代耗时: 0.76s | 
2025-04-08 15:47:45,837 - DEBUG - 迭代 24/100 | 阶段: evolutionary learning | 最佳完工时间: 1787.00 | 迭代耗时: 0.76s | 
2025-04-08 15:47:46,598 - INFO - 迭代 25：EL找到新的最优解，完工时间: 1777.00
2025-04-08 15:47:46,599 - DEBUG - 迭代 25/100 | 阶段: evolutionary learning | 最佳完工时间: 1777.00 | 迭代耗时: 0.76s | 
2025-04-08 15:47:47,354 - DEBUG - 迭代 26/100 | 阶段: evolutionary learning | 最佳完工时间: 1777.00 | 迭代耗时: 0.75s | 
2025-04-08 15:47:48,112 - DEBUG - 迭代 27/100 | 阶段: evolutionary learning | 最佳完工时间: 1777.00 | 迭代耗时: 0.76s | 
2025-04-08 15:47:48,916 - INFO - 迭代 28：EL找到新的最优解，完工时间: 1772.00
2025-04-08 15:47:48,917 - DEBUG - 迭代 28/100 | 阶段: evolutionary learning | 最佳完工时间: 1772.00 | 迭代耗时: 0.80s | 
2025-04-08 15:47:49,679 - DEBUG - 迭代 29/100 | 阶段: evolutionary learning | 最佳完工时间: 1772.00 | 迭代耗时: 0.76s | 
2025-04-08 15:47:50,441 - INFO - 迭代 30：EL找到新的最优解，完工时间: 1768.00
2025-04-08 15:47:50,442 - DEBUG - 迭代 30/100 | 阶段: evolutionary learning | 最佳完工时间: 1768.00 | 迭代耗时: 0.76s | 
2025-04-08 15:47:51,194 - INFO - 迭代 31：EL找到新的最优解，完工时间: 1757.00
2025-04-08 15:47:51,194 - DEBUG - 迭代 31/100 | 阶段: evolutionary learning | 最佳完工时间: 1757.00 | 迭代耗时: 0.75s | 
2025-04-08 15:47:51,987 - DEBUG - 迭代 32/100 | 阶段: evolutionary learning | 最佳完工时间: 1757.00 | 迭代耗时: 0.79s | 
2025-04-08 15:47:52,754 - DEBUG - 迭代 33/100 | 阶段: evolutionary learning | 最佳完工时间: 1757.00 | 迭代耗时: 0.77s | 
2025-04-08 15:47:53,516 - INFO - 迭代 34：EL找到新的最优解，完工时间: 1754.00
2025-04-08 15:47:53,516 - DEBUG - 迭代 34/100 | 阶段: evolutionary learning | 最佳完工时间: 1754.00 | 迭代耗时: 0.76s | 
2025-04-08 15:47:54,275 - INFO - 迭代 35：EL找到新的最优解，完工时间: 1750.00
2025-04-08 15:47:54,275 - DEBUG - 迭代 35/100 | 阶段: evolutionary learning | 最佳完工时间: 1750.00 | 迭代耗时: 0.76s | 
2025-04-08 15:47:55,069 - INFO - 迭代 36：EL找到新的最优解，完工时间: 1732.00
2025-04-08 15:47:55,070 - DEBUG - 迭代 36/100 | 阶段: evolutionary learning | 最佳完工时间: 1732.00 | 迭代耗时: 0.79s | 
2025-04-08 15:47:55,839 - DEBUG - 迭代 37/100 | 阶段: evolutionary learning | 最佳完工时间: 1732.00 | 迭代耗时: 0.77s | 
2025-04-08 15:47:56,623 - INFO - 迭代 38：EL找到新的最优解，完工时间: 1730.00
2025-04-08 15:47:56,623 - DEBUG - 迭代 38/100 | 阶段: evolutionary learning | 最佳完工时间: 1730.00 | 迭代耗时: 0.78s | 
