2025-04-08 15:07:50,416 - INFO - 开始两阶段混合学习算法，最大迭代次数: 100
2025-04-08 15:07:50,893 - INFO - SL找到新的最优解，完工时间: 1893.00，重置pointer=0
2025-04-08 15:07:50,893 - INFO - 迭代 1/100 | 阶段: statistical learning | 最佳完工时间: 1893.00 | 迭代耗时: 0.47s | 总耗时: 0.48s
2025-04-08 15:07:51,356 - INFO - SL未找到更好的解，pointer增加到1
2025-04-08 15:07:51,356 - INFO - SL阶段终止条件满足，切换到EL阶段...
2025-04-08 15:07:51,356 - INFO - pointer=1, threshold=0.49
2025-04-08 15:07:51,357 - INFO - 成功切换到EL阶段，使用SL种群初始化EL种群，种群大小: 100
2025-04-08 15:07:51,357 - INFO - 迭代 2/100 | 阶段: evolutionary learning | 最佳完工时间: 1893.00 | 迭代耗时: 0.46s | 总耗时: 0.94s
2025-04-08 15:07:52,110 - INFO - 迭代 3/100 | 阶段: evolutionary learning | 最佳完工时间: 1893.00 | 迭代耗时: 0.75s | 总耗时: 1.69s
2025-04-08 15:07:52,836 - INFO - 迭代 4/100 | 阶段: evolutionary learning | 最佳完工时间: 1893.00 | 迭代耗时: 0.73s | 总耗时: 2.42s
2025-04-08 15:07:53,559 - INFO - 迭代 5/100 | 阶段: evolutionary learning | 最佳完工时间: 1893.00 | 迭代耗时: 0.72s | 总耗时: 3.14s
2025-04-08 15:07:54,285 - INFO - 迭代 6/100 | 阶段: evolutionary learning | 最佳完工时间: 1893.00 | 迭代耗时: 0.73s | 总耗时: 3.87s
2025-04-08 15:07:55,006 - INFO - 迭代 7/100 | 阶段: evolutionary learning | 最佳完工时间: 1893.00 | 迭代耗时: 0.72s | 总耗时: 4.59s
2025-04-08 15:07:55,753 - INFO - EL找到新的最优解，完工时间: 1878.00
2025-04-08 15:07:55,753 - INFO - 迭代 8/100 | 阶段: evolutionary learning | 最佳完工时间: 1878.00 | 迭代耗时: 0.75s | 总耗时: 5.34s
2025-04-08 15:07:56,497 - INFO - EL找到新的最优解，完工时间: 1865.00
2025-04-08 15:07:56,498 - INFO - 迭代 9/100 | 阶段: evolutionary learning | 最佳完工时间: 1865.00 | 迭代耗时: 0.75s | 总耗时: 6.08s
2025-04-08 15:07:57,230 - INFO - 迭代 10/100 | 阶段: evolutionary learning | 最佳完工时间: 1865.00 | 迭代耗时: 0.73s | 总耗时: 6.81s
2025-04-08 15:07:57,958 - INFO - 迭代 11/100 | 阶段: evolutionary learning | 最佳完工时间: 1865.00 | 迭代耗时: 0.73s | 总耗时: 7.54s
2025-04-08 15:07:58,721 - INFO - EL找到新的最优解，完工时间: 1855.00
2025-04-08 15:07:58,721 - INFO - 迭代 12/100 | 阶段: evolutionary learning | 最佳完工时间: 1855.00 | 迭代耗时: 0.76s | 总耗时: 8.30s
2025-04-08 15:07:59,482 - INFO - 迭代 13/100 | 阶段: evolutionary learning | 最佳完工时间: 1855.00 | 迭代耗时: 0.76s | 总耗时: 9.07s
2025-04-08 15:08:00,247 - INFO - 迭代 14/100 | 阶段: evolutionary learning | 最佳完工时间: 1855.00 | 迭代耗时: 0.77s | 总耗时: 9.83s
2025-04-08 15:08:00,997 - INFO - EL找到新的最优解，完工时间: 1835.00
2025-04-08 15:08:00,997 - INFO - 迭代 15/100 | 阶段: evolutionary learning | 最佳完工时间: 1835.00 | 迭代耗时: 0.75s | 总耗时: 10.58s
2025-04-08 15:08:01,751 - INFO - 迭代 16/100 | 阶段: evolutionary learning | 最佳完工时间: 1835.00 | 迭代耗时: 0.75s | 总耗时: 11.33s
2025-04-08 15:08:02,514 - INFO - 迭代 17/100 | 阶段: evolutionary learning | 最佳完工时间: 1835.00 | 迭代耗时: 0.76s | 总耗时: 12.10s
2025-04-08 15:08:03,263 - INFO - 迭代 18/100 | 阶段: evolutionary learning | 最佳完工时间: 1835.00 | 迭代耗时: 0.75s | 总耗时: 12.85s
2025-04-08 15:08:04,005 - INFO - EL找到新的最优解，完工时间: 1833.00
2025-04-08 15:08:04,005 - INFO - 迭代 19/100 | 阶段: evolutionary learning | 最佳完工时间: 1833.00 | 迭代耗时: 0.74s | 总耗时: 13.59s
2025-04-08 15:08:04,745 - INFO - EL找到新的最优解，完工时间: 1798.00
2025-04-08 15:08:04,745 - INFO - 迭代 20/100 | 阶段: evolutionary learning | 最佳完工时间: 1798.00 | 迭代耗时: 0.74s | 总耗时: 14.33s
2025-04-08 15:08:05,510 - INFO - 迭代 21/100 | 阶段: evolutionary learning | 最佳完工时间: 1798.00 | 迭代耗时: 0.76s | 总耗时: 15.09s
2025-04-08 15:08:06,265 - INFO - 迭代 22/100 | 阶段: evolutionary learning | 最佳完工时间: 1798.00 | 迭代耗时: 0.76s | 总耗时: 15.85s
2025-04-08 15:08:06,995 - INFO - EL找到新的最优解，完工时间: 1794.00
2025-04-08 15:08:06,997 - INFO - 迭代 23/100 | 阶段: evolutionary learning | 最佳完工时间: 1794.00 | 迭代耗时: 0.73s | 总耗时: 16.58s
2025-04-08 15:08:07,734 - INFO - 迭代 24/100 | 阶段: evolutionary learning | 最佳完工时间: 1794.00 | 迭代耗时: 0.74s | 总耗时: 17.32s
2025-04-08 15:08:08,479 - INFO - 迭代 25/100 | 阶段: evolutionary learning | 最佳完工时间: 1794.00 | 迭代耗时: 0.75s | 总耗时: 18.06s
2025-04-08 15:08:09,214 - INFO - 迭代 26/100 | 阶段: evolutionary learning | 最佳完工时间: 1794.00 | 迭代耗时: 0.73s | 总耗时: 18.80s
2025-04-08 15:08:09,945 - INFO - 迭代 27/100 | 阶段: evolutionary learning | 最佳完工时间: 1794.00 | 迭代耗时: 0.73s | 总耗时: 19.53s
2025-04-08 15:08:10,674 - INFO - 迭代 28/100 | 阶段: evolutionary learning | 最佳完工时间: 1794.00 | 迭代耗时: 0.73s | 总耗时: 20.26s
2025-04-08 15:08:11,400 - INFO - 迭代 29/100 | 阶段: evolutionary learning | 最佳完工时间: 1794.00 | 迭代耗时: 0.72s | 总耗时: 20.98s
2025-04-08 15:08:12,129 - INFO - 迭代 30/100 | 阶段: evolutionary learning | 最佳完工时间: 1794.00 | 迭代耗时: 0.73s | 总耗时: 21.71s
2025-04-08 15:08:12,854 - INFO - EL找到新的最优解，完工时间: 1787.00
2025-04-08 15:08:12,855 - INFO - 迭代 31/100 | 阶段: evolutionary learning | 最佳完工时间: 1787.00 | 迭代耗时: 0.73s | 总耗时: 22.44s
2025-04-08 15:08:13,587 - INFO - 迭代 32/100 | 阶段: evolutionary learning | 最佳完工时间: 1787.00 | 迭代耗时: 0.73s | 总耗时: 23.17s
2025-04-08 15:08:14,316 - INFO - EL找到新的最优解，完工时间: 1765.00
2025-04-08 15:08:14,316 - INFO - 迭代 33/100 | 阶段: evolutionary learning | 最佳完工时间: 1765.00 | 迭代耗时: 0.73s | 总耗时: 23.90s
2025-04-08 15:08:15,061 - INFO - 迭代 34/100 | 阶段: evolutionary learning | 最佳完工时间: 1765.00 | 迭代耗时: 0.75s | 总耗时: 24.64s
2025-04-08 15:08:15,800 - INFO - EL找到新的最优解，完工时间: 1753.00
2025-04-08 15:08:15,800 - INFO - 迭代 35/100 | 阶段: evolutionary learning | 最佳完工时间: 1753.00 | 迭代耗时: 0.74s | 总耗时: 25.38s
2025-04-08 15:08:16,550 - INFO - 迭代 36/100 | 阶段: evolutionary learning | 最佳完工时间: 1753.00 | 迭代耗时: 0.75s | 总耗时: 26.13s
2025-04-08 15:08:17,294 - INFO - 迭代 37/100 | 阶段: evolutionary learning | 最佳完工时间: 1753.00 | 迭代耗时: 0.74s | 总耗时: 26.88s
2025-04-08 15:08:18,069 - INFO - 迭代 38/100 | 阶段: evolutionary learning | 最佳完工时间: 1753.00 | 迭代耗时: 0.77s | 总耗时: 27.65s
2025-04-08 15:08:18,824 - INFO - EL找到新的最优解，完工时间: 1749.00
2025-04-08 15:08:18,825 - INFO - 迭代 39/100 | 阶段: evolutionary learning | 最佳完工时间: 1749.00 | 迭代耗时: 0.76s | 总耗时: 28.41s
2025-04-08 15:08:19,575 - INFO - EL找到新的最优解，完工时间: 1745.00
2025-04-08 15:08:19,575 - INFO - 迭代 40/100 | 阶段: evolutionary learning | 最佳完工时间: 1745.00 | 迭代耗时: 0.75s | 总耗时: 29.16s
2025-04-08 15:08:20,334 - INFO - 迭代 41/100 | 阶段: evolutionary learning | 最佳完工时间: 1745.00 | 迭代耗时: 0.76s | 总耗时: 29.92s
2025-04-08 15:08:21,079 - INFO - EL找到新的最优解，完工时间: 1717.00
2025-04-08 15:08:21,079 - INFO - 迭代 42/100 | 阶段: evolutionary learning | 最佳完工时间: 1717.00 | 迭代耗时: 0.74s | 总耗时: 30.66s
2025-04-08 15:08:21,816 - INFO - 迭代 43/100 | 阶段: evolutionary learning | 最佳完工时间: 1717.00 | 迭代耗时: 0.74s | 总耗时: 31.40s
2025-04-08 15:08:22,553 - INFO - 迭代 44/100 | 阶段: evolutionary learning | 最佳完工时间: 1717.00 | 迭代耗时: 0.73s | 总耗时: 32.14s
2025-04-08 15:08:23,291 - INFO - EL找到新的最优解，完工时间: 1708.00
2025-04-08 15:08:23,292 - INFO - 迭代 45/100 | 阶段: evolutionary learning | 最佳完工时间: 1708.00 | 迭代耗时: 0.74s | 总耗时: 32.88s
2025-04-08 15:08:24,031 - INFO - 迭代 46/100 | 阶段: evolutionary learning | 最佳完工时间: 1708.00 | 迭代耗时: 0.74s | 总耗时: 33.61s
2025-04-08 15:08:24,770 - INFO - 迭代 47/100 | 阶段: evolutionary learning | 最佳完工时间: 1708.00 | 迭代耗时: 0.74s | 总耗时: 34.35s
2025-04-08 15:08:25,516 - INFO - 迭代 48/100 | 阶段: evolutionary learning | 最佳完工时间: 1708.00 | 迭代耗时: 0.74s | 总耗时: 35.10s
2025-04-08 15:08:26,260 - INFO - 迭代 49/100 | 阶段: evolutionary learning | 最佳完工时间: 1708.00 | 迭代耗时: 0.74s | 总耗时: 35.84s
2025-04-08 15:08:26,997 - INFO - 迭代 50/100 | 阶段: evolutionary learning | 最佳完工时间: 1708.00 | 迭代耗时: 0.74s | 总耗时: 36.58s
2025-04-08 15:08:27,738 - INFO - 迭代 51/100 | 阶段: evolutionary learning | 最佳完工时间: 1708.00 | 迭代耗时: 0.74s | 总耗时: 37.32s
2025-04-08 15:08:28,487 - INFO - 迭代 52/100 | 阶段: evolutionary learning | 最佳完工时间: 1708.00 | 迭代耗时: 0.75s | 总耗时: 38.07s
2025-04-08 15:08:29,265 - INFO - EL找到新的最优解，完工时间: 1686.00
2025-04-08 15:08:29,266 - INFO - 迭代 53/100 | 阶段: evolutionary learning | 最佳完工时间: 1686.00 | 迭代耗时: 0.78s | 总耗时: 38.85s
2025-04-08 15:08:30,026 - INFO - EL找到新的最优解，完工时间: 1683.00
2025-04-08 15:08:30,027 - INFO - 迭代 54/100 | 阶段: evolutionary learning | 最佳完工时间: 1683.00 | 迭代耗时: 0.76s | 总耗时: 39.61s
2025-04-08 15:08:30,790 - INFO - 迭代 55/100 | 阶段: evolutionary learning | 最佳完工时间: 1683.00 | 迭代耗时: 0.76s | 总耗时: 40.37s
2025-04-08 15:08:31,590 - INFO - 迭代 56/100 | 阶段: evolutionary learning | 最佳完工时间: 1683.00 | 迭代耗时: 0.80s | 总耗时: 41.17s
2025-04-08 15:08:32,354 - INFO - 迭代 57/100 | 阶段: evolutionary learning | 最佳完工时间: 1683.00 | 迭代耗时: 0.76s | 总耗时: 41.94s
2025-04-08 15:08:33,125 - INFO - 迭代 58/100 | 阶段: evolutionary learning | 最佳完工时间: 1683.00 | 迭代耗时: 0.77s | 总耗时: 42.71s
2025-04-08 15:08:33,885 - INFO - EL找到新的最优解，完工时间: 1669.00
2025-04-08 15:08:33,886 - INFO - 迭代 59/100 | 阶段: evolutionary learning | 最佳完工时间: 1669.00 | 迭代耗时: 0.76s | 总耗时: 43.47s
2025-04-08 15:08:34,634 - INFO - 迭代 60/100 | 阶段: evolutionary learning | 最佳完工时间: 1669.00 | 迭代耗时: 0.75s | 总耗时: 44.22s
2025-04-08 15:08:35,387 - INFO - 迭代 61/100 | 阶段: evolutionary learning | 最佳完工时间: 1669.00 | 迭代耗时: 0.75s | 总耗时: 44.97s
2025-04-08 15:08:36,147 - INFO - 迭代 62/100 | 阶段: evolutionary learning | 最佳完工时间: 1669.00 | 迭代耗时: 0.76s | 总耗时: 45.73s
2025-04-08 15:08:36,904 - INFO - 迭代 63/100 | 阶段: evolutionary learning | 最佳完工时间: 1669.00 | 迭代耗时: 0.76s | 总耗时: 46.49s
2025-04-08 15:08:37,641 - INFO - 迭代 64/100 | 阶段: evolutionary learning | 最佳完工时间: 1669.00 | 迭代耗时: 0.74s | 总耗时: 47.23s
2025-04-08 15:08:38,390 - INFO - 迭代 65/100 | 阶段: evolutionary learning | 最佳完工时间: 1669.00 | 迭代耗时: 0.75s | 总耗时: 47.97s
2025-04-08 15:08:39,129 - INFO - EL找到新的最优解，完工时间: 1650.00
2025-04-08 15:08:39,129 - INFO - 迭代 66/100 | 阶段: evolutionary learning | 最佳完工时间: 1650.00 | 迭代耗时: 0.74s | 总耗时: 48.71s
2025-04-08 15:08:39,893 - INFO - 迭代 67/100 | 阶段: evolutionary learning | 最佳完工时间: 1650.00 | 迭代耗时: 0.76s | 总耗时: 49.48s
2025-04-08 15:08:40,633 - INFO - 迭代 68/100 | 阶段: evolutionary learning | 最佳完工时间: 1650.00 | 迭代耗时: 0.74s | 总耗时: 50.22s
2025-04-08 15:08:41,384 - INFO - 迭代 69/100 | 阶段: evolutionary learning | 最佳完工时间: 1650.00 | 迭代耗时: 0.75s | 总耗时: 50.97s
2025-04-08 15:08:42,135 - INFO - EL找到新的最优解，完工时间: 1639.00
2025-04-08 15:08:42,136 - INFO - 迭代 70/100 | 阶段: evolutionary learning | 最佳完工时间: 1639.00 | 迭代耗时: 0.75s | 总耗时: 51.72s
2025-04-08 15:08:42,887 - INFO - 迭代 71/100 | 阶段: evolutionary learning | 最佳完工时间: 1639.00 | 迭代耗时: 0.75s | 总耗时: 52.47s
2025-04-08 15:08:43,674 - INFO - 迭代 72/100 | 阶段: evolutionary learning | 最佳完工时间: 1639.00 | 迭代耗时: 0.79s | 总耗时: 53.26s
2025-04-08 15:08:44,429 - INFO - 迭代 73/100 | 阶段: evolutionary learning | 最佳完工时间: 1639.00 | 迭代耗时: 0.75s | 总耗时: 54.01s
2025-04-08 15:08:45,183 - INFO - 迭代 74/100 | 阶段: evolutionary learning | 最佳完工时间: 1639.00 | 迭代耗时: 0.75s | 总耗时: 54.77s
2025-04-08 15:08:45,945 - INFO - EL找到新的最优解，完工时间: 1633.00
2025-04-08 15:08:45,945 - INFO - 迭代 75/100 | 阶段: evolutionary learning | 最佳完工时间: 1633.00 | 迭代耗时: 0.76s | 总耗时: 55.53s
2025-04-08 15:08:46,706 - INFO - 迭代 76/100 | 阶段: evolutionary learning | 最佳完工时间: 1633.00 | 迭代耗时: 0.76s | 总耗时: 56.29s
2025-04-08 15:08:47,469 - INFO - 迭代 77/100 | 阶段: evolutionary learning | 最佳完工时间: 1633.00 | 迭代耗时: 0.76s | 总耗时: 57.05s
2025-04-08 15:08:48,241 - INFO - EL找到新的最优解，完工时间: 1615.00
2025-04-08 15:08:48,241 - INFO - 迭代 78/100 | 阶段: evolutionary learning | 最佳完工时间: 1615.00 | 迭代耗时: 0.77s | 总耗时: 57.83s
2025-04-08 15:08:49,002 - INFO - 迭代 79/100 | 阶段: evolutionary learning | 最佳完工时间: 1615.00 | 迭代耗时: 0.76s | 总耗时: 58.59s
2025-04-08 15:08:49,752 - INFO - EL找到新的最优解，完工时间: 1612.00
2025-04-08 15:08:49,752 - INFO - 迭代 80/100 | 阶段: evolutionary learning | 最佳完工时间: 1612.00 | 迭代耗时: 0.75s | 总耗时: 59.34s
2025-04-08 15:08:50,503 - INFO - 迭代 81/100 | 阶段: evolutionary learning | 最佳完工时间: 1612.00 | 迭代耗时: 0.75s | 总耗时: 60.09s
2025-04-08 15:08:51,251 - INFO - 迭代 82/100 | 阶段: evolutionary learning | 最佳完工时间: 1612.00 | 迭代耗时: 0.75s | 总耗时: 60.83s
2025-04-08 15:08:51,996 - INFO - EL找到新的最优解，完工时间: 1607.00
2025-04-08 15:08:51,997 - INFO - 迭代 83/100 | 阶段: evolutionary learning | 最佳完工时间: 1607.00 | 迭代耗时: 0.75s | 总耗时: 61.58s
2025-04-08 15:08:52,764 - INFO - EL找到新的最优解，完工时间: 1603.00
2025-04-08 15:08:52,765 - INFO - 迭代 84/100 | 阶段: evolutionary learning | 最佳完工时间: 1603.00 | 迭代耗时: 0.77s | 总耗时: 62.35s
2025-04-08 15:08:53,508 - INFO - 迭代 85/100 | 阶段: evolutionary learning | 最佳完工时间: 1603.00 | 迭代耗时: 0.74s | 总耗时: 63.09s
2025-04-08 15:08:54,257 - INFO - 迭代 86/100 | 阶段: evolutionary learning | 最佳完工时间: 1603.00 | 迭代耗时: 0.75s | 总耗时: 63.84s
2025-04-08 15:08:54,995 - INFO - 迭代 87/100 | 阶段: evolutionary learning | 最佳完工时间: 1603.00 | 迭代耗时: 0.74s | 总耗时: 64.58s
2025-04-08 15:08:55,741 - INFO - 迭代 88/100 | 阶段: evolutionary learning | 最佳完工时间: 1603.00 | 迭代耗时: 0.75s | 总耗时: 65.32s
2025-04-08 15:08:56,502 - INFO - 迭代 89/100 | 阶段: evolutionary learning | 最佳完工时间: 1603.00 | 迭代耗时: 0.76s | 总耗时: 66.09s
2025-04-08 15:08:57,253 - INFO - EL找到新的最优解，完工时间: 1600.00
2025-04-08 15:08:57,254 - INFO - 迭代 90/100 | 阶段: evolutionary learning | 最佳完工时间: 1600.00 | 迭代耗时: 0.75s | 总耗时: 66.84s
2025-04-08 15:08:57,993 - INFO - EL找到新的最优解，完工时间: 1595.00
2025-04-08 15:08:57,993 - INFO - 迭代 91/100 | 阶段: evolutionary learning | 最佳完工时间: 1595.00 | 迭代耗时: 0.74s | 总耗时: 67.58s
2025-04-08 15:08:58,728 - INFO - 迭代 92/100 | 阶段: evolutionary learning | 最佳完工时间: 1595.00 | 迭代耗时: 0.73s | 总耗时: 68.31s
2025-04-08 15:08:59,463 - INFO - 迭代 93/100 | 阶段: evolutionary learning | 最佳完工时间: 1595.00 | 迭代耗时: 0.74s | 总耗时: 69.05s
2025-04-08 15:09:00,196 - INFO - 迭代 94/100 | 阶段: evolutionary learning | 最佳完工时间: 1595.00 | 迭代耗时: 0.73s | 总耗时: 69.78s
2025-04-08 15:09:00,947 - INFO - EL找到新的最优解，完工时间: 1592.00
2025-04-08 15:09:00,948 - INFO - 迭代 95/100 | 阶段: evolutionary learning | 最佳完工时间: 1592.00 | 迭代耗时: 0.75s | 总耗时: 70.53s
2025-04-08 15:09:01,717 - INFO - 迭代 96/100 | 阶段: evolutionary learning | 最佳完工时间: 1592.00 | 迭代耗时: 0.77s | 总耗时: 71.30s
2025-04-08 15:09:02,459 - INFO - 迭代 97/100 | 阶段: evolutionary learning | 最佳完工时间: 1592.00 | 迭代耗时: 0.74s | 总耗时: 72.04s
2025-04-08 15:09:03,190 - INFO - EL找到新的最优解，完工时间: 1581.00
2025-04-08 15:09:03,191 - INFO - 迭代 98/100 | 阶段: evolutionary learning | 最佳完工时间: 1581.00 | 迭代耗时: 0.73s | 总耗时: 72.77s
2025-04-08 15:09:03,958 - INFO - EL找到新的最优解，完工时间: 1574.00
2025-04-08 15:09:03,958 - INFO - 迭代 99/100 | 阶段: evolutionary learning | 最佳完工时间: 1574.00 | 迭代耗时: 0.77s | 总耗时: 73.54s
2025-04-08 15:09:04,749 - INFO - 迭代 100/100 | 阶段: evolutionary learning | 最佳完工时间: 1574.00 | 迭代耗时: 0.79s | 总耗时: 74.33s
2025-04-08 15:09:04,749 - INFO - 两阶段混合学习算法完成，总耗时: 74.33s, 最终最佳完工时间: 1574.00
