2025-04-08 14:13:38,538 - INFO - 开始两阶段混合学习算法，最大迭代次数: 500
2025-04-08 14:13:39,047 - INFO - SL找到新的最优解，完工时间: 1928.00，重置pointer=0
2025-04-08 14:13:39,047 - INFO - 迭代 1/500 | 阶段: statistical learning | 最佳完工时间: 1928.00 | 迭代耗时: 0.51s | 总耗时: 0.51s
2025-04-08 14:13:39,570 - INFO - SL找到新的最优解，完工时间: 1911.00，重置pointer=0
2025-04-08 14:13:39,570 - INFO - 迭代 2/500 | 阶段: statistical learning | 最佳完工时间: 1911.00 | 迭代耗时: 0.52s | 总耗时: 1.03s
2025-04-08 14:13:40,090 - INFO - SL未找到更好的解，pointer增加到1
2025-04-08 14:13:40,090 - INFO - 迭代 3/500 | 阶段: statistical learning | 最佳完工时间: 1911.00 | 迭代耗时: 0.52s | 总耗时: 1.55s
2025-04-08 14:13:40,610 - INFO - SL未找到更好的解，pointer增加到2
2025-04-08 14:13:40,610 - INFO - 迭代 4/500 | 阶段: statistical learning | 最佳完工时间: 1911.00 | 迭代耗时: 0.52s | 总耗时: 2.07s
2025-04-08 14:13:41,142 - INFO - SL未找到更好的解，pointer增加到3
2025-04-08 14:13:41,142 - INFO - SL阶段终止条件满足，切换到EL阶段...
2025-04-08 14:13:41,142 - INFO - pointer=3, threshold=2.48
2025-04-08 14:13:41,142 - INFO - 成功切换到EL阶段，使用SL种群初始化EL种群，种群大小: 100
2025-04-08 14:13:41,142 - INFO - 迭代 5/500 | 阶段: evolutionary learning | 最佳完工时间: 1911.00 | 迭代耗时: 0.53s | 总耗时: 2.60s
2025-04-08 14:13:42,095 - INFO - 迭代 6/500 | 阶段: evolutionary learning | 最佳完工时间: 1911.00 | 迭代耗时: 0.95s | 总耗时: 3.56s
2025-04-08 14:13:43,034 - INFO - EL找到新的最优解，完工时间: 1909.00
2025-04-08 14:13:43,034 - INFO - 迭代 7/500 | 阶段: evolutionary learning | 最佳完工时间: 1909.00 | 迭代耗时: 0.94s | 总耗时: 4.50s
2025-04-08 14:13:44,017 - INFO - EL找到新的最优解，完工时间: 1895.00
2025-04-08 14:13:44,017 - INFO - 迭代 8/500 | 阶段: evolutionary learning | 最佳完工时间: 1895.00 | 迭代耗时: 0.98s | 总耗时: 5.48s
2025-04-08 14:13:45,019 - INFO - EL找到新的最优解，完工时间: 1864.00
2025-04-08 14:13:45,020 - INFO - 迭代 9/500 | 阶段: evolutionary learning | 最佳完工时间: 1864.00 | 迭代耗时: 1.00s | 总耗时: 6.48s
2025-04-08 14:13:45,970 - INFO - 迭代 10/500 | 阶段: evolutionary learning | 最佳完工时间: 1864.00 | 迭代耗时: 0.95s | 总耗时: 7.43s
2025-04-08 14:13:46,942 - INFO - 迭代 11/500 | 阶段: evolutionary learning | 最佳完工时间: 1864.00 | 迭代耗时: 0.97s | 总耗时: 8.40s
2025-04-08 14:13:47,912 - INFO - 迭代 12/500 | 阶段: evolutionary learning | 最佳完工时间: 1864.00 | 迭代耗时: 0.97s | 总耗时: 9.37s
2025-04-08 14:13:48,845 - INFO - 迭代 13/500 | 阶段: evolutionary learning | 最佳完工时间: 1864.00 | 迭代耗时: 0.93s | 总耗时: 10.31s
2025-04-08 14:13:49,808 - INFO - EL找到新的最优解，完工时间: 1858.00
2025-04-08 14:13:49,808 - INFO - 迭代 14/500 | 阶段: evolutionary learning | 最佳完工时间: 1858.00 | 迭代耗时: 0.96s | 总耗时: 11.27s
2025-04-08 14:13:50,846 - INFO - EL找到新的最优解，完工时间: 1852.00
2025-04-08 14:13:50,846 - INFO - 迭代 15/500 | 阶段: evolutionary learning | 最佳完工时间: 1852.00 | 迭代耗时: 1.04s | 总耗时: 12.31s
2025-04-08 14:13:51,846 - INFO - EL找到新的最优解，完工时间: 1811.00
2025-04-08 14:13:51,846 - INFO - 迭代 16/500 | 阶段: evolutionary learning | 最佳完工时间: 1811.00 | 迭代耗时: 1.00s | 总耗时: 13.31s
2025-04-08 14:13:52,814 - INFO - 迭代 17/500 | 阶段: evolutionary learning | 最佳完工时间: 1811.00 | 迭代耗时: 0.97s | 总耗时: 14.28s
2025-04-08 14:13:53,774 - INFO - 迭代 18/500 | 阶段: evolutionary learning | 最佳完工时间: 1811.00 | 迭代耗时: 0.96s | 总耗时: 15.24s
2025-04-08 14:13:54,766 - INFO - 迭代 19/500 | 阶段: evolutionary learning | 最佳完工时间: 1811.00 | 迭代耗时: 0.99s | 总耗时: 16.23s
2025-04-08 14:13:55,730 - INFO - EL找到新的最优解，完工时间: 1807.00
2025-04-08 14:13:55,730 - INFO - 迭代 20/500 | 阶段: evolutionary learning | 最佳完工时间: 1807.00 | 迭代耗时: 0.96s | 总耗时: 17.19s
2025-04-08 14:13:56,698 - INFO - EL找到新的最优解，完工时间: 1805.00
2025-04-08 14:13:56,698 - INFO - 迭代 21/500 | 阶段: evolutionary learning | 最佳完工时间: 1805.00 | 迭代耗时: 0.97s | 总耗时: 18.16s
2025-04-08 14:13:57,683 - INFO - 迭代 22/500 | 阶段: evolutionary learning | 最佳完工时间: 1805.00 | 迭代耗时: 0.99s | 总耗时: 19.14s
2025-04-08 14:13:58,658 - INFO - EL找到新的最优解，完工时间: 1797.00
2025-04-08 14:13:58,658 - INFO - 迭代 23/500 | 阶段: evolutionary learning | 最佳完工时间: 1797.00 | 迭代耗时: 0.98s | 总耗时: 20.12s
2025-04-08 14:13:59,633 - INFO - 迭代 24/500 | 阶段: evolutionary learning | 最佳完工时间: 1797.00 | 迭代耗时: 0.97s | 总耗时: 21.09s
2025-04-08 14:14:00,637 - INFO - EL找到新的最优解，完工时间: 1787.00
2025-04-08 14:14:00,638 - INFO - 迭代 25/500 | 阶段: evolutionary learning | 最佳完工时间: 1787.00 | 迭代耗时: 1.00s | 总耗时: 22.10s
2025-04-08 14:14:01,632 - INFO - 迭代 26/500 | 阶段: evolutionary learning | 最佳完工时间: 1787.00 | 迭代耗时: 0.99s | 总耗时: 23.09s
2025-04-08 14:14:02,654 - INFO - 迭代 27/500 | 阶段: evolutionary learning | 最佳完工时间: 1787.00 | 迭代耗时: 1.02s | 总耗时: 24.12s
2025-04-08 14:14:03,652 - INFO - EL找到新的最优解，完工时间: 1781.00
2025-04-08 14:14:03,652 - INFO - 迭代 28/500 | 阶段: evolutionary learning | 最佳完工时间: 1781.00 | 迭代耗时: 1.00s | 总耗时: 25.11s
2025-04-08 14:14:04,652 - INFO - EL找到新的最优解，完工时间: 1775.00
2025-04-08 14:14:04,652 - INFO - 迭代 29/500 | 阶段: evolutionary learning | 最佳完工时间: 1775.00 | 迭代耗时: 1.00s | 总耗时: 26.11s
2025-04-08 14:14:05,595 - INFO - EL找到新的最优解，完工时间: 1773.00
2025-04-08 14:14:05,595 - INFO - 迭代 30/500 | 阶段: evolutionary learning | 最佳完工时间: 1773.00 | 迭代耗时: 0.94s | 总耗时: 27.06s
2025-04-08 14:14:06,568 - INFO - EL找到新的最优解，完工时间: 1766.00
2025-04-08 14:14:06,568 - INFO - 迭代 31/500 | 阶段: evolutionary learning | 最佳完工时间: 1766.00 | 迭代耗时: 0.97s | 总耗时: 28.03s
2025-04-08 14:14:07,575 - INFO - EL找到新的最优解，完工时间: 1760.00
2025-04-08 14:14:07,575 - INFO - 迭代 32/500 | 阶段: evolutionary learning | 最佳完工时间: 1760.00 | 迭代耗时: 1.01s | 总耗时: 29.04s
2025-04-08 14:14:08,557 - INFO - 迭代 33/500 | 阶段: evolutionary learning | 最佳完工时间: 1760.00 | 迭代耗时: 0.98s | 总耗时: 30.02s
2025-04-08 14:14:09,534 - INFO - 迭代 34/500 | 阶段: evolutionary learning | 最佳完工时间: 1760.00 | 迭代耗时: 0.98s | 总耗时: 31.00s
2025-04-08 14:14:10,525 - INFO - EL找到新的最优解，完工时间: 1757.00
2025-04-08 14:14:10,525 - INFO - 迭代 35/500 | 阶段: evolutionary learning | 最佳完工时间: 1757.00 | 迭代耗时: 0.99s | 总耗时: 31.99s
2025-04-08 14:14:11,517 - INFO - EL找到新的最优解，完工时间: 1753.00
2025-04-08 14:14:11,517 - INFO - 迭代 36/500 | 阶段: evolutionary learning | 最佳完工时间: 1753.00 | 迭代耗时: 0.99s | 总耗时: 32.98s
2025-04-08 14:14:12,498 - INFO - EL找到新的最优解，完工时间: 1751.00
2025-04-08 14:14:12,498 - INFO - 迭代 37/500 | 阶段: evolutionary learning | 最佳完工时间: 1751.00 | 迭代耗时: 0.98s | 总耗时: 33.96s
2025-04-08 14:14:13,436 - INFO - EL找到新的最优解，完工时间: 1747.00
2025-04-08 14:14:13,436 - INFO - 迭代 38/500 | 阶段: evolutionary learning | 最佳完工时间: 1747.00 | 迭代耗时: 0.94s | 总耗时: 34.90s
2025-04-08 14:14:14,430 - INFO - EL找到新的最优解，完工时间: 1745.00
2025-04-08 14:14:14,430 - INFO - 迭代 39/500 | 阶段: evolutionary learning | 最佳完工时间: 1745.00 | 迭代耗时: 0.99s | 总耗时: 35.89s
2025-04-08 14:14:15,391 - INFO - 迭代 40/500 | 阶段: evolutionary learning | 最佳完工时间: 1745.00 | 迭代耗时: 0.96s | 总耗时: 36.85s
2025-04-08 14:14:16,357 - INFO - EL找到新的最优解，完工时间: 1743.00
2025-04-08 14:14:16,357 - INFO - 迭代 41/500 | 阶段: evolutionary learning | 最佳完工时间: 1743.00 | 迭代耗时: 0.97s | 总耗时: 37.82s
2025-04-08 14:14:17,347 - INFO - EL找到新的最优解，完工时间: 1738.00
2025-04-08 14:14:17,347 - INFO - 迭代 42/500 | 阶段: evolutionary learning | 最佳完工时间: 1738.00 | 迭代耗时: 0.99s | 总耗时: 38.81s
2025-04-08 14:14:18,358 - INFO - 迭代 43/500 | 阶段: evolutionary learning | 最佳完工时间: 1738.00 | 迭代耗时: 1.01s | 总耗时: 39.82s
2025-04-08 14:14:19,312 - INFO - EL找到新的最优解，完工时间: 1731.00
2025-04-08 14:14:19,312 - INFO - 迭代 44/500 | 阶段: evolutionary learning | 最佳完工时间: 1731.00 | 迭代耗时: 0.95s | 总耗时: 40.77s
2025-04-08 14:14:20,315 - INFO - 迭代 45/500 | 阶段: evolutionary learning | 最佳完工时间: 1731.00 | 迭代耗时: 1.00s | 总耗时: 41.78s
2025-04-08 14:14:21,293 - INFO - EL找到新的最优解，完工时间: 1727.00
2025-04-08 14:14:21,293 - INFO - 迭代 46/500 | 阶段: evolutionary learning | 最佳完工时间: 1727.00 | 迭代耗时: 0.98s | 总耗时: 42.75s
2025-04-08 14:14:22,263 - INFO - 迭代 47/500 | 阶段: evolutionary learning | 最佳完工时间: 1727.00 | 迭代耗时: 0.97s | 总耗时: 43.72s
2025-04-08 14:14:23,266 - INFO - 迭代 48/500 | 阶段: evolutionary learning | 最佳完工时间: 1727.00 | 迭代耗时: 1.00s | 总耗时: 44.73s
2025-04-08 14:14:24,245 - INFO - EL找到新的最优解，完工时间: 1725.00
2025-04-08 14:14:24,245 - INFO - 迭代 49/500 | 阶段: evolutionary learning | 最佳完工时间: 1725.00 | 迭代耗时: 0.98s | 总耗时: 45.71s
2025-04-08 14:14:25,226 - INFO - EL找到新的最优解，完工时间: 1721.00
2025-04-08 14:14:25,226 - INFO - 迭代 50/500 | 阶段: evolutionary learning | 最佳完工时间: 1721.00 | 迭代耗时: 0.98s | 总耗时: 46.69s
2025-04-08 14:14:26,203 - INFO - 迭代 51/500 | 阶段: evolutionary learning | 最佳完工时间: 1721.00 | 迭代耗时: 0.98s | 总耗时: 47.66s
2025-04-08 14:14:27,158 - INFO - EL找到新的最优解，完工时间: 1719.00
2025-04-08 14:14:27,158 - INFO - 迭代 52/500 | 阶段: evolutionary learning | 最佳完工时间: 1719.00 | 迭代耗时: 0.96s | 总耗时: 48.62s
2025-04-08 14:14:28,120 - INFO - 迭代 53/500 | 阶段: evolutionary learning | 最佳完工时间: 1719.00 | 迭代耗时: 0.96s | 总耗时: 49.58s
2025-04-08 14:14:29,102 - INFO - EL找到新的最优解，完工时间: 1716.00
2025-04-08 14:14:29,102 - INFO - 迭代 54/500 | 阶段: evolutionary learning | 最佳完工时间: 1716.00 | 迭代耗时: 0.98s | 总耗时: 50.56s
2025-04-08 14:14:30,097 - INFO - 迭代 55/500 | 阶段: evolutionary learning | 最佳完工时间: 1716.00 | 迭代耗时: 1.00s | 总耗时: 51.56s
2025-04-08 14:14:31,052 - INFO - EL找到新的最优解，完工时间: 1715.00
2025-04-08 14:14:31,052 - INFO - 迭代 56/500 | 阶段: evolutionary learning | 最佳完工时间: 1715.00 | 迭代耗时: 0.95s | 总耗时: 52.51s
2025-04-08 14:14:32,026 - INFO - EL找到新的最优解，完工时间: 1709.00
2025-04-08 14:14:32,026 - INFO - 迭代 57/500 | 阶段: evolutionary learning | 最佳完工时间: 1709.00 | 迭代耗时: 0.97s | 总耗时: 53.49s
2025-04-08 14:14:33,014 - INFO - EL找到新的最优解，完工时间: 1707.00
2025-04-08 14:14:33,014 - INFO - 迭代 58/500 | 阶段: evolutionary learning | 最佳完工时间: 1707.00 | 迭代耗时: 0.99s | 总耗时: 54.48s
2025-04-08 14:14:33,992 - INFO - 迭代 59/500 | 阶段: evolutionary learning | 最佳完工时间: 1707.00 | 迭代耗时: 0.98s | 总耗时: 55.45s
2025-04-08 14:14:34,974 - INFO - 迭代 60/500 | 阶段: evolutionary learning | 最佳完工时间: 1707.00 | 迭代耗时: 0.98s | 总耗时: 56.44s
2025-04-08 14:14:35,915 - INFO - EL找到新的最优解，完工时间: 1703.00
2025-04-08 14:14:35,915 - INFO - 迭代 61/500 | 阶段: evolutionary learning | 最佳完工时间: 1703.00 | 迭代耗时: 0.94s | 总耗时: 57.38s
2025-04-08 14:14:36,922 - INFO - 迭代 62/500 | 阶段: evolutionary learning | 最佳完工时间: 1703.00 | 迭代耗时: 1.01s | 总耗时: 58.38s
2025-04-08 14:14:37,888 - INFO - 迭代 63/500 | 阶段: evolutionary learning | 最佳完工时间: 1703.00 | 迭代耗时: 0.97s | 总耗时: 59.35s
2025-04-08 14:14:38,902 - INFO - EL找到新的最优解，完工时间: 1698.00
2025-04-08 14:14:38,902 - INFO - 迭代 64/500 | 阶段: evolutionary learning | 最佳完工时间: 1698.00 | 迭代耗时: 1.01s | 总耗时: 60.36s
2025-04-08 14:14:39,889 - INFO - EL找到新的最优解，完工时间: 1697.00
2025-04-08 14:14:39,889 - INFO - 迭代 65/500 | 阶段: evolutionary learning | 最佳完工时间: 1697.00 | 迭代耗时: 0.99s | 总耗时: 61.35s
2025-04-08 14:14:40,904 - INFO - EL找到新的最优解，完工时间: 1694.00
2025-04-08 14:14:40,904 - INFO - 迭代 66/500 | 阶段: evolutionary learning | 最佳完工时间: 1694.00 | 迭代耗时: 1.01s | 总耗时: 62.37s
2025-04-08 14:14:41,856 - INFO - EL找到新的最优解，完工时间: 1688.00
2025-04-08 14:14:41,856 - INFO - 迭代 67/500 | 阶段: evolutionary learning | 最佳完工时间: 1688.00 | 迭代耗时: 0.95s | 总耗时: 63.32s
2025-04-08 14:14:42,811 - INFO - 迭代 68/500 | 阶段: evolutionary learning | 最佳完工时间: 1688.00 | 迭代耗时: 0.96s | 总耗时: 64.27s
2025-04-08 14:14:43,797 - INFO - EL找到新的最优解，完工时间: 1687.00
2025-04-08 14:14:43,797 - INFO - 迭代 69/500 | 阶段: evolutionary learning | 最佳完工时间: 1687.00 | 迭代耗时: 0.99s | 总耗时: 65.26s
2025-04-08 14:14:44,862 - INFO - EL找到新的最优解，完工时间: 1683.00
2025-04-08 14:14:44,862 - INFO - 迭代 70/500 | 阶段: evolutionary learning | 最佳完工时间: 1683.00 | 迭代耗时: 1.06s | 总耗时: 66.32s
2025-04-08 14:14:45,841 - INFO - EL找到新的最优解，完工时间: 1679.00
2025-04-08 14:14:45,841 - INFO - 迭代 71/500 | 阶段: evolutionary learning | 最佳完工时间: 1679.00 | 迭代耗时: 0.98s | 总耗时: 67.30s
2025-04-08 14:14:46,840 - INFO - 迭代 72/500 | 阶段: evolutionary learning | 最佳完工时间: 1679.00 | 迭代耗时: 1.00s | 总耗时: 68.30s
2025-04-08 14:14:47,816 - INFO - EL找到新的最优解，完工时间: 1675.00
2025-04-08 14:14:47,816 - INFO - 迭代 73/500 | 阶段: evolutionary learning | 最佳完工时间: 1675.00 | 迭代耗时: 0.98s | 总耗时: 69.28s
2025-04-08 14:14:48,788 - INFO - EL找到新的最优解，完工时间: 1674.00
2025-04-08 14:14:48,788 - INFO - 迭代 74/500 | 阶段: evolutionary learning | 最佳完工时间: 1674.00 | 迭代耗时: 0.97s | 总耗时: 70.25s
2025-04-08 14:14:49,783 - INFO - EL找到新的最优解，完工时间: 1670.00
2025-04-08 14:14:49,783 - INFO - 迭代 75/500 | 阶段: evolutionary learning | 最佳完工时间: 1670.00 | 迭代耗时: 0.99s | 总耗时: 71.24s
2025-04-08 14:14:50,766 - INFO - EL找到新的最优解，完工时间: 1668.00
2025-04-08 14:14:50,766 - INFO - 迭代 76/500 | 阶段: evolutionary learning | 最佳完工时间: 1668.00 | 迭代耗时: 0.98s | 总耗时: 72.23s
2025-04-08 14:14:51,742 - INFO - 迭代 77/500 | 阶段: evolutionary learning | 最佳完工时间: 1668.00 | 迭代耗时: 0.98s | 总耗时: 73.20s
2025-04-08 14:14:52,688 - INFO - EL找到新的最优解，完工时间: 1667.00
2025-04-08 14:14:52,688 - INFO - 迭代 78/500 | 阶段: evolutionary learning | 最佳完工时间: 1667.00 | 迭代耗时: 0.95s | 总耗时: 74.15s
2025-04-08 14:14:53,672 - INFO - EL找到新的最优解，完工时间: 1661.00
2025-04-08 14:14:53,672 - INFO - 迭代 79/500 | 阶段: evolutionary learning | 最佳完工时间: 1661.00 | 迭代耗时: 0.98s | 总耗时: 75.13s
2025-04-08 14:14:54,652 - INFO - 迭代 80/500 | 阶段: evolutionary learning | 最佳完工时间: 1661.00 | 迭代耗时: 0.98s | 总耗时: 76.11s
2025-04-08 14:14:55,646 - INFO - 迭代 81/500 | 阶段: evolutionary learning | 最佳完工时间: 1661.00 | 迭代耗时: 0.99s | 总耗时: 77.11s
2025-04-08 14:14:56,632 - INFO - EL找到新的最优解，完工时间: 1660.00
2025-04-08 14:14:56,632 - INFO - 迭代 82/500 | 阶段: evolutionary learning | 最佳完工时间: 1660.00 | 迭代耗时: 0.99s | 总耗时: 78.09s
2025-04-08 14:14:57,637 - INFO - 迭代 83/500 | 阶段: evolutionary learning | 最佳完工时间: 1660.00 | 迭代耗时: 1.00s | 总耗时: 79.10s
2025-04-08 14:14:58,606 - INFO - 迭代 84/500 | 阶段: evolutionary learning | 最佳完工时间: 1660.00 | 迭代耗时: 0.97s | 总耗时: 80.07s
2025-04-08 14:14:59,621 - INFO - EL找到新的最优解，完工时间: 1658.00
2025-04-08 14:14:59,621 - INFO - 迭代 85/500 | 阶段: evolutionary learning | 最佳完工时间: 1658.00 | 迭代耗时: 1.01s | 总耗时: 81.08s
2025-04-08 14:15:00,658 - INFO - 迭代 86/500 | 阶段: evolutionary learning | 最佳完工时间: 1658.00 | 迭代耗时: 1.04s | 总耗时: 82.12s
2025-04-08 14:15:01,670 - INFO - 迭代 87/500 | 阶段: evolutionary learning | 最佳完工时间: 1658.00 | 迭代耗时: 1.01s | 总耗时: 83.13s
2025-04-08 14:15:02,673 - INFO - EL找到新的最优解，完工时间: 1651.00
2025-04-08 14:15:02,673 - INFO - 迭代 88/500 | 阶段: evolutionary learning | 最佳完工时间: 1651.00 | 迭代耗时: 1.00s | 总耗时: 84.14s
2025-04-08 14:15:03,685 - INFO - EL找到新的最优解，完工时间: 1647.00
2025-04-08 14:15:03,686 - INFO - 迭代 89/500 | 阶段: evolutionary learning | 最佳完工时间: 1647.00 | 迭代耗时: 1.01s | 总耗时: 85.15s
2025-04-08 14:15:04,662 - INFO - 迭代 90/500 | 阶段: evolutionary learning | 最佳完工时间: 1647.00 | 迭代耗时: 0.98s | 总耗时: 86.12s
2025-04-08 14:15:05,652 - INFO - 迭代 91/500 | 阶段: evolutionary learning | 最佳完工时间: 1647.00 | 迭代耗时: 0.99s | 总耗时: 87.11s
2025-04-08 14:15:06,633 - INFO - 迭代 92/500 | 阶段: evolutionary learning | 最佳完工时间: 1647.00 | 迭代耗时: 0.98s | 总耗时: 88.09s
2025-04-08 14:15:07,601 - INFO - 迭代 93/500 | 阶段: evolutionary learning | 最佳完工时间: 1647.00 | 迭代耗时: 0.97s | 总耗时: 89.06s
2025-04-08 14:15:08,588 - INFO - 迭代 94/500 | 阶段: evolutionary learning | 最佳完工时间: 1647.00 | 迭代耗时: 0.99s | 总耗时: 90.05s
2025-04-08 14:15:09,576 - INFO - 迭代 95/500 | 阶段: evolutionary learning | 最佳完工时间: 1647.00 | 迭代耗时: 0.99s | 总耗时: 91.04s
2025-04-08 14:15:10,564 - INFO - 迭代 96/500 | 阶段: evolutionary learning | 最佳完工时间: 1647.00 | 迭代耗时: 0.99s | 总耗时: 92.03s
2025-04-08 14:15:11,587 - INFO - 迭代 97/500 | 阶段: evolutionary learning | 最佳完工时间: 1647.00 | 迭代耗时: 1.02s | 总耗时: 93.05s
2025-04-08 14:15:12,594 - INFO - 迭代 98/500 | 阶段: evolutionary learning | 最佳完工时间: 1647.00 | 迭代耗时: 1.01s | 总耗时: 94.06s
2025-04-08 14:15:13,559 - INFO - 迭代 99/500 | 阶段: evolutionary learning | 最佳完工时间: 1647.00 | 迭代耗时: 0.96s | 总耗时: 95.02s
2025-04-08 14:15:14,564 - INFO - EL找到新的最优解，完工时间: 1646.00
2025-04-08 14:15:14,564 - INFO - 迭代 100/500 | 阶段: evolutionary learning | 最佳完工时间: 1646.00 | 迭代耗时: 1.00s | 总耗时: 96.03s
2025-04-08 14:15:15,561 - INFO - 迭代 101/500 | 阶段: evolutionary learning | 最佳完工时间: 1646.00 | 迭代耗时: 1.00s | 总耗时: 97.02s
2025-04-08 14:15:16,559 - INFO - 迭代 102/500 | 阶段: evolutionary learning | 最佳完工时间: 1646.00 | 迭代耗时: 1.00s | 总耗时: 98.02s
2025-04-08 14:15:17,562 - INFO - EL找到新的最优解，完工时间: 1643.00
2025-04-08 14:15:17,562 - INFO - 迭代 103/500 | 阶段: evolutionary learning | 最佳完工时间: 1643.00 | 迭代耗时: 1.00s | 总耗时: 99.02s
2025-04-08 14:15:18,558 - INFO - 迭代 104/500 | 阶段: evolutionary learning | 最佳完工时间: 1643.00 | 迭代耗时: 1.00s | 总耗时: 100.02s
2025-04-08 14:15:19,562 - INFO - 迭代 105/500 | 阶段: evolutionary learning | 最佳完工时间: 1643.00 | 迭代耗时: 1.00s | 总耗时: 101.02s
2025-04-08 14:15:20,563 - INFO - EL找到新的最优解，完工时间: 1642.00
2025-04-08 14:15:20,563 - INFO - 迭代 106/500 | 阶段: evolutionary learning | 最佳完工时间: 1642.00 | 迭代耗时: 1.00s | 总耗时: 102.02s
2025-04-08 14:15:21,566 - INFO - 迭代 107/500 | 阶段: evolutionary learning | 最佳完工时间: 1642.00 | 迭代耗时: 1.00s | 总耗时: 103.03s
2025-04-08 14:15:22,565 - INFO - 迭代 108/500 | 阶段: evolutionary learning | 最佳完工时间: 1642.00 | 迭代耗时: 1.00s | 总耗时: 104.03s
2025-04-08 14:15:23,573 - INFO - EL找到新的最优解，完工时间: 1640.00
2025-04-08 14:15:23,573 - INFO - 迭代 109/500 | 阶段: evolutionary learning | 最佳完工时间: 1640.00 | 迭代耗时: 1.01s | 总耗时: 105.03s
2025-04-08 14:15:24,582 - INFO - 迭代 110/500 | 阶段: evolutionary learning | 最佳完工时间: 1640.00 | 迭代耗时: 1.01s | 总耗时: 106.04s
2025-04-08 14:15:25,606 - INFO - 迭代 111/500 | 阶段: evolutionary learning | 最佳完工时间: 1640.00 | 迭代耗时: 1.02s | 总耗时: 107.07s
2025-04-08 14:15:26,603 - INFO - EL找到新的最优解，完工时间: 1639.00
2025-04-08 14:15:26,603 - INFO - 迭代 112/500 | 阶段: evolutionary learning | 最佳完工时间: 1639.00 | 迭代耗时: 1.00s | 总耗时: 108.06s
2025-04-08 14:15:27,608 - INFO - 迭代 113/500 | 阶段: evolutionary learning | 最佳完工时间: 1639.00 | 迭代耗时: 1.01s | 总耗时: 109.07s
2025-04-08 14:15:28,587 - INFO - EL找到新的最优解，完工时间: 1638.00
2025-04-08 14:15:28,587 - INFO - 迭代 114/500 | 阶段: evolutionary learning | 最佳完工时间: 1638.00 | 迭代耗时: 0.98s | 总耗时: 110.05s
2025-04-08 14:15:29,602 - INFO - EL找到新的最优解，完工时间: 1636.00
2025-04-08 14:15:29,602 - INFO - 迭代 115/500 | 阶段: evolutionary learning | 最佳完工时间: 1636.00 | 迭代耗时: 1.02s | 总耗时: 111.06s
2025-04-08 14:15:30,573 - INFO - 迭代 116/500 | 阶段: evolutionary learning | 最佳完工时间: 1636.00 | 迭代耗时: 0.97s | 总耗时: 112.03s
2025-04-08 14:15:31,567 - INFO - 迭代 117/500 | 阶段: evolutionary learning | 最佳完工时间: 1636.00 | 迭代耗时: 0.99s | 总耗时: 113.03s
2025-04-08 14:15:32,536 - INFO - 迭代 118/500 | 阶段: evolutionary learning | 最佳完工时间: 1636.00 | 迭代耗时: 0.97s | 总耗时: 114.00s
2025-04-08 14:15:33,536 - INFO - EL找到新的最优解，完工时间: 1634.00
2025-04-08 14:15:33,536 - INFO - 迭代 119/500 | 阶段: evolutionary learning | 最佳完工时间: 1634.00 | 迭代耗时: 1.00s | 总耗时: 115.00s
2025-04-08 14:15:34,549 - INFO - EL找到新的最优解，完工时间: 1633.00
2025-04-08 14:15:34,549 - INFO - 迭代 120/500 | 阶段: evolutionary learning | 最佳完工时间: 1633.00 | 迭代耗时: 1.01s | 总耗时: 116.01s
2025-04-08 14:15:35,571 - INFO - EL找到新的最优解，完工时间: 1631.00
2025-04-08 14:15:35,571 - INFO - 迭代 121/500 | 阶段: evolutionary learning | 最佳完工时间: 1631.00 | 迭代耗时: 1.02s | 总耗时: 117.03s
2025-04-08 14:15:36,576 - INFO - 迭代 122/500 | 阶段: evolutionary learning | 最佳完工时间: 1631.00 | 迭代耗时: 1.01s | 总耗时: 118.04s
2025-04-08 14:15:37,583 - INFO - 迭代 123/500 | 阶段: evolutionary learning | 最佳完工时间: 1631.00 | 迭代耗时: 1.01s | 总耗时: 119.04s
2025-04-08 14:15:38,673 - INFO - EL找到新的最优解，完工时间: 1628.00
2025-04-08 14:15:38,673 - INFO - 迭代 124/500 | 阶段: evolutionary learning | 最佳完工时间: 1628.00 | 迭代耗时: 1.09s | 总耗时: 120.14s
2025-04-08 14:15:39,706 - INFO - EL找到新的最优解，完工时间: 1625.00
2025-04-08 14:15:39,706 - INFO - 迭代 125/500 | 阶段: evolutionary learning | 最佳完工时间: 1625.00 | 迭代耗时: 1.03s | 总耗时: 121.17s
2025-04-08 14:15:40,734 - INFO - 迭代 126/500 | 阶段: evolutionary learning | 最佳完工时间: 1625.00 | 迭代耗时: 1.03s | 总耗时: 122.20s
2025-04-08 14:15:41,801 - INFO - 迭代 127/500 | 阶段: evolutionary learning | 最佳完工时间: 1625.00 | 迭代耗时: 1.07s | 总耗时: 123.26s
2025-04-08 14:15:42,836 - INFO - 迭代 128/500 | 阶段: evolutionary learning | 最佳完工时间: 1625.00 | 迭代耗时: 1.03s | 总耗时: 124.30s
2025-04-08 14:15:43,882 - INFO - 迭代 129/500 | 阶段: evolutionary learning | 最佳完工时间: 1625.00 | 迭代耗时: 1.05s | 总耗时: 125.34s
2025-04-08 14:15:44,912 - INFO - EL找到新的最优解，完工时间: 1624.00
2025-04-08 14:15:44,912 - INFO - 迭代 130/500 | 阶段: evolutionary learning | 最佳完工时间: 1624.00 | 迭代耗时: 1.03s | 总耗时: 126.37s
2025-04-08 14:15:45,915 - INFO - 迭代 131/500 | 阶段: evolutionary learning | 最佳完工时间: 1624.00 | 迭代耗时: 1.00s | 总耗时: 127.38s
2025-04-08 14:15:46,956 - INFO - 迭代 132/500 | 阶段: evolutionary learning | 最佳完工时间: 1624.00 | 迭代耗时: 1.04s | 总耗时: 128.42s
2025-04-08 14:15:47,959 - INFO - EL找到新的最优解，完工时间: 1623.00
2025-04-08 14:15:47,959 - INFO - 迭代 133/500 | 阶段: evolutionary learning | 最佳完工时间: 1623.00 | 迭代耗时: 1.00s | 总耗时: 129.42s
2025-04-08 14:15:48,972 - INFO - EL找到新的最优解，完工时间: 1616.00
2025-04-08 14:15:48,972 - INFO - 迭代 134/500 | 阶段: evolutionary learning | 最佳完工时间: 1616.00 | 迭代耗时: 1.01s | 总耗时: 130.43s
2025-04-08 14:15:49,950 - INFO - EL找到新的最优解，完工时间: 1615.00
2025-04-08 14:15:49,951 - INFO - 迭代 135/500 | 阶段: evolutionary learning | 最佳完工时间: 1615.00 | 迭代耗时: 0.98s | 总耗时: 131.41s
2025-04-08 14:15:50,964 - INFO - 迭代 136/500 | 阶段: evolutionary learning | 最佳完工时间: 1615.00 | 迭代耗时: 1.01s | 总耗时: 132.43s
2025-04-08 14:15:52,053 - INFO - 迭代 137/500 | 阶段: evolutionary learning | 最佳完工时间: 1615.00 | 迭代耗时: 1.09s | 总耗时: 133.51s
2025-04-08 14:15:53,068 - INFO - EL找到新的最优解，完工时间: 1614.00
2025-04-08 14:15:53,068 - INFO - 迭代 138/500 | 阶段: evolutionary learning | 最佳完工时间: 1614.00 | 迭代耗时: 1.02s | 总耗时: 134.53s
2025-04-08 14:15:54,081 - INFO - 迭代 139/500 | 阶段: evolutionary learning | 最佳完工时间: 1614.00 | 迭代耗时: 1.01s | 总耗时: 135.54s
2025-04-08 14:15:55,076 - INFO - 迭代 140/500 | 阶段: evolutionary learning | 最佳完工时间: 1614.00 | 迭代耗时: 1.00s | 总耗时: 136.54s
2025-04-08 14:15:56,088 - INFO - EL找到新的最优解，完工时间: 1612.00
2025-04-08 14:15:56,088 - INFO - 迭代 141/500 | 阶段: evolutionary learning | 最佳完工时间: 1612.00 | 迭代耗时: 1.01s | 总耗时: 137.55s
2025-04-08 14:15:57,072 - INFO - 迭代 142/500 | 阶段: evolutionary learning | 最佳完工时间: 1612.00 | 迭代耗时: 0.98s | 总耗时: 138.53s
2025-04-08 14:15:58,027 - INFO - EL找到新的最优解，完工时间: 1611.00
2025-04-08 14:15:58,027 - INFO - 迭代 143/500 | 阶段: evolutionary learning | 最佳完工时间: 1611.00 | 迭代耗时: 0.95s | 总耗时: 139.49s
2025-04-08 14:15:59,021 - INFO - 迭代 144/500 | 阶段: evolutionary learning | 最佳完工时间: 1611.00 | 迭代耗时: 0.99s | 总耗时: 140.48s
2025-04-08 14:16:00,040 - INFO - 迭代 145/500 | 阶段: evolutionary learning | 最佳完工时间: 1611.00 | 迭代耗时: 1.02s | 总耗时: 141.50s
2025-04-08 14:16:01,063 - INFO - EL找到新的最优解，完工时间: 1605.00
2025-04-08 14:16:01,063 - INFO - 迭代 146/500 | 阶段: evolutionary learning | 最佳完工时间: 1605.00 | 迭代耗时: 1.02s | 总耗时: 142.52s
2025-04-08 14:16:02,066 - INFO - 迭代 147/500 | 阶段: evolutionary learning | 最佳完工时间: 1605.00 | 迭代耗时: 1.00s | 总耗时: 143.53s
2025-04-08 14:16:03,036 - INFO - 迭代 148/500 | 阶段: evolutionary learning | 最佳完工时间: 1605.00 | 迭代耗时: 0.97s | 总耗时: 144.50s
2025-04-08 14:16:04,030 - INFO - 迭代 149/500 | 阶段: evolutionary learning | 最佳完工时间: 1605.00 | 迭代耗时: 0.99s | 总耗时: 145.49s
2025-04-08 14:16:05,021 - INFO - 迭代 150/500 | 阶段: evolutionary learning | 最佳完工时间: 1605.00 | 迭代耗时: 0.99s | 总耗时: 146.48s
2025-04-08 14:16:05,999 - INFO - 迭代 151/500 | 阶段: evolutionary learning | 最佳完工时间: 1605.00 | 迭代耗时: 0.98s | 总耗时: 147.46s
2025-04-08 14:16:07,022 - INFO - 迭代 152/500 | 阶段: evolutionary learning | 最佳完工时间: 1605.00 | 迭代耗时: 1.02s | 总耗时: 148.48s
2025-04-08 14:16:08,022 - INFO - EL找到新的最优解，完工时间: 1603.00
2025-04-08 14:16:08,022 - INFO - 迭代 153/500 | 阶段: evolutionary learning | 最佳完工时间: 1603.00 | 迭代耗时: 1.00s | 总耗时: 149.48s
2025-04-08 14:16:08,997 - INFO - 迭代 154/500 | 阶段: evolutionary learning | 最佳完工时间: 1603.00 | 迭代耗时: 0.98s | 总耗时: 150.46s
2025-04-08 14:16:09,968 - INFO - EL找到新的最优解，完工时间: 1597.00
2025-04-08 14:16:09,968 - INFO - 迭代 155/500 | 阶段: evolutionary learning | 最佳完工时间: 1597.00 | 迭代耗时: 0.97s | 总耗时: 151.43s
2025-04-08 14:16:10,916 - INFO - 迭代 156/500 | 阶段: evolutionary learning | 最佳完工时间: 1597.00 | 迭代耗时: 0.95s | 总耗时: 152.38s
2025-04-08 14:16:11,906 - INFO - 迭代 157/500 | 阶段: evolutionary learning | 最佳完工时间: 1597.00 | 迭代耗时: 0.99s | 总耗时: 153.37s
2025-04-08 14:16:12,921 - INFO - 迭代 158/500 | 阶段: evolutionary learning | 最佳完工时间: 1597.00 | 迭代耗时: 1.02s | 总耗时: 154.38s
2025-04-08 14:16:13,894 - INFO - 迭代 159/500 | 阶段: evolutionary learning | 最佳完工时间: 1597.00 | 迭代耗时: 0.97s | 总耗时: 155.36s
2025-04-08 14:16:14,891 - INFO - 迭代 160/500 | 阶段: evolutionary learning | 最佳完工时间: 1597.00 | 迭代耗时: 1.00s | 总耗时: 156.35s
2025-04-08 14:16:15,931 - INFO - 迭代 161/500 | 阶段: evolutionary learning | 最佳完工时间: 1597.00 | 迭代耗时: 1.04s | 总耗时: 157.39s
2025-04-08 14:16:16,922 - INFO - 迭代 162/500 | 阶段: evolutionary learning | 最佳完工时间: 1597.00 | 迭代耗时: 0.99s | 总耗时: 158.38s
2025-04-08 14:16:17,888 - INFO - 迭代 163/500 | 阶段: evolutionary learning | 最佳完工时间: 1597.00 | 迭代耗时: 0.97s | 总耗时: 159.35s
2025-04-08 14:16:18,874 - INFO - 迭代 164/500 | 阶段: evolutionary learning | 最佳完工时间: 1597.00 | 迭代耗时: 0.99s | 总耗时: 160.34s
2025-04-08 14:16:19,832 - INFO - EL找到新的最优解，完工时间: 1596.00
2025-04-08 14:16:19,832 - INFO - 迭代 165/500 | 阶段: evolutionary learning | 最佳完工时间: 1596.00 | 迭代耗时: 0.96s | 总耗时: 161.29s
2025-04-08 14:16:20,814 - INFO - 迭代 166/500 | 阶段: evolutionary learning | 最佳完工时间: 1596.00 | 迭代耗时: 0.98s | 总耗时: 162.28s
2025-04-08 14:16:21,787 - INFO - EL找到新的最优解，完工时间: 1594.00
2025-04-08 14:16:21,787 - INFO - 迭代 167/500 | 阶段: evolutionary learning | 最佳完工时间: 1594.00 | 迭代耗时: 0.97s | 总耗时: 163.25s
2025-04-08 14:16:22,749 - INFO - 迭代 168/500 | 阶段: evolutionary learning | 最佳完工时间: 1594.00 | 迭代耗时: 0.96s | 总耗时: 164.21s
2025-04-08 14:16:23,745 - INFO - 迭代 169/500 | 阶段: evolutionary learning | 最佳完工时间: 1594.00 | 迭代耗时: 1.00s | 总耗时: 165.21s
2025-04-08 14:16:24,751 - INFO - 迭代 170/500 | 阶段: evolutionary learning | 最佳完工时间: 1594.00 | 迭代耗时: 1.01s | 总耗时: 166.21s
2025-04-08 14:16:25,735 - INFO - 迭代 171/500 | 阶段: evolutionary learning | 最佳完工时间: 1594.00 | 迭代耗时: 0.98s | 总耗时: 167.20s
2025-04-08 14:16:26,687 - INFO - EL找到新的最优解，完工时间: 1592.00
2025-04-08 14:16:26,687 - INFO - 迭代 172/500 | 阶段: evolutionary learning | 最佳完工时间: 1592.00 | 迭代耗时: 0.95s | 总耗时: 168.15s
2025-04-08 14:16:27,662 - INFO - 迭代 173/500 | 阶段: evolutionary learning | 最佳完工时间: 1592.00 | 迭代耗时: 0.98s | 总耗时: 169.12s
2025-04-08 14:16:28,633 - INFO - 迭代 174/500 | 阶段: evolutionary learning | 最佳完工时间: 1592.00 | 迭代耗时: 0.97s | 总耗时: 170.09s
2025-04-08 14:16:29,601 - INFO - 迭代 175/500 | 阶段: evolutionary learning | 最佳完工时间: 1592.00 | 迭代耗时: 0.97s | 总耗时: 171.06s
2025-04-08 14:16:30,606 - INFO - 迭代 176/500 | 阶段: evolutionary learning | 最佳完工时间: 1592.00 | 迭代耗时: 1.00s | 总耗时: 172.07s
2025-04-08 14:16:31,569 - INFO - 迭代 177/500 | 阶段: evolutionary learning | 最佳完工时间: 1592.00 | 迭代耗时: 0.96s | 总耗时: 173.03s
2025-04-08 14:16:32,566 - INFO - 迭代 178/500 | 阶段: evolutionary learning | 最佳完工时间: 1592.00 | 迭代耗时: 1.00s | 总耗时: 174.03s
2025-04-08 14:16:33,512 - INFO - 迭代 179/500 | 阶段: evolutionary learning | 最佳完工时间: 1592.00 | 迭代耗时: 0.95s | 总耗时: 174.97s
2025-04-08 14:16:34,499 - INFO - 迭代 180/500 | 阶段: evolutionary learning | 最佳完工时间: 1592.00 | 迭代耗时: 0.99s | 总耗时: 175.96s
2025-04-08 14:16:35,492 - INFO - 迭代 181/500 | 阶段: evolutionary learning | 最佳完工时间: 1592.00 | 迭代耗时: 0.99s | 总耗时: 176.95s
2025-04-08 14:16:36,434 - INFO - 迭代 182/500 | 阶段: evolutionary learning | 最佳完工时间: 1592.00 | 迭代耗时: 0.94s | 总耗时: 177.90s
2025-04-08 14:16:37,455 - INFO - 迭代 183/500 | 阶段: evolutionary learning | 最佳完工时间: 1592.00 | 迭代耗时: 1.02s | 总耗时: 178.92s
2025-04-08 14:16:38,447 - INFO - 迭代 184/500 | 阶段: evolutionary learning | 最佳完工时间: 1592.00 | 迭代耗时: 0.99s | 总耗时: 179.91s
2025-04-08 14:16:39,455 - INFO - 迭代 185/500 | 阶段: evolutionary learning | 最佳完工时间: 1592.00 | 迭代耗时: 1.01s | 总耗时: 180.92s
2025-04-08 14:16:40,508 - INFO - 迭代 186/500 | 阶段: evolutionary learning | 最佳完工时间: 1592.00 | 迭代耗时: 1.05s | 总耗时: 181.97s
2025-04-08 14:16:41,503 - INFO - 迭代 187/500 | 阶段: evolutionary learning | 最佳完工时间: 1592.00 | 迭代耗时: 0.99s | 总耗时: 182.97s
2025-04-08 14:16:42,523 - INFO - 迭代 188/500 | 阶段: evolutionary learning | 最佳完工时间: 1592.00 | 迭代耗时: 1.02s | 总耗时: 183.98s
2025-04-08 14:16:43,553 - INFO - 迭代 189/500 | 阶段: evolutionary learning | 最佳完工时间: 1592.00 | 迭代耗时: 1.03s | 总耗时: 185.01s
2025-04-08 14:16:44,576 - INFO - 迭代 190/500 | 阶段: evolutionary learning | 最佳完工时间: 1592.00 | 迭代耗时: 1.02s | 总耗时: 186.04s
2025-04-08 14:16:45,679 - INFO - 迭代 191/500 | 阶段: evolutionary learning | 最佳完工时间: 1592.00 | 迭代耗时: 1.10s | 总耗时: 187.14s
2025-04-08 14:16:46,690 - INFO - 迭代 192/500 | 阶段: evolutionary learning | 最佳完工时间: 1592.00 | 迭代耗时: 1.01s | 总耗时: 188.15s
2025-04-08 14:16:47,716 - INFO - 迭代 193/500 | 阶段: evolutionary learning | 最佳完工时间: 1592.00 | 迭代耗时: 1.03s | 总耗时: 189.18s
2025-04-08 14:16:48,699 - INFO - 迭代 194/500 | 阶段: evolutionary learning | 最佳完工时间: 1592.00 | 迭代耗时: 0.98s | 总耗时: 190.16s
2025-04-08 14:16:49,693 - INFO - EL找到新的最优解，完工时间: 1591.00
2025-04-08 14:16:49,693 - INFO - 迭代 195/500 | 阶段: evolutionary learning | 最佳完工时间: 1591.00 | 迭代耗时: 0.99s | 总耗时: 191.15s
2025-04-08 14:16:50,712 - INFO - EL找到新的最优解，完工时间: 1589.00
2025-04-08 14:16:50,712 - INFO - 迭代 196/500 | 阶段: evolutionary learning | 最佳完工时间: 1589.00 | 迭代耗时: 1.02s | 总耗时: 192.17s
2025-04-08 14:16:51,672 - INFO - 迭代 197/500 | 阶段: evolutionary learning | 最佳完工时间: 1589.00 | 迭代耗时: 0.96s | 总耗时: 193.13s
2025-04-08 14:16:52,695 - INFO - 迭代 198/500 | 阶段: evolutionary learning | 最佳完工时间: 1589.00 | 迭代耗时: 1.02s | 总耗时: 194.16s
2025-04-08 14:16:53,760 - INFO - 迭代 199/500 | 阶段: evolutionary learning | 最佳完工时间: 1589.00 | 迭代耗时: 1.07s | 总耗时: 195.22s
2025-04-08 14:16:54,779 - INFO - 迭代 200/500 | 阶段: evolutionary learning | 最佳完工时间: 1589.00 | 迭代耗时: 1.02s | 总耗时: 196.24s
2025-04-08 14:16:55,818 - INFO - EL找到新的最优解，完工时间: 1588.00
2025-04-08 14:16:55,818 - INFO - 迭代 201/500 | 阶段: evolutionary learning | 最佳完工时间: 1588.00 | 迭代耗时: 1.04s | 总耗时: 197.28s
2025-04-08 14:16:56,856 - INFO - 迭代 202/500 | 阶段: evolutionary learning | 最佳完工时间: 1588.00 | 迭代耗时: 1.04s | 总耗时: 198.32s
2025-04-08 14:16:57,890 - INFO - EL找到新的最优解，完工时间: 1585.00
2025-04-08 14:16:57,890 - INFO - 迭代 203/500 | 阶段: evolutionary learning | 最佳完工时间: 1585.00 | 迭代耗时: 1.03s | 总耗时: 199.35s
2025-04-08 14:16:58,903 - INFO - 迭代 204/500 | 阶段: evolutionary learning | 最佳完工时间: 1585.00 | 迭代耗时: 1.01s | 总耗时: 200.37s
2025-04-08 14:16:59,922 - INFO - EL找到新的最优解，完工时间: 1579.00
2025-04-08 14:16:59,922 - INFO - 迭代 205/500 | 阶段: evolutionary learning | 最佳完工时间: 1579.00 | 迭代耗时: 1.02s | 总耗时: 201.38s
2025-04-08 14:17:00,990 - INFO - EL找到新的最优解，完工时间: 1576.00
2025-04-08 14:17:00,991 - INFO - 迭代 206/500 | 阶段: evolutionary learning | 最佳完工时间: 1576.00 | 迭代耗时: 1.07s | 总耗时: 202.45s
2025-04-08 14:17:02,027 - INFO - 迭代 207/500 | 阶段: evolutionary learning | 最佳完工时间: 1576.00 | 迭代耗时: 1.04s | 总耗时: 203.49s
2025-04-08 14:17:02,997 - INFO - EL找到新的最优解，完工时间: 1572.00
2025-04-08 14:17:02,997 - INFO - 迭代 208/500 | 阶段: evolutionary learning | 最佳完工时间: 1572.00 | 迭代耗时: 0.97s | 总耗时: 204.46s
2025-04-08 14:17:04,006 - INFO - 迭代 209/500 | 阶段: evolutionary learning | 最佳完工时间: 1572.00 | 迭代耗时: 1.01s | 总耗时: 205.47s
2025-04-08 14:17:04,958 - INFO - 迭代 210/500 | 阶段: evolutionary learning | 最佳完工时间: 1572.00 | 迭代耗时: 0.95s | 总耗时: 206.42s
2025-04-08 14:17:05,982 - INFO - EL找到新的最优解，完工时间: 1571.00
2025-04-08 14:17:05,982 - INFO - 迭代 211/500 | 阶段: evolutionary learning | 最佳完工时间: 1571.00 | 迭代耗时: 1.02s | 总耗时: 207.44s
2025-04-08 14:17:07,011 - INFO - EL找到新的最优解，完工时间: 1570.00
2025-04-08 14:17:07,011 - INFO - 迭代 212/500 | 阶段: evolutionary learning | 最佳完工时间: 1570.00 | 迭代耗时: 1.03s | 总耗时: 208.47s
2025-04-08 14:17:08,026 - INFO - 迭代 213/500 | 阶段: evolutionary learning | 最佳完工时间: 1570.00 | 迭代耗时: 1.02s | 总耗时: 209.49s
2025-04-08 14:17:09,100 - INFO - 迭代 214/500 | 阶段: evolutionary learning | 最佳完工时间: 1570.00 | 迭代耗时: 1.07s | 总耗时: 210.56s
2025-04-08 14:17:10,118 - INFO - EL找到新的最优解，完工时间: 1566.00
2025-04-08 14:17:10,118 - INFO - 迭代 215/500 | 阶段: evolutionary learning | 最佳完工时间: 1566.00 | 迭代耗时: 1.02s | 总耗时: 211.58s
2025-04-08 14:17:11,110 - INFO - 迭代 216/500 | 阶段: evolutionary learning | 最佳完工时间: 1566.00 | 迭代耗时: 0.99s | 总耗时: 212.57s
2025-04-08 14:17:12,116 - INFO - 迭代 217/500 | 阶段: evolutionary learning | 最佳完工时间: 1566.00 | 迭代耗时: 1.01s | 总耗时: 213.58s
2025-04-08 14:17:13,122 - INFO - 迭代 218/500 | 阶段: evolutionary learning | 最佳完工时间: 1566.00 | 迭代耗时: 1.01s | 总耗时: 214.58s
2025-04-08 14:17:14,173 - INFO - 迭代 219/500 | 阶段: evolutionary learning | 最佳完工时间: 1566.00 | 迭代耗时: 1.05s | 总耗时: 215.63s
2025-04-08 14:17:15,240 - INFO - 迭代 220/500 | 阶段: evolutionary learning | 最佳完工时间: 1566.00 | 迭代耗时: 1.07s | 总耗时: 216.70s
2025-04-08 14:17:16,251 - INFO - 迭代 221/500 | 阶段: evolutionary learning | 最佳完工时间: 1566.00 | 迭代耗时: 1.01s | 总耗时: 217.71s
2025-04-08 14:17:17,228 - INFO - 迭代 222/500 | 阶段: evolutionary learning | 最佳完工时间: 1566.00 | 迭代耗时: 0.98s | 总耗时: 218.69s
2025-04-08 14:17:18,200 - INFO - 迭代 223/500 | 阶段: evolutionary learning | 最佳完工时间: 1566.00 | 迭代耗时: 0.97s | 总耗时: 219.66s
2025-04-08 14:17:19,185 - INFO - 迭代 224/500 | 阶段: evolutionary learning | 最佳完工时间: 1566.00 | 迭代耗时: 0.98s | 总耗时: 220.65s
2025-04-08 14:17:20,185 - INFO - 迭代 225/500 | 阶段: evolutionary learning | 最佳完工时间: 1566.00 | 迭代耗时: 1.00s | 总耗时: 221.65s
2025-04-08 14:17:21,152 - INFO - EL找到新的最优解，完工时间: 1561.00
2025-04-08 14:17:21,152 - INFO - 迭代 226/500 | 阶段: evolutionary learning | 最佳完工时间: 1561.00 | 迭代耗时: 0.97s | 总耗时: 222.61s
2025-04-08 14:17:22,125 - INFO - 迭代 227/500 | 阶段: evolutionary learning | 最佳完工时间: 1561.00 | 迭代耗时: 0.97s | 总耗时: 223.59s
2025-04-08 14:17:23,147 - INFO - 迭代 228/500 | 阶段: evolutionary learning | 最佳完工时间: 1561.00 | 迭代耗时: 1.02s | 总耗时: 224.61s
2025-04-08 14:17:24,223 - INFO - EL找到新的最优解，完工时间: 1559.00
2025-04-08 14:17:24,223 - INFO - 迭代 229/500 | 阶段: evolutionary learning | 最佳完工时间: 1559.00 | 迭代耗时: 1.08s | 总耗时: 225.68s
2025-04-08 14:17:25,261 - INFO - 迭代 230/500 | 阶段: evolutionary learning | 最佳完工时间: 1559.00 | 迭代耗时: 1.04s | 总耗时: 226.72s
2025-04-08 14:17:26,231 - INFO - 迭代 231/500 | 阶段: evolutionary learning | 最佳完工时间: 1559.00 | 迭代耗时: 0.97s | 总耗时: 227.69s
2025-04-08 14:17:27,208 - INFO - EL找到新的最优解，完工时间: 1555.00
2025-04-08 14:17:27,208 - INFO - 迭代 232/500 | 阶段: evolutionary learning | 最佳完工时间: 1555.00 | 迭代耗时: 0.98s | 总耗时: 228.67s
2025-04-08 14:17:28,172 - INFO - 迭代 233/500 | 阶段: evolutionary learning | 最佳完工时间: 1555.00 | 迭代耗时: 0.96s | 总耗时: 229.63s
2025-04-08 14:17:29,155 - INFO - 迭代 234/500 | 阶段: evolutionary learning | 最佳完工时间: 1555.00 | 迭代耗时: 0.98s | 总耗时: 230.62s
2025-04-08 14:17:30,150 - INFO - 迭代 235/500 | 阶段: evolutionary learning | 最佳完工时间: 1555.00 | 迭代耗时: 0.99s | 总耗时: 231.61s
2025-04-08 14:17:31,142 - INFO - 迭代 236/500 | 阶段: evolutionary learning | 最佳完工时间: 1555.00 | 迭代耗时: 0.99s | 总耗时: 232.60s
2025-04-08 14:17:32,145 - INFO - 迭代 237/500 | 阶段: evolutionary learning | 最佳完工时间: 1555.00 | 迭代耗时: 1.00s | 总耗时: 233.61s
2025-04-08 14:17:33,106 - INFO - 迭代 238/500 | 阶段: evolutionary learning | 最佳完工时间: 1555.00 | 迭代耗时: 0.96s | 总耗时: 234.57s
2025-04-08 14:17:34,077 - INFO - 迭代 239/500 | 阶段: evolutionary learning | 最佳完工时间: 1555.00 | 迭代耗时: 0.97s | 总耗时: 235.54s
2025-04-08 14:17:35,069 - INFO - 迭代 240/500 | 阶段: evolutionary learning | 最佳完工时间: 1555.00 | 迭代耗时: 0.99s | 总耗时: 236.53s
2025-04-08 14:17:36,064 - INFO - 迭代 241/500 | 阶段: evolutionary learning | 最佳完工时间: 1555.00 | 迭代耗时: 0.99s | 总耗时: 237.53s
2025-04-08 14:17:37,048 - INFO - 迭代 242/500 | 阶段: evolutionary learning | 最佳完工时间: 1555.00 | 迭代耗时: 0.98s | 总耗时: 238.51s
2025-04-08 14:17:38,007 - INFO - 迭代 243/500 | 阶段: evolutionary learning | 最佳完工时间: 1555.00 | 迭代耗时: 0.96s | 总耗时: 239.47s
2025-04-08 14:17:39,009 - INFO - 迭代 244/500 | 阶段: evolutionary learning | 最佳完工时间: 1555.00 | 迭代耗时: 1.00s | 总耗时: 240.47s
2025-04-08 14:17:39,997 - INFO - 迭代 245/500 | 阶段: evolutionary learning | 最佳完工时间: 1555.00 | 迭代耗时: 0.99s | 总耗时: 241.46s
2025-04-08 14:17:41,010 - INFO - 迭代 246/500 | 阶段: evolutionary learning | 最佳完工时间: 1555.00 | 迭代耗时: 1.01s | 总耗时: 242.47s
2025-04-08 14:17:42,038 - INFO - 迭代 247/500 | 阶段: evolutionary learning | 最佳完工时间: 1555.00 | 迭代耗时: 1.03s | 总耗时: 243.50s
2025-04-08 14:17:43,009 - INFO - 迭代 248/500 | 阶段: evolutionary learning | 最佳完工时间: 1555.00 | 迭代耗时: 0.97s | 总耗时: 244.47s
2025-04-08 14:17:44,025 - INFO - 迭代 249/500 | 阶段: evolutionary learning | 最佳完工时间: 1555.00 | 迭代耗时: 1.02s | 总耗时: 245.49s
2025-04-08 14:17:45,019 - INFO - 迭代 250/500 | 阶段: evolutionary learning | 最佳完工时间: 1555.00 | 迭代耗时: 0.99s | 总耗时: 246.48s
2025-04-08 14:17:46,011 - INFO - 迭代 251/500 | 阶段: evolutionary learning | 最佳完工时间: 1555.00 | 迭代耗时: 0.99s | 总耗时: 247.47s
2025-04-08 14:17:47,021 - INFO - 迭代 252/500 | 阶段: evolutionary learning | 最佳完工时间: 1555.00 | 迭代耗时: 1.01s | 总耗时: 248.48s
2025-04-08 14:17:48,008 - INFO - 迭代 253/500 | 阶段: evolutionary learning | 最佳完工时间: 1555.00 | 迭代耗时: 0.99s | 总耗时: 249.47s
2025-04-08 14:17:48,994 - INFO - 迭代 254/500 | 阶段: evolutionary learning | 最佳完工时间: 1555.00 | 迭代耗时: 0.99s | 总耗时: 250.46s
2025-04-08 14:17:49,962 - INFO - 迭代 255/500 | 阶段: evolutionary learning | 最佳完工时间: 1555.00 | 迭代耗时: 0.97s | 总耗时: 251.42s
2025-04-08 14:17:50,894 - INFO - 迭代 256/500 | 阶段: evolutionary learning | 最佳完工时间: 1555.00 | 迭代耗时: 0.93s | 总耗时: 252.36s
2025-04-08 14:17:51,898 - INFO - 迭代 257/500 | 阶段: evolutionary learning | 最佳完工时间: 1555.00 | 迭代耗时: 1.00s | 总耗时: 253.36s
2025-04-08 14:17:52,864 - INFO - 迭代 258/500 | 阶段: evolutionary learning | 最佳完工时间: 1555.00 | 迭代耗时: 0.97s | 总耗时: 254.33s
2025-04-08 14:17:53,870 - INFO - 迭代 259/500 | 阶段: evolutionary learning | 最佳完工时间: 1555.00 | 迭代耗时: 1.01s | 总耗时: 255.33s
2025-04-08 14:17:54,838 - INFO - 迭代 260/500 | 阶段: evolutionary learning | 最佳完工时间: 1555.00 | 迭代耗时: 0.97s | 总耗时: 256.30s
2025-04-08 14:17:55,825 - INFO - 迭代 261/500 | 阶段: evolutionary learning | 最佳完工时间: 1555.00 | 迭代耗时: 0.99s | 总耗时: 257.29s
2025-04-08 14:17:56,853 - INFO - 迭代 262/500 | 阶段: evolutionary learning | 最佳完工时间: 1555.00 | 迭代耗时: 1.03s | 总耗时: 258.32s
2025-04-08 14:17:57,829 - INFO - 迭代 263/500 | 阶段: evolutionary learning | 最佳完工时间: 1555.00 | 迭代耗时: 0.98s | 总耗时: 259.29s
2025-04-08 14:17:58,815 - INFO - 迭代 264/500 | 阶段: evolutionary learning | 最佳完工时间: 1555.00 | 迭代耗时: 0.99s | 总耗时: 260.28s
2025-04-08 14:17:59,869 - INFO - 迭代 265/500 | 阶段: evolutionary learning | 最佳完工时间: 1555.00 | 迭代耗时: 1.05s | 总耗时: 261.33s
2025-04-08 14:18:00,920 - INFO - EL找到新的最优解，完工时间: 1554.00
2025-04-08 14:18:00,920 - INFO - 迭代 266/500 | 阶段: evolutionary learning | 最佳完工时间: 1554.00 | 迭代耗时: 1.05s | 总耗时: 262.38s
2025-04-08 14:18:01,953 - INFO - 迭代 267/500 | 阶段: evolutionary learning | 最佳完工时间: 1554.00 | 迭代耗时: 1.03s | 总耗时: 263.42s
2025-04-08 14:18:03,001 - INFO - 迭代 268/500 | 阶段: evolutionary learning | 最佳完工时间: 1554.00 | 迭代耗时: 1.05s | 总耗时: 264.46s
2025-04-08 14:18:04,045 - INFO - 迭代 269/500 | 阶段: evolutionary learning | 最佳完工时间: 1554.00 | 迭代耗时: 1.04s | 总耗时: 265.51s
2025-04-08 14:18:05,144 - INFO - 迭代 270/500 | 阶段: evolutionary learning | 最佳完工时间: 1554.00 | 迭代耗时: 1.10s | 总耗时: 266.61s
2025-04-08 14:18:06,206 - INFO - 迭代 271/500 | 阶段: evolutionary learning | 最佳完工时间: 1554.00 | 迭代耗时: 1.06s | 总耗时: 267.67s
2025-04-08 14:18:07,254 - INFO - 迭代 272/500 | 阶段: evolutionary learning | 最佳完工时间: 1554.00 | 迭代耗时: 1.05s | 总耗时: 268.72s
2025-04-08 14:18:08,293 - INFO - 迭代 273/500 | 阶段: evolutionary learning | 最佳完工时间: 1554.00 | 迭代耗时: 1.04s | 总耗时: 269.75s
2025-04-08 14:18:09,305 - INFO - EL找到新的最优解，完工时间: 1552.00
2025-04-08 14:18:09,306 - INFO - 迭代 274/500 | 阶段: evolutionary learning | 最佳完工时间: 1552.00 | 迭代耗时: 1.01s | 总耗时: 270.77s
2025-04-08 14:18:10,357 - INFO - 迭代 275/500 | 阶段: evolutionary learning | 最佳完工时间: 1552.00 | 迭代耗时: 1.05s | 总耗时: 271.82s
2025-04-08 14:18:11,364 - INFO - 迭代 276/500 | 阶段: evolutionary learning | 最佳完工时间: 1552.00 | 迭代耗时: 1.01s | 总耗时: 272.83s
2025-04-08 14:18:12,362 - INFO - 迭代 277/500 | 阶段: evolutionary learning | 最佳完工时间: 1552.00 | 迭代耗时: 1.00s | 总耗时: 273.82s
2025-04-08 14:18:13,401 - INFO - EL找到新的最优解，完工时间: 1551.00
2025-04-08 14:18:13,401 - INFO - 迭代 278/500 | 阶段: evolutionary learning | 最佳完工时间: 1551.00 | 迭代耗时: 1.04s | 总耗时: 274.86s
2025-04-08 14:18:14,369 - INFO - 迭代 279/500 | 阶段: evolutionary learning | 最佳完工时间: 1551.00 | 迭代耗时: 0.97s | 总耗时: 275.83s
2025-04-08 14:18:15,394 - INFO - 迭代 280/500 | 阶段: evolutionary learning | 最佳完工时间: 1551.00 | 迭代耗时: 1.02s | 总耗时: 276.86s
2025-04-08 14:18:16,385 - INFO - 迭代 281/500 | 阶段: evolutionary learning | 最佳完工时间: 1551.00 | 迭代耗时: 0.99s | 总耗时: 277.85s
2025-04-08 14:18:17,318 - INFO - 迭代 282/500 | 阶段: evolutionary learning | 最佳完工时间: 1551.00 | 迭代耗时: 0.93s | 总耗时: 278.78s
2025-04-08 14:18:18,321 - INFO - EL找到新的最优解，完工时间: 1549.00
2025-04-08 14:18:18,321 - INFO - 迭代 283/500 | 阶段: evolutionary learning | 最佳完工时间: 1549.00 | 迭代耗时: 1.00s | 总耗时: 279.78s
2025-04-08 14:18:19,329 - INFO - 迭代 284/500 | 阶段: evolutionary learning | 最佳完工时间: 1549.00 | 迭代耗时: 1.01s | 总耗时: 280.79s
2025-04-08 14:18:20,310 - INFO - 迭代 285/500 | 阶段: evolutionary learning | 最佳完工时间: 1549.00 | 迭代耗时: 0.98s | 总耗时: 281.77s
2025-04-08 14:18:21,352 - INFO - 迭代 286/500 | 阶段: evolutionary learning | 最佳完工时间: 1549.00 | 迭代耗时: 1.04s | 总耗时: 282.81s
2025-04-08 14:18:22,345 - INFO - 迭代 287/500 | 阶段: evolutionary learning | 最佳完工时间: 1549.00 | 迭代耗时: 0.99s | 总耗时: 283.81s
2025-04-08 14:18:23,356 - INFO - 迭代 288/500 | 阶段: evolutionary learning | 最佳完工时间: 1549.00 | 迭代耗时: 1.01s | 总耗时: 284.82s
2025-04-08 14:18:24,372 - INFO - 迭代 289/500 | 阶段: evolutionary learning | 最佳完工时间: 1549.00 | 迭代耗时: 1.02s | 总耗时: 285.83s
2025-04-08 14:18:25,402 - INFO - 迭代 290/500 | 阶段: evolutionary learning | 最佳完工时间: 1549.00 | 迭代耗时: 1.03s | 总耗时: 286.86s
2025-04-08 14:18:26,367 - INFO - 迭代 291/500 | 阶段: evolutionary learning | 最佳完工时间: 1549.00 | 迭代耗时: 0.97s | 总耗时: 287.83s
2025-04-08 14:18:27,443 - INFO - 迭代 292/500 | 阶段: evolutionary learning | 最佳完工时间: 1549.00 | 迭代耗时: 1.08s | 总耗时: 288.91s
2025-04-08 14:18:28,470 - INFO - 迭代 293/500 | 阶段: evolutionary learning | 最佳完工时间: 1549.00 | 迭代耗时: 1.03s | 总耗时: 289.93s
2025-04-08 14:18:29,452 - INFO - 迭代 294/500 | 阶段: evolutionary learning | 最佳完工时间: 1549.00 | 迭代耗时: 0.98s | 总耗时: 290.91s
2025-04-08 14:18:30,440 - INFO - 迭代 295/500 | 阶段: evolutionary learning | 最佳完工时间: 1549.00 | 迭代耗时: 0.99s | 总耗时: 291.90s
2025-04-08 14:18:31,472 - INFO - 迭代 296/500 | 阶段: evolutionary learning | 最佳完工时间: 1549.00 | 迭代耗时: 1.03s | 总耗时: 292.93s
2025-04-08 14:18:32,487 - INFO - 迭代 297/500 | 阶段: evolutionary learning | 最佳完工时间: 1549.00 | 迭代耗时: 1.01s | 总耗时: 293.95s
2025-04-08 14:18:33,489 - INFO - 迭代 298/500 | 阶段: evolutionary learning | 最佳完工时间: 1549.00 | 迭代耗时: 1.00s | 总耗时: 294.95s
2025-04-08 14:18:34,443 - INFO - 迭代 299/500 | 阶段: evolutionary learning | 最佳完工时间: 1549.00 | 迭代耗时: 0.95s | 总耗时: 295.90s
2025-04-08 14:18:35,411 - INFO - EL找到新的最优解，完工时间: 1541.00
2025-04-08 14:18:35,411 - INFO - 迭代 300/500 | 阶段: evolutionary learning | 最佳完工时间: 1541.00 | 迭代耗时: 0.97s | 总耗时: 296.87s
2025-04-08 14:18:36,436 - INFO - 迭代 301/500 | 阶段: evolutionary learning | 最佳完工时间: 1541.00 | 迭代耗时: 1.02s | 总耗时: 297.90s
2025-04-08 14:18:37,453 - INFO - 迭代 302/500 | 阶段: evolutionary learning | 最佳完工时间: 1541.00 | 迭代耗时: 1.02s | 总耗时: 298.92s
2025-04-08 14:18:38,460 - INFO - 迭代 303/500 | 阶段: evolutionary learning | 最佳完工时间: 1541.00 | 迭代耗时: 1.01s | 总耗时: 299.92s
2025-04-08 14:18:39,464 - INFO - EL找到新的最优解，完工时间: 1540.00
2025-04-08 14:18:39,464 - INFO - 迭代 304/500 | 阶段: evolutionary learning | 最佳完工时间: 1540.00 | 迭代耗时: 1.00s | 总耗时: 300.93s
2025-04-08 14:18:40,457 - INFO - 迭代 305/500 | 阶段: evolutionary learning | 最佳完工时间: 1540.00 | 迭代耗时: 0.99s | 总耗时: 301.92s
2025-04-08 14:18:41,452 - INFO - 迭代 306/500 | 阶段: evolutionary learning | 最佳完工时间: 1540.00 | 迭代耗时: 0.99s | 总耗时: 302.91s
2025-04-08 14:18:42,462 - INFO - 迭代 307/500 | 阶段: evolutionary learning | 最佳完工时间: 1540.00 | 迭代耗时: 1.01s | 总耗时: 303.92s
2025-04-08 14:18:43,423 - INFO - 迭代 308/500 | 阶段: evolutionary learning | 最佳完工时间: 1540.00 | 迭代耗时: 0.96s | 总耗时: 304.89s
2025-04-08 14:18:44,369 - INFO - 迭代 309/500 | 阶段: evolutionary learning | 最佳完工时间: 1540.00 | 迭代耗时: 0.95s | 总耗时: 305.83s
2025-04-08 14:18:45,384 - INFO - 迭代 310/500 | 阶段: evolutionary learning | 最佳完工时间: 1540.00 | 迭代耗时: 1.02s | 总耗时: 306.85s
2025-04-08 14:18:46,381 - INFO - 迭代 311/500 | 阶段: evolutionary learning | 最佳完工时间: 1540.00 | 迭代耗时: 1.00s | 总耗时: 307.84s
2025-04-08 14:18:47,349 - INFO - 迭代 312/500 | 阶段: evolutionary learning | 最佳完工时间: 1540.00 | 迭代耗时: 0.97s | 总耗时: 308.81s
2025-04-08 14:18:48,341 - INFO - 迭代 313/500 | 阶段: evolutionary learning | 最佳完工时间: 1540.00 | 迭代耗时: 0.99s | 总耗时: 309.80s
2025-04-08 14:18:49,318 - INFO - 迭代 314/500 | 阶段: evolutionary learning | 最佳完工时间: 1540.00 | 迭代耗时: 0.98s | 总耗时: 310.78s
2025-04-08 14:18:50,310 - INFO - 迭代 315/500 | 阶段: evolutionary learning | 最佳完工时间: 1540.00 | 迭代耗时: 0.99s | 总耗时: 311.77s
2025-04-08 14:18:51,302 - INFO - 迭代 316/500 | 阶段: evolutionary learning | 最佳完工时间: 1540.00 | 迭代耗时: 0.99s | 总耗时: 312.76s
2025-04-08 14:18:52,312 - INFO - 迭代 317/500 | 阶段: evolutionary learning | 最佳完工时间: 1540.00 | 迭代耗时: 1.01s | 总耗时: 313.77s
2025-04-08 14:18:53,358 - INFO - 迭代 318/500 | 阶段: evolutionary learning | 最佳完工时间: 1540.00 | 迭代耗时: 1.05s | 总耗时: 314.82s
2025-04-08 14:18:54,381 - INFO - 迭代 319/500 | 阶段: evolutionary learning | 最佳完工时间: 1540.00 | 迭代耗时: 1.02s | 总耗时: 315.84s
2025-04-08 14:18:55,363 - INFO - 迭代 320/500 | 阶段: evolutionary learning | 最佳完工时间: 1540.00 | 迭代耗时: 0.98s | 总耗时: 316.83s
2025-04-08 14:18:56,293 - INFO - 迭代 321/500 | 阶段: evolutionary learning | 最佳完工时间: 1540.00 | 迭代耗时: 0.93s | 总耗时: 317.75s
2025-04-08 14:18:57,356 - INFO - 迭代 322/500 | 阶段: evolutionary learning | 最佳完工时间: 1540.00 | 迭代耗时: 1.06s | 总耗时: 318.82s
2025-04-08 14:18:58,351 - INFO - 迭代 323/500 | 阶段: evolutionary learning | 最佳完工时间: 1540.00 | 迭代耗时: 0.99s | 总耗时: 319.81s
2025-04-08 14:18:59,333 - INFO - 迭代 324/500 | 阶段: evolutionary learning | 最佳完工时间: 1540.00 | 迭代耗时: 0.98s | 总耗时: 320.79s
2025-04-08 14:19:00,360 - INFO - 迭代 325/500 | 阶段: evolutionary learning | 最佳完工时间: 1540.00 | 迭代耗时: 1.03s | 总耗时: 321.82s
2025-04-08 14:19:01,388 - INFO - EL找到新的最优解，完工时间: 1539.00
2025-04-08 14:19:01,388 - INFO - 迭代 326/500 | 阶段: evolutionary learning | 最佳完工时间: 1539.00 | 迭代耗时: 1.03s | 总耗时: 322.85s
2025-04-08 14:19:02,443 - INFO - 迭代 327/500 | 阶段: evolutionary learning | 最佳完工时间: 1539.00 | 迭代耗时: 1.05s | 总耗时: 323.90s
2025-04-08 14:19:03,474 - INFO - EL找到新的最优解，完工时间: 1537.00
2025-04-08 14:19:03,475 - INFO - 迭代 328/500 | 阶段: evolutionary learning | 最佳完工时间: 1537.00 | 迭代耗时: 1.03s | 总耗时: 324.94s
2025-04-08 14:19:04,507 - INFO - 迭代 329/500 | 阶段: evolutionary learning | 最佳完工时间: 1537.00 | 迭代耗时: 1.03s | 总耗时: 325.97s
2025-04-08 14:19:05,535 - INFO - 迭代 330/500 | 阶段: evolutionary learning | 最佳完工时间: 1537.00 | 迭代耗时: 1.03s | 总耗时: 327.00s
2025-04-08 14:19:06,599 - INFO - 迭代 331/500 | 阶段: evolutionary learning | 最佳完工时间: 1537.00 | 迭代耗时: 1.06s | 总耗时: 328.06s
2025-04-08 14:19:07,668 - INFO - 迭代 332/500 | 阶段: evolutionary learning | 最佳完工时间: 1537.00 | 迭代耗时: 1.07s | 总耗时: 329.13s
2025-04-08 14:19:08,741 - INFO - 迭代 333/500 | 阶段: evolutionary learning | 最佳完工时间: 1537.00 | 迭代耗时: 1.07s | 总耗时: 330.20s
2025-04-08 14:19:09,797 - INFO - 迭代 334/500 | 阶段: evolutionary learning | 最佳完工时间: 1537.00 | 迭代耗时: 1.06s | 总耗时: 331.26s
2025-04-08 14:19:10,852 - INFO - EL找到新的最优解，完工时间: 1536.00
2025-04-08 14:19:10,852 - INFO - 迭代 335/500 | 阶段: evolutionary learning | 最佳完工时间: 1536.00 | 迭代耗时: 1.05s | 总耗时: 332.31s
2025-04-08 14:19:11,964 - INFO - 迭代 336/500 | 阶段: evolutionary learning | 最佳完工时间: 1536.00 | 迭代耗时: 1.11s | 总耗时: 333.43s
2025-04-08 14:19:13,170 - INFO - 迭代 337/500 | 阶段: evolutionary learning | 最佳完工时间: 1536.00 | 迭代耗时: 1.21s | 总耗时: 334.63s
2025-04-08 14:19:14,205 - INFO - 迭代 338/500 | 阶段: evolutionary learning | 最佳完工时间: 1536.00 | 迭代耗时: 1.04s | 总耗时: 335.67s
2025-04-08 14:19:15,244 - INFO - 迭代 339/500 | 阶段: evolutionary learning | 最佳完工时间: 1536.00 | 迭代耗时: 1.04s | 总耗时: 336.71s
2025-04-08 14:19:16,314 - INFO - 迭代 340/500 | 阶段: evolutionary learning | 最佳完工时间: 1536.00 | 迭代耗时: 1.07s | 总耗时: 337.78s
2025-04-08 14:19:17,334 - INFO - 迭代 341/500 | 阶段: evolutionary learning | 最佳完工时间: 1536.00 | 迭代耗时: 1.02s | 总耗时: 338.80s
2025-04-08 14:19:18,445 - INFO - EL找到新的最优解，完工时间: 1535.00
2025-04-08 14:19:18,445 - INFO - 迭代 342/500 | 阶段: evolutionary learning | 最佳完工时间: 1535.00 | 迭代耗时: 1.11s | 总耗时: 339.91s
2025-04-08 14:19:19,455 - INFO - 迭代 343/500 | 阶段: evolutionary learning | 最佳完工时间: 1535.00 | 迭代耗时: 1.01s | 总耗时: 340.92s
2025-04-08 14:19:20,513 - INFO - 迭代 344/500 | 阶段: evolutionary learning | 最佳完工时间: 1535.00 | 迭代耗时: 1.06s | 总耗时: 341.97s
2025-04-08 14:19:21,554 - INFO - 迭代 345/500 | 阶段: evolutionary learning | 最佳完工时间: 1535.00 | 迭代耗时: 1.04s | 总耗时: 343.02s
2025-04-08 14:19:22,583 - INFO - 迭代 346/500 | 阶段: evolutionary learning | 最佳完工时间: 1535.00 | 迭代耗时: 1.03s | 总耗时: 344.05s
2025-04-08 14:19:23,606 - INFO - EL找到新的最优解，完工时间: 1534.00
2025-04-08 14:19:23,606 - INFO - 迭代 347/500 | 阶段: evolutionary learning | 最佳完工时间: 1534.00 | 迭代耗时: 1.02s | 总耗时: 345.07s
2025-04-08 14:19:24,561 - INFO - 迭代 348/500 | 阶段: evolutionary learning | 最佳完工时间: 1534.00 | 迭代耗时: 0.96s | 总耗时: 346.02s
2025-04-08 14:19:25,537 - INFO - 迭代 349/500 | 阶段: evolutionary learning | 最佳完工时间: 1534.00 | 迭代耗时: 0.98s | 总耗时: 347.00s
2025-04-08 14:19:26,534 - INFO - 迭代 350/500 | 阶段: evolutionary learning | 最佳完工时间: 1534.00 | 迭代耗时: 1.00s | 总耗时: 348.00s
2025-04-08 14:19:27,518 - INFO - 迭代 351/500 | 阶段: evolutionary learning | 最佳完工时间: 1534.00 | 迭代耗时: 0.98s | 总耗时: 348.98s
2025-04-08 14:19:28,538 - INFO - 迭代 352/500 | 阶段: evolutionary learning | 最佳完工时间: 1534.00 | 迭代耗时: 1.02s | 总耗时: 350.00s
2025-04-08 14:19:29,556 - INFO - 迭代 353/500 | 阶段: evolutionary learning | 最佳完工时间: 1534.00 | 迭代耗时: 1.02s | 总耗时: 351.02s
2025-04-08 14:19:30,570 - INFO - 迭代 354/500 | 阶段: evolutionary learning | 最佳完工时间: 1534.00 | 迭代耗时: 1.01s | 总耗时: 352.03s
2025-04-08 14:19:31,554 - INFO - 迭代 355/500 | 阶段: evolutionary learning | 最佳完工时间: 1534.00 | 迭代耗时: 0.98s | 总耗时: 353.02s
2025-04-08 14:19:32,540 - INFO - 迭代 356/500 | 阶段: evolutionary learning | 最佳完工时间: 1534.00 | 迭代耗时: 0.99s | 总耗时: 354.00s
2025-04-08 14:19:33,544 - INFO - 迭代 357/500 | 阶段: evolutionary learning | 最佳完工时间: 1534.00 | 迭代耗时: 1.00s | 总耗时: 355.01s
2025-04-08 14:19:34,566 - INFO - 迭代 358/500 | 阶段: evolutionary learning | 最佳完工时间: 1534.00 | 迭代耗时: 1.02s | 总耗时: 356.03s
2025-04-08 14:19:35,609 - INFO - 迭代 359/500 | 阶段: evolutionary learning | 最佳完工时间: 1534.00 | 迭代耗时: 1.04s | 总耗时: 357.07s
2025-04-08 14:19:36,590 - INFO - 迭代 360/500 | 阶段: evolutionary learning | 最佳完工时间: 1534.00 | 迭代耗时: 0.98s | 总耗时: 358.05s
2025-04-08 14:19:37,598 - INFO - 迭代 361/500 | 阶段: evolutionary learning | 最佳完工时间: 1534.00 | 迭代耗时: 1.01s | 总耗时: 359.06s
2025-04-08 14:19:38,632 - INFO - 迭代 362/500 | 阶段: evolutionary learning | 最佳完工时间: 1534.00 | 迭代耗时: 1.03s | 总耗时: 360.09s
2025-04-08 14:19:39,612 - INFO - 迭代 363/500 | 阶段: evolutionary learning | 最佳完工时间: 1534.00 | 迭代耗时: 0.98s | 总耗时: 361.07s
2025-04-08 14:19:40,676 - INFO - 迭代 364/500 | 阶段: evolutionary learning | 最佳完工时间: 1534.00 | 迭代耗时: 1.06s | 总耗时: 362.14s
2025-04-08 14:19:41,838 - INFO - 迭代 365/500 | 阶段: evolutionary learning | 最佳完工时间: 1534.00 | 迭代耗时: 1.16s | 总耗时: 363.30s
2025-04-08 14:19:42,891 - INFO - 迭代 366/500 | 阶段: evolutionary learning | 最佳完工时间: 1534.00 | 迭代耗时: 1.05s | 总耗时: 364.35s
2025-04-08 14:19:43,916 - INFO - 迭代 367/500 | 阶段: evolutionary learning | 最佳完工时间: 1534.00 | 迭代耗时: 1.03s | 总耗时: 365.38s
2025-04-08 14:19:44,957 - INFO - 迭代 368/500 | 阶段: evolutionary learning | 最佳完工时间: 1534.00 | 迭代耗时: 1.04s | 总耗时: 366.42s
2025-04-08 14:19:46,037 - INFO - 迭代 369/500 | 阶段: evolutionary learning | 最佳完工时间: 1534.00 | 迭代耗时: 1.08s | 总耗时: 367.50s
2025-04-08 14:19:47,031 - INFO - 迭代 370/500 | 阶段: evolutionary learning | 最佳完工时间: 1534.00 | 迭代耗时: 0.99s | 总耗时: 368.49s
2025-04-08 14:19:48,042 - INFO - 迭代 371/500 | 阶段: evolutionary learning | 最佳完工时间: 1534.00 | 迭代耗时: 1.01s | 总耗时: 369.50s
2025-04-08 14:19:49,049 - INFO - 迭代 372/500 | 阶段: evolutionary learning | 最佳完工时间: 1534.00 | 迭代耗时: 1.01s | 总耗时: 370.51s
2025-04-08 14:19:50,087 - INFO - EL找到新的最优解，完工时间: 1533.00
2025-04-08 14:19:50,087 - INFO - 迭代 373/500 | 阶段: evolutionary learning | 最佳完工时间: 1533.00 | 迭代耗时: 1.04s | 总耗时: 371.55s
2025-04-08 14:19:51,112 - INFO - 迭代 374/500 | 阶段: evolutionary learning | 最佳完工时间: 1533.00 | 迭代耗时: 1.03s | 总耗时: 372.57s
2025-04-08 14:19:52,160 - INFO - 迭代 375/500 | 阶段: evolutionary learning | 最佳完工时间: 1533.00 | 迭代耗时: 1.05s | 总耗时: 373.62s
2025-04-08 14:19:53,286 - INFO - 迭代 376/500 | 阶段: evolutionary learning | 最佳完工时间: 1533.00 | 迭代耗时: 1.13s | 总耗时: 374.75s
2025-04-08 14:19:54,294 - INFO - 迭代 377/500 | 阶段: evolutionary learning | 最佳完工时间: 1533.00 | 迭代耗时: 1.01s | 总耗时: 375.76s
2025-04-08 14:19:55,330 - INFO - 迭代 378/500 | 阶段: evolutionary learning | 最佳完工时间: 1533.00 | 迭代耗时: 1.04s | 总耗时: 376.79s
2025-04-08 14:19:56,318 - INFO - 迭代 379/500 | 阶段: evolutionary learning | 最佳完工时间: 1533.00 | 迭代耗时: 0.99s | 总耗时: 377.78s
2025-04-08 14:19:57,356 - INFO - 迭代 380/500 | 阶段: evolutionary learning | 最佳完工时间: 1533.00 | 迭代耗时: 1.04s | 总耗时: 378.82s
2025-04-08 14:19:58,474 - INFO - 迭代 381/500 | 阶段: evolutionary learning | 最佳完工时间: 1533.00 | 迭代耗时: 1.12s | 总耗时: 379.94s
2025-04-08 14:19:59,494 - INFO - 迭代 382/500 | 阶段: evolutionary learning | 最佳完工时间: 1533.00 | 迭代耗时: 1.02s | 总耗时: 380.96s
2025-04-08 14:20:00,552 - INFO - 迭代 383/500 | 阶段: evolutionary learning | 最佳完工时间: 1533.00 | 迭代耗时: 1.06s | 总耗时: 382.01s
2025-04-08 14:20:01,602 - INFO - 迭代 384/500 | 阶段: evolutionary learning | 最佳完工时间: 1533.00 | 迭代耗时: 1.05s | 总耗时: 383.06s
2025-04-08 14:20:02,617 - INFO - 迭代 385/500 | 阶段: evolutionary learning | 最佳完工时间: 1533.00 | 迭代耗时: 1.02s | 总耗时: 384.08s
2025-04-08 14:20:03,589 - INFO - 迭代 386/500 | 阶段: evolutionary learning | 最佳完工时间: 1533.00 | 迭代耗时: 0.97s | 总耗时: 385.05s
2025-04-08 14:20:04,573 - INFO - 迭代 387/500 | 阶段: evolutionary learning | 最佳完工时间: 1533.00 | 迭代耗时: 0.98s | 总耗时: 386.03s
2025-04-08 14:20:05,624 - INFO - 迭代 388/500 | 阶段: evolutionary learning | 最佳完工时间: 1533.00 | 迭代耗时: 1.05s | 总耗时: 387.09s
2025-04-08 14:20:06,647 - INFO - 迭代 389/500 | 阶段: evolutionary learning | 最佳完工时间: 1533.00 | 迭代耗时: 1.02s | 总耗时: 388.11s
2025-04-08 14:20:07,700 - INFO - 迭代 390/500 | 阶段: evolutionary learning | 最佳完工时间: 1533.00 | 迭代耗时: 1.05s | 总耗时: 389.16s
2025-04-08 14:20:08,741 - INFO - 迭代 391/500 | 阶段: evolutionary learning | 最佳完工时间: 1533.00 | 迭代耗时: 1.04s | 总耗时: 390.20s
2025-04-08 14:20:09,779 - INFO - 迭代 392/500 | 阶段: evolutionary learning | 最佳完工时间: 1533.00 | 迭代耗时: 1.04s | 总耗时: 391.24s
2025-04-08 14:20:10,798 - INFO - 迭代 393/500 | 阶段: evolutionary learning | 最佳完工时间: 1533.00 | 迭代耗时: 1.02s | 总耗时: 392.26s
2025-04-08 14:20:11,912 - INFO - 迭代 394/500 | 阶段: evolutionary learning | 最佳完工时间: 1533.00 | 迭代耗时: 1.11s | 总耗时: 393.37s
2025-04-08 14:20:12,962 - INFO - 迭代 395/500 | 阶段: evolutionary learning | 最佳完工时间: 1533.00 | 迭代耗时: 1.05s | 总耗时: 394.42s
2025-04-08 14:20:14,023 - INFO - 迭代 396/500 | 阶段: evolutionary learning | 最佳完工时间: 1533.00 | 迭代耗时: 1.06s | 总耗时: 395.49s
2025-04-08 14:20:15,043 - INFO - 迭代 397/500 | 阶段: evolutionary learning | 最佳完工时间: 1533.00 | 迭代耗时: 1.02s | 总耗时: 396.51s
2025-04-08 14:20:16,053 - INFO - 迭代 398/500 | 阶段: evolutionary learning | 最佳完工时间: 1533.00 | 迭代耗时: 1.01s | 总耗时: 397.52s
2025-04-08 14:20:17,120 - INFO - 迭代 399/500 | 阶段: evolutionary learning | 最佳完工时间: 1533.00 | 迭代耗时: 1.07s | 总耗时: 398.58s
2025-04-08 14:20:18,233 - INFO - 迭代 400/500 | 阶段: evolutionary learning | 最佳完工时间: 1533.00 | 迭代耗时: 1.11s | 总耗时: 399.69s
2025-04-08 14:20:19,272 - INFO - 迭代 401/500 | 阶段: evolutionary learning | 最佳完工时间: 1533.00 | 迭代耗时: 1.04s | 总耗时: 400.73s
2025-04-08 14:20:20,343 - INFO - 迭代 402/500 | 阶段: evolutionary learning | 最佳完工时间: 1533.00 | 迭代耗时: 1.07s | 总耗时: 401.81s
2025-04-08 14:20:21,388 - INFO - 迭代 403/500 | 阶段: evolutionary learning | 最佳完工时间: 1533.00 | 迭代耗时: 1.05s | 总耗时: 402.85s
2025-04-08 14:20:22,470 - INFO - 迭代 404/500 | 阶段: evolutionary learning | 最佳完工时间: 1533.00 | 迭代耗时: 1.08s | 总耗时: 403.93s
2025-04-08 14:20:23,549 - INFO - 迭代 405/500 | 阶段: evolutionary learning | 最佳完工时间: 1533.00 | 迭代耗时: 1.08s | 总耗时: 405.01s
2025-04-08 14:20:24,600 - INFO - 迭代 406/500 | 阶段: evolutionary learning | 最佳完工时间: 1533.00 | 迭代耗时: 1.05s | 总耗时: 406.06s
2025-04-08 14:20:25,638 - INFO - 迭代 407/500 | 阶段: evolutionary learning | 最佳完工时间: 1533.00 | 迭代耗时: 1.04s | 总耗时: 407.10s
2025-04-08 14:20:26,654 - INFO - 迭代 408/500 | 阶段: evolutionary learning | 最佳完工时间: 1533.00 | 迭代耗时: 1.02s | 总耗时: 408.12s
2025-04-08 14:20:27,647 - INFO - 迭代 409/500 | 阶段: evolutionary learning | 最佳完工时间: 1533.00 | 迭代耗时: 0.99s | 总耗时: 409.11s
2025-04-08 14:20:28,720 - INFO - 迭代 410/500 | 阶段: evolutionary learning | 最佳完工时间: 1533.00 | 迭代耗时: 1.07s | 总耗时: 410.18s
2025-04-08 14:20:29,721 - INFO - 迭代 411/500 | 阶段: evolutionary learning | 最佳完工时间: 1533.00 | 迭代耗时: 1.00s | 总耗时: 411.18s
2025-04-08 14:20:30,739 - INFO - 迭代 412/500 | 阶段: evolutionary learning | 最佳完工时间: 1533.00 | 迭代耗时: 1.02s | 总耗时: 412.20s
2025-04-08 14:20:31,780 - INFO - EL找到新的最优解，完工时间: 1532.00
2025-04-08 14:20:31,780 - INFO - 迭代 413/500 | 阶段: evolutionary learning | 最佳完工时间: 1532.00 | 迭代耗时: 1.04s | 总耗时: 413.24s
2025-04-08 14:20:32,810 - INFO - EL找到新的最优解，完工时间: 1530.00
2025-04-08 14:20:32,810 - INFO - 迭代 414/500 | 阶段: evolutionary learning | 最佳完工时间: 1530.00 | 迭代耗时: 1.03s | 总耗时: 414.27s
2025-04-08 14:20:33,821 - INFO - 迭代 415/500 | 阶段: evolutionary learning | 最佳完工时间: 1530.00 | 迭代耗时: 1.01s | 总耗时: 415.28s
2025-04-08 14:20:34,895 - INFO - 迭代 416/500 | 阶段: evolutionary learning | 最佳完工时间: 1530.00 | 迭代耗时: 1.07s | 总耗时: 416.36s
2025-04-08 14:20:35,901 - INFO - 迭代 417/500 | 阶段: evolutionary learning | 最佳完工时间: 1530.00 | 迭代耗时: 1.01s | 总耗时: 417.36s
2025-04-08 14:20:36,927 - INFO - 迭代 418/500 | 阶段: evolutionary learning | 最佳完工时间: 1530.00 | 迭代耗时: 1.03s | 总耗时: 418.39s
2025-04-08 14:20:37,965 - INFO - 迭代 419/500 | 阶段: evolutionary learning | 最佳完工时间: 1530.00 | 迭代耗时: 1.04s | 总耗时: 419.43s
2025-04-08 14:20:38,969 - INFO - EL找到新的最优解，完工时间: 1528.00
2025-04-08 14:20:38,969 - INFO - 迭代 420/500 | 阶段: evolutionary learning | 最佳完工时间: 1528.00 | 迭代耗时: 1.00s | 总耗时: 420.43s
2025-04-08 14:20:40,010 - INFO - 迭代 421/500 | 阶段: evolutionary learning | 最佳完工时间: 1528.00 | 迭代耗时: 1.04s | 总耗时: 421.47s
2025-04-08 14:20:41,014 - INFO - EL找到新的最优解，完工时间: 1523.00
2025-04-08 14:20:41,014 - INFO - 迭代 422/500 | 阶段: evolutionary learning | 最佳完工时间: 1523.00 | 迭代耗时: 1.00s | 总耗时: 422.48s
2025-04-08 14:20:42,012 - INFO - 迭代 423/500 | 阶段: evolutionary learning | 最佳完工时间: 1523.00 | 迭代耗时: 1.00s | 总耗时: 423.47s
2025-04-08 14:20:43,039 - INFO - 迭代 424/500 | 阶段: evolutionary learning | 最佳完工时间: 1523.00 | 迭代耗时: 1.03s | 总耗时: 424.50s
2025-04-08 14:20:44,084 - INFO - 迭代 425/500 | 阶段: evolutionary learning | 最佳完工时间: 1523.00 | 迭代耗时: 1.04s | 总耗时: 425.55s
2025-04-08 14:20:45,100 - INFO - 迭代 426/500 | 阶段: evolutionary learning | 最佳完工时间: 1523.00 | 迭代耗时: 1.02s | 总耗时: 426.56s
2025-04-08 14:20:46,122 - INFO - EL找到新的最优解，完工时间: 1522.00
2025-04-08 14:20:46,122 - INFO - 迭代 427/500 | 阶段: evolutionary learning | 最佳完工时间: 1522.00 | 迭代耗时: 1.02s | 总耗时: 427.58s
2025-04-08 14:20:47,145 - INFO - EL找到新的最优解，完工时间: 1518.00
2025-04-08 14:20:47,145 - INFO - 迭代 428/500 | 阶段: evolutionary learning | 最佳完工时间: 1518.00 | 迭代耗时: 1.02s | 总耗时: 428.61s
2025-04-08 14:20:48,195 - INFO - 迭代 429/500 | 阶段: evolutionary learning | 最佳完工时间: 1518.00 | 迭代耗时: 1.05s | 总耗时: 429.66s
2025-04-08 14:20:49,244 - INFO - 迭代 430/500 | 阶段: evolutionary learning | 最佳完工时间: 1518.00 | 迭代耗时: 1.05s | 总耗时: 430.71s
2025-04-08 14:20:50,264 - INFO - 迭代 431/500 | 阶段: evolutionary learning | 最佳完工时间: 1518.00 | 迭代耗时: 1.02s | 总耗时: 431.73s
2025-04-08 14:20:51,260 - INFO - EL找到新的最优解，完工时间: 1515.00
2025-04-08 14:20:51,260 - INFO - 迭代 432/500 | 阶段: evolutionary learning | 最佳完工时间: 1515.00 | 迭代耗时: 1.00s | 总耗时: 432.72s
2025-04-08 14:20:52,308 - INFO - 迭代 433/500 | 阶段: evolutionary learning | 最佳完工时间: 1515.00 | 迭代耗时: 1.05s | 总耗时: 433.77s
2025-04-08 14:20:53,345 - INFO - 迭代 434/500 | 阶段: evolutionary learning | 最佳完工时间: 1515.00 | 迭代耗时: 1.04s | 总耗时: 434.81s
2025-04-08 14:20:54,404 - INFO - 迭代 435/500 | 阶段: evolutionary learning | 最佳完工时间: 1515.00 | 迭代耗时: 1.06s | 总耗时: 435.87s
2025-04-08 14:20:55,409 - INFO - 迭代 436/500 | 阶段: evolutionary learning | 最佳完工时间: 1515.00 | 迭代耗时: 1.00s | 总耗时: 436.87s
2025-04-08 14:20:56,457 - INFO - 迭代 437/500 | 阶段: evolutionary learning | 最佳完工时间: 1515.00 | 迭代耗时: 1.05s | 总耗时: 437.92s
2025-04-08 14:20:57,479 - INFO - 迭代 438/500 | 阶段: evolutionary learning | 最佳完工时间: 1515.00 | 迭代耗时: 1.02s | 总耗时: 438.94s
2025-04-08 14:20:58,495 - INFO - 迭代 439/500 | 阶段: evolutionary learning | 最佳完工时间: 1515.00 | 迭代耗时: 1.02s | 总耗时: 439.96s
2025-04-08 14:20:59,509 - INFO - 迭代 440/500 | 阶段: evolutionary learning | 最佳完工时间: 1515.00 | 迭代耗时: 1.01s | 总耗时: 440.97s
2025-04-08 14:21:00,524 - INFO - 迭代 441/500 | 阶段: evolutionary learning | 最佳完工时间: 1515.00 | 迭代耗时: 1.01s | 总耗时: 441.99s
2025-04-08 14:21:01,601 - INFO - 迭代 442/500 | 阶段: evolutionary learning | 最佳完工时间: 1515.00 | 迭代耗时: 1.08s | 总耗时: 443.06s
2025-04-08 14:21:02,597 - INFO - 迭代 443/500 | 阶段: evolutionary learning | 最佳完工时间: 1515.00 | 迭代耗时: 1.00s | 总耗时: 444.06s
2025-04-08 14:21:03,627 - INFO - 迭代 444/500 | 阶段: evolutionary learning | 最佳完工时间: 1515.00 | 迭代耗时: 1.03s | 总耗时: 445.09s
2025-04-08 14:21:04,785 - INFO - EL找到新的最优解，完工时间: 1514.00
2025-04-08 14:21:04,785 - INFO - 迭代 445/500 | 阶段: evolutionary learning | 最佳完工时间: 1514.00 | 迭代耗时: 1.16s | 总耗时: 446.25s
2025-04-08 14:21:05,856 - INFO - 迭代 446/500 | 阶段: evolutionary learning | 最佳完工时间: 1514.00 | 迭代耗时: 1.07s | 总耗时: 447.32s
2025-04-08 14:21:06,914 - INFO - 迭代 447/500 | 阶段: evolutionary learning | 最佳完工时间: 1514.00 | 迭代耗时: 1.06s | 总耗时: 448.38s
2025-04-08 14:21:07,952 - INFO - 迭代 448/500 | 阶段: evolutionary learning | 最佳完工时间: 1514.00 | 迭代耗时: 1.04s | 总耗时: 449.41s
2025-04-08 14:21:09,015 - INFO - EL找到新的最优解，完工时间: 1511.00
2025-04-08 14:21:09,015 - INFO - 迭代 449/500 | 阶段: evolutionary learning | 最佳完工时间: 1511.00 | 迭代耗时: 1.06s | 总耗时: 450.48s
2025-04-08 14:21:10,062 - INFO - 迭代 450/500 | 阶段: evolutionary learning | 最佳完工时间: 1511.00 | 迭代耗时: 1.05s | 总耗时: 451.52s
2025-04-08 14:21:11,081 - INFO - 迭代 451/500 | 阶段: evolutionary learning | 最佳完工时间: 1511.00 | 迭代耗时: 1.02s | 总耗时: 452.54s
2025-04-08 14:21:12,100 - INFO - 迭代 452/500 | 阶段: evolutionary learning | 最佳完工时间: 1511.00 | 迭代耗时: 1.02s | 总耗时: 453.56s
2025-04-08 14:21:13,161 - INFO - 迭代 453/500 | 阶段: evolutionary learning | 最佳完工时间: 1511.00 | 迭代耗时: 1.06s | 总耗时: 454.62s
2025-04-08 14:21:14,188 - INFO - 迭代 454/500 | 阶段: evolutionary learning | 最佳完工时间: 1511.00 | 迭代耗时: 1.03s | 总耗时: 455.65s
2025-04-08 14:21:15,240 - INFO - 迭代 455/500 | 阶段: evolutionary learning | 最佳完工时间: 1511.00 | 迭代耗时: 1.05s | 总耗时: 456.70s
2025-04-08 14:21:16,240 - INFO - 迭代 456/500 | 阶段: evolutionary learning | 最佳完工时间: 1511.00 | 迭代耗时: 1.00s | 总耗时: 457.70s
2025-04-08 14:21:17,240 - INFO - 迭代 457/500 | 阶段: evolutionary learning | 最佳完工时间: 1511.00 | 迭代耗时: 1.00s | 总耗时: 458.70s
2025-04-08 14:21:18,214 - INFO - 迭代 458/500 | 阶段: evolutionary learning | 最佳完工时间: 1511.00 | 迭代耗时: 0.97s | 总耗时: 459.68s
2025-04-08 14:21:19,236 - INFO - EL找到新的最优解，完工时间: 1509.00
2025-04-08 14:21:19,237 - INFO - 迭代 459/500 | 阶段: evolutionary learning | 最佳完工时间: 1509.00 | 迭代耗时: 1.02s | 总耗时: 460.70s
2025-04-08 14:21:20,272 - INFO - 迭代 460/500 | 阶段: evolutionary learning | 最佳完工时间: 1509.00 | 迭代耗时: 1.04s | 总耗时: 461.73s
2025-04-08 14:21:21,356 - INFO - 迭代 461/500 | 阶段: evolutionary learning | 最佳完工时间: 1509.00 | 迭代耗时: 1.08s | 总耗时: 462.82s
2025-04-08 14:21:22,385 - INFO - 迭代 462/500 | 阶段: evolutionary learning | 最佳完工时间: 1509.00 | 迭代耗时: 1.03s | 总耗时: 463.85s
2025-04-08 14:21:23,415 - INFO - 迭代 463/500 | 阶段: evolutionary learning | 最佳完工时间: 1509.00 | 迭代耗时: 1.03s | 总耗时: 464.88s
2025-04-08 14:21:24,367 - INFO - 迭代 464/500 | 阶段: evolutionary learning | 最佳完工时间: 1509.00 | 迭代耗时: 0.95s | 总耗时: 465.83s
2025-04-08 14:21:25,416 - INFO - 迭代 465/500 | 阶段: evolutionary learning | 最佳完工时间: 1509.00 | 迭代耗时: 1.05s | 总耗时: 466.88s
2025-04-08 14:21:26,420 - INFO - 迭代 466/500 | 阶段: evolutionary learning | 最佳完工时间: 1509.00 | 迭代耗时: 1.00s | 总耗时: 467.88s
2025-04-08 14:21:27,453 - INFO - 迭代 467/500 | 阶段: evolutionary learning | 最佳完工时间: 1509.00 | 迭代耗时: 1.03s | 总耗时: 468.91s
2025-04-08 14:21:28,504 - INFO - EL找到新的最优解，完工时间: 1507.00
2025-04-08 14:21:28,504 - INFO - 迭代 468/500 | 阶段: evolutionary learning | 最佳完工时间: 1507.00 | 迭代耗时: 1.05s | 总耗时: 469.97s
2025-04-08 14:21:29,534 - INFO - EL找到新的最优解，完工时间: 1503.00
2025-04-08 14:21:29,534 - INFO - 迭代 469/500 | 阶段: evolutionary learning | 最佳完工时间: 1503.00 | 迭代耗时: 1.03s | 总耗时: 471.00s
2025-04-08 14:21:30,562 - INFO - 迭代 470/500 | 阶段: evolutionary learning | 最佳完工时间: 1503.00 | 迭代耗时: 1.03s | 总耗时: 472.02s
2025-04-08 14:21:31,556 - INFO - 迭代 471/500 | 阶段: evolutionary learning | 最佳完工时间: 1503.00 | 迭代耗时: 0.99s | 总耗时: 473.02s
2025-04-08 14:21:32,581 - INFO - 迭代 472/500 | 阶段: evolutionary learning | 最佳完工时间: 1503.00 | 迭代耗时: 1.02s | 总耗时: 474.04s
2025-04-08 14:21:33,587 - INFO - 迭代 473/500 | 阶段: evolutionary learning | 最佳完工时间: 1503.00 | 迭代耗时: 1.01s | 总耗时: 475.05s
2025-04-08 14:21:34,612 - INFO - 迭代 474/500 | 阶段: evolutionary learning | 最佳完工时间: 1503.00 | 迭代耗时: 1.02s | 总耗时: 476.07s
2025-04-08 14:21:35,613 - INFO - 迭代 475/500 | 阶段: evolutionary learning | 最佳完工时间: 1503.00 | 迭代耗时: 1.00s | 总耗时: 477.08s
2025-04-08 14:21:36,609 - INFO - EL找到新的最优解，完工时间: 1501.00
2025-04-08 14:21:36,609 - INFO - 迭代 476/500 | 阶段: evolutionary learning | 最佳完工时间: 1501.00 | 迭代耗时: 1.00s | 总耗时: 478.07s
2025-04-08 14:21:37,616 - INFO - 迭代 477/500 | 阶段: evolutionary learning | 最佳完工时间: 1501.00 | 迭代耗时: 1.01s | 总耗时: 479.08s
2025-04-08 14:21:38,641 - INFO - 迭代 478/500 | 阶段: evolutionary learning | 最佳完工时间: 1501.00 | 迭代耗时: 1.02s | 总耗时: 480.10s
2025-04-08 14:21:39,663 - INFO - 迭代 479/500 | 阶段: evolutionary learning | 最佳完工时间: 1501.00 | 迭代耗时: 1.02s | 总耗时: 481.13s
2025-04-08 14:21:40,674 - INFO - 迭代 480/500 | 阶段: evolutionary learning | 最佳完工时间: 1501.00 | 迭代耗时: 1.01s | 总耗时: 482.14s
2025-04-08 14:21:41,726 - INFO - 迭代 481/500 | 阶段: evolutionary learning | 最佳完工时间: 1501.00 | 迭代耗时: 1.05s | 总耗时: 483.19s
2025-04-08 14:21:42,881 - INFO - EL找到新的最优解，完工时间: 1500.00
2025-04-08 14:21:42,881 - INFO - 迭代 482/500 | 阶段: evolutionary learning | 最佳完工时间: 1500.00 | 迭代耗时: 1.16s | 总耗时: 484.34s
2025-04-08 14:21:43,985 - INFO - 迭代 483/500 | 阶段: evolutionary learning | 最佳完工时间: 1500.00 | 迭代耗时: 1.10s | 总耗时: 485.45s
2025-04-08 14:21:44,987 - INFO - EL找到新的最优解，完工时间: 1499.00
2025-04-08 14:21:44,987 - INFO - 迭代 484/500 | 阶段: evolutionary learning | 最佳完工时间: 1499.00 | 迭代耗时: 1.00s | 总耗时: 486.45s
2025-04-08 14:21:46,163 - INFO - EL找到新的最优解，完工时间: 1497.00
2025-04-08 14:21:46,163 - INFO - 迭代 485/500 | 阶段: evolutionary learning | 最佳完工时间: 1497.00 | 迭代耗时: 1.18s | 总耗时: 487.62s
2025-04-08 14:21:47,254 - INFO - 迭代 486/500 | 阶段: evolutionary learning | 最佳完工时间: 1497.00 | 迭代耗时: 1.09s | 总耗时: 488.72s
2025-04-08 14:21:48,382 - INFO - 迭代 487/500 | 阶段: evolutionary learning | 最佳完工时间: 1497.00 | 迭代耗时: 1.13s | 总耗时: 489.84s
2025-04-08 14:21:49,510 - INFO - 迭代 488/500 | 阶段: evolutionary learning | 最佳完工时间: 1497.00 | 迭代耗时: 1.13s | 总耗时: 490.97s
2025-04-08 14:21:50,682 - INFO - 迭代 489/500 | 阶段: evolutionary learning | 最佳完工时间: 1497.00 | 迭代耗时: 1.17s | 总耗时: 492.14s
2025-04-08 14:21:51,741 - INFO - 迭代 490/500 | 阶段: evolutionary learning | 最佳完工时间: 1497.00 | 迭代耗时: 1.06s | 总耗时: 493.20s
2025-04-08 14:21:52,790 - INFO - 迭代 491/500 | 阶段: evolutionary learning | 最佳完工时间: 1497.00 | 迭代耗时: 1.05s | 总耗时: 494.25s
2025-04-08 14:21:53,910 - INFO - 迭代 492/500 | 阶段: evolutionary learning | 最佳完工时间: 1497.00 | 迭代耗时: 1.12s | 总耗时: 495.37s
2025-04-08 14:21:55,055 - INFO - 迭代 493/500 | 阶段: evolutionary learning | 最佳完工时间: 1497.00 | 迭代耗时: 1.15s | 总耗时: 496.52s
2025-04-08 14:21:56,122 - INFO - 迭代 494/500 | 阶段: evolutionary learning | 最佳完工时间: 1497.00 | 迭代耗时: 1.07s | 总耗时: 497.58s
2025-04-08 14:21:57,153 - INFO - 迭代 495/500 | 阶段: evolutionary learning | 最佳完工时间: 1497.00 | 迭代耗时: 1.03s | 总耗时: 498.62s
2025-04-08 14:21:58,171 - INFO - 迭代 496/500 | 阶段: evolutionary learning | 最佳完工时间: 1497.00 | 迭代耗时: 1.02s | 总耗时: 499.63s
2025-04-08 14:21:59,230 - INFO - 迭代 497/500 | 阶段: evolutionary learning | 最佳完工时间: 1497.00 | 迭代耗时: 1.06s | 总耗时: 500.69s
2025-04-08 14:22:00,353 - INFO - 迭代 498/500 | 阶段: evolutionary learning | 最佳完工时间: 1497.00 | 迭代耗时: 1.12s | 总耗时: 501.81s
2025-04-08 14:22:01,429 - INFO - 迭代 499/500 | 阶段: evolutionary learning | 最佳完工时间: 1497.00 | 迭代耗时: 1.08s | 总耗时: 502.89s
2025-04-08 14:22:02,521 - INFO - 迭代 500/500 | 阶段: evolutionary learning | 最佳完工时间: 1497.00 | 迭代耗时: 1.09s | 总耗时: 503.98s
2025-04-08 14:22:02,521 - INFO - 两阶段混合学习算法完成，总耗时: 503.98s, 最终最佳完工时间: 1497.00
