2025-04-08 16:00:08,070 - DEBUG - 开始两阶段混合学习算法，最大迭代次数: 100
2025-04-08 16:00:08,535 - INFO - SL找到新的最优解，完工时间: 1926.00，重置pointer=0
2025-04-08 16:00:08,536 - DEBUG - 迭代 1/100 | 阶段: statistical learning | 最佳完工时间: 1926.00 | 迭代耗时: 0.47s | 
2025-04-08 16:00:08,997 - INFO - SL找到新的最优解，完工时间: 1902.00，重置pointer=0
2025-04-08 16:00:08,997 - DEBUG - 迭代 2/100 | 阶段: statistical learning | 最佳完工时间: 1902.00 | 迭代耗时: 0.46s | 
2025-04-08 16:00:09,476 - INFO - SL未找到更好的解，pointer增加到1
2025-04-08 16:00:09,477 - INFO - SL阶段终止条件满足，切换到EL阶段...
2025-04-08 16:00:09,477 - INFO - pointer=1, threshold=0.49
2025-04-08 16:00:09,478 - INFO - 成功切换到EL阶段，使用SL种群初始化EL种群，种群大小: 100
2025-04-08 16:00:09,478 - DEBUG - 迭代 3/100 | 阶段: evolutionary learning | 最佳完工时间: 1902.00 | 迭代耗时: 0.48s | 
2025-04-08 16:00:10,387 - DEBUG - 迭代 4/100 | 阶段: evolutionary learning | 最佳完工时间: 1902.00 | 迭代耗时: 0.91s | 
2025-04-08 16:00:11,268 - INFO - EL找到新的最优解，完工时间: 1897.00
2025-04-08 16:00:11,268 - DEBUG - 迭代 5/100 | 阶段: evolutionary learning | 最佳完工时间: 1897.00 | 迭代耗时: 0.88s | 
2025-04-08 16:00:12,130 - INFO - EL找到新的最优解，完工时间: 1890.00
2025-04-08 16:00:12,131 - DEBUG - 迭代 6/100 | 阶段: evolutionary learning | 最佳完工时间: 1890.00 | 迭代耗时: 0.86s | 
2025-04-08 16:00:13,015 - INFO - EL找到新的最优解，完工时间: 1876.00
2025-04-08 16:00:13,015 - DEBUG - 迭代 7/100 | 阶段: evolutionary learning | 最佳完工时间: 1876.00 | 迭代耗时: 0.88s | 
2025-04-08 16:00:13,885 - INFO - EL找到新的最优解，完工时间: 1871.00
2025-04-08 16:00:13,885 - DEBUG - 迭代 8/100 | 阶段: evolutionary learning | 最佳完工时间: 1871.00 | 迭代耗时: 0.87s | 
2025-04-08 16:00:14,819 - INFO - EL找到新的最优解，完工时间: 1864.00
2025-04-08 16:00:14,820 - DEBUG - 迭代 9/100 | 阶段: evolutionary learning | 最佳完工时间: 1864.00 | 迭代耗时: 0.93s | 
2025-04-08 16:00:15,716 - DEBUG - 迭代 10/100 | 阶段: evolutionary learning | 最佳完工时间: 1864.00 | 迭代耗时: 0.90s | 
2025-04-08 16:00:16,657 - INFO - EL找到新的最优解，完工时间: 1850.00
2025-04-08 16:00:16,658 - DEBUG - 迭代 11/100 | 阶段: evolutionary learning | 最佳完工时间: 1850.00 | 迭代耗时: 0.94s | 
2025-04-08 16:00:17,600 - INFO - EL找到新的最优解，完工时间: 1841.00
2025-04-08 16:00:17,600 - DEBUG - 迭代 12/100 | 阶段: evolutionary learning | 最佳完工时间: 1841.00 | 迭代耗时: 0.94s | 
2025-04-08 16:00:18,498 - INFO - EL找到新的最优解，完工时间: 1828.00
2025-04-08 16:00:18,499 - DEBUG - 迭代 13/100 | 阶段: evolutionary learning | 最佳完工时间: 1828.00 | 迭代耗时: 0.90s | 
2025-04-08 16:00:19,416 - INFO - EL找到新的最优解，完工时间: 1818.00
2025-04-08 16:00:19,416 - DEBUG - 迭代 14/100 | 阶段: evolutionary learning | 最佳完工时间: 1818.00 | 迭代耗时: 0.92s | 
2025-04-08 16:00:20,279 - DEBUG - 迭代 15/100 | 阶段: evolutionary learning | 最佳完工时间: 1818.00 | 迭代耗时: 0.86s | 
2025-04-08 16:00:21,218 - DEBUG - 迭代 16/100 | 阶段: evolutionary learning | 最佳完工时间: 1818.00 | 迭代耗时: 0.94s | 
2025-04-08 16:00:22,131 - DEBUG - 迭代 17/100 | 阶段: evolutionary learning | 最佳完工时间: 1818.00 | 迭代耗时: 0.91s | 
2025-04-08 16:00:23,073 - INFO - EL找到新的最优解，完工时间: 1796.00
2025-04-08 16:00:23,074 - DEBUG - 迭代 18/100 | 阶段: evolutionary learning | 最佳完工时间: 1796.00 | 迭代耗时: 0.94s | 
2025-04-08 16:00:23,962 - DEBUG - 迭代 19/100 | 阶段: evolutionary learning | 最佳完工时间: 1796.00 | 迭代耗时: 0.89s | 
2025-04-08 16:00:24,857 - INFO - EL找到新的最优解，完工时间: 1788.00
2025-04-08 16:00:24,857 - DEBUG - 迭代 20/100 | 阶段: evolutionary learning | 最佳完工时间: 1788.00 | 迭代耗时: 0.89s | 
2025-04-08 16:00:25,766 - INFO - EL找到新的最优解，完工时间: 1782.00
2025-04-08 16:00:25,766 - DEBUG - 迭代 21/100 | 阶段: evolutionary learning | 最佳完工时间: 1782.00 | 迭代耗时: 0.91s | 
2025-04-08 16:00:26,650 - DEBUG - 迭代 22/100 | 阶段: evolutionary learning | 最佳完工时间: 1782.00 | 迭代耗时: 0.88s | 
2025-04-08 16:00:27,553 - DEBUG - 迭代 23/100 | 阶段: evolutionary learning | 最佳完工时间: 1782.00 | 迭代耗时: 0.90s | 
2025-04-08 16:00:28,495 - INFO - EL找到新的最优解，完工时间: 1774.00
2025-04-08 16:00:28,495 - DEBUG - 迭代 24/100 | 阶段: evolutionary learning | 最佳完工时间: 1774.00 | 迭代耗时: 0.94s | 
2025-04-08 16:00:29,371 - INFO - EL找到新的最优解，完工时间: 1758.00
2025-04-08 16:00:29,371 - DEBUG - 迭代 25/100 | 阶段: evolutionary learning | 最佳完工时间: 1758.00 | 迭代耗时: 0.88s | 
2025-04-08 16:00:30,282 - DEBUG - 迭代 26/100 | 阶段: evolutionary learning | 最佳完工时间: 1758.00 | 迭代耗时: 0.91s | 
2025-04-08 16:00:31,188 - DEBUG - 迭代 27/100 | 阶段: evolutionary learning | 最佳完工时间: 1758.00 | 迭代耗时: 0.91s | 
2025-04-08 16:00:32,128 - INFO - EL找到新的最优解，完工时间: 1752.00
2025-04-08 16:00:32,129 - DEBUG - 迭代 28/100 | 阶段: evolutionary learning | 最佳完工时间: 1752.00 | 迭代耗时: 0.94s | 
2025-04-08 16:00:33,054 - DEBUG - 迭代 29/100 | 阶段: evolutionary learning | 最佳完工时间: 1752.00 | 迭代耗时: 0.93s | 
2025-04-08 16:00:33,964 - INFO - EL找到新的最优解，完工时间: 1738.00
2025-04-08 16:00:33,965 - DEBUG - 迭代 30/100 | 阶段: evolutionary learning | 最佳完工时间: 1738.00 | 迭代耗时: 0.91s | 
2025-04-08 16:00:34,906 - INFO - EL找到新的最优解，完工时间: 1732.00
2025-04-08 16:00:34,906 - DEBUG - 迭代 31/100 | 阶段: evolutionary learning | 最佳完工时间: 1732.00 | 迭代耗时: 0.94s | 
2025-04-08 16:00:35,842 - INFO - EL找到新的最优解，完工时间: 1722.00
2025-04-08 16:00:35,843 - DEBUG - 迭代 32/100 | 阶段: evolutionary learning | 最佳完工时间: 1722.00 | 迭代耗时: 0.94s | 
2025-04-08 16:00:36,784 - DEBUG - 迭代 33/100 | 阶段: evolutionary learning | 最佳完工时间: 1722.00 | 迭代耗时: 0.94s | 
2025-04-08 16:00:37,670 - INFO - EL找到新的最优解，完工时间: 1720.00
2025-04-08 16:00:37,670 - DEBUG - 迭代 34/100 | 阶段: evolutionary learning | 最佳完工时间: 1720.00 | 迭代耗时: 0.89s | 
2025-04-08 16:00:38,573 - DEBUG - 迭代 35/100 | 阶段: evolutionary learning | 最佳完工时间: 1720.00 | 迭代耗时: 0.90s | 
2025-04-08 16:00:39,490 - INFO - EL找到新的最优解，完工时间: 1718.00
2025-04-08 16:00:39,490 - DEBUG - 迭代 36/100 | 阶段: evolutionary learning | 最佳完工时间: 1718.00 | 迭代耗时: 0.92s | 
2025-04-08 16:00:40,418 - DEBUG - 迭代 37/100 | 阶段: evolutionary learning | 最佳完工时间: 1718.00 | 迭代耗时: 0.93s | 
2025-04-08 16:00:41,356 - INFO - EL找到新的最优解，完工时间: 1710.00
2025-04-08 16:00:41,356 - DEBUG - 迭代 38/100 | 阶段: evolutionary learning | 最佳完工时间: 1710.00 | 迭代耗时: 0.94s | 
2025-04-08 16:00:42,280 - DEBUG - 迭代 39/100 | 阶段: evolutionary learning | 最佳完工时间: 1710.00 | 迭代耗时: 0.92s | 
2025-04-08 16:00:43,235 - INFO - EL找到新的最优解，完工时间: 1706.00
2025-04-08 16:00:43,235 - DEBUG - 迭代 40/100 | 阶段: evolutionary learning | 最佳完工时间: 1706.00 | 迭代耗时: 0.95s | 
2025-04-08 16:00:44,175 - INFO - EL找到新的最优解，完工时间: 1702.00
2025-04-08 16:00:44,176 - DEBUG - 迭代 41/100 | 阶段: evolutionary learning | 最佳完工时间: 1702.00 | 迭代耗时: 0.94s | 
2025-04-08 16:00:45,101 - INFO - EL找到新的最优解，完工时间: 1698.00
2025-04-08 16:00:45,101 - DEBUG - 迭代 42/100 | 阶段: evolutionary learning | 最佳完工时间: 1698.00 | 迭代耗时: 0.92s | 
2025-04-08 16:00:46,030 - DEBUG - 迭代 43/100 | 阶段: evolutionary learning | 最佳完工时间: 1698.00 | 迭代耗时: 0.93s | 
2025-04-08 16:00:47,001 - DEBUG - 迭代 44/100 | 阶段: evolutionary learning | 最佳完工时间: 1698.00 | 迭代耗时: 0.97s | 
2025-04-08 16:00:47,948 - INFO - EL找到新的最优解，完工时间: 1696.00
2025-04-08 16:00:47,949 - DEBUG - 迭代 45/100 | 阶段: evolutionary learning | 最佳完工时间: 1696.00 | 迭代耗时: 0.95s | 
2025-04-08 16:00:48,864 - DEBUG - 迭代 46/100 | 阶段: evolutionary learning | 最佳完工时间: 1696.00 | 迭代耗时: 0.92s | 
2025-04-08 16:00:49,797 - INFO - EL找到新的最优解，完工时间: 1692.00
2025-04-08 16:00:49,797 - DEBUG - 迭代 47/100 | 阶段: evolutionary learning | 最佳完工时间: 1692.00 | 迭代耗时: 0.93s | 
2025-04-08 16:00:50,714 - INFO - EL找到新的最优解，完工时间: 1689.00
2025-04-08 16:00:50,714 - DEBUG - 迭代 48/100 | 阶段: evolutionary learning | 最佳完工时间: 1689.00 | 迭代耗时: 0.92s | 
2025-04-08 16:00:51,625 - DEBUG - 迭代 49/100 | 阶段: evolutionary learning | 最佳完工时间: 1689.00 | 迭代耗时: 0.91s | 
2025-04-08 16:00:52,533 - INFO - EL找到新的最优解，完工时间: 1688.00
2025-04-08 16:00:52,534 - DEBUG - 迭代 50/100 | 阶段: evolutionary learning | 最佳完工时间: 1688.00 | 迭代耗时: 0.91s | 
2025-04-08 16:00:53,462 - INFO - EL找到新的最优解，完工时间: 1684.00
2025-04-08 16:00:53,462 - DEBUG - 迭代 51/100 | 阶段: evolutionary learning | 最佳完工时间: 1684.00 | 迭代耗时: 0.93s | 
2025-04-08 16:00:54,360 - DEBUG - 迭代 52/100 | 阶段: evolutionary learning | 最佳完工时间: 1684.00 | 迭代耗时: 0.90s | 
2025-04-08 16:00:55,277 - INFO - EL找到新的最优解，完工时间: 1680.00
2025-04-08 16:00:55,277 - DEBUG - 迭代 53/100 | 阶段: evolutionary learning | 最佳完工时间: 1680.00 | 迭代耗时: 0.92s | 
2025-04-08 16:00:56,221 - INFO - EL找到新的最优解，完工时间: 1678.00
2025-04-08 16:00:56,221 - DEBUG - 迭代 54/100 | 阶段: evolutionary learning | 最佳完工时间: 1678.00 | 迭代耗时: 0.94s | 
2025-04-08 16:00:57,168 - DEBUG - 迭代 55/100 | 阶段: evolutionary learning | 最佳完工时间: 1678.00 | 迭代耗时: 0.95s | 
2025-04-08 16:00:58,057 - INFO - EL找到新的最优解，完工时间: 1675.00
2025-04-08 16:00:58,058 - DEBUG - 迭代 56/100 | 阶段: evolutionary learning | 最佳完工时间: 1675.00 | 迭代耗时: 0.89s | 
2025-04-08 16:00:58,977 - INFO - EL找到新的最优解，完工时间: 1674.00
2025-04-08 16:00:58,977 - DEBUG - 迭代 57/100 | 阶段: evolutionary learning | 最佳完工时间: 1674.00 | 迭代耗时: 0.92s | 
2025-04-08 16:00:59,963 - INFO - EL找到新的最优解，完工时间: 1672.00
2025-04-08 16:00:59,963 - DEBUG - 迭代 58/100 | 阶段: evolutionary learning | 最佳完工时间: 1672.00 | 迭代耗时: 0.99s | 
2025-04-08 16:01:00,911 - INFO - EL找到新的最优解，完工时间: 1670.00
2025-04-08 16:01:00,911 - DEBUG - 迭代 59/100 | 阶段: evolutionary learning | 最佳完工时间: 1670.00 | 迭代耗时: 0.95s | 
2025-04-08 16:01:01,858 - DEBUG - 迭代 60/100 | 阶段: evolutionary learning | 最佳完工时间: 1670.00 | 迭代耗时: 0.95s | 
2025-04-08 16:01:02,829 - DEBUG - 迭代 61/100 | 阶段: evolutionary learning | 最佳完工时间: 1670.00 | 迭代耗时: 0.97s | 
2025-04-08 16:01:03,751 - INFO - EL找到新的最优解，完工时间: 1668.00
2025-04-08 16:01:03,751 - DEBUG - 迭代 62/100 | 阶段: evolutionary learning | 最佳完工时间: 1668.00 | 迭代耗时: 0.92s | 
2025-04-08 16:01:04,658 - DEBUG - 迭代 63/100 | 阶段: evolutionary learning | 最佳完工时间: 1668.00 | 迭代耗时: 0.91s | 
2025-04-08 16:01:05,588 - INFO - EL找到新的最优解，完工时间: 1666.00
2025-04-08 16:01:05,589 - DEBUG - 迭代 64/100 | 阶段: evolutionary learning | 最佳完工时间: 1666.00 | 迭代耗时: 0.93s | 
2025-04-08 16:01:06,587 - INFO - EL找到新的最优解，完工时间: 1658.00
2025-04-08 16:01:06,588 - DEBUG - 迭代 65/100 | 阶段: evolutionary learning | 最佳完工时间: 1658.00 | 迭代耗时: 1.00s | 
2025-04-08 16:01:07,509 - INFO - EL找到新的最优解，完工时间: 1654.00
2025-04-08 16:01:07,510 - DEBUG - 迭代 66/100 | 阶段: evolutionary learning | 最佳完工时间: 1654.00 | 迭代耗时: 0.92s | 
2025-04-08 16:01:08,452 - DEBUG - 迭代 67/100 | 阶段: evolutionary learning | 最佳完工时间: 1654.00 | 迭代耗时: 0.94s | 
2025-04-08 16:01:09,356 - INFO - EL找到新的最优解，完工时间: 1652.00
2025-04-08 16:01:09,356 - DEBUG - 迭代 68/100 | 阶段: evolutionary learning | 最佳完工时间: 1652.00 | 迭代耗时: 0.90s | 
2025-04-08 16:01:10,310 - DEBUG - 迭代 69/100 | 阶段: evolutionary learning | 最佳完工时间: 1652.00 | 迭代耗时: 0.95s | 
2025-04-08 16:01:11,256 - INFO - EL找到新的最优解，完工时间: 1650.00
2025-04-08 16:01:11,256 - DEBUG - 迭代 70/100 | 阶段: evolutionary learning | 最佳完工时间: 1650.00 | 迭代耗时: 0.95s | 
2025-04-08 16:01:12,153 - INFO - EL找到新的最优解，完工时间: 1648.00
2025-04-08 16:01:12,154 - DEBUG - 迭代 71/100 | 阶段: evolutionary learning | 最佳完工时间: 1648.00 | 迭代耗时: 0.90s | 
2025-04-08 16:01:13,078 - DEBUG - 迭代 72/100 | 阶段: evolutionary learning | 最佳完工时间: 1648.00 | 迭代耗时: 0.92s | 
2025-04-08 16:01:14,019 - INFO - EL找到新的最优解，完工时间: 1644.00
2025-04-08 16:01:14,019 - DEBUG - 迭代 73/100 | 阶段: evolutionary learning | 最佳完工时间: 1644.00 | 迭代耗时: 0.94s | 
2025-04-08 16:01:14,933 - INFO - EL找到新的最优解，完工时间: 1642.00
2025-04-08 16:01:14,934 - DEBUG - 迭代 74/100 | 阶段: evolutionary learning | 最佳完工时间: 1642.00 | 迭代耗时: 0.91s | 
2025-04-08 16:01:15,885 - INFO - EL找到新的最优解，完工时间: 1640.00
2025-04-08 16:01:15,886 - DEBUG - 迭代 75/100 | 阶段: evolutionary learning | 最佳完工时间: 1640.00 | 迭代耗时: 0.95s | 
2025-04-08 16:01:16,803 - DEBUG - 迭代 76/100 | 阶段: evolutionary learning | 最佳完工时间: 1640.00 | 迭代耗时: 0.92s | 
2025-04-08 16:01:17,724 - INFO - EL找到新的最优解，完工时间: 1638.00
2025-04-08 16:01:17,724 - DEBUG - 迭代 77/100 | 阶段: evolutionary learning | 最佳完工时间: 1638.00 | 迭代耗时: 0.92s | 
2025-04-08 16:01:18,688 - DEBUG - 迭代 78/100 | 阶段: evolutionary learning | 最佳完工时间: 1638.00 | 迭代耗时: 0.96s | 
2025-04-08 16:01:19,624 - DEBUG - 迭代 79/100 | 阶段: evolutionary learning | 最佳完工时间: 1638.00 | 迭代耗时: 0.94s | 
2025-04-08 16:01:20,530 - DEBUG - 迭代 80/100 | 阶段: evolutionary learning | 最佳完工时间: 1638.00 | 迭代耗时: 0.91s | 
2025-04-08 16:01:21,445 - INFO - EL找到新的最优解，完工时间: 1636.00
2025-04-08 16:01:21,445 - DEBUG - 迭代 81/100 | 阶段: evolutionary learning | 最佳完工时间: 1636.00 | 迭代耗时: 0.92s | 
2025-04-08 16:01:22,387 - DEBUG - 迭代 82/100 | 阶段: evolutionary learning | 最佳完工时间: 1636.00 | 迭代耗时: 0.94s | 
2025-04-08 16:01:23,360 - INFO - EL找到新的最优解，完工时间: 1634.00
2025-04-08 16:01:23,360 - DEBUG - 迭代 83/100 | 阶段: evolutionary learning | 最佳完工时间: 1634.00 | 迭代耗时: 0.97s | 
2025-04-08 16:01:24,314 - DEBUG - 迭代 84/100 | 阶段: evolutionary learning | 最佳完工时间: 1634.00 | 迭代耗时: 0.95s | 
2025-04-08 16:01:25,212 - DEBUG - 迭代 85/100 | 阶段: evolutionary learning | 最佳完工时间: 1634.00 | 迭代耗时: 0.90s | 
2025-04-08 16:01:26,126 - DEBUG - 迭代 86/100 | 阶段: evolutionary learning | 最佳完工时间: 1634.00 | 迭代耗时: 0.91s | 
2025-04-08 16:01:27,013 - DEBUG - 迭代 87/100 | 阶段: evolutionary learning | 最佳完工时间: 1634.00 | 迭代耗时: 0.89s | 
2025-04-08 16:01:27,948 - DEBUG - 迭代 88/100 | 阶段: evolutionary learning | 最佳完工时间: 1634.00 | 迭代耗时: 0.93s | 
2025-04-08 16:01:28,841 - INFO - EL找到新的最优解，完工时间: 1632.00
2025-04-08 16:01:28,842 - DEBUG - 迭代 89/100 | 阶段: evolutionary learning | 最佳完工时间: 1632.00 | 迭代耗时: 0.89s | 
2025-04-08 16:01:29,738 - DEBUG - 迭代 90/100 | 阶段: evolutionary learning | 最佳完工时间: 1632.00 | 迭代耗时: 0.90s | 
2025-04-08 16:01:30,681 - DEBUG - 迭代 91/100 | 阶段: evolutionary learning | 最佳完工时间: 1632.00 | 迭代耗时: 0.94s | 
2025-04-08 16:01:31,646 - DEBUG - 迭代 92/100 | 阶段: evolutionary learning | 最佳完工时间: 1632.00 | 迭代耗时: 0.96s | 
2025-04-08 16:01:32,553 - DEBUG - 迭代 93/100 | 阶段: evolutionary learning | 最佳完工时间: 1632.00 | 迭代耗时: 0.91s | 
2025-04-08 16:01:33,458 - DEBUG - 迭代 94/100 | 阶段: evolutionary learning | 最佳完工时间: 1632.00 | 迭代耗时: 0.91s | 
2025-04-08 16:01:34,403 - DEBUG - 迭代 95/100 | 阶段: evolutionary learning | 最佳完工时间: 1632.00 | 迭代耗时: 0.94s | 
2025-04-08 16:01:35,307 - INFO - EL找到新的最优解，完工时间: 1630.00
2025-04-08 16:01:35,307 - DEBUG - 迭代 96/100 | 阶段: evolutionary learning | 最佳完工时间: 1630.00 | 迭代耗时: 0.90s | 
2025-04-08 16:01:36,271 - DEBUG - 迭代 97/100 | 阶段: evolutionary learning | 最佳完工时间: 1630.00 | 迭代耗时: 0.96s | 
2025-04-08 16:01:37,273 - DEBUG - 迭代 98/100 | 阶段: evolutionary learning | 最佳完工时间: 1630.00 | 迭代耗时: 1.00s | 
2025-04-08 16:01:38,202 - DEBUG - 迭代 99/100 | 阶段: evolutionary learning | 最佳完工时间: 1630.00 | 迭代耗时: 0.93s | 
2025-04-08 16:01:39,160 - DEBUG - 迭代 100/100 | 阶段: evolutionary learning | 最佳完工时间: 1630.00 | 迭代耗时: 0.96s | 
2025-04-08 16:01:39,160 - INFO - ==================================================
2025-04-08 16:01:39,160 - INFO - Best solution found with makespan: 1630.00s at generation: 100
2025-04-08 16:01:39,160 - INFO - Total time: 91.09s
2025-04-08 16:01:39,288 - INFO - Convergence curve saved to: blea_convergence.png
