2025-04-08 13:43:33,735 - INFO - 开始两阶段混合学习算法，最大迭代次数: 100
2025-04-08 13:43:34,241 - INFO - SL找到新的最优解，完工时间: 1952.00，重置pointer=0
2025-04-08 13:43:34,241 - INFO - 迭代 1/100 | 阶段: statistical learning | 最佳完工时间: 1952.00 | 迭代耗时: 0.51s | 总耗时: 0.51s
2025-04-08 13:43:34,750 - INFO - SL找到新的最优解，完工时间: 1930.00，重置pointer=0
2025-04-08 13:43:34,750 - INFO - 迭代 2/100 | 阶段: statistical learning | 最佳完工时间: 1930.00 | 迭代耗时: 0.51s | 总耗时: 1.02s
2025-04-08 13:43:35,254 - INFO - SL未找到更好的解，pointer增加到1
2025-04-08 13:43:35,254 - INFO - 迭代 3/100 | 阶段: statistical learning | 最佳完工时间: 1930.00 | 迭代耗时: 0.50s | 总耗时: 1.52s
2025-04-08 13:43:35,761 - INFO - SL找到新的最优解，完工时间: 1903.00，重置pointer=0
2025-04-08 13:43:35,761 - INFO - 迭代 4/100 | 阶段: statistical learning | 最佳完工时间: 1903.00 | 迭代耗时: 0.51s | 总耗时: 2.03s
2025-04-08 13:43:36,253 - INFO - SL未找到更好的解，pointer增加到1
2025-04-08 13:43:36,253 - INFO - 迭代 5/100 | 阶段: statistical learning | 最佳完工时间: 1903.00 | 迭代耗时: 0.49s | 总耗时: 2.52s
2025-04-08 13:43:36,739 - INFO - SL未找到更好的解，pointer增加到2
2025-04-08 13:43:36,739 - INFO - 迭代 6/100 | 阶段: statistical learning | 最佳完工时间: 1903.00 | 迭代耗时: 0.49s | 总耗时: 3.00s
2025-04-08 13:43:37,250 - INFO - SL未找到更好的解，pointer增加到3
2025-04-08 13:43:37,250 - INFO - 迭代 7/100 | 阶段: statistical learning | 最佳完工时间: 1903.00 | 迭代耗时: 0.51s | 总耗时: 3.52s
2025-04-08 13:43:37,738 - INFO - SL未找到更好的解，pointer增加到4
2025-04-08 13:43:37,738 - INFO - 迭代 8/100 | 阶段: statistical learning | 最佳完工时间: 1903.00 | 迭代耗时: 0.49s | 总耗时: 4.00s
2025-04-08 13:43:38,224 - INFO - SL未找到更好的解，pointer增加到5
2025-04-08 13:43:38,224 - INFO - 迭代 9/100 | 阶段: statistical learning | 最佳完工时间: 1903.00 | 迭代耗时: 0.49s | 总耗时: 4.49s
2025-04-08 13:43:38,716 - INFO - SL未找到更好的解，pointer增加到6
2025-04-08 13:43:38,716 - INFO - 迭代 10/100 | 阶段: statistical learning | 最佳完工时间: 1903.00 | 迭代耗时: 0.49s | 总耗时: 4.98s
2025-04-08 13:43:39,209 - INFO - SL未找到更好的解，pointer增加到7
2025-04-08 13:43:39,209 - INFO - 迭代 11/100 | 阶段: statistical learning | 最佳完工时间: 1903.00 | 迭代耗时: 0.49s | 总耗时: 5.47s
2025-04-08 13:43:39,705 - INFO - SL未找到更好的解，pointer增加到8
2025-04-08 13:43:39,705 - INFO - 迭代 12/100 | 阶段: statistical learning | 最佳完工时间: 1903.00 | 迭代耗时: 0.50s | 总耗时: 5.97s
2025-04-08 13:43:40,192 - INFO - SL未找到更好的解，pointer增加到9
2025-04-08 13:43:40,192 - INFO - 迭代 13/100 | 阶段: statistical learning | 最佳完工时间: 1903.00 | 迭代耗时: 0.49s | 总耗时: 6.46s
2025-04-08 13:43:40,686 - INFO - SL未找到更好的解，pointer增加到10
2025-04-08 13:43:40,686 - INFO - 迭代 14/100 | 阶段: statistical learning | 最佳完工时间: 1903.00 | 迭代耗时: 0.49s | 总耗时: 6.95s
2025-04-08 13:43:41,193 - INFO - SL未找到更好的解，pointer增加到11
2025-04-08 13:43:41,193 - INFO - 迭代 15/100 | 阶段: statistical learning | 最佳完工时间: 1903.00 | 迭代耗时: 0.51s | 总耗时: 7.46s
2025-04-08 13:43:41,682 - INFO - SL未找到更好的解，pointer增加到12
2025-04-08 13:43:41,682 - INFO - 迭代 16/100 | 阶段: statistical learning | 最佳完工时间: 1903.00 | 迭代耗时: 0.49s | 总耗时: 7.95s
2025-04-08 13:43:42,170 - INFO - SL找到新的最优解，完工时间: 1883.00，重置pointer=0
2025-04-08 13:43:42,170 - INFO - 迭代 17/100 | 阶段: statistical learning | 最佳完工时间: 1883.00 | 迭代耗时: 0.49s | 总耗时: 8.43s
2025-04-08 13:43:42,664 - INFO - SL未找到更好的解，pointer增加到1
2025-04-08 13:43:42,665 - INFO - 迭代 18/100 | 阶段: statistical learning | 最佳完工时间: 1883.00 | 迭代耗时: 0.50s | 总耗时: 8.93s
2025-04-08 13:43:43,154 - INFO - SL未找到更好的解，pointer增加到2
2025-04-08 13:43:43,155 - INFO - 迭代 19/100 | 阶段: statistical learning | 最佳完工时间: 1883.00 | 迭代耗时: 0.49s | 总耗时: 9.42s
2025-04-08 13:43:43,646 - INFO - SL未找到更好的解，pointer增加到3
2025-04-08 13:43:43,646 - INFO - 迭代 20/100 | 阶段: statistical learning | 最佳完工时间: 1883.00 | 迭代耗时: 0.49s | 总耗时: 9.91s
2025-04-08 13:43:44,133 - INFO - SL未找到更好的解，pointer增加到4
2025-04-08 13:43:44,133 - INFO - 
SL阶段终止条件满足，切换到EL阶段...
2025-04-08 13:43:44,133 - INFO - pointer=4, threshold=0.40
2025-04-08 13:43:44,540 - INFO - 成功切换到EL阶段，使用随机初始化EL种群
2025-04-08 13:43:44,540 - INFO - 迭代 21/100 | 阶段: evolutionary learning | 最佳完工时间: 1883.00 | 迭代耗时: 0.89s | 总耗时: 10.80s
2025-04-08 13:43:45,451 - INFO - 迭代 22/100 | 阶段: evolutionary learning | 最佳完工时间: 1883.00 | 迭代耗时: 0.91s | 总耗时: 11.72s
2025-04-08 13:43:46,354 - INFO - 迭代 23/100 | 阶段: evolutionary learning | 最佳完工时间: 1883.00 | 迭代耗时: 0.90s | 总耗时: 12.62s
2025-04-08 13:43:47,288 - INFO - EL找到新的最优解，完工时间: 1879.00
2025-04-08 13:43:47,288 - INFO - 迭代 24/100 | 阶段: evolutionary learning | 最佳完工时间: 1879.00 | 迭代耗时: 0.93s | 总耗时: 13.55s
2025-04-08 13:43:48,228 - INFO - EL找到新的最优解，完工时间: 1874.00
2025-04-08 13:43:48,228 - INFO - 迭代 25/100 | 阶段: evolutionary learning | 最佳完工时间: 1874.00 | 迭代耗时: 0.94s | 总耗时: 14.49s
2025-04-08 13:43:49,177 - INFO - 迭代 26/100 | 阶段: evolutionary learning | 最佳完工时间: 1874.00 | 迭代耗时: 0.95s | 总耗时: 15.44s
2025-04-08 13:43:50,082 - INFO - EL找到新的最优解，完工时间: 1862.00
2025-04-08 13:43:50,082 - INFO - 迭代 27/100 | 阶段: evolutionary learning | 最佳完工时间: 1862.00 | 迭代耗时: 0.91s | 总耗时: 16.35s
2025-04-08 13:43:51,024 - INFO - EL找到新的最优解，完工时间: 1826.00
2025-04-08 13:43:51,024 - INFO - 迭代 28/100 | 阶段: evolutionary learning | 最佳完工时间: 1826.00 | 迭代耗时: 0.94s | 总耗时: 17.29s
2025-04-08 13:43:51,943 - INFO - 迭代 29/100 | 阶段: evolutionary learning | 最佳完工时间: 1826.00 | 迭代耗时: 0.92s | 总耗时: 18.21s
2025-04-08 13:43:52,879 - INFO - 迭代 30/100 | 阶段: evolutionary learning | 最佳完工时间: 1826.00 | 迭代耗时: 0.93s | 总耗时: 19.14s
2025-04-08 13:43:53,814 - INFO - EL找到新的最优解，完工时间: 1814.00
2025-04-08 13:43:53,814 - INFO - 迭代 31/100 | 阶段: evolutionary learning | 最佳完工时间: 1814.00 | 迭代耗时: 0.93s | 总耗时: 20.08s
2025-04-08 13:43:54,755 - INFO - 迭代 32/100 | 阶段: evolutionary learning | 最佳完工时间: 1814.00 | 迭代耗时: 0.94s | 总耗时: 21.02s
2025-04-08 13:43:55,699 - INFO - EL找到新的最优解，完工时间: 1811.00
2025-04-08 13:43:55,699 - INFO - 迭代 33/100 | 阶段: evolutionary learning | 最佳完工时间: 1811.00 | 迭代耗时: 0.94s | 总耗时: 21.96s
2025-04-08 13:43:56,653 - INFO - 迭代 34/100 | 阶段: evolutionary learning | 最佳完工时间: 1811.00 | 迭代耗时: 0.95s | 总耗时: 22.92s
2025-04-08 13:43:57,573 - INFO - EL找到新的最优解，完工时间: 1800.00
2025-04-08 13:43:57,573 - INFO - 迭代 35/100 | 阶段: evolutionary learning | 最佳完工时间: 1800.00 | 迭代耗时: 0.92s | 总耗时: 23.84s
2025-04-08 13:43:58,520 - INFO - 迭代 36/100 | 阶段: evolutionary learning | 最佳完工时间: 1800.00 | 迭代耗时: 0.95s | 总耗时: 24.78s
2025-04-08 13:43:59,490 - INFO - EL找到新的最优解，完工时间: 1794.00
2025-04-08 13:43:59,490 - INFO - 迭代 37/100 | 阶段: evolutionary learning | 最佳完工时间: 1794.00 | 迭代耗时: 0.97s | 总耗时: 25.75s
2025-04-08 13:44:00,439 - INFO - EL找到新的最优解，完工时间: 1792.00
2025-04-08 13:44:00,439 - INFO - 迭代 38/100 | 阶段: evolutionary learning | 最佳完工时间: 1792.00 | 迭代耗时: 0.95s | 总耗时: 26.70s
2025-04-08 13:44:01,368 - INFO - EL找到新的最优解，完工时间: 1788.00
2025-04-08 13:44:01,368 - INFO - 迭代 39/100 | 阶段: evolutionary learning | 最佳完工时间: 1788.00 | 迭代耗时: 0.93s | 总耗时: 27.63s
2025-04-08 13:44:02,271 - INFO - EL找到新的最优解，完工时间: 1784.00
2025-04-08 13:44:02,271 - INFO - 迭代 40/100 | 阶段: evolutionary learning | 最佳完工时间: 1784.00 | 迭代耗时: 0.90s | 总耗时: 28.54s
2025-04-08 13:44:03,225 - INFO - 迭代 41/100 | 阶段: evolutionary learning | 最佳完工时间: 1784.00 | 迭代耗时: 0.95s | 总耗时: 29.49s
2025-04-08 13:44:04,134 - INFO - EL找到新的最优解，完工时间: 1764.00
2025-04-08 13:44:04,135 - INFO - 迭代 42/100 | 阶段: evolutionary learning | 最佳完工时间: 1764.00 | 迭代耗时: 0.91s | 总耗时: 30.40s
2025-04-08 13:44:05,084 - INFO - 迭代 43/100 | 阶段: evolutionary learning | 最佳完工时间: 1764.00 | 迭代耗时: 0.95s | 总耗时: 31.35s
2025-04-08 13:44:06,034 - INFO - 迭代 44/100 | 阶段: evolutionary learning | 最佳完工时间: 1764.00 | 迭代耗时: 0.95s | 总耗时: 32.30s
2025-04-08 13:44:06,990 - INFO - 迭代 45/100 | 阶段: evolutionary learning | 最佳完工时间: 1764.00 | 迭代耗时: 0.96s | 总耗时: 33.25s
2025-04-08 13:44:07,937 - INFO - EL找到新的最优解，完工时间: 1760.00
2025-04-08 13:44:07,937 - INFO - 迭代 46/100 | 阶段: evolutionary learning | 最佳完工时间: 1760.00 | 迭代耗时: 0.95s | 总耗时: 34.20s
2025-04-08 13:44:08,858 - INFO - 迭代 47/100 | 阶段: evolutionary learning | 最佳完工时间: 1760.00 | 迭代耗时: 0.92s | 总耗时: 35.12s
2025-04-08 13:44:09,788 - INFO - EL找到新的最优解，完工时间: 1756.00
2025-04-08 13:44:09,788 - INFO - 迭代 48/100 | 阶段: evolutionary learning | 最佳完工时间: 1756.00 | 迭代耗时: 0.93s | 总耗时: 36.05s
2025-04-08 13:44:10,744 - INFO - EL找到新的最优解，完工时间: 1754.00
2025-04-08 13:44:10,744 - INFO - 迭代 49/100 | 阶段: evolutionary learning | 最佳完工时间: 1754.00 | 迭代耗时: 0.96s | 总耗时: 37.01s
2025-04-08 13:44:11,692 - INFO - EL找到新的最优解，完工时间: 1747.00
2025-04-08 13:44:11,692 - INFO - 迭代 50/100 | 阶段: evolutionary learning | 最佳完工时间: 1747.00 | 迭代耗时: 0.95s | 总耗时: 37.96s
2025-04-08 13:44:12,633 - INFO - EL找到新的最优解，完工时间: 1746.00
2025-04-08 13:44:12,633 - INFO - 迭代 51/100 | 阶段: evolutionary learning | 最佳完工时间: 1746.00 | 迭代耗时: 0.94s | 总耗时: 38.90s
2025-04-08 13:44:13,547 - INFO - 迭代 52/100 | 阶段: evolutionary learning | 最佳完工时间: 1746.00 | 迭代耗时: 0.91s | 总耗时: 39.81s
2025-04-08 13:44:14,500 - INFO - 迭代 53/100 | 阶段: evolutionary learning | 最佳完工时间: 1746.00 | 迭代耗时: 0.95s | 总耗时: 40.76s
2025-04-08 13:44:15,461 - INFO - EL找到新的最优解，完工时间: 1744.00
2025-04-08 13:44:15,461 - INFO - 迭代 54/100 | 阶段: evolutionary learning | 最佳完工时间: 1744.00 | 迭代耗时: 0.96s | 总耗时: 41.73s
2025-04-08 13:44:16,431 - INFO - EL找到新的最优解，完工时间: 1742.00
2025-04-08 13:44:16,431 - INFO - 迭代 55/100 | 阶段: evolutionary learning | 最佳完工时间: 1742.00 | 迭代耗时: 0.97s | 总耗时: 42.70s
2025-04-08 13:44:17,394 - INFO - EL找到新的最优解，完工时间: 1738.00
2025-04-08 13:44:17,394 - INFO - 迭代 56/100 | 阶段: evolutionary learning | 最佳完工时间: 1738.00 | 迭代耗时: 0.96s | 总耗时: 43.66s
2025-04-08 13:44:18,362 - INFO - EL找到新的最优解，完工时间: 1736.00
2025-04-08 13:44:18,362 - INFO - 迭代 57/100 | 阶段: evolutionary learning | 最佳完工时间: 1736.00 | 迭代耗时: 0.97s | 总耗时: 44.63s
2025-04-08 13:44:19,304 - INFO - 迭代 58/100 | 阶段: evolutionary learning | 最佳完工时间: 1736.00 | 迭代耗时: 0.94s | 总耗时: 45.57s
2025-04-08 13:44:20,226 - INFO - 迭代 59/100 | 阶段: evolutionary learning | 最佳完工时间: 1736.00 | 迭代耗时: 0.92s | 总耗时: 46.49s
2025-04-08 13:44:21,159 - INFO - EL找到新的最优解，完工时间: 1732.00
2025-04-08 13:44:21,159 - INFO - 迭代 60/100 | 阶段: evolutionary learning | 最佳完工时间: 1732.00 | 迭代耗时: 0.93s | 总耗时: 47.42s
2025-04-08 13:44:22,096 - INFO - EL找到新的最优解，完工时间: 1728.00
2025-04-08 13:44:22,096 - INFO - 迭代 61/100 | 阶段: evolutionary learning | 最佳完工时间: 1728.00 | 迭代耗时: 0.94s | 总耗时: 48.36s
2025-04-08 13:44:23,037 - INFO - EL找到新的最优解，完工时间: 1722.00
2025-04-08 13:44:23,037 - INFO - 迭代 62/100 | 阶段: evolutionary learning | 最佳完工时间: 1722.00 | 迭代耗时: 0.94s | 总耗时: 49.30s
2025-04-08 13:44:23,950 - INFO - 迭代 63/100 | 阶段: evolutionary learning | 最佳完工时间: 1722.00 | 迭代耗时: 0.91s | 总耗时: 50.21s
2025-04-08 13:44:24,875 - INFO - EL找到新的最优解，完工时间: 1718.00
2025-04-08 13:44:24,875 - INFO - 迭代 64/100 | 阶段: evolutionary learning | 最佳完工时间: 1718.00 | 迭代耗时: 0.93s | 总耗时: 51.14s
2025-04-08 13:44:25,859 - INFO - 迭代 65/100 | 阶段: evolutionary learning | 最佳完工时间: 1718.00 | 迭代耗时: 0.98s | 总耗时: 52.12s
2025-04-08 13:44:26,839 - INFO - 迭代 66/100 | 阶段: evolutionary learning | 最佳完工时间: 1718.00 | 迭代耗时: 0.98s | 总耗时: 53.10s
2025-04-08 13:44:27,776 - INFO - EL找到新的最优解，完工时间: 1710.00
2025-04-08 13:44:27,776 - INFO - 迭代 67/100 | 阶段: evolutionary learning | 最佳完工时间: 1710.00 | 迭代耗时: 0.94s | 总耗时: 54.04s
2025-04-08 13:44:28,710 - INFO - 迭代 68/100 | 阶段: evolutionary learning | 最佳完工时间: 1710.00 | 迭代耗时: 0.93s | 总耗时: 54.97s
2025-04-08 13:44:29,642 - INFO - EL找到新的最优解，完工时间: 1708.00
2025-04-08 13:44:29,642 - INFO - 迭代 69/100 | 阶段: evolutionary learning | 最佳完工时间: 1708.00 | 迭代耗时: 0.93s | 总耗时: 55.91s
2025-04-08 13:44:30,609 - INFO - 迭代 70/100 | 阶段: evolutionary learning | 最佳完工时间: 1708.00 | 迭代耗时: 0.97s | 总耗时: 56.87s
2025-04-08 13:44:31,572 - INFO - 迭代 71/100 | 阶段: evolutionary learning | 最佳完工时间: 1708.00 | 迭代耗时: 0.96s | 总耗时: 57.84s
2025-04-08 13:44:32,520 - INFO - EL找到新的最优解，完工时间: 1706.00
2025-04-08 13:44:32,520 - INFO - 迭代 72/100 | 阶段: evolutionary learning | 最佳完工时间: 1706.00 | 迭代耗时: 0.95s | 总耗时: 58.78s
2025-04-08 13:44:33,465 - INFO - 迭代 73/100 | 阶段: evolutionary learning | 最佳完工时间: 1706.00 | 迭代耗时: 0.95s | 总耗时: 59.73s
2025-04-08 13:44:34,350 - INFO - EL找到新的最优解，完工时间: 1704.00
2025-04-08 13:44:34,350 - INFO - 迭代 74/100 | 阶段: evolutionary learning | 最佳完工时间: 1704.00 | 迭代耗时: 0.88s | 总耗时: 60.61s
2025-04-08 13:44:35,279 - INFO - EL找到新的最优解，完工时间: 1702.00
2025-04-08 13:44:35,279 - INFO - 迭代 75/100 | 阶段: evolutionary learning | 最佳完工时间: 1702.00 | 迭代耗时: 0.93s | 总耗时: 61.54s
2025-04-08 13:44:36,255 - INFO - 迭代 76/100 | 阶段: evolutionary learning | 最佳完工时间: 1702.00 | 迭代耗时: 0.98s | 总耗时: 62.52s
2025-04-08 13:44:37,185 - INFO - EL找到新的最优解，完工时间: 1700.00
2025-04-08 13:44:37,185 - INFO - 迭代 77/100 | 阶段: evolutionary learning | 最佳完工时间: 1700.00 | 迭代耗时: 0.93s | 总耗时: 63.45s
2025-04-08 13:44:38,123 - INFO - EL找到新的最优解，完工时间: 1698.00
2025-04-08 13:44:38,123 - INFO - 迭代 78/100 | 阶段: evolutionary learning | 最佳完工时间: 1698.00 | 迭代耗时: 0.94s | 总耗时: 64.39s
2025-04-08 13:44:39,059 - INFO - 迭代 79/100 | 阶段: evolutionary learning | 最佳完工时间: 1698.00 | 迭代耗时: 0.94s | 总耗时: 65.32s
2025-04-08 13:44:40,010 - INFO - EL找到新的最优解，完工时间: 1696.00
2025-04-08 13:44:40,010 - INFO - 迭代 80/100 | 阶段: evolutionary learning | 最佳完工时间: 1696.00 | 迭代耗时: 0.95s | 总耗时: 66.27s
2025-04-08 13:44:40,958 - INFO - EL找到新的最优解，完工时间: 1694.00
2025-04-08 13:44:40,958 - INFO - 迭代 81/100 | 阶段: evolutionary learning | 最佳完工时间: 1694.00 | 迭代耗时: 0.95s | 总耗时: 67.22s
2025-04-08 13:44:41,924 - INFO - 迭代 82/100 | 阶段: evolutionary learning | 最佳完工时间: 1694.00 | 迭代耗时: 0.97s | 总耗时: 68.19s
2025-04-08 13:44:42,869 - INFO - 迭代 83/100 | 阶段: evolutionary learning | 最佳完工时间: 1694.00 | 迭代耗时: 0.94s | 总耗时: 69.13s
2025-04-08 13:44:43,844 - INFO - 迭代 84/100 | 阶段: evolutionary learning | 最佳完工时间: 1694.00 | 迭代耗时: 0.97s | 总耗时: 70.11s
2025-04-08 13:44:44,814 - INFO - EL找到新的最优解，完工时间: 1690.00
2025-04-08 13:44:44,814 - INFO - 迭代 85/100 | 阶段: evolutionary learning | 最佳完工时间: 1690.00 | 迭代耗时: 0.97s | 总耗时: 71.08s
2025-04-08 13:44:45,750 - INFO - 迭代 86/100 | 阶段: evolutionary learning | 最佳完工时间: 1690.00 | 迭代耗时: 0.94s | 总耗时: 72.01s
2025-04-08 13:44:46,697 - INFO - 迭代 87/100 | 阶段: evolutionary learning | 最佳完工时间: 1690.00 | 迭代耗时: 0.95s | 总耗时: 72.96s
2025-04-08 13:44:47,635 - INFO - 迭代 88/100 | 阶段: evolutionary learning | 最佳完工时间: 1690.00 | 迭代耗时: 0.94s | 总耗时: 73.90s
2025-04-08 13:44:48,527 - INFO - 迭代 89/100 | 阶段: evolutionary learning | 最佳完工时间: 1690.00 | 迭代耗时: 0.89s | 总耗时: 74.79s
2025-04-08 13:44:49,492 - INFO - EL找到新的最优解，完工时间: 1688.00
2025-04-08 13:44:49,492 - INFO - 迭代 90/100 | 阶段: evolutionary learning | 最佳完工时间: 1688.00 | 迭代耗时: 0.97s | 总耗时: 75.76s
2025-04-08 13:44:50,453 - INFO - 迭代 91/100 | 阶段: evolutionary learning | 最佳完工时间: 1688.00 | 迭代耗时: 0.96s | 总耗时: 76.72s
2025-04-08 13:44:51,419 - INFO - EL找到新的最优解，完工时间: 1684.00
2025-04-08 13:44:51,419 - INFO - 迭代 92/100 | 阶段: evolutionary learning | 最佳完工时间: 1684.00 | 迭代耗时: 0.97s | 总耗时: 77.68s
2025-04-08 13:44:52,359 - INFO - 迭代 93/100 | 阶段: evolutionary learning | 最佳完工时间: 1684.00 | 迭代耗时: 0.94s | 总耗时: 78.62s
2025-04-08 13:44:53,314 - INFO - 迭代 94/100 | 阶段: evolutionary learning | 最佳完工时间: 1684.00 | 迭代耗时: 0.95s | 总耗时: 79.58s
2025-04-08 13:44:54,270 - INFO - 迭代 95/100 | 阶段: evolutionary learning | 最佳完工时间: 1684.00 | 迭代耗时: 0.96s | 总耗时: 80.53s
2025-04-08 13:44:55,222 - INFO - EL找到新的最优解，完工时间: 1680.00
2025-04-08 13:44:55,222 - INFO - 迭代 96/100 | 阶段: evolutionary learning | 最佳完工时间: 1680.00 | 迭代耗时: 0.95s | 总耗时: 81.49s
2025-04-08 13:44:56,167 - INFO - 迭代 97/100 | 阶段: evolutionary learning | 最佳完工时间: 1680.00 | 迭代耗时: 0.94s | 总耗时: 82.43s
2025-04-08 13:44:57,131 - INFO - 迭代 98/100 | 阶段: evolutionary learning | 最佳完工时间: 1680.00 | 迭代耗时: 0.96s | 总耗时: 83.40s
2025-04-08 13:44:58,085 - INFO - EL找到新的最优解，完工时间: 1678.00
2025-04-08 13:44:58,085 - INFO - 迭代 99/100 | 阶段: evolutionary learning | 最佳完工时间: 1678.00 | 迭代耗时: 0.95s | 总耗时: 84.35s
2025-04-08 13:44:59,020 - INFO - EL找到新的最优解，完工时间: 1672.00
2025-04-08 13:44:59,020 - INFO - 迭代 100/100 | 阶段: evolutionary learning | 最佳完工时间: 1672.00 | 迭代耗时: 0.94s | 总耗时: 85.28s
2025-04-08 13:44:59,020 - INFO - 两阶段混合学习算法完成，总耗时: 85.28s, 最终最佳完工时间: 1672.00
