2025-04-08 16:03:13,539 - DEBUG - 开始两阶段混合学习算法，最大迭代次数: 100
2025-04-08 16:03:13,542 - DEBUG - 迭代 1：SL初始化种群，大小: 100
2025-04-08 16:03:14,000 - INFO - 迭代 1：SL初始化概率模型完成
2025-04-08 16:03:14,000 - INFO - 迭代 1：SL找到新的最优解，完工时间: 1925.00，pointer=0
2025-04-08 16:03:14,000 - DEBUG - 迭代 1/100 | 阶段: statistical learning | 最佳完工时间: 1925.00 | 迭代耗时: 0.46s | 
2025-04-08 16:03:14,009 - DEBUG - 迭代 2：SL生成新种群，大小: 100
2025-04-08 16:03:14,477 - DEBUG - 迭代 2：SL更新概率模型完成
2025-04-08 16:03:14,477 - DEBUG - 迭代 2：SL未找到更好的解，pointer增加到1
2025-04-08 16:03:14,480 - DEBUG - 迭代 2/100 | 阶段: statistical learning | 最佳完工时间: 1925.00 | 迭代耗时: 0.48s | 
2025-04-08 16:03:14,488 - DEBUG - 迭代 3：SL生成新种群，大小: 100
2025-04-08 16:03:14,947 - DEBUG - 迭代 3：SL更新概率模型完成
2025-04-08 16:03:14,947 - DEBUG - 迭代 3：SL未找到更好的解，pointer增加到2
2025-04-08 16:03:14,947 - DEBUG - 迭代 3/100 | 阶段: statistical learning | 最佳完工时间: 1925.00 | 迭代耗时: 0.47s | 
2025-04-08 16:03:14,955 - DEBUG - 迭代 4：SL生成新种群，大小: 100
2025-04-08 16:03:15,414 - DEBUG - 迭代 4：SL更新概率模型完成
2025-04-08 16:03:15,414 - DEBUG - 迭代 4：SL未找到更好的解，pointer增加到3
2025-04-08 16:03:15,414 - DEBUG - 迭代 4/100 | 阶段: statistical learning | 最佳完工时间: 1925.00 | 迭代耗时: 0.47s | 
2025-04-08 16:03:15,422 - DEBUG - 迭代 5：SL生成新种群，大小: 100
2025-04-08 16:03:15,881 - DEBUG - 迭代 5：SL更新概率模型完成
2025-04-08 16:03:15,881 - DEBUG - 迭代 5：SL未找到更好的解，pointer增加到4
2025-04-08 16:03:15,881 - DEBUG - 迭代 5/100 | 阶段: statistical learning | 最佳完工时间: 1925.00 | 迭代耗时: 0.47s | 
2025-04-08 16:03:15,890 - DEBUG - 迭代 6：SL生成新种群，大小: 100
2025-04-08 16:03:16,347 - DEBUG - 迭代 6：SL更新概率模型完成
2025-04-08 16:03:16,348 - DEBUG - 迭代 6：SL未找到更好的解，pointer增加到5
2025-04-08 16:03:16,348 - INFO - 迭代 6：SL阶段终止条件满足，切换到EL阶段
2025-04-08 16:03:16,348 - INFO - 迭代 6：pointer=5, threshold=4.75
