2025-04-08 13:39:55,849 - INFO - 开始两阶段混合学习算法，最大迭代次数: 100
2025-04-08 13:39:56,346 - INFO - SL找到新的最优解，完工时间: 1932.00，重置pointer=0
2025-04-08 13:39:56,346 - INFO - 迭代 1/100 | 阶段: statistical learning | 最佳完工时间: 1932.00 | 迭代耗时: 0.50s | 总耗时: 0.50s
2025-04-08 13:39:56,866 - INFO - SL找到新的最优解，完工时间: 1930.00，重置pointer=0
2025-04-08 13:39:56,866 - INFO - 迭代 2/100 | 阶段: statistical learning | 最佳完工时间: 1930.00 | 迭代耗时: 0.52s | 总耗时: 1.02s
2025-04-08 13:39:57,377 - INFO - SL未找到更好的解，pointer增加到1
2025-04-08 13:39:57,377 - INFO - 迭代 3/100 | 阶段: statistical learning | 最佳完工时间: 1930.00 | 迭代耗时: 0.51s | 总耗时: 1.53s
2025-04-08 13:39:57,870 - INFO - SL找到新的最优解，完工时间: 1918.00，重置pointer=0
2025-04-08 13:39:57,870 - INFO - 迭代 4/100 | 阶段: statistical learning | 最佳完工时间: 1918.00 | 迭代耗时: 0.49s | 总耗时: 2.02s
2025-04-08 13:39:58,359 - INFO - SL未找到更好的解，pointer增加到1
2025-04-08 13:39:58,359 - INFO - 迭代 5/100 | 阶段: statistical learning | 最佳完工时间: 1918.00 | 迭代耗时: 0.49s | 总耗时: 2.51s
2025-04-08 13:39:58,868 - INFO - SL未找到更好的解，pointer增加到2
2025-04-08 13:39:58,869 - INFO - 迭代 6/100 | 阶段: statistical learning | 最佳完工时间: 1918.00 | 迭代耗时: 0.51s | 总耗时: 3.02s
2025-04-08 13:39:59,359 - INFO - SL未找到更好的解，pointer增加到3
2025-04-08 13:39:59,359 - INFO - 迭代 7/100 | 阶段: statistical learning | 最佳完工时间: 1918.00 | 迭代耗时: 0.49s | 总耗时: 3.51s
2025-04-08 13:39:59,860 - INFO - SL找到新的最优解，完工时间: 1910.00，重置pointer=0
2025-04-08 13:39:59,860 - INFO - 迭代 8/100 | 阶段: statistical learning | 最佳完工时间: 1910.00 | 迭代耗时: 0.50s | 总耗时: 4.01s
2025-04-08 13:40:00,360 - INFO - SL找到新的最优解，完工时间: 1896.00，重置pointer=0
2025-04-08 13:40:00,360 - INFO - 迭代 9/100 | 阶段: statistical learning | 最佳完工时间: 1896.00 | 迭代耗时: 0.50s | 总耗时: 4.51s
2025-04-08 13:40:00,853 - INFO - SL未找到更好的解，pointer增加到1
2025-04-08 13:40:00,853 - INFO - 迭代 10/100 | 阶段: statistical learning | 最佳完工时间: 1896.00 | 迭代耗时: 0.49s | 总耗时: 5.00s
2025-04-08 13:40:01,344 - INFO - SL未找到更好的解，pointer增加到2
2025-04-08 13:40:01,344 - INFO - 迭代 11/100 | 阶段: statistical learning | 最佳完工时间: 1896.00 | 迭代耗时: 0.49s | 总耗时: 5.50s
2025-04-08 13:40:01,837 - INFO - SL未找到更好的解，pointer增加到3
2025-04-08 13:40:01,837 - INFO - 迭代 12/100 | 阶段: statistical learning | 最佳完工时间: 1896.00 | 迭代耗时: 0.49s | 总耗时: 5.99s
2025-04-08 13:40:02,358 - INFO - SL未找到更好的解，pointer增加到4
2025-04-08 13:40:02,358 - INFO - 迭代 13/100 | 阶段: statistical learning | 最佳完工时间: 1896.00 | 迭代耗时: 0.52s | 总耗时: 6.51s
2025-04-08 13:40:02,879 - INFO - SL未找到更好的解，pointer增加到5
2025-04-08 13:40:02,879 - INFO - 迭代 14/100 | 阶段: statistical learning | 最佳完工时间: 1896.00 | 迭代耗时: 0.52s | 总耗时: 7.03s
2025-04-08 13:40:03,387 - INFO - SL未找到更好的解，pointer增加到6
2025-04-08 13:40:03,387 - INFO - 迭代 15/100 | 阶段: statistical learning | 最佳完工时间: 1896.00 | 迭代耗时: 0.51s | 总耗时: 7.54s
2025-04-08 13:40:03,892 - INFO - SL未找到更好的解，pointer增加到7
2025-04-08 13:40:03,892 - INFO - 迭代 16/100 | 阶段: statistical learning | 最佳完工时间: 1896.00 | 迭代耗时: 0.51s | 总耗时: 8.04s
2025-04-08 13:40:04,381 - INFO - SL未找到更好的解，pointer增加到8
2025-04-08 13:40:04,381 - INFO - 迭代 17/100 | 阶段: statistical learning | 最佳完工时间: 1896.00 | 迭代耗时: 0.49s | 总耗时: 8.53s
2025-04-08 13:40:04,873 - INFO - SL未找到更好的解，pointer增加到9
2025-04-08 13:40:04,873 - INFO - 迭代 18/100 | 阶段: statistical learning | 最佳完工时间: 1896.00 | 迭代耗时: 0.49s | 总耗时: 9.02s
2025-04-08 13:40:05,386 - INFO - SL未找到更好的解，pointer增加到10
2025-04-08 13:40:05,386 - INFO - 迭代 19/100 | 阶段: statistical learning | 最佳完工时间: 1896.00 | 迭代耗时: 0.51s | 总耗时: 9.54s
2025-04-08 13:40:05,886 - INFO - SL未找到更好的解，pointer增加到11
2025-04-08 13:40:05,886 - INFO - 迭代 20/100 | 阶段: statistical learning | 最佳完工时间: 1896.00 | 迭代耗时: 0.50s | 总耗时: 10.04s
2025-04-08 13:40:06,384 - INFO - SL未找到更好的解，pointer增加到12
2025-04-08 13:40:06,384 - INFO - 
SL阶段终止条件满足，切换到EL阶段...
2025-04-08 13:40:06,384 - INFO - pointer=12, threshold=0.40
