2025-04-30 01:20:48,205 - DEBUG - 开始两阶段混合学习算法，最大迭代次数: 100
2025-04-30 01:20:48,882 - DEBUG - 迭代 1：SL初始化种群，大小: 100
2025-04-30 01:20:49,407 - INFO - Initialization probability model completed.
2025-04-30 01:20:49,408 - INFO - In generation 1：SL found new best solution with makespan: 1981.00，pointer=0
2025-04-30 01:20:49,408 - DEBUG - 迭代 1/100 | 阶段: statistical learning | 最佳完工时间: 1981.00 | 迭代耗时: 1.20s | 
2025-04-30 01:20:51,178 - DEBUG - 迭代 2：SL生成新种群，大小: 100
2025-04-30 01:20:51,676 - DEBUG - 第2代概率模型更新完成
2025-04-30 01:20:51,676 - INFO - In generation 2：SL found new best solution with makespan: 1949.00，pointer=0
2025-04-30 01:20:51,678 - DEBUG - 迭代 2/100 | 阶段: statistical learning | 最佳完工时间: 1949.00 | 迭代耗时: 2.27s | 
2025-04-30 01:20:53,475 - DEBUG - 迭代 3：SL生成新种群，大小: 100
2025-04-30 01:20:53,957 - DEBUG - 第3代概率模型更新完成
2025-04-30 01:20:53,957 - INFO - In generation 3：SL found new best solution with makespan: 1919.00，pointer=0
2025-04-30 01:20:53,957 - DEBUG - 迭代 3/100 | 阶段: statistical learning | 最佳完工时间: 1919.00 | 迭代耗时: 2.28s | 
2025-04-30 01:20:55,618 - DEBUG - 迭代 4：SL生成新种群，大小: 100
2025-04-30 01:20:56,139 - DEBUG - 第4代概率模型更新完成
2025-04-30 01:20:56,139 - INFO - In generation 4：SL not found better solution，pointer=1
2025-04-30 01:20:56,140 - DEBUG - 迭代 4/100 | 阶段: statistical learning | 最佳完工时间: 1919.00 | 迭代耗时: 2.18s | 
2025-04-30 01:20:57,921 - DEBUG - 迭代 5：SL生成新种群，大小: 100
2025-04-30 01:20:58,405 - DEBUG - 第5代概率模型更新完成
2025-04-30 01:20:58,405 - INFO - In generation 5：SL not found better solution，pointer=2
2025-04-30 01:20:58,405 - DEBUG - 迭代 5/100 | 阶段: statistical learning | 最佳完工时间: 1919.00 | 迭代耗时: 2.26s | 
2025-04-30 01:21:00,070 - DEBUG - 迭代 6：SL生成新种群，大小: 100
2025-04-30 01:21:00,547 - DEBUG - 第6代概率模型更新完成
2025-04-30 01:21:00,547 - INFO - In generation 6：SL not found better solution，pointer=3
2025-04-30 01:21:00,548 - DEBUG - 迭代 6/100 | 阶段: statistical learning | 最佳完工时间: 1919.00 | 迭代耗时: 2.14s | 
2025-04-30 01:21:02,219 - DEBUG - 迭代 7：SL生成新种群，大小: 100
2025-04-30 01:21:02,699 - DEBUG - 第7代概率模型更新完成
2025-04-30 01:21:02,699 - INFO - In generation 7：SL found new best solution with makespan: 1914.00，pointer=0
2025-04-30 01:21:02,699 - DEBUG - 迭代 7/100 | 阶段: statistical learning | 最佳完工时间: 1914.00 | 迭代耗时: 2.15s | 
2025-04-30 01:21:04,436 - DEBUG - 迭代 8：SL生成新种群，大小: 100
2025-04-30 01:21:04,926 - DEBUG - 第8代概率模型更新完成
2025-04-30 01:21:04,926 - INFO - In generation 8：SL found new best solution with makespan: 1902.00，pointer=0
2025-04-30 01:21:04,926 - DEBUG - 迭代 8/100 | 阶段: statistical learning | 最佳完工时间: 1902.00 | 迭代耗时: 2.23s | 
2025-04-30 01:21:06,590 - DEBUG - 迭代 9：SL生成新种群，大小: 100
2025-04-30 01:21:07,068 - DEBUG - 第9代概率模型更新完成
2025-04-30 01:21:07,068 - INFO - In generation 9：SL not found better solution，pointer=1
2025-04-30 01:21:07,068 - DEBUG - 迭代 9/100 | 阶段: statistical learning | 最佳完工时间: 1902.00 | 迭代耗时: 2.14s | 
2025-04-30 01:21:08,854 - DEBUG - 迭代 10：SL生成新种群，大小: 100
2025-04-30 01:21:09,336 - DEBUG - 第10代概率模型更新完成
2025-04-30 01:21:09,336 - INFO - In generation 10：SL not found better solution，pointer=2
2025-04-30 01:21:09,336 - DEBUG - 迭代 10/100 | 阶段: statistical learning | 最佳完工时间: 1902.00 | 迭代耗时: 2.27s | 
2025-04-30 01:21:10,960 - DEBUG - 迭代 11：SL生成新种群，大小: 100
2025-04-30 01:21:11,436 - DEBUG - 第11代概率模型更新完成
2025-04-30 01:21:11,436 - INFO - In generation 11：SL not found better solution，pointer=3
2025-04-30 01:21:11,436 - DEBUG - 迭代 11/100 | 阶段: statistical learning | 最佳完工时间: 1902.00 | 迭代耗时: 2.10s | 
2025-04-30 01:21:13,129 - DEBUG - 迭代 12：SL生成新种群，大小: 100
2025-04-30 01:21:13,600 - DEBUG - 第12代概率模型更新完成
2025-04-30 01:21:13,601 - INFO - In generation 12：SL not found better solution，pointer=4
2025-04-30 01:21:13,601 - DEBUG - 迭代 12/100 | 阶段: statistical learning | 最佳完工时间: 1902.00 | 迭代耗时: 2.16s | 
2025-04-30 01:21:15,276 - DEBUG - 迭代 13：SL生成新种群，大小: 100
2025-04-30 01:21:15,751 - DEBUG - 第13代概率模型更新完成
2025-04-30 01:21:15,751 - INFO - In generation 13：SL not found better solution，pointer=5
2025-04-30 01:21:15,752 - INFO - SL is stagnating at generation 13, switching to EL phase...
2025-04-30 01:21:15,752 - INFO - pointer=5, threshold=4.40
2025-04-30 01:21:15,753 - DEBUG - 切换到EL阶段，使用SL种群初始化EL种群，种群大小: 100
2025-04-30 01:21:15,753 - DEBUG - 迭代 13/100 | 阶段: evolutionary learning | 最佳完工时间: 1902.00 | 迭代耗时: 2.15s | 
2025-04-30 01:21:16,471 - DEBUG - 迭代 14/100 | 阶段: evolutionary learning | 最佳完工时间: 1902.00 | 迭代耗时: 0.72s | 
2025-04-30 01:21:17,210 - INFO - In generation 15, EL found new best solution with makespan: 1880.00
2025-04-30 01:21:17,210 - DEBUG - 迭代 15/100 | 阶段: evolutionary learning | 最佳完工时间: 1880.00 | 迭代耗时: 0.74s | 
2025-04-30 01:21:17,963 - DEBUG - 迭代 16/100 | 阶段: evolutionary learning | 最佳完工时间: 1880.00 | 迭代耗时: 0.75s | 
2025-04-30 01:21:18,691 - DEBUG - 迭代 17/100 | 阶段: evolutionary learning | 最佳完工时间: 1880.00 | 迭代耗时: 0.73s | 
2025-04-30 01:21:19,412 - INFO - In generation 18, EL found new best solution with makespan: 1870.00
2025-04-30 01:21:19,412 - DEBUG - 迭代 18/100 | 阶段: evolutionary learning | 最佳完工时间: 1870.00 | 迭代耗时: 0.72s | 
2025-04-30 01:21:20,136 - INFO - In generation 19, EL found new best solution with makespan: 1867.00
2025-04-30 01:21:20,136 - DEBUG - 迭代 19/100 | 阶段: evolutionary learning | 最佳完工时间: 1867.00 | 迭代耗时: 0.72s | 
2025-04-30 01:21:20,872 - INFO - In generation 20, EL found new best solution with makespan: 1846.00
2025-04-30 01:21:20,872 - DEBUG - 迭代 20/100 | 阶段: evolutionary learning | 最佳完工时间: 1846.00 | 迭代耗时: 0.74s | 
2025-04-30 01:21:21,604 - DEBUG - 迭代 21/100 | 阶段: evolutionary learning | 最佳完工时间: 1846.00 | 迭代耗时: 0.73s | 
2025-04-30 01:21:22,330 - DEBUG - 迭代 22/100 | 阶段: evolutionary learning | 最佳完工时间: 1846.00 | 迭代耗时: 0.73s | 
2025-04-30 01:21:23,042 - DEBUG - 迭代 23/100 | 阶段: evolutionary learning | 最佳完工时间: 1846.00 | 迭代耗时: 0.71s | 
2025-04-30 01:21:23,768 - INFO - In generation 24, EL found new best solution with makespan: 1822.00
2025-04-30 01:21:23,768 - DEBUG - 迭代 24/100 | 阶段: evolutionary learning | 最佳完工时间: 1822.00 | 迭代耗时: 0.73s | 
2025-04-30 01:21:24,515 - DEBUG - 迭代 25/100 | 阶段: evolutionary learning | 最佳完工时间: 1822.00 | 迭代耗时: 0.75s | 
2025-04-30 01:21:25,245 - INFO - In generation 26, EL found new best solution with makespan: 1804.00
2025-04-30 01:21:25,245 - DEBUG - 迭代 26/100 | 阶段: evolutionary learning | 最佳完工时间: 1804.00 | 迭代耗时: 0.73s | 
2025-04-30 01:21:25,962 - DEBUG - 迭代 27/100 | 阶段: evolutionary learning | 最佳完工时间: 1804.00 | 迭代耗时: 0.72s | 
2025-04-30 01:21:26,687 - INFO - In generation 28, EL found new best solution with makespan: 1791.00
2025-04-30 01:21:26,688 - DEBUG - 迭代 28/100 | 阶段: evolutionary learning | 最佳完工时间: 1791.00 | 迭代耗时: 0.73s | 
2025-04-30 01:21:27,428 - DEBUG - 迭代 29/100 | 阶段: evolutionary learning | 最佳完工时间: 1791.00 | 迭代耗时: 0.74s | 
2025-04-30 01:21:28,165 - INFO - In generation 30, EL found new best solution with makespan: 1784.00
2025-04-30 01:21:28,165 - DEBUG - 迭代 30/100 | 阶段: evolutionary learning | 最佳完工时间: 1784.00 | 迭代耗时: 0.74s | 
2025-04-30 01:21:28,911 - INFO - In generation 31, EL found new best solution with makespan: 1780.00
2025-04-30 01:21:28,911 - DEBUG - 迭代 31/100 | 阶段: evolutionary learning | 最佳完工时间: 1780.00 | 迭代耗时: 0.75s | 
2025-04-30 01:21:29,645 - DEBUG - 迭代 32/100 | 阶段: evolutionary learning | 最佳完工时间: 1780.00 | 迭代耗时: 0.73s | 
2025-04-30 01:21:30,403 - INFO - In generation 33, EL found new best solution with makespan: 1779.00
2025-04-30 01:21:30,403 - DEBUG - 迭代 33/100 | 阶段: evolutionary learning | 最佳完工时间: 1779.00 | 迭代耗时: 0.76s | 
2025-04-30 01:21:31,128 - DEBUG - 迭代 34/100 | 阶段: evolutionary learning | 最佳完工时间: 1779.00 | 迭代耗时: 0.73s | 
2025-04-30 01:21:31,891 - DEBUG - 迭代 35/100 | 阶段: evolutionary learning | 最佳完工时间: 1779.00 | 迭代耗时: 0.76s | 
2025-04-30 01:21:32,607 - DEBUG - 迭代 36/100 | 阶段: evolutionary learning | 最佳完工时间: 1779.00 | 迭代耗时: 0.72s | 
2025-04-30 01:21:33,327 - DEBUG - 迭代 37/100 | 阶段: evolutionary learning | 最佳完工时间: 1779.00 | 迭代耗时: 0.72s | 
2025-04-30 01:21:34,049 - INFO - In generation 38, EL found new best solution with makespan: 1772.00
2025-04-30 01:21:34,049 - DEBUG - 迭代 38/100 | 阶段: evolutionary learning | 最佳完工时间: 1772.00 | 迭代耗时: 0.72s | 
2025-04-30 01:21:34,763 - DEBUG - 迭代 39/100 | 阶段: evolutionary learning | 最佳完工时间: 1772.00 | 迭代耗时: 0.71s | 
2025-04-30 01:21:35,496 - INFO - In generation 40, EL found new best solution with makespan: 1763.00
2025-04-30 01:21:35,496 - DEBUG - 迭代 40/100 | 阶段: evolutionary learning | 最佳完工时间: 1763.00 | 迭代耗时: 0.73s | 
2025-04-30 01:21:36,228 - INFO - In generation 41, EL found new best solution with makespan: 1737.00
2025-04-30 01:21:36,228 - DEBUG - 迭代 41/100 | 阶段: evolutionary learning | 最佳完工时间: 1737.00 | 迭代耗时: 0.73s | 
2025-04-30 01:21:37,016 - DEBUG - 迭代 42/100 | 阶段: evolutionary learning | 最佳完工时间: 1737.00 | 迭代耗时: 0.79s | 
2025-04-30 01:21:37,762 - DEBUG - 迭代 43/100 | 阶段: evolutionary learning | 最佳完工时间: 1737.00 | 迭代耗时: 0.75s | 
2025-04-30 01:21:38,486 - DEBUG - 迭代 44/100 | 阶段: evolutionary learning | 最佳完工时间: 1737.00 | 迭代耗时: 0.72s | 
2025-04-30 01:21:39,323 - DEBUG - 迭代 45/100 | 阶段: evolutionary learning | 最佳完工时间: 1737.00 | 迭代耗时: 0.84s | 
2025-04-30 01:21:40,131 - INFO - In generation 46, EL found new best solution with makespan: 1727.00
2025-04-30 01:21:40,131 - DEBUG - 迭代 46/100 | 阶段: evolutionary learning | 最佳完工时间: 1727.00 | 迭代耗时: 0.81s | 
2025-04-30 01:21:40,902 - DEBUG - 迭代 47/100 | 阶段: evolutionary learning | 最佳完工时间: 1727.00 | 迭代耗时: 0.77s | 
2025-04-30 01:21:41,699 - DEBUG - 迭代 48/100 | 阶段: evolutionary learning | 最佳完工时间: 1727.00 | 迭代耗时: 0.80s | 
2025-04-30 01:21:42,453 - DEBUG - 迭代 49/100 | 阶段: evolutionary learning | 最佳完工时间: 1727.00 | 迭代耗时: 0.75s | 
2025-04-30 01:21:43,225 - INFO - In generation 50, EL found new best solution with makespan: 1724.00
2025-04-30 01:21:43,225 - DEBUG - 迭代 50/100 | 阶段: evolutionary learning | 最佳完工时间: 1724.00 | 迭代耗时: 0.77s | 
2025-04-30 01:21:44,076 - INFO - In generation 51, EL found new best solution with makespan: 1720.00
2025-04-30 01:21:44,076 - DEBUG - 迭代 51/100 | 阶段: evolutionary learning | 最佳完工时间: 1720.00 | 迭代耗时: 0.85s | 
2025-04-30 01:21:44,828 - DEBUG - 迭代 52/100 | 阶段: evolutionary learning | 最佳完工时间: 1720.00 | 迭代耗时: 0.75s | 
2025-04-30 01:21:45,611 - INFO - In generation 53, EL found new best solution with makespan: 1719.00
2025-04-30 01:21:45,611 - DEBUG - 迭代 53/100 | 阶段: evolutionary learning | 最佳完工时间: 1719.00 | 迭代耗时: 0.78s | 
2025-04-30 01:21:46,395 - DEBUG - 迭代 54/100 | 阶段: evolutionary learning | 最佳完工时间: 1719.00 | 迭代耗时: 0.78s | 
2025-04-30 01:21:47,155 - INFO - In generation 55, EL found new best solution with makespan: 1715.00
2025-04-30 01:21:47,155 - DEBUG - 迭代 55/100 | 阶段: evolutionary learning | 最佳完工时间: 1715.00 | 迭代耗时: 0.76s | 
2025-04-30 01:21:47,945 - INFO - In generation 56, EL found new best solution with makespan: 1702.00
2025-04-30 01:21:47,945 - DEBUG - 迭代 56/100 | 阶段: evolutionary learning | 最佳完工时间: 1702.00 | 迭代耗时: 0.79s | 
2025-04-30 01:21:48,767 - INFO - In generation 57, EL found new best solution with makespan: 1700.00
2025-04-30 01:21:48,767 - DEBUG - 迭代 57/100 | 阶段: evolutionary learning | 最佳完工时间: 1700.00 | 迭代耗时: 0.82s | 
2025-04-30 01:21:49,514 - DEBUG - 迭代 58/100 | 阶段: evolutionary learning | 最佳完工时间: 1700.00 | 迭代耗时: 0.75s | 
2025-04-30 01:21:50,280 - INFO - In generation 59, EL found new best solution with makespan: 1677.00
2025-04-30 01:21:50,280 - DEBUG - 迭代 59/100 | 阶段: evolutionary learning | 最佳完工时间: 1677.00 | 迭代耗时: 0.77s | 
2025-04-30 01:21:51,008 - DEBUG - 迭代 60/100 | 阶段: evolutionary learning | 最佳完工时间: 1677.00 | 迭代耗时: 0.73s | 
2025-04-30 01:21:51,766 - DEBUG - 迭代 61/100 | 阶段: evolutionary learning | 最佳完工时间: 1677.00 | 迭代耗时: 0.76s | 
2025-04-30 01:21:52,500 - DEBUG - 迭代 62/100 | 阶段: evolutionary learning | 最佳完工时间: 1677.00 | 迭代耗时: 0.73s | 
2025-04-30 01:21:53,268 - DEBUG - 迭代 63/100 | 阶段: evolutionary learning | 最佳完工时间: 1677.00 | 迭代耗时: 0.77s | 
2025-04-30 01:21:54,016 - INFO - In generation 64, EL found new best solution with makespan: 1674.00
2025-04-30 01:21:54,016 - DEBUG - 迭代 64/100 | 阶段: evolutionary learning | 最佳完工时间: 1674.00 | 迭代耗时: 0.75s | 
2025-04-30 01:21:54,772 - DEBUG - 迭代 65/100 | 阶段: evolutionary learning | 最佳完工时间: 1674.00 | 迭代耗时: 0.76s | 
2025-04-30 01:21:55,500 - DEBUG - 迭代 66/100 | 阶段: evolutionary learning | 最佳完工时间: 1674.00 | 迭代耗时: 0.73s | 
2025-04-30 01:21:56,248 - INFO - In generation 67, EL found new best solution with makespan: 1644.00
2025-04-30 01:21:56,249 - DEBUG - 迭代 67/100 | 阶段: evolutionary learning | 最佳完工时间: 1644.00 | 迭代耗时: 0.75s | 
2025-04-30 01:21:57,015 - DEBUG - 迭代 68/100 | 阶段: evolutionary learning | 最佳完工时间: 1644.00 | 迭代耗时: 0.77s | 
2025-04-30 01:21:57,816 - DEBUG - 迭代 69/100 | 阶段: evolutionary learning | 最佳完工时间: 1644.00 | 迭代耗时: 0.80s | 
2025-04-30 01:21:58,552 - DEBUG - 迭代 70/100 | 阶段: evolutionary learning | 最佳完工时间: 1644.00 | 迭代耗时: 0.74s | 
2025-04-30 01:21:59,280 - DEBUG - 迭代 71/100 | 阶段: evolutionary learning | 最佳完工时间: 1644.00 | 迭代耗时: 0.73s | 
2025-04-30 01:22:00,001 - DEBUG - 迭代 72/100 | 阶段: evolutionary learning | 最佳完工时间: 1644.00 | 迭代耗时: 0.72s | 
2025-04-30 01:22:00,726 - DEBUG - 迭代 73/100 | 阶段: evolutionary learning | 最佳完工时间: 1644.00 | 迭代耗时: 0.73s | 
2025-04-30 01:22:01,450 - DEBUG - 迭代 74/100 | 阶段: evolutionary learning | 最佳完工时间: 1644.00 | 迭代耗时: 0.72s | 
2025-04-30 01:22:02,168 - DEBUG - 迭代 75/100 | 阶段: evolutionary learning | 最佳完工时间: 1644.00 | 迭代耗时: 0.72s | 
2025-04-30 01:22:02,901 - DEBUG - 迭代 76/100 | 阶段: evolutionary learning | 最佳完工时间: 1644.00 | 迭代耗时: 0.73s | 
2025-04-30 01:22:03,637 - INFO - In generation 77, EL found new best solution with makespan: 1639.00
2025-04-30 01:22:03,637 - DEBUG - 迭代 77/100 | 阶段: evolutionary learning | 最佳完工时间: 1639.00 | 迭代耗时: 0.74s | 
2025-04-30 01:22:04,400 - DEBUG - 迭代 78/100 | 阶段: evolutionary learning | 最佳完工时间: 1639.00 | 迭代耗时: 0.76s | 
2025-04-30 01:22:05,153 - DEBUG - 迭代 79/100 | 阶段: evolutionary learning | 最佳完工时间: 1639.00 | 迭代耗时: 0.75s | 
2025-04-30 01:22:05,887 - INFO - In generation 80, EL found new best solution with makespan: 1618.00
2025-04-30 01:22:05,887 - DEBUG - 迭代 80/100 | 阶段: evolutionary learning | 最佳完工时间: 1618.00 | 迭代耗时: 0.73s | 
2025-04-30 01:22:06,601 - DEBUG - 迭代 81/100 | 阶段: evolutionary learning | 最佳完工时间: 1618.00 | 迭代耗时: 0.71s | 
2025-04-30 01:22:07,321 - DEBUG - 迭代 82/100 | 阶段: evolutionary learning | 最佳完工时间: 1618.00 | 迭代耗时: 0.72s | 
2025-04-30 01:22:08,029 - DEBUG - 迭代 83/100 | 阶段: evolutionary learning | 最佳完工时间: 1618.00 | 迭代耗时: 0.71s | 
2025-04-30 01:22:08,740 - DEBUG - 迭代 84/100 | 阶段: evolutionary learning | 最佳完工时间: 1618.00 | 迭代耗时: 0.71s | 
2025-04-30 01:22:09,476 - DEBUG - 迭代 85/100 | 阶段: evolutionary learning | 最佳完工时间: 1618.00 | 迭代耗时: 0.74s | 
2025-04-30 01:22:10,201 - DEBUG - 迭代 86/100 | 阶段: evolutionary learning | 最佳完工时间: 1618.00 | 迭代耗时: 0.72s | 
2025-04-30 01:22:10,920 - DEBUG - 迭代 87/100 | 阶段: evolutionary learning | 最佳完工时间: 1618.00 | 迭代耗时: 0.72s | 
2025-04-30 01:22:11,633 - DEBUG - 迭代 88/100 | 阶段: evolutionary learning | 最佳完工时间: 1618.00 | 迭代耗时: 0.71s | 
2025-04-30 01:22:12,348 - INFO - In generation 89, EL found new best solution with makespan: 1602.00
2025-04-30 01:22:12,348 - DEBUG - 迭代 89/100 | 阶段: evolutionary learning | 最佳完工时间: 1602.00 | 迭代耗时: 0.72s | 
2025-04-30 01:22:13,063 - DEBUG - 迭代 90/100 | 阶段: evolutionary learning | 最佳完工时间: 1602.00 | 迭代耗时: 0.71s | 
2025-04-30 01:22:13,767 - DEBUG - 迭代 91/100 | 阶段: evolutionary learning | 最佳完工时间: 1602.00 | 迭代耗时: 0.70s | 
2025-04-30 01:22:14,479 - DEBUG - 迭代 92/100 | 阶段: evolutionary learning | 最佳完工时间: 1602.00 | 迭代耗时: 0.71s | 
2025-04-30 01:22:15,219 - DEBUG - 迭代 93/100 | 阶段: evolutionary learning | 最佳完工时间: 1602.00 | 迭代耗时: 0.74s | 
