2025-04-08 15:31:21,183 - DEBUG - 开始两阶段混合学习算法，最大迭代次数: 100
2025-04-08 15:31:21,643 - INFO - SL找到新的最优解，完工时间: 1941.00，重置pointer=0
2025-04-08 15:31:21,643 - DEBUG - 迭代 1/100 | 阶段: statistical learning | 最佳完工时间: 1941.00 | 迭代耗时: 0.46s | 
2025-04-08 15:31:22,120 - INFO - SL找到新的最优解，完工时间: 1926.00，重置pointer=0
2025-04-08 15:31:22,120 - DEBUG - 迭代 2/100 | 阶段: statistical learning | 最佳完工时间: 1926.00 | 迭代耗时: 0.48s | 
2025-04-08 15:31:22,604 - INFO - SL未找到更好的解，pointer增加到1
2025-04-08 15:31:22,604 - INFO - SL阶段终止条件满足，切换到EL阶段...
2025-04-08 15:31:22,604 - INFO - pointer=1, threshold=0.49
2025-04-08 15:31:22,605 - INFO - 成功切换到EL阶段，使用SL种群初始化EL种群，种群大小: 100
2025-04-08 15:31:22,606 - DEBUG - 迭代 3/100 | 阶段: evolutionary learning | 最佳完工时间: 1926.00 | 迭代耗时: 0.49s | 
2025-04-08 15:31:23,370 - INFO - EL找到新的最优解，完工时间: 1894.00
2025-04-08 15:31:23,370 - DEBUG - 迭代 4/100 | 阶段: evolutionary learning | 最佳完工时间: 1894.00 | 迭代耗时: 0.76s | 
2025-04-08 15:31:24,099 - INFO - EL找到新的最优解，完工时间: 1866.00
2025-04-08 15:31:24,099 - DEBUG - 迭代 5/100 | 阶段: evolutionary learning | 最佳完工时间: 1866.00 | 迭代耗时: 0.73s | 
2025-04-08 15:31:24,831 - DEBUG - 迭代 6/100 | 阶段: evolutionary learning | 最佳完工时间: 1866.00 | 迭代耗时: 0.73s | 
2025-04-08 15:31:25,548 - INFO - EL找到新的最优解，完工时间: 1861.00
2025-04-08 15:31:25,549 - DEBUG - 迭代 7/100 | 阶段: evolutionary learning | 最佳完工时间: 1861.00 | 迭代耗时: 0.72s | 
2025-04-08 15:31:26,267 - DEBUG - 迭代 8/100 | 阶段: evolutionary learning | 最佳完工时间: 1861.00 | 迭代耗时: 0.72s | 
2025-04-08 15:31:26,991 - INFO - EL找到新的最优解，完工时间: 1856.00
2025-04-08 15:31:26,991 - DEBUG - 迭代 9/100 | 阶段: evolutionary learning | 最佳完工时间: 1856.00 | 迭代耗时: 0.72s | 
2025-04-08 15:31:27,710 - INFO - EL找到新的最优解，完工时间: 1838.00
2025-04-08 15:31:27,711 - DEBUG - 迭代 10/100 | 阶段: evolutionary learning | 最佳完工时间: 1838.00 | 迭代耗时: 0.72s | 
2025-04-08 15:31:28,429 - INFO - EL找到新的最优解，完工时间: 1829.00
2025-04-08 15:31:28,429 - DEBUG - 迭代 11/100 | 阶段: evolutionary learning | 最佳完工时间: 1829.00 | 迭代耗时: 0.72s | 
2025-04-08 15:31:29,144 - INFO - EL找到新的最优解，完工时间: 1820.00
2025-04-08 15:31:29,144 - DEBUG - 迭代 12/100 | 阶段: evolutionary learning | 最佳完工时间: 1820.00 | 迭代耗时: 0.72s | 
2025-04-08 15:31:29,881 - INFO - EL找到新的最优解，完工时间: 1815.00
2025-04-08 15:31:29,882 - DEBUG - 迭代 13/100 | 阶段: evolutionary learning | 最佳完工时间: 1815.00 | 迭代耗时: 0.74s | 
2025-04-08 15:31:30,598 - INFO - EL找到新的最优解，完工时间: 1810.00
2025-04-08 15:31:30,598 - DEBUG - 迭代 14/100 | 阶段: evolutionary learning | 最佳完工时间: 1810.00 | 迭代耗时: 0.72s | 
2025-04-08 15:31:31,320 - INFO - EL找到新的最优解，完工时间: 1795.00
2025-04-08 15:31:31,320 - DEBUG - 迭代 15/100 | 阶段: evolutionary learning | 最佳完工时间: 1795.00 | 迭代耗时: 0.72s | 
2025-04-08 15:31:32,047 - DEBUG - 迭代 16/100 | 阶段: evolutionary learning | 最佳完工时间: 1795.00 | 迭代耗时: 0.73s | 
2025-04-08 15:31:32,770 - INFO - EL找到新的最优解，完工时间: 1781.00
2025-04-08 15:31:32,771 - DEBUG - 迭代 17/100 | 阶段: evolutionary learning | 最佳完工时间: 1781.00 | 迭代耗时: 0.72s | 
2025-04-08 15:31:33,499 - DEBUG - 迭代 18/100 | 阶段: evolutionary learning | 最佳完工时间: 1781.00 | 迭代耗时: 0.73s | 
2025-04-08 15:31:34,224 - INFO - EL找到新的最优解，完工时间: 1772.00
2025-04-08 15:31:34,225 - DEBUG - 迭代 19/100 | 阶段: evolutionary learning | 最佳完工时间: 1772.00 | 迭代耗时: 0.73s | 
2025-04-08 15:31:34,950 - INFO - EL找到新的最优解，完工时间: 1755.00
2025-04-08 15:31:34,950 - DEBUG - 迭代 20/100 | 阶段: evolutionary learning | 最佳完工时间: 1755.00 | 迭代耗时: 0.72s | 
2025-04-08 15:31:35,685 - DEBUG - 迭代 21/100 | 阶段: evolutionary learning | 最佳完工时间: 1755.00 | 迭代耗时: 0.74s | 
2025-04-08 15:31:36,408 - DEBUG - 迭代 22/100 | 阶段: evolutionary learning | 最佳完工时间: 1755.00 | 迭代耗时: 0.72s | 
2025-04-08 15:31:37,121 - DEBUG - 迭代 23/100 | 阶段: evolutionary learning | 最佳完工时间: 1755.00 | 迭代耗时: 0.71s | 
2025-04-08 15:31:37,837 - DEBUG - 迭代 24/100 | 阶段: evolutionary learning | 最佳完工时间: 1755.00 | 迭代耗时: 0.72s | 
2025-04-08 15:31:38,557 - INFO - EL找到新的最优解，完工时间: 1751.00
2025-04-08 15:31:38,557 - DEBUG - 迭代 25/100 | 阶段: evolutionary learning | 最佳完工时间: 1751.00 | 迭代耗时: 0.72s | 
2025-04-08 15:31:39,282 - DEBUG - 迭代 26/100 | 阶段: evolutionary learning | 最佳完工时间: 1751.00 | 迭代耗时: 0.72s | 
2025-04-08 15:31:40,007 - DEBUG - 迭代 27/100 | 阶段: evolutionary learning | 最佳完工时间: 1751.00 | 迭代耗时: 0.73s | 
2025-04-08 15:31:40,724 - DEBUG - 迭代 28/100 | 阶段: evolutionary learning | 最佳完工时间: 1751.00 | 迭代耗时: 0.72s | 
2025-04-08 15:31:41,454 - DEBUG - 迭代 29/100 | 阶段: evolutionary learning | 最佳完工时间: 1751.00 | 迭代耗时: 0.73s | 
2025-04-08 15:31:42,175 - INFO - EL找到新的最优解，完工时间: 1744.00
2025-04-08 15:31:42,175 - DEBUG - 迭代 30/100 | 阶段: evolutionary learning | 最佳完工时间: 1744.00 | 迭代耗时: 0.72s | 
2025-04-08 15:31:42,899 - INFO - EL找到新的最优解，完工时间: 1736.00
2025-04-08 15:31:42,899 - DEBUG - 迭代 31/100 | 阶段: evolutionary learning | 最佳完工时间: 1736.00 | 迭代耗时: 0.72s | 
2025-04-08 15:31:43,612 - INFO - EL找到新的最优解，完工时间: 1730.00
2025-04-08 15:31:43,612 - DEBUG - 迭代 32/100 | 阶段: evolutionary learning | 最佳完工时间: 1730.00 | 迭代耗时: 0.71s | 
2025-04-08 15:31:44,332 - DEBUG - 迭代 33/100 | 阶段: evolutionary learning | 最佳完工时间: 1730.00 | 迭代耗时: 0.72s | 
2025-04-08 15:31:45,052 - DEBUG - 迭代 34/100 | 阶段: evolutionary learning | 最佳完工时间: 1730.00 | 迭代耗时: 0.72s | 
2025-04-08 15:31:45,769 - DEBUG - 迭代 35/100 | 阶段: evolutionary learning | 最佳完工时间: 1730.00 | 迭代耗时: 0.72s | 
2025-04-08 15:31:46,486 - DEBUG - 迭代 36/100 | 阶段: evolutionary learning | 最佳完工时间: 1730.00 | 迭代耗时: 0.72s | 
2025-04-08 15:31:47,207 - INFO - EL找到新的最优解，完工时间: 1726.00
2025-04-08 15:31:47,207 - DEBUG - 迭代 37/100 | 阶段: evolutionary learning | 最佳完工时间: 1726.00 | 迭代耗时: 0.72s | 
2025-04-08 15:31:47,936 - INFO - EL找到新的最优解，完工时间: 1700.00
2025-04-08 15:31:47,937 - DEBUG - 迭代 38/100 | 阶段: evolutionary learning | 最佳完工时间: 1700.00 | 迭代耗时: 0.73s | 
2025-04-08 15:31:48,662 - DEBUG - 迭代 39/100 | 阶段: evolutionary learning | 最佳完工时间: 1700.00 | 迭代耗时: 0.73s | 
2025-04-08 15:31:49,396 - DEBUG - 迭代 40/100 | 阶段: evolutionary learning | 最佳完工时间: 1700.00 | 迭代耗时: 0.73s | 
2025-04-08 15:31:50,123 - DEBUG - 迭代 41/100 | 阶段: evolutionary learning | 最佳完工时间: 1700.00 | 迭代耗时: 0.73s | 
2025-04-08 15:31:50,858 - DEBUG - 迭代 42/100 | 阶段: evolutionary learning | 最佳完工时间: 1700.00 | 迭代耗时: 0.73s | 
2025-04-08 15:31:51,619 - DEBUG - 迭代 43/100 | 阶段: evolutionary learning | 最佳完工时间: 1700.00 | 迭代耗时: 0.76s | 
2025-04-08 15:31:52,372 - DEBUG - 迭代 44/100 | 阶段: evolutionary learning | 最佳完工时间: 1700.00 | 迭代耗时: 0.75s | 
2025-04-08 15:31:53,116 - DEBUG - 迭代 45/100 | 阶段: evolutionary learning | 最佳完工时间: 1700.00 | 迭代耗时: 0.74s | 
2025-04-08 15:31:53,854 - DEBUG - 迭代 46/100 | 阶段: evolutionary learning | 最佳完工时间: 1700.00 | 迭代耗时: 0.74s | 
2025-04-08 15:31:54,585 - INFO - EL找到新的最优解，完工时间: 1693.00
2025-04-08 15:31:54,586 - DEBUG - 迭代 47/100 | 阶段: evolutionary learning | 最佳完工时间: 1693.00 | 迭代耗时: 0.73s | 
2025-04-08 15:31:55,325 - INFO - EL找到新的最优解，完工时间: 1692.00
2025-04-08 15:31:55,326 - DEBUG - 迭代 48/100 | 阶段: evolutionary learning | 最佳完工时间: 1692.00 | 迭代耗时: 0.74s | 
2025-04-08 15:31:56,068 - INFO - EL找到新的最优解，完工时间: 1684.00
2025-04-08 15:31:56,068 - DEBUG - 迭代 49/100 | 阶段: evolutionary learning | 最佳完工时间: 1684.00 | 迭代耗时: 0.74s | 
2025-04-08 15:31:56,822 - DEBUG - 迭代 50/100 | 阶段: evolutionary learning | 最佳完工时间: 1684.00 | 迭代耗时: 0.75s | 
2025-04-08 15:31:57,568 - INFO - EL找到新的最优解，完工时间: 1676.00
2025-04-08 15:31:57,568 - DEBUG - 迭代 51/100 | 阶段: evolutionary learning | 最佳完工时间: 1676.00 | 迭代耗时: 0.75s | 
2025-04-08 15:31:58,314 - DEBUG - 迭代 52/100 | 阶段: evolutionary learning | 最佳完工时间: 1676.00 | 迭代耗时: 0.75s | 
2025-04-08 15:31:59,057 - DEBUG - 迭代 53/100 | 阶段: evolutionary learning | 最佳完工时间: 1676.00 | 迭代耗时: 0.74s | 
2025-04-08 15:31:59,826 - INFO - EL找到新的最优解，完工时间: 1671.00
2025-04-08 15:31:59,826 - DEBUG - 迭代 54/100 | 阶段: evolutionary learning | 最佳完工时间: 1671.00 | 迭代耗时: 0.77s | 
2025-04-08 15:32:00,568 - DEBUG - 迭代 55/100 | 阶段: evolutionary learning | 最佳完工时间: 1671.00 | 迭代耗时: 0.74s | 
2025-04-08 15:32:01,314 - DEBUG - 迭代 56/100 | 阶段: evolutionary learning | 最佳完工时间: 1671.00 | 迭代耗时: 0.75s | 
2025-04-08 15:32:02,042 - DEBUG - 迭代 57/100 | 阶段: evolutionary learning | 最佳完工时间: 1671.00 | 迭代耗时: 0.73s | 
2025-04-08 15:32:02,765 - INFO - EL找到新的最优解，完工时间: 1666.00
2025-04-08 15:32:02,765 - DEBUG - 迭代 58/100 | 阶段: evolutionary learning | 最佳完工时间: 1666.00 | 迭代耗时: 0.72s | 
2025-04-08 15:32:03,493 - INFO - EL找到新的最优解，完工时间: 1646.00
2025-04-08 15:32:03,494 - DEBUG - 迭代 59/100 | 阶段: evolutionary learning | 最佳完工时间: 1646.00 | 迭代耗时: 0.73s | 
2025-04-08 15:32:04,236 - INFO - EL找到新的最优解，完工时间: 1645.00
2025-04-08 15:32:04,236 - DEBUG - 迭代 60/100 | 阶段: evolutionary learning | 最佳完工时间: 1645.00 | 迭代耗时: 0.74s | 
2025-04-08 15:32:04,969 - DEBUG - 迭代 61/100 | 阶段: evolutionary learning | 最佳完工时间: 1645.00 | 迭代耗时: 0.73s | 
2025-04-08 15:32:05,715 - DEBUG - 迭代 62/100 | 阶段: evolutionary learning | 最佳完工时间: 1645.00 | 迭代耗时: 0.75s | 
2025-04-08 15:32:06,450 - DEBUG - 迭代 63/100 | 阶段: evolutionary learning | 最佳完工时间: 1645.00 | 迭代耗时: 0.74s | 
2025-04-08 15:32:07,184 - DEBUG - 迭代 64/100 | 阶段: evolutionary learning | 最佳完工时间: 1645.00 | 迭代耗时: 0.73s | 
2025-04-08 15:32:07,941 - INFO - EL找到新的最优解，完工时间: 1643.00
2025-04-08 15:32:07,942 - DEBUG - 迭代 65/100 | 阶段: evolutionary learning | 最佳完工时间: 1643.00 | 迭代耗时: 0.76s | 
2025-04-08 15:32:08,686 - DEBUG - 迭代 66/100 | 阶段: evolutionary learning | 最佳完工时间: 1643.00 | 迭代耗时: 0.74s | 
2025-04-08 15:32:09,462 - INFO - EL找到新的最优解，完工时间: 1635.00
2025-04-08 15:32:09,464 - DEBUG - 迭代 67/100 | 阶段: evolutionary learning | 最佳完工时间: 1635.00 | 迭代耗时: 0.78s | 
2025-04-08 15:32:10,218 - INFO - EL找到新的最优解，完工时间: 1630.00
2025-04-08 15:32:10,218 - DEBUG - 迭代 68/100 | 阶段: evolutionary learning | 最佳完工时间: 1630.00 | 迭代耗时: 0.75s | 
2025-04-08 15:32:10,958 - DEBUG - 迭代 69/100 | 阶段: evolutionary learning | 最佳完工时间: 1630.00 | 迭代耗时: 0.74s | 
2025-04-08 15:32:11,692 - DEBUG - 迭代 70/100 | 阶段: evolutionary learning | 最佳完工时间: 1630.00 | 迭代耗时: 0.73s | 
2025-04-08 15:32:12,421 - INFO - EL找到新的最优解，完工时间: 1629.00
2025-04-08 15:32:12,421 - DEBUG - 迭代 71/100 | 阶段: evolutionary learning | 最佳完工时间: 1629.00 | 迭代耗时: 0.73s | 
2025-04-08 15:32:13,154 - INFO - EL找到新的最优解，完工时间: 1617.00
2025-04-08 15:32:13,155 - DEBUG - 迭代 72/100 | 阶段: evolutionary learning | 最佳完工时间: 1617.00 | 迭代耗时: 0.73s | 
2025-04-08 15:32:13,885 - DEBUG - 迭代 73/100 | 阶段: evolutionary learning | 最佳完工时间: 1617.00 | 迭代耗时: 0.73s | 
2025-04-08 15:32:14,601 - DEBUG - 迭代 74/100 | 阶段: evolutionary learning | 最佳完工时间: 1617.00 | 迭代耗时: 0.72s | 
2025-04-08 15:32:15,332 - DEBUG - 迭代 75/100 | 阶段: evolutionary learning | 最佳完工时间: 1617.00 | 迭代耗时: 0.73s | 
2025-04-08 15:32:16,066 - DEBUG - 迭代 76/100 | 阶段: evolutionary learning | 最佳完工时间: 1617.00 | 迭代耗时: 0.73s | 
2025-04-08 15:32:16,792 - INFO - EL找到新的最优解，完工时间: 1616.00
2025-04-08 15:32:16,792 - DEBUG - 迭代 77/100 | 阶段: evolutionary learning | 最佳完工时间: 1616.00 | 迭代耗时: 0.73s | 
2025-04-08 15:32:17,518 - INFO - EL找到新的最优解，完工时间: 1615.00
2025-04-08 15:32:17,518 - DEBUG - 迭代 78/100 | 阶段: evolutionary learning | 最佳完工时间: 1615.00 | 迭代耗时: 0.73s | 
2025-04-08 15:32:18,256 - INFO - EL找到新的最优解，完工时间: 1604.00
2025-04-08 15:32:18,256 - DEBUG - 迭代 79/100 | 阶段: evolutionary learning | 最佳完工时间: 1604.00 | 迭代耗时: 0.74s | 
2025-04-08 15:32:18,987 - DEBUG - 迭代 80/100 | 阶段: evolutionary learning | 最佳完工时间: 1604.00 | 迭代耗时: 0.73s | 
2025-04-08 15:32:19,728 - DEBUG - 迭代 81/100 | 阶段: evolutionary learning | 最佳完工时间: 1604.00 | 迭代耗时: 0.74s | 
2025-04-08 15:32:20,473 - INFO - EL找到新的最优解，完工时间: 1589.00
2025-04-08 15:32:20,473 - DEBUG - 迭代 82/100 | 阶段: evolutionary learning | 最佳完工时间: 1589.00 | 迭代耗时: 0.75s | 
2025-04-08 15:32:21,223 - DEBUG - 迭代 83/100 | 阶段: evolutionary learning | 最佳完工时间: 1589.00 | 迭代耗时: 0.75s | 
2025-04-08 15:32:21,965 - DEBUG - 迭代 84/100 | 阶段: evolutionary learning | 最佳完工时间: 1589.00 | 迭代耗时: 0.74s | 
2025-04-08 15:32:22,695 - INFO - EL找到新的最优解，完工时间: 1579.00
2025-04-08 15:32:22,695 - DEBUG - 迭代 85/100 | 阶段: evolutionary learning | 最佳完工时间: 1579.00 | 迭代耗时: 0.73s | 
2025-04-08 15:32:23,431 - INFO - EL找到新的最优解，完工时间: 1578.00
2025-04-08 15:32:23,432 - DEBUG - 迭代 86/100 | 阶段: evolutionary learning | 最佳完工时间: 1578.00 | 迭代耗时: 0.74s | 
2025-04-08 15:32:24,176 - DEBUG - 迭代 87/100 | 阶段: evolutionary learning | 最佳完工时间: 1578.00 | 迭代耗时: 0.74s | 
2025-04-08 15:32:24,922 - DEBUG - 迭代 88/100 | 阶段: evolutionary learning | 最佳完工时间: 1578.00 | 迭代耗时: 0.75s | 
2025-04-08 15:32:25,654 - DEBUG - 迭代 89/100 | 阶段: evolutionary learning | 最佳完工时间: 1578.00 | 迭代耗时: 0.73s | 
2025-04-08 15:32:26,380 - INFO - EL找到新的最优解，完工时间: 1573.00
2025-04-08 15:32:26,380 - DEBUG - 迭代 90/100 | 阶段: evolutionary learning | 最佳完工时间: 1573.00 | 迭代耗时: 0.73s | 
2025-04-08 15:32:27,120 - DEBUG - 迭代 91/100 | 阶段: evolutionary learning | 最佳完工时间: 1573.00 | 迭代耗时: 0.74s | 
2025-04-08 15:32:27,850 - DEBUG - 迭代 92/100 | 阶段: evolutionary learning | 最佳完工时间: 1573.00 | 迭代耗时: 0.73s | 
2025-04-08 15:32:28,591 - DEBUG - 迭代 93/100 | 阶段: evolutionary learning | 最佳完工时间: 1573.00 | 迭代耗时: 0.74s | 
2025-04-08 15:32:29,323 - DEBUG - 迭代 94/100 | 阶段: evolutionary learning | 最佳完工时间: 1573.00 | 迭代耗时: 0.73s | 
2025-04-08 15:32:30,055 - INFO - EL找到新的最优解，完工时间: 1572.00
2025-04-08 15:32:30,056 - DEBUG - 迭代 95/100 | 阶段: evolutionary learning | 最佳完工时间: 1572.00 | 迭代耗时: 0.73s | 
2025-04-08 15:32:30,779 - INFO - EL找到新的最优解，完工时间: 1565.00
2025-04-08 15:32:30,779 - DEBUG - 迭代 96/100 | 阶段: evolutionary learning | 最佳完工时间: 1565.00 | 迭代耗时: 0.72s | 
2025-04-08 15:32:31,507 - DEBUG - 迭代 97/100 | 阶段: evolutionary learning | 最佳完工时间: 1565.00 | 迭代耗时: 0.73s | 
2025-04-08 15:32:32,232 - DEBUG - 迭代 98/100 | 阶段: evolutionary learning | 最佳完工时间: 1565.00 | 迭代耗时: 0.72s | 
2025-04-08 15:32:32,953 - DEBUG - 迭代 99/100 | 阶段: evolutionary learning | 最佳完工时间: 1565.00 | 迭代耗时: 0.72s | 
2025-04-08 15:32:33,669 - INFO - EL找到新的最优解，完工时间: 1564.00
2025-04-08 15:32:33,669 - DEBUG - 迭代 100/100 | 阶段: evolutionary learning | 最佳完工时间: 1564.00 | 迭代耗时: 0.72s | 
2025-04-08 15:32:33,669 - INFO - ==================================================
2025-04-08 15:32:33,669 - INFO - Best solution found with makespan: 1564.00s at generation: 100
2025-04-08 15:32:33,669 - INFO - Total time: 72.49s
2025-04-08 15:32:33,788 - INFO - Convergence curve saved to: blea_convergence.png
