2025-04-08 13:42:13,649 - INFO - 开始两阶段混合学习算法，最大迭代次数: 100
2025-04-08 13:42:14,140 - INFO - SL找到新的最优解，完工时间: 1923.00，重置pointer=0
2025-04-08 13:42:14,140 - INFO - 迭代 1/100 | 阶段: statistical learning | 最佳完工时间: 1923.00 | 迭代耗时: 0.49s | 总耗时: 0.49s
2025-04-08 13:42:14,651 - INFO - SL找到新的最优解，完工时间: 1921.00，重置pointer=0
2025-04-08 13:42:14,651 - INFO - 迭代 2/100 | 阶段: statistical learning | 最佳完工时间: 1921.00 | 迭代耗时: 0.51s | 总耗时: 1.00s
2025-04-08 13:42:15,148 - INFO - SL未找到更好的解，pointer增加到1
2025-04-08 13:42:15,148 - INFO - 迭代 3/100 | 阶段: statistical learning | 最佳完工时间: 1921.00 | 迭代耗时: 0.50s | 总耗时: 1.50s
2025-04-08 13:42:15,638 - INFO - SL未找到更好的解，pointer增加到2
2025-04-08 13:42:15,638 - INFO - 迭代 4/100 | 阶段: statistical learning | 最佳完工时间: 1921.00 | 迭代耗时: 0.49s | 总耗时: 1.99s
2025-04-08 13:42:16,131 - INFO - SL找到新的最优解，完工时间: 1871.00，重置pointer=0
2025-04-08 13:42:16,131 - INFO - 迭代 5/100 | 阶段: statistical learning | 最佳完工时间: 1871.00 | 迭代耗时: 0.49s | 总耗时: 2.48s
2025-04-08 13:42:16,619 - INFO - SL未找到更好的解，pointer增加到1
2025-04-08 13:42:16,619 - INFO - 迭代 6/100 | 阶段: statistical learning | 最佳完工时间: 1871.00 | 迭代耗时: 0.49s | 总耗时: 2.97s
2025-04-08 13:42:17,127 - INFO - SL未找到更好的解，pointer增加到2
2025-04-08 13:42:17,127 - INFO - 迭代 7/100 | 阶段: statistical learning | 最佳完工时间: 1871.00 | 迭代耗时: 0.51s | 总耗时: 3.48s
2025-04-08 13:42:17,616 - INFO - SL未找到更好的解，pointer增加到3
2025-04-08 13:42:17,616 - INFO - 迭代 8/100 | 阶段: statistical learning | 最佳完工时间: 1871.00 | 迭代耗时: 0.49s | 总耗时: 3.97s
2025-04-08 13:42:18,104 - INFO - SL未找到更好的解，pointer增加到4
2025-04-08 13:42:18,104 - INFO - 迭代 9/100 | 阶段: statistical learning | 最佳完工时间: 1871.00 | 迭代耗时: 0.49s | 总耗时: 4.46s
2025-04-08 13:42:18,593 - INFO - SL未找到更好的解，pointer增加到5
2025-04-08 13:42:18,593 - INFO - 迭代 10/100 | 阶段: statistical learning | 最佳完工时间: 1871.00 | 迭代耗时: 0.49s | 总耗时: 4.94s
2025-04-08 13:42:19,082 - INFO - SL未找到更好的解，pointer增加到6
2025-04-08 13:42:19,082 - INFO - 迭代 11/100 | 阶段: statistical learning | 最佳完工时间: 1871.00 | 迭代耗时: 0.49s | 总耗时: 5.43s
2025-04-08 13:42:19,579 - INFO - SL未找到更好的解，pointer增加到7
2025-04-08 13:42:19,579 - INFO - 迭代 12/100 | 阶段: statistical learning | 最佳完工时间: 1871.00 | 迭代耗时: 0.50s | 总耗时: 5.93s
2025-04-08 13:42:20,068 - INFO - SL未找到更好的解，pointer增加到8
2025-04-08 13:42:20,068 - INFO - 迭代 13/100 | 阶段: statistical learning | 最佳完工时间: 1871.00 | 迭代耗时: 0.49s | 总耗时: 6.42s
2025-04-08 13:42:20,564 - INFO - SL未找到更好的解，pointer增加到9
2025-04-08 13:42:20,564 - INFO - 迭代 14/100 | 阶段: statistical learning | 最佳完工时间: 1871.00 | 迭代耗时: 0.50s | 总耗时: 6.92s
2025-04-08 13:42:21,049 - INFO - SL未找到更好的解，pointer增加到10
2025-04-08 13:42:21,049 - INFO - 迭代 15/100 | 阶段: statistical learning | 最佳完工时间: 1871.00 | 迭代耗时: 0.48s | 总耗时: 7.40s
2025-04-08 13:42:21,536 - INFO - SL未找到更好的解，pointer增加到11
2025-04-08 13:42:21,536 - INFO - 迭代 16/100 | 阶段: statistical learning | 最佳完工时间: 1871.00 | 迭代耗时: 0.49s | 总耗时: 7.89s
2025-04-08 13:42:22,023 - INFO - SL未找到更好的解，pointer增加到12
2025-04-08 13:42:22,023 - INFO - 迭代 17/100 | 阶段: statistical learning | 最佳完工时间: 1871.00 | 迭代耗时: 0.49s | 总耗时: 8.37s
2025-04-08 13:42:22,527 - INFO - SL未找到更好的解，pointer增加到13
2025-04-08 13:42:22,527 - INFO - 迭代 18/100 | 阶段: statistical learning | 最佳完工时间: 1871.00 | 迭代耗时: 0.50s | 总耗时: 8.88s
2025-04-08 13:42:23,012 - INFO - SL未找到更好的解，pointer增加到14
2025-04-08 13:42:23,012 - INFO - 迭代 19/100 | 阶段: statistical learning | 最佳完工时间: 1871.00 | 迭代耗时: 0.49s | 总耗时: 9.36s
2025-04-08 13:42:23,499 - INFO - SL未找到更好的解，pointer增加到15
2025-04-08 13:42:23,499 - INFO - 迭代 20/100 | 阶段: statistical learning | 最佳完工时间: 1871.00 | 迭代耗时: 0.49s | 总耗时: 9.85s
2025-04-08 13:42:23,988 - INFO - SL未找到更好的解，pointer增加到16
2025-04-08 13:42:23,988 - INFO - 
SL阶段终止条件满足，切换到EL阶段...
2025-04-08 13:42:23,988 - INFO - pointer=16, threshold=0.40
2025-04-08 13:42:23,989 - INFO - 成功切换到EL阶段，使用随机初始化EL种群
2025-04-08 13:42:23,989 - INFO - 迭代 21/100 | 阶段: evolutionary learning | 最佳完工时间: 1871.00 | 迭代耗时: 0.49s | 总耗时: 10.34s
