2025-04-08 13:54:31,738 - INFO - 开始两阶段混合学习算法，最大迭代次数: 500
2025-04-08 13:54:32,281 - INFO - SL找到新的最优解，完工时间: 1927.00，重置pointer=0
2025-04-08 13:54:32,281 - INFO - 迭代 1/500 | 阶段: statistical learning | 最佳完工时间: 1927.00 | 迭代耗时: 0.54s | 总耗时: 0.54s
2025-04-08 13:54:32,817 - INFO - SL未找到更好的解，pointer增加到1
2025-04-08 13:54:32,817 - INFO - 迭代 2/500 | 阶段: statistical learning | 最佳完工时间: 1927.00 | 迭代耗时: 0.54s | 总耗时: 1.08s
2025-04-08 13:54:33,341 - INFO - SL找到新的最优解，完工时间: 1890.00，重置pointer=0
2025-04-08 13:54:33,341 - INFO - 迭代 3/500 | 阶段: statistical learning | 最佳完工时间: 1890.00 | 迭代耗时: 0.52s | 总耗时: 1.60s
2025-04-08 13:54:33,860 - INFO - SL未找到更好的解，pointer增加到1
2025-04-08 13:54:33,861 - INFO - 迭代 4/500 | 阶段: statistical learning | 最佳完工时间: 1890.00 | 迭代耗时: 0.52s | 总耗时: 2.12s
2025-04-08 13:54:34,420 - INFO - SL未找到更好的解，pointer增加到2
2025-04-08 13:54:34,420 - INFO - 迭代 5/500 | 阶段: statistical learning | 最佳完工时间: 1890.00 | 迭代耗时: 0.56s | 总耗时: 2.68s
2025-04-08 13:54:34,979 - INFO - SL未找到更好的解，pointer增加到3
2025-04-08 13:54:34,979 - INFO - 
SL阶段终止条件满足，切换到EL阶段...
2025-04-08 13:54:34,979 - INFO - pointer=3, threshold=2.48
2025-04-08 13:54:35,466 - INFO - 成功切换到EL阶段，使用SL最佳解初始化EL种群
2025-04-08 13:54:35,467 - INFO - 迭代 6/500 | 阶段: evolutionary learning | 最佳完工时间: 1890.00 | 迭代耗时: 1.05s | 总耗时: 3.73s
2025-04-08 13:54:36,536 - INFO - 迭代 7/500 | 阶段: evolutionary learning | 最佳完工时间: 1890.00 | 迭代耗时: 1.07s | 总耗时: 4.80s
2025-04-08 13:54:37,541 - INFO - EL找到新的最优解，完工时间: 1868.00
2025-04-08 13:54:37,541 - INFO - 迭代 8/500 | 阶段: evolutionary learning | 最佳完工时间: 1868.00 | 迭代耗时: 1.01s | 总耗时: 5.80s
2025-04-08 13:54:38,568 - INFO - EL找到新的最优解，完工时间: 1864.00
2025-04-08 13:54:38,568 - INFO - 迭代 9/500 | 阶段: evolutionary learning | 最佳完工时间: 1864.00 | 迭代耗时: 1.03s | 总耗时: 6.83s
2025-04-08 13:54:39,591 - INFO - EL找到新的最优解，完工时间: 1840.00
2025-04-08 13:54:39,591 - INFO - 迭代 10/500 | 阶段: evolutionary learning | 最佳完工时间: 1840.00 | 迭代耗时: 1.02s | 总耗时: 7.85s
2025-04-08 13:54:40,632 - INFO - EL找到新的最优解，完工时间: 1834.00
2025-04-08 13:54:40,632 - INFO - 迭代 11/500 | 阶段: evolutionary learning | 最佳完工时间: 1834.00 | 迭代耗时: 1.04s | 总耗时: 8.89s
2025-04-08 13:54:41,731 - INFO - 迭代 12/500 | 阶段: evolutionary learning | 最佳完工时间: 1834.00 | 迭代耗时: 1.10s | 总耗时: 9.99s
2025-04-08 13:54:42,858 - INFO - EL找到新的最优解，完工时间: 1820.00
2025-04-08 13:54:42,858 - INFO - 迭代 13/500 | 阶段: evolutionary learning | 最佳完工时间: 1820.00 | 迭代耗时: 1.13s | 总耗时: 11.12s
2025-04-08 13:54:43,957 - INFO - EL找到新的最优解，完工时间: 1818.00
2025-04-08 13:54:43,957 - INFO - 迭代 14/500 | 阶段: evolutionary learning | 最佳完工时间: 1818.00 | 迭代耗时: 1.10s | 总耗时: 12.22s
2025-04-08 13:54:45,104 - INFO - 迭代 15/500 | 阶段: evolutionary learning | 最佳完工时间: 1818.00 | 迭代耗时: 1.15s | 总耗时: 13.37s
2025-04-08 13:54:46,193 - INFO - EL找到新的最优解，完工时间: 1811.00
2025-04-08 13:54:46,193 - INFO - 迭代 16/500 | 阶段: evolutionary learning | 最佳完工时间: 1811.00 | 迭代耗时: 1.09s | 总耗时: 14.45s
2025-04-08 13:54:47,242 - INFO - 迭代 17/500 | 阶段: evolutionary learning | 最佳完工时间: 1811.00 | 迭代耗时: 1.05s | 总耗时: 15.50s
2025-04-08 13:54:48,280 - INFO - EL找到新的最优解，完工时间: 1809.00
2025-04-08 13:54:48,280 - INFO - 迭代 18/500 | 阶段: evolutionary learning | 最佳完工时间: 1809.00 | 迭代耗时: 1.04s | 总耗时: 16.54s
2025-04-08 13:54:49,312 - INFO - EL找到新的最优解，完工时间: 1804.00
2025-04-08 13:54:49,312 - INFO - 迭代 19/500 | 阶段: evolutionary learning | 最佳完工时间: 1804.00 | 迭代耗时: 1.03s | 总耗时: 17.57s
2025-04-08 13:54:50,353 - INFO - EL找到新的最优解，完工时间: 1802.00
2025-04-08 13:54:50,353 - INFO - 迭代 20/500 | 阶段: evolutionary learning | 最佳完工时间: 1802.00 | 迭代耗时: 1.04s | 总耗时: 18.61s
2025-04-08 13:54:51,476 - INFO - EL找到新的最优解，完工时间: 1798.00
2025-04-08 13:54:51,477 - INFO - 迭代 21/500 | 阶段: evolutionary learning | 最佳完工时间: 1798.00 | 迭代耗时: 1.12s | 总耗时: 19.74s
2025-04-08 13:54:52,556 - INFO - EL找到新的最优解，完工时间: 1788.00
2025-04-08 13:54:52,556 - INFO - 迭代 22/500 | 阶段: evolutionary learning | 最佳完工时间: 1788.00 | 迭代耗时: 1.08s | 总耗时: 20.82s
2025-04-08 13:54:53,604 - INFO - 迭代 23/500 | 阶段: evolutionary learning | 最佳完工时间: 1788.00 | 迭代耗时: 1.05s | 总耗时: 21.87s
2025-04-08 13:54:54,714 - INFO - EL找到新的最优解，完工时间: 1778.00
2025-04-08 13:54:54,714 - INFO - 迭代 24/500 | 阶段: evolutionary learning | 最佳完工时间: 1778.00 | 迭代耗时: 1.11s | 总耗时: 22.98s
2025-04-08 13:54:55,972 - INFO - EL找到新的最优解，完工时间: 1770.00
2025-04-08 13:54:55,972 - INFO - 迭代 25/500 | 阶段: evolutionary learning | 最佳完工时间: 1770.00 | 迭代耗时: 1.26s | 总耗时: 24.23s
2025-04-08 13:54:57,168 - INFO - 迭代 26/500 | 阶段: evolutionary learning | 最佳完工时间: 1770.00 | 迭代耗时: 1.20s | 总耗时: 25.43s
2025-04-08 13:54:58,340 - INFO - 迭代 27/500 | 阶段: evolutionary learning | 最佳完工时间: 1770.00 | 迭代耗时: 1.17s | 总耗时: 26.60s
2025-04-08 13:54:59,483 - INFO - EL找到新的最优解，完工时间: 1766.00
2025-04-08 13:54:59,483 - INFO - 迭代 28/500 | 阶段: evolutionary learning | 最佳完工时间: 1766.00 | 迭代耗时: 1.14s | 总耗时: 27.74s
2025-04-08 13:55:00,599 - INFO - EL找到新的最优解，完工时间: 1764.00
2025-04-08 13:55:00,599 - INFO - 迭代 29/500 | 阶段: evolutionary learning | 最佳完工时间: 1764.00 | 迭代耗时: 1.12s | 总耗时: 28.86s
2025-04-08 13:55:01,787 - INFO - EL找到新的最优解，完工时间: 1758.00
2025-04-08 13:55:01,787 - INFO - 迭代 30/500 | 阶段: evolutionary learning | 最佳完工时间: 1758.00 | 迭代耗时: 1.19s | 总耗时: 30.05s
2025-04-08 13:55:02,958 - INFO - EL找到新的最优解，完工时间: 1756.00
2025-04-08 13:55:02,959 - INFO - 迭代 31/500 | 阶段: evolutionary learning | 最佳完工时间: 1756.00 | 迭代耗时: 1.17s | 总耗时: 31.22s
2025-04-08 13:55:04,054 - INFO - 迭代 32/500 | 阶段: evolutionary learning | 最佳完工时间: 1756.00 | 迭代耗时: 1.09s | 总耗时: 32.32s
2025-04-08 13:55:05,636 - INFO - EL找到新的最优解，完工时间: 1749.00
2025-04-08 13:55:05,636 - INFO - 迭代 33/500 | 阶段: evolutionary learning | 最佳完工时间: 1749.00 | 迭代耗时: 1.58s | 总耗时: 33.90s
2025-04-08 13:55:06,778 - INFO - EL找到新的最优解，完工时间: 1748.00
2025-04-08 13:55:06,778 - INFO - 迭代 34/500 | 阶段: evolutionary learning | 最佳完工时间: 1748.00 | 迭代耗时: 1.14s | 总耗时: 35.04s
2025-04-08 13:55:07,992 - INFO - EL找到新的最优解，完工时间: 1744.00
2025-04-08 13:55:07,992 - INFO - 迭代 35/500 | 阶段: evolutionary learning | 最佳完工时间: 1744.00 | 迭代耗时: 1.21s | 总耗时: 36.25s
2025-04-08 13:55:09,097 - INFO - EL找到新的最优解，完工时间: 1742.00
2025-04-08 13:55:09,097 - INFO - 迭代 36/500 | 阶段: evolutionary learning | 最佳完工时间: 1742.00 | 迭代耗时: 1.11s | 总耗时: 37.36s
2025-04-08 13:55:10,145 - INFO - 迭代 37/500 | 阶段: evolutionary learning | 最佳完工时间: 1742.00 | 迭代耗时: 1.05s | 总耗时: 38.41s
2025-04-08 13:55:11,322 - INFO - EL找到新的最优解，完工时间: 1738.00
2025-04-08 13:55:11,322 - INFO - 迭代 38/500 | 阶段: evolutionary learning | 最佳完工时间: 1738.00 | 迭代耗时: 1.18s | 总耗时: 39.58s
2025-04-08 13:55:12,372 - INFO - EL找到新的最优解，完工时间: 1737.00
2025-04-08 13:55:12,372 - INFO - 迭代 39/500 | 阶段: evolutionary learning | 最佳完工时间: 1737.00 | 迭代耗时: 1.05s | 总耗时: 40.63s
2025-04-08 13:55:13,436 - INFO - EL找到新的最优解，完工时间: 1736.00
2025-04-08 13:55:13,436 - INFO - 迭代 40/500 | 阶段: evolutionary learning | 最佳完工时间: 1736.00 | 迭代耗时: 1.06s | 总耗时: 41.70s
2025-04-08 13:55:14,508 - INFO - EL找到新的最优解，完工时间: 1734.00
2025-04-08 13:55:14,508 - INFO - 迭代 41/500 | 阶段: evolutionary learning | 最佳完工时间: 1734.00 | 迭代耗时: 1.07s | 总耗时: 42.77s
2025-04-08 13:55:15,688 - INFO - EL找到新的最优解，完工时间: 1720.00
2025-04-08 13:55:15,688 - INFO - 迭代 42/500 | 阶段: evolutionary learning | 最佳完工时间: 1720.00 | 迭代耗时: 1.18s | 总耗时: 43.95s
2025-04-08 13:55:16,781 - INFO - 迭代 43/500 | 阶段: evolutionary learning | 最佳完工时间: 1720.00 | 迭代耗时: 1.09s | 总耗时: 45.04s
2025-04-08 13:55:17,815 - INFO - 迭代 44/500 | 阶段: evolutionary learning | 最佳完工时间: 1720.00 | 迭代耗时: 1.03s | 总耗时: 46.08s
2025-04-08 13:55:18,907 - INFO - 迭代 45/500 | 阶段: evolutionary learning | 最佳完工时间: 1720.00 | 迭代耗时: 1.09s | 总耗时: 47.17s
2025-04-08 13:55:19,941 - INFO - EL找到新的最优解，完工时间: 1714.00
2025-04-08 13:55:19,941 - INFO - 迭代 46/500 | 阶段: evolutionary learning | 最佳完工时间: 1714.00 | 迭代耗时: 1.03s | 总耗时: 48.20s
2025-04-08 13:55:21,090 - INFO - 迭代 47/500 | 阶段: evolutionary learning | 最佳完工时间: 1714.00 | 迭代耗时: 1.15s | 总耗时: 49.35s
2025-04-08 13:55:22,190 - INFO - 迭代 48/500 | 阶段: evolutionary learning | 最佳完工时间: 1714.00 | 迭代耗时: 1.10s | 总耗时: 50.45s
2025-04-08 13:55:23,295 - INFO - EL找到新的最优解，完工时间: 1712.00
2025-04-08 13:55:23,295 - INFO - 迭代 49/500 | 阶段: evolutionary learning | 最佳完工时间: 1712.00 | 迭代耗时: 1.11s | 总耗时: 51.56s
2025-04-08 13:55:24,382 - INFO - 迭代 50/500 | 阶段: evolutionary learning | 最佳完工时间: 1712.00 | 迭代耗时: 1.09s | 总耗时: 52.64s
2025-04-08 13:55:25,580 - INFO - EL找到新的最优解，完工时间: 1708.00
2025-04-08 13:55:25,580 - INFO - 迭代 51/500 | 阶段: evolutionary learning | 最佳完工时间: 1708.00 | 迭代耗时: 1.20s | 总耗时: 53.84s
2025-04-08 13:55:26,690 - INFO - EL找到新的最优解，完工时间: 1704.00
2025-04-08 13:55:26,690 - INFO - 迭代 52/500 | 阶段: evolutionary learning | 最佳完工时间: 1704.00 | 迭代耗时: 1.11s | 总耗时: 54.95s
2025-04-08 13:55:27,766 - INFO - 迭代 53/500 | 阶段: evolutionary learning | 最佳完工时间: 1704.00 | 迭代耗时: 1.08s | 总耗时: 56.03s
2025-04-08 13:55:28,843 - INFO - EL找到新的最优解，完工时间: 1696.00
2025-04-08 13:55:28,843 - INFO - 迭代 54/500 | 阶段: evolutionary learning | 最佳完工时间: 1696.00 | 迭代耗时: 1.08s | 总耗时: 57.10s
2025-04-08 13:55:29,873 - INFO - 迭代 55/500 | 阶段: evolutionary learning | 最佳完工时间: 1696.00 | 迭代耗时: 1.03s | 总耗时: 58.13s
2025-04-08 13:55:30,949 - INFO - EL找到新的最优解，完工时间: 1692.00
2025-04-08 13:55:30,949 - INFO - 迭代 56/500 | 阶段: evolutionary learning | 最佳完工时间: 1692.00 | 迭代耗时: 1.08s | 总耗时: 59.21s
2025-04-08 13:55:32,115 - INFO - EL找到新的最优解，完工时间: 1688.00
2025-04-08 13:55:32,115 - INFO - 迭代 57/500 | 阶段: evolutionary learning | 最佳完工时间: 1688.00 | 迭代耗时: 1.17s | 总耗时: 60.38s
2025-04-08 13:55:33,154 - INFO - 迭代 58/500 | 阶段: evolutionary learning | 最佳完工时间: 1688.00 | 迭代耗时: 1.04s | 总耗时: 61.42s
2025-04-08 13:55:34,204 - INFO - 迭代 59/500 | 阶段: evolutionary learning | 最佳完工时间: 1688.00 | 迭代耗时: 1.05s | 总耗时: 62.47s
2025-04-08 13:55:35,377 - INFO - 迭代 60/500 | 阶段: evolutionary learning | 最佳完工时间: 1688.00 | 迭代耗时: 1.17s | 总耗时: 63.64s
2025-04-08 13:55:36,475 - INFO - EL找到新的最优解，完工时间: 1684.00
2025-04-08 13:55:36,475 - INFO - 迭代 61/500 | 阶段: evolutionary learning | 最佳完工时间: 1684.00 | 迭代耗时: 1.10s | 总耗时: 64.74s
2025-04-08 13:55:37,610 - INFO - 迭代 62/500 | 阶段: evolutionary learning | 最佳完工时间: 1684.00 | 迭代耗时: 1.14s | 总耗时: 65.87s
2025-04-08 13:55:38,677 - INFO - EL找到新的最优解，完工时间: 1670.00
2025-04-08 13:55:38,677 - INFO - 迭代 63/500 | 阶段: evolutionary learning | 最佳完工时间: 1670.00 | 迭代耗时: 1.07s | 总耗时: 66.94s
2025-04-08 13:55:39,725 - INFO - 迭代 64/500 | 阶段: evolutionary learning | 最佳完工时间: 1670.00 | 迭代耗时: 1.05s | 总耗时: 67.99s
2025-04-08 13:55:40,779 - INFO - 迭代 65/500 | 阶段: evolutionary learning | 最佳完工时间: 1670.00 | 迭代耗时: 1.05s | 总耗时: 69.04s
2025-04-08 13:55:41,928 - INFO - EL找到新的最优解，完工时间: 1668.00
2025-04-08 13:55:41,928 - INFO - 迭代 66/500 | 阶段: evolutionary learning | 最佳完工时间: 1668.00 | 迭代耗时: 1.15s | 总耗时: 70.19s
2025-04-08 13:55:43,045 - INFO - EL找到新的最优解，完工时间: 1664.00
2025-04-08 13:55:43,045 - INFO - 迭代 67/500 | 阶段: evolutionary learning | 最佳完工时间: 1664.00 | 迭代耗时: 1.12s | 总耗时: 71.31s
2025-04-08 13:55:44,104 - INFO - EL找到新的最优解，完工时间: 1660.00
2025-04-08 13:55:44,104 - INFO - 迭代 68/500 | 阶段: evolutionary learning | 最佳完工时间: 1660.00 | 迭代耗时: 1.06s | 总耗时: 72.37s
2025-04-08 13:55:45,347 - INFO - 迭代 69/500 | 阶段: evolutionary learning | 最佳完工时间: 1660.00 | 迭代耗时: 1.24s | 总耗时: 73.61s
2025-04-08 13:55:46,467 - INFO - 迭代 70/500 | 阶段: evolutionary learning | 最佳完工时间: 1660.00 | 迭代耗时: 1.12s | 总耗时: 74.73s
2025-04-08 13:55:47,500 - INFO - EL找到新的最优解，完工时间: 1658.00
2025-04-08 13:55:47,500 - INFO - 迭代 71/500 | 阶段: evolutionary learning | 最佳完工时间: 1658.00 | 迭代耗时: 1.03s | 总耗时: 75.76s
2025-04-08 13:55:48,589 - INFO - 迭代 72/500 | 阶段: evolutionary learning | 最佳完工时间: 1658.00 | 迭代耗时: 1.09s | 总耗时: 76.85s
2025-04-08 13:55:49,623 - INFO - 迭代 73/500 | 阶段: evolutionary learning | 最佳完工时间: 1658.00 | 迭代耗时: 1.03s | 总耗时: 77.88s
2025-04-08 13:55:50,741 - INFO - 迭代 74/500 | 阶段: evolutionary learning | 最佳完工时间: 1658.00 | 迭代耗时: 1.12s | 总耗时: 79.00s
2025-04-08 13:55:51,953 - INFO - 迭代 75/500 | 阶段: evolutionary learning | 最佳完工时间: 1658.00 | 迭代耗时: 1.21s | 总耗时: 80.21s
2025-04-08 13:55:53,031 - INFO - 迭代 76/500 | 阶段: evolutionary learning | 最佳完工时间: 1658.00 | 迭代耗时: 1.08s | 总耗时: 81.29s
2025-04-08 13:55:54,132 - INFO - EL找到新的最优解，完工时间: 1654.00
2025-04-08 13:55:54,132 - INFO - 迭代 77/500 | 阶段: evolutionary learning | 最佳完工时间: 1654.00 | 迭代耗时: 1.10s | 总耗时: 82.39s
2025-04-08 13:55:55,273 - INFO - 迭代 78/500 | 阶段: evolutionary learning | 最佳完工时间: 1654.00 | 迭代耗时: 1.14s | 总耗时: 83.53s
2025-04-08 13:55:56,342 - INFO - 迭代 79/500 | 阶段: evolutionary learning | 最佳完工时间: 1654.00 | 迭代耗时: 1.07s | 总耗时: 84.60s
2025-04-08 13:55:57,422 - INFO - 迭代 80/500 | 阶段: evolutionary learning | 最佳完工时间: 1654.00 | 迭代耗时: 1.08s | 总耗时: 85.68s
2025-04-08 13:55:58,467 - INFO - EL找到新的最优解，完工时间: 1640.00
2025-04-08 13:55:58,467 - INFO - 迭代 81/500 | 阶段: evolutionary learning | 最佳完工时间: 1640.00 | 迭代耗时: 1.04s | 总耗时: 86.73s
2025-04-08 13:55:59,572 - INFO - 迭代 82/500 | 阶段: evolutionary learning | 最佳完工时间: 1640.00 | 迭代耗时: 1.11s | 总耗时: 87.83s
2025-04-08 13:56:00,641 - INFO - 迭代 83/500 | 阶段: evolutionary learning | 最佳完工时间: 1640.00 | 迭代耗时: 1.07s | 总耗时: 88.90s
2025-04-08 13:56:01,764 - INFO - 迭代 84/500 | 阶段: evolutionary learning | 最佳完工时间: 1640.00 | 迭代耗时: 1.12s | 总耗时: 90.03s
2025-04-08 13:56:02,801 - INFO - EL找到新的最优解，完工时间: 1634.00
2025-04-08 13:56:02,801 - INFO - 迭代 85/500 | 阶段: evolutionary learning | 最佳完工时间: 1634.00 | 迭代耗时: 1.04s | 总耗时: 91.06s
2025-04-08 13:56:03,891 - INFO - 迭代 86/500 | 阶段: evolutionary learning | 最佳完工时间: 1634.00 | 迭代耗时: 1.09s | 总耗时: 92.15s
2025-04-08 13:56:05,031 - INFO - 迭代 87/500 | 阶段: evolutionary learning | 最佳完工时间: 1634.00 | 迭代耗时: 1.14s | 总耗时: 93.29s
2025-04-08 13:56:06,092 - INFO - EL找到新的最优解，完工时间: 1628.00
2025-04-08 13:56:06,093 - INFO - 迭代 88/500 | 阶段: evolutionary learning | 最佳完工时间: 1628.00 | 迭代耗时: 1.06s | 总耗时: 94.35s
2025-04-08 13:56:07,174 - INFO - 迭代 89/500 | 阶段: evolutionary learning | 最佳完工时间: 1628.00 | 迭代耗时: 1.08s | 总耗时: 95.44s
2025-04-08 13:56:08,284 - INFO - 迭代 90/500 | 阶段: evolutionary learning | 最佳完工时间: 1628.00 | 迭代耗时: 1.11s | 总耗时: 96.55s
2025-04-08 13:56:09,329 - INFO - EL找到新的最优解，完工时间: 1626.00
2025-04-08 13:56:09,329 - INFO - 迭代 91/500 | 阶段: evolutionary learning | 最佳完工时间: 1626.00 | 迭代耗时: 1.04s | 总耗时: 97.59s
2025-04-08 13:56:10,452 - INFO - EL找到新的最优解，完工时间: 1622.00
2025-04-08 13:56:10,452 - INFO - 迭代 92/500 | 阶段: evolutionary learning | 最佳完工时间: 1622.00 | 迭代耗时: 1.12s | 总耗时: 98.71s
2025-04-08 13:56:11,562 - INFO - 迭代 93/500 | 阶段: evolutionary learning | 最佳完工时间: 1622.00 | 迭代耗时: 1.11s | 总耗时: 99.82s
2025-04-08 13:56:12,681 - INFO - 迭代 94/500 | 阶段: evolutionary learning | 最佳完工时间: 1622.00 | 迭代耗时: 1.12s | 总耗时: 100.94s
2025-04-08 13:56:13,762 - INFO - 迭代 95/500 | 阶段: evolutionary learning | 最佳完工时间: 1622.00 | 迭代耗时: 1.08s | 总耗时: 102.02s
2025-04-08 13:56:14,959 - INFO - EL找到新的最优解，完工时间: 1620.00
2025-04-08 13:56:14,959 - INFO - 迭代 96/500 | 阶段: evolutionary learning | 最佳完工时间: 1620.00 | 迭代耗时: 1.20s | 总耗时: 103.22s
2025-04-08 13:56:16,223 - INFO - EL找到新的最优解，完工时间: 1616.00
2025-04-08 13:56:16,223 - INFO - 迭代 97/500 | 阶段: evolutionary learning | 最佳完工时间: 1616.00 | 迭代耗时: 1.26s | 总耗时: 104.48s
2025-04-08 13:56:17,431 - INFO - EL找到新的最优解，完工时间: 1614.00
2025-04-08 13:56:17,431 - INFO - 迭代 98/500 | 阶段: evolutionary learning | 最佳完工时间: 1614.00 | 迭代耗时: 1.21s | 总耗时: 105.69s
2025-04-08 13:56:18,679 - INFO - 迭代 99/500 | 阶段: evolutionary learning | 最佳完工时间: 1614.00 | 迭代耗时: 1.25s | 总耗时: 106.94s
2025-04-08 13:56:19,874 - INFO - 迭代 100/500 | 阶段: evolutionary learning | 最佳完工时间: 1614.00 | 迭代耗时: 1.20s | 总耗时: 108.14s
2025-04-08 13:56:21,087 - INFO - 迭代 101/500 | 阶段: evolutionary learning | 最佳完工时间: 1614.00 | 迭代耗时: 1.21s | 总耗时: 109.35s
2025-04-08 13:56:22,355 - INFO - 迭代 102/500 | 阶段: evolutionary learning | 最佳完工时间: 1614.00 | 迭代耗时: 1.27s | 总耗时: 110.62s
2025-04-08 13:56:23,612 - INFO - 迭代 103/500 | 阶段: evolutionary learning | 最佳完工时间: 1614.00 | 迭代耗时: 1.26s | 总耗时: 111.87s
2025-04-08 13:56:24,815 - INFO - EL找到新的最优解，完工时间: 1610.00
2025-04-08 13:56:24,815 - INFO - 迭代 104/500 | 阶段: evolutionary learning | 最佳完工时间: 1610.00 | 迭代耗时: 1.20s | 总耗时: 113.08s
2025-04-08 13:56:26,114 - INFO - 迭代 105/500 | 阶段: evolutionary learning | 最佳完工时间: 1610.00 | 迭代耗时: 1.30s | 总耗时: 114.38s
2025-04-08 13:56:27,291 - INFO - 迭代 106/500 | 阶段: evolutionary learning | 最佳完工时间: 1610.00 | 迭代耗时: 1.18s | 总耗时: 115.55s
2025-04-08 13:56:28,545 - INFO - 迭代 107/500 | 阶段: evolutionary learning | 最佳完工时间: 1610.00 | 迭代耗时: 1.25s | 总耗时: 116.81s
2025-04-08 13:56:29,757 - INFO - 迭代 108/500 | 阶段: evolutionary learning | 最佳完工时间: 1610.00 | 迭代耗时: 1.21s | 总耗时: 118.02s
2025-04-08 13:56:30,826 - INFO - 迭代 109/500 | 阶段: evolutionary learning | 最佳完工时间: 1610.00 | 迭代耗时: 1.07s | 总耗时: 119.09s
2025-04-08 13:56:31,849 - INFO - 迭代 110/500 | 阶段: evolutionary learning | 最佳完工时间: 1610.00 | 迭代耗时: 1.02s | 总耗时: 120.11s
2025-04-08 13:56:32,901 - INFO - 迭代 111/500 | 阶段: evolutionary learning | 最佳完工时间: 1610.00 | 迭代耗时: 1.05s | 总耗时: 121.16s
2025-04-08 13:56:34,025 - INFO - 迭代 112/500 | 阶段: evolutionary learning | 最佳完工时间: 1610.00 | 迭代耗时: 1.12s | 总耗时: 122.29s
2025-04-08 13:56:35,064 - INFO - 迭代 113/500 | 阶段: evolutionary learning | 最佳完工时间: 1610.00 | 迭代耗时: 1.04s | 总耗时: 123.33s
2025-04-08 13:56:36,157 - INFO - 迭代 114/500 | 阶段: evolutionary learning | 最佳完工时间: 1610.00 | 迭代耗时: 1.09s | 总耗时: 124.42s
2025-04-08 13:56:37,241 - INFO - 迭代 115/500 | 阶段: evolutionary learning | 最佳完工时间: 1610.00 | 迭代耗时: 1.08s | 总耗时: 125.50s
2025-04-08 13:56:38,346 - INFO - 迭代 116/500 | 阶段: evolutionary learning | 最佳完工时间: 1610.00 | 迭代耗时: 1.10s | 总耗时: 126.61s
2025-04-08 13:56:39,366 - INFO - 迭代 117/500 | 阶段: evolutionary learning | 最佳完工时间: 1610.00 | 迭代耗时: 1.02s | 总耗时: 127.63s
2025-04-08 13:56:40,377 - INFO - EL找到新的最优解，完工时间: 1606.00
2025-04-08 13:56:40,377 - INFO - 迭代 118/500 | 阶段: evolutionary learning | 最佳完工时间: 1606.00 | 迭代耗时: 1.01s | 总耗时: 128.64s
2025-04-08 13:56:41,370 - INFO - 迭代 119/500 | 阶段: evolutionary learning | 最佳完工时间: 1606.00 | 迭代耗时: 0.99s | 总耗时: 129.63s
2025-04-08 13:56:42,357 - INFO - 迭代 120/500 | 阶段: evolutionary learning | 最佳完工时间: 1606.00 | 迭代耗时: 0.99s | 总耗时: 130.62s
2025-04-08 13:56:43,384 - INFO - 迭代 121/500 | 阶段: evolutionary learning | 最佳完工时间: 1606.00 | 迭代耗时: 1.03s | 总耗时: 131.65s
2025-04-08 13:56:44,354 - INFO - 迭代 122/500 | 阶段: evolutionary learning | 最佳完工时间: 1606.00 | 迭代耗时: 0.97s | 总耗时: 132.62s
2025-04-08 13:56:45,361 - INFO - 迭代 123/500 | 阶段: evolutionary learning | 最佳完工时间: 1606.00 | 迭代耗时: 1.01s | 总耗时: 133.62s
2025-04-08 13:56:46,380 - INFO - 迭代 124/500 | 阶段: evolutionary learning | 最佳完工时间: 1606.00 | 迭代耗时: 1.02s | 总耗时: 134.64s
2025-04-08 13:56:47,362 - INFO - 迭代 125/500 | 阶段: evolutionary learning | 最佳完工时间: 1606.00 | 迭代耗时: 0.98s | 总耗时: 135.62s
2025-04-08 13:56:48,352 - INFO - 迭代 126/500 | 阶段: evolutionary learning | 最佳完工时间: 1606.00 | 迭代耗时: 0.99s | 总耗时: 136.61s
2025-04-08 13:56:49,324 - INFO - 迭代 127/500 | 阶段: evolutionary learning | 最佳完工时间: 1606.00 | 迭代耗时: 0.97s | 总耗时: 137.59s
2025-04-08 13:56:50,308 - INFO - 迭代 128/500 | 阶段: evolutionary learning | 最佳完工时间: 1606.00 | 迭代耗时: 0.98s | 总耗时: 138.57s
2025-04-08 13:56:51,287 - INFO - 迭代 129/500 | 阶段: evolutionary learning | 最佳完工时间: 1606.00 | 迭代耗时: 0.98s | 总耗时: 139.55s
2025-04-08 13:56:52,258 - INFO - 迭代 130/500 | 阶段: evolutionary learning | 最佳完工时间: 1606.00 | 迭代耗时: 0.97s | 总耗时: 140.52s
2025-04-08 13:56:53,251 - INFO - 迭代 131/500 | 阶段: evolutionary learning | 最佳完工时间: 1606.00 | 迭代耗时: 0.99s | 总耗时: 141.51s
2025-04-08 13:56:54,242 - INFO - 迭代 132/500 | 阶段: evolutionary learning | 最佳完工时间: 1606.00 | 迭代耗时: 0.99s | 总耗时: 142.50s
2025-04-08 13:56:55,240 - INFO - 迭代 133/500 | 阶段: evolutionary learning | 最佳完工时间: 1606.00 | 迭代耗时: 1.00s | 总耗时: 143.50s
2025-04-08 13:56:56,228 - INFO - 迭代 134/500 | 阶段: evolutionary learning | 最佳完工时间: 1606.00 | 迭代耗时: 0.99s | 总耗时: 144.49s
2025-04-08 13:56:57,204 - INFO - 迭代 135/500 | 阶段: evolutionary learning | 最佳完工时间: 1606.00 | 迭代耗时: 0.98s | 总耗时: 145.47s
2025-04-08 13:56:58,204 - INFO - 迭代 136/500 | 阶段: evolutionary learning | 最佳完工时间: 1606.00 | 迭代耗时: 1.00s | 总耗时: 146.47s
2025-04-08 13:56:59,189 - INFO - 迭代 137/500 | 阶段: evolutionary learning | 最佳完工时间: 1606.00 | 迭代耗时: 0.98s | 总耗时: 147.45s
2025-04-08 13:57:00,191 - INFO - 迭代 138/500 | 阶段: evolutionary learning | 最佳完工时间: 1606.00 | 迭代耗时: 1.00s | 总耗时: 148.45s
2025-04-08 13:57:01,182 - INFO - 迭代 139/500 | 阶段: evolutionary learning | 最佳完工时间: 1606.00 | 迭代耗时: 0.99s | 总耗时: 149.44s
2025-04-08 13:57:02,185 - INFO - 迭代 140/500 | 阶段: evolutionary learning | 最佳完工时间: 1606.00 | 迭代耗时: 1.00s | 总耗时: 150.45s
2025-04-08 13:57:03,189 - INFO - 迭代 141/500 | 阶段: evolutionary learning | 最佳完工时间: 1606.00 | 迭代耗时: 1.00s | 总耗时: 151.45s
2025-04-08 13:57:04,201 - INFO - 迭代 142/500 | 阶段: evolutionary learning | 最佳完工时间: 1606.00 | 迭代耗时: 1.01s | 总耗时: 152.46s
2025-04-08 13:57:05,168 - INFO - 迭代 143/500 | 阶段: evolutionary learning | 最佳完工时间: 1606.00 | 迭代耗时: 0.97s | 总耗时: 153.43s
2025-04-08 13:57:06,165 - INFO - 迭代 144/500 | 阶段: evolutionary learning | 最佳完工时间: 1606.00 | 迭代耗时: 1.00s | 总耗时: 154.43s
2025-04-08 13:57:07,149 - INFO - 迭代 145/500 | 阶段: evolutionary learning | 最佳完工时间: 1606.00 | 迭代耗时: 0.98s | 总耗时: 155.41s
2025-04-08 13:57:08,144 - INFO - 迭代 146/500 | 阶段: evolutionary learning | 最佳完工时间: 1606.00 | 迭代耗时: 1.00s | 总耗时: 156.41s
2025-04-08 13:57:09,145 - INFO - 迭代 147/500 | 阶段: evolutionary learning | 最佳完工时间: 1606.00 | 迭代耗时: 1.00s | 总耗时: 157.41s
2025-04-08 13:57:10,137 - INFO - 迭代 148/500 | 阶段: evolutionary learning | 最佳完工时间: 1606.00 | 迭代耗时: 0.99s | 总耗时: 158.40s
2025-04-08 13:57:11,180 - INFO - 迭代 149/500 | 阶段: evolutionary learning | 最佳完工时间: 1606.00 | 迭代耗时: 1.04s | 总耗时: 159.44s
2025-04-08 13:57:12,155 - INFO - 迭代 150/500 | 阶段: evolutionary learning | 最佳完工时间: 1606.00 | 迭代耗时: 0.98s | 总耗时: 160.42s
2025-04-08 13:57:13,181 - INFO - 迭代 151/500 | 阶段: evolutionary learning | 最佳完工时间: 1606.00 | 迭代耗时: 1.03s | 总耗时: 161.44s
2025-04-08 13:57:14,217 - INFO - 迭代 152/500 | 阶段: evolutionary learning | 最佳完工时间: 1606.00 | 迭代耗时: 1.04s | 总耗时: 162.48s
2025-04-08 13:57:15,204 - INFO - 迭代 153/500 | 阶段: evolutionary learning | 最佳完工时间: 1606.00 | 迭代耗时: 0.99s | 总耗时: 163.47s
2025-04-08 13:57:16,173 - INFO - 迭代 154/500 | 阶段: evolutionary learning | 最佳完工时间: 1606.00 | 迭代耗时: 0.97s | 总耗时: 164.43s
2025-04-08 13:57:17,177 - INFO - 迭代 155/500 | 阶段: evolutionary learning | 最佳完工时间: 1606.00 | 迭代耗时: 1.00s | 总耗时: 165.44s
2025-04-08 13:57:18,129 - INFO - 迭代 156/500 | 阶段: evolutionary learning | 最佳完工时间: 1606.00 | 迭代耗时: 0.95s | 总耗时: 166.39s
2025-04-08 13:57:19,120 - INFO - 迭代 157/500 | 阶段: evolutionary learning | 最佳完工时间: 1606.00 | 迭代耗时: 0.99s | 总耗时: 167.38s
2025-04-08 13:57:20,052 - INFO - 迭代 158/500 | 阶段: evolutionary learning | 最佳完工时间: 1606.00 | 迭代耗时: 0.93s | 总耗时: 168.31s
2025-04-08 13:57:21,045 - INFO - 迭代 159/500 | 阶段: evolutionary learning | 最佳完工时间: 1606.00 | 迭代耗时: 0.99s | 总耗时: 169.31s
2025-04-08 13:57:22,012 - INFO - 迭代 160/500 | 阶段: evolutionary learning | 最佳完工时间: 1606.00 | 迭代耗时: 0.97s | 总耗时: 170.27s
2025-04-08 13:57:23,019 - INFO - 迭代 161/500 | 阶段: evolutionary learning | 最佳完工时间: 1606.00 | 迭代耗时: 1.01s | 总耗时: 171.28s
2025-04-08 13:57:24,013 - INFO - 迭代 162/500 | 阶段: evolutionary learning | 最佳完工时间: 1606.00 | 迭代耗时: 0.99s | 总耗时: 172.27s
2025-04-08 13:57:24,988 - INFO - 迭代 163/500 | 阶段: evolutionary learning | 最佳完工时间: 1606.00 | 迭代耗时: 0.98s | 总耗时: 173.25s
2025-04-08 13:57:25,972 - INFO - 迭代 164/500 | 阶段: evolutionary learning | 最佳完工时间: 1606.00 | 迭代耗时: 0.98s | 总耗时: 174.23s
2025-04-08 13:57:26,957 - INFO - 迭代 165/500 | 阶段: evolutionary learning | 最佳完工时间: 1606.00 | 迭代耗时: 0.98s | 总耗时: 175.22s
2025-04-08 13:57:27,977 - INFO - 迭代 166/500 | 阶段: evolutionary learning | 最佳完工时间: 1606.00 | 迭代耗时: 1.02s | 总耗时: 176.24s
2025-04-08 13:57:28,960 - INFO - 迭代 167/500 | 阶段: evolutionary learning | 最佳完工时间: 1606.00 | 迭代耗时: 0.98s | 总耗时: 177.22s
2025-04-08 13:57:29,966 - INFO - 迭代 168/500 | 阶段: evolutionary learning | 最佳完工时间: 1606.00 | 迭代耗时: 1.01s | 总耗时: 178.23s
2025-04-08 13:57:30,937 - INFO - 迭代 169/500 | 阶段: evolutionary learning | 最佳完工时间: 1606.00 | 迭代耗时: 0.97s | 总耗时: 179.20s
2025-04-08 13:57:31,926 - INFO - 迭代 170/500 | 阶段: evolutionary learning | 最佳完工时间: 1606.00 | 迭代耗时: 0.99s | 总耗时: 180.19s
2025-04-08 13:57:32,932 - INFO - 迭代 171/500 | 阶段: evolutionary learning | 最佳完工时间: 1606.00 | 迭代耗时: 1.01s | 总耗时: 181.19s
2025-04-08 13:57:33,915 - INFO - 迭代 172/500 | 阶段: evolutionary learning | 最佳完工时间: 1606.00 | 迭代耗时: 0.98s | 总耗时: 182.18s
2025-04-08 13:57:34,921 - INFO - 迭代 173/500 | 阶段: evolutionary learning | 最佳完工时间: 1606.00 | 迭代耗时: 1.01s | 总耗时: 183.18s
2025-04-08 13:57:35,895 - INFO - 迭代 174/500 | 阶段: evolutionary learning | 最佳完工时间: 1606.00 | 迭代耗时: 0.97s | 总耗时: 184.16s
2025-04-08 13:57:36,848 - INFO - 迭代 175/500 | 阶段: evolutionary learning | 最佳完工时间: 1606.00 | 迭代耗时: 0.95s | 总耗时: 185.11s
2025-04-08 13:57:37,864 - INFO - 迭代 176/500 | 阶段: evolutionary learning | 最佳完工时间: 1606.00 | 迭代耗时: 1.02s | 总耗时: 186.13s
2025-04-08 13:57:38,858 - INFO - 迭代 177/500 | 阶段: evolutionary learning | 最佳完工时间: 1606.00 | 迭代耗时: 0.99s | 总耗时: 187.12s
2025-04-08 13:57:39,814 - INFO - 迭代 178/500 | 阶段: evolutionary learning | 最佳完工时间: 1606.00 | 迭代耗时: 0.96s | 总耗时: 188.08s
2025-04-08 13:57:40,814 - INFO - 迭代 179/500 | 阶段: evolutionary learning | 最佳完工时间: 1606.00 | 迭代耗时: 1.00s | 总耗时: 189.08s
2025-04-08 13:57:41,785 - INFO - 迭代 180/500 | 阶段: evolutionary learning | 最佳完工时间: 1606.00 | 迭代耗时: 0.97s | 总耗时: 190.05s
2025-04-08 13:57:42,792 - INFO - 迭代 181/500 | 阶段: evolutionary learning | 最佳完工时间: 1606.00 | 迭代耗时: 1.01s | 总耗时: 191.05s
2025-04-08 13:57:43,764 - INFO - 迭代 182/500 | 阶段: evolutionary learning | 最佳完工时间: 1606.00 | 迭代耗时: 0.97s | 总耗时: 192.03s
2025-04-08 13:57:44,737 - INFO - 迭代 183/500 | 阶段: evolutionary learning | 最佳完工时间: 1606.00 | 迭代耗时: 0.97s | 总耗时: 193.00s
2025-04-08 13:57:45,733 - INFO - 迭代 184/500 | 阶段: evolutionary learning | 最佳完工时间: 1606.00 | 迭代耗时: 1.00s | 总耗时: 193.99s
2025-04-08 13:57:46,747 - INFO - 迭代 185/500 | 阶段: evolutionary learning | 最佳完工时间: 1606.00 | 迭代耗时: 1.01s | 总耗时: 195.01s
2025-04-08 13:57:47,772 - INFO - 迭代 186/500 | 阶段: evolutionary learning | 最佳完工时间: 1606.00 | 迭代耗时: 1.03s | 总耗时: 196.03s
2025-04-08 13:57:48,753 - INFO - 迭代 187/500 | 阶段: evolutionary learning | 最佳完工时间: 1606.00 | 迭代耗时: 0.98s | 总耗时: 197.01s
2025-04-08 13:57:49,776 - INFO - 迭代 188/500 | 阶段: evolutionary learning | 最佳完工时间: 1606.00 | 迭代耗时: 1.02s | 总耗时: 198.04s
2025-04-08 13:57:50,777 - INFO - 迭代 189/500 | 阶段: evolutionary learning | 最佳完工时间: 1606.00 | 迭代耗时: 1.00s | 总耗时: 199.04s
2025-04-08 13:57:51,752 - INFO - 迭代 190/500 | 阶段: evolutionary learning | 最佳完工时间: 1606.00 | 迭代耗时: 0.98s | 总耗时: 200.01s
2025-04-08 13:57:52,773 - INFO - 迭代 191/500 | 阶段: evolutionary learning | 最佳完工时间: 1606.00 | 迭代耗时: 1.02s | 总耗时: 201.03s
2025-04-08 13:57:53,753 - INFO - EL找到新的最优解，完工时间: 1604.00
2025-04-08 13:57:53,753 - INFO - 迭代 192/500 | 阶段: evolutionary learning | 最佳完工时间: 1604.00 | 迭代耗时: 0.98s | 总耗时: 202.01s
2025-04-08 13:57:54,754 - INFO - EL找到新的最优解，完工时间: 1600.00
2025-04-08 13:57:54,754 - INFO - 迭代 193/500 | 阶段: evolutionary learning | 最佳完工时间: 1600.00 | 迭代耗时: 1.00s | 总耗时: 203.02s
2025-04-08 13:57:55,735 - INFO - 迭代 194/500 | 阶段: evolutionary learning | 最佳完工时间: 1600.00 | 迭代耗时: 0.98s | 总耗时: 204.00s
2025-04-08 13:57:56,735 - INFO - 迭代 195/500 | 阶段: evolutionary learning | 最佳完工时间: 1600.00 | 迭代耗时: 1.00s | 总耗时: 205.00s
2025-04-08 13:57:57,737 - INFO - 迭代 196/500 | 阶段: evolutionary learning | 最佳完工时间: 1600.00 | 迭代耗时: 1.00s | 总耗时: 206.00s
2025-04-08 13:57:58,708 - INFO - 迭代 197/500 | 阶段: evolutionary learning | 最佳完工时间: 1600.00 | 迭代耗时: 0.97s | 总耗时: 206.97s
2025-04-08 13:57:59,747 - INFO - 迭代 198/500 | 阶段: evolutionary learning | 最佳完工时间: 1600.00 | 迭代耗时: 1.04s | 总耗时: 208.01s
2025-04-08 13:58:00,741 - INFO - 迭代 199/500 | 阶段: evolutionary learning | 最佳完工时间: 1600.00 | 迭代耗时: 0.99s | 总耗时: 209.00s
2025-04-08 13:58:01,760 - INFO - 迭代 200/500 | 阶段: evolutionary learning | 最佳完工时间: 1600.00 | 迭代耗时: 1.02s | 总耗时: 210.02s
2025-04-08 13:58:02,795 - INFO - 迭代 201/500 | 阶段: evolutionary learning | 最佳完工时间: 1600.00 | 迭代耗时: 1.03s | 总耗时: 211.06s
2025-04-08 13:58:03,836 - INFO - 迭代 202/500 | 阶段: evolutionary learning | 最佳完工时间: 1600.00 | 迭代耗时: 1.04s | 总耗时: 212.10s
2025-04-08 13:58:04,842 - INFO - 迭代 203/500 | 阶段: evolutionary learning | 最佳完工时间: 1600.00 | 迭代耗时: 1.01s | 总耗时: 213.10s
2025-04-08 13:58:05,791 - INFO - 迭代 204/500 | 阶段: evolutionary learning | 最佳完工时间: 1600.00 | 迭代耗时: 0.95s | 总耗时: 214.05s
2025-04-08 13:58:06,770 - INFO - 迭代 205/500 | 阶段: evolutionary learning | 最佳完工时间: 1600.00 | 迭代耗时: 0.98s | 总耗时: 215.03s
2025-04-08 13:58:07,759 - INFO - 迭代 206/500 | 阶段: evolutionary learning | 最佳完工时间: 1600.00 | 迭代耗时: 0.99s | 总耗时: 216.02s
2025-04-08 13:58:08,766 - INFO - 迭代 207/500 | 阶段: evolutionary learning | 最佳完工时间: 1600.00 | 迭代耗时: 1.01s | 总耗时: 217.03s
2025-04-08 13:58:09,768 - INFO - 迭代 208/500 | 阶段: evolutionary learning | 最佳完工时间: 1600.00 | 迭代耗时: 1.00s | 总耗时: 218.03s
2025-04-08 13:58:10,764 - INFO - 迭代 209/500 | 阶段: evolutionary learning | 最佳完工时间: 1600.00 | 迭代耗时: 1.00s | 总耗时: 219.03s
2025-04-08 13:58:11,788 - INFO - 迭代 210/500 | 阶段: evolutionary learning | 最佳完工时间: 1600.00 | 迭代耗时: 1.02s | 总耗时: 220.05s
2025-04-08 13:58:12,807 - INFO - 迭代 211/500 | 阶段: evolutionary learning | 最佳完工时间: 1600.00 | 迭代耗时: 1.02s | 总耗时: 221.07s
2025-04-08 13:58:13,787 - INFO - 迭代 212/500 | 阶段: evolutionary learning | 最佳完工时间: 1600.00 | 迭代耗时: 0.98s | 总耗时: 222.05s
2025-04-08 13:58:14,791 - INFO - 迭代 213/500 | 阶段: evolutionary learning | 最佳完工时间: 1600.00 | 迭代耗时: 1.00s | 总耗时: 223.05s
2025-04-08 13:58:15,862 - INFO - 迭代 214/500 | 阶段: evolutionary learning | 最佳完工时间: 1600.00 | 迭代耗时: 1.07s | 总耗时: 224.12s
2025-04-08 13:58:16,868 - INFO - 迭代 215/500 | 阶段: evolutionary learning | 最佳完工时间: 1600.00 | 迭代耗时: 1.01s | 总耗时: 225.13s
2025-04-08 13:58:17,900 - INFO - 迭代 216/500 | 阶段: evolutionary learning | 最佳完工时间: 1600.00 | 迭代耗时: 1.03s | 总耗时: 226.16s
2025-04-08 13:58:18,933 - INFO - 迭代 217/500 | 阶段: evolutionary learning | 最佳完工时间: 1600.00 | 迭代耗时: 1.03s | 总耗时: 227.19s
2025-04-08 13:58:19,921 - INFO - 迭代 218/500 | 阶段: evolutionary learning | 最佳完工时间: 1600.00 | 迭代耗时: 0.99s | 总耗时: 228.18s
2025-04-08 13:58:20,922 - INFO - 迭代 219/500 | 阶段: evolutionary learning | 最佳完工时间: 1600.00 | 迭代耗时: 1.00s | 总耗时: 229.18s
2025-04-08 13:58:21,892 - INFO - 迭代 220/500 | 阶段: evolutionary learning | 最佳完工时间: 1600.00 | 迭代耗时: 0.97s | 总耗时: 230.15s
2025-04-08 13:58:22,933 - INFO - 迭代 221/500 | 阶段: evolutionary learning | 最佳完工时间: 1600.00 | 迭代耗时: 1.04s | 总耗时: 231.19s
2025-04-08 13:58:23,958 - INFO - 迭代 222/500 | 阶段: evolutionary learning | 最佳完工时间: 1600.00 | 迭代耗时: 1.03s | 总耗时: 232.22s
2025-04-08 13:58:24,962 - INFO - 迭代 223/500 | 阶段: evolutionary learning | 最佳完工时间: 1600.00 | 迭代耗时: 1.00s | 总耗时: 233.22s
2025-04-08 13:58:25,973 - INFO - 迭代 224/500 | 阶段: evolutionary learning | 最佳完工时间: 1600.00 | 迭代耗时: 1.01s | 总耗时: 234.23s
2025-04-08 13:58:26,973 - INFO - 迭代 225/500 | 阶段: evolutionary learning | 最佳完工时间: 1600.00 | 迭代耗时: 1.00s | 总耗时: 235.23s
2025-04-08 13:58:27,987 - INFO - 迭代 226/500 | 阶段: evolutionary learning | 最佳完工时间: 1600.00 | 迭代耗时: 1.01s | 总耗时: 236.25s
2025-04-08 13:58:28,981 - INFO - 迭代 227/500 | 阶段: evolutionary learning | 最佳完工时间: 1600.00 | 迭代耗时: 0.99s | 总耗时: 237.24s
2025-04-08 13:58:29,976 - INFO - 迭代 228/500 | 阶段: evolutionary learning | 最佳完工时间: 1600.00 | 迭代耗时: 1.00s | 总耗时: 238.24s
2025-04-08 13:58:31,010 - INFO - 迭代 229/500 | 阶段: evolutionary learning | 最佳完工时间: 1600.00 | 迭代耗时: 1.03s | 总耗时: 239.27s
2025-04-08 13:58:32,025 - INFO - 迭代 230/500 | 阶段: evolutionary learning | 最佳完工时间: 1600.00 | 迭代耗时: 1.02s | 总耗时: 240.29s
2025-04-08 13:58:33,001 - INFO - 迭代 231/500 | 阶段: evolutionary learning | 最佳完工时间: 1600.00 | 迭代耗时: 0.98s | 总耗时: 241.26s
2025-04-08 13:58:33,977 - INFO - 迭代 232/500 | 阶段: evolutionary learning | 最佳完工时间: 1600.00 | 迭代耗时: 0.98s | 总耗时: 242.24s
2025-04-08 13:58:34,952 - INFO - 迭代 233/500 | 阶段: evolutionary learning | 最佳完工时间: 1600.00 | 迭代耗时: 0.98s | 总耗时: 243.21s
2025-04-08 13:58:35,930 - INFO - 迭代 234/500 | 阶段: evolutionary learning | 最佳完工时间: 1600.00 | 迭代耗时: 0.98s | 总耗时: 244.19s
2025-04-08 13:58:36,936 - INFO - 迭代 235/500 | 阶段: evolutionary learning | 最佳完工时间: 1600.00 | 迭代耗时: 1.01s | 总耗时: 245.20s
2025-04-08 13:58:37,962 - INFO - 迭代 236/500 | 阶段: evolutionary learning | 最佳完工时间: 1600.00 | 迭代耗时: 1.03s | 总耗时: 246.22s
2025-04-08 13:58:38,942 - INFO - 迭代 237/500 | 阶段: evolutionary learning | 最佳完工时间: 1600.00 | 迭代耗时: 0.98s | 总耗时: 247.20s
2025-04-08 13:58:39,934 - INFO - 迭代 238/500 | 阶段: evolutionary learning | 最佳完工时间: 1600.00 | 迭代耗时: 0.99s | 总耗时: 248.20s
2025-04-08 13:58:40,934 - INFO - 迭代 239/500 | 阶段: evolutionary learning | 最佳完工时间: 1600.00 | 迭代耗时: 1.00s | 总耗时: 249.20s
2025-04-08 13:58:41,910 - INFO - 迭代 240/500 | 阶段: evolutionary learning | 最佳完工时间: 1600.00 | 迭代耗时: 0.98s | 总耗时: 250.17s
2025-04-08 13:58:42,910 - INFO - 迭代 241/500 | 阶段: evolutionary learning | 最佳完工时间: 1600.00 | 迭代耗时: 1.00s | 总耗时: 251.17s
2025-04-08 13:58:43,878 - INFO - 迭代 242/500 | 阶段: evolutionary learning | 最佳完工时间: 1600.00 | 迭代耗时: 0.97s | 总耗时: 252.14s
2025-04-08 13:58:44,869 - INFO - 迭代 243/500 | 阶段: evolutionary learning | 最佳完工时间: 1600.00 | 迭代耗时: 0.99s | 总耗时: 253.13s
2025-04-08 13:58:45,852 - INFO - 迭代 244/500 | 阶段: evolutionary learning | 最佳完工时间: 1600.00 | 迭代耗时: 0.98s | 总耗时: 254.11s
2025-04-08 13:58:46,818 - INFO - 迭代 245/500 | 阶段: evolutionary learning | 最佳完工时间: 1600.00 | 迭代耗时: 0.97s | 总耗时: 255.08s
2025-04-08 13:58:47,837 - INFO - 迭代 246/500 | 阶段: evolutionary learning | 最佳完工时间: 1600.00 | 迭代耗时: 1.02s | 总耗时: 256.10s
2025-04-08 13:58:48,819 - INFO - 迭代 247/500 | 阶段: evolutionary learning | 最佳完工时间: 1600.00 | 迭代耗时: 0.98s | 总耗时: 257.08s
2025-04-08 13:58:49,791 - INFO - 迭代 248/500 | 阶段: evolutionary learning | 最佳完工时间: 1600.00 | 迭代耗时: 0.97s | 总耗时: 258.05s
2025-04-08 13:58:50,812 - INFO - 迭代 249/500 | 阶段: evolutionary learning | 最佳完工时间: 1600.00 | 迭代耗时: 1.02s | 总耗时: 259.07s
2025-04-08 13:58:51,805 - INFO - 迭代 250/500 | 阶段: evolutionary learning | 最佳完工时间: 1600.00 | 迭代耗时: 0.99s | 总耗时: 260.07s
2025-04-08 13:58:52,834 - INFO - 迭代 251/500 | 阶段: evolutionary learning | 最佳完工时间: 1600.00 | 迭代耗时: 1.03s | 总耗时: 261.10s
2025-04-08 13:58:53,824 - INFO - 迭代 252/500 | 阶段: evolutionary learning | 最佳完工时间: 1600.00 | 迭代耗时: 0.99s | 总耗时: 262.09s
2025-04-08 13:58:54,835 - INFO - 迭代 253/500 | 阶段: evolutionary learning | 最佳完工时间: 1600.00 | 迭代耗时: 1.01s | 总耗时: 263.10s
2025-04-08 13:58:55,844 - INFO - 迭代 254/500 | 阶段: evolutionary learning | 最佳完工时间: 1600.00 | 迭代耗时: 1.01s | 总耗时: 264.11s
2025-04-08 13:58:56,835 - INFO - 迭代 255/500 | 阶段: evolutionary learning | 最佳完工时间: 1600.00 | 迭代耗时: 0.99s | 总耗时: 265.10s
2025-04-08 13:58:57,847 - INFO - 迭代 256/500 | 阶段: evolutionary learning | 最佳完工时间: 1600.00 | 迭代耗时: 1.01s | 总耗时: 266.11s
2025-04-08 13:58:58,862 - INFO - 迭代 257/500 | 阶段: evolutionary learning | 最佳完工时间: 1600.00 | 迭代耗时: 1.01s | 总耗时: 267.12s
2025-04-08 13:58:59,866 - INFO - 迭代 258/500 | 阶段: evolutionary learning | 最佳完工时间: 1600.00 | 迭代耗时: 1.00s | 总耗时: 268.13s
2025-04-08 13:59:00,878 - INFO - 迭代 259/500 | 阶段: evolutionary learning | 最佳完工时间: 1600.00 | 迭代耗时: 1.01s | 总耗时: 269.14s
2025-04-08 13:59:01,852 - INFO - 迭代 260/500 | 阶段: evolutionary learning | 最佳完工时间: 1600.00 | 迭代耗时: 0.97s | 总耗时: 270.11s
2025-04-08 13:59:02,882 - INFO - 迭代 261/500 | 阶段: evolutionary learning | 最佳完工时间: 1600.00 | 迭代耗时: 1.03s | 总耗时: 271.14s
2025-04-08 13:59:03,882 - INFO - EL找到新的最优解，完工时间: 1596.00
2025-04-08 13:59:03,882 - INFO - 迭代 262/500 | 阶段: evolutionary learning | 最佳完工时间: 1596.00 | 迭代耗时: 1.00s | 总耗时: 272.14s
2025-04-08 13:59:04,845 - INFO - 迭代 263/500 | 阶段: evolutionary learning | 最佳完工时间: 1596.00 | 迭代耗时: 0.96s | 总耗时: 273.11s
2025-04-08 13:59:05,808 - INFO - 迭代 264/500 | 阶段: evolutionary learning | 最佳完工时间: 1596.00 | 迭代耗时: 0.96s | 总耗时: 274.07s
2025-04-08 13:59:06,781 - INFO - 迭代 265/500 | 阶段: evolutionary learning | 最佳完工时间: 1596.00 | 迭代耗时: 0.97s | 总耗时: 275.04s
2025-04-08 13:59:07,791 - INFO - 迭代 266/500 | 阶段: evolutionary learning | 最佳完工时间: 1596.00 | 迭代耗时: 1.01s | 总耗时: 276.05s
2025-04-08 13:59:08,789 - INFO - 迭代 267/500 | 阶段: evolutionary learning | 最佳完工时间: 1596.00 | 迭代耗时: 1.00s | 总耗时: 277.05s
2025-04-08 13:59:09,783 - INFO - 迭代 268/500 | 阶段: evolutionary learning | 最佳完工时间: 1596.00 | 迭代耗时: 0.99s | 总耗时: 278.04s
2025-04-08 13:59:10,803 - INFO - 迭代 269/500 | 阶段: evolutionary learning | 最佳完工时间: 1596.00 | 迭代耗时: 1.02s | 总耗时: 279.06s
2025-04-08 13:59:11,787 - INFO - 迭代 270/500 | 阶段: evolutionary learning | 最佳完工时间: 1596.00 | 迭代耗时: 0.98s | 总耗时: 280.05s
2025-04-08 13:59:12,797 - INFO - 迭代 271/500 | 阶段: evolutionary learning | 最佳完工时间: 1596.00 | 迭代耗时: 1.01s | 总耗时: 281.06s
2025-04-08 13:59:13,775 - INFO - 迭代 272/500 | 阶段: evolutionary learning | 最佳完工时间: 1596.00 | 迭代耗时: 0.98s | 总耗时: 282.04s
2025-04-08 13:59:14,747 - INFO - 迭代 273/500 | 阶段: evolutionary learning | 最佳完工时间: 1596.00 | 迭代耗时: 0.97s | 总耗时: 283.01s
2025-04-08 13:59:15,731 - INFO - 迭代 274/500 | 阶段: evolutionary learning | 最佳完工时间: 1596.00 | 迭代耗时: 0.98s | 总耗时: 283.99s
2025-04-08 13:59:16,714 - INFO - 迭代 275/500 | 阶段: evolutionary learning | 最佳完工时间: 1596.00 | 迭代耗时: 0.98s | 总耗时: 284.98s
2025-04-08 13:59:17,775 - INFO - EL找到新的最优解，完工时间: 1592.00
2025-04-08 13:59:17,775 - INFO - 迭代 276/500 | 阶段: evolutionary learning | 最佳完工时间: 1592.00 | 迭代耗时: 1.06s | 总耗时: 286.04s
2025-04-08 13:59:18,779 - INFO - 迭代 277/500 | 阶段: evolutionary learning | 最佳完工时间: 1592.00 | 迭代耗时: 1.00s | 总耗时: 287.04s
2025-04-08 13:59:19,772 - INFO - 迭代 278/500 | 阶段: evolutionary learning | 最佳完工时间: 1592.00 | 迭代耗时: 0.99s | 总耗时: 288.03s
2025-04-08 13:59:20,728 - INFO - 迭代 279/500 | 阶段: evolutionary learning | 最佳完工时间: 1592.00 | 迭代耗时: 0.96s | 总耗时: 288.99s
2025-04-08 13:59:21,725 - INFO - 迭代 280/500 | 阶段: evolutionary learning | 最佳完工时间: 1592.00 | 迭代耗时: 1.00s | 总耗时: 289.99s
2025-04-08 13:59:22,784 - INFO - 迭代 281/500 | 阶段: evolutionary learning | 最佳完工时间: 1592.00 | 迭代耗时: 1.06s | 总耗时: 291.05s
2025-04-08 13:59:23,758 - INFO - 迭代 282/500 | 阶段: evolutionary learning | 最佳完工时间: 1592.00 | 迭代耗时: 0.97s | 总耗时: 292.02s
2025-04-08 13:59:24,766 - INFO - 迭代 283/500 | 阶段: evolutionary learning | 最佳完工时间: 1592.00 | 迭代耗时: 1.01s | 总耗时: 293.03s
2025-04-08 13:59:25,779 - INFO - 迭代 284/500 | 阶段: evolutionary learning | 最佳完工时间: 1592.00 | 迭代耗时: 1.01s | 总耗时: 294.04s
2025-04-08 13:59:26,762 - INFO - 迭代 285/500 | 阶段: evolutionary learning | 最佳完工时间: 1592.00 | 迭代耗时: 0.98s | 总耗时: 295.02s
2025-04-08 13:59:27,815 - INFO - 迭代 286/500 | 阶段: evolutionary learning | 最佳完工时间: 1592.00 | 迭代耗时: 1.05s | 总耗时: 296.08s
2025-04-08 13:59:28,807 - INFO - 迭代 287/500 | 阶段: evolutionary learning | 最佳完工时间: 1592.00 | 迭代耗时: 0.99s | 总耗时: 297.07s
2025-04-08 13:59:29,812 - INFO - EL找到新的最优解，完工时间: 1586.00
2025-04-08 13:59:29,812 - INFO - 迭代 288/500 | 阶段: evolutionary learning | 最佳完工时间: 1586.00 | 迭代耗时: 1.00s | 总耗时: 298.07s
2025-04-08 13:59:30,802 - INFO - EL找到新的最优解，完工时间: 1584.00
2025-04-08 13:59:30,802 - INFO - 迭代 289/500 | 阶段: evolutionary learning | 最佳完工时间: 1584.00 | 迭代耗时: 0.99s | 总耗时: 299.06s
2025-04-08 13:59:31,818 - INFO - 迭代 290/500 | 阶段: evolutionary learning | 最佳完工时间: 1584.00 | 迭代耗时: 1.02s | 总耗时: 300.08s
2025-04-08 13:59:32,803 - INFO - 迭代 291/500 | 阶段: evolutionary learning | 最佳完工时间: 1584.00 | 迭代耗时: 0.98s | 总耗时: 301.06s
2025-04-08 13:59:33,782 - INFO - 迭代 292/500 | 阶段: evolutionary learning | 最佳完工时间: 1584.00 | 迭代耗时: 0.98s | 总耗时: 302.04s
2025-04-08 13:59:34,757 - INFO - 迭代 293/500 | 阶段: evolutionary learning | 最佳完工时间: 1584.00 | 迭代耗时: 0.97s | 总耗时: 303.02s
2025-04-08 13:59:35,732 - INFO - EL找到新的最优解，完工时间: 1582.00
2025-04-08 13:59:35,732 - INFO - 迭代 294/500 | 阶段: evolutionary learning | 最佳完工时间: 1582.00 | 迭代耗时: 0.97s | 总耗时: 303.99s
2025-04-08 13:59:36,718 - INFO - 迭代 295/500 | 阶段: evolutionary learning | 最佳完工时间: 1582.00 | 迭代耗时: 0.99s | 总耗时: 304.98s
2025-04-08 13:59:37,712 - INFO - 迭代 296/500 | 阶段: evolutionary learning | 最佳完工时间: 1582.00 | 迭代耗时: 0.99s | 总耗时: 305.97s
2025-04-08 13:59:38,711 - INFO - EL找到新的最优解，完工时间: 1580.00
2025-04-08 13:59:38,711 - INFO - 迭代 297/500 | 阶段: evolutionary learning | 最佳完工时间: 1580.00 | 迭代耗时: 1.00s | 总耗时: 306.97s
2025-04-08 13:59:39,693 - INFO - 迭代 298/500 | 阶段: evolutionary learning | 最佳完工时间: 1580.00 | 迭代耗时: 0.98s | 总耗时: 307.95s
2025-04-08 13:59:40,697 - INFO - 迭代 299/500 | 阶段: evolutionary learning | 最佳完工时间: 1580.00 | 迭代耗时: 1.00s | 总耗时: 308.96s
2025-04-08 13:59:41,693 - INFO - 迭代 300/500 | 阶段: evolutionary learning | 最佳完工时间: 1580.00 | 迭代耗时: 1.00s | 总耗时: 309.95s
2025-04-08 13:59:42,674 - INFO - EL找到新的最优解，完工时间: 1578.00
2025-04-08 13:59:42,674 - INFO - 迭代 301/500 | 阶段: evolutionary learning | 最佳完工时间: 1578.00 | 迭代耗时: 0.98s | 总耗时: 310.94s
2025-04-08 13:59:43,670 - INFO - 迭代 302/500 | 阶段: evolutionary learning | 最佳完工时间: 1578.00 | 迭代耗时: 0.99s | 总耗时: 311.93s
2025-04-08 13:59:44,683 - INFO - 迭代 303/500 | 阶段: evolutionary learning | 最佳完工时间: 1578.00 | 迭代耗时: 1.01s | 总耗时: 312.94s
2025-04-08 13:59:45,692 - INFO - EL找到新的最优解，完工时间: 1574.00
2025-04-08 13:59:45,692 - INFO - 迭代 304/500 | 阶段: evolutionary learning | 最佳完工时间: 1574.00 | 迭代耗时: 1.01s | 总耗时: 313.95s
2025-04-08 13:59:46,739 - INFO - EL找到新的最优解，完工时间: 1572.00
2025-04-08 13:59:46,739 - INFO - 迭代 305/500 | 阶段: evolutionary learning | 最佳完工时间: 1572.00 | 迭代耗时: 1.05s | 总耗时: 315.00s
2025-04-08 13:59:47,724 - INFO - 迭代 306/500 | 阶段: evolutionary learning | 最佳完工时间: 1572.00 | 迭代耗时: 0.98s | 总耗时: 315.99s
2025-04-08 13:59:48,709 - INFO - 迭代 307/500 | 阶段: evolutionary learning | 最佳完工时间: 1572.00 | 迭代耗时: 0.99s | 总耗时: 316.97s
2025-04-08 13:59:49,719 - INFO - EL找到新的最优解，完工时间: 1570.00
2025-04-08 13:59:49,719 - INFO - 迭代 308/500 | 阶段: evolutionary learning | 最佳完工时间: 1570.00 | 迭代耗时: 1.01s | 总耗时: 317.98s
2025-04-08 13:59:50,728 - INFO - EL找到新的最优解，完工时间: 1568.00
2025-04-08 13:59:50,728 - INFO - 迭代 309/500 | 阶段: evolutionary learning | 最佳完工时间: 1568.00 | 迭代耗时: 1.01s | 总耗时: 318.99s
2025-04-08 13:59:51,768 - INFO - 迭代 310/500 | 阶段: evolutionary learning | 最佳完工时间: 1568.00 | 迭代耗时: 1.04s | 总耗时: 320.03s
2025-04-08 13:59:52,720 - INFO - 迭代 311/500 | 阶段: evolutionary learning | 最佳完工时间: 1568.00 | 迭代耗时: 0.95s | 总耗时: 320.98s
2025-04-08 13:59:53,703 - INFO - 迭代 312/500 | 阶段: evolutionary learning | 最佳完工时间: 1568.00 | 迭代耗时: 0.98s | 总耗时: 321.96s
2025-04-08 13:59:54,712 - INFO - 迭代 313/500 | 阶段: evolutionary learning | 最佳完工时间: 1568.00 | 迭代耗时: 1.01s | 总耗时: 322.97s
2025-04-08 13:59:55,717 - INFO - 迭代 314/500 | 阶段: evolutionary learning | 最佳完工时间: 1568.00 | 迭代耗时: 1.00s | 总耗时: 323.98s
2025-04-08 13:59:56,766 - INFO - 迭代 315/500 | 阶段: evolutionary learning | 最佳完工时间: 1568.00 | 迭代耗时: 1.05s | 总耗时: 325.03s
2025-04-08 13:59:57,779 - INFO - 迭代 316/500 | 阶段: evolutionary learning | 最佳完工时间: 1568.00 | 迭代耗时: 1.01s | 总耗时: 326.04s
2025-04-08 13:59:58,779 - INFO - 迭代 317/500 | 阶段: evolutionary learning | 最佳完工时间: 1568.00 | 迭代耗时: 1.00s | 总耗时: 327.04s
2025-04-08 13:59:59,762 - INFO - 迭代 318/500 | 阶段: evolutionary learning | 最佳完工时间: 1568.00 | 迭代耗时: 0.98s | 总耗时: 328.02s
2025-04-08 14:00:00,773 - INFO - 迭代 319/500 | 阶段: evolutionary learning | 最佳完工时间: 1568.00 | 迭代耗时: 1.01s | 总耗时: 329.03s
2025-04-08 14:00:01,801 - INFO - 迭代 320/500 | 阶段: evolutionary learning | 最佳完工时间: 1568.00 | 迭代耗时: 1.03s | 总耗时: 330.06s
2025-04-08 14:00:02,787 - INFO - 迭代 321/500 | 阶段: evolutionary learning | 最佳完工时间: 1568.00 | 迭代耗时: 0.99s | 总耗时: 331.05s
2025-04-08 14:00:03,800 - INFO - 迭代 322/500 | 阶段: evolutionary learning | 最佳完工时间: 1568.00 | 迭代耗时: 1.01s | 总耗时: 332.06s
2025-04-08 14:00:04,789 - INFO - EL找到新的最优解，完工时间: 1566.00
2025-04-08 14:00:04,789 - INFO - 迭代 323/500 | 阶段: evolutionary learning | 最佳完工时间: 1566.00 | 迭代耗时: 0.99s | 总耗时: 333.05s
2025-04-08 14:00:05,807 - INFO - 迭代 324/500 | 阶段: evolutionary learning | 最佳完工时间: 1566.00 | 迭代耗时: 1.02s | 总耗时: 334.07s
2025-04-08 14:00:06,819 - INFO - 迭代 325/500 | 阶段: evolutionary learning | 最佳完工时间: 1566.00 | 迭代耗时: 1.01s | 总耗时: 335.08s
2025-04-08 14:00:07,883 - INFO - EL找到新的最优解，完工时间: 1562.00
2025-04-08 14:00:07,883 - INFO - 迭代 326/500 | 阶段: evolutionary learning | 最佳完工时间: 1562.00 | 迭代耗时: 1.06s | 总耗时: 336.14s
2025-04-08 14:00:08,923 - INFO - 迭代 327/500 | 阶段: evolutionary learning | 最佳完工时间: 1562.00 | 迭代耗时: 1.04s | 总耗时: 337.19s
2025-04-08 14:00:09,950 - INFO - 迭代 328/500 | 阶段: evolutionary learning | 最佳完工时间: 1562.00 | 迭代耗时: 1.03s | 总耗时: 338.21s
2025-04-08 14:00:11,049 - INFO - EL找到新的最优解，完工时间: 1558.00
2025-04-08 14:00:11,049 - INFO - 迭代 329/500 | 阶段: evolutionary learning | 最佳完工时间: 1558.00 | 迭代耗时: 1.10s | 总耗时: 339.31s
2025-04-08 14:00:12,087 - INFO - 迭代 330/500 | 阶段: evolutionary learning | 最佳完工时间: 1558.00 | 迭代耗时: 1.04s | 总耗时: 340.35s
2025-04-08 14:00:13,147 - INFO - 迭代 331/500 | 阶段: evolutionary learning | 最佳完工时间: 1558.00 | 迭代耗时: 1.06s | 总耗时: 341.41s
2025-04-08 14:00:14,201 - INFO - 迭代 332/500 | 阶段: evolutionary learning | 最佳完工时间: 1558.00 | 迭代耗时: 1.05s | 总耗时: 342.46s
2025-04-08 14:00:15,199 - INFO - EL找到新的最优解，完工时间: 1556.00
2025-04-08 14:00:15,199 - INFO - 迭代 333/500 | 阶段: evolutionary learning | 最佳完工时间: 1556.00 | 迭代耗时: 1.00s | 总耗时: 343.46s
2025-04-08 14:00:16,255 - INFO - 迭代 334/500 | 阶段: evolutionary learning | 最佳完工时间: 1556.00 | 迭代耗时: 1.06s | 总耗时: 344.52s
2025-04-08 14:00:17,347 - INFO - 迭代 335/500 | 阶段: evolutionary learning | 最佳完工时间: 1556.00 | 迭代耗时: 1.09s | 总耗时: 345.61s
2025-04-08 14:00:18,337 - INFO - 迭代 336/500 | 阶段: evolutionary learning | 最佳完工时间: 1556.00 | 迭代耗时: 0.99s | 总耗时: 346.60s
2025-04-08 14:00:19,368 - INFO - 迭代 337/500 | 阶段: evolutionary learning | 最佳完工时间: 1556.00 | 迭代耗时: 1.03s | 总耗时: 347.63s
2025-04-08 14:00:20,374 - INFO - 迭代 338/500 | 阶段: evolutionary learning | 最佳完工时间: 1556.00 | 迭代耗时: 1.01s | 总耗时: 348.64s
2025-04-08 14:00:21,397 - INFO - 迭代 339/500 | 阶段: evolutionary learning | 最佳完工时间: 1556.00 | 迭代耗时: 1.02s | 总耗时: 349.66s
2025-04-08 14:00:22,432 - INFO - 迭代 340/500 | 阶段: evolutionary learning | 最佳完工时间: 1556.00 | 迭代耗时: 1.04s | 总耗时: 350.69s
2025-04-08 14:00:23,411 - INFO - 迭代 341/500 | 阶段: evolutionary learning | 最佳完工时间: 1556.00 | 迭代耗时: 0.98s | 总耗时: 351.67s
2025-04-08 14:00:24,386 - INFO - 迭代 342/500 | 阶段: evolutionary learning | 最佳完工时间: 1556.00 | 迭代耗时: 0.98s | 总耗时: 352.65s
2025-04-08 14:00:25,387 - INFO - 迭代 343/500 | 阶段: evolutionary learning | 最佳完工时间: 1556.00 | 迭代耗时: 1.00s | 总耗时: 353.65s
2025-04-08 14:00:26,422 - INFO - 迭代 344/500 | 阶段: evolutionary learning | 最佳完工时间: 1556.00 | 迭代耗时: 1.03s | 总耗时: 354.68s
2025-04-08 14:00:27,421 - INFO - 迭代 345/500 | 阶段: evolutionary learning | 最佳完工时间: 1556.00 | 迭代耗时: 1.00s | 总耗时: 355.68s
2025-04-08 14:00:28,447 - INFO - 迭代 346/500 | 阶段: evolutionary learning | 最佳完工时间: 1556.00 | 迭代耗时: 1.03s | 总耗时: 356.71s
2025-04-08 14:00:29,425 - INFO - 迭代 347/500 | 阶段: evolutionary learning | 最佳完工时间: 1556.00 | 迭代耗时: 0.98s | 总耗时: 357.69s
2025-04-08 14:00:30,412 - INFO - 迭代 348/500 | 阶段: evolutionary learning | 最佳完工时间: 1556.00 | 迭代耗时: 0.99s | 总耗时: 358.67s
2025-04-08 14:00:31,400 - INFO - 迭代 349/500 | 阶段: evolutionary learning | 最佳完工时间: 1556.00 | 迭代耗时: 0.99s | 总耗时: 359.66s
2025-04-08 14:00:32,436 - INFO - EL找到新的最优解，完工时间: 1552.00
2025-04-08 14:00:32,436 - INFO - 迭代 350/500 | 阶段: evolutionary learning | 最佳完工时间: 1552.00 | 迭代耗时: 1.04s | 总耗时: 360.70s
2025-04-08 14:00:33,418 - INFO - 迭代 351/500 | 阶段: evolutionary learning | 最佳完工时间: 1552.00 | 迭代耗时: 0.98s | 总耗时: 361.68s
2025-04-08 14:00:34,400 - INFO - 迭代 352/500 | 阶段: evolutionary learning | 最佳完工时间: 1552.00 | 迭代耗时: 0.98s | 总耗时: 362.66s
2025-04-08 14:00:35,388 - INFO - 迭代 353/500 | 阶段: evolutionary learning | 最佳完工时间: 1552.00 | 迭代耗时: 0.99s | 总耗时: 363.65s
2025-04-08 14:00:36,379 - INFO - EL找到新的最优解，完工时间: 1550.00
2025-04-08 14:00:36,379 - INFO - 迭代 354/500 | 阶段: evolutionary learning | 最佳完工时间: 1550.00 | 迭代耗时: 0.99s | 总耗时: 364.64s
2025-04-08 14:00:37,395 - INFO - 迭代 355/500 | 阶段: evolutionary learning | 最佳完工时间: 1550.00 | 迭代耗时: 1.02s | 总耗时: 365.66s
2025-04-08 14:00:38,404 - INFO - 迭代 356/500 | 阶段: evolutionary learning | 最佳完工时间: 1550.00 | 迭代耗时: 1.01s | 总耗时: 366.67s
2025-04-08 14:00:39,430 - INFO - EL找到新的最优解，完工时间: 1548.00
2025-04-08 14:00:39,430 - INFO - 迭代 357/500 | 阶段: evolutionary learning | 最佳完工时间: 1548.00 | 迭代耗时: 1.03s | 总耗时: 367.69s
2025-04-08 14:00:40,443 - INFO - 迭代 358/500 | 阶段: evolutionary learning | 最佳完工时间: 1548.00 | 迭代耗时: 1.01s | 总耗时: 368.70s
2025-04-08 14:00:41,435 - INFO - 迭代 359/500 | 阶段: evolutionary learning | 最佳完工时间: 1548.00 | 迭代耗时: 0.99s | 总耗时: 369.70s
2025-04-08 14:00:42,475 - INFO - 迭代 360/500 | 阶段: evolutionary learning | 最佳完工时间: 1548.00 | 迭代耗时: 1.04s | 总耗时: 370.74s
2025-04-08 14:00:43,483 - INFO - EL找到新的最优解，完工时间: 1546.00
2025-04-08 14:00:43,483 - INFO - 迭代 361/500 | 阶段: evolutionary learning | 最佳完工时间: 1546.00 | 迭代耗时: 1.01s | 总耗时: 371.74s
2025-04-08 14:00:44,553 - INFO - 迭代 362/500 | 阶段: evolutionary learning | 最佳完工时间: 1546.00 | 迭代耗时: 1.07s | 总耗时: 372.81s
2025-04-08 14:00:45,633 - INFO - 迭代 363/500 | 阶段: evolutionary learning | 最佳完工时间: 1546.00 | 迭代耗时: 1.08s | 总耗时: 373.90s
2025-04-08 14:00:46,673 - INFO - 迭代 364/500 | 阶段: evolutionary learning | 最佳完工时间: 1546.00 | 迭代耗时: 1.04s | 总耗时: 374.93s
2025-04-08 14:00:47,803 - INFO - 迭代 365/500 | 阶段: evolutionary learning | 最佳完工时间: 1546.00 | 迭代耗时: 1.13s | 总耗时: 376.06s
2025-04-08 14:00:48,931 - INFO - 迭代 366/500 | 阶段: evolutionary learning | 最佳完工时间: 1546.00 | 迭代耗时: 1.13s | 总耗时: 377.19s
2025-04-08 14:00:50,055 - INFO - 迭代 367/500 | 阶段: evolutionary learning | 最佳完工时间: 1546.00 | 迭代耗时: 1.12s | 总耗时: 378.32s
2025-04-08 14:00:51,245 - INFO - 迭代 368/500 | 阶段: evolutionary learning | 最佳完工时间: 1546.00 | 迭代耗时: 1.19s | 总耗时: 379.51s
2025-04-08 14:00:52,391 - INFO - EL找到新的最优解，完工时间: 1544.00
2025-04-08 14:00:52,391 - INFO - 迭代 369/500 | 阶段: evolutionary learning | 最佳完工时间: 1544.00 | 迭代耗时: 1.15s | 总耗时: 380.65s
2025-04-08 14:00:53,458 - INFO - 迭代 370/500 | 阶段: evolutionary learning | 最佳完工时间: 1544.00 | 迭代耗时: 1.07s | 总耗时: 381.72s
2025-04-08 14:00:54,524 - INFO - 迭代 371/500 | 阶段: evolutionary learning | 最佳完工时间: 1544.00 | 迭代耗时: 1.06s | 总耗时: 382.79s
2025-04-08 14:00:55,624 - INFO - 迭代 372/500 | 阶段: evolutionary learning | 最佳完工时间: 1544.00 | 迭代耗时: 1.10s | 总耗时: 383.89s
2025-04-08 14:00:56,683 - INFO - 迭代 373/500 | 阶段: evolutionary learning | 最佳完工时间: 1544.00 | 迭代耗时: 1.06s | 总耗时: 384.94s
2025-04-08 14:00:57,760 - INFO - 迭代 374/500 | 阶段: evolutionary learning | 最佳完工时间: 1544.00 | 迭代耗时: 1.08s | 总耗时: 386.02s
2025-04-08 14:00:58,876 - INFO - 迭代 375/500 | 阶段: evolutionary learning | 最佳完工时间: 1544.00 | 迭代耗时: 1.12s | 总耗时: 387.14s
2025-04-08 14:00:59,855 - INFO - 迭代 376/500 | 阶段: evolutionary learning | 最佳完工时间: 1544.00 | 迭代耗时: 0.98s | 总耗时: 388.12s
2025-04-08 14:01:00,935 - INFO - 迭代 377/500 | 阶段: evolutionary learning | 最佳完工时间: 1544.00 | 迭代耗时: 1.08s | 总耗时: 389.20s
2025-04-08 14:01:02,064 - INFO - 迭代 378/500 | 阶段: evolutionary learning | 最佳完工时间: 1544.00 | 迭代耗时: 1.13s | 总耗时: 390.33s
2025-04-08 14:01:03,176 - INFO - 迭代 379/500 | 阶段: evolutionary learning | 最佳完工时间: 1544.00 | 迭代耗时: 1.11s | 总耗时: 391.44s
2025-04-08 14:01:04,242 - INFO - 迭代 380/500 | 阶段: evolutionary learning | 最佳完工时间: 1544.00 | 迭代耗时: 1.07s | 总耗时: 392.50s
2025-04-08 14:01:05,248 - INFO - 迭代 381/500 | 阶段: evolutionary learning | 最佳完工时间: 1544.00 | 迭代耗时: 1.01s | 总耗时: 393.51s
2025-04-08 14:01:06,234 - INFO - 迭代 382/500 | 阶段: evolutionary learning | 最佳完工时间: 1544.00 | 迭代耗时: 0.99s | 总耗时: 394.50s
2025-04-08 14:01:07,301 - INFO - 迭代 383/500 | 阶段: evolutionary learning | 最佳完工时间: 1544.00 | 迭代耗时: 1.07s | 总耗时: 395.56s
2025-04-08 14:01:08,271 - INFO - 迭代 384/500 | 阶段: evolutionary learning | 最佳完工时间: 1544.00 | 迭代耗时: 0.97s | 总耗时: 396.53s
2025-04-08 14:01:09,293 - INFO - 迭代 385/500 | 阶段: evolutionary learning | 最佳完工时间: 1544.00 | 迭代耗时: 1.02s | 总耗时: 397.56s
2025-04-08 14:01:10,289 - INFO - 迭代 386/500 | 阶段: evolutionary learning | 最佳完工时间: 1544.00 | 迭代耗时: 1.00s | 总耗时: 398.55s
2025-04-08 14:01:11,389 - INFO - 迭代 387/500 | 阶段: evolutionary learning | 最佳完工时间: 1544.00 | 迭代耗时: 1.10s | 总耗时: 399.65s
2025-04-08 14:01:12,531 - INFO - 迭代 388/500 | 阶段: evolutionary learning | 最佳完工时间: 1544.00 | 迭代耗时: 1.14s | 总耗时: 400.79s
2025-04-08 14:01:13,551 - INFO - 迭代 389/500 | 阶段: evolutionary learning | 最佳完工时间: 1544.00 | 迭代耗时: 1.02s | 总耗时: 401.81s
2025-04-08 14:01:14,625 - INFO - 迭代 390/500 | 阶段: evolutionary learning | 最佳完工时间: 1544.00 | 迭代耗时: 1.07s | 总耗时: 402.89s
2025-04-08 14:01:15,697 - INFO - 迭代 391/500 | 阶段: evolutionary learning | 最佳完工时间: 1544.00 | 迭代耗时: 1.07s | 总耗时: 403.96s
2025-04-08 14:01:16,724 - INFO - 迭代 392/500 | 阶段: evolutionary learning | 最佳完工时间: 1544.00 | 迭代耗时: 1.03s | 总耗时: 404.99s
2025-04-08 14:01:17,773 - INFO - 迭代 393/500 | 阶段: evolutionary learning | 最佳完工时间: 1544.00 | 迭代耗时: 1.05s | 总耗时: 406.03s
2025-04-08 14:01:18,776 - INFO - 迭代 394/500 | 阶段: evolutionary learning | 最佳完工时间: 1544.00 | 迭代耗时: 1.00s | 总耗时: 407.04s
2025-04-08 14:01:19,860 - INFO - 迭代 395/500 | 阶段: evolutionary learning | 最佳完工时间: 1544.00 | 迭代耗时: 1.08s | 总耗时: 408.12s
2025-04-08 14:01:20,964 - INFO - 迭代 396/500 | 阶段: evolutionary learning | 最佳完工时间: 1544.00 | 迭代耗时: 1.10s | 总耗时: 409.23s
2025-04-08 14:01:21,976 - INFO - 迭代 397/500 | 阶段: evolutionary learning | 最佳完工时间: 1544.00 | 迭代耗时: 1.01s | 总耗时: 410.24s
2025-04-08 14:01:23,050 - INFO - 迭代 398/500 | 阶段: evolutionary learning | 最佳完工时间: 1544.00 | 迭代耗时: 1.07s | 总耗时: 411.31s
2025-04-08 14:01:24,049 - INFO - 迭代 399/500 | 阶段: evolutionary learning | 最佳完工时间: 1544.00 | 迭代耗时: 1.00s | 总耗时: 412.31s
2025-04-08 14:01:25,089 - INFO - 迭代 400/500 | 阶段: evolutionary learning | 最佳完工时间: 1544.00 | 迭代耗时: 1.04s | 总耗时: 413.35s
2025-04-08 14:01:26,085 - INFO - 迭代 401/500 | 阶段: evolutionary learning | 最佳完工时间: 1544.00 | 迭代耗时: 1.00s | 总耗时: 414.35s
2025-04-08 14:01:27,129 - INFO - 迭代 402/500 | 阶段: evolutionary learning | 最佳完工时间: 1544.00 | 迭代耗时: 1.04s | 总耗时: 415.39s
2025-04-08 14:01:28,170 - INFO - 迭代 403/500 | 阶段: evolutionary learning | 最佳完工时间: 1544.00 | 迭代耗时: 1.04s | 总耗时: 416.43s
2025-04-08 14:01:29,186 - INFO - 迭代 404/500 | 阶段: evolutionary learning | 最佳完工时间: 1544.00 | 迭代耗时: 1.02s | 总耗时: 417.45s
2025-04-08 14:01:30,189 - INFO - 迭代 405/500 | 阶段: evolutionary learning | 最佳完工时间: 1544.00 | 迭代耗时: 1.00s | 总耗时: 418.45s
2025-04-08 14:01:31,316 - INFO - 迭代 406/500 | 阶段: evolutionary learning | 最佳完工时间: 1544.00 | 迭代耗时: 1.13s | 总耗时: 419.58s
2025-04-08 14:01:32,376 - INFO - 迭代 407/500 | 阶段: evolutionary learning | 最佳完工时间: 1544.00 | 迭代耗时: 1.06s | 总耗时: 420.64s
2025-04-08 14:01:33,365 - INFO - 迭代 408/500 | 阶段: evolutionary learning | 最佳完工时间: 1544.00 | 迭代耗时: 0.99s | 总耗时: 421.63s
2025-04-08 14:01:34,492 - INFO - 迭代 409/500 | 阶段: evolutionary learning | 最佳完工时间: 1544.00 | 迭代耗时: 1.13s | 总耗时: 422.75s
2025-04-08 14:01:35,537 - INFO - 迭代 410/500 | 阶段: evolutionary learning | 最佳完工时间: 1544.00 | 迭代耗时: 1.05s | 总耗时: 423.80s
2025-04-08 14:01:36,544 - INFO - 迭代 411/500 | 阶段: evolutionary learning | 最佳完工时间: 1544.00 | 迭代耗时: 1.01s | 总耗时: 424.81s
2025-04-08 14:01:37,568 - INFO - 迭代 412/500 | 阶段: evolutionary learning | 最佳完工时间: 1544.00 | 迭代耗时: 1.02s | 总耗时: 425.83s
2025-04-08 14:01:38,580 - INFO - 迭代 413/500 | 阶段: evolutionary learning | 最佳完工时间: 1544.00 | 迭代耗时: 1.01s | 总耗时: 426.84s
2025-04-08 14:01:39,579 - INFO - 迭代 414/500 | 阶段: evolutionary learning | 最佳完工时间: 1544.00 | 迭代耗时: 1.00s | 总耗时: 427.84s
2025-04-08 14:01:40,612 - INFO - 迭代 415/500 | 阶段: evolutionary learning | 最佳完工时间: 1544.00 | 迭代耗时: 1.03s | 总耗时: 428.87s
2025-04-08 14:01:41,662 - INFO - 迭代 416/500 | 阶段: evolutionary learning | 最佳完工时间: 1544.00 | 迭代耗时: 1.05s | 总耗时: 429.92s
2025-04-08 14:01:42,705 - INFO - 迭代 417/500 | 阶段: evolutionary learning | 最佳完工时间: 1544.00 | 迭代耗时: 1.04s | 总耗时: 430.97s
2025-04-08 14:01:43,686 - INFO - 迭代 418/500 | 阶段: evolutionary learning | 最佳完工时间: 1544.00 | 迭代耗时: 0.98s | 总耗时: 431.95s
2025-04-08 14:01:44,679 - INFO - 迭代 419/500 | 阶段: evolutionary learning | 最佳完工时间: 1544.00 | 迭代耗时: 0.99s | 总耗时: 432.94s
2025-04-08 14:01:45,674 - INFO - 迭代 420/500 | 阶段: evolutionary learning | 最佳完工时间: 1544.00 | 迭代耗时: 1.00s | 总耗时: 433.94s
2025-04-08 14:01:46,659 - INFO - 迭代 421/500 | 阶段: evolutionary learning | 最佳完工时间: 1544.00 | 迭代耗时: 0.98s | 总耗时: 434.92s
2025-04-08 14:01:47,657 - INFO - 迭代 422/500 | 阶段: evolutionary learning | 最佳完工时间: 1544.00 | 迭代耗时: 1.00s | 总耗时: 435.92s
2025-04-08 14:01:48,638 - INFO - 迭代 423/500 | 阶段: evolutionary learning | 最佳完工时间: 1544.00 | 迭代耗时: 0.98s | 总耗时: 436.90s
2025-04-08 14:01:49,634 - INFO - 迭代 424/500 | 阶段: evolutionary learning | 最佳完工时间: 1544.00 | 迭代耗时: 1.00s | 总耗时: 437.90s
2025-04-08 14:01:50,702 - INFO - 迭代 425/500 | 阶段: evolutionary learning | 最佳完工时间: 1544.00 | 迭代耗时: 1.07s | 总耗时: 438.96s
2025-04-08 14:01:51,806 - INFO - 迭代 426/500 | 阶段: evolutionary learning | 最佳完工时间: 1544.00 | 迭代耗时: 1.10s | 总耗时: 440.07s
2025-04-08 14:01:52,804 - INFO - 迭代 427/500 | 阶段: evolutionary learning | 最佳完工时间: 1544.00 | 迭代耗时: 1.00s | 总耗时: 441.07s
2025-04-08 14:01:53,768 - INFO - 迭代 428/500 | 阶段: evolutionary learning | 最佳完工时间: 1544.00 | 迭代耗时: 0.96s | 总耗时: 442.03s
2025-04-08 14:01:54,734 - INFO - 迭代 429/500 | 阶段: evolutionary learning | 最佳完工时间: 1544.00 | 迭代耗时: 0.97s | 总耗时: 443.00s
2025-04-08 14:01:55,747 - INFO - 迭代 430/500 | 阶段: evolutionary learning | 最佳完工时间: 1544.00 | 迭代耗时: 1.01s | 总耗时: 444.01s
2025-04-08 14:01:56,720 - INFO - 迭代 431/500 | 阶段: evolutionary learning | 最佳完工时间: 1544.00 | 迭代耗时: 0.97s | 总耗时: 444.98s
2025-04-08 14:01:57,724 - INFO - 迭代 432/500 | 阶段: evolutionary learning | 最佳完工时间: 1544.00 | 迭代耗时: 1.00s | 总耗时: 445.99s
2025-04-08 14:01:58,719 - INFO - 迭代 433/500 | 阶段: evolutionary learning | 最佳完工时间: 1544.00 | 迭代耗时: 0.99s | 总耗时: 446.98s
2025-04-08 14:01:59,744 - INFO - 迭代 434/500 | 阶段: evolutionary learning | 最佳完工时间: 1544.00 | 迭代耗时: 1.03s | 总耗时: 448.01s
2025-04-08 14:02:00,900 - INFO - 迭代 435/500 | 阶段: evolutionary learning | 最佳完工时间: 1544.00 | 迭代耗时: 1.16s | 总耗时: 449.16s
2025-04-08 14:02:01,997 - INFO - 迭代 436/500 | 阶段: evolutionary learning | 最佳完工时间: 1544.00 | 迭代耗时: 1.10s | 总耗时: 450.26s
2025-04-08 14:02:03,004 - INFO - 迭代 437/500 | 阶段: evolutionary learning | 最佳完工时间: 1544.00 | 迭代耗时: 1.01s | 总耗时: 451.27s
2025-04-08 14:02:04,011 - INFO - 迭代 438/500 | 阶段: evolutionary learning | 最佳完工时间: 1544.00 | 迭代耗时: 1.01s | 总耗时: 452.27s
2025-04-08 14:02:05,031 - INFO - 迭代 439/500 | 阶段: evolutionary learning | 最佳完工时间: 1544.00 | 迭代耗时: 1.02s | 总耗时: 453.29s
2025-04-08 14:02:06,020 - INFO - 迭代 440/500 | 阶段: evolutionary learning | 最佳完工时间: 1544.00 | 迭代耗时: 0.99s | 总耗时: 454.28s
2025-04-08 14:02:06,986 - INFO - 迭代 441/500 | 阶段: evolutionary learning | 最佳完工时间: 1544.00 | 迭代耗时: 0.97s | 总耗时: 455.25s
2025-04-08 14:02:08,029 - INFO - 迭代 442/500 | 阶段: evolutionary learning | 最佳完工时间: 1544.00 | 迭代耗时: 1.04s | 总耗时: 456.29s
2025-04-08 14:02:09,037 - INFO - 迭代 443/500 | 阶段: evolutionary learning | 最佳完工时间: 1544.00 | 迭代耗时: 1.01s | 总耗时: 457.30s
2025-04-08 14:02:10,011 - INFO - 迭代 444/500 | 阶段: evolutionary learning | 最佳完工时间: 1544.00 | 迭代耗时: 0.97s | 总耗时: 458.27s
2025-04-08 14:02:11,137 - INFO - 迭代 445/500 | 阶段: evolutionary learning | 最佳完工时间: 1544.00 | 迭代耗时: 1.13s | 总耗时: 459.40s
2025-04-08 14:02:12,164 - INFO - 迭代 446/500 | 阶段: evolutionary learning | 最佳完工时间: 1544.00 | 迭代耗时: 1.03s | 总耗时: 460.43s
2025-04-08 14:02:13,176 - INFO - 迭代 447/500 | 阶段: evolutionary learning | 最佳完工时间: 1544.00 | 迭代耗时: 1.01s | 总耗时: 461.44s
2025-04-08 14:02:14,198 - INFO - 迭代 448/500 | 阶段: evolutionary learning | 最佳完工时间: 1544.00 | 迭代耗时: 1.02s | 总耗时: 462.46s
2025-04-08 14:02:15,248 - INFO - 迭代 449/500 | 阶段: evolutionary learning | 最佳完工时间: 1544.00 | 迭代耗时: 1.05s | 总耗时: 463.51s
2025-04-08 14:02:16,275 - INFO - 迭代 450/500 | 阶段: evolutionary learning | 最佳完工时间: 1544.00 | 迭代耗时: 1.03s | 总耗时: 464.54s
2025-04-08 14:02:17,299 - INFO - 迭代 451/500 | 阶段: evolutionary learning | 最佳完工时间: 1544.00 | 迭代耗时: 1.02s | 总耗时: 465.56s
2025-04-08 14:02:18,324 - INFO - 迭代 452/500 | 阶段: evolutionary learning | 最佳完工时间: 1544.00 | 迭代耗时: 1.02s | 总耗时: 466.59s
2025-04-08 14:02:19,343 - INFO - 迭代 453/500 | 阶段: evolutionary learning | 最佳完工时间: 1544.00 | 迭代耗时: 1.02s | 总耗时: 467.60s
2025-04-08 14:02:20,350 - INFO - 迭代 454/500 | 阶段: evolutionary learning | 最佳完工时间: 1544.00 | 迭代耗时: 1.01s | 总耗时: 468.61s
2025-04-08 14:02:21,485 - INFO - 迭代 455/500 | 阶段: evolutionary learning | 最佳完工时间: 1544.00 | 迭代耗时: 1.13s | 总耗时: 469.75s
2025-04-08 14:02:22,474 - INFO - 迭代 456/500 | 阶段: evolutionary learning | 最佳完工时间: 1544.00 | 迭代耗时: 0.99s | 总耗时: 470.74s
2025-04-08 14:02:23,476 - INFO - 迭代 457/500 | 阶段: evolutionary learning | 最佳完工时间: 1544.00 | 迭代耗时: 1.00s | 总耗时: 471.74s
2025-04-08 14:02:24,514 - INFO - 迭代 458/500 | 阶段: evolutionary learning | 最佳完工时间: 1544.00 | 迭代耗时: 1.04s | 总耗时: 472.78s
2025-04-08 14:02:25,531 - INFO - 迭代 459/500 | 阶段: evolutionary learning | 最佳完工时间: 1544.00 | 迭代耗时: 1.02s | 总耗时: 473.79s
2025-04-08 14:02:26,541 - INFO - 迭代 460/500 | 阶段: evolutionary learning | 最佳完工时间: 1544.00 | 迭代耗时: 1.01s | 总耗时: 474.80s
2025-04-08 14:02:27,588 - INFO - 迭代 461/500 | 阶段: evolutionary learning | 最佳完工时间: 1544.00 | 迭代耗时: 1.05s | 总耗时: 475.85s
2025-04-08 14:02:28,577 - INFO - 迭代 462/500 | 阶段: evolutionary learning | 最佳完工时间: 1544.00 | 迭代耗时: 0.99s | 总耗时: 476.84s
2025-04-08 14:02:29,545 - INFO - 迭代 463/500 | 阶段: evolutionary learning | 最佳完工时间: 1544.00 | 迭代耗时: 0.97s | 总耗时: 477.81s
2025-04-08 14:02:30,506 - INFO - 迭代 464/500 | 阶段: evolutionary learning | 最佳完工时间: 1544.00 | 迭代耗时: 0.96s | 总耗时: 478.77s
2025-04-08 14:02:31,480 - INFO - 迭代 465/500 | 阶段: evolutionary learning | 最佳完工时间: 1544.00 | 迭代耗时: 0.97s | 总耗时: 479.74s
2025-04-08 14:02:32,491 - INFO - 迭代 466/500 | 阶段: evolutionary learning | 最佳完工时间: 1544.00 | 迭代耗时: 1.01s | 总耗时: 480.75s
2025-04-08 14:02:33,512 - INFO - 迭代 467/500 | 阶段: evolutionary learning | 最佳完工时间: 1544.00 | 迭代耗时: 1.02s | 总耗时: 481.77s
2025-04-08 14:02:34,506 - INFO - 迭代 468/500 | 阶段: evolutionary learning | 最佳完工时间: 1544.00 | 迭代耗时: 0.99s | 总耗时: 482.77s
2025-04-08 14:02:35,514 - INFO - 迭代 469/500 | 阶段: evolutionary learning | 最佳完工时间: 1544.00 | 迭代耗时: 1.01s | 总耗时: 483.78s
2025-04-08 14:02:36,568 - INFO - 迭代 470/500 | 阶段: evolutionary learning | 最佳完工时间: 1544.00 | 迭代耗时: 1.05s | 总耗时: 484.83s
2025-04-08 14:02:37,589 - INFO - 迭代 471/500 | 阶段: evolutionary learning | 最佳完工时间: 1544.00 | 迭代耗时: 1.02s | 总耗时: 485.85s
2025-04-08 14:02:38,585 - INFO - 迭代 472/500 | 阶段: evolutionary learning | 最佳完工时间: 1544.00 | 迭代耗时: 1.00s | 总耗时: 486.85s
2025-04-08 14:02:39,547 - INFO - 迭代 473/500 | 阶段: evolutionary learning | 最佳完工时间: 1544.00 | 迭代耗时: 0.96s | 总耗时: 487.81s
2025-04-08 14:02:40,565 - INFO - 迭代 474/500 | 阶段: evolutionary learning | 最佳完工时间: 1544.00 | 迭代耗时: 1.02s | 总耗时: 488.83s
2025-04-08 14:02:41,592 - INFO - 迭代 475/500 | 阶段: evolutionary learning | 最佳完工时间: 1544.00 | 迭代耗时: 1.03s | 总耗时: 489.85s
2025-04-08 14:02:42,611 - INFO - EL找到新的最优解，完工时间: 1540.00
2025-04-08 14:02:42,611 - INFO - 迭代 476/500 | 阶段: evolutionary learning | 最佳完工时间: 1540.00 | 迭代耗时: 1.02s | 总耗时: 490.87s
2025-04-08 14:02:43,642 - INFO - 迭代 477/500 | 阶段: evolutionary learning | 最佳完工时间: 1540.00 | 迭代耗时: 1.03s | 总耗时: 491.90s
2025-04-08 14:02:44,652 - INFO - 迭代 478/500 | 阶段: evolutionary learning | 最佳完工时间: 1540.00 | 迭代耗时: 1.01s | 总耗时: 492.91s
2025-04-08 14:02:45,672 - INFO - 迭代 479/500 | 阶段: evolutionary learning | 最佳完工时间: 1540.00 | 迭代耗时: 1.02s | 总耗时: 493.93s
2025-04-08 14:02:46,736 - INFO - 迭代 480/500 | 阶段: evolutionary learning | 最佳完工时间: 1540.00 | 迭代耗时: 1.06s | 总耗时: 495.00s
2025-04-08 14:02:47,744 - INFO - 迭代 481/500 | 阶段: evolutionary learning | 最佳完工时间: 1540.00 | 迭代耗时: 1.01s | 总耗时: 496.01s
2025-04-08 14:02:48,730 - INFO - 迭代 482/500 | 阶段: evolutionary learning | 最佳完工时间: 1540.00 | 迭代耗时: 0.99s | 总耗时: 496.99s
2025-04-08 14:02:49,750 - INFO - 迭代 483/500 | 阶段: evolutionary learning | 最佳完工时间: 1540.00 | 迭代耗时: 1.02s | 总耗时: 498.01s
2025-04-08 14:02:50,764 - INFO - EL找到新的最优解，完工时间: 1538.00
2025-04-08 14:02:50,764 - INFO - 迭代 484/500 | 阶段: evolutionary learning | 最佳完工时间: 1538.00 | 迭代耗时: 1.01s | 总耗时: 499.03s
2025-04-08 14:02:51,812 - INFO - 迭代 485/500 | 阶段: evolutionary learning | 最佳完工时间: 1538.00 | 迭代耗时: 1.05s | 总耗时: 500.07s
2025-04-08 14:02:52,808 - INFO - 迭代 486/500 | 阶段: evolutionary learning | 最佳完工时间: 1538.00 | 迭代耗时: 0.99s | 总耗时: 501.07s
2025-04-08 14:02:53,799 - INFO - 迭代 487/500 | 阶段: evolutionary learning | 最佳完工时间: 1538.00 | 迭代耗时: 0.99s | 总耗时: 502.06s
2025-04-08 14:02:54,806 - INFO - 迭代 488/500 | 阶段: evolutionary learning | 最佳完工时间: 1538.00 | 迭代耗时: 1.01s | 总耗时: 503.07s
2025-04-08 14:02:55,802 - INFO - 迭代 489/500 | 阶段: evolutionary learning | 最佳完工时间: 1538.00 | 迭代耗时: 1.00s | 总耗时: 504.06s
2025-04-08 14:02:56,853 - INFO - 迭代 490/500 | 阶段: evolutionary learning | 最佳完工时间: 1538.00 | 迭代耗时: 1.05s | 总耗时: 505.11s
2025-04-08 14:02:57,853 - INFO - 迭代 491/500 | 阶段: evolutionary learning | 最佳完工时间: 1538.00 | 迭代耗时: 1.00s | 总耗时: 506.12s
2025-04-08 14:02:58,850 - INFO - 迭代 492/500 | 阶段: evolutionary learning | 最佳完工时间: 1538.00 | 迭代耗时: 1.00s | 总耗时: 507.11s
2025-04-08 14:02:59,861 - INFO - 迭代 493/500 | 阶段: evolutionary learning | 最佳完工时间: 1538.00 | 迭代耗时: 1.01s | 总耗时: 508.12s
2025-04-08 14:03:00,923 - INFO - 迭代 494/500 | 阶段: evolutionary learning | 最佳完工时间: 1538.00 | 迭代耗时: 1.06s | 总耗时: 509.19s
2025-04-08 14:03:01,971 - INFO - 迭代 495/500 | 阶段: evolutionary learning | 最佳完工时间: 1538.00 | 迭代耗时: 1.05s | 总耗时: 510.23s
2025-04-08 14:03:02,957 - INFO - 迭代 496/500 | 阶段: evolutionary learning | 最佳完工时间: 1538.00 | 迭代耗时: 0.99s | 总耗时: 511.22s
2025-04-08 14:03:03,978 - INFO - 迭代 497/500 | 阶段: evolutionary learning | 最佳完工时间: 1538.00 | 迭代耗时: 1.02s | 总耗时: 512.24s
2025-04-08 14:03:05,005 - INFO - 迭代 498/500 | 阶段: evolutionary learning | 最佳完工时间: 1538.00 | 迭代耗时: 1.03s | 总耗时: 513.27s
2025-04-08 14:03:05,983 - INFO - 迭代 499/500 | 阶段: evolutionary learning | 最佳完工时间: 1538.00 | 迭代耗时: 0.98s | 总耗时: 514.24s
2025-04-08 14:03:06,998 - INFO - 迭代 500/500 | 阶段: evolutionary learning | 最佳完工时间: 1538.00 | 迭代耗时: 1.02s | 总耗时: 515.26s
2025-04-08 14:03:06,998 - INFO - 两阶段混合学习算法完成，总耗时: 515.26s, 最终最佳完工时间: 1538.00
