2025-04-08 15:36:28,542 - DEBUG - 开始两阶段混合学习算法，最大迭代次数: 100
2025-04-08 15:36:29,000 - INFO - In generation 1，SL found new best solution with makespan: 1920.00s，pointer=0
2025-04-08 15:36:29,000 - DEBUG - 迭代 1/100 | 阶段: statistical learning | 最佳完工时间: 1920.00 | 迭代耗时: 0.46s | 
2025-04-08 15:36:29,466 - INFO - SL未找到更好的解，pointer增加到1
2025-04-08 15:36:29,466 - INFO - SL阶段终止条件满足，切换到EL阶段...
2025-04-08 15:36:29,467 - INFO - pointer=1, threshold=0.49
2025-04-08 15:36:29,467 - INFO - 成功切换到EL阶段，使用SL种群初始化EL种群，种群大小: 100
2025-04-08 15:36:29,467 - DEBUG - 迭代 2/100 | 阶段: evolutionary learning | 最佳完工时间: 1920.00 | 迭代耗时: 0.47s | 
2025-04-08 15:36:30,210 - INFO - EL找到新的最优解，完工时间: 1884.00
2025-04-08 15:36:30,210 - DEBUG - 迭代 3/100 | 阶段: evolutionary learning | 最佳完工时间: 1884.00 | 迭代耗时: 0.74s | 
2025-04-08 15:36:30,970 - INFO - EL找到新的最优解，完工时间: 1877.00
2025-04-08 15:36:30,971 - DEBUG - 迭代 4/100 | 阶段: evolutionary learning | 最佳完工时间: 1877.00 | 迭代耗时: 0.76s | 
2025-04-08 15:36:31,750 - DEBUG - 迭代 5/100 | 阶段: evolutionary learning | 最佳完工时间: 1877.00 | 迭代耗时: 0.78s | 
2025-04-08 15:36:32,504 - DEBUG - 迭代 6/100 | 阶段: evolutionary learning | 最佳完工时间: 1877.00 | 迭代耗时: 0.75s | 
2025-04-08 15:36:33,236 - DEBUG - 迭代 7/100 | 阶段: evolutionary learning | 最佳完工时间: 1877.00 | 迭代耗时: 0.73s | 
2025-04-08 15:36:33,964 - INFO - EL找到新的最优解，完工时间: 1865.00
2025-04-08 15:36:33,964 - DEBUG - 迭代 8/100 | 阶段: evolutionary learning | 最佳完工时间: 1865.00 | 迭代耗时: 0.73s | 
2025-04-08 15:36:34,719 - INFO - EL找到新的最优解，完工时间: 1861.00
2025-04-08 15:36:34,719 - DEBUG - 迭代 9/100 | 阶段: evolutionary learning | 最佳完工时间: 1861.00 | 迭代耗时: 0.76s | 
2025-04-08 15:36:35,458 - INFO - EL找到新的最优解，完工时间: 1848.00
2025-04-08 15:36:35,459 - DEBUG - 迭代 10/100 | 阶段: evolutionary learning | 最佳完工时间: 1848.00 | 迭代耗时: 0.74s | 
2025-04-08 15:36:36,204 - INFO - EL找到新的最优解，完工时间: 1840.00
2025-04-08 15:36:36,204 - DEBUG - 迭代 11/100 | 阶段: evolutionary learning | 最佳完工时间: 1840.00 | 迭代耗时: 0.74s | 
2025-04-08 15:36:36,986 - DEBUG - 迭代 12/100 | 阶段: evolutionary learning | 最佳完工时间: 1840.00 | 迭代耗时: 0.78s | 
2025-04-08 15:36:37,755 - DEBUG - 迭代 13/100 | 阶段: evolutionary learning | 最佳完工时间: 1840.00 | 迭代耗时: 0.77s | 
2025-04-08 15:36:38,489 - INFO - EL找到新的最优解，完工时间: 1831.00
2025-04-08 15:36:38,489 - DEBUG - 迭代 14/100 | 阶段: evolutionary learning | 最佳完工时间: 1831.00 | 迭代耗时: 0.73s | 
2025-04-08 15:36:39,224 - INFO - EL找到新的最优解，完工时间: 1824.00
2025-04-08 15:36:39,224 - DEBUG - 迭代 15/100 | 阶段: evolutionary learning | 最佳完工时间: 1824.00 | 迭代耗时: 0.74s | 
2025-04-08 15:36:39,959 - INFO - EL找到新的最优解，完工时间: 1804.00
2025-04-08 15:36:39,959 - DEBUG - 迭代 16/100 | 阶段: evolutionary learning | 最佳完工时间: 1804.00 | 迭代耗时: 0.73s | 
2025-04-08 15:36:40,684 - DEBUG - 迭代 17/100 | 阶段: evolutionary learning | 最佳完工时间: 1804.00 | 迭代耗时: 0.73s | 
2025-04-08 15:36:41,414 - INFO - EL找到新的最优解，完工时间: 1790.00
2025-04-08 15:36:41,414 - DEBUG - 迭代 18/100 | 阶段: evolutionary learning | 最佳完工时间: 1790.00 | 迭代耗时: 0.73s | 
2025-04-08 15:36:42,145 - DEBUG - 迭代 19/100 | 阶段: evolutionary learning | 最佳完工时间: 1790.00 | 迭代耗时: 0.73s | 
2025-04-08 15:36:42,870 - INFO - EL找到新的最优解，完工时间: 1770.00
2025-04-08 15:36:42,870 - DEBUG - 迭代 20/100 | 阶段: evolutionary learning | 最佳完工时间: 1770.00 | 迭代耗时: 0.73s | 
2025-04-08 15:36:43,604 - INFO - EL找到新的最优解，完工时间: 1754.00
2025-04-08 15:36:43,605 - DEBUG - 迭代 21/100 | 阶段: evolutionary learning | 最佳完工时间: 1754.00 | 迭代耗时: 0.73s | 
2025-04-08 15:36:44,337 - INFO - EL找到新的最优解，完工时间: 1747.00
2025-04-08 15:36:44,337 - DEBUG - 迭代 22/100 | 阶段: evolutionary learning | 最佳完工时间: 1747.00 | 迭代耗时: 0.73s | 
2025-04-08 15:36:45,073 - DEBUG - 迭代 23/100 | 阶段: evolutionary learning | 最佳完工时间: 1747.00 | 迭代耗时: 0.74s | 
2025-04-08 15:36:45,799 - DEBUG - 迭代 24/100 | 阶段: evolutionary learning | 最佳完工时间: 1747.00 | 迭代耗时: 0.73s | 
2025-04-08 15:36:46,565 - DEBUG - 迭代 25/100 | 阶段: evolutionary learning | 最佳完工时间: 1747.00 | 迭代耗时: 0.77s | 
2025-04-08 15:36:47,304 - DEBUG - 迭代 26/100 | 阶段: evolutionary learning | 最佳完工时间: 1747.00 | 迭代耗时: 0.74s | 
2025-04-08 15:36:48,032 - DEBUG - 迭代 27/100 | 阶段: evolutionary learning | 最佳完工时间: 1747.00 | 迭代耗时: 0.73s | 
2025-04-08 15:36:48,767 - DEBUG - 迭代 28/100 | 阶段: evolutionary learning | 最佳完工时间: 1747.00 | 迭代耗时: 0.73s | 
2025-04-08 15:36:49,505 - DEBUG - 迭代 29/100 | 阶段: evolutionary learning | 最佳完工时间: 1747.00 | 迭代耗时: 0.74s | 
2025-04-08 15:36:50,233 - INFO - EL找到新的最优解，完工时间: 1731.00
2025-04-08 15:36:50,233 - DEBUG - 迭代 30/100 | 阶段: evolutionary learning | 最佳完工时间: 1731.00 | 迭代耗时: 0.73s | 
2025-04-08 15:36:50,970 - INFO - EL找到新的最优解，完工时间: 1730.00
2025-04-08 15:36:50,970 - DEBUG - 迭代 31/100 | 阶段: evolutionary learning | 最佳完工时间: 1730.00 | 迭代耗时: 0.74s | 
2025-04-08 15:36:51,697 - INFO - EL找到新的最优解，完工时间: 1724.00
2025-04-08 15:36:51,697 - DEBUG - 迭代 32/100 | 阶段: evolutionary learning | 最佳完工时间: 1724.00 | 迭代耗时: 0.73s | 
2025-04-08 15:36:52,425 - DEBUG - 迭代 33/100 | 阶段: evolutionary learning | 最佳完工时间: 1724.00 | 迭代耗时: 0.73s | 
2025-04-08 15:36:53,162 - DEBUG - 迭代 34/100 | 阶段: evolutionary learning | 最佳完工时间: 1724.00 | 迭代耗时: 0.74s | 
2025-04-08 15:36:53,911 - DEBUG - 迭代 35/100 | 阶段: evolutionary learning | 最佳完工时间: 1724.00 | 迭代耗时: 0.75s | 
2025-04-08 15:36:54,668 - DEBUG - 迭代 36/100 | 阶段: evolutionary learning | 最佳完工时间: 1724.00 | 迭代耗时: 0.76s | 
2025-04-08 15:36:55,420 - INFO - EL找到新的最优解，完工时间: 1714.00
2025-04-08 15:36:55,421 - DEBUG - 迭代 37/100 | 阶段: evolutionary learning | 最佳完工时间: 1714.00 | 迭代耗时: 0.75s | 
2025-04-08 15:36:56,179 - INFO - EL找到新的最优解，完工时间: 1712.00
2025-04-08 15:36:56,179 - DEBUG - 迭代 38/100 | 阶段: evolutionary learning | 最佳完工时间: 1712.00 | 迭代耗时: 0.76s | 
2025-04-08 15:36:56,927 - INFO - EL找到新的最优解，完工时间: 1704.00
2025-04-08 15:36:56,928 - DEBUG - 迭代 39/100 | 阶段: evolutionary learning | 最佳完工时间: 1704.00 | 迭代耗时: 0.75s | 
2025-04-08 15:36:57,697 - DEBUG - 迭代 40/100 | 阶段: evolutionary learning | 最佳完工时间: 1704.00 | 迭代耗时: 0.77s | 
2025-04-08 15:36:58,451 - INFO - EL找到新的最优解，完工时间: 1696.00
2025-04-08 15:36:58,451 - DEBUG - 迭代 41/100 | 阶段: evolutionary learning | 最佳完工时间: 1696.00 | 迭代耗时: 0.75s | 
2025-04-08 15:36:59,203 - INFO - EL找到新的最优解，完工时间: 1688.00
2025-04-08 15:36:59,203 - DEBUG - 迭代 42/100 | 阶段: evolutionary learning | 最佳完工时间: 1688.00 | 迭代耗时: 0.75s | 
2025-04-08 15:36:59,939 - INFO - EL找到新的最优解，完工时间: 1676.00
2025-04-08 15:36:59,940 - DEBUG - 迭代 43/100 | 阶段: evolutionary learning | 最佳完工时间: 1676.00 | 迭代耗时: 0.74s | 
2025-04-08 15:37:00,716 - DEBUG - 迭代 44/100 | 阶段: evolutionary learning | 最佳完工时间: 1676.00 | 迭代耗时: 0.78s | 
2025-04-08 15:37:01,496 - INFO - EL找到新的最优解，完工时间: 1666.00
2025-04-08 15:37:01,496 - DEBUG - 迭代 45/100 | 阶段: evolutionary learning | 最佳完工时间: 1666.00 | 迭代耗时: 0.78s | 
2025-04-08 15:37:02,255 - DEBUG - 迭代 46/100 | 阶段: evolutionary learning | 最佳完工时间: 1666.00 | 迭代耗时: 0.76s | 
2025-04-08 15:37:03,010 - DEBUG - 迭代 47/100 | 阶段: evolutionary learning | 最佳完工时间: 1666.00 | 迭代耗时: 0.75s | 
2025-04-08 15:37:03,751 - DEBUG - 迭代 48/100 | 阶段: evolutionary learning | 最佳完工时间: 1666.00 | 迭代耗时: 0.74s | 
2025-04-08 15:37:04,484 - DEBUG - 迭代 49/100 | 阶段: evolutionary learning | 最佳完工时间: 1666.00 | 迭代耗时: 0.73s | 
2025-04-08 15:37:05,213 - INFO - EL找到新的最优解，完工时间: 1661.00
2025-04-08 15:37:05,214 - DEBUG - 迭代 50/100 | 阶段: evolutionary learning | 最佳完工时间: 1661.00 | 迭代耗时: 0.73s | 
2025-04-08 15:37:05,960 - DEBUG - 迭代 51/100 | 阶段: evolutionary learning | 最佳完工时间: 1661.00 | 迭代耗时: 0.75s | 
2025-04-08 15:37:06,736 - DEBUG - 迭代 52/100 | 阶段: evolutionary learning | 最佳完工时间: 1661.00 | 迭代耗时: 0.78s | 
2025-04-08 15:37:07,497 - DEBUG - 迭代 53/100 | 阶段: evolutionary learning | 最佳完工时间: 1661.00 | 迭代耗时: 0.76s | 
2025-04-08 15:37:08,247 - DEBUG - 迭代 54/100 | 阶段: evolutionary learning | 最佳完工时间: 1661.00 | 迭代耗时: 0.75s | 
2025-04-08 15:37:08,999 - INFO - EL找到新的最优解，完工时间: 1650.00
2025-04-08 15:37:08,999 - DEBUG - 迭代 55/100 | 阶段: evolutionary learning | 最佳完工时间: 1650.00 | 迭代耗时: 0.75s | 
2025-04-08 15:37:09,756 - DEBUG - 迭代 56/100 | 阶段: evolutionary learning | 最佳完工时间: 1650.00 | 迭代耗时: 0.76s | 
2025-04-08 15:37:10,531 - DEBUG - 迭代 57/100 | 阶段: evolutionary learning | 最佳完工时间: 1650.00 | 迭代耗时: 0.78s | 
2025-04-08 15:37:11,284 - DEBUG - 迭代 58/100 | 阶段: evolutionary learning | 最佳完工时间: 1650.00 | 迭代耗时: 0.75s | 
2025-04-08 15:37:12,052 - INFO - EL找到新的最优解，完工时间: 1640.00
2025-04-08 15:37:12,052 - DEBUG - 迭代 59/100 | 阶段: evolutionary learning | 最佳完工时间: 1640.00 | 迭代耗时: 0.77s | 
2025-04-08 15:37:12,809 - DEBUG - 迭代 60/100 | 阶段: evolutionary learning | 最佳完工时间: 1640.00 | 迭代耗时: 0.76s | 
2025-04-08 15:37:13,579 - DEBUG - 迭代 61/100 | 阶段: evolutionary learning | 最佳完工时间: 1640.00 | 迭代耗时: 0.77s | 
2025-04-08 15:37:14,342 - DEBUG - 迭代 62/100 | 阶段: evolutionary learning | 最佳完工时间: 1640.00 | 迭代耗时: 0.76s | 
2025-04-08 15:37:15,076 - DEBUG - 迭代 63/100 | 阶段: evolutionary learning | 最佳完工时间: 1640.00 | 迭代耗时: 0.73s | 
2025-04-08 15:37:15,809 - INFO - EL找到新的最优解，完工时间: 1630.00
2025-04-08 15:37:15,809 - DEBUG - 迭代 64/100 | 阶段: evolutionary learning | 最佳完工时间: 1630.00 | 迭代耗时: 0.73s | 
2025-04-08 15:37:16,552 - DEBUG - 迭代 65/100 | 阶段: evolutionary learning | 最佳完工时间: 1630.00 | 迭代耗时: 0.74s | 
2025-04-08 15:37:17,290 - INFO - EL找到新的最优解，完工时间: 1626.00
2025-04-08 15:37:17,291 - DEBUG - 迭代 66/100 | 阶段: evolutionary learning | 最佳完工时间: 1626.00 | 迭代耗时: 0.74s | 
2025-04-08 15:37:18,030 - INFO - EL找到新的最优解，完工时间: 1624.00
2025-04-08 15:37:18,030 - DEBUG - 迭代 67/100 | 阶段: evolutionary learning | 最佳完工时间: 1624.00 | 迭代耗时: 0.74s | 
2025-04-08 15:37:18,768 - INFO - EL找到新的最优解，完工时间: 1614.00
2025-04-08 15:37:18,768 - DEBUG - 迭代 68/100 | 阶段: evolutionary learning | 最佳完工时间: 1614.00 | 迭代耗时: 0.74s | 
2025-04-08 15:37:19,513 - DEBUG - 迭代 69/100 | 阶段: evolutionary learning | 最佳完工时间: 1614.00 | 迭代耗时: 0.74s | 
2025-04-08 15:37:20,260 - DEBUG - 迭代 70/100 | 阶段: evolutionary learning | 最佳完工时间: 1614.00 | 迭代耗时: 0.75s | 
2025-04-08 15:37:21,022 - INFO - EL找到新的最优解，完工时间: 1612.00
2025-04-08 15:37:21,023 - DEBUG - 迭代 71/100 | 阶段: evolutionary learning | 最佳完工时间: 1612.00 | 迭代耗时: 0.76s | 
2025-04-08 15:37:21,771 - DEBUG - 迭代 72/100 | 阶段: evolutionary learning | 最佳完工时间: 1612.00 | 迭代耗时: 0.75s | 
2025-04-08 15:37:22,523 - DEBUG - 迭代 73/100 | 阶段: evolutionary learning | 最佳完工时间: 1612.00 | 迭代耗时: 0.75s | 
2025-04-08 15:37:23,280 - DEBUG - 迭代 74/100 | 阶段: evolutionary learning | 最佳完工时间: 1612.00 | 迭代耗时: 0.76s | 
2025-04-08 15:37:24,038 - INFO - EL找到新的最优解，完工时间: 1608.00
2025-04-08 15:37:24,038 - DEBUG - 迭代 75/100 | 阶段: evolutionary learning | 最佳完工时间: 1608.00 | 迭代耗时: 0.76s | 
2025-04-08 15:37:24,780 - INFO - EL找到新的最优解，完工时间: 1606.00
2025-04-08 15:37:24,780 - DEBUG - 迭代 76/100 | 阶段: evolutionary learning | 最佳完工时间: 1606.00 | 迭代耗时: 0.74s | 
2025-04-08 15:37:25,538 - DEBUG - 迭代 77/100 | 阶段: evolutionary learning | 最佳完工时间: 1606.00 | 迭代耗时: 0.76s | 
2025-04-08 15:37:26,290 - DEBUG - 迭代 78/100 | 阶段: evolutionary learning | 最佳完工时间: 1606.00 | 迭代耗时: 0.75s | 
2025-04-08 15:37:27,010 - INFO - EL找到新的最优解，完工时间: 1605.00
2025-04-08 15:37:27,010 - DEBUG - 迭代 79/100 | 阶段: evolutionary learning | 最佳完工时间: 1605.00 | 迭代耗时: 0.72s | 
2025-04-08 15:37:27,737 - INFO - EL找到新的最优解，完工时间: 1588.00
2025-04-08 15:37:27,737 - DEBUG - 迭代 80/100 | 阶段: evolutionary learning | 最佳完工时间: 1588.00 | 迭代耗时: 0.73s | 
2025-04-08 15:37:28,474 - DEBUG - 迭代 81/100 | 阶段: evolutionary learning | 最佳完工时间: 1588.00 | 迭代耗时: 0.74s | 
2025-04-08 15:37:29,212 - DEBUG - 迭代 82/100 | 阶段: evolutionary learning | 最佳完工时间: 1588.00 | 迭代耗时: 0.74s | 
2025-04-08 15:37:29,940 - INFO - EL找到新的最优解，完工时间: 1587.00
2025-04-08 15:37:29,941 - DEBUG - 迭代 83/100 | 阶段: evolutionary learning | 最佳完工时间: 1587.00 | 迭代耗时: 0.73s | 
2025-04-08 15:37:30,664 - DEBUG - 迭代 84/100 | 阶段: evolutionary learning | 最佳完工时间: 1587.00 | 迭代耗时: 0.72s | 
2025-04-08 15:37:31,393 - DEBUG - 迭代 85/100 | 阶段: evolutionary learning | 最佳完工时间: 1587.00 | 迭代耗时: 0.73s | 
2025-04-08 15:37:32,128 - DEBUG - 迭代 86/100 | 阶段: evolutionary learning | 最佳完工时间: 1587.00 | 迭代耗时: 0.74s | 
2025-04-08 15:37:32,852 - INFO - EL找到新的最优解，完工时间: 1582.00
2025-04-08 15:37:32,852 - DEBUG - 迭代 87/100 | 阶段: evolutionary learning | 最佳完工时间: 1582.00 | 迭代耗时: 0.72s | 
2025-04-08 15:37:33,578 - DEBUG - 迭代 88/100 | 阶段: evolutionary learning | 最佳完工时间: 1582.00 | 迭代耗时: 0.73s | 
2025-04-08 15:37:34,327 - DEBUG - 迭代 89/100 | 阶段: evolutionary learning | 最佳完工时间: 1582.00 | 迭代耗时: 0.75s | 
2025-04-08 15:37:35,066 - INFO - EL找到新的最优解，完工时间: 1580.00
2025-04-08 15:37:35,066 - DEBUG - 迭代 90/100 | 阶段: evolutionary learning | 最佳完工时间: 1580.00 | 迭代耗时: 0.74s | 
2025-04-08 15:37:35,816 - INFO - EL找到新的最优解，完工时间: 1576.00
2025-04-08 15:37:35,816 - DEBUG - 迭代 91/100 | 阶段: evolutionary learning | 最佳完工时间: 1576.00 | 迭代耗时: 0.75s | 
2025-04-08 15:37:36,565 - INFO - EL找到新的最优解，完工时间: 1570.00
2025-04-08 15:37:36,565 - DEBUG - 迭代 92/100 | 阶段: evolutionary learning | 最佳完工时间: 1570.00 | 迭代耗时: 0.75s | 
2025-04-08 15:37:37,296 - DEBUG - 迭代 93/100 | 阶段: evolutionary learning | 最佳完工时间: 1570.00 | 迭代耗时: 0.73s | 
2025-04-08 15:37:38,038 - DEBUG - 迭代 94/100 | 阶段: evolutionary learning | 最佳完工时间: 1570.00 | 迭代耗时: 0.74s | 
2025-04-08 15:37:38,788 - DEBUG - 迭代 95/100 | 阶段: evolutionary learning | 最佳完工时间: 1570.00 | 迭代耗时: 0.75s | 
2025-04-08 15:37:39,521 - DEBUG - 迭代 96/100 | 阶段: evolutionary learning | 最佳完工时间: 1570.00 | 迭代耗时: 0.73s | 
2025-04-08 15:37:40,251 - DEBUG - 迭代 97/100 | 阶段: evolutionary learning | 最佳完工时间: 1570.00 | 迭代耗时: 0.73s | 
2025-04-08 15:37:40,984 - DEBUG - 迭代 98/100 | 阶段: evolutionary learning | 最佳完工时间: 1570.00 | 迭代耗时: 0.73s | 
2025-04-08 15:37:41,732 - DEBUG - 迭代 99/100 | 阶段: evolutionary learning | 最佳完工时间: 1570.00 | 迭代耗时: 0.75s | 
2025-04-08 15:37:42,497 - INFO - EL找到新的最优解，完工时间: 1566.00
2025-04-08 15:37:42,497 - DEBUG - 迭代 100/100 | 阶段: evolutionary learning | 最佳完工时间: 1566.00 | 迭代耗时: 0.77s | 
2025-04-08 15:37:42,497 - INFO - ==================================================
2025-04-08 15:37:42,497 - INFO - Best solution found with makespan: 1566.00s at generation: 100
2025-04-08 15:37:42,497 - INFO - Total time: 73.96s
2025-04-08 15:37:42,618 - INFO - Convergence curve saved to: blea_convergence.png
