2025-04-08 14:20:21,307 - INFO - 开始两阶段混合学习算法，最大迭代次数: 500
2025-04-08 14:20:21,799 - INFO - SL找到新的最优解，完工时间: 1944.00，重置pointer=0
2025-04-08 14:20:21,799 - INFO - 迭代 1/500 | 阶段: statistical learning | 最佳完工时间: 1944.00 | 迭代耗时: 0.49s | 总耗时: 0.49s
2025-04-08 14:20:22,294 - INFO - SL未找到更好的解，pointer增加到1
2025-04-08 14:20:22,294 - INFO - 迭代 2/500 | 阶段: statistical learning | 最佳完工时间: 1944.00 | 迭代耗时: 0.49s | 总耗时: 0.99s
2025-04-08 14:20:22,804 - INFO - SL未找到更好的解，pointer增加到2
2025-04-08 14:20:22,805 - INFO - 迭代 3/500 | 阶段: statistical learning | 最佳完工时间: 1944.00 | 迭代耗时: 0.51s | 总耗时: 1.50s
2025-04-08 14:20:23,323 - INFO - SL找到新的最优解，完工时间: 1941.00，重置pointer=0
2025-04-08 14:20:23,323 - INFO - 迭代 4/500 | 阶段: statistical learning | 最佳完工时间: 1941.00 | 迭代耗时: 0.52s | 总耗时: 2.02s
2025-04-08 14:20:23,795 - INFO - SL未找到更好的解，pointer增加到1
2025-04-08 14:20:23,796 - INFO - 迭代 5/500 | 阶段: statistical learning | 最佳完工时间: 1941.00 | 迭代耗时: 0.47s | 总耗时: 2.49s
2025-04-08 14:20:24,281 - INFO - SL找到新的最优解，完工时间: 1915.00，重置pointer=0
2025-04-08 14:20:24,281 - INFO - 迭代 6/500 | 阶段: statistical learning | 最佳完工时间: 1915.00 | 迭代耗时: 0.49s | 总耗时: 2.97s
2025-04-08 14:20:24,787 - INFO - SL找到新的最优解，完工时间: 1910.00，重置pointer=0
2025-04-08 14:20:24,788 - INFO - 迭代 7/500 | 阶段: statistical learning | 最佳完工时间: 1910.00 | 迭代耗时: 0.51s | 总耗时: 3.48s
2025-04-08 14:20:25,274 - INFO - SL未找到更好的解，pointer增加到1
2025-04-08 14:20:25,275 - INFO - 迭代 8/500 | 阶段: statistical learning | 最佳完工时间: 1910.00 | 迭代耗时: 0.49s | 总耗时: 3.97s
2025-04-08 14:20:25,754 - INFO - SL找到新的最优解，完工时间: 1888.00，重置pointer=0
2025-04-08 14:20:25,754 - INFO - 迭代 9/500 | 阶段: statistical learning | 最佳完工时间: 1888.00 | 迭代耗时: 0.48s | 总耗时: 4.45s
2025-04-08 14:20:26,229 - INFO - SL未找到更好的解，pointer增加到1
2025-04-08 14:20:26,229 - INFO - 迭代 10/500 | 阶段: statistical learning | 最佳完工时间: 1888.00 | 迭代耗时: 0.47s | 总耗时: 4.92s
2025-04-08 14:20:26,699 - INFO - SL未找到更好的解，pointer增加到2
2025-04-08 14:20:26,699 - INFO - 迭代 11/500 | 阶段: statistical learning | 最佳完工时间: 1888.00 | 迭代耗时: 0.47s | 总耗时: 5.39s
2025-04-08 14:20:27,171 - INFO - SL未找到更好的解，pointer增加到3
2025-04-08 14:20:27,171 - INFO - SL阶段终止条件满足，切换到EL阶段...
2025-04-08 14:20:27,172 - INFO - pointer=3, threshold=2.44
2025-04-08 14:20:27,173 - INFO - 成功切换到EL阶段，使用SL种群初始化EL种群，种群大小: 100
2025-04-08 14:20:27,173 - INFO - 迭代 12/500 | 阶段: evolutionary learning | 最佳完工时间: 1888.00 | 迭代耗时: 0.47s | 总耗时: 5.87s
2025-04-08 14:20:28,090 - INFO - 迭代 13/500 | 阶段: evolutionary learning | 最佳完工时间: 1888.00 | 迭代耗时: 0.92s | 总耗时: 6.78s
2025-04-08 14:20:28,989 - INFO - 迭代 14/500 | 阶段: evolutionary learning | 最佳完工时间: 1888.00 | 迭代耗时: 0.90s | 总耗时: 7.68s
2025-04-08 14:20:29,892 - INFO - EL找到新的最优解，完工时间: 1875.00
2025-04-08 14:20:29,893 - INFO - 迭代 15/500 | 阶段: evolutionary learning | 最佳完工时间: 1875.00 | 迭代耗时: 0.90s | 总耗时: 8.59s
2025-04-08 14:20:30,779 - INFO - 迭代 16/500 | 阶段: evolutionary learning | 最佳完工时间: 1875.00 | 迭代耗时: 0.89s | 总耗时: 9.47s
2025-04-08 14:20:31,696 - INFO - EL找到新的最优解，完工时间: 1862.00
2025-04-08 14:20:31,696 - INFO - 迭代 17/500 | 阶段: evolutionary learning | 最佳完工时间: 1862.00 | 迭代耗时: 0.92s | 总耗时: 10.39s
2025-04-08 14:20:32,625 - INFO - EL找到新的最优解，完工时间: 1861.00
2025-04-08 14:20:32,625 - INFO - 迭代 18/500 | 阶段: evolutionary learning | 最佳完工时间: 1861.00 | 迭代耗时: 0.93s | 总耗时: 11.32s
2025-04-08 14:20:33,562 - INFO - EL找到新的最优解，完工时间: 1853.00
2025-04-08 14:20:33,564 - INFO - 迭代 19/500 | 阶段: evolutionary learning | 最佳完工时间: 1853.00 | 迭代耗时: 0.94s | 总耗时: 12.26s
2025-04-08 14:20:34,515 - INFO - 迭代 20/500 | 阶段: evolutionary learning | 最佳完工时间: 1853.00 | 迭代耗时: 0.95s | 总耗时: 13.21s
2025-04-08 14:20:35,444 - INFO - 迭代 21/500 | 阶段: evolutionary learning | 最佳完工时间: 1853.00 | 迭代耗时: 0.93s | 总耗时: 14.14s
2025-04-08 14:20:36,336 - INFO - EL找到新的最优解，完工时间: 1848.00
2025-04-08 14:20:36,337 - INFO - 迭代 22/500 | 阶段: evolutionary learning | 最佳完工时间: 1848.00 | 迭代耗时: 0.89s | 总耗时: 15.03s
2025-04-08 14:20:37,245 - INFO - EL找到新的最优解，完工时间: 1840.00
2025-04-08 14:20:37,245 - INFO - 迭代 23/500 | 阶段: evolutionary learning | 最佳完工时间: 1840.00 | 迭代耗时: 0.91s | 总耗时: 15.94s
2025-04-08 14:20:38,126 - INFO - EL找到新的最优解，完工时间: 1833.00
2025-04-08 14:20:38,126 - INFO - 迭代 24/500 | 阶段: evolutionary learning | 最佳完工时间: 1833.00 | 迭代耗时: 0.88s | 总耗时: 16.82s
2025-04-08 14:20:39,026 - INFO - 迭代 25/500 | 阶段: evolutionary learning | 最佳完工时间: 1833.00 | 迭代耗时: 0.90s | 总耗时: 17.72s
2025-04-08 14:20:39,957 - INFO - EL找到新的最优解，完工时间: 1817.00
2025-04-08 14:20:39,958 - INFO - 迭代 26/500 | 阶段: evolutionary learning | 最佳完工时间: 1817.00 | 迭代耗时: 0.93s | 总耗时: 18.65s
2025-04-08 14:20:40,853 - INFO - 迭代 27/500 | 阶段: evolutionary learning | 最佳完工时间: 1817.00 | 迭代耗时: 0.89s | 总耗时: 19.55s
2025-04-08 14:20:41,720 - INFO - EL找到新的最优解，完工时间: 1795.00
2025-04-08 14:20:41,721 - INFO - 迭代 28/500 | 阶段: evolutionary learning | 最佳完工时间: 1795.00 | 迭代耗时: 0.87s | 总耗时: 20.41s
2025-04-08 14:20:42,670 - INFO - EL找到新的最优解，完工时间: 1794.00
2025-04-08 14:20:42,672 - INFO - 迭代 29/500 | 阶段: evolutionary learning | 最佳完工时间: 1794.00 | 迭代耗时: 0.95s | 总耗时: 21.36s
2025-04-08 14:20:43,605 - INFO - 迭代 30/500 | 阶段: evolutionary learning | 最佳完工时间: 1794.00 | 迭代耗时: 0.93s | 总耗时: 22.30s
2025-04-08 14:20:44,529 - INFO - 迭代 31/500 | 阶段: evolutionary learning | 最佳完工时间: 1794.00 | 迭代耗时: 0.92s | 总耗时: 23.22s
2025-04-08 14:20:45,467 - INFO - EL找到新的最优解，完工时间: 1790.00
2025-04-08 14:20:45,467 - INFO - 迭代 32/500 | 阶段: evolutionary learning | 最佳完工时间: 1790.00 | 迭代耗时: 0.94s | 总耗时: 24.16s
2025-04-08 14:20:46,405 - INFO - EL找到新的最优解，完工时间: 1776.00
2025-04-08 14:20:46,405 - INFO - 迭代 33/500 | 阶段: evolutionary learning | 最佳完工时间: 1776.00 | 迭代耗时: 0.94s | 总耗时: 25.10s
2025-04-08 14:20:47,338 - INFO - 迭代 34/500 | 阶段: evolutionary learning | 最佳完工时间: 1776.00 | 迭代耗时: 0.93s | 总耗时: 26.03s
2025-04-08 14:20:48,279 - INFO - EL找到新的最优解，完工时间: 1772.00
2025-04-08 14:20:48,279 - INFO - 迭代 35/500 | 阶段: evolutionary learning | 最佳完工时间: 1772.00 | 迭代耗时: 0.94s | 总耗时: 26.97s
2025-04-08 14:20:49,254 - INFO - 迭代 36/500 | 阶段: evolutionary learning | 最佳完工时间: 1772.00 | 迭代耗时: 0.98s | 总耗时: 27.95s
2025-04-08 14:20:50,166 - INFO - EL找到新的最优解，完工时间: 1766.00
2025-04-08 14:20:50,166 - INFO - 迭代 37/500 | 阶段: evolutionary learning | 最佳完工时间: 1766.00 | 迭代耗时: 0.91s | 总耗时: 28.86s
2025-04-08 14:20:51,119 - INFO - EL找到新的最优解，完工时间: 1758.00
2025-04-08 14:20:51,120 - INFO - 迭代 38/500 | 阶段: evolutionary learning | 最佳完工时间: 1758.00 | 迭代耗时: 0.95s | 总耗时: 29.81s
2025-04-08 14:20:52,069 - INFO - 迭代 39/500 | 阶段: evolutionary learning | 最佳完工时间: 1758.00 | 迭代耗时: 0.95s | 总耗时: 30.76s
2025-04-08 14:20:53,005 - INFO - 迭代 40/500 | 阶段: evolutionary learning | 最佳完工时间: 1758.00 | 迭代耗时: 0.94s | 总耗时: 31.70s
2025-04-08 14:20:53,959 - INFO - 迭代 41/500 | 阶段: evolutionary learning | 最佳完工时间: 1758.00 | 迭代耗时: 0.95s | 总耗时: 32.65s
2025-04-08 14:20:54,900 - INFO - EL找到新的最优解，完工时间: 1754.00
2025-04-08 14:20:54,900 - INFO - 迭代 42/500 | 阶段: evolutionary learning | 最佳完工时间: 1754.00 | 迭代耗时: 0.94s | 总耗时: 33.59s
2025-04-08 14:20:55,807 - INFO - EL找到新的最优解，完工时间: 1752.00
2025-04-08 14:20:55,807 - INFO - 迭代 43/500 | 阶段: evolutionary learning | 最佳完工时间: 1752.00 | 迭代耗时: 0.91s | 总耗时: 34.50s
2025-04-08 14:20:56,733 - INFO - EL找到新的最优解，完工时间: 1740.00
2025-04-08 14:20:56,734 - INFO - 迭代 44/500 | 阶段: evolutionary learning | 最佳完工时间: 1740.00 | 迭代耗时: 0.93s | 总耗时: 35.43s
2025-04-08 14:20:57,671 - INFO - EL找到新的最优解，完工时间: 1738.00
2025-04-08 14:20:57,671 - INFO - 迭代 45/500 | 阶段: evolutionary learning | 最佳完工时间: 1738.00 | 迭代耗时: 0.94s | 总耗时: 36.36s
2025-04-08 14:20:58,569 - INFO - EL找到新的最优解，完工时间: 1736.00
2025-04-08 14:20:58,569 - INFO - 迭代 46/500 | 阶段: evolutionary learning | 最佳完工时间: 1736.00 | 迭代耗时: 0.90s | 总耗时: 37.26s
2025-04-08 14:20:59,526 - INFO - EL找到新的最优解，完工时间: 1724.00
2025-04-08 14:20:59,526 - INFO - 迭代 47/500 | 阶段: evolutionary learning | 最佳完工时间: 1724.00 | 迭代耗时: 0.96s | 总耗时: 38.22s
2025-04-08 14:21:00,456 - INFO - EL找到新的最优解，完工时间: 1720.00
2025-04-08 14:21:00,457 - INFO - 迭代 48/500 | 阶段: evolutionary learning | 最佳完工时间: 1720.00 | 迭代耗时: 0.93s | 总耗时: 39.15s
2025-04-08 14:21:01,450 - INFO - 迭代 49/500 | 阶段: evolutionary learning | 最佳完工时间: 1720.00 | 迭代耗时: 0.99s | 总耗时: 40.14s
2025-04-08 14:21:02,361 - INFO - EL找到新的最优解，完工时间: 1716.00
2025-04-08 14:21:02,361 - INFO - 迭代 50/500 | 阶段: evolutionary learning | 最佳完工时间: 1716.00 | 迭代耗时: 0.91s | 总耗时: 41.05s
2025-04-08 14:21:03,312 - INFO - 迭代 51/500 | 阶段: evolutionary learning | 最佳完工时间: 1716.00 | 迭代耗时: 0.95s | 总耗时: 42.00s
2025-04-08 14:21:04,411 - INFO - EL找到新的最优解，完工时间: 1712.00
2025-04-08 14:21:04,411 - INFO - 迭代 52/500 | 阶段: evolutionary learning | 最佳完工时间: 1712.00 | 迭代耗时: 1.10s | 总耗时: 43.10s
2025-04-08 14:21:05,425 - INFO - EL找到新的最优解，完工时间: 1706.00
2025-04-08 14:21:05,425 - INFO - 迭代 53/500 | 阶段: evolutionary learning | 最佳完工时间: 1706.00 | 迭代耗时: 1.01s | 总耗时: 44.12s
2025-04-08 14:21:06,433 - INFO - 迭代 54/500 | 阶段: evolutionary learning | 最佳完工时间: 1706.00 | 迭代耗时: 1.01s | 总耗时: 45.13s
2025-04-08 14:21:07,431 - INFO - EL找到新的最优解，完工时间: 1702.00
2025-04-08 14:21:07,431 - INFO - 迭代 55/500 | 阶段: evolutionary learning | 最佳完工时间: 1702.00 | 迭代耗时: 1.00s | 总耗时: 46.12s
2025-04-08 14:21:08,359 - INFO - EL找到新的最优解，完工时间: 1700.00
2025-04-08 14:21:08,359 - INFO - 迭代 56/500 | 阶段: evolutionary learning | 最佳完工时间: 1700.00 | 迭代耗时: 0.93s | 总耗时: 47.05s
2025-04-08 14:21:09,326 - INFO - EL找到新的最优解，完工时间: 1695.00
2025-04-08 14:21:09,328 - INFO - 迭代 57/500 | 阶段: evolutionary learning | 最佳完工时间: 1695.00 | 迭代耗时: 0.97s | 总耗时: 48.02s
2025-04-08 14:21:10,283 - INFO - EL找到新的最优解，完工时间: 1689.00
2025-04-08 14:21:10,284 - INFO - 迭代 58/500 | 阶段: evolutionary learning | 最佳完工时间: 1689.00 | 迭代耗时: 0.96s | 总耗时: 48.98s
2025-04-08 14:21:11,255 - INFO - EL找到新的最优解，完工时间: 1675.00
2025-04-08 14:21:11,257 - INFO - 迭代 59/500 | 阶段: evolutionary learning | 最佳完工时间: 1675.00 | 迭代耗时: 0.97s | 总耗时: 49.95s
2025-04-08 14:21:12,233 - INFO - 迭代 60/500 | 阶段: evolutionary learning | 最佳完工时间: 1675.00 | 迭代耗时: 0.98s | 总耗时: 50.93s
2025-04-08 14:21:13,186 - INFO - 迭代 61/500 | 阶段: evolutionary learning | 最佳完工时间: 1675.00 | 迭代耗时: 0.95s | 总耗时: 51.88s
2025-04-08 14:21:14,126 - INFO - EL找到新的最优解，完工时间: 1672.00
2025-04-08 14:21:14,126 - INFO - 迭代 62/500 | 阶段: evolutionary learning | 最佳完工时间: 1672.00 | 迭代耗时: 0.94s | 总耗时: 52.82s
2025-04-08 14:21:15,082 - INFO - 迭代 63/500 | 阶段: evolutionary learning | 最佳完工时间: 1672.00 | 迭代耗时: 0.96s | 总耗时: 53.77s
2025-04-08 14:21:15,995 - INFO - EL找到新的最优解，完工时间: 1664.00
2025-04-08 14:21:15,995 - INFO - 迭代 64/500 | 阶段: evolutionary learning | 最佳完工时间: 1664.00 | 迭代耗时: 0.91s | 总耗时: 54.69s
2025-04-08 14:21:16,937 - INFO - 迭代 65/500 | 阶段: evolutionary learning | 最佳完工时间: 1664.00 | 迭代耗时: 0.94s | 总耗时: 55.63s
2025-04-08 14:21:17,856 - INFO - EL找到新的最优解，完工时间: 1662.00
2025-04-08 14:21:17,856 - INFO - 迭代 66/500 | 阶段: evolutionary learning | 最佳完工时间: 1662.00 | 迭代耗时: 0.92s | 总耗时: 56.55s
2025-04-08 14:21:18,785 - INFO - EL找到新的最优解，完工时间: 1658.00
2025-04-08 14:21:18,785 - INFO - 迭代 67/500 | 阶段: evolutionary learning | 最佳完工时间: 1658.00 | 迭代耗时: 0.93s | 总耗时: 57.48s
2025-04-08 14:21:19,715 - INFO - 迭代 68/500 | 阶段: evolutionary learning | 最佳完工时间: 1658.00 | 迭代耗时: 0.93s | 总耗时: 58.41s
2025-04-08 14:21:20,606 - INFO - 迭代 69/500 | 阶段: evolutionary learning | 最佳完工时间: 1658.00 | 迭代耗时: 0.89s | 总耗时: 59.30s
2025-04-08 14:21:21,575 - INFO - 迭代 70/500 | 阶段: evolutionary learning | 最佳完工时间: 1658.00 | 迭代耗时: 0.97s | 总耗时: 60.27s
2025-04-08 14:21:22,494 - INFO - 迭代 71/500 | 阶段: evolutionary learning | 最佳完工时间: 1658.00 | 迭代耗时: 0.92s | 总耗时: 61.19s
2025-04-08 14:21:23,437 - INFO - EL找到新的最优解，完工时间: 1657.00
2025-04-08 14:21:23,437 - INFO - 迭代 72/500 | 阶段: evolutionary learning | 最佳完工时间: 1657.00 | 迭代耗时: 0.94s | 总耗时: 62.13s
2025-04-08 14:21:24,368 - INFO - EL找到新的最优解，完工时间: 1656.00
2025-04-08 14:21:24,368 - INFO - 迭代 73/500 | 阶段: evolutionary learning | 最佳完工时间: 1656.00 | 迭代耗时: 0.93s | 总耗时: 63.06s
2025-04-08 14:21:25,330 - INFO - EL找到新的最优解，完工时间: 1649.00
2025-04-08 14:21:25,330 - INFO - 迭代 74/500 | 阶段: evolutionary learning | 最佳完工时间: 1649.00 | 迭代耗时: 0.96s | 总耗时: 64.02s
2025-04-08 14:21:26,235 - INFO - EL找到新的最优解，完工时间: 1648.00
2025-04-08 14:21:26,235 - INFO - 迭代 75/500 | 阶段: evolutionary learning | 最佳完工时间: 1648.00 | 迭代耗时: 0.90s | 总耗时: 64.93s
2025-04-08 14:21:27,190 - INFO - 迭代 76/500 | 阶段: evolutionary learning | 最佳完工时间: 1648.00 | 迭代耗时: 0.95s | 总耗时: 65.88s
2025-04-08 14:21:28,122 - INFO - 迭代 77/500 | 阶段: evolutionary learning | 最佳完工时间: 1648.00 | 迭代耗时: 0.93s | 总耗时: 66.81s
2025-04-08 14:21:29,056 - INFO - 迭代 78/500 | 阶段: evolutionary learning | 最佳完工时间: 1648.00 | 迭代耗时: 0.93s | 总耗时: 67.75s
2025-04-08 14:21:29,990 - INFO - 迭代 79/500 | 阶段: evolutionary learning | 最佳完工时间: 1648.00 | 迭代耗时: 0.93s | 总耗时: 68.68s
2025-04-08 14:21:30,881 - INFO - 迭代 80/500 | 阶段: evolutionary learning | 最佳完工时间: 1648.00 | 迭代耗时: 0.89s | 总耗时: 69.57s
2025-04-08 14:21:31,803 - INFO - EL找到新的最优解，完工时间: 1645.00
2025-04-08 14:21:31,804 - INFO - 迭代 81/500 | 阶段: evolutionary learning | 最佳完工时间: 1645.00 | 迭代耗时: 0.92s | 总耗时: 70.50s
2025-04-08 14:21:32,701 - INFO - EL找到新的最优解，完工时间: 1644.00
2025-04-08 14:21:32,701 - INFO - 迭代 82/500 | 阶段: evolutionary learning | 最佳完工时间: 1644.00 | 迭代耗时: 0.90s | 总耗时: 71.39s
2025-04-08 14:21:33,597 - INFO - 迭代 83/500 | 阶段: evolutionary learning | 最佳完工时间: 1644.00 | 迭代耗时: 0.90s | 总耗时: 72.29s
2025-04-08 14:21:34,491 - INFO - 迭代 84/500 | 阶段: evolutionary learning | 最佳完工时间: 1644.00 | 迭代耗时: 0.89s | 总耗时: 73.18s
2025-04-08 14:21:35,418 - INFO - EL找到新的最优解，完工时间: 1642.00
2025-04-08 14:21:35,418 - INFO - 迭代 85/500 | 阶段: evolutionary learning | 最佳完工时间: 1642.00 | 迭代耗时: 0.93s | 总耗时: 74.11s
2025-04-08 14:21:36,345 - INFO - EL找到新的最优解，完工时间: 1640.00
2025-04-08 14:21:36,345 - INFO - 迭代 86/500 | 阶段: evolutionary learning | 最佳完工时间: 1640.00 | 迭代耗时: 0.93s | 总耗时: 75.04s
2025-04-08 14:21:37,240 - INFO - EL找到新的最优解，完工时间: 1638.00
2025-04-08 14:21:37,240 - INFO - 迭代 87/500 | 阶段: evolutionary learning | 最佳完工时间: 1638.00 | 迭代耗时: 0.89s | 总耗时: 75.93s
2025-04-08 14:21:38,170 - INFO - 迭代 88/500 | 阶段: evolutionary learning | 最佳完工时间: 1638.00 | 迭代耗时: 0.93s | 总耗时: 76.86s
2025-04-08 14:21:39,108 - INFO - EL找到新的最优解，完工时间: 1637.00
2025-04-08 14:21:39,108 - INFO - 迭代 89/500 | 阶段: evolutionary learning | 最佳完工时间: 1637.00 | 迭代耗时: 0.94s | 总耗时: 77.80s
2025-04-08 14:21:40,002 - INFO - EL找到新的最优解，完工时间: 1635.00
2025-04-08 14:21:40,002 - INFO - 迭代 90/500 | 阶段: evolutionary learning | 最佳完工时间: 1635.00 | 迭代耗时: 0.89s | 总耗时: 78.69s
2025-04-08 14:21:40,931 - INFO - 迭代 91/500 | 阶段: evolutionary learning | 最佳完工时间: 1635.00 | 迭代耗时: 0.93s | 总耗时: 79.62s
2025-04-08 14:21:41,899 - INFO - 迭代 92/500 | 阶段: evolutionary learning | 最佳完工时间: 1635.00 | 迭代耗时: 0.97s | 总耗时: 80.59s
2025-04-08 14:21:42,916 - INFO - EL找到新的最优解，完工时间: 1632.00
2025-04-08 14:21:42,918 - INFO - 迭代 93/500 | 阶段: evolutionary learning | 最佳完工时间: 1632.00 | 迭代耗时: 1.02s | 总耗时: 81.61s
2025-04-08 14:21:43,903 - INFO - 迭代 94/500 | 阶段: evolutionary learning | 最佳完工时间: 1632.00 | 迭代耗时: 0.99s | 总耗时: 82.60s
2025-04-08 14:21:44,841 - INFO - 迭代 95/500 | 阶段: evolutionary learning | 最佳完工时间: 1632.00 | 迭代耗时: 0.94s | 总耗时: 83.53s
2025-04-08 14:21:45,849 - INFO - EL找到新的最优解，完工时间: 1628.00
2025-04-08 14:21:45,849 - INFO - 迭代 96/500 | 阶段: evolutionary learning | 最佳完工时间: 1628.00 | 迭代耗时: 1.01s | 总耗时: 84.54s
2025-04-08 14:21:46,886 - INFO - 迭代 97/500 | 阶段: evolutionary learning | 最佳完工时间: 1628.00 | 迭代耗时: 1.04s | 总耗时: 85.58s
2025-04-08 14:21:47,895 - INFO - EL找到新的最优解，完工时间: 1623.00
2025-04-08 14:21:47,895 - INFO - 迭代 98/500 | 阶段: evolutionary learning | 最佳完工时间: 1623.00 | 迭代耗时: 1.01s | 总耗时: 86.59s
2025-04-08 14:21:48,900 - INFO - EL找到新的最优解，完工时间: 1621.00
2025-04-08 14:21:48,900 - INFO - 迭代 99/500 | 阶段: evolutionary learning | 最佳完工时间: 1621.00 | 迭代耗时: 1.01s | 总耗时: 87.59s
2025-04-08 14:21:49,909 - INFO - EL找到新的最优解，完工时间: 1616.00
2025-04-08 14:21:49,910 - INFO - 迭代 100/500 | 阶段: evolutionary learning | 最佳完工时间: 1616.00 | 迭代耗时: 1.01s | 总耗时: 88.60s
2025-04-08 14:21:50,947 - INFO - 迭代 101/500 | 阶段: evolutionary learning | 最佳完工时间: 1616.00 | 迭代耗时: 1.04s | 总耗时: 89.64s
2025-04-08 14:21:51,912 - INFO - 迭代 102/500 | 阶段: evolutionary learning | 最佳完工时间: 1616.00 | 迭代耗时: 0.97s | 总耗时: 90.60s
2025-04-08 14:21:52,922 - INFO - 迭代 103/500 | 阶段: evolutionary learning | 最佳完工时间: 1616.00 | 迭代耗时: 1.01s | 总耗时: 91.61s
2025-04-08 14:21:53,942 - INFO - 迭代 104/500 | 阶段: evolutionary learning | 最佳完工时间: 1616.00 | 迭代耗时: 1.02s | 总耗时: 92.63s
2025-04-08 14:21:54,971 - INFO - EL找到新的最优解，完工时间: 1614.00
2025-04-08 14:21:54,971 - INFO - 迭代 105/500 | 阶段: evolutionary learning | 最佳完工时间: 1614.00 | 迭代耗时: 1.03s | 总耗时: 93.66s
2025-04-08 14:21:55,936 - INFO - EL找到新的最优解，完工时间: 1603.00
2025-04-08 14:21:55,936 - INFO - 迭代 106/500 | 阶段: evolutionary learning | 最佳完工时间: 1603.00 | 迭代耗时: 0.96s | 总耗时: 94.63s
2025-04-08 14:21:56,868 - INFO - EL找到新的最优解，完工时间: 1599.00
2025-04-08 14:21:56,868 - INFO - 迭代 107/500 | 阶段: evolutionary learning | 最佳完工时间: 1599.00 | 迭代耗时: 0.93s | 总耗时: 95.56s
2025-04-08 14:21:57,801 - INFO - 迭代 108/500 | 阶段: evolutionary learning | 最佳完工时间: 1599.00 | 迭代耗时: 0.93s | 总耗时: 96.49s
2025-04-08 14:21:58,764 - INFO - 迭代 109/500 | 阶段: evolutionary learning | 最佳完工时间: 1599.00 | 迭代耗时: 0.96s | 总耗时: 97.46s
2025-04-08 14:21:59,737 - INFO - 迭代 110/500 | 阶段: evolutionary learning | 最佳完工时间: 1599.00 | 迭代耗时: 0.97s | 总耗时: 98.43s
2025-04-08 14:22:00,749 - INFO - EL找到新的最优解，完工时间: 1593.00
2025-04-08 14:22:00,749 - INFO - 迭代 111/500 | 阶段: evolutionary learning | 最佳完工时间: 1593.00 | 迭代耗时: 1.01s | 总耗时: 99.44s
2025-04-08 14:22:01,716 - INFO - 迭代 112/500 | 阶段: evolutionary learning | 最佳完工时间: 1593.00 | 迭代耗时: 0.97s | 总耗时: 100.41s
2025-04-08 14:22:02,746 - INFO - 迭代 113/500 | 阶段: evolutionary learning | 最佳完工时间: 1593.00 | 迭代耗时: 1.03s | 总耗时: 101.44s
2025-04-08 14:22:03,661 - INFO - 迭代 114/500 | 阶段: evolutionary learning | 最佳完工时间: 1593.00 | 迭代耗时: 0.91s | 总耗时: 102.35s
2025-04-08 14:22:04,558 - INFO - EL找到新的最优解，完工时间: 1590.00
2025-04-08 14:22:04,559 - INFO - 迭代 115/500 | 阶段: evolutionary learning | 最佳完工时间: 1590.00 | 迭代耗时: 0.90s | 总耗时: 103.25s
2025-04-08 14:22:05,502 - INFO - 迭代 116/500 | 阶段: evolutionary learning | 最佳完工时间: 1590.00 | 迭代耗时: 0.94s | 总耗时: 104.19s
2025-04-08 14:22:06,477 - INFO - 迭代 117/500 | 阶段: evolutionary learning | 最佳完工时间: 1590.00 | 迭代耗时: 0.98s | 总耗时: 105.17s
2025-04-08 14:22:07,401 - INFO - 迭代 118/500 | 阶段: evolutionary learning | 最佳完工时间: 1590.00 | 迭代耗时: 0.92s | 总耗时: 106.09s
2025-04-08 14:22:08,301 - INFO - EL找到新的最优解，完工时间: 1584.00
2025-04-08 14:22:08,302 - INFO - 迭代 119/500 | 阶段: evolutionary learning | 最佳完工时间: 1584.00 | 迭代耗时: 0.90s | 总耗时: 106.99s
2025-04-08 14:22:09,204 - INFO - EL找到新的最优解，完工时间: 1582.00
2025-04-08 14:22:09,204 - INFO - 迭代 120/500 | 阶段: evolutionary learning | 最佳完工时间: 1582.00 | 迭代耗时: 0.90s | 总耗时: 107.90s
2025-04-08 14:22:10,137 - INFO - 迭代 121/500 | 阶段: evolutionary learning | 最佳完工时间: 1582.00 | 迭代耗时: 0.93s | 总耗时: 108.83s
2025-04-08 14:22:11,081 - INFO - 迭代 122/500 | 阶段: evolutionary learning | 最佳完工时间: 1582.00 | 迭代耗时: 0.94s | 总耗时: 109.77s
2025-04-08 14:22:12,006 - INFO - 迭代 123/500 | 阶段: evolutionary learning | 最佳完工时间: 1582.00 | 迭代耗时: 0.92s | 总耗时: 110.70s
2025-04-08 14:22:12,973 - INFO - EL找到新的最优解，完工时间: 1581.00
2025-04-08 14:22:12,973 - INFO - 迭代 124/500 | 阶段: evolutionary learning | 最佳完工时间: 1581.00 | 迭代耗时: 0.97s | 总耗时: 111.67s
2025-04-08 14:22:13,914 - INFO - 迭代 125/500 | 阶段: evolutionary learning | 最佳完工时间: 1581.00 | 迭代耗时: 0.94s | 总耗时: 112.61s
2025-04-08 14:22:14,879 - INFO - 迭代 126/500 | 阶段: evolutionary learning | 最佳完工时间: 1581.00 | 迭代耗时: 0.96s | 总耗时: 113.57s
2025-04-08 14:22:15,816 - INFO - EL找到新的最优解，完工时间: 1577.00
2025-04-08 14:22:15,816 - INFO - 迭代 127/500 | 阶段: evolutionary learning | 最佳完工时间: 1577.00 | 迭代耗时: 0.94s | 总耗时: 114.51s
2025-04-08 14:22:16,717 - INFO - 迭代 128/500 | 阶段: evolutionary learning | 最佳完工时间: 1577.00 | 迭代耗时: 0.90s | 总耗时: 115.41s
2025-04-08 14:22:17,637 - INFO - EL找到新的最优解，完工时间: 1576.00
2025-04-08 14:22:17,637 - INFO - 迭代 129/500 | 阶段: evolutionary learning | 最佳完工时间: 1576.00 | 迭代耗时: 0.92s | 总耗时: 116.33s
2025-04-08 14:22:18,539 - INFO - 迭代 130/500 | 阶段: evolutionary learning | 最佳完工时间: 1576.00 | 迭代耗时: 0.90s | 总耗时: 117.23s
2025-04-08 14:22:19,424 - INFO - 迭代 131/500 | 阶段: evolutionary learning | 最佳完工时间: 1576.00 | 迭代耗时: 0.88s | 总耗时: 118.12s
2025-04-08 14:22:20,320 - INFO - 迭代 132/500 | 阶段: evolutionary learning | 最佳完工时间: 1576.00 | 迭代耗时: 0.90s | 总耗时: 119.01s
2025-04-08 14:22:21,222 - INFO - 迭代 133/500 | 阶段: evolutionary learning | 最佳完工时间: 1576.00 | 迭代耗时: 0.90s | 总耗时: 119.91s
2025-04-08 14:22:22,140 - INFO - 迭代 134/500 | 阶段: evolutionary learning | 最佳完工时间: 1576.00 | 迭代耗时: 0.92s | 总耗时: 120.83s
2025-04-08 14:22:23,072 - INFO - 迭代 135/500 | 阶段: evolutionary learning | 最佳完工时间: 1576.00 | 迭代耗时: 0.93s | 总耗时: 121.76s
2025-04-08 14:22:23,988 - INFO - 迭代 136/500 | 阶段: evolutionary learning | 最佳完工时间: 1576.00 | 迭代耗时: 0.91s | 总耗时: 122.68s
2025-04-08 14:22:24,884 - INFO - 迭代 137/500 | 阶段: evolutionary learning | 最佳完工时间: 1576.00 | 迭代耗时: 0.90s | 总耗时: 123.58s
2025-04-08 14:22:25,762 - INFO - 迭代 138/500 | 阶段: evolutionary learning | 最佳完工时间: 1576.00 | 迭代耗时: 0.88s | 总耗时: 124.45s
2025-04-08 14:22:26,638 - INFO - 迭代 139/500 | 阶段: evolutionary learning | 最佳完工时间: 1576.00 | 迭代耗时: 0.88s | 总耗时: 125.33s
2025-04-08 14:22:27,535 - INFO - 迭代 140/500 | 阶段: evolutionary learning | 最佳完工时间: 1576.00 | 迭代耗时: 0.89s | 总耗时: 126.23s
2025-04-08 14:22:28,433 - INFO - 迭代 141/500 | 阶段: evolutionary learning | 最佳完工时间: 1576.00 | 迭代耗时: 0.90s | 总耗时: 127.13s
2025-04-08 14:22:29,309 - INFO - 迭代 142/500 | 阶段: evolutionary learning | 最佳完工时间: 1576.00 | 迭代耗时: 0.88s | 总耗时: 128.00s
2025-04-08 14:22:30,204 - INFO - EL找到新的最优解，完工时间: 1575.00
2025-04-08 14:22:30,205 - INFO - 迭代 143/500 | 阶段: evolutionary learning | 最佳完工时间: 1575.00 | 迭代耗时: 0.90s | 总耗时: 128.90s
2025-04-08 14:22:31,283 - INFO - 迭代 144/500 | 阶段: evolutionary learning | 最佳完工时间: 1575.00 | 迭代耗时: 1.08s | 总耗时: 129.98s
2025-04-08 14:22:32,309 - INFO - 迭代 145/500 | 阶段: evolutionary learning | 最佳完工时间: 1575.00 | 迭代耗时: 1.03s | 总耗时: 131.00s
2025-04-08 14:22:33,371 - INFO - EL找到新的最优解，完工时间: 1574.00
2025-04-08 14:22:33,372 - INFO - 迭代 146/500 | 阶段: evolutionary learning | 最佳完工时间: 1574.00 | 迭代耗时: 1.06s | 总耗时: 132.06s
2025-04-08 14:22:34,364 - INFO - 迭代 147/500 | 阶段: evolutionary learning | 最佳完工时间: 1574.00 | 迭代耗时: 0.99s | 总耗时: 133.06s
2025-04-08 14:22:35,349 - INFO - 迭代 148/500 | 阶段: evolutionary learning | 最佳完工时间: 1574.00 | 迭代耗时: 0.98s | 总耗时: 134.04s
2025-04-08 14:22:36,232 - INFO - 迭代 149/500 | 阶段: evolutionary learning | 最佳完工时间: 1574.00 | 迭代耗时: 0.88s | 总耗时: 134.92s
2025-04-08 14:22:37,142 - INFO - 迭代 150/500 | 阶段: evolutionary learning | 最佳完工时间: 1574.00 | 迭代耗时: 0.91s | 总耗时: 135.83s
2025-04-08 14:22:38,122 - INFO - 迭代 151/500 | 阶段: evolutionary learning | 最佳完工时间: 1574.00 | 迭代耗时: 0.98s | 总耗时: 136.81s
2025-04-08 14:22:39,116 - INFO - 迭代 152/500 | 阶段: evolutionary learning | 最佳完工时间: 1574.00 | 迭代耗时: 0.99s | 总耗时: 137.81s
2025-04-08 14:22:40,003 - INFO - 迭代 153/500 | 阶段: evolutionary learning | 最佳完工时间: 1574.00 | 迭代耗时: 0.89s | 总耗时: 138.70s
2025-04-08 14:22:40,901 - INFO - 迭代 154/500 | 阶段: evolutionary learning | 最佳完工时间: 1574.00 | 迭代耗时: 0.90s | 总耗时: 139.59s
2025-04-08 14:22:41,820 - INFO - 迭代 155/500 | 阶段: evolutionary learning | 最佳完工时间: 1574.00 | 迭代耗时: 0.92s | 总耗时: 140.51s
2025-04-08 14:22:42,759 - INFO - EL找到新的最优解，完工时间: 1571.00
2025-04-08 14:22:42,759 - INFO - 迭代 156/500 | 阶段: evolutionary learning | 最佳完工时间: 1571.00 | 迭代耗时: 0.94s | 总耗时: 141.45s
2025-04-08 14:22:43,685 - INFO - 迭代 157/500 | 阶段: evolutionary learning | 最佳完工时间: 1571.00 | 迭代耗时: 0.93s | 总耗时: 142.38s
2025-04-08 14:22:44,620 - INFO - 迭代 158/500 | 阶段: evolutionary learning | 最佳完工时间: 1571.00 | 迭代耗时: 0.94s | 总耗时: 143.31s
2025-04-08 14:22:45,513 - INFO - EL找到新的最优解，完工时间: 1568.00
2025-04-08 14:22:45,513 - INFO - 迭代 159/500 | 阶段: evolutionary learning | 最佳完工时间: 1568.00 | 迭代耗时: 0.89s | 总耗时: 144.21s
2025-04-08 14:22:46,434 - INFO - 迭代 160/500 | 阶段: evolutionary learning | 最佳完工时间: 1568.00 | 迭代耗时: 0.92s | 总耗时: 145.13s
2025-04-08 14:22:47,367 - INFO - 迭代 161/500 | 阶段: evolutionary learning | 最佳完工时间: 1568.00 | 迭代耗时: 0.93s | 总耗时: 146.06s
2025-04-08 14:22:48,236 - INFO - 迭代 162/500 | 阶段: evolutionary learning | 最佳完工时间: 1568.00 | 迭代耗时: 0.87s | 总耗时: 146.93s
2025-04-08 14:22:49,121 - INFO - 迭代 163/500 | 阶段: evolutionary learning | 最佳完工时间: 1568.00 | 迭代耗时: 0.88s | 总耗时: 147.81s
2025-04-08 14:22:50,037 - INFO - 迭代 164/500 | 阶段: evolutionary learning | 最佳完工时间: 1568.00 | 迭代耗时: 0.92s | 总耗时: 148.73s
2025-04-08 14:22:50,885 - INFO - 迭代 165/500 | 阶段: evolutionary learning | 最佳完工时间: 1568.00 | 迭代耗时: 0.85s | 总耗时: 149.58s
2025-04-08 14:22:51,772 - INFO - 迭代 166/500 | 阶段: evolutionary learning | 最佳完工时间: 1568.00 | 迭代耗时: 0.89s | 总耗时: 150.46s
2025-04-08 14:22:52,639 - INFO - 迭代 167/500 | 阶段: evolutionary learning | 最佳完工时间: 1568.00 | 迭代耗时: 0.87s | 总耗时: 151.33s
2025-04-08 14:22:53,557 - INFO - 迭代 168/500 | 阶段: evolutionary learning | 最佳完工时间: 1568.00 | 迭代耗时: 0.92s | 总耗时: 152.25s
2025-04-08 14:22:54,503 - INFO - 迭代 169/500 | 阶段: evolutionary learning | 最佳完工时间: 1568.00 | 迭代耗时: 0.95s | 总耗时: 153.20s
2025-04-08 14:22:55,424 - INFO - 迭代 170/500 | 阶段: evolutionary learning | 最佳完工时间: 1568.00 | 迭代耗时: 0.92s | 总耗时: 154.12s
2025-04-08 14:22:56,344 - INFO - 迭代 171/500 | 阶段: evolutionary learning | 最佳完工时间: 1568.00 | 迭代耗时: 0.92s | 总耗时: 155.04s
2025-04-08 14:22:57,266 - INFO - 迭代 172/500 | 阶段: evolutionary learning | 最佳完工时间: 1568.00 | 迭代耗时: 0.92s | 总耗时: 155.96s
2025-04-08 14:22:58,145 - INFO - 迭代 173/500 | 阶段: evolutionary learning | 最佳完工时间: 1568.00 | 迭代耗时: 0.88s | 总耗时: 156.84s
2025-04-08 14:22:59,054 - INFO - 迭代 174/500 | 阶段: evolutionary learning | 最佳完工时间: 1568.00 | 迭代耗时: 0.91s | 总耗时: 157.75s
2025-04-08 14:22:59,985 - INFO - 迭代 175/500 | 阶段: evolutionary learning | 最佳完工时间: 1568.00 | 迭代耗时: 0.93s | 总耗时: 158.68s
2025-04-08 14:23:00,892 - INFO - 迭代 176/500 | 阶段: evolutionary learning | 最佳完工时间: 1568.00 | 迭代耗时: 0.91s | 总耗时: 159.58s
2025-04-08 14:23:01,826 - INFO - 迭代 177/500 | 阶段: evolutionary learning | 最佳完工时间: 1568.00 | 迭代耗时: 0.93s | 总耗时: 160.52s
2025-04-08 14:23:02,759 - INFO - 迭代 178/500 | 阶段: evolutionary learning | 最佳完工时间: 1568.00 | 迭代耗时: 0.93s | 总耗时: 161.45s
2025-04-08 14:23:03,655 - INFO - 迭代 179/500 | 阶段: evolutionary learning | 最佳完工时间: 1568.00 | 迭代耗时: 0.90s | 总耗时: 162.35s
2025-04-08 14:23:04,576 - INFO - 迭代 180/500 | 阶段: evolutionary learning | 最佳完工时间: 1568.00 | 迭代耗时: 0.92s | 总耗时: 163.27s
2025-04-08 14:23:05,475 - INFO - 迭代 181/500 | 阶段: evolutionary learning | 最佳完工时间: 1568.00 | 迭代耗时: 0.90s | 总耗时: 164.17s
2025-04-08 14:23:06,384 - INFO - 迭代 182/500 | 阶段: evolutionary learning | 最佳完工时间: 1568.00 | 迭代耗时: 0.91s | 总耗时: 165.08s
2025-04-08 14:23:07,294 - INFO - 迭代 183/500 | 阶段: evolutionary learning | 最佳完工时间: 1568.00 | 迭代耗时: 0.91s | 总耗时: 165.99s
2025-04-08 14:23:08,227 - INFO - 迭代 184/500 | 阶段: evolutionary learning | 最佳完工时间: 1568.00 | 迭代耗时: 0.93s | 总耗时: 166.92s
2025-04-08 14:23:09,165 - INFO - 迭代 185/500 | 阶段: evolutionary learning | 最佳完工时间: 1568.00 | 迭代耗时: 0.94s | 总耗时: 167.86s
2025-04-08 14:23:10,089 - INFO - 迭代 186/500 | 阶段: evolutionary learning | 最佳完工时间: 1568.00 | 迭代耗时: 0.92s | 总耗时: 168.78s
2025-04-08 14:23:11,015 - INFO - 迭代 187/500 | 阶段: evolutionary learning | 最佳完工时间: 1568.00 | 迭代耗时: 0.93s | 总耗时: 169.71s
2025-04-08 14:23:11,942 - INFO - 迭代 188/500 | 阶段: evolutionary learning | 最佳完工时间: 1568.00 | 迭代耗时: 0.93s | 总耗时: 170.63s
2025-04-08 14:23:12,867 - INFO - 迭代 189/500 | 阶段: evolutionary learning | 最佳完工时间: 1568.00 | 迭代耗时: 0.92s | 总耗时: 171.56s
2025-04-08 14:23:13,779 - INFO - 迭代 190/500 | 阶段: evolutionary learning | 最佳完工时间: 1568.00 | 迭代耗时: 0.91s | 总耗时: 172.47s
2025-04-08 14:23:14,742 - INFO - EL找到新的最优解，完工时间: 1567.00
2025-04-08 14:23:14,742 - INFO - 迭代 191/500 | 阶段: evolutionary learning | 最佳完工时间: 1567.00 | 迭代耗时: 0.96s | 总耗时: 173.43s
2025-04-08 14:23:15,698 - INFO - 迭代 192/500 | 阶段: evolutionary learning | 最佳完工时间: 1567.00 | 迭代耗时: 0.96s | 总耗时: 174.39s
2025-04-08 14:23:16,612 - INFO - 迭代 193/500 | 阶段: evolutionary learning | 最佳完工时间: 1567.00 | 迭代耗时: 0.91s | 总耗时: 175.30s
2025-04-08 14:23:17,558 - INFO - EL找到新的最优解，完工时间: 1566.00
2025-04-08 14:23:17,559 - INFO - 迭代 194/500 | 阶段: evolutionary learning | 最佳完工时间: 1566.00 | 迭代耗时: 0.95s | 总耗时: 176.25s
2025-04-08 14:23:18,488 - INFO - 迭代 195/500 | 阶段: evolutionary learning | 最佳完工时间: 1566.00 | 迭代耗时: 0.93s | 总耗时: 177.18s
2025-04-08 14:23:19,403 - INFO - 迭代 196/500 | 阶段: evolutionary learning | 最佳完工时间: 1566.00 | 迭代耗时: 0.91s | 总耗时: 178.10s
2025-04-08 14:23:20,321 - INFO - 迭代 197/500 | 阶段: evolutionary learning | 最佳完工时间: 1566.00 | 迭代耗时: 0.92s | 总耗时: 179.01s
2025-04-08 14:23:21,243 - INFO - 迭代 198/500 | 阶段: evolutionary learning | 最佳完工时间: 1566.00 | 迭代耗时: 0.92s | 总耗时: 179.94s
2025-04-08 14:23:22,153 - INFO - 迭代 199/500 | 阶段: evolutionary learning | 最佳完工时间: 1566.00 | 迭代耗时: 0.91s | 总耗时: 180.85s
2025-04-08 14:23:23,102 - INFO - 迭代 200/500 | 阶段: evolutionary learning | 最佳完工时间: 1566.00 | 迭代耗时: 0.95s | 总耗时: 181.80s
2025-04-08 14:23:24,060 - INFO - 迭代 201/500 | 阶段: evolutionary learning | 最佳完工时间: 1566.00 | 迭代耗时: 0.96s | 总耗时: 182.75s
2025-04-08 14:23:25,010 - INFO - 迭代 202/500 | 阶段: evolutionary learning | 最佳完工时间: 1566.00 | 迭代耗时: 0.95s | 总耗时: 183.70s
2025-04-08 14:23:25,947 - INFO - 迭代 203/500 | 阶段: evolutionary learning | 最佳完工时间: 1566.00 | 迭代耗时: 0.94s | 总耗时: 184.64s
2025-04-08 14:23:26,845 - INFO - 迭代 204/500 | 阶段: evolutionary learning | 最佳完工时间: 1566.00 | 迭代耗时: 0.90s | 总耗时: 185.54s
2025-04-08 14:23:27,874 - INFO - 迭代 205/500 | 阶段: evolutionary learning | 最佳完工时间: 1566.00 | 迭代耗时: 1.03s | 总耗时: 186.57s
2025-04-08 14:23:28,856 - INFO - 迭代 206/500 | 阶段: evolutionary learning | 最佳完工时间: 1566.00 | 迭代耗时: 0.98s | 总耗时: 187.55s
2025-04-08 14:23:29,829 - INFO - 迭代 207/500 | 阶段: evolutionary learning | 最佳完工时间: 1566.00 | 迭代耗时: 0.97s | 总耗时: 188.52s
2025-04-08 14:23:30,777 - INFO - 迭代 208/500 | 阶段: evolutionary learning | 最佳完工时间: 1566.00 | 迭代耗时: 0.95s | 总耗时: 189.47s
2025-04-08 14:23:31,737 - INFO - 迭代 209/500 | 阶段: evolutionary learning | 最佳完工时间: 1566.00 | 迭代耗时: 0.96s | 总耗时: 190.43s
2025-04-08 14:23:32,647 - INFO - 迭代 210/500 | 阶段: evolutionary learning | 最佳完工时间: 1566.00 | 迭代耗时: 0.91s | 总耗时: 191.34s
2025-04-08 14:23:33,547 - INFO - 迭代 211/500 | 阶段: evolutionary learning | 最佳完工时间: 1566.00 | 迭代耗时: 0.90s | 总耗时: 192.24s
2025-04-08 14:23:34,506 - INFO - 迭代 212/500 | 阶段: evolutionary learning | 最佳完工时间: 1566.00 | 迭代耗时: 0.96s | 总耗时: 193.20s
2025-04-08 14:23:35,416 - INFO - 迭代 213/500 | 阶段: evolutionary learning | 最佳完工时间: 1566.00 | 迭代耗时: 0.91s | 总耗时: 194.11s
2025-04-08 14:23:36,374 - INFO - 迭代 214/500 | 阶段: evolutionary learning | 最佳完工时间: 1566.00 | 迭代耗时: 0.96s | 总耗时: 195.07s
2025-04-08 14:23:37,344 - INFO - 迭代 215/500 | 阶段: evolutionary learning | 最佳完工时间: 1566.00 | 迭代耗时: 0.97s | 总耗时: 196.04s
2025-04-08 14:23:38,282 - INFO - 迭代 216/500 | 阶段: evolutionary learning | 最佳完工时间: 1566.00 | 迭代耗时: 0.94s | 总耗时: 196.97s
2025-04-08 14:23:39,219 - INFO - 迭代 217/500 | 阶段: evolutionary learning | 最佳完工时间: 1566.00 | 迭代耗时: 0.94s | 总耗时: 197.91s
2025-04-08 14:23:40,133 - INFO - 迭代 218/500 | 阶段: evolutionary learning | 最佳完工时间: 1566.00 | 迭代耗时: 0.91s | 总耗时: 198.83s
2025-04-08 14:23:41,066 - INFO - 迭代 219/500 | 阶段: evolutionary learning | 最佳完工时间: 1566.00 | 迭代耗时: 0.93s | 总耗时: 199.76s
2025-04-08 14:23:42,016 - INFO - 迭代 220/500 | 阶段: evolutionary learning | 最佳完工时间: 1566.00 | 迭代耗时: 0.95s | 总耗时: 200.71s
2025-04-08 14:23:42,947 - INFO - 迭代 221/500 | 阶段: evolutionary learning | 最佳完工时间: 1566.00 | 迭代耗时: 0.93s | 总耗时: 201.64s
2025-04-08 14:23:43,845 - INFO - 迭代 222/500 | 阶段: evolutionary learning | 最佳完工时间: 1566.00 | 迭代耗时: 0.90s | 总耗时: 202.54s
2025-04-08 14:23:44,738 - INFO - 迭代 223/500 | 阶段: evolutionary learning | 最佳完工时间: 1566.00 | 迭代耗时: 0.89s | 总耗时: 203.43s
2025-04-08 14:23:45,624 - INFO - EL找到新的最优解，完工时间: 1561.00
2025-04-08 14:23:45,624 - INFO - 迭代 224/500 | 阶段: evolutionary learning | 最佳完工时间: 1561.00 | 迭代耗时: 0.89s | 总耗时: 204.32s
2025-04-08 14:23:46,519 - INFO - 迭代 225/500 | 阶段: evolutionary learning | 最佳完工时间: 1561.00 | 迭代耗时: 0.89s | 总耗时: 205.21s
2025-04-08 14:23:47,396 - INFO - 迭代 226/500 | 阶段: evolutionary learning | 最佳完工时间: 1561.00 | 迭代耗时: 0.88s | 总耗时: 206.09s
2025-04-08 14:23:48,311 - INFO - 迭代 227/500 | 阶段: evolutionary learning | 最佳完工时间: 1561.00 | 迭代耗时: 0.91s | 总耗时: 207.00s
2025-04-08 14:23:49,250 - INFO - 迭代 228/500 | 阶段: evolutionary learning | 最佳完工时间: 1561.00 | 迭代耗时: 0.94s | 总耗时: 207.94s
2025-04-08 14:23:50,260 - INFO - 迭代 229/500 | 阶段: evolutionary learning | 最佳完工时间: 1561.00 | 迭代耗时: 1.01s | 总耗时: 208.95s
2025-04-08 14:23:51,276 - INFO - 迭代 230/500 | 阶段: evolutionary learning | 最佳完工时间: 1561.00 | 迭代耗时: 1.02s | 总耗时: 209.97s
2025-04-08 14:23:52,318 - INFO - EL找到新的最优解，完工时间: 1558.00
2025-04-08 14:23:52,318 - INFO - 迭代 231/500 | 阶段: evolutionary learning | 最佳完工时间: 1558.00 | 迭代耗时: 1.04s | 总耗时: 211.01s
2025-04-08 14:23:53,294 - INFO - 迭代 232/500 | 阶段: evolutionary learning | 最佳完工时间: 1558.00 | 迭代耗时: 0.97s | 总耗时: 211.99s
2025-04-08 14:23:54,252 - INFO - 迭代 233/500 | 阶段: evolutionary learning | 最佳完工时间: 1558.00 | 迭代耗时: 0.96s | 总耗时: 212.94s
2025-04-08 14:23:55,192 - INFO - 迭代 234/500 | 阶段: evolutionary learning | 最佳完工时间: 1558.00 | 迭代耗时: 0.94s | 总耗时: 213.88s
2025-04-08 14:23:56,198 - INFO - 迭代 235/500 | 阶段: evolutionary learning | 最佳完工时间: 1558.00 | 迭代耗时: 1.01s | 总耗时: 214.89s
2025-04-08 14:23:57,096 - INFO - 迭代 236/500 | 阶段: evolutionary learning | 最佳完工时间: 1558.00 | 迭代耗时: 0.90s | 总耗时: 215.79s
2025-04-08 14:23:58,150 - INFO - 迭代 237/500 | 阶段: evolutionary learning | 最佳完工时间: 1558.00 | 迭代耗时: 1.05s | 总耗时: 216.84s
2025-04-08 14:23:59,212 - INFO - 迭代 238/500 | 阶段: evolutionary learning | 最佳完工时间: 1558.00 | 迭代耗时: 1.06s | 总耗时: 217.90s
2025-04-08 14:24:00,179 - INFO - 迭代 239/500 | 阶段: evolutionary learning | 最佳完工时间: 1558.00 | 迭代耗时: 0.97s | 总耗时: 218.87s
2025-04-08 14:24:01,110 - INFO - 迭代 240/500 | 阶段: evolutionary learning | 最佳完工时间: 1558.00 | 迭代耗时: 0.93s | 总耗时: 219.80s
2025-04-08 14:24:02,005 - INFO - 迭代 241/500 | 阶段: evolutionary learning | 最佳完工时间: 1558.00 | 迭代耗时: 0.89s | 总耗时: 220.70s
2025-04-08 14:24:02,953 - INFO - 迭代 242/500 | 阶段: evolutionary learning | 最佳完工时间: 1558.00 | 迭代耗时: 0.95s | 总耗时: 221.65s
2025-04-08 14:24:03,955 - INFO - EL找到新的最优解，完工时间: 1557.00
2025-04-08 14:24:03,956 - INFO - 迭代 243/500 | 阶段: evolutionary learning | 最佳完工时间: 1557.00 | 迭代耗时: 1.00s | 总耗时: 222.65s
2025-04-08 14:24:04,948 - INFO - 迭代 244/500 | 阶段: evolutionary learning | 最佳完工时间: 1557.00 | 迭代耗时: 0.99s | 总耗时: 223.64s
2025-04-08 14:24:05,868 - INFO - EL找到新的最优解，完工时间: 1551.00
2025-04-08 14:24:05,869 - INFO - 迭代 245/500 | 阶段: evolutionary learning | 最佳完工时间: 1551.00 | 迭代耗时: 0.92s | 总耗时: 224.56s
2025-04-08 14:24:06,846 - INFO - 迭代 246/500 | 阶段: evolutionary learning | 最佳完工时间: 1551.00 | 迭代耗时: 0.98s | 总耗时: 225.54s
2025-04-08 14:24:07,795 - INFO - 迭代 247/500 | 阶段: evolutionary learning | 最佳完工时间: 1551.00 | 迭代耗时: 0.95s | 总耗时: 226.49s
2025-04-08 14:24:08,871 - INFO - 迭代 248/500 | 阶段: evolutionary learning | 最佳完工时间: 1551.00 | 迭代耗时: 1.08s | 总耗时: 227.56s
2025-04-08 14:24:09,899 - INFO - 迭代 249/500 | 阶段: evolutionary learning | 最佳完工时间: 1551.00 | 迭代耗时: 1.03s | 总耗时: 228.59s
2025-04-08 14:24:10,839 - INFO - 迭代 250/500 | 阶段: evolutionary learning | 最佳完工时间: 1551.00 | 迭代耗时: 0.94s | 总耗时: 229.53s
2025-04-08 14:24:11,732 - INFO - 迭代 251/500 | 阶段: evolutionary learning | 最佳完工时间: 1551.00 | 迭代耗时: 0.89s | 总耗时: 230.42s
2025-04-08 14:24:12,624 - INFO - 迭代 252/500 | 阶段: evolutionary learning | 最佳完工时间: 1551.00 | 迭代耗时: 0.89s | 总耗时: 231.32s
2025-04-08 14:24:13,564 - INFO - 迭代 253/500 | 阶段: evolutionary learning | 最佳完工时间: 1551.00 | 迭代耗时: 0.94s | 总耗时: 232.26s
2025-04-08 14:24:14,524 - INFO - 迭代 254/500 | 阶段: evolutionary learning | 最佳完工时间: 1551.00 | 迭代耗时: 0.96s | 总耗时: 233.22s
2025-04-08 14:24:15,409 - INFO - 迭代 255/500 | 阶段: evolutionary learning | 最佳完工时间: 1551.00 | 迭代耗时: 0.89s | 总耗时: 234.10s
2025-04-08 14:24:16,299 - INFO - 迭代 256/500 | 阶段: evolutionary learning | 最佳完工时间: 1551.00 | 迭代耗时: 0.89s | 总耗时: 234.99s
2025-04-08 14:24:17,235 - INFO - 迭代 257/500 | 阶段: evolutionary learning | 最佳完工时间: 1551.00 | 迭代耗时: 0.94s | 总耗时: 235.93s
2025-04-08 14:24:18,203 - INFO - 迭代 258/500 | 阶段: evolutionary learning | 最佳完工时间: 1551.00 | 迭代耗时: 0.97s | 总耗时: 236.90s
2025-04-08 14:24:19,210 - INFO - 迭代 259/500 | 阶段: evolutionary learning | 最佳完工时间: 1551.00 | 迭代耗时: 1.01s | 总耗时: 237.90s
2025-04-08 14:24:20,166 - INFO - 迭代 260/500 | 阶段: evolutionary learning | 最佳完工时间: 1551.00 | 迭代耗时: 0.96s | 总耗时: 238.86s
2025-04-08 14:24:21,181 - INFO - 迭代 261/500 | 阶段: evolutionary learning | 最佳完工时间: 1551.00 | 迭代耗时: 1.01s | 总耗时: 239.87s
2025-04-08 14:24:22,182 - INFO - 迭代 262/500 | 阶段: evolutionary learning | 最佳完工时间: 1551.00 | 迭代耗时: 1.00s | 总耗时: 240.87s
2025-04-08 14:24:23,250 - INFO - 迭代 263/500 | 阶段: evolutionary learning | 最佳完工时间: 1551.00 | 迭代耗时: 1.07s | 总耗时: 241.94s
2025-04-08 14:24:24,210 - INFO - 迭代 264/500 | 阶段: evolutionary learning | 最佳完工时间: 1551.00 | 迭代耗时: 0.96s | 总耗时: 242.90s
2025-04-08 14:24:25,132 - INFO - 迭代 265/500 | 阶段: evolutionary learning | 最佳完工时间: 1551.00 | 迭代耗时: 0.92s | 总耗时: 243.82s
2025-04-08 14:24:26,060 - INFO - 迭代 266/500 | 阶段: evolutionary learning | 最佳完工时间: 1551.00 | 迭代耗时: 0.93s | 总耗时: 244.75s
2025-04-08 14:24:26,951 - INFO - 迭代 267/500 | 阶段: evolutionary learning | 最佳完工时间: 1551.00 | 迭代耗时: 0.89s | 总耗时: 245.64s
2025-04-08 14:24:27,907 - INFO - 迭代 268/500 | 阶段: evolutionary learning | 最佳完工时间: 1551.00 | 迭代耗时: 0.96s | 总耗时: 246.60s
2025-04-08 14:24:28,827 - INFO - 迭代 269/500 | 阶段: evolutionary learning | 最佳完工时间: 1551.00 | 迭代耗时: 0.92s | 总耗时: 247.52s
2025-04-08 14:24:29,726 - INFO - 迭代 270/500 | 阶段: evolutionary learning | 最佳完工时间: 1551.00 | 迭代耗时: 0.90s | 总耗时: 248.42s
2025-04-08 14:24:30,707 - INFO - 迭代 271/500 | 阶段: evolutionary learning | 最佳完工时间: 1551.00 | 迭代耗时: 0.98s | 总耗时: 249.40s
2025-04-08 14:24:31,600 - INFO - 迭代 272/500 | 阶段: evolutionary learning | 最佳完工时间: 1551.00 | 迭代耗时: 0.89s | 总耗时: 250.29s
2025-04-08 14:24:32,538 - INFO - 迭代 273/500 | 阶段: evolutionary learning | 最佳完工时间: 1551.00 | 迭代耗时: 0.94s | 总耗时: 251.23s
2025-04-08 14:24:33,462 - INFO - 迭代 274/500 | 阶段: evolutionary learning | 最佳完工时间: 1551.00 | 迭代耗时: 0.92s | 总耗时: 252.15s
2025-04-08 14:24:34,379 - INFO - 迭代 275/500 | 阶段: evolutionary learning | 最佳完工时间: 1551.00 | 迭代耗时: 0.92s | 总耗时: 253.07s
2025-04-08 14:24:35,313 - INFO - 迭代 276/500 | 阶段: evolutionary learning | 最佳完工时间: 1551.00 | 迭代耗时: 0.93s | 总耗时: 254.01s
2025-04-08 14:24:36,231 - INFO - 迭代 277/500 | 阶段: evolutionary learning | 最佳完工时间: 1551.00 | 迭代耗时: 0.92s | 总耗时: 254.92s
2025-04-08 14:24:37,135 - INFO - 迭代 278/500 | 阶段: evolutionary learning | 最佳完工时间: 1551.00 | 迭代耗时: 0.90s | 总耗时: 255.83s
2025-04-08 14:24:38,051 - INFO - 迭代 279/500 | 阶段: evolutionary learning | 最佳完工时间: 1551.00 | 迭代耗时: 0.92s | 总耗时: 256.74s
2025-04-08 14:24:38,962 - INFO - 迭代 280/500 | 阶段: evolutionary learning | 最佳完工时间: 1551.00 | 迭代耗时: 0.91s | 总耗时: 257.65s
2025-04-08 14:24:39,908 - INFO - EL找到新的最优解，完工时间: 1550.00
2025-04-08 14:24:39,909 - INFO - 迭代 281/500 | 阶段: evolutionary learning | 最佳完工时间: 1550.00 | 迭代耗时: 0.95s | 总耗时: 258.60s
2025-04-08 14:24:40,846 - INFO - 迭代 282/500 | 阶段: evolutionary learning | 最佳完工时间: 1550.00 | 迭代耗时: 0.94s | 总耗时: 259.54s
2025-04-08 14:24:41,804 - INFO - 迭代 283/500 | 阶段: evolutionary learning | 最佳完工时间: 1550.00 | 迭代耗时: 0.96s | 总耗时: 260.50s
2025-04-08 14:24:42,759 - INFO - 迭代 284/500 | 阶段: evolutionary learning | 最佳完工时间: 1550.00 | 迭代耗时: 0.95s | 总耗时: 261.45s
2025-04-08 14:24:43,700 - INFO - 迭代 285/500 | 阶段: evolutionary learning | 最佳完工时间: 1550.00 | 迭代耗时: 0.94s | 总耗时: 262.39s
2025-04-08 14:24:44,592 - INFO - 迭代 286/500 | 阶段: evolutionary learning | 最佳完工时间: 1550.00 | 迭代耗时: 0.89s | 总耗时: 263.28s
2025-04-08 14:24:45,484 - INFO - EL找到新的最优解，完工时间: 1549.00
2025-04-08 14:24:45,484 - INFO - 迭代 287/500 | 阶段: evolutionary learning | 最佳完工时间: 1549.00 | 迭代耗时: 0.89s | 总耗时: 264.18s
2025-04-08 14:24:46,432 - INFO - 迭代 288/500 | 阶段: evolutionary learning | 最佳完工时间: 1549.00 | 迭代耗时: 0.95s | 总耗时: 265.12s
2025-04-08 14:24:47,418 - INFO - 迭代 289/500 | 阶段: evolutionary learning | 最佳完工时间: 1549.00 | 迭代耗时: 0.99s | 总耗时: 266.11s
2025-04-08 14:24:48,441 - INFO - 迭代 290/500 | 阶段: evolutionary learning | 最佳完工时间: 1549.00 | 迭代耗时: 1.02s | 总耗时: 267.13s
2025-04-08 14:24:49,428 - INFO - 迭代 291/500 | 阶段: evolutionary learning | 最佳完工时间: 1549.00 | 迭代耗时: 0.99s | 总耗时: 268.12s
2025-04-08 14:24:50,364 - INFO - EL找到新的最优解，完工时间: 1547.00
2025-04-08 14:24:50,364 - INFO - 迭代 292/500 | 阶段: evolutionary learning | 最佳完工时间: 1547.00 | 迭代耗时: 0.94s | 总耗时: 269.06s
2025-04-08 14:24:51,309 - INFO - 迭代 293/500 | 阶段: evolutionary learning | 最佳完工时间: 1547.00 | 迭代耗时: 0.94s | 总耗时: 270.00s
2025-04-08 14:24:52,257 - INFO - 迭代 294/500 | 阶段: evolutionary learning | 最佳完工时间: 1547.00 | 迭代耗时: 0.95s | 总耗时: 270.95s
2025-04-08 14:24:53,179 - INFO - 迭代 295/500 | 阶段: evolutionary learning | 最佳完工时间: 1547.00 | 迭代耗时: 0.92s | 总耗时: 271.87s
2025-04-08 14:24:54,106 - INFO - 迭代 296/500 | 阶段: evolutionary learning | 最佳完工时间: 1547.00 | 迭代耗时: 0.93s | 总耗时: 272.80s
2025-04-08 14:24:55,041 - INFO - EL找到新的最优解，完工时间: 1545.00
2025-04-08 14:24:55,041 - INFO - 迭代 297/500 | 阶段: evolutionary learning | 最佳完工时间: 1545.00 | 迭代耗时: 0.93s | 总耗时: 273.73s
2025-04-08 14:24:55,934 - INFO - 迭代 298/500 | 阶段: evolutionary learning | 最佳完工时间: 1545.00 | 迭代耗时: 0.89s | 总耗时: 274.63s
2025-04-08 14:24:56,812 - INFO - 迭代 299/500 | 阶段: evolutionary learning | 最佳完工时间: 1545.00 | 迭代耗时: 0.88s | 总耗时: 275.50s
2025-04-08 14:24:57,704 - INFO - 迭代 300/500 | 阶段: evolutionary learning | 最佳完工时间: 1545.00 | 迭代耗时: 0.89s | 总耗时: 276.40s
2025-04-08 14:24:58,619 - INFO - 迭代 301/500 | 阶段: evolutionary learning | 最佳完工时间: 1545.00 | 迭代耗时: 0.91s | 总耗时: 277.31s
2025-04-08 14:24:59,513 - INFO - 迭代 302/500 | 阶段: evolutionary learning | 最佳完工时间: 1545.00 | 迭代耗时: 0.89s | 总耗时: 278.21s
2025-04-08 14:25:00,423 - INFO - 迭代 303/500 | 阶段: evolutionary learning | 最佳完工时间: 1545.00 | 迭代耗时: 0.91s | 总耗时: 279.12s
2025-04-08 14:25:01,337 - INFO - 迭代 304/500 | 阶段: evolutionary learning | 最佳完工时间: 1545.00 | 迭代耗时: 0.91s | 总耗时: 280.03s
2025-04-08 14:25:02,250 - INFO - 迭代 305/500 | 阶段: evolutionary learning | 最佳完工时间: 1545.00 | 迭代耗时: 0.91s | 总耗时: 280.94s
2025-04-08 14:25:03,147 - INFO - 迭代 306/500 | 阶段: evolutionary learning | 最佳完工时间: 1545.00 | 迭代耗时: 0.90s | 总耗时: 281.84s
2025-04-08 14:25:04,049 - INFO - 迭代 307/500 | 阶段: evolutionary learning | 最佳完工时间: 1545.00 | 迭代耗时: 0.90s | 总耗时: 282.74s
2025-04-08 14:25:04,941 - INFO - 迭代 308/500 | 阶段: evolutionary learning | 最佳完工时间: 1545.00 | 迭代耗时: 0.89s | 总耗时: 283.63s
2025-04-08 14:25:05,851 - INFO - 迭代 309/500 | 阶段: evolutionary learning | 最佳完工时间: 1545.00 | 迭代耗时: 0.91s | 总耗时: 284.54s
2025-04-08 14:25:06,747 - INFO - 迭代 310/500 | 阶段: evolutionary learning | 最佳完工时间: 1545.00 | 迭代耗时: 0.90s | 总耗时: 285.44s
2025-04-08 14:25:07,687 - INFO - 迭代 311/500 | 阶段: evolutionary learning | 最佳完工时间: 1545.00 | 迭代耗时: 0.94s | 总耗时: 286.38s
2025-04-08 14:25:08,617 - INFO - 迭代 312/500 | 阶段: evolutionary learning | 最佳完工时间: 1545.00 | 迭代耗时: 0.93s | 总耗时: 287.31s
2025-04-08 14:25:09,537 - INFO - 迭代 313/500 | 阶段: evolutionary learning | 最佳完工时间: 1545.00 | 迭代耗时: 0.92s | 总耗时: 288.23s
2025-04-08 14:25:10,441 - INFO - 迭代 314/500 | 阶段: evolutionary learning | 最佳完工时间: 1545.00 | 迭代耗时: 0.90s | 总耗时: 289.13s
2025-04-08 14:25:11,349 - INFO - 迭代 315/500 | 阶段: evolutionary learning | 最佳完工时间: 1545.00 | 迭代耗时: 0.91s | 总耗时: 290.04s
2025-04-08 14:25:12,241 - INFO - 迭代 316/500 | 阶段: evolutionary learning | 最佳完工时间: 1545.00 | 迭代耗时: 0.89s | 总耗时: 290.93s
2025-04-08 14:25:13,165 - INFO - 迭代 317/500 | 阶段: evolutionary learning | 最佳完工时间: 1545.00 | 迭代耗时: 0.92s | 总耗时: 291.86s
2025-04-08 14:25:14,072 - INFO - 迭代 318/500 | 阶段: evolutionary learning | 最佳完工时间: 1545.00 | 迭代耗时: 0.91s | 总耗时: 292.76s
2025-04-08 14:25:14,976 - INFO - 迭代 319/500 | 阶段: evolutionary learning | 最佳完工时间: 1545.00 | 迭代耗时: 0.90s | 总耗时: 293.67s
2025-04-08 14:25:15,915 - INFO - 迭代 320/500 | 阶段: evolutionary learning | 最佳完工时间: 1545.00 | 迭代耗时: 0.94s | 总耗时: 294.61s
2025-04-08 14:25:16,799 - INFO - 迭代 321/500 | 阶段: evolutionary learning | 最佳完工时间: 1545.00 | 迭代耗时: 0.88s | 总耗时: 295.49s
2025-04-08 14:25:17,710 - INFO - 迭代 322/500 | 阶段: evolutionary learning | 最佳完工时间: 1545.00 | 迭代耗时: 0.91s | 总耗时: 296.40s
2025-04-08 14:25:18,610 - INFO - 迭代 323/500 | 阶段: evolutionary learning | 最佳完工时间: 1545.00 | 迭代耗时: 0.90s | 总耗时: 297.30s
2025-04-08 14:25:19,516 - INFO - 迭代 324/500 | 阶段: evolutionary learning | 最佳完工时间: 1545.00 | 迭代耗时: 0.90s | 总耗时: 298.21s
2025-04-08 14:25:20,422 - INFO - 迭代 325/500 | 阶段: evolutionary learning | 最佳完工时间: 1545.00 | 迭代耗时: 0.91s | 总耗时: 299.11s
2025-04-08 14:25:21,300 - INFO - 迭代 326/500 | 阶段: evolutionary learning | 最佳完工时间: 1545.00 | 迭代耗时: 0.88s | 总耗时: 299.99s
2025-04-08 14:25:22,188 - INFO - EL找到新的最优解，完工时间: 1544.00
2025-04-08 14:25:22,189 - INFO - 迭代 327/500 | 阶段: evolutionary learning | 最佳完工时间: 1544.00 | 迭代耗时: 0.89s | 总耗时: 300.88s
2025-04-08 14:25:23,096 - INFO - 迭代 328/500 | 阶段: evolutionary learning | 最佳完工时间: 1544.00 | 迭代耗时: 0.90s | 总耗时: 301.79s
2025-04-08 14:25:23,990 - INFO - 迭代 329/500 | 阶段: evolutionary learning | 最佳完工时间: 1544.00 | 迭代耗时: 0.89s | 总耗时: 302.68s
2025-04-08 14:25:24,873 - INFO - 迭代 330/500 | 阶段: evolutionary learning | 最佳完工时间: 1544.00 | 迭代耗时: 0.88s | 总耗时: 303.57s
2025-04-08 14:25:25,762 - INFO - 迭代 331/500 | 阶段: evolutionary learning | 最佳完工时间: 1544.00 | 迭代耗时: 0.89s | 总耗时: 304.45s
2025-04-08 14:25:26,647 - INFO - 迭代 332/500 | 阶段: evolutionary learning | 最佳完工时间: 1544.00 | 迭代耗时: 0.88s | 总耗时: 305.34s
2025-04-08 14:25:27,527 - INFO - 迭代 333/500 | 阶段: evolutionary learning | 最佳完工时间: 1544.00 | 迭代耗时: 0.88s | 总耗时: 306.22s
2025-04-08 14:25:28,435 - INFO - 迭代 334/500 | 阶段: evolutionary learning | 最佳完工时间: 1544.00 | 迭代耗时: 0.91s | 总耗时: 307.13s
2025-04-08 14:25:29,306 - INFO - 迭代 335/500 | 阶段: evolutionary learning | 最佳完工时间: 1544.00 | 迭代耗时: 0.87s | 总耗时: 308.00s
2025-04-08 14:25:30,221 - INFO - 迭代 336/500 | 阶段: evolutionary learning | 最佳完工时间: 1544.00 | 迭代耗时: 0.91s | 总耗时: 308.91s
2025-04-08 14:25:31,129 - INFO - 迭代 337/500 | 阶段: evolutionary learning | 最佳完工时间: 1544.00 | 迭代耗时: 0.91s | 总耗时: 309.82s
2025-04-08 14:25:32,036 - INFO - EL找到新的最优解，完工时间: 1543.00
2025-04-08 14:25:32,037 - INFO - 迭代 338/500 | 阶段: evolutionary learning | 最佳完工时间: 1543.00 | 迭代耗时: 0.91s | 总耗时: 310.73s
2025-04-08 14:25:32,926 - INFO - 迭代 339/500 | 阶段: evolutionary learning | 最佳完工时间: 1543.00 | 迭代耗时: 0.89s | 总耗时: 311.62s
2025-04-08 14:25:33,813 - INFO - EL找到新的最优解，完工时间: 1539.00
2025-04-08 14:25:33,814 - INFO - 迭代 340/500 | 阶段: evolutionary learning | 最佳完工时间: 1539.00 | 迭代耗时: 0.89s | 总耗时: 312.51s
2025-04-08 14:25:34,715 - INFO - 迭代 341/500 | 阶段: evolutionary learning | 最佳完工时间: 1539.00 | 迭代耗时: 0.90s | 总耗时: 313.41s
2025-04-08 14:25:35,620 - INFO - 迭代 342/500 | 阶段: evolutionary learning | 最佳完工时间: 1539.00 | 迭代耗时: 0.91s | 总耗时: 314.31s
2025-04-08 14:25:36,495 - INFO - 迭代 343/500 | 阶段: evolutionary learning | 最佳完工时间: 1539.00 | 迭代耗时: 0.88s | 总耗时: 315.19s
2025-04-08 14:25:37,375 - INFO - 迭代 344/500 | 阶段: evolutionary learning | 最佳完工时间: 1539.00 | 迭代耗时: 0.88s | 总耗时: 316.07s
2025-04-08 14:25:38,276 - INFO - 迭代 345/500 | 阶段: evolutionary learning | 最佳完工时间: 1539.00 | 迭代耗时: 0.90s | 总耗时: 316.97s
2025-04-08 14:25:39,199 - INFO - 迭代 346/500 | 阶段: evolutionary learning | 最佳完工时间: 1539.00 | 迭代耗时: 0.92s | 总耗时: 317.89s
2025-04-08 14:25:40,101 - INFO - 迭代 347/500 | 阶段: evolutionary learning | 最佳完工时间: 1539.00 | 迭代耗时: 0.90s | 总耗时: 318.79s
2025-04-08 14:25:41,024 - INFO - 迭代 348/500 | 阶段: evolutionary learning | 最佳完工时间: 1539.00 | 迭代耗时: 0.92s | 总耗时: 319.72s
2025-04-08 14:25:41,943 - INFO - 迭代 349/500 | 阶段: evolutionary learning | 最佳完工时间: 1539.00 | 迭代耗时: 0.92s | 总耗时: 320.64s
2025-04-08 14:25:42,818 - INFO - 迭代 350/500 | 阶段: evolutionary learning | 最佳完工时间: 1539.00 | 迭代耗时: 0.88s | 总耗时: 321.51s
2025-04-08 14:25:43,682 - INFO - EL找到新的最优解，完工时间: 1537.00
2025-04-08 14:25:43,682 - INFO - 迭代 351/500 | 阶段: evolutionary learning | 最佳完工时间: 1537.00 | 迭代耗时: 0.86s | 总耗时: 322.37s
2025-04-08 14:25:44,556 - INFO - 迭代 352/500 | 阶段: evolutionary learning | 最佳完工时间: 1537.00 | 迭代耗时: 0.87s | 总耗时: 323.25s
2025-04-08 14:25:45,447 - INFO - 迭代 353/500 | 阶段: evolutionary learning | 最佳完工时间: 1537.00 | 迭代耗时: 0.89s | 总耗时: 324.14s
2025-04-08 14:25:46,365 - INFO - 迭代 354/500 | 阶段: evolutionary learning | 最佳完工时间: 1537.00 | 迭代耗时: 0.92s | 总耗时: 325.06s
2025-04-08 14:25:47,253 - INFO - 迭代 355/500 | 阶段: evolutionary learning | 最佳完工时间: 1537.00 | 迭代耗时: 0.89s | 总耗时: 325.95s
2025-04-08 14:25:48,144 - INFO - 迭代 356/500 | 阶段: evolutionary learning | 最佳完工时间: 1537.00 | 迭代耗时: 0.89s | 总耗时: 326.84s
2025-04-08 14:25:49,056 - INFO - 迭代 357/500 | 阶段: evolutionary learning | 最佳完工时间: 1537.00 | 迭代耗时: 0.91s | 总耗时: 327.75s
2025-04-08 14:25:49,970 - INFO - 迭代 358/500 | 阶段: evolutionary learning | 最佳完工时间: 1537.00 | 迭代耗时: 0.91s | 总耗时: 328.66s
2025-04-08 14:25:50,864 - INFO - 迭代 359/500 | 阶段: evolutionary learning | 最佳完工时间: 1537.00 | 迭代耗时: 0.89s | 总耗时: 329.56s
2025-04-08 14:25:51,805 - INFO - 迭代 360/500 | 阶段: evolutionary learning | 最佳完工时间: 1537.00 | 迭代耗时: 0.94s | 总耗时: 330.50s
2025-04-08 14:25:52,724 - INFO - 迭代 361/500 | 阶段: evolutionary learning | 最佳完工时间: 1537.00 | 迭代耗时: 0.92s | 总耗时: 331.42s
2025-04-08 14:25:53,631 - INFO - 迭代 362/500 | 阶段: evolutionary learning | 最佳完工时间: 1537.00 | 迭代耗时: 0.91s | 总耗时: 332.32s
2025-04-08 14:25:54,541 - INFO - 迭代 363/500 | 阶段: evolutionary learning | 最佳完工时间: 1537.00 | 迭代耗时: 0.91s | 总耗时: 333.23s
2025-04-08 14:25:55,484 - INFO - 迭代 364/500 | 阶段: evolutionary learning | 最佳完工时间: 1537.00 | 迭代耗时: 0.94s | 总耗时: 334.18s
2025-04-08 14:25:56,429 - INFO - 迭代 365/500 | 阶段: evolutionary learning | 最佳完工时间: 1537.00 | 迭代耗时: 0.94s | 总耗时: 335.12s
2025-04-08 14:25:57,367 - INFO - 迭代 366/500 | 阶段: evolutionary learning | 最佳完工时间: 1537.00 | 迭代耗时: 0.94s | 总耗时: 336.06s
2025-04-08 14:25:58,254 - INFO - 迭代 367/500 | 阶段: evolutionary learning | 最佳完工时间: 1537.00 | 迭代耗时: 0.89s | 总耗时: 336.95s
2025-04-08 14:25:59,167 - INFO - 迭代 368/500 | 阶段: evolutionary learning | 最佳完工时间: 1537.00 | 迭代耗时: 0.91s | 总耗时: 337.86s
2025-04-08 14:26:00,107 - INFO - 迭代 369/500 | 阶段: evolutionary learning | 最佳完工时间: 1537.00 | 迭代耗时: 0.94s | 总耗时: 338.80s
2025-04-08 14:26:00,987 - INFO - 迭代 370/500 | 阶段: evolutionary learning | 最佳完工时间: 1537.00 | 迭代耗时: 0.88s | 总耗时: 339.68s
2025-04-08 14:26:01,906 - INFO - 迭代 371/500 | 阶段: evolutionary learning | 最佳完工时间: 1537.00 | 迭代耗时: 0.92s | 总耗时: 340.60s
2025-04-08 14:26:02,809 - INFO - 迭代 372/500 | 阶段: evolutionary learning | 最佳完工时间: 1537.00 | 迭代耗时: 0.90s | 总耗时: 341.50s
2025-04-08 14:26:03,800 - INFO - 迭代 373/500 | 阶段: evolutionary learning | 最佳完工时间: 1537.00 | 迭代耗时: 0.99s | 总耗时: 342.49s
2025-04-08 14:26:04,751 - INFO - 迭代 374/500 | 阶段: evolutionary learning | 最佳完工时间: 1537.00 | 迭代耗时: 0.95s | 总耗时: 343.44s
2025-04-08 14:26:05,656 - INFO - 迭代 375/500 | 阶段: evolutionary learning | 最佳完工时间: 1537.00 | 迭代耗时: 0.90s | 总耗时: 344.35s
2025-04-08 14:26:06,543 - INFO - 迭代 376/500 | 阶段: evolutionary learning | 最佳完工时间: 1537.00 | 迭代耗时: 0.89s | 总耗时: 345.24s
2025-04-08 14:26:07,479 - INFO - 迭代 377/500 | 阶段: evolutionary learning | 最佳完工时间: 1537.00 | 迭代耗时: 0.94s | 总耗时: 346.17s
2025-04-08 14:26:08,383 - INFO - 迭代 378/500 | 阶段: evolutionary learning | 最佳完工时间: 1537.00 | 迭代耗时: 0.90s | 总耗时: 347.08s
2025-04-08 14:26:09,270 - INFO - 迭代 379/500 | 阶段: evolutionary learning | 最佳完工时间: 1537.00 | 迭代耗时: 0.89s | 总耗时: 347.96s
2025-04-08 14:26:10,146 - INFO - 迭代 380/500 | 阶段: evolutionary learning | 最佳完工时间: 1537.00 | 迭代耗时: 0.88s | 总耗时: 348.84s
2025-04-08 14:26:11,037 - INFO - 迭代 381/500 | 阶段: evolutionary learning | 最佳完工时间: 1537.00 | 迭代耗时: 0.89s | 总耗时: 349.73s
2025-04-08 14:26:11,976 - INFO - 迭代 382/500 | 阶段: evolutionary learning | 最佳完工时间: 1537.00 | 迭代耗时: 0.94s | 总耗时: 350.67s
2025-04-08 14:26:12,917 - INFO - 迭代 383/500 | 阶段: evolutionary learning | 最佳完工时间: 1537.00 | 迭代耗时: 0.94s | 总耗时: 351.61s
2025-04-08 14:26:13,949 - INFO - 迭代 384/500 | 阶段: evolutionary learning | 最佳完工时间: 1537.00 | 迭代耗时: 1.03s | 总耗时: 352.64s
2025-04-08 14:26:14,899 - INFO - 迭代 385/500 | 阶段: evolutionary learning | 最佳完工时间: 1537.00 | 迭代耗时: 0.95s | 总耗时: 353.59s
2025-04-08 14:26:15,837 - INFO - 迭代 386/500 | 阶段: evolutionary learning | 最佳完工时间: 1537.00 | 迭代耗时: 0.94s | 总耗时: 354.53s
2025-04-08 14:26:16,810 - INFO - 迭代 387/500 | 阶段: evolutionary learning | 最佳完工时间: 1537.00 | 迭代耗时: 0.97s | 总耗时: 355.50s
2025-04-08 14:26:17,704 - INFO - 迭代 388/500 | 阶段: evolutionary learning | 最佳完工时间: 1537.00 | 迭代耗时: 0.89s | 总耗时: 356.40s
2025-04-08 14:26:18,615 - INFO - 迭代 389/500 | 阶段: evolutionary learning | 最佳完工时间: 1537.00 | 迭代耗时: 0.91s | 总耗时: 357.31s
2025-04-08 14:26:19,506 - INFO - 迭代 390/500 | 阶段: evolutionary learning | 最佳完工时间: 1537.00 | 迭代耗时: 0.89s | 总耗时: 358.20s
2025-04-08 14:26:20,403 - INFO - 迭代 391/500 | 阶段: evolutionary learning | 最佳完工时间: 1537.00 | 迭代耗时: 0.90s | 总耗时: 359.10s
2025-04-08 14:26:21,286 - INFO - 迭代 392/500 | 阶段: evolutionary learning | 最佳完工时间: 1537.00 | 迭代耗时: 0.88s | 总耗时: 359.98s
2025-04-08 14:26:22,188 - INFO - 迭代 393/500 | 阶段: evolutionary learning | 最佳完工时间: 1537.00 | 迭代耗时: 0.90s | 总耗时: 360.88s
2025-04-08 14:26:23,066 - INFO - 迭代 394/500 | 阶段: evolutionary learning | 最佳完工时间: 1537.00 | 迭代耗时: 0.88s | 总耗时: 361.76s
2025-04-08 14:26:23,968 - INFO - EL找到新的最优解，完工时间: 1536.00
2025-04-08 14:26:23,968 - INFO - 迭代 395/500 | 阶段: evolutionary learning | 最佳完工时间: 1536.00 | 迭代耗时: 0.90s | 总耗时: 362.66s
2025-04-08 14:26:24,854 - INFO - 迭代 396/500 | 阶段: evolutionary learning | 最佳完工时间: 1536.00 | 迭代耗时: 0.88s | 总耗时: 363.55s
2025-04-08 14:26:25,751 - INFO - 迭代 397/500 | 阶段: evolutionary learning | 最佳完工时间: 1536.00 | 迭代耗时: 0.90s | 总耗时: 364.44s
2025-04-08 14:26:26,632 - INFO - 迭代 398/500 | 阶段: evolutionary learning | 最佳完工时间: 1536.00 | 迭代耗时: 0.88s | 总耗时: 365.32s
2025-04-08 14:26:27,524 - INFO - 迭代 399/500 | 阶段: evolutionary learning | 最佳完工时间: 1536.00 | 迭代耗时: 0.89s | 总耗时: 366.22s
2025-04-08 14:26:28,431 - INFO - 迭代 400/500 | 阶段: evolutionary learning | 最佳完工时间: 1536.00 | 迭代耗时: 0.91s | 总耗时: 367.12s
2025-04-08 14:26:29,313 - INFO - 迭代 401/500 | 阶段: evolutionary learning | 最佳完工时间: 1536.00 | 迭代耗时: 0.88s | 总耗时: 368.01s
2025-04-08 14:26:30,211 - INFO - 迭代 402/500 | 阶段: evolutionary learning | 最佳完工时间: 1536.00 | 迭代耗时: 0.90s | 总耗时: 368.90s
2025-04-08 14:26:31,098 - INFO - 迭代 403/500 | 阶段: evolutionary learning | 最佳完工时间: 1536.00 | 迭代耗时: 0.89s | 总耗时: 369.79s
2025-04-08 14:26:31,997 - INFO - 迭代 404/500 | 阶段: evolutionary learning | 最佳完工时间: 1536.00 | 迭代耗时: 0.90s | 总耗时: 370.69s
2025-04-08 14:26:32,893 - INFO - 迭代 405/500 | 阶段: evolutionary learning | 最佳完工时间: 1536.00 | 迭代耗时: 0.89s | 总耗时: 371.59s
2025-04-08 14:26:33,791 - INFO - 迭代 406/500 | 阶段: evolutionary learning | 最佳完工时间: 1536.00 | 迭代耗时: 0.90s | 总耗时: 372.48s
2025-04-08 14:26:34,669 - INFO - 迭代 407/500 | 阶段: evolutionary learning | 最佳完工时间: 1536.00 | 迭代耗时: 0.88s | 总耗时: 373.36s
2025-04-08 14:26:35,549 - INFO - 迭代 408/500 | 阶段: evolutionary learning | 最佳完工时间: 1536.00 | 迭代耗时: 0.88s | 总耗时: 374.24s
2025-04-08 14:26:36,454 - INFO - 迭代 409/500 | 阶段: evolutionary learning | 最佳完工时间: 1536.00 | 迭代耗时: 0.91s | 总耗时: 375.15s
2025-04-08 14:26:37,355 - INFO - 迭代 410/500 | 阶段: evolutionary learning | 最佳完工时间: 1536.00 | 迭代耗时: 0.90s | 总耗时: 376.05s
2025-04-08 14:26:38,265 - INFO - 迭代 411/500 | 阶段: evolutionary learning | 最佳完工时间: 1536.00 | 迭代耗时: 0.91s | 总耗时: 376.96s
2025-04-08 14:26:39,165 - INFO - 迭代 412/500 | 阶段: evolutionary learning | 最佳完工时间: 1536.00 | 迭代耗时: 0.90s | 总耗时: 377.86s
2025-04-08 14:26:40,060 - INFO - EL找到新的最优解，完工时间: 1531.00
2025-04-08 14:26:40,060 - INFO - 迭代 413/500 | 阶段: evolutionary learning | 最佳完工时间: 1531.00 | 迭代耗时: 0.89s | 总耗时: 378.75s
2025-04-08 14:26:40,940 - INFO - 迭代 414/500 | 阶段: evolutionary learning | 最佳完工时间: 1531.00 | 迭代耗时: 0.88s | 总耗时: 379.63s
2025-04-08 14:26:41,835 - INFO - 迭代 415/500 | 阶段: evolutionary learning | 最佳完工时间: 1531.00 | 迭代耗时: 0.90s | 总耗时: 380.53s
2025-04-08 14:26:42,712 - INFO - 迭代 416/500 | 阶段: evolutionary learning | 最佳完工时间: 1531.00 | 迭代耗时: 0.88s | 总耗时: 381.40s
2025-04-08 14:26:43,600 - INFO - 迭代 417/500 | 阶段: evolutionary learning | 最佳完工时间: 1531.00 | 迭代耗时: 0.89s | 总耗时: 382.29s
2025-04-08 14:26:44,470 - INFO - 迭代 418/500 | 阶段: evolutionary learning | 最佳完工时间: 1531.00 | 迭代耗时: 0.87s | 总耗时: 383.16s
2025-04-08 14:26:45,373 - INFO - 迭代 419/500 | 阶段: evolutionary learning | 最佳完工时间: 1531.00 | 迭代耗时: 0.90s | 总耗时: 384.07s
2025-04-08 14:26:46,297 - INFO - 迭代 420/500 | 阶段: evolutionary learning | 最佳完工时间: 1531.00 | 迭代耗时: 0.92s | 总耗时: 384.99s
2025-04-08 14:26:47,192 - INFO - 迭代 421/500 | 阶段: evolutionary learning | 最佳完工时间: 1531.00 | 迭代耗时: 0.89s | 总耗时: 385.88s
2025-04-08 14:26:48,078 - INFO - EL找到新的最优解，完工时间: 1530.00
2025-04-08 14:26:48,078 - INFO - 迭代 422/500 | 阶段: evolutionary learning | 最佳完工时间: 1530.00 | 迭代耗时: 0.89s | 总耗时: 386.77s
2025-04-08 14:26:48,983 - INFO - 迭代 423/500 | 阶段: evolutionary learning | 最佳完工时间: 1530.00 | 迭代耗时: 0.90s | 总耗时: 387.68s
2025-04-08 14:26:49,891 - INFO - 迭代 424/500 | 阶段: evolutionary learning | 最佳完工时间: 1530.00 | 迭代耗时: 0.91s | 总耗时: 388.58s
2025-04-08 14:26:50,791 - INFO - 迭代 425/500 | 阶段: evolutionary learning | 最佳完工时间: 1530.00 | 迭代耗时: 0.90s | 总耗时: 389.48s
2025-04-08 14:26:51,668 - INFO - 迭代 426/500 | 阶段: evolutionary learning | 最佳完工时间: 1530.00 | 迭代耗时: 0.88s | 总耗时: 390.36s
2025-04-08 14:26:52,570 - INFO - 迭代 427/500 | 阶段: evolutionary learning | 最佳完工时间: 1530.00 | 迭代耗时: 0.90s | 总耗时: 391.26s
2025-04-08 14:26:53,500 - INFO - 迭代 428/500 | 阶段: evolutionary learning | 最佳完工时间: 1530.00 | 迭代耗时: 0.93s | 总耗时: 392.19s
2025-04-08 14:26:54,454 - INFO - 迭代 429/500 | 阶段: evolutionary learning | 最佳完工时间: 1530.00 | 迭代耗时: 0.95s | 总耗时: 393.15s
2025-04-08 14:26:55,402 - INFO - 迭代 430/500 | 阶段: evolutionary learning | 最佳完工时间: 1530.00 | 迭代耗时: 0.95s | 总耗时: 394.09s
2025-04-08 14:26:56,304 - INFO - 迭代 431/500 | 阶段: evolutionary learning | 最佳完工时间: 1530.00 | 迭代耗时: 0.90s | 总耗时: 395.00s
2025-04-08 14:26:57,224 - INFO - 迭代 432/500 | 阶段: evolutionary learning | 最佳完工时间: 1530.00 | 迭代耗时: 0.92s | 总耗时: 395.92s
2025-04-08 14:26:58,140 - INFO - 迭代 433/500 | 阶段: evolutionary learning | 最佳完工时间: 1530.00 | 迭代耗时: 0.91s | 总耗时: 396.83s
2025-04-08 14:26:59,124 - INFO - 迭代 434/500 | 阶段: evolutionary learning | 最佳完工时间: 1530.00 | 迭代耗时: 0.98s | 总耗时: 397.82s
2025-04-08 14:27:00,047 - INFO - EL找到新的最优解，完工时间: 1528.00
2025-04-08 14:27:00,047 - INFO - 迭代 435/500 | 阶段: evolutionary learning | 最佳完工时间: 1528.00 | 迭代耗时: 0.92s | 总耗时: 398.74s
2025-04-08 14:27:00,990 - INFO - 迭代 436/500 | 阶段: evolutionary learning | 最佳完工时间: 1528.00 | 迭代耗时: 0.94s | 总耗时: 399.68s
2025-04-08 14:27:01,899 - INFO - 迭代 437/500 | 阶段: evolutionary learning | 最佳完工时间: 1528.00 | 迭代耗时: 0.91s | 总耗时: 400.59s
2025-04-08 14:27:02,889 - INFO - 迭代 438/500 | 阶段: evolutionary learning | 最佳完工时间: 1528.00 | 迭代耗时: 0.99s | 总耗时: 401.58s
2025-04-08 14:27:03,811 - INFO - 迭代 439/500 | 阶段: evolutionary learning | 最佳完工时间: 1528.00 | 迭代耗时: 0.92s | 总耗时: 402.50s
2025-04-08 14:27:04,717 - INFO - 迭代 440/500 | 阶段: evolutionary learning | 最佳完工时间: 1528.00 | 迭代耗时: 0.91s | 总耗时: 403.41s
2025-04-08 14:27:05,607 - INFO - 迭代 441/500 | 阶段: evolutionary learning | 最佳完工时间: 1528.00 | 迭代耗时: 0.89s | 总耗时: 404.30s
2025-04-08 14:27:06,541 - INFO - 迭代 442/500 | 阶段: evolutionary learning | 最佳完工时间: 1528.00 | 迭代耗时: 0.93s | 总耗时: 405.23s
2025-04-08 14:27:07,493 - INFO - 迭代 443/500 | 阶段: evolutionary learning | 最佳完工时间: 1528.00 | 迭代耗时: 0.95s | 总耗时: 406.19s
2025-04-08 14:27:08,446 - INFO - 迭代 444/500 | 阶段: evolutionary learning | 最佳完工时间: 1528.00 | 迭代耗时: 0.95s | 总耗时: 407.14s
2025-04-08 14:27:09,307 - INFO - 迭代 445/500 | 阶段: evolutionary learning | 最佳完工时间: 1528.00 | 迭代耗时: 0.86s | 总耗时: 408.00s
2025-04-08 14:27:10,169 - INFO - 迭代 446/500 | 阶段: evolutionary learning | 最佳完工时间: 1528.00 | 迭代耗时: 0.86s | 总耗时: 408.86s
2025-04-08 14:27:11,074 - INFO - 迭代 447/500 | 阶段: evolutionary learning | 最佳完工时间: 1528.00 | 迭代耗时: 0.91s | 总耗时: 409.77s
2025-04-08 14:27:11,984 - INFO - EL找到新的最优解，完工时间: 1527.00
2025-04-08 14:27:11,984 - INFO - 迭代 448/500 | 阶段: evolutionary learning | 最佳完工时间: 1527.00 | 迭代耗时: 0.91s | 总耗时: 410.68s
2025-04-08 14:27:12,919 - INFO - 迭代 449/500 | 阶段: evolutionary learning | 最佳完工时间: 1527.00 | 迭代耗时: 0.94s | 总耗时: 411.61s
2025-04-08 14:27:13,834 - INFO - 迭代 450/500 | 阶段: evolutionary learning | 最佳完工时间: 1527.00 | 迭代耗时: 0.91s | 总耗时: 412.53s
2025-04-08 14:27:14,760 - INFO - 迭代 451/500 | 阶段: evolutionary learning | 最佳完工时间: 1527.00 | 迭代耗时: 0.92s | 总耗时: 413.45s
2025-04-08 14:27:15,634 - INFO - 迭代 452/500 | 阶段: evolutionary learning | 最佳完工时间: 1527.00 | 迭代耗时: 0.87s | 总耗时: 414.33s
2025-04-08 14:27:16,533 - INFO - 迭代 453/500 | 阶段: evolutionary learning | 最佳完工时间: 1527.00 | 迭代耗时: 0.90s | 总耗时: 415.23s
2025-04-08 14:27:17,446 - INFO - 迭代 454/500 | 阶段: evolutionary learning | 最佳完工时间: 1527.00 | 迭代耗时: 0.91s | 总耗时: 416.14s
2025-04-08 14:27:18,358 - INFO - 迭代 455/500 | 阶段: evolutionary learning | 最佳完工时间: 1527.00 | 迭代耗时: 0.91s | 总耗时: 417.05s
2025-04-08 14:27:19,248 - INFO - 迭代 456/500 | 阶段: evolutionary learning | 最佳完工时间: 1527.00 | 迭代耗时: 0.89s | 总耗时: 417.94s
2025-04-08 14:27:20,156 - INFO - 迭代 457/500 | 阶段: evolutionary learning | 最佳完工时间: 1527.00 | 迭代耗时: 0.91s | 总耗时: 418.85s
2025-04-08 14:27:21,064 - INFO - 迭代 458/500 | 阶段: evolutionary learning | 最佳完工时间: 1527.00 | 迭代耗时: 0.91s | 总耗时: 419.76s
2025-04-08 14:27:21,975 - INFO - 迭代 459/500 | 阶段: evolutionary learning | 最佳完工时间: 1527.00 | 迭代耗时: 0.91s | 总耗时: 420.67s
2025-04-08 14:27:22,884 - INFO - 迭代 460/500 | 阶段: evolutionary learning | 最佳完工时间: 1527.00 | 迭代耗时: 0.91s | 总耗时: 421.58s
2025-04-08 14:27:23,792 - INFO - 迭代 461/500 | 阶段: evolutionary learning | 最佳完工时间: 1527.00 | 迭代耗时: 0.91s | 总耗时: 422.48s
2025-04-08 14:27:24,703 - INFO - 迭代 462/500 | 阶段: evolutionary learning | 最佳完工时间: 1527.00 | 迭代耗时: 0.91s | 总耗时: 423.40s
2025-04-08 14:27:25,637 - INFO - EL找到新的最优解，完工时间: 1522.00
2025-04-08 14:27:25,637 - INFO - 迭代 463/500 | 阶段: evolutionary learning | 最佳完工时间: 1522.00 | 迭代耗时: 0.93s | 总耗时: 424.33s
2025-04-08 14:27:26,495 - INFO - 迭代 464/500 | 阶段: evolutionary learning | 最佳完工时间: 1522.00 | 迭代耗时: 0.86s | 总耗时: 425.19s
2025-04-08 14:27:27,381 - INFO - 迭代 465/500 | 阶段: evolutionary learning | 最佳完工时间: 1522.00 | 迭代耗时: 0.89s | 总耗时: 426.07s
2025-04-08 14:27:28,262 - INFO - 迭代 466/500 | 阶段: evolutionary learning | 最佳完工时间: 1522.00 | 迭代耗时: 0.88s | 总耗时: 426.95s
2025-04-08 14:27:29,142 - INFO - 迭代 467/500 | 阶段: evolutionary learning | 最佳完工时间: 1522.00 | 迭代耗时: 0.88s | 总耗时: 427.83s
2025-04-08 14:27:30,075 - INFO - 迭代 468/500 | 阶段: evolutionary learning | 最佳完工时间: 1522.00 | 迭代耗时: 0.93s | 总耗时: 428.77s
2025-04-08 14:27:30,974 - INFO - 迭代 469/500 | 阶段: evolutionary learning | 最佳完工时间: 1522.00 | 迭代耗时: 0.90s | 总耗时: 429.67s
2025-04-08 14:27:31,880 - INFO - 迭代 470/500 | 阶段: evolutionary learning | 最佳完工时间: 1522.00 | 迭代耗时: 0.91s | 总耗时: 430.57s
2025-04-08 14:27:32,806 - INFO - 迭代 471/500 | 阶段: evolutionary learning | 最佳完工时间: 1522.00 | 迭代耗时: 0.93s | 总耗时: 431.50s
2025-04-08 14:27:33,755 - INFO - 迭代 472/500 | 阶段: evolutionary learning | 最佳完工时间: 1522.00 | 迭代耗时: 0.95s | 总耗时: 432.45s
2025-04-08 14:27:34,710 - INFO - 迭代 473/500 | 阶段: evolutionary learning | 最佳完工时间: 1522.00 | 迭代耗时: 0.96s | 总耗时: 433.40s
2025-04-08 14:27:35,624 - INFO - 迭代 474/500 | 阶段: evolutionary learning | 最佳完工时间: 1522.00 | 迭代耗时: 0.91s | 总耗时: 434.32s
2025-04-08 14:27:36,534 - INFO - 迭代 475/500 | 阶段: evolutionary learning | 最佳完工时间: 1522.00 | 迭代耗时: 0.91s | 总耗时: 435.23s
2025-04-08 14:27:37,418 - INFO - 迭代 476/500 | 阶段: evolutionary learning | 最佳完工时间: 1522.00 | 迭代耗时: 0.88s | 总耗时: 436.11s
2025-04-08 14:27:38,314 - INFO - 迭代 477/500 | 阶段: evolutionary learning | 最佳完工时间: 1522.00 | 迭代耗时: 0.90s | 总耗时: 437.01s
2025-04-08 14:27:39,221 - INFO - 迭代 478/500 | 阶段: evolutionary learning | 最佳完工时间: 1522.00 | 迭代耗时: 0.91s | 总耗时: 437.91s
2025-04-08 14:27:40,147 - INFO - 迭代 479/500 | 阶段: evolutionary learning | 最佳完工时间: 1522.00 | 迭代耗时: 0.93s | 总耗时: 438.84s
2025-04-08 14:27:41,094 - INFO - 迭代 480/500 | 阶段: evolutionary learning | 最佳完工时间: 1522.00 | 迭代耗时: 0.95s | 总耗时: 439.79s
2025-04-08 14:27:42,059 - INFO - 迭代 481/500 | 阶段: evolutionary learning | 最佳完工时间: 1522.00 | 迭代耗时: 0.96s | 总耗时: 440.75s
2025-04-08 14:27:42,976 - INFO - 迭代 482/500 | 阶段: evolutionary learning | 最佳完工时间: 1522.00 | 迭代耗时: 0.92s | 总耗时: 441.67s
2025-04-08 14:27:43,925 - INFO - 迭代 483/500 | 阶段: evolutionary learning | 最佳完工时间: 1522.00 | 迭代耗时: 0.95s | 总耗时: 442.62s
2025-04-08 14:27:44,799 - INFO - 迭代 484/500 | 阶段: evolutionary learning | 最佳完工时间: 1522.00 | 迭代耗时: 0.87s | 总耗时: 443.49s
2025-04-08 14:27:45,731 - INFO - 迭代 485/500 | 阶段: evolutionary learning | 最佳完工时间: 1522.00 | 迭代耗时: 0.93s | 总耗时: 444.42s
2025-04-08 14:27:46,656 - INFO - 迭代 486/500 | 阶段: evolutionary learning | 最佳完工时间: 1522.00 | 迭代耗时: 0.92s | 总耗时: 445.35s
2025-04-08 14:27:47,590 - INFO - 迭代 487/500 | 阶段: evolutionary learning | 最佳完工时间: 1522.00 | 迭代耗时: 0.93s | 总耗时: 446.28s
2025-04-08 14:27:48,514 - INFO - 迭代 488/500 | 阶段: evolutionary learning | 最佳完工时间: 1522.00 | 迭代耗时: 0.92s | 总耗时: 447.21s
2025-04-08 14:27:49,396 - INFO - 迭代 489/500 | 阶段: evolutionary learning | 最佳完工时间: 1522.00 | 迭代耗时: 0.88s | 总耗时: 448.09s
2025-04-08 14:27:50,331 - INFO - 迭代 490/500 | 阶段: evolutionary learning | 最佳完工时间: 1522.00 | 迭代耗时: 0.94s | 总耗时: 449.02s
2025-04-08 14:27:51,248 - INFO - EL找到新的最优解，完工时间: 1521.00
2025-04-08 14:27:51,248 - INFO - 迭代 491/500 | 阶段: evolutionary learning | 最佳完工时间: 1521.00 | 迭代耗时: 0.92s | 总耗时: 449.94s
2025-04-08 14:27:52,136 - INFO - 迭代 492/500 | 阶段: evolutionary learning | 最佳完工时间: 1521.00 | 迭代耗时: 0.89s | 总耗时: 450.83s
2025-04-08 14:27:53,012 - INFO - 迭代 493/500 | 阶段: evolutionary learning | 最佳完工时间: 1521.00 | 迭代耗时: 0.87s | 总耗时: 451.70s
2025-04-08 14:27:53,915 - INFO - 迭代 494/500 | 阶段: evolutionary learning | 最佳完工时间: 1521.00 | 迭代耗时: 0.90s | 总耗时: 452.61s
2025-04-08 14:27:54,847 - INFO - 迭代 495/500 | 阶段: evolutionary learning | 最佳完工时间: 1521.00 | 迭代耗时: 0.93s | 总耗时: 453.54s
2025-04-08 14:27:55,733 - INFO - EL找到新的最优解，完工时间: 1516.00
2025-04-08 14:27:55,733 - INFO - 迭代 496/500 | 阶段: evolutionary learning | 最佳完工时间: 1516.00 | 迭代耗时: 0.89s | 总耗时: 454.43s
2025-04-08 14:27:56,632 - INFO - 迭代 497/500 | 阶段: evolutionary learning | 最佳完工时间: 1516.00 | 迭代耗时: 0.90s | 总耗时: 455.32s
2025-04-08 14:27:57,540 - INFO - 迭代 498/500 | 阶段: evolutionary learning | 最佳完工时间: 1516.00 | 迭代耗时: 0.91s | 总耗时: 456.23s
2025-04-08 14:27:58,457 - INFO - 迭代 499/500 | 阶段: evolutionary learning | 最佳完工时间: 1516.00 | 迭代耗时: 0.92s | 总耗时: 457.15s
2025-04-08 14:27:59,395 - INFO - 迭代 500/500 | 阶段: evolutionary learning | 最佳完工时间: 1516.00 | 迭代耗时: 0.94s | 总耗时: 458.09s
2025-04-08 14:27:59,395 - INFO - 两阶段混合学习算法完成，总耗时: 458.09s, 最终最佳完工时间: 1516.00
