2025-04-08 16:35:17,710 - DEBUG - 开始两阶段混合学习算法，最大迭代次数: 100
2025-04-08 16:35:17,712 - DEBUG - 迭代 1：SL初始化种群，大小: 100
2025-04-08 16:35:18,177 - INFO - Initialization probability model completed.
2025-04-08 16:35:18,177 - INFO - In generation 1：SL found new best solution with makespan: 1951.00，pointer=0
2025-04-08 16:35:18,178 - DEBUG - 迭代 1/100 | 阶段: statistical learning | 最佳完工时间: 1951.00 | 迭代耗时: 0.47s | 
2025-04-08 16:35:18,185 - DEBUG - 迭代 2：SL生成新种群，大小: 100
2025-04-08 16:35:18,646 - DEBUG - 第2代概率模型更新完成
2025-04-08 16:35:18,646 - INFO - In generation 2：SL found new best solution with makespan: 1931.00，pointer=0
2025-04-08 16:35:18,649 - DEBUG - 迭代 2/100 | 阶段: statistical learning | 最佳完工时间: 1931.00 | 迭代耗时: 0.47s | 
2025-04-08 16:35:18,656 - DEBUG - 迭代 3：SL生成新种群，大小: 100
2025-04-08 16:35:19,116 - DEBUG - 第3代概率模型更新完成
2025-04-08 16:35:19,116 - INFO - In generation 3：SL found new best solution with makespan: 1926.00，pointer=0
2025-04-08 16:35:19,117 - DEBUG - 迭代 3/100 | 阶段: statistical learning | 最佳完工时间: 1926.00 | 迭代耗时: 0.47s | 
2025-04-08 16:35:19,125 - DEBUG - 迭代 4：SL生成新种群，大小: 100
2025-04-08 16:35:19,582 - DEBUG - 第4代概率模型更新完成
2025-04-08 16:35:19,582 - INFO - In generation 4：SL not found better solution，pointer=1
2025-04-08 16:35:19,582 - DEBUG - 迭代 4/100 | 阶段: statistical learning | 最佳完工时间: 1926.00 | 迭代耗时: 0.47s | 
2025-04-08 16:35:19,590 - DEBUG - 迭代 5：SL生成新种群，大小: 100
2025-04-08 16:35:20,059 - DEBUG - 第5代概率模型更新完成
2025-04-08 16:35:20,059 - INFO - In generation 5：SL not found better solution，pointer=2
2025-04-08 16:35:20,059 - DEBUG - 迭代 5/100 | 阶段: statistical learning | 最佳完工时间: 1926.00 | 迭代耗时: 0.48s | 
2025-04-08 16:35:20,068 - DEBUG - 迭代 6：SL生成新种群，大小: 100
2025-04-08 16:35:20,527 - DEBUG - 第6代概率模型更新完成
2025-04-08 16:35:20,527 - INFO - In generation 6：SL not found better solution，pointer=3
2025-04-08 16:35:20,528 - DEBUG - 迭代 6/100 | 阶段: statistical learning | 最佳完工时间: 1926.00 | 迭代耗时: 0.47s | 
2025-04-08 16:35:20,535 - DEBUG - 迭代 7：SL生成新种群，大小: 100
2025-04-08 16:35:20,995 - DEBUG - 第7代概率模型更新完成
2025-04-08 16:35:20,995 - INFO - In generation 7：SL found new best solution with makespan: 1882.00，pointer=0
2025-04-08 16:35:20,995 - DEBUG - 迭代 7/100 | 阶段: statistical learning | 最佳完工时间: 1882.00 | 迭代耗时: 0.47s | 
2025-04-08 16:35:21,004 - DEBUG - 迭代 8：SL生成新种群，大小: 100
2025-04-08 16:35:21,462 - DEBUG - 第8代概率模型更新完成
2025-04-08 16:35:21,462 - INFO - In generation 8：SL not found better solution，pointer=1
2025-04-08 16:35:21,462 - DEBUG - 迭代 8/100 | 阶段: statistical learning | 最佳完工时间: 1882.00 | 迭代耗时: 0.47s | 
2025-04-08 16:35:21,470 - DEBUG - 迭代 9：SL生成新种群，大小: 100
2025-04-08 16:35:21,931 - DEBUG - 第9代概率模型更新完成
2025-04-08 16:35:21,931 - INFO - In generation 9：SL not found better solution，pointer=2
2025-04-08 16:35:21,932 - DEBUG - 迭代 9/100 | 阶段: statistical learning | 最佳完工时间: 1882.00 | 迭代耗时: 0.47s | 
2025-04-08 16:35:21,938 - DEBUG - 迭代 10：SL生成新种群，大小: 100
2025-04-08 16:35:22,395 - DEBUG - 第10代概率模型更新完成
2025-04-08 16:35:22,395 - INFO - In generation 10：SL not found better solution，pointer=3
2025-04-08 16:35:22,395 - DEBUG - 迭代 10/100 | 阶段: statistical learning | 最佳完工时间: 1882.00 | 迭代耗时: 0.46s | 
2025-04-08 16:35:22,404 - DEBUG - 迭代 11：SL生成新种群，大小: 100
2025-04-08 16:35:22,865 - DEBUG - 第11代概率模型更新完成
2025-04-08 16:35:22,865 - INFO - In generation 11：SL not found better solution，pointer=4
2025-04-08 16:35:22,865 - DEBUG - 迭代 11/100 | 阶段: statistical learning | 最佳完工时间: 1882.00 | 迭代耗时: 0.47s | 
2025-04-08 16:35:22,873 - DEBUG - 迭代 12：SL生成新种群，大小: 100
2025-04-08 16:35:23,332 - DEBUG - 第12代概率模型更新完成
2025-04-08 16:35:23,333 - INFO - In generation 12：SL not found better solution，pointer=5
2025-04-08 16:35:23,333 - INFO - SL is stagnating at generation 12, switching to EL phase...
2025-04-08 16:35:23,333 - INFO - pointer=5, threshold=4.45
2025-04-08 16:35:23,334 - DEBUG - 切换到EL阶段，使用SL种群初始化EL种群，种群大小: 100
2025-04-08 16:35:23,334 - DEBUG - 迭代 12/100 | 阶段: evolutionary learning | 最佳完工时间: 1882.00 | 迭代耗时: 0.47s | 
2025-04-08 16:35:24,091 - DEBUG - 迭代 13/100 | 阶段: evolutionary learning | 最佳完工时间: 1882.00 | 迭代耗时: 0.76s | 
2025-04-08 16:35:24,874 - DEBUG - 迭代 14/100 | 阶段: evolutionary learning | 最佳完工时间: 1882.00 | 迭代耗时: 0.78s | 
2025-04-08 16:35:25,613 - DEBUG - 迭代 15/100 | 阶段: evolutionary learning | 最佳完工时间: 1882.00 | 迭代耗时: 0.74s | 
2025-04-08 16:35:26,351 - DEBUG - 迭代 16/100 | 阶段: evolutionary learning | 最佳完工时间: 1882.00 | 迭代耗时: 0.74s | 
2025-04-08 16:35:27,086 - DEBUG - 迭代 17/100 | 阶段: evolutionary learning | 最佳完工时间: 1882.00 | 迭代耗时: 0.73s | 
2025-04-08 16:35:27,824 - DEBUG - 迭代 18/100 | 阶段: evolutionary learning | 最佳完工时间: 1882.00 | 迭代耗时: 0.74s | 
2025-04-08 16:35:28,558 - INFO - In generation 19, EL found new best solution with makespan: 1860.00
2025-04-08 16:35:28,560 - DEBUG - 迭代 19/100 | 阶段: evolutionary learning | 最佳完工时间: 1860.00 | 迭代耗时: 0.74s | 
2025-04-08 16:35:29,301 - INFO - In generation 20, EL found new best solution with makespan: 1856.00
2025-04-08 16:35:29,302 - DEBUG - 迭代 20/100 | 阶段: evolutionary learning | 最佳完工时间: 1856.00 | 迭代耗时: 0.74s | 
2025-04-08 16:35:30,046 - DEBUG - 迭代 21/100 | 阶段: evolutionary learning | 最佳完工时间: 1856.00 | 迭代耗时: 0.74s | 
2025-04-08 16:35:30,815 - INFO - In generation 22, EL found new best solution with makespan: 1853.00
2025-04-08 16:35:30,815 - DEBUG - 迭代 22/100 | 阶段: evolutionary learning | 最佳完工时间: 1853.00 | 迭代耗时: 0.77s | 
2025-04-08 16:35:31,558 - DEBUG - 迭代 23/100 | 阶段: evolutionary learning | 最佳完工时间: 1853.00 | 迭代耗时: 0.74s | 
2025-04-08 16:35:32,309 - DEBUG - 迭代 24/100 | 阶段: evolutionary learning | 最佳完工时间: 1853.00 | 迭代耗时: 0.75s | 
2025-04-08 16:35:33,051 - INFO - In generation 25, EL found new best solution with makespan: 1828.00
2025-04-08 16:35:33,052 - DEBUG - 迭代 25/100 | 阶段: evolutionary learning | 最佳完工时间: 1828.00 | 迭代耗时: 0.74s | 
2025-04-08 16:35:33,794 - DEBUG - 迭代 26/100 | 阶段: evolutionary learning | 最佳完工时间: 1828.00 | 迭代耗时: 0.74s | 
2025-04-08 16:35:34,545 - DEBUG - 迭代 27/100 | 阶段: evolutionary learning | 最佳完工时间: 1828.00 | 迭代耗时: 0.75s | 
2025-04-08 16:35:35,281 - DEBUG - 迭代 28/100 | 阶段: evolutionary learning | 最佳完工时间: 1828.00 | 迭代耗时: 0.74s | 
2025-04-08 16:35:36,018 - INFO - In generation 29, EL found new best solution with makespan: 1809.00
2025-04-08 16:35:36,019 - DEBUG - 迭代 29/100 | 阶段: evolutionary learning | 最佳完工时间: 1809.00 | 迭代耗时: 0.74s | 
2025-04-08 16:35:36,758 - DEBUG - 迭代 30/100 | 阶段: evolutionary learning | 最佳完工时间: 1809.00 | 迭代耗时: 0.74s | 
2025-04-08 16:35:37,506 - INFO - In generation 31, EL found new best solution with makespan: 1802.00
2025-04-08 16:35:37,506 - DEBUG - 迭代 31/100 | 阶段: evolutionary learning | 最佳完工时间: 1802.00 | 迭代耗时: 0.75s | 
2025-04-08 16:35:38,245 - DEBUG - 迭代 32/100 | 阶段: evolutionary learning | 最佳完工时间: 1802.00 | 迭代耗时: 0.74s | 
2025-04-08 16:35:38,995 - INFO - In generation 33, EL found new best solution with makespan: 1788.00
2025-04-08 16:35:38,995 - DEBUG - 迭代 33/100 | 阶段: evolutionary learning | 最佳完工时间: 1788.00 | 迭代耗时: 0.75s | 
2025-04-08 16:35:39,738 - DEBUG - 迭代 34/100 | 阶段: evolutionary learning | 最佳完工时间: 1788.00 | 迭代耗时: 0.74s | 
2025-04-08 16:35:40,489 - DEBUG - 迭代 35/100 | 阶段: evolutionary learning | 最佳完工时间: 1788.00 | 迭代耗时: 0.75s | 
2025-04-08 16:35:41,230 - DEBUG - 迭代 36/100 | 阶段: evolutionary learning | 最佳完工时间: 1788.00 | 迭代耗时: 0.74s | 
2025-04-08 16:35:41,979 - INFO - In generation 37, EL found new best solution with makespan: 1768.00
2025-04-08 16:35:41,979 - DEBUG - 迭代 37/100 | 阶段: evolutionary learning | 最佳完工时间: 1768.00 | 迭代耗时: 0.75s | 
2025-04-08 16:35:42,726 - DEBUG - 迭代 38/100 | 阶段: evolutionary learning | 最佳完工时间: 1768.00 | 迭代耗时: 0.75s | 
2025-04-08 16:35:43,487 - DEBUG - 迭代 39/100 | 阶段: evolutionary learning | 最佳完工时间: 1768.00 | 迭代耗时: 0.76s | 
2025-04-08 16:35:44,259 - DEBUG - 迭代 40/100 | 阶段: evolutionary learning | 最佳完工时间: 1768.00 | 迭代耗时: 0.77s | 
2025-04-08 16:35:45,005 - INFO - In generation 41, EL found new best solution with makespan: 1756.00
2025-04-08 16:35:45,005 - DEBUG - 迭代 41/100 | 阶段: evolutionary learning | 最佳完工时间: 1756.00 | 迭代耗时: 0.75s | 
2025-04-08 16:35:45,749 - INFO - In generation 42, EL found new best solution with makespan: 1743.00
2025-04-08 16:35:45,750 - DEBUG - 迭代 42/100 | 阶段: evolutionary learning | 最佳完工时间: 1743.00 | 迭代耗时: 0.74s | 
2025-04-08 16:35:46,497 - DEBUG - 迭代 43/100 | 阶段: evolutionary learning | 最佳完工时间: 1743.00 | 迭代耗时: 0.75s | 
2025-04-08 16:35:47,265 - INFO - In generation 44, EL found new best solution with makespan: 1726.00
2025-04-08 16:35:47,266 - DEBUG - 迭代 44/100 | 阶段: evolutionary learning | 最佳完工时间: 1726.00 | 迭代耗时: 0.77s | 
2025-04-08 16:35:48,005 - DEBUG - 迭代 45/100 | 阶段: evolutionary learning | 最佳完工时间: 1726.00 | 迭代耗时: 0.74s | 
2025-04-08 16:35:48,749 - INFO - In generation 46, EL found new best solution with makespan: 1722.00
2025-04-08 16:35:48,749 - DEBUG - 迭代 46/100 | 阶段: evolutionary learning | 最佳完工时间: 1722.00 | 迭代耗时: 0.74s | 
2025-04-08 16:35:49,498 - DEBUG - 迭代 47/100 | 阶段: evolutionary learning | 最佳完工时间: 1722.00 | 迭代耗时: 0.75s | 
2025-04-08 16:35:50,245 - DEBUG - 迭代 48/100 | 阶段: evolutionary learning | 最佳完工时间: 1722.00 | 迭代耗时: 0.75s | 
2025-04-08 16:35:50,979 - DEBUG - 迭代 49/100 | 阶段: evolutionary learning | 最佳完工时间: 1722.00 | 迭代耗时: 0.73s | 
2025-04-08 16:35:51,712 - DEBUG - 迭代 50/100 | 阶段: evolutionary learning | 最佳完工时间: 1722.00 | 迭代耗时: 0.73s | 
2025-04-08 16:35:52,447 - INFO - In generation 51, EL found new best solution with makespan: 1718.00
2025-04-08 16:35:52,447 - DEBUG - 迭代 51/100 | 阶段: evolutionary learning | 最佳完工时间: 1718.00 | 迭代耗时: 0.73s | 
2025-04-08 16:35:53,190 - DEBUG - 迭代 52/100 | 阶段: evolutionary learning | 最佳完工时间: 1718.00 | 迭代耗时: 0.74s | 
2025-04-08 16:35:53,937 - INFO - In generation 53, EL found new best solution with makespan: 1711.00
2025-04-08 16:35:53,937 - DEBUG - 迭代 53/100 | 阶段: evolutionary learning | 最佳完工时间: 1711.00 | 迭代耗时: 0.75s | 
2025-04-08 16:35:54,682 - INFO - In generation 54, EL found new best solution with makespan: 1697.00
2025-04-08 16:35:54,683 - DEBUG - 迭代 54/100 | 阶段: evolutionary learning | 最佳完工时间: 1697.00 | 迭代耗时: 0.75s | 
2025-04-08 16:35:55,429 - DEBUG - 迭代 55/100 | 阶段: evolutionary learning | 最佳完工时间: 1697.00 | 迭代耗时: 0.75s | 
2025-04-08 16:35:56,180 - DEBUG - 迭代 56/100 | 阶段: evolutionary learning | 最佳完工时间: 1697.00 | 迭代耗时: 0.75s | 
2025-04-08 16:35:56,914 - DEBUG - 迭代 57/100 | 阶段: evolutionary learning | 最佳完工时间: 1697.00 | 迭代耗时: 0.73s | 
2025-04-08 16:35:57,650 - DEBUG - 迭代 58/100 | 阶段: evolutionary learning | 最佳完工时间: 1697.00 | 迭代耗时: 0.74s | 
2025-04-08 16:35:58,390 - DEBUG - 迭代 59/100 | 阶段: evolutionary learning | 最佳完工时间: 1697.00 | 迭代耗时: 0.74s | 
2025-04-08 16:35:59,131 - INFO - In generation 60, EL found new best solution with makespan: 1679.00
2025-04-08 16:35:59,131 - DEBUG - 迭代 60/100 | 阶段: evolutionary learning | 最佳完工时间: 1679.00 | 迭代耗时: 0.74s | 
2025-04-08 16:35:59,874 - DEBUG - 迭代 61/100 | 阶段: evolutionary learning | 最佳完工时间: 1679.00 | 迭代耗时: 0.74s | 
2025-04-08 16:36:00,636 - DEBUG - 迭代 62/100 | 阶段: evolutionary learning | 最佳完工时间: 1679.00 | 迭代耗时: 0.76s | 
2025-04-08 16:36:01,371 - DEBUG - 迭代 63/100 | 阶段: evolutionary learning | 最佳完工时间: 1679.00 | 迭代耗时: 0.73s | 
2025-04-08 16:36:02,107 - DEBUG - 迭代 64/100 | 阶段: evolutionary learning | 最佳完工时间: 1679.00 | 迭代耗时: 0.74s | 
2025-04-08 16:36:02,845 - DEBUG - 迭代 65/100 | 阶段: evolutionary learning | 最佳完工时间: 1679.00 | 迭代耗时: 0.74s | 
2025-04-08 16:36:03,586 - INFO - In generation 66, EL found new best solution with makespan: 1668.00
2025-04-08 16:36:03,586 - DEBUG - 迭代 66/100 | 阶段: evolutionary learning | 最佳完工时间: 1668.00 | 迭代耗时: 0.74s | 
2025-04-08 16:36:04,334 - DEBUG - 迭代 67/100 | 阶段: evolutionary learning | 最佳完工时间: 1668.00 | 迭代耗时: 0.75s | 
2025-04-08 16:36:05,086 - DEBUG - 迭代 68/100 | 阶段: evolutionary learning | 最佳完工时间: 1668.00 | 迭代耗时: 0.75s | 
2025-04-08 16:36:05,818 - INFO - In generation 69, EL found new best solution with makespan: 1667.00
2025-04-08 16:36:05,818 - DEBUG - 迭代 69/100 | 阶段: evolutionary learning | 最佳完工时间: 1667.00 | 迭代耗时: 0.73s | 
2025-04-08 16:36:06,564 - DEBUG - 迭代 70/100 | 阶段: evolutionary learning | 最佳完工时间: 1667.00 | 迭代耗时: 0.75s | 
2025-04-08 16:36:07,319 - INFO - In generation 71, EL found new best solution with makespan: 1665.00
2025-04-08 16:36:07,319 - DEBUG - 迭代 71/100 | 阶段: evolutionary learning | 最佳完工时间: 1665.00 | 迭代耗时: 0.76s | 
2025-04-08 16:36:08,061 - INFO - In generation 72, EL found new best solution with makespan: 1663.00
2025-04-08 16:36:08,061 - DEBUG - 迭代 72/100 | 阶段: evolutionary learning | 最佳完工时间: 1663.00 | 迭代耗时: 0.74s | 
2025-04-08 16:36:08,805 - DEBUG - 迭代 73/100 | 阶段: evolutionary learning | 最佳完工时间: 1663.00 | 迭代耗时: 0.74s | 
2025-04-08 16:36:09,560 - DEBUG - 迭代 74/100 | 阶段: evolutionary learning | 最佳完工时间: 1663.00 | 迭代耗时: 0.76s | 
2025-04-08 16:36:10,302 - DEBUG - 迭代 75/100 | 阶段: evolutionary learning | 最佳完工时间: 1663.00 | 迭代耗时: 0.74s | 
2025-04-08 16:36:11,037 - DEBUG - 迭代 76/100 | 阶段: evolutionary learning | 最佳完工时间: 1663.00 | 迭代耗时: 0.74s | 
2025-04-08 16:36:11,770 - DEBUG - 迭代 77/100 | 阶段: evolutionary learning | 最佳完工时间: 1663.00 | 迭代耗时: 0.73s | 
2025-04-08 16:36:12,505 - INFO - In generation 78, EL found new best solution with makespan: 1662.00
2025-04-08 16:36:12,506 - DEBUG - 迭代 78/100 | 阶段: evolutionary learning | 最佳完工时间: 1662.00 | 迭代耗时: 0.74s | 
2025-04-08 16:36:13,253 - DEBUG - 迭代 79/100 | 阶段: evolutionary learning | 最佳完工时间: 1662.00 | 迭代耗时: 0.75s | 
2025-04-08 16:36:13,995 - DEBUG - 迭代 80/100 | 阶段: evolutionary learning | 最佳完工时间: 1662.00 | 迭代耗时: 0.74s | 
2025-04-08 16:36:14,731 - DEBUG - 迭代 81/100 | 阶段: evolutionary learning | 最佳完工时间: 1662.00 | 迭代耗时: 0.74s | 
2025-04-08 16:36:15,468 - DEBUG - 迭代 82/100 | 阶段: evolutionary learning | 最佳完工时间: 1662.00 | 迭代耗时: 0.74s | 
2025-04-08 16:36:16,206 - INFO - In generation 83, EL found new best solution with makespan: 1653.00
2025-04-08 16:36:16,206 - DEBUG - 迭代 83/100 | 阶段: evolutionary learning | 最佳完工时间: 1653.00 | 迭代耗时: 0.74s | 
2025-04-08 16:36:16,950 - INFO - In generation 84, EL found new best solution with makespan: 1647.00
2025-04-08 16:36:16,950 - DEBUG - 迭代 84/100 | 阶段: evolutionary learning | 最佳完工时间: 1647.00 | 迭代耗时: 0.74s | 
2025-04-08 16:36:17,698 - DEBUG - 迭代 85/100 | 阶段: evolutionary learning | 最佳完工时间: 1647.00 | 迭代耗时: 0.75s | 
2025-04-08 16:36:18,448 - INFO - In generation 86, EL found new best solution with makespan: 1634.00
2025-04-08 16:36:18,449 - DEBUG - 迭代 86/100 | 阶段: evolutionary learning | 最佳完工时间: 1634.00 | 迭代耗时: 0.75s | 
2025-04-08 16:36:19,197 - DEBUG - 迭代 87/100 | 阶段: evolutionary learning | 最佳完工时间: 1634.00 | 迭代耗时: 0.75s | 
2025-04-08 16:36:19,942 - DEBUG - 迭代 88/100 | 阶段: evolutionary learning | 最佳完工时间: 1634.00 | 迭代耗时: 0.75s | 
2025-04-08 16:36:20,678 - DEBUG - 迭代 89/100 | 阶段: evolutionary learning | 最佳完工时间: 1634.00 | 迭代耗时: 0.74s | 
2025-04-08 16:36:21,412 - INFO - In generation 90, EL found new best solution with makespan: 1628.00
2025-04-08 16:36:21,412 - DEBUG - 迭代 90/100 | 阶段: evolutionary learning | 最佳完工时间: 1628.00 | 迭代耗时: 0.73s | 
2025-04-08 16:36:22,155 - INFO - In generation 91, EL found new best solution with makespan: 1622.00
2025-04-08 16:36:22,155 - DEBUG - 迭代 91/100 | 阶段: evolutionary learning | 最佳完工时间: 1622.00 | 迭代耗时: 0.74s | 
2025-04-08 16:36:22,897 - INFO - In generation 92, EL found new best solution with makespan: 1615.00
2025-04-08 16:36:22,897 - DEBUG - 迭代 92/100 | 阶段: evolutionary learning | 最佳完工时间: 1615.00 | 迭代耗时: 0.74s | 
2025-04-08 16:36:23,642 - DEBUG - 迭代 93/100 | 阶段: evolutionary learning | 最佳完工时间: 1615.00 | 迭代耗时: 0.74s | 
2025-04-08 16:36:24,397 - DEBUG - 迭代 94/100 | 阶段: evolutionary learning | 最佳完工时间: 1615.00 | 迭代耗时: 0.75s | 
2025-04-08 16:36:25,130 - DEBUG - 迭代 95/100 | 阶段: evolutionary learning | 最佳完工时间: 1615.00 | 迭代耗时: 0.73s | 
2025-04-08 16:36:25,861 - DEBUG - 迭代 96/100 | 阶段: evolutionary learning | 最佳完工时间: 1615.00 | 迭代耗时: 0.73s | 
2025-04-08 16:36:26,600 - INFO - In generation 97, EL found new best solution with makespan: 1611.00
2025-04-08 16:36:26,601 - DEBUG - 迭代 97/100 | 阶段: evolutionary learning | 最佳完工时间: 1611.00 | 迭代耗时: 0.74s | 
2025-04-08 16:36:27,346 - INFO - In generation 98, EL found new best solution with makespan: 1608.00
2025-04-08 16:36:27,346 - DEBUG - 迭代 98/100 | 阶段: evolutionary learning | 最佳完工时间: 1608.00 | 迭代耗时: 0.74s | 
2025-04-08 16:36:28,089 - DEBUG - 迭代 99/100 | 阶段: evolutionary learning | 最佳完工时间: 1608.00 | 迭代耗时: 0.74s | 
2025-04-08 16:36:28,834 - DEBUG - 迭代 100/100 | 阶段: evolutionary learning | 最佳完工时间: 1608.00 | 迭代耗时: 0.75s | 
2025-04-08 16:36:28,834 - INFO - ==================================================
2025-04-08 16:36:28,835 - INFO - Best solution found with makespan: 1608.00s at generation: 100
2025-04-08 16:36:28,835 - INFO - Total time: 71.12s
2025-04-08 16:36:28,837 - DEBUG - 开始两阶段混合学习算法，最大迭代次数: 100
2025-04-08 16:36:28,840 - DEBUG - 迭代 1：SL初始化种群，大小: 100
2025-04-08 16:36:29,309 - INFO - Initialization probability model completed.
2025-04-08 16:36:29,310 - INFO - In generation 1：SL found new best solution with makespan: 1907.00，pointer=0
2025-04-08 16:36:29,310 - DEBUG - 迭代 1/100 | 阶段: statistical learning | 最佳完工时间: 1907.00 | 迭代耗时: 0.47s | 
2025-04-08 16:36:29,318 - DEBUG - 迭代 2：SL生成新种群，大小: 100
2025-04-08 16:36:29,781 - DEBUG - 第2代概率模型更新完成
2025-04-08 16:36:29,781 - INFO - In generation 2：SL not found better solution，pointer=1
2025-04-08 16:36:29,782 - DEBUG - 迭代 2/100 | 阶段: statistical learning | 最佳完工时间: 1907.00 | 迭代耗时: 0.47s | 
2025-04-08 16:36:29,791 - DEBUG - 迭代 3：SL生成新种群，大小: 100
2025-04-08 16:36:30,252 - DEBUG - 第3代概率模型更新完成
2025-04-08 16:36:30,252 - INFO - In generation 3：SL not found better solution，pointer=2
2025-04-08 16:36:30,253 - DEBUG - 迭代 3/100 | 阶段: statistical learning | 最佳完工时间: 1907.00 | 迭代耗时: 0.47s | 
2025-04-08 16:36:30,261 - DEBUG - 迭代 4：SL生成新种群，大小: 100
2025-04-08 16:36:30,722 - DEBUG - 第4代概率模型更新完成
2025-04-08 16:36:30,722 - INFO - In generation 4：SL not found better solution，pointer=3
2025-04-08 16:36:30,722 - DEBUG - 迭代 4/100 | 阶段: statistical learning | 最佳完工时间: 1907.00 | 迭代耗时: 0.47s | 
2025-04-08 16:36:30,730 - DEBUG - 迭代 5：SL生成新种群，大小: 100
2025-04-08 16:36:31,192 - DEBUG - 第5代概率模型更新完成
2025-04-08 16:36:31,192 - INFO - In generation 5：SL not found better solution，pointer=4
2025-04-08 16:36:31,192 - DEBUG - 迭代 5/100 | 阶段: statistical learning | 最佳完工时间: 1907.00 | 迭代耗时: 0.47s | 
2025-04-08 16:36:31,200 - DEBUG - 迭代 6：SL生成新种群，大小: 100
2025-04-08 16:36:31,660 - DEBUG - 第6代概率模型更新完成
2025-04-08 16:36:31,660 - INFO - In generation 6：SL not found better solution，pointer=5
2025-04-08 16:36:31,660 - INFO - SL is stagnating at generation 6, switching to EL phase...
2025-04-08 16:36:31,660 - INFO - pointer=5, threshold=4.75
2025-04-08 16:36:31,662 - DEBUG - 切换到EL阶段，使用SL种群初始化EL种群，种群大小: 100
2025-04-08 16:36:31,662 - DEBUG - 迭代 6/100 | 阶段: evolutionary learning | 最佳完工时间: 1907.00 | 迭代耗时: 0.47s | 
2025-04-08 16:36:32,412 - DEBUG - 迭代 7/100 | 阶段: evolutionary learning | 最佳完工时间: 1907.00 | 迭代耗时: 0.75s | 
2025-04-08 16:36:33,167 - INFO - In generation 8, EL found new best solution with makespan: 1906.00
2025-04-08 16:36:33,167 - DEBUG - 迭代 8/100 | 阶段: evolutionary learning | 最佳完工时间: 1906.00 | 迭代耗时: 0.75s | 
2025-04-08 16:36:33,925 - DEBUG - 迭代 9/100 | 阶段: evolutionary learning | 最佳完工时间: 1906.00 | 迭代耗时: 0.76s | 
2025-04-08 16:36:34,681 - DEBUG - 迭代 10/100 | 阶段: evolutionary learning | 最佳完工时间: 1906.00 | 迭代耗时: 0.76s | 
2025-04-08 16:36:35,424 - INFO - In generation 11, EL found new best solution with makespan: 1865.00
2025-04-08 16:36:35,424 - DEBUG - 迭代 11/100 | 阶段: evolutionary learning | 最佳完工时间: 1865.00 | 迭代耗时: 0.74s | 
2025-04-08 16:36:36,177 - DEBUG - 迭代 12/100 | 阶段: evolutionary learning | 最佳完工时间: 1865.00 | 迭代耗时: 0.75s | 
2025-04-08 16:36:36,930 - DEBUG - 迭代 13/100 | 阶段: evolutionary learning | 最佳完工时间: 1865.00 | 迭代耗时: 0.75s | 
2025-04-08 16:36:37,671 - INFO - In generation 14, EL found new best solution with makespan: 1847.00
2025-04-08 16:36:37,671 - DEBUG - 迭代 14/100 | 阶段: evolutionary learning | 最佳完工时间: 1847.00 | 迭代耗时: 0.74s | 
2025-04-08 16:36:38,430 - INFO - In generation 15, EL found new best solution with makespan: 1835.00
2025-04-08 16:36:38,430 - DEBUG - 迭代 15/100 | 阶段: evolutionary learning | 最佳完工时间: 1835.00 | 迭代耗时: 0.76s | 
2025-04-08 16:36:39,183 - DEBUG - 迭代 16/100 | 阶段: evolutionary learning | 最佳完工时间: 1835.00 | 迭代耗时: 0.75s | 
2025-04-08 16:36:39,935 - INFO - In generation 17, EL found new best solution with makespan: 1830.00
2025-04-08 16:36:39,935 - DEBUG - 迭代 17/100 | 阶段: evolutionary learning | 最佳完工时间: 1830.00 | 迭代耗时: 0.75s | 
2025-04-08 16:36:40,693 - DEBUG - 迭代 18/100 | 阶段: evolutionary learning | 最佳完工时间: 1830.00 | 迭代耗时: 0.76s | 
2025-04-08 16:36:41,443 - INFO - In generation 19, EL found new best solution with makespan: 1821.00
2025-04-08 16:36:41,443 - DEBUG - 迭代 19/100 | 阶段: evolutionary learning | 最佳完工时间: 1821.00 | 迭代耗时: 0.75s | 
2025-04-08 16:36:42,203 - INFO - In generation 20, EL found new best solution with makespan: 1809.00
2025-04-08 16:36:42,203 - DEBUG - 迭代 20/100 | 阶段: evolutionary learning | 最佳完工时间: 1809.00 | 迭代耗时: 0.76s | 
2025-04-08 16:36:42,956 - INFO - In generation 21, EL found new best solution with makespan: 1807.00
2025-04-08 16:36:42,956 - DEBUG - 迭代 21/100 | 阶段: evolutionary learning | 最佳完工时间: 1807.00 | 迭代耗时: 0.75s | 
2025-04-08 16:36:43,705 - DEBUG - 迭代 22/100 | 阶段: evolutionary learning | 最佳完工时间: 1807.00 | 迭代耗时: 0.75s | 
2025-04-08 16:36:44,458 - INFO - In generation 23, EL found new best solution with makespan: 1801.00
2025-04-08 16:36:44,458 - DEBUG - 迭代 23/100 | 阶段: evolutionary learning | 最佳完工时间: 1801.00 | 迭代耗时: 0.75s | 
2025-04-08 16:36:45,223 - INFO - In generation 24, EL found new best solution with makespan: 1784.00
2025-04-08 16:36:45,223 - DEBUG - 迭代 24/100 | 阶段: evolutionary learning | 最佳完工时间: 1784.00 | 迭代耗时: 0.77s | 
2025-04-08 16:36:45,983 - DEBUG - 迭代 25/100 | 阶段: evolutionary learning | 最佳完工时间: 1784.00 | 迭代耗时: 0.76s | 
2025-04-08 16:36:46,726 - INFO - In generation 26, EL found new best solution with makespan: 1766.00
2025-04-08 16:36:46,726 - DEBUG - 迭代 26/100 | 阶段: evolutionary learning | 最佳完工时间: 1766.00 | 迭代耗时: 0.74s | 
2025-04-08 16:36:47,479 - DEBUG - 迭代 27/100 | 阶段: evolutionary learning | 最佳完工时间: 1766.00 | 迭代耗时: 0.75s | 
2025-04-08 16:36:48,250 - DEBUG - 迭代 28/100 | 阶段: evolutionary learning | 最佳完工时间: 1766.00 | 迭代耗时: 0.77s | 
2025-04-08 16:36:49,006 - DEBUG - 迭代 29/100 | 阶段: evolutionary learning | 最佳完工时间: 1766.00 | 迭代耗时: 0.76s | 
2025-04-08 16:36:49,764 - INFO - In generation 30, EL found new best solution with makespan: 1762.00
2025-04-08 16:36:49,765 - DEBUG - 迭代 30/100 | 阶段: evolutionary learning | 最佳完工时间: 1762.00 | 迭代耗时: 0.76s | 
2025-04-08 16:36:50,521 - DEBUG - 迭代 31/100 | 阶段: evolutionary learning | 最佳完工时间: 1762.00 | 迭代耗时: 0.76s | 
2025-04-08 16:36:51,286 - DEBUG - 迭代 32/100 | 阶段: evolutionary learning | 最佳完工时间: 1762.00 | 迭代耗时: 0.76s | 
2025-04-08 16:36:52,039 - INFO - In generation 33, EL found new best solution with makespan: 1743.00
2025-04-08 16:36:52,040 - DEBUG - 迭代 33/100 | 阶段: evolutionary learning | 最佳完工时间: 1743.00 | 迭代耗时: 0.75s | 
2025-04-08 16:36:52,796 - DEBUG - 迭代 34/100 | 阶段: evolutionary learning | 最佳完工时间: 1743.00 | 迭代耗时: 0.76s | 
2025-04-08 16:36:53,549 - INFO - In generation 35, EL found new best solution with makespan: 1734.00
2025-04-08 16:36:53,550 - DEBUG - 迭代 35/100 | 阶段: evolutionary learning | 最佳完工时间: 1734.00 | 迭代耗时: 0.75s | 
2025-04-08 16:36:54,307 - DEBUG - 迭代 36/100 | 阶段: evolutionary learning | 最佳完工时间: 1734.00 | 迭代耗时: 0.76s | 
2025-04-08 16:36:55,070 - DEBUG - 迭代 37/100 | 阶段: evolutionary learning | 最佳完工时间: 1734.00 | 迭代耗时: 0.76s | 
2025-04-08 16:36:55,812 - INFO - In generation 38, EL found new best solution with makespan: 1733.00
2025-04-08 16:36:55,814 - DEBUG - 迭代 38/100 | 阶段: evolutionary learning | 最佳完工时间: 1733.00 | 迭代耗时: 0.74s | 
2025-04-08 16:36:56,565 - INFO - In generation 39, EL found new best solution with makespan: 1716.00
2025-04-08 16:36:56,566 - DEBUG - 迭代 39/100 | 阶段: evolutionary learning | 最佳完工时间: 1716.00 | 迭代耗时: 0.75s | 
2025-04-08 16:36:57,307 - INFO - In generation 40, EL found new best solution with makespan: 1710.00
2025-04-08 16:36:57,307 - DEBUG - 迭代 40/100 | 阶段: evolutionary learning | 最佳完工时间: 1710.00 | 迭代耗时: 0.74s | 
2025-04-08 16:36:58,076 - DEBUG - 迭代 41/100 | 阶段: evolutionary learning | 最佳完工时间: 1710.00 | 迭代耗时: 0.77s | 
2025-04-08 16:36:58,833 - DEBUG - 迭代 42/100 | 阶段: evolutionary learning | 最佳完工时间: 1710.00 | 迭代耗时: 0.76s | 
2025-04-08 16:36:59,583 - INFO - In generation 43, EL found new best solution with makespan: 1709.00
2025-04-08 16:36:59,584 - DEBUG - 迭代 43/100 | 阶段: evolutionary learning | 最佳完工时间: 1709.00 | 迭代耗时: 0.75s | 
2025-04-08 16:37:00,342 - DEBUG - 迭代 44/100 | 阶段: evolutionary learning | 最佳完工时间: 1709.00 | 迭代耗时: 0.76s | 
2025-04-08 16:37:01,104 - DEBUG - 迭代 45/100 | 阶段: evolutionary learning | 最佳完工时间: 1709.00 | 迭代耗时: 0.76s | 
2025-04-08 16:37:01,843 - INFO - In generation 46, EL found new best solution with makespan: 1700.00
2025-04-08 16:37:01,844 - DEBUG - 迭代 46/100 | 阶段: evolutionary learning | 最佳完工时间: 1700.00 | 迭代耗时: 0.74s | 
2025-04-08 16:37:02,592 - INFO - In generation 47, EL found new best solution with makespan: 1679.00
2025-04-08 16:37:02,593 - DEBUG - 迭代 47/100 | 阶段: evolutionary learning | 最佳完工时间: 1679.00 | 迭代耗时: 0.75s | 
2025-04-08 16:37:03,336 - DEBUG - 迭代 48/100 | 阶段: evolutionary learning | 最佳完工时间: 1679.00 | 迭代耗时: 0.74s | 
2025-04-08 16:37:04,094 - DEBUG - 迭代 49/100 | 阶段: evolutionary learning | 最佳完工时间: 1679.00 | 迭代耗时: 0.76s | 
2025-04-08 16:37:04,832 - INFO - In generation 50, EL found new best solution with makespan: 1676.00
2025-04-08 16:37:04,832 - DEBUG - 迭代 50/100 | 阶段: evolutionary learning | 最佳完工时间: 1676.00 | 迭代耗时: 0.74s | 
2025-04-08 16:37:05,582 - INFO - In generation 51, EL found new best solution with makespan: 1674.00
2025-04-08 16:37:05,582 - DEBUG - 迭代 51/100 | 阶段: evolutionary learning | 最佳完工时间: 1674.00 | 迭代耗时: 0.75s | 
2025-04-08 16:37:06,333 - DEBUG - 迭代 52/100 | 阶段: evolutionary learning | 最佳完工时间: 1674.00 | 迭代耗时: 0.75s | 
2025-04-08 16:37:07,088 - DEBUG - 迭代 53/100 | 阶段: evolutionary learning | 最佳完工时间: 1674.00 | 迭代耗时: 0.76s | 
2025-04-08 16:37:07,825 - INFO - In generation 54, EL found new best solution with makespan: 1668.00
2025-04-08 16:37:07,825 - DEBUG - 迭代 54/100 | 阶段: evolutionary learning | 最佳完工时间: 1668.00 | 迭代耗时: 0.74s | 
2025-04-08 16:37:08,574 - DEBUG - 迭代 55/100 | 阶段: evolutionary learning | 最佳完工时间: 1668.00 | 迭代耗时: 0.75s | 
2025-04-08 16:37:09,331 - INFO - In generation 56, EL found new best solution with makespan: 1659.00
2025-04-08 16:37:09,332 - DEBUG - 迭代 56/100 | 阶段: evolutionary learning | 最佳完工时间: 1659.00 | 迭代耗时: 0.76s | 
2025-04-08 16:37:10,088 - DEBUG - 迭代 57/100 | 阶段: evolutionary learning | 最佳完工时间: 1659.00 | 迭代耗时: 0.76s | 
2025-04-08 16:37:10,835 - DEBUG - 迭代 58/100 | 阶段: evolutionary learning | 最佳完工时间: 1659.00 | 迭代耗时: 0.75s | 
2025-04-08 16:37:11,575 - INFO - In generation 59, EL found new best solution with makespan: 1657.00
2025-04-08 16:37:11,575 - DEBUG - 迭代 59/100 | 阶段: evolutionary learning | 最佳完工时间: 1657.00 | 迭代耗时: 0.74s | 
2025-04-08 16:37:12,326 - INFO - In generation 60, EL found new best solution with makespan: 1652.00
2025-04-08 16:37:12,328 - DEBUG - 迭代 60/100 | 阶段: evolutionary learning | 最佳完工时间: 1652.00 | 迭代耗时: 0.75s | 
2025-04-08 16:37:13,076 - DEBUG - 迭代 61/100 | 阶段: evolutionary learning | 最佳完工时间: 1652.00 | 迭代耗时: 0.75s | 
2025-04-08 16:37:13,827 - INFO - In generation 62, EL found new best solution with makespan: 1646.00
2025-04-08 16:37:13,827 - DEBUG - 迭代 62/100 | 阶段: evolutionary learning | 最佳完工时间: 1646.00 | 迭代耗时: 0.75s | 
2025-04-08 16:37:14,579 - INFO - In generation 63, EL found new best solution with makespan: 1643.00
2025-04-08 16:37:14,580 - DEBUG - 迭代 63/100 | 阶段: evolutionary learning | 最佳完工时间: 1643.00 | 迭代耗时: 0.75s | 
2025-04-08 16:37:15,330 - DEBUG - 迭代 64/100 | 阶段: evolutionary learning | 最佳完工时间: 1643.00 | 迭代耗时: 0.75s | 
2025-04-08 16:37:16,079 - DEBUG - 迭代 65/100 | 阶段: evolutionary learning | 最佳完工时间: 1643.00 | 迭代耗时: 0.75s | 
2025-04-08 16:37:16,810 - INFO - In generation 66, EL found new best solution with makespan: 1638.00
2025-04-08 16:37:16,811 - DEBUG - 迭代 66/100 | 阶段: evolutionary learning | 最佳完工时间: 1638.00 | 迭代耗时: 0.73s | 
2025-04-08 16:37:17,562 - DEBUG - 迭代 67/100 | 阶段: evolutionary learning | 最佳完工时间: 1638.00 | 迭代耗时: 0.75s | 
2025-04-08 16:37:18,340 - DEBUG - 迭代 68/100 | 阶段: evolutionary learning | 最佳完工时间: 1638.00 | 迭代耗时: 0.78s | 
2025-04-08 16:37:19,073 - DEBUG - 迭代 69/100 | 阶段: evolutionary learning | 最佳完工时间: 1638.00 | 迭代耗时: 0.73s | 
2025-04-08 16:37:19,818 - INFO - In generation 70, EL found new best solution with makespan: 1637.00
2025-04-08 16:37:19,818 - DEBUG - 迭代 70/100 | 阶段: evolutionary learning | 最佳完工时间: 1637.00 | 迭代耗时: 0.74s | 
2025-04-08 16:37:20,560 - INFO - In generation 71, EL found new best solution with makespan: 1610.00
2025-04-08 16:37:20,562 - DEBUG - 迭代 71/100 | 阶段: evolutionary learning | 最佳完工时间: 1610.00 | 迭代耗时: 0.74s | 
2025-04-08 16:37:21,306 - DEBUG - 迭代 72/100 | 阶段: evolutionary learning | 最佳完工时间: 1610.00 | 迭代耗时: 0.74s | 
2025-04-08 16:37:22,051 - DEBUG - 迭代 73/100 | 阶段: evolutionary learning | 最佳完工时间: 1610.00 | 迭代耗时: 0.75s | 
2025-04-08 16:37:22,782 - INFO - In generation 74, EL found new best solution with makespan: 1592.00
2025-04-08 16:37:22,782 - DEBUG - 迭代 74/100 | 阶段: evolutionary learning | 最佳完工时间: 1592.00 | 迭代耗时: 0.73s | 
2025-04-08 16:37:23,532 - DEBUG - 迭代 75/100 | 阶段: evolutionary learning | 最佳完工时间: 1592.00 | 迭代耗时: 0.75s | 
2025-04-08 16:37:24,281 - DEBUG - 迭代 76/100 | 阶段: evolutionary learning | 最佳完工时间: 1592.00 | 迭代耗时: 0.75s | 
2025-04-08 16:37:25,015 - DEBUG - 迭代 77/100 | 阶段: evolutionary learning | 最佳完工时间: 1592.00 | 迭代耗时: 0.73s | 
2025-04-08 16:37:25,739 - DEBUG - 迭代 78/100 | 阶段: evolutionary learning | 最佳完工时间: 1592.00 | 迭代耗时: 0.72s | 
2025-04-08 16:37:26,473 - DEBUG - 迭代 79/100 | 阶段: evolutionary learning | 最佳完工时间: 1592.00 | 迭代耗时: 0.73s | 
2025-04-08 16:37:27,199 - DEBUG - 迭代 80/100 | 阶段: evolutionary learning | 最佳完工时间: 1592.00 | 迭代耗时: 0.73s | 
2025-04-08 16:37:27,936 - INFO - In generation 81, EL found new best solution with makespan: 1586.00
2025-04-08 16:37:27,936 - DEBUG - 迭代 81/100 | 阶段: evolutionary learning | 最佳完工时间: 1586.00 | 迭代耗时: 0.74s | 
2025-04-08 16:37:28,679 - INFO - In generation 82, EL found new best solution with makespan: 1578.00
2025-04-08 16:37:28,680 - DEBUG - 迭代 82/100 | 阶段: evolutionary learning | 最佳完工时间: 1578.00 | 迭代耗时: 0.74s | 
2025-04-08 16:37:29,417 - DEBUG - 迭代 83/100 | 阶段: evolutionary learning | 最佳完工时间: 1578.00 | 迭代耗时: 0.74s | 
2025-04-08 16:37:30,162 - DEBUG - 迭代 84/100 | 阶段: evolutionary learning | 最佳完工时间: 1578.00 | 迭代耗时: 0.75s | 
2025-04-08 16:37:30,892 - DEBUG - 迭代 85/100 | 阶段: evolutionary learning | 最佳完工时间: 1578.00 | 迭代耗时: 0.73s | 
2025-04-08 16:37:31,624 - INFO - In generation 86, EL found new best solution with makespan: 1570.00
2025-04-08 16:37:31,624 - DEBUG - 迭代 86/100 | 阶段: evolutionary learning | 最佳完工时间: 1570.00 | 迭代耗时: 0.73s | 
2025-04-08 16:37:32,371 - DEBUG - 迭代 87/100 | 阶段: evolutionary learning | 最佳完工时间: 1570.00 | 迭代耗时: 0.75s | 
2025-04-08 16:37:33,137 - DEBUG - 迭代 88/100 | 阶段: evolutionary learning | 最佳完工时间: 1570.00 | 迭代耗时: 0.77s | 
2025-04-08 16:37:33,866 - DEBUG - 迭代 89/100 | 阶段: evolutionary learning | 最佳完工时间: 1570.00 | 迭代耗时: 0.73s | 
2025-04-08 16:37:34,598 - DEBUG - 迭代 90/100 | 阶段: evolutionary learning | 最佳完工时间: 1570.00 | 迭代耗时: 0.73s | 
2025-04-08 16:37:35,333 - INFO - In generation 91, EL found new best solution with makespan: 1568.00
2025-04-08 16:37:35,333 - DEBUG - 迭代 91/100 | 阶段: evolutionary learning | 最佳完工时间: 1568.00 | 迭代耗时: 0.73s | 
2025-04-08 16:37:36,069 - INFO - In generation 92, EL found new best solution with makespan: 1563.00
2025-04-08 16:37:36,069 - DEBUG - 迭代 92/100 | 阶段: evolutionary learning | 最佳完工时间: 1563.00 | 迭代耗时: 0.74s | 
2025-04-08 16:37:36,803 - DEBUG - 迭代 93/100 | 阶段: evolutionary learning | 最佳完工时间: 1563.00 | 迭代耗时: 0.73s | 
2025-04-08 16:37:37,547 - INFO - In generation 94, EL found new best solution with makespan: 1560.00
2025-04-08 16:37:37,547 - DEBUG - 迭代 94/100 | 阶段: evolutionary learning | 最佳完工时间: 1560.00 | 迭代耗时: 0.74s | 
2025-04-08 16:37:38,295 - DEBUG - 迭代 95/100 | 阶段: evolutionary learning | 最佳完工时间: 1560.00 | 迭代耗时: 0.75s | 
2025-04-08 16:37:39,038 - INFO - In generation 96, EL found new best solution with makespan: 1555.00
2025-04-08 16:37:39,038 - DEBUG - 迭代 96/100 | 阶段: evolutionary learning | 最佳完工时间: 1555.00 | 迭代耗时: 0.74s | 
2025-04-08 16:37:39,783 - DEBUG - 迭代 97/100 | 阶段: evolutionary learning | 最佳完工时间: 1555.00 | 迭代耗时: 0.74s | 
2025-04-08 16:37:40,539 - DEBUG - 迭代 98/100 | 阶段: evolutionary learning | 最佳完工时间: 1555.00 | 迭代耗时: 0.76s | 
2025-04-08 16:37:41,283 - DEBUG - 迭代 99/100 | 阶段: evolutionary learning | 最佳完工时间: 1555.00 | 迭代耗时: 0.74s | 
2025-04-08 16:37:42,009 - DEBUG - 迭代 100/100 | 阶段: evolutionary learning | 最佳完工时间: 1555.00 | 迭代耗时: 0.73s | 
2025-04-08 16:37:42,009 - INFO - ==================================================
2025-04-08 16:37:42,010 - INFO - Best solution found with makespan: 1555.00s at generation: 100
2025-04-08 16:37:42,010 - INFO - Total time: 73.17s
