2025-04-08 13:48:51,156 - INFO - 开始两阶段混合学习算法，最大迭代次数: 500
2025-04-08 13:48:51,608 - INFO - SL找到新的最优解，完工时间: 1909.00，重置pointer=0
2025-04-08 13:48:51,609 - INFO - 迭代 1/500 | 阶段: statistical learning | 最佳完工时间: 1909.00 | 迭代耗时: 0.45s | 总耗时: 0.45s
2025-04-08 13:48:52,056 - INFO - SL未找到更好的解，pointer增加到1
2025-04-08 13:48:52,056 - INFO - 迭代 2/500 | 阶段: statistical learning | 最佳完工时间: 1909.00 | 迭代耗时: 0.45s | 总耗时: 0.90s
2025-04-08 13:48:52,508 - INFO - SL未找到更好的解，pointer增加到2
2025-04-08 13:48:52,508 - INFO - 迭代 3/500 | 阶段: statistical learning | 最佳完工时间: 1909.00 | 迭代耗时: 0.45s | 总耗时: 1.35s
2025-04-08 13:48:52,962 - INFO - SL未找到更好的解，pointer增加到3
2025-04-08 13:48:52,962 - INFO - 
SL阶段终止条件满足，切换到EL阶段...
2025-04-08 13:48:52,962 - INFO - pointer=3, threshold=2.48
2025-04-08 13:48:53,353 - INFO - 成功切换到EL阶段，使用随机初始化EL种群
2025-04-08 13:48:53,353 - INFO - 迭代 4/500 | 阶段: evolutionary learning | 最佳完工时间: 1909.00 | 迭代耗时: 0.84s | 总耗时: 2.20s
2025-04-08 13:48:54,211 - INFO - 迭代 5/500 | 阶段: evolutionary learning | 最佳完工时间: 1909.00 | 迭代耗时: 0.86s | 总耗时: 3.05s
2025-04-08 13:48:55,056 - INFO - 迭代 6/500 | 阶段: evolutionary learning | 最佳完工时间: 1909.00 | 迭代耗时: 0.84s | 总耗时: 3.90s
2025-04-08 13:48:55,899 - INFO - EL找到新的最优解，完工时间: 1886.00
2025-04-08 13:48:55,900 - INFO - 迭代 7/500 | 阶段: evolutionary learning | 最佳完工时间: 1886.00 | 迭代耗时: 0.84s | 总耗时: 4.74s
2025-04-08 13:48:56,740 - INFO - 迭代 8/500 | 阶段: evolutionary learning | 最佳完工时间: 1886.00 | 迭代耗时: 0.84s | 总耗时: 5.58s
2025-04-08 13:48:57,624 - INFO - 迭代 9/500 | 阶段: evolutionary learning | 最佳完工时间: 1886.00 | 迭代耗时: 0.88s | 总耗时: 6.47s
2025-04-08 13:48:58,439 - INFO - 迭代 10/500 | 阶段: evolutionary learning | 最佳完工时间: 1886.00 | 迭代耗时: 0.82s | 总耗时: 7.28s
2025-04-08 13:48:59,321 - INFO - EL找到新的最优解，完工时间: 1878.00
2025-04-08 13:48:59,321 - INFO - 迭代 11/500 | 阶段: evolutionary learning | 最佳完工时间: 1878.00 | 迭代耗时: 0.88s | 总耗时: 8.16s
2025-04-08 13:49:00,171 - INFO - EL找到新的最优解，完工时间: 1858.00
2025-04-08 13:49:00,171 - INFO - 迭代 12/500 | 阶段: evolutionary learning | 最佳完工时间: 1858.00 | 迭代耗时: 0.85s | 总耗时: 9.01s
2025-04-08 13:49:01,023 - INFO - 迭代 13/500 | 阶段: evolutionary learning | 最佳完工时间: 1858.00 | 迭代耗时: 0.85s | 总耗时: 9.87s
2025-04-08 13:49:01,874 - INFO - EL找到新的最优解，完工时间: 1848.00
2025-04-08 13:49:01,875 - INFO - 迭代 14/500 | 阶段: evolutionary learning | 最佳完工时间: 1848.00 | 迭代耗时: 0.85s | 总耗时: 10.72s
2025-04-08 13:49:02,712 - INFO - EL找到新的最优解，完工时间: 1834.00
2025-04-08 13:49:02,714 - INFO - 迭代 15/500 | 阶段: evolutionary learning | 最佳完工时间: 1834.00 | 迭代耗时: 0.84s | 总耗时: 11.56s
2025-04-08 13:49:03,563 - INFO - 迭代 16/500 | 阶段: evolutionary learning | 最佳完工时间: 1834.00 | 迭代耗时: 0.85s | 总耗时: 12.41s
2025-04-08 13:49:04,425 - INFO - 迭代 17/500 | 阶段: evolutionary learning | 最佳完工时间: 1834.00 | 迭代耗时: 0.86s | 总耗时: 13.27s
2025-04-08 13:49:05,261 - INFO - EL找到新的最优解，完工时间: 1827.00
2025-04-08 13:49:05,261 - INFO - 迭代 18/500 | 阶段: evolutionary learning | 最佳完工时间: 1827.00 | 迭代耗时: 0.84s | 总耗时: 14.11s
2025-04-08 13:49:06,137 - INFO - EL找到新的最优解，完工时间: 1820.00
2025-04-08 13:49:06,137 - INFO - 迭代 19/500 | 阶段: evolutionary learning | 最佳完工时间: 1820.00 | 迭代耗时: 0.88s | 总耗时: 14.98s
2025-04-08 13:49:06,980 - INFO - 迭代 20/500 | 阶段: evolutionary learning | 最佳完工时间: 1820.00 | 迭代耗时: 0.84s | 总耗时: 15.82s
2025-04-08 13:49:07,850 - INFO - EL找到新的最优解，完工时间: 1808.00
2025-04-08 13:49:07,850 - INFO - 迭代 21/500 | 阶段: evolutionary learning | 最佳完工时间: 1808.00 | 迭代耗时: 0.87s | 总耗时: 16.69s
2025-04-08 13:49:08,721 - INFO - 迭代 22/500 | 阶段: evolutionary learning | 最佳完工时间: 1808.00 | 迭代耗时: 0.87s | 总耗时: 17.56s
2025-04-08 13:49:09,537 - INFO - EL找到新的最优解，完工时间: 1800.00
2025-04-08 13:49:09,537 - INFO - 迭代 23/500 | 阶段: evolutionary learning | 最佳完工时间: 1800.00 | 迭代耗时: 0.82s | 总耗时: 18.38s
2025-04-08 13:49:10,426 - INFO - 迭代 24/500 | 阶段: evolutionary learning | 最佳完工时间: 1800.00 | 迭代耗时: 0.89s | 总耗时: 19.27s
2025-04-08 13:49:11,293 - INFO - 迭代 25/500 | 阶段: evolutionary learning | 最佳完工时间: 1800.00 | 迭代耗时: 0.87s | 总耗时: 20.14s
2025-04-08 13:49:12,191 - INFO - EL找到新的最优解，完工时间: 1797.00
2025-04-08 13:49:12,192 - INFO - 迭代 26/500 | 阶段: evolutionary learning | 最佳完工时间: 1797.00 | 迭代耗时: 0.90s | 总耗时: 21.04s
2025-04-08 13:49:13,070 - INFO - EL找到新的最优解，完工时间: 1793.00
2025-04-08 13:49:13,070 - INFO - 迭代 27/500 | 阶段: evolutionary learning | 最佳完工时间: 1793.00 | 迭代耗时: 0.88s | 总耗时: 21.91s
2025-04-08 13:49:13,950 - INFO - EL找到新的最优解，完工时间: 1785.00
2025-04-08 13:49:13,950 - INFO - 迭代 28/500 | 阶段: evolutionary learning | 最佳完工时间: 1785.00 | 迭代耗时: 0.88s | 总耗时: 22.79s
2025-04-08 13:49:14,819 - INFO - 迭代 29/500 | 阶段: evolutionary learning | 最佳完工时间: 1785.00 | 迭代耗时: 0.87s | 总耗时: 23.66s
2025-04-08 13:49:15,703 - INFO - EL找到新的最优解，完工时间: 1781.00
2025-04-08 13:49:15,703 - INFO - 迭代 30/500 | 阶段: evolutionary learning | 最佳完工时间: 1781.00 | 迭代耗时: 0.88s | 总耗时: 24.55s
2025-04-08 13:49:16,607 - INFO - 迭代 31/500 | 阶段: evolutionary learning | 最佳完工时间: 1781.00 | 迭代耗时: 0.90s | 总耗时: 25.45s
2025-04-08 13:49:17,462 - INFO - EL找到新的最优解，完工时间: 1775.00
2025-04-08 13:49:17,462 - INFO - 迭代 32/500 | 阶段: evolutionary learning | 最佳完工时间: 1775.00 | 迭代耗时: 0.85s | 总耗时: 26.31s
2025-04-08 13:49:18,328 - INFO - EL找到新的最优解，完工时间: 1766.00
2025-04-08 13:49:18,329 - INFO - 迭代 33/500 | 阶段: evolutionary learning | 最佳完工时间: 1766.00 | 迭代耗时: 0.87s | 总耗时: 27.17s
2025-04-08 13:49:19,195 - INFO - 迭代 34/500 | 阶段: evolutionary learning | 最佳完工时间: 1766.00 | 迭代耗时: 0.87s | 总耗时: 28.04s
2025-04-08 13:49:20,053 - INFO - 迭代 35/500 | 阶段: evolutionary learning | 最佳完工时间: 1766.00 | 迭代耗时: 0.86s | 总耗时: 28.90s
2025-04-08 13:49:20,913 - INFO - EL找到新的最优解，完工时间: 1761.00
2025-04-08 13:49:20,914 - INFO - 迭代 36/500 | 阶段: evolutionary learning | 最佳完工时间: 1761.00 | 迭代耗时: 0.86s | 总耗时: 29.76s
2025-04-08 13:49:21,824 - INFO - 迭代 37/500 | 阶段: evolutionary learning | 最佳完工时间: 1761.00 | 迭代耗时: 0.91s | 总耗时: 30.67s
2025-04-08 13:49:22,686 - INFO - EL找到新的最优解，完工时间: 1754.00
2025-04-08 13:49:22,686 - INFO - 迭代 38/500 | 阶段: evolutionary learning | 最佳完工时间: 1754.00 | 迭代耗时: 0.86s | 总耗时: 31.53s
2025-04-08 13:49:23,536 - INFO - 迭代 39/500 | 阶段: evolutionary learning | 最佳完工时间: 1754.00 | 迭代耗时: 0.85s | 总耗时: 32.38s
2025-04-08 13:49:24,427 - INFO - EL找到新的最优解，完工时间: 1749.00
2025-04-08 13:49:24,427 - INFO - 迭代 40/500 | 阶段: evolutionary learning | 最佳完工时间: 1749.00 | 迭代耗时: 0.89s | 总耗时: 33.27s
2025-04-08 13:49:25,312 - INFO - 迭代 41/500 | 阶段: evolutionary learning | 最佳完工时间: 1749.00 | 迭代耗时: 0.88s | 总耗时: 34.16s
2025-04-08 13:49:26,166 - INFO - 迭代 42/500 | 阶段: evolutionary learning | 最佳完工时间: 1749.00 | 迭代耗时: 0.85s | 总耗时: 35.01s
2025-04-08 13:49:27,049 - INFO - EL找到新的最优解，完工时间: 1744.00
2025-04-08 13:49:27,049 - INFO - 迭代 43/500 | 阶段: evolutionary learning | 最佳完工时间: 1744.00 | 迭代耗时: 0.88s | 总耗时: 35.89s
2025-04-08 13:49:27,944 - INFO - 迭代 44/500 | 阶段: evolutionary learning | 最佳完工时间: 1744.00 | 迭代耗时: 0.89s | 总耗时: 36.79s
2025-04-08 13:49:28,822 - INFO - EL找到新的最优解，完工时间: 1742.00
2025-04-08 13:49:28,822 - INFO - 迭代 45/500 | 阶段: evolutionary learning | 最佳完工时间: 1742.00 | 迭代耗时: 0.88s | 总耗时: 37.67s
2025-04-08 13:49:29,683 - INFO - EL找到新的最优解，完工时间: 1740.00
2025-04-08 13:49:29,683 - INFO - 迭代 46/500 | 阶段: evolutionary learning | 最佳完工时间: 1740.00 | 迭代耗时: 0.86s | 总耗时: 38.53s
2025-04-08 13:49:30,582 - INFO - EL找到新的最优解，完工时间: 1738.00
2025-04-08 13:49:30,583 - INFO - 迭代 47/500 | 阶段: evolutionary learning | 最佳完工时间: 1738.00 | 迭代耗时: 0.90s | 总耗时: 39.43s
2025-04-08 13:49:31,500 - INFO - EL找到新的最优解，完工时间: 1737.00
2025-04-08 13:49:31,500 - INFO - 迭代 48/500 | 阶段: evolutionary learning | 最佳完工时间: 1737.00 | 迭代耗时: 0.92s | 总耗时: 40.34s
2025-04-08 13:49:32,347 - INFO - EL找到新的最优解，完工时间: 1736.00
2025-04-08 13:49:32,347 - INFO - 迭代 49/500 | 阶段: evolutionary learning | 最佳完工时间: 1736.00 | 迭代耗时: 0.85s | 总耗时: 41.19s
2025-04-08 13:49:33,210 - INFO - EL找到新的最优解，完工时间: 1735.00
2025-04-08 13:49:33,210 - INFO - 迭代 50/500 | 阶段: evolutionary learning | 最佳完工时间: 1735.00 | 迭代耗时: 0.86s | 总耗时: 42.05s
2025-04-08 13:49:34,082 - INFO - EL找到新的最优解，完工时间: 1730.00
2025-04-08 13:49:34,083 - INFO - 迭代 51/500 | 阶段: evolutionary learning | 最佳完工时间: 1730.00 | 迭代耗时: 0.87s | 总耗时: 42.93s
2025-04-08 13:49:34,937 - INFO - EL找到新的最优解，完工时间: 1728.00
2025-04-08 13:49:34,937 - INFO - 迭代 52/500 | 阶段: evolutionary learning | 最佳完工时间: 1728.00 | 迭代耗时: 0.85s | 总耗时: 43.78s
2025-04-08 13:49:35,782 - INFO - EL找到新的最优解，完工时间: 1727.00
2025-04-08 13:49:35,782 - INFO - 迭代 53/500 | 阶段: evolutionary learning | 最佳完工时间: 1727.00 | 迭代耗时: 0.84s | 总耗时: 44.63s
2025-04-08 13:49:36,643 - INFO - 迭代 54/500 | 阶段: evolutionary learning | 最佳完工时间: 1727.00 | 迭代耗时: 0.86s | 总耗时: 45.49s
2025-04-08 13:49:37,529 - INFO - EL找到新的最优解，完工时间: 1721.00
2025-04-08 13:49:37,529 - INFO - 迭代 55/500 | 阶段: evolutionary learning | 最佳完工时间: 1721.00 | 迭代耗时: 0.89s | 总耗时: 46.37s
2025-04-08 13:49:38,386 - INFO - EL找到新的最优解，完工时间: 1717.00
2025-04-08 13:49:38,386 - INFO - 迭代 56/500 | 阶段: evolutionary learning | 最佳完工时间: 1717.00 | 迭代耗时: 0.86s | 总耗时: 47.23s
2025-04-08 13:49:39,212 - INFO - EL找到新的最优解，完工时间: 1715.00
2025-04-08 13:49:39,212 - INFO - 迭代 57/500 | 阶段: evolutionary learning | 最佳完工时间: 1715.00 | 迭代耗时: 0.83s | 总耗时: 48.06s
2025-04-08 13:49:40,095 - INFO - 迭代 58/500 | 阶段: evolutionary learning | 最佳完工时间: 1715.00 | 迭代耗时: 0.88s | 总耗时: 48.94s
2025-04-08 13:49:40,977 - INFO - EL找到新的最优解，完工时间: 1713.00
2025-04-08 13:49:40,977 - INFO - 迭代 59/500 | 阶段: evolutionary learning | 最佳完工时间: 1713.00 | 迭代耗时: 0.88s | 总耗时: 49.82s
2025-04-08 13:49:41,826 - INFO - 迭代 60/500 | 阶段: evolutionary learning | 最佳完工时间: 1713.00 | 迭代耗时: 0.85s | 总耗时: 50.67s
2025-04-08 13:49:42,695 - INFO - EL找到新的最优解，完工时间: 1709.00
2025-04-08 13:49:42,695 - INFO - 迭代 61/500 | 阶段: evolutionary learning | 最佳完工时间: 1709.00 | 迭代耗时: 0.87s | 总耗时: 51.54s
2025-04-08 13:49:43,553 - INFO - 迭代 62/500 | 阶段: evolutionary learning | 最佳完工时间: 1709.00 | 迭代耗时: 0.86s | 总耗时: 52.40s
2025-04-08 13:49:44,426 - INFO - 迭代 63/500 | 阶段: evolutionary learning | 最佳完工时间: 1709.00 | 迭代耗时: 0.87s | 总耗时: 53.27s
2025-04-08 13:49:45,284 - INFO - EL找到新的最优解，完工时间: 1706.00
2025-04-08 13:49:45,285 - INFO - 迭代 64/500 | 阶段: evolutionary learning | 最佳完工时间: 1706.00 | 迭代耗时: 0.86s | 总耗时: 54.13s
2025-04-08 13:49:46,154 - INFO - 迭代 65/500 | 阶段: evolutionary learning | 最佳完工时间: 1706.00 | 迭代耗时: 0.87s | 总耗时: 55.00s
2025-04-08 13:49:47,035 - INFO - EL找到新的最优解，完工时间: 1703.00
2025-04-08 13:49:47,036 - INFO - 迭代 66/500 | 阶段: evolutionary learning | 最佳完工时间: 1703.00 | 迭代耗时: 0.88s | 总耗时: 55.88s
2025-04-08 13:49:47,912 - INFO - 迭代 67/500 | 阶段: evolutionary learning | 最佳完工时间: 1703.00 | 迭代耗时: 0.88s | 总耗时: 56.76s
2025-04-08 13:49:48,779 - INFO - EL找到新的最优解，完工时间: 1699.00
2025-04-08 13:49:48,779 - INFO - 迭代 68/500 | 阶段: evolutionary learning | 最佳完工时间: 1699.00 | 迭代耗时: 0.87s | 总耗时: 57.62s
2025-04-08 13:49:49,622 - INFO - EL找到新的最优解，完工时间: 1697.00
2025-04-08 13:49:49,622 - INFO - 迭代 69/500 | 阶段: evolutionary learning | 最佳完工时间: 1697.00 | 迭代耗时: 0.84s | 总耗时: 58.47s
2025-04-08 13:49:50,473 - INFO - EL找到新的最优解，完工时间: 1692.00
2025-04-08 13:49:50,474 - INFO - 迭代 70/500 | 阶段: evolutionary learning | 最佳完工时间: 1692.00 | 迭代耗时: 0.85s | 总耗时: 59.32s
2025-04-08 13:49:51,359 - INFO - 迭代 71/500 | 阶段: evolutionary learning | 最佳完工时间: 1692.00 | 迭代耗时: 0.88s | 总耗时: 60.20s
2025-04-08 13:49:52,239 - INFO - EL找到新的最优解，完工时间: 1685.00
2025-04-08 13:49:52,240 - INFO - 迭代 72/500 | 阶段: evolutionary learning | 最佳完工时间: 1685.00 | 迭代耗时: 0.88s | 总耗时: 61.08s
2025-04-08 13:49:53,100 - INFO - 迭代 73/500 | 阶段: evolutionary learning | 最佳完工时间: 1685.00 | 迭代耗时: 0.86s | 总耗时: 61.94s
2025-04-08 13:49:53,972 - INFO - 迭代 74/500 | 阶段: evolutionary learning | 最佳完工时间: 1685.00 | 迭代耗时: 0.87s | 总耗时: 62.82s
2025-04-08 13:49:54,850 - INFO - EL找到新的最优解，完工时间: 1682.00
2025-04-08 13:49:54,850 - INFO - 迭代 75/500 | 阶段: evolutionary learning | 最佳完工时间: 1682.00 | 迭代耗时: 0.88s | 总耗时: 63.69s
2025-04-08 13:49:55,712 - INFO - EL找到新的最优解，完工时间: 1670.00
2025-04-08 13:49:55,713 - INFO - 迭代 76/500 | 阶段: evolutionary learning | 最佳完工时间: 1670.00 | 迭代耗时: 0.86s | 总耗时: 64.56s
2025-04-08 13:49:56,597 - INFO - 迭代 77/500 | 阶段: evolutionary learning | 最佳完工时间: 1670.00 | 迭代耗时: 0.88s | 总耗时: 65.44s
2025-04-08 13:49:57,426 - INFO - 迭代 78/500 | 阶段: evolutionary learning | 最佳完工时间: 1670.00 | 迭代耗时: 0.83s | 总耗时: 66.27s
2025-04-08 13:49:58,275 - INFO - EL找到新的最优解，完工时间: 1667.00
2025-04-08 13:49:58,275 - INFO - 迭代 79/500 | 阶段: evolutionary learning | 最佳完工时间: 1667.00 | 迭代耗时: 0.85s | 总耗时: 67.12s
2025-04-08 13:49:59,164 - INFO - EL找到新的最优解，完工时间: 1665.00
2025-04-08 13:49:59,164 - INFO - 迭代 80/500 | 阶段: evolutionary learning | 最佳完工时间: 1665.00 | 迭代耗时: 0.89s | 总耗时: 68.01s
2025-04-08 13:50:00,047 - INFO - 迭代 81/500 | 阶段: evolutionary learning | 最佳完工时间: 1665.00 | 迭代耗时: 0.88s | 总耗时: 68.89s
2025-04-08 13:50:00,950 - INFO - EL找到新的最优解，完工时间: 1660.00
2025-04-08 13:50:00,950 - INFO - 迭代 82/500 | 阶段: evolutionary learning | 最佳完工时间: 1660.00 | 迭代耗时: 0.90s | 总耗时: 69.79s
2025-04-08 13:50:01,881 - INFO - 迭代 83/500 | 阶段: evolutionary learning | 最佳完工时间: 1660.00 | 迭代耗时: 0.93s | 总耗时: 70.72s
2025-04-08 13:50:02,792 - INFO - EL找到新的最优解，完工时间: 1657.00
2025-04-08 13:50:02,793 - INFO - 迭代 84/500 | 阶段: evolutionary learning | 最佳完工时间: 1657.00 | 迭代耗时: 0.91s | 总耗时: 71.64s
2025-04-08 13:50:03,691 - INFO - 迭代 85/500 | 阶段: evolutionary learning | 最佳完工时间: 1657.00 | 迭代耗时: 0.90s | 总耗时: 72.54s
2025-04-08 13:50:04,551 - INFO - 迭代 86/500 | 阶段: evolutionary learning | 最佳完工时间: 1657.00 | 迭代耗时: 0.86s | 总耗时: 73.39s
2025-04-08 13:50:05,456 - INFO - 迭代 87/500 | 阶段: evolutionary learning | 最佳完工时间: 1657.00 | 迭代耗时: 0.90s | 总耗时: 74.30s
2025-04-08 13:50:06,309 - INFO - EL找到新的最优解，完工时间: 1654.00
2025-04-08 13:50:06,310 - INFO - 迭代 88/500 | 阶段: evolutionary learning | 最佳完工时间: 1654.00 | 迭代耗时: 0.85s | 总耗时: 75.15s
2025-04-08 13:50:07,192 - INFO - EL找到新的最优解，完工时间: 1652.00
2025-04-08 13:50:07,193 - INFO - 迭代 89/500 | 阶段: evolutionary learning | 最佳完工时间: 1652.00 | 迭代耗时: 0.88s | 总耗时: 76.04s
2025-04-08 13:50:08,061 - INFO - EL找到新的最优解，完工时间: 1651.00
2025-04-08 13:50:08,061 - INFO - 迭代 90/500 | 阶段: evolutionary learning | 最佳完工时间: 1651.00 | 迭代耗时: 0.87s | 总耗时: 76.90s
2025-04-08 13:50:08,956 - INFO - 迭代 91/500 | 阶段: evolutionary learning | 最佳完工时间: 1651.00 | 迭代耗时: 0.89s | 总耗时: 77.80s
2025-04-08 13:50:09,822 - INFO - 迭代 92/500 | 阶段: evolutionary learning | 最佳完工时间: 1651.00 | 迭代耗时: 0.87s | 总耗时: 78.67s
2025-04-08 13:50:10,757 - INFO - 迭代 93/500 | 阶段: evolutionary learning | 最佳完工时间: 1651.00 | 迭代耗时: 0.94s | 总耗时: 79.60s
2025-04-08 13:50:11,644 - INFO - 迭代 94/500 | 阶段: evolutionary learning | 最佳完工时间: 1651.00 | 迭代耗时: 0.89s | 总耗时: 80.49s
2025-04-08 13:50:12,555 - INFO - 迭代 95/500 | 阶段: evolutionary learning | 最佳完工时间: 1651.00 | 迭代耗时: 0.91s | 总耗时: 81.40s
2025-04-08 13:50:13,490 - INFO - 迭代 96/500 | 阶段: evolutionary learning | 最佳完工时间: 1651.00 | 迭代耗时: 0.93s | 总耗时: 82.33s
2025-04-08 13:50:14,396 - INFO - 迭代 97/500 | 阶段: evolutionary learning | 最佳完工时间: 1651.00 | 迭代耗时: 0.91s | 总耗时: 83.24s
2025-04-08 13:50:15,322 - INFO - EL找到新的最优解，完工时间: 1649.00
2025-04-08 13:50:15,323 - INFO - 迭代 98/500 | 阶段: evolutionary learning | 最佳完工时间: 1649.00 | 迭代耗时: 0.93s | 总耗时: 84.17s
2025-04-08 13:50:16,290 - INFO - 迭代 99/500 | 阶段: evolutionary learning | 最佳完工时间: 1649.00 | 迭代耗时: 0.97s | 总耗时: 85.13s
2025-04-08 13:50:17,201 - INFO - 迭代 100/500 | 阶段: evolutionary learning | 最佳完工时间: 1649.00 | 迭代耗时: 0.91s | 总耗时: 86.04s
2025-04-08 13:50:18,059 - INFO - EL找到新的最优解，完工时间: 1648.00
2025-04-08 13:50:18,060 - INFO - 迭代 101/500 | 阶段: evolutionary learning | 最佳完工时间: 1648.00 | 迭代耗时: 0.86s | 总耗时: 86.90s
2025-04-08 13:50:18,996 - INFO - EL找到新的最优解，完工时间: 1647.00
2025-04-08 13:50:18,996 - INFO - 迭代 102/500 | 阶段: evolutionary learning | 最佳完工时间: 1647.00 | 迭代耗时: 0.94s | 总耗时: 87.84s
2025-04-08 13:50:19,906 - INFO - 迭代 103/500 | 阶段: evolutionary learning | 最佳完工时间: 1647.00 | 迭代耗时: 0.91s | 总耗时: 88.75s
2025-04-08 13:50:20,839 - INFO - EL找到新的最优解，完工时间: 1646.00
2025-04-08 13:50:20,840 - INFO - 迭代 104/500 | 阶段: evolutionary learning | 最佳完工时间: 1646.00 | 迭代耗时: 0.93s | 总耗时: 89.68s
2025-04-08 13:50:21,788 - INFO - 迭代 105/500 | 阶段: evolutionary learning | 最佳完工时间: 1646.00 | 迭代耗时: 0.95s | 总耗时: 90.63s
2025-04-08 13:50:22,730 - INFO - 迭代 106/500 | 阶段: evolutionary learning | 最佳完工时间: 1646.00 | 迭代耗时: 0.94s | 总耗时: 91.57s
2025-04-08 13:50:23,630 - INFO - EL找到新的最优解，完工时间: 1645.00
2025-04-08 13:50:23,632 - INFO - 迭代 107/500 | 阶段: evolutionary learning | 最佳完工时间: 1645.00 | 迭代耗时: 0.90s | 总耗时: 92.48s
2025-04-08 13:50:24,546 - INFO - 迭代 108/500 | 阶段: evolutionary learning | 最佳完工时间: 1645.00 | 迭代耗时: 0.91s | 总耗时: 93.39s
2025-04-08 13:50:25,435 - INFO - 迭代 109/500 | 阶段: evolutionary learning | 最佳完工时间: 1645.00 | 迭代耗时: 0.89s | 总耗时: 94.28s
2025-04-08 13:50:26,317 - INFO - 迭代 110/500 | 阶段: evolutionary learning | 最佳完工时间: 1645.00 | 迭代耗时: 0.88s | 总耗时: 95.16s
2025-04-08 13:50:27,189 - INFO - EL找到新的最优解，完工时间: 1643.00
2025-04-08 13:50:27,190 - INFO - 迭代 111/500 | 阶段: evolutionary learning | 最佳完工时间: 1643.00 | 迭代耗时: 0.87s | 总耗时: 96.03s
2025-04-08 13:50:28,124 - INFO - EL找到新的最优解，完工时间: 1642.00
2025-04-08 13:50:28,125 - INFO - 迭代 112/500 | 阶段: evolutionary learning | 最佳完工时间: 1642.00 | 迭代耗时: 0.94s | 总耗时: 96.97s
2025-04-08 13:50:29,006 - INFO - 迭代 113/500 | 阶段: evolutionary learning | 最佳完工时间: 1642.00 | 迭代耗时: 0.88s | 总耗时: 97.85s
2025-04-08 13:50:29,884 - INFO - EL找到新的最优解，完工时间: 1641.00
2025-04-08 13:50:29,884 - INFO - 迭代 114/500 | 阶段: evolutionary learning | 最佳完工时间: 1641.00 | 迭代耗时: 0.88s | 总耗时: 98.73s
2025-04-08 13:50:30,781 - INFO - 迭代 115/500 | 阶段: evolutionary learning | 最佳完工时间: 1641.00 | 迭代耗时: 0.90s | 总耗时: 99.62s
2025-04-08 13:50:31,690 - INFO - 迭代 116/500 | 阶段: evolutionary learning | 最佳完工时间: 1641.00 | 迭代耗时: 0.91s | 总耗时: 100.53s
2025-04-08 13:50:32,602 - INFO - EL找到新的最优解，完工时间: 1638.00
2025-04-08 13:50:32,602 - INFO - 迭代 117/500 | 阶段: evolutionary learning | 最佳完工时间: 1638.00 | 迭代耗时: 0.91s | 总耗时: 101.45s
2025-04-08 13:50:33,541 - INFO - EL找到新的最优解，完工时间: 1637.00
2025-04-08 13:50:33,542 - INFO - 迭代 118/500 | 阶段: evolutionary learning | 最佳完工时间: 1637.00 | 迭代耗时: 0.94s | 总耗时: 102.39s
2025-04-08 13:50:34,447 - INFO - 迭代 119/500 | 阶段: evolutionary learning | 最佳完工时间: 1637.00 | 迭代耗时: 0.90s | 总耗时: 103.29s
2025-04-08 13:50:35,382 - INFO - 迭代 120/500 | 阶段: evolutionary learning | 最佳完工时间: 1637.00 | 迭代耗时: 0.94s | 总耗时: 104.23s
2025-04-08 13:50:36,249 - INFO - 迭代 121/500 | 阶段: evolutionary learning | 最佳完工时间: 1637.00 | 迭代耗时: 0.87s | 总耗时: 105.09s
2025-04-08 13:50:37,136 - INFO - 迭代 122/500 | 阶段: evolutionary learning | 最佳完工时间: 1637.00 | 迭代耗时: 0.89s | 总耗时: 105.98s
2025-04-08 13:50:38,020 - INFO - 迭代 123/500 | 阶段: evolutionary learning | 最佳完工时间: 1637.00 | 迭代耗时: 0.88s | 总耗时: 106.86s
2025-04-08 13:50:38,867 - INFO - 迭代 124/500 | 阶段: evolutionary learning | 最佳完工时间: 1637.00 | 迭代耗时: 0.85s | 总耗时: 107.71s
2025-04-08 13:50:39,722 - INFO - 迭代 125/500 | 阶段: evolutionary learning | 最佳完工时间: 1637.00 | 迭代耗时: 0.85s | 总耗时: 108.57s
2025-04-08 13:50:40,614 - INFO - 迭代 126/500 | 阶段: evolutionary learning | 最佳完工时间: 1637.00 | 迭代耗时: 0.89s | 总耗时: 109.46s
2025-04-08 13:50:41,516 - INFO - EL找到新的最优解，完工时间: 1636.00
2025-04-08 13:50:41,516 - INFO - 迭代 127/500 | 阶段: evolutionary learning | 最佳完工时间: 1636.00 | 迭代耗时: 0.90s | 总耗时: 110.36s
2025-04-08 13:50:42,385 - INFO - 迭代 128/500 | 阶段: evolutionary learning | 最佳完工时间: 1636.00 | 迭代耗时: 0.87s | 总耗时: 111.23s
2025-04-08 13:50:43,253 - INFO - 迭代 129/500 | 阶段: evolutionary learning | 最佳完工时间: 1636.00 | 迭代耗时: 0.87s | 总耗时: 112.10s
2025-04-08 13:50:44,124 - INFO - EL找到新的最优解，完工时间: 1634.00
2025-04-08 13:50:44,124 - INFO - 迭代 130/500 | 阶段: evolutionary learning | 最佳完工时间: 1634.00 | 迭代耗时: 0.87s | 总耗时: 112.97s
2025-04-08 13:50:44,975 - INFO - EL找到新的最优解，完工时间: 1633.00
2025-04-08 13:50:44,977 - INFO - 迭代 131/500 | 阶段: evolutionary learning | 最佳完工时间: 1633.00 | 迭代耗时: 0.85s | 总耗时: 113.82s
2025-04-08 13:50:45,856 - INFO - EL找到新的最优解，完工时间: 1632.00
2025-04-08 13:50:45,857 - INFO - 迭代 132/500 | 阶段: evolutionary learning | 最佳完工时间: 1632.00 | 迭代耗时: 0.88s | 总耗时: 114.70s
2025-04-08 13:50:46,757 - INFO - EL找到新的最优解，完工时间: 1631.00
2025-04-08 13:50:46,758 - INFO - 迭代 133/500 | 阶段: evolutionary learning | 最佳完工时间: 1631.00 | 迭代耗时: 0.90s | 总耗时: 115.60s
2025-04-08 13:50:47,647 - INFO - 迭代 134/500 | 阶段: evolutionary learning | 最佳完工时间: 1631.00 | 迭代耗时: 0.89s | 总耗时: 116.49s
2025-04-08 13:50:48,539 - INFO - EL找到新的最优解，完工时间: 1630.00
2025-04-08 13:50:48,539 - INFO - 迭代 135/500 | 阶段: evolutionary learning | 最佳完工时间: 1630.00 | 迭代耗时: 0.89s | 总耗时: 117.38s
2025-04-08 13:50:49,467 - INFO - 迭代 136/500 | 阶段: evolutionary learning | 最佳完工时间: 1630.00 | 迭代耗时: 0.93s | 总耗时: 118.31s
2025-04-08 13:50:50,415 - INFO - 迭代 137/500 | 阶段: evolutionary learning | 最佳完工时间: 1630.00 | 迭代耗时: 0.95s | 总耗时: 119.26s
2025-04-08 13:50:51,290 - INFO - 迭代 138/500 | 阶段: evolutionary learning | 最佳完工时间: 1630.00 | 迭代耗时: 0.87s | 总耗时: 120.13s
2025-04-08 13:50:52,141 - INFO - EL找到新的最优解，完工时间: 1629.00
2025-04-08 13:50:52,142 - INFO - 迭代 139/500 | 阶段: evolutionary learning | 最佳完工时间: 1629.00 | 迭代耗时: 0.85s | 总耗时: 120.99s
2025-04-08 13:50:53,024 - INFO - 迭代 140/500 | 阶段: evolutionary learning | 最佳完工时间: 1629.00 | 迭代耗时: 0.88s | 总耗时: 121.87s
2025-04-08 13:50:53,858 - INFO - EL找到新的最优解，完工时间: 1627.00
2025-04-08 13:50:53,859 - INFO - 迭代 141/500 | 阶段: evolutionary learning | 最佳完工时间: 1627.00 | 迭代耗时: 0.83s | 总耗时: 122.70s
2025-04-08 13:50:54,744 - INFO - 迭代 142/500 | 阶段: evolutionary learning | 最佳完工时间: 1627.00 | 迭代耗时: 0.89s | 总耗时: 123.59s
2025-04-08 13:50:55,627 - INFO - 迭代 143/500 | 阶段: evolutionary learning | 最佳完工时间: 1627.00 | 迭代耗时: 0.88s | 总耗时: 124.47s
2025-04-08 13:50:56,549 - INFO - EL找到新的最优解，完工时间: 1622.00
2025-04-08 13:50:56,549 - INFO - 迭代 144/500 | 阶段: evolutionary learning | 最佳完工时间: 1622.00 | 迭代耗时: 0.92s | 总耗时: 125.39s
2025-04-08 13:50:57,442 - INFO - 迭代 145/500 | 阶段: evolutionary learning | 最佳完工时间: 1622.00 | 迭代耗时: 0.89s | 总耗时: 126.29s
2025-04-08 13:50:58,312 - INFO - 迭代 146/500 | 阶段: evolutionary learning | 最佳完工时间: 1622.00 | 迭代耗时: 0.87s | 总耗时: 127.16s
2025-04-08 13:50:59,191 - INFO - 迭代 147/500 | 阶段: evolutionary learning | 最佳完工时间: 1622.00 | 迭代耗时: 0.88s | 总耗时: 128.03s
2025-04-08 13:51:00,067 - INFO - EL找到新的最优解，完工时间: 1618.00
2025-04-08 13:51:00,067 - INFO - 迭代 148/500 | 阶段: evolutionary learning | 最佳完工时间: 1618.00 | 迭代耗时: 0.88s | 总耗时: 128.91s
2025-04-08 13:51:00,938 - INFO - 迭代 149/500 | 阶段: evolutionary learning | 最佳完工时间: 1618.00 | 迭代耗时: 0.87s | 总耗时: 129.78s
2025-04-08 13:51:01,852 - INFO - 迭代 150/500 | 阶段: evolutionary learning | 最佳完工时间: 1618.00 | 迭代耗时: 0.91s | 总耗时: 130.70s
2025-04-08 13:51:02,791 - INFO - 迭代 151/500 | 阶段: evolutionary learning | 最佳完工时间: 1618.00 | 迭代耗时: 0.94s | 总耗时: 131.63s
2025-04-08 13:51:03,674 - INFO - 迭代 152/500 | 阶段: evolutionary learning | 最佳完工时间: 1618.00 | 迭代耗时: 0.88s | 总耗时: 132.52s
2025-04-08 13:51:04,547 - INFO - 迭代 153/500 | 阶段: evolutionary learning | 最佳完工时间: 1618.00 | 迭代耗时: 0.87s | 总耗时: 133.39s
2025-04-08 13:51:05,418 - INFO - 迭代 154/500 | 阶段: evolutionary learning | 最佳完工时间: 1618.00 | 迭代耗时: 0.87s | 总耗时: 134.26s
2025-04-08 13:51:06,278 - INFO - EL找到新的最优解，完工时间: 1617.00
2025-04-08 13:51:06,278 - INFO - 迭代 155/500 | 阶段: evolutionary learning | 最佳完工时间: 1617.00 | 迭代耗时: 0.86s | 总耗时: 135.12s
2025-04-08 13:51:07,194 - INFO - 迭代 156/500 | 阶段: evolutionary learning | 最佳完工时间: 1617.00 | 迭代耗时: 0.91s | 总耗时: 136.04s
2025-04-08 13:51:08,067 - INFO - 迭代 157/500 | 阶段: evolutionary learning | 最佳完工时间: 1617.00 | 迭代耗时: 0.87s | 总耗时: 136.91s
2025-04-08 13:51:08,979 - INFO - 迭代 158/500 | 阶段: evolutionary learning | 最佳完工时间: 1617.00 | 迭代耗时: 0.91s | 总耗时: 137.82s
2025-04-08 13:51:09,879 - INFO - 迭代 159/500 | 阶段: evolutionary learning | 最佳完工时间: 1617.00 | 迭代耗时: 0.90s | 总耗时: 138.72s
2025-04-08 13:51:10,787 - INFO - 迭代 160/500 | 阶段: evolutionary learning | 最佳完工时间: 1617.00 | 迭代耗时: 0.91s | 总耗时: 139.63s
2025-04-08 13:51:11,658 - INFO - 迭代 161/500 | 阶段: evolutionary learning | 最佳完工时间: 1617.00 | 迭代耗时: 0.87s | 总耗时: 140.50s
2025-04-08 13:51:12,603 - INFO - EL找到新的最优解，完工时间: 1614.00
2025-04-08 13:51:12,603 - INFO - 迭代 162/500 | 阶段: evolutionary learning | 最佳完工时间: 1614.00 | 迭代耗时: 0.94s | 总耗时: 141.45s
2025-04-08 13:51:13,488 - INFO - 迭代 163/500 | 阶段: evolutionary learning | 最佳完工时间: 1614.00 | 迭代耗时: 0.89s | 总耗时: 142.33s
2025-04-08 13:51:14,399 - INFO - 迭代 164/500 | 阶段: evolutionary learning | 最佳完工时间: 1614.00 | 迭代耗时: 0.91s | 总耗时: 143.24s
2025-04-08 13:51:15,256 - INFO - EL找到新的最优解，完工时间: 1612.00
2025-04-08 13:51:15,256 - INFO - 迭代 165/500 | 阶段: evolutionary learning | 最佳完工时间: 1612.00 | 迭代耗时: 0.86s | 总耗时: 144.10s
2025-04-08 13:51:16,136 - INFO - 迭代 166/500 | 阶段: evolutionary learning | 最佳完工时间: 1612.00 | 迭代耗时: 0.88s | 总耗时: 144.98s
2025-04-08 13:51:17,047 - INFO - EL找到新的最优解，完工时间: 1608.00
2025-04-08 13:51:17,047 - INFO - 迭代 167/500 | 阶段: evolutionary learning | 最佳完工时间: 1608.00 | 迭代耗时: 0.91s | 总耗时: 145.89s
2025-04-08 13:51:17,967 - INFO - 迭代 168/500 | 阶段: evolutionary learning | 最佳完工时间: 1608.00 | 迭代耗时: 0.92s | 总耗时: 146.81s
2025-04-08 13:51:18,894 - INFO - 迭代 169/500 | 阶段: evolutionary learning | 最佳完工时间: 1608.00 | 迭代耗时: 0.93s | 总耗时: 147.74s
2025-04-08 13:51:19,771 - INFO - 迭代 170/500 | 阶段: evolutionary learning | 最佳完工时间: 1608.00 | 迭代耗时: 0.88s | 总耗时: 148.61s
2025-04-08 13:51:20,765 - INFO - 迭代 171/500 | 阶段: evolutionary learning | 最佳完工时间: 1608.00 | 迭代耗时: 0.99s | 总耗时: 149.61s
2025-04-08 13:51:21,700 - INFO - 迭代 172/500 | 阶段: evolutionary learning | 最佳完工时间: 1608.00 | 迭代耗时: 0.93s | 总耗时: 150.54s
2025-04-08 13:51:22,613 - INFO - 迭代 173/500 | 阶段: evolutionary learning | 最佳完工时间: 1608.00 | 迭代耗时: 0.91s | 总耗时: 151.46s
2025-04-08 13:51:23,531 - INFO - 迭代 174/500 | 阶段: evolutionary learning | 最佳完工时间: 1608.00 | 迭代耗时: 0.92s | 总耗时: 152.38s
2025-04-08 13:51:24,433 - INFO - 迭代 175/500 | 阶段: evolutionary learning | 最佳完工时间: 1608.00 | 迭代耗时: 0.90s | 总耗时: 153.28s
2025-04-08 13:51:25,326 - INFO - 迭代 176/500 | 阶段: evolutionary learning | 最佳完工时间: 1608.00 | 迭代耗时: 0.89s | 总耗时: 154.17s
2025-04-08 13:51:26,240 - INFO - EL找到新的最优解，完工时间: 1606.00
2025-04-08 13:51:26,240 - INFO - 迭代 177/500 | 阶段: evolutionary learning | 最佳完工时间: 1606.00 | 迭代耗时: 0.91s | 总耗时: 155.08s
2025-04-08 13:51:27,133 - INFO - 迭代 178/500 | 阶段: evolutionary learning | 最佳完工时间: 1606.00 | 迭代耗时: 0.89s | 总耗时: 155.98s
2025-04-08 13:51:28,024 - INFO - 迭代 179/500 | 阶段: evolutionary learning | 最佳完工时间: 1606.00 | 迭代耗时: 0.89s | 总耗时: 156.87s
2025-04-08 13:51:28,908 - INFO - 迭代 180/500 | 阶段: evolutionary learning | 最佳完工时间: 1606.00 | 迭代耗时: 0.88s | 总耗时: 157.75s
2025-04-08 13:51:29,788 - INFO - 迭代 181/500 | 阶段: evolutionary learning | 最佳完工时间: 1606.00 | 迭代耗时: 0.88s | 总耗时: 158.63s
2025-04-08 13:51:30,671 - INFO - 迭代 182/500 | 阶段: evolutionary learning | 最佳完工时间: 1606.00 | 迭代耗时: 0.88s | 总耗时: 159.51s
2025-04-08 13:51:31,504 - INFO - 迭代 183/500 | 阶段: evolutionary learning | 最佳完工时间: 1606.00 | 迭代耗时: 0.83s | 总耗时: 160.35s
2025-04-08 13:51:32,384 - INFO - 迭代 184/500 | 阶段: evolutionary learning | 最佳完工时间: 1606.00 | 迭代耗时: 0.88s | 总耗时: 161.23s
2025-04-08 13:51:33,232 - INFO - 迭代 185/500 | 阶段: evolutionary learning | 最佳完工时间: 1606.00 | 迭代耗时: 0.85s | 总耗时: 162.08s
2025-04-08 13:51:34,092 - INFO - 迭代 186/500 | 阶段: evolutionary learning | 最佳完工时间: 1606.00 | 迭代耗时: 0.86s | 总耗时: 162.94s
2025-04-08 13:51:34,978 - INFO - 迭代 187/500 | 阶段: evolutionary learning | 最佳完工时间: 1606.00 | 迭代耗时: 0.89s | 总耗时: 163.82s
2025-04-08 13:51:35,918 - INFO - 迭代 188/500 | 阶段: evolutionary learning | 最佳完工时间: 1606.00 | 迭代耗时: 0.94s | 总耗时: 164.76s
2025-04-08 13:51:36,810 - INFO - 迭代 189/500 | 阶段: evolutionary learning | 最佳完工时间: 1606.00 | 迭代耗时: 0.89s | 总耗时: 165.65s
2025-04-08 13:51:37,740 - INFO - 迭代 190/500 | 阶段: evolutionary learning | 最佳完工时间: 1606.00 | 迭代耗时: 0.93s | 总耗时: 166.58s
2025-04-08 13:51:38,666 - INFO - 迭代 191/500 | 阶段: evolutionary learning | 最佳完工时间: 1606.00 | 迭代耗时: 0.93s | 总耗时: 167.51s
2025-04-08 13:51:39,618 - INFO - EL找到新的最优解，完工时间: 1605.00
2025-04-08 13:51:39,618 - INFO - 迭代 192/500 | 阶段: evolutionary learning | 最佳完工时间: 1605.00 | 迭代耗时: 0.95s | 总耗时: 168.46s
2025-04-08 13:51:40,523 - INFO - 迭代 193/500 | 阶段: evolutionary learning | 最佳完工时间: 1605.00 | 迭代耗时: 0.91s | 总耗时: 169.37s
2025-04-08 13:51:41,420 - INFO - EL找到新的最优解，完工时间: 1603.00
2025-04-08 13:51:41,420 - INFO - 迭代 194/500 | 阶段: evolutionary learning | 最佳完工时间: 1603.00 | 迭代耗时: 0.90s | 总耗时: 170.26s
2025-04-08 13:51:42,275 - INFO - EL找到新的最优解，完工时间: 1598.00
2025-04-08 13:51:42,275 - INFO - 迭代 195/500 | 阶段: evolutionary learning | 最佳完工时间: 1598.00 | 迭代耗时: 0.85s | 总耗时: 171.12s
2025-04-08 13:51:43,116 - INFO - 迭代 196/500 | 阶段: evolutionary learning | 最佳完工时间: 1598.00 | 迭代耗时: 0.84s | 总耗时: 171.96s
2025-04-08 13:51:43,972 - INFO - 迭代 197/500 | 阶段: evolutionary learning | 最佳完工时间: 1598.00 | 迭代耗时: 0.85s | 总耗时: 172.82s
2025-04-08 13:51:44,825 - INFO - 迭代 198/500 | 阶段: evolutionary learning | 最佳完工时间: 1598.00 | 迭代耗时: 0.85s | 总耗时: 173.67s
2025-04-08 13:51:45,684 - INFO - 迭代 199/500 | 阶段: evolutionary learning | 最佳完工时间: 1598.00 | 迭代耗时: 0.86s | 总耗时: 174.53s
2025-04-08 13:51:46,553 - INFO - 迭代 200/500 | 阶段: evolutionary learning | 最佳完工时间: 1598.00 | 迭代耗时: 0.87s | 总耗时: 175.40s
2025-04-08 13:51:47,437 - INFO - 迭代 201/500 | 阶段: evolutionary learning | 最佳完工时间: 1598.00 | 迭代耗时: 0.88s | 总耗时: 176.28s
2025-04-08 13:51:48,306 - INFO - 迭代 202/500 | 阶段: evolutionary learning | 最佳完工时间: 1598.00 | 迭代耗时: 0.87s | 总耗时: 177.15s
2025-04-08 13:51:49,165 - INFO - 迭代 203/500 | 阶段: evolutionary learning | 最佳完工时间: 1598.00 | 迭代耗时: 0.86s | 总耗时: 178.01s
2025-04-08 13:51:50,030 - INFO - 迭代 204/500 | 阶段: evolutionary learning | 最佳完工时间: 1598.00 | 迭代耗时: 0.87s | 总耗时: 178.87s
2025-04-08 13:51:50,900 - INFO - 迭代 205/500 | 阶段: evolutionary learning | 最佳完工时间: 1598.00 | 迭代耗时: 0.87s | 总耗时: 179.74s
2025-04-08 13:51:51,781 - INFO - 迭代 206/500 | 阶段: evolutionary learning | 最佳完工时间: 1598.00 | 迭代耗时: 0.88s | 总耗时: 180.63s
2025-04-08 13:51:52,667 - INFO - 迭代 207/500 | 阶段: evolutionary learning | 最佳完工时间: 1598.00 | 迭代耗时: 0.89s | 总耗时: 181.51s
2025-04-08 13:51:53,514 - INFO - 迭代 208/500 | 阶段: evolutionary learning | 最佳完工时间: 1598.00 | 迭代耗时: 0.85s | 总耗时: 182.36s
2025-04-08 13:51:54,384 - INFO - 迭代 209/500 | 阶段: evolutionary learning | 最佳完工时间: 1598.00 | 迭代耗时: 0.87s | 总耗时: 183.23s
2025-04-08 13:51:55,254 - INFO - 迭代 210/500 | 阶段: evolutionary learning | 最佳完工时间: 1598.00 | 迭代耗时: 0.87s | 总耗时: 184.10s
2025-04-08 13:51:56,116 - INFO - 迭代 211/500 | 阶段: evolutionary learning | 最佳完工时间: 1598.00 | 迭代耗时: 0.86s | 总耗时: 184.96s
2025-04-08 13:51:56,992 - INFO - 迭代 212/500 | 阶段: evolutionary learning | 最佳完工时间: 1598.00 | 迭代耗时: 0.88s | 总耗时: 185.84s
2025-04-08 13:51:57,857 - INFO - 迭代 213/500 | 阶段: evolutionary learning | 最佳完工时间: 1598.00 | 迭代耗时: 0.86s | 总耗时: 186.70s
2025-04-08 13:51:58,709 - INFO - 迭代 214/500 | 阶段: evolutionary learning | 最佳完工时间: 1598.00 | 迭代耗时: 0.85s | 总耗时: 187.55s
2025-04-08 13:51:59,587 - INFO - 迭代 215/500 | 阶段: evolutionary learning | 最佳完工时间: 1598.00 | 迭代耗时: 0.88s | 总耗时: 188.43s
2025-04-08 13:52:00,463 - INFO - 迭代 216/500 | 阶段: evolutionary learning | 最佳完工时间: 1598.00 | 迭代耗时: 0.88s | 总耗时: 189.31s
2025-04-08 13:52:01,292 - INFO - 迭代 217/500 | 阶段: evolutionary learning | 最佳完工时间: 1598.00 | 迭代耗时: 0.83s | 总耗时: 190.14s
2025-04-08 13:52:02,142 - INFO - 迭代 218/500 | 阶段: evolutionary learning | 最佳完工时间: 1598.00 | 迭代耗时: 0.85s | 总耗时: 190.99s
2025-04-08 13:52:02,995 - INFO - 迭代 219/500 | 阶段: evolutionary learning | 最佳完工时间: 1598.00 | 迭代耗时: 0.85s | 总耗时: 191.84s
2025-04-08 13:52:03,842 - INFO - 迭代 220/500 | 阶段: evolutionary learning | 最佳完工时间: 1598.00 | 迭代耗时: 0.85s | 总耗时: 192.69s
2025-04-08 13:52:04,677 - INFO - 迭代 221/500 | 阶段: evolutionary learning | 最佳完工时间: 1598.00 | 迭代耗时: 0.83s | 总耗时: 193.52s
2025-04-08 13:52:05,521 - INFO - 迭代 222/500 | 阶段: evolutionary learning | 最佳完工时间: 1598.00 | 迭代耗时: 0.84s | 总耗时: 194.36s
2025-04-08 13:52:06,347 - INFO - 迭代 223/500 | 阶段: evolutionary learning | 最佳完工时间: 1598.00 | 迭代耗时: 0.83s | 总耗时: 195.19s
2025-04-08 13:52:07,210 - INFO - 迭代 224/500 | 阶段: evolutionary learning | 最佳完工时间: 1598.00 | 迭代耗时: 0.86s | 总耗时: 196.05s
2025-04-08 13:52:08,086 - INFO - 迭代 225/500 | 阶段: evolutionary learning | 最佳完工时间: 1598.00 | 迭代耗时: 0.88s | 总耗时: 196.93s
2025-04-08 13:52:08,947 - INFO - 迭代 226/500 | 阶段: evolutionary learning | 最佳完工时间: 1598.00 | 迭代耗时: 0.86s | 总耗时: 197.79s
2025-04-08 13:52:09,813 - INFO - 迭代 227/500 | 阶段: evolutionary learning | 最佳完工时间: 1598.00 | 迭代耗时: 0.87s | 总耗时: 198.66s
2025-04-08 13:52:10,647 - INFO - 迭代 228/500 | 阶段: evolutionary learning | 最佳完工时间: 1598.00 | 迭代耗时: 0.83s | 总耗时: 199.49s
2025-04-08 13:52:11,509 - INFO - 迭代 229/500 | 阶段: evolutionary learning | 最佳完工时间: 1598.00 | 迭代耗时: 0.86s | 总耗时: 200.35s
2025-04-08 13:52:12,373 - INFO - 迭代 230/500 | 阶段: evolutionary learning | 最佳完工时间: 1598.00 | 迭代耗时: 0.86s | 总耗时: 201.22s
2025-04-08 13:52:13,239 - INFO - EL找到新的最优解，完工时间: 1595.00
2025-04-08 13:52:13,239 - INFO - 迭代 231/500 | 阶段: evolutionary learning | 最佳完工时间: 1595.00 | 迭代耗时: 0.87s | 总耗时: 202.08s
2025-04-08 13:52:14,118 - INFO - 迭代 232/500 | 阶段: evolutionary learning | 最佳完工时间: 1595.00 | 迭代耗时: 0.88s | 总耗时: 202.96s
2025-04-08 13:52:14,983 - INFO - 迭代 233/500 | 阶段: evolutionary learning | 最佳完工时间: 1595.00 | 迭代耗时: 0.87s | 总耗时: 203.83s
2025-04-08 13:52:15,879 - INFO - 迭代 234/500 | 阶段: evolutionary learning | 最佳完工时间: 1595.00 | 迭代耗时: 0.90s | 总耗时: 204.72s
2025-04-08 13:52:16,755 - INFO - EL找到新的最优解，完工时间: 1591.00
2025-04-08 13:52:16,756 - INFO - 迭代 235/500 | 阶段: evolutionary learning | 最佳完工时间: 1591.00 | 迭代耗时: 0.88s | 总耗时: 205.60s
2025-04-08 13:52:17,661 - INFO - EL找到新的最优解，完工时间: 1589.00
2025-04-08 13:52:17,661 - INFO - 迭代 236/500 | 阶段: evolutionary learning | 最佳完工时间: 1589.00 | 迭代耗时: 0.91s | 总耗时: 206.51s
2025-04-08 13:52:18,546 - INFO - 迭代 237/500 | 阶段: evolutionary learning | 最佳完工时间: 1589.00 | 迭代耗时: 0.88s | 总耗时: 207.39s
2025-04-08 13:52:19,441 - INFO - 迭代 238/500 | 阶段: evolutionary learning | 最佳完工时间: 1589.00 | 迭代耗时: 0.89s | 总耗时: 208.28s
2025-04-08 13:52:20,351 - INFO - 迭代 239/500 | 阶段: evolutionary learning | 最佳完工时间: 1589.00 | 迭代耗时: 0.91s | 总耗时: 209.19s
2025-04-08 13:52:21,260 - INFO - 迭代 240/500 | 阶段: evolutionary learning | 最佳完工时间: 1589.00 | 迭代耗时: 0.91s | 总耗时: 210.10s
2025-04-08 13:52:22,147 - INFO - 迭代 241/500 | 阶段: evolutionary learning | 最佳完工时间: 1589.00 | 迭代耗时: 0.89s | 总耗时: 210.99s
2025-04-08 13:52:23,079 - INFO - 迭代 242/500 | 阶段: evolutionary learning | 最佳完工时间: 1589.00 | 迭代耗时: 0.93s | 总耗时: 211.92s
2025-04-08 13:52:23,996 - INFO - 迭代 243/500 | 阶段: evolutionary learning | 最佳完工时间: 1589.00 | 迭代耗时: 0.92s | 总耗时: 212.84s
2025-04-08 13:52:24,909 - INFO - 迭代 244/500 | 阶段: evolutionary learning | 最佳完工时间: 1589.00 | 迭代耗时: 0.91s | 总耗时: 213.75s
2025-04-08 13:52:25,826 - INFO - 迭代 245/500 | 阶段: evolutionary learning | 最佳完工时间: 1589.00 | 迭代耗时: 0.92s | 总耗时: 214.67s
2025-04-08 13:52:26,730 - INFO - 迭代 246/500 | 阶段: evolutionary learning | 最佳完工时间: 1589.00 | 迭代耗时: 0.90s | 总耗时: 215.57s
2025-04-08 13:52:27,630 - INFO - 迭代 247/500 | 阶段: evolutionary learning | 最佳完工时间: 1589.00 | 迭代耗时: 0.90s | 总耗时: 216.47s
2025-04-08 13:52:28,512 - INFO - 迭代 248/500 | 阶段: evolutionary learning | 最佳完工时间: 1589.00 | 迭代耗时: 0.88s | 总耗时: 217.36s
2025-04-08 13:52:29,375 - INFO - 迭代 249/500 | 阶段: evolutionary learning | 最佳完工时间: 1589.00 | 迭代耗时: 0.86s | 总耗时: 218.22s
2025-04-08 13:52:30,275 - INFO - 迭代 250/500 | 阶段: evolutionary learning | 最佳完工时间: 1589.00 | 迭代耗时: 0.90s | 总耗时: 219.12s
2025-04-08 13:52:31,145 - INFO - 迭代 251/500 | 阶段: evolutionary learning | 最佳完工时间: 1589.00 | 迭代耗时: 0.87s | 总耗时: 219.99s
2025-04-08 13:52:32,036 - INFO - 迭代 252/500 | 阶段: evolutionary learning | 最佳完工时间: 1589.00 | 迭代耗时: 0.89s | 总耗时: 220.88s
2025-04-08 13:52:32,971 - INFO - 迭代 253/500 | 阶段: evolutionary learning | 最佳完工时间: 1589.00 | 迭代耗时: 0.93s | 总耗时: 221.81s
2025-04-08 13:52:33,876 - INFO - 迭代 254/500 | 阶段: evolutionary learning | 最佳完工时间: 1589.00 | 迭代耗时: 0.91s | 总耗时: 222.72s
2025-04-08 13:52:34,764 - INFO - EL找到新的最优解，完工时间: 1588.00
2025-04-08 13:52:34,765 - INFO - 迭代 255/500 | 阶段: evolutionary learning | 最佳完工时间: 1588.00 | 迭代耗时: 0.89s | 总耗时: 223.61s
2025-04-08 13:52:35,637 - INFO - EL找到新的最优解，完工时间: 1587.00
2025-04-08 13:52:35,638 - INFO - 迭代 256/500 | 阶段: evolutionary learning | 最佳完工时间: 1587.00 | 迭代耗时: 0.87s | 总耗时: 224.48s
2025-04-08 13:52:36,505 - INFO - EL找到新的最优解，完工时间: 1579.00
2025-04-08 13:52:36,505 - INFO - 迭代 257/500 | 阶段: evolutionary learning | 最佳完工时间: 1579.00 | 迭代耗时: 0.87s | 总耗时: 225.35s
2025-04-08 13:52:37,414 - INFO - 迭代 258/500 | 阶段: evolutionary learning | 最佳完工时间: 1579.00 | 迭代耗时: 0.91s | 总耗时: 226.26s
2025-04-08 13:52:38,340 - INFO - 迭代 259/500 | 阶段: evolutionary learning | 最佳完工时间: 1579.00 | 迭代耗时: 0.93s | 总耗时: 227.18s
2025-04-08 13:52:39,234 - INFO - 迭代 260/500 | 阶段: evolutionary learning | 最佳完工时间: 1579.00 | 迭代耗时: 0.89s | 总耗时: 228.08s
2025-04-08 13:52:40,137 - INFO - EL找到新的最优解，完工时间: 1572.00
2025-04-08 13:52:40,137 - INFO - 迭代 261/500 | 阶段: evolutionary learning | 最佳完工时间: 1572.00 | 迭代耗时: 0.90s | 总耗时: 228.98s
2025-04-08 13:52:41,064 - INFO - 迭代 262/500 | 阶段: evolutionary learning | 最佳完工时间: 1572.00 | 迭代耗时: 0.93s | 总耗时: 229.91s
2025-04-08 13:52:41,945 - INFO - 迭代 263/500 | 阶段: evolutionary learning | 最佳完工时间: 1572.00 | 迭代耗时: 0.88s | 总耗时: 230.79s
2025-04-08 13:52:42,858 - INFO - 迭代 264/500 | 阶段: evolutionary learning | 最佳完工时间: 1572.00 | 迭代耗时: 0.91s | 总耗时: 231.70s
2025-04-08 13:52:43,791 - INFO - 迭代 265/500 | 阶段: evolutionary learning | 最佳完工时间: 1572.00 | 迭代耗时: 0.93s | 总耗时: 232.63s
2025-04-08 13:52:44,735 - INFO - 迭代 266/500 | 阶段: evolutionary learning | 最佳完工时间: 1572.00 | 迭代耗时: 0.94s | 总耗时: 233.58s
2025-04-08 13:52:45,685 - INFO - 迭代 267/500 | 阶段: evolutionary learning | 最佳完工时间: 1572.00 | 迭代耗时: 0.95s | 总耗时: 234.53s
2025-04-08 13:52:46,574 - INFO - 迭代 268/500 | 阶段: evolutionary learning | 最佳完工时间: 1572.00 | 迭代耗时: 0.89s | 总耗时: 235.42s
2025-04-08 13:52:47,441 - INFO - 迭代 269/500 | 阶段: evolutionary learning | 最佳完工时间: 1572.00 | 迭代耗时: 0.87s | 总耗时: 236.28s
2025-04-08 13:52:48,330 - INFO - 迭代 270/500 | 阶段: evolutionary learning | 最佳完工时间: 1572.00 | 迭代耗时: 0.89s | 总耗时: 237.17s
2025-04-08 13:52:49,223 - INFO - 迭代 271/500 | 阶段: evolutionary learning | 最佳完工时间: 1572.00 | 迭代耗时: 0.89s | 总耗时: 238.07s
2025-04-08 13:52:50,082 - INFO - 迭代 272/500 | 阶段: evolutionary learning | 最佳完工时间: 1572.00 | 迭代耗时: 0.86s | 总耗时: 238.93s
2025-04-08 13:52:50,943 - INFO - 迭代 273/500 | 阶段: evolutionary learning | 最佳完工时间: 1572.00 | 迭代耗时: 0.86s | 总耗时: 239.79s
2025-04-08 13:52:51,835 - INFO - 迭代 274/500 | 阶段: evolutionary learning | 最佳完工时间: 1572.00 | 迭代耗时: 0.89s | 总耗时: 240.68s
2025-04-08 13:52:52,756 - INFO - 迭代 275/500 | 阶段: evolutionary learning | 最佳完工时间: 1572.00 | 迭代耗时: 0.92s | 总耗时: 241.60s
2025-04-08 13:52:53,658 - INFO - 迭代 276/500 | 阶段: evolutionary learning | 最佳完工时间: 1572.00 | 迭代耗时: 0.90s | 总耗时: 242.50s
2025-04-08 13:52:54,543 - INFO - 迭代 277/500 | 阶段: evolutionary learning | 最佳完工时间: 1572.00 | 迭代耗时: 0.88s | 总耗时: 243.39s
2025-04-08 13:52:55,412 - INFO - 迭代 278/500 | 阶段: evolutionary learning | 最佳完工时间: 1572.00 | 迭代耗时: 0.87s | 总耗时: 244.26s
2025-04-08 13:52:56,275 - INFO - 迭代 279/500 | 阶段: evolutionary learning | 最佳完工时间: 1572.00 | 迭代耗时: 0.86s | 总耗时: 245.12s
2025-04-08 13:52:57,197 - INFO - 迭代 280/500 | 阶段: evolutionary learning | 最佳完工时间: 1572.00 | 迭代耗时: 0.92s | 总耗时: 246.04s
2025-04-08 13:52:58,083 - INFO - 迭代 281/500 | 阶段: evolutionary learning | 最佳完工时间: 1572.00 | 迭代耗时: 0.89s | 总耗时: 246.93s
2025-04-08 13:52:58,982 - INFO - 迭代 282/500 | 阶段: evolutionary learning | 最佳完工时间: 1572.00 | 迭代耗时: 0.90s | 总耗时: 247.83s
2025-04-08 13:52:59,876 - INFO - 迭代 283/500 | 阶段: evolutionary learning | 最佳完工时间: 1572.00 | 迭代耗时: 0.89s | 总耗时: 248.72s
2025-04-08 13:53:00,750 - INFO - 迭代 284/500 | 阶段: evolutionary learning | 最佳完工时间: 1572.00 | 迭代耗时: 0.87s | 总耗时: 249.59s
2025-04-08 13:53:01,664 - INFO - 迭代 285/500 | 阶段: evolutionary learning | 最佳完工时间: 1572.00 | 迭代耗时: 0.91s | 总耗时: 250.51s
2025-04-08 13:53:02,612 - INFO - 迭代 286/500 | 阶段: evolutionary learning | 最佳完工时间: 1572.00 | 迭代耗时: 0.95s | 总耗时: 251.46s
2025-04-08 13:53:03,510 - INFO - 迭代 287/500 | 阶段: evolutionary learning | 最佳完工时间: 1572.00 | 迭代耗时: 0.90s | 总耗时: 252.35s
2025-04-08 13:53:04,375 - INFO - 迭代 288/500 | 阶段: evolutionary learning | 最佳完工时间: 1572.00 | 迭代耗时: 0.86s | 总耗时: 253.22s
2025-04-08 13:53:05,271 - INFO - 迭代 289/500 | 阶段: evolutionary learning | 最佳完工时间: 1572.00 | 迭代耗时: 0.90s | 总耗时: 254.11s
2025-04-08 13:53:06,161 - INFO - 迭代 290/500 | 阶段: evolutionary learning | 最佳完工时间: 1572.00 | 迭代耗时: 0.89s | 总耗时: 255.00s
2025-04-08 13:53:07,041 - INFO - 迭代 291/500 | 阶段: evolutionary learning | 最佳完工时间: 1572.00 | 迭代耗时: 0.88s | 总耗时: 255.88s
2025-04-08 13:53:07,950 - INFO - 迭代 292/500 | 阶段: evolutionary learning | 最佳完工时间: 1572.00 | 迭代耗时: 0.91s | 总耗时: 256.79s
2025-04-08 13:53:08,868 - INFO - 迭代 293/500 | 阶段: evolutionary learning | 最佳完工时间: 1572.00 | 迭代耗时: 0.92s | 总耗时: 257.71s
2025-04-08 13:53:09,749 - INFO - 迭代 294/500 | 阶段: evolutionary learning | 最佳完工时间: 1572.00 | 迭代耗时: 0.88s | 总耗时: 258.59s
2025-04-08 13:53:10,617 - INFO - 迭代 295/500 | 阶段: evolutionary learning | 最佳完工时间: 1572.00 | 迭代耗时: 0.87s | 总耗时: 259.46s
2025-04-08 13:53:11,545 - INFO - 迭代 296/500 | 阶段: evolutionary learning | 最佳完工时间: 1572.00 | 迭代耗时: 0.93s | 总耗时: 260.39s
2025-04-08 13:53:12,471 - INFO - 迭代 297/500 | 阶段: evolutionary learning | 最佳完工时间: 1572.00 | 迭代耗时: 0.93s | 总耗时: 261.31s
2025-04-08 13:53:13,384 - INFO - 迭代 298/500 | 阶段: evolutionary learning | 最佳完工时间: 1572.00 | 迭代耗时: 0.91s | 总耗时: 262.23s
2025-04-08 13:53:14,362 - INFO - 迭代 299/500 | 阶段: evolutionary learning | 最佳完工时间: 1572.00 | 迭代耗时: 0.98s | 总耗时: 263.21s
2025-04-08 13:53:15,262 - INFO - EL找到新的最优解，完工时间: 1566.00
2025-04-08 13:53:15,262 - INFO - 迭代 300/500 | 阶段: evolutionary learning | 最佳完工时间: 1566.00 | 迭代耗时: 0.90s | 总耗时: 264.11s
2025-04-08 13:53:16,224 - INFO - 迭代 301/500 | 阶段: evolutionary learning | 最佳完工时间: 1566.00 | 迭代耗时: 0.96s | 总耗时: 265.07s
2025-04-08 13:53:17,085 - INFO - EL找到新的最优解，完工时间: 1562.00
2025-04-08 13:53:17,085 - INFO - 迭代 302/500 | 阶段: evolutionary learning | 最佳完工时间: 1562.00 | 迭代耗时: 0.86s | 总耗时: 265.93s
2025-04-08 13:53:17,978 - INFO - 迭代 303/500 | 阶段: evolutionary learning | 最佳完工时间: 1562.00 | 迭代耗时: 0.89s | 总耗时: 266.82s
2025-04-08 13:53:18,886 - INFO - 迭代 304/500 | 阶段: evolutionary learning | 最佳完工时间: 1562.00 | 迭代耗时: 0.91s | 总耗时: 267.73s
2025-04-08 13:53:19,812 - INFO - 迭代 305/500 | 阶段: evolutionary learning | 最佳完工时间: 1562.00 | 迭代耗时: 0.93s | 总耗时: 268.66s
2025-04-08 13:53:20,712 - INFO - EL找到新的最优解，完工时间: 1561.00
2025-04-08 13:53:20,712 - INFO - 迭代 306/500 | 阶段: evolutionary learning | 最佳完工时间: 1561.00 | 迭代耗时: 0.90s | 总耗时: 269.56s
2025-04-08 13:53:21,603 - INFO - EL找到新的最优解，完工时间: 1560.00
2025-04-08 13:53:21,603 - INFO - 迭代 307/500 | 阶段: evolutionary learning | 最佳完工时间: 1560.00 | 迭代耗时: 0.89s | 总耗时: 270.45s
2025-04-08 13:53:22,470 - INFO - 迭代 308/500 | 阶段: evolutionary learning | 最佳完工时间: 1560.00 | 迭代耗时: 0.87s | 总耗时: 271.31s
2025-04-08 13:53:23,388 - INFO - 迭代 309/500 | 阶段: evolutionary learning | 最佳完工时间: 1560.00 | 迭代耗时: 0.92s | 总耗时: 272.23s
2025-04-08 13:53:24,362 - INFO - 迭代 310/500 | 阶段: evolutionary learning | 最佳完工时间: 1560.00 | 迭代耗时: 0.97s | 总耗时: 273.21s
2025-04-08 13:53:25,255 - INFO - 迭代 311/500 | 阶段: evolutionary learning | 最佳完工时间: 1560.00 | 迭代耗时: 0.89s | 总耗时: 274.10s
2025-04-08 13:53:26,188 - INFO - 迭代 312/500 | 阶段: evolutionary learning | 最佳完工时间: 1560.00 | 迭代耗时: 0.93s | 总耗时: 275.03s
2025-04-08 13:53:27,095 - INFO - 迭代 313/500 | 阶段: evolutionary learning | 最佳完工时间: 1560.00 | 迭代耗时: 0.91s | 总耗时: 275.94s
2025-04-08 13:53:28,009 - INFO - EL找到新的最优解，完工时间: 1559.00
2025-04-08 13:53:28,010 - INFO - 迭代 314/500 | 阶段: evolutionary learning | 最佳完工时间: 1559.00 | 迭代耗时: 0.91s | 总耗时: 276.85s
2025-04-08 13:53:28,887 - INFO - 迭代 315/500 | 阶段: evolutionary learning | 最佳完工时间: 1559.00 | 迭代耗时: 0.88s | 总耗时: 277.73s
2025-04-08 13:53:29,776 - INFO - EL找到新的最优解，完工时间: 1556.00
2025-04-08 13:53:29,778 - INFO - 迭代 316/500 | 阶段: evolutionary learning | 最佳完工时间: 1556.00 | 迭代耗时: 0.89s | 总耗时: 278.62s
2025-04-08 13:53:30,637 - INFO - 迭代 317/500 | 阶段: evolutionary learning | 最佳完工时间: 1556.00 | 迭代耗时: 0.86s | 总耗时: 279.48s
2025-04-08 13:53:31,549 - INFO - EL找到新的最优解，完工时间: 1554.00
2025-04-08 13:53:31,550 - INFO - 迭代 318/500 | 阶段: evolutionary learning | 最佳完工时间: 1554.00 | 迭代耗时: 0.91s | 总耗时: 280.39s
2025-04-08 13:53:32,461 - INFO - 迭代 319/500 | 阶段: evolutionary learning | 最佳完工时间: 1554.00 | 迭代耗时: 0.91s | 总耗时: 281.30s
2025-04-08 13:53:33,412 - INFO - EL找到新的最优解，完工时间: 1550.00
2025-04-08 13:53:33,412 - INFO - 迭代 320/500 | 阶段: evolutionary learning | 最佳完工时间: 1550.00 | 迭代耗时: 0.95s | 总耗时: 282.26s
2025-04-08 13:53:34,300 - INFO - 迭代 321/500 | 阶段: evolutionary learning | 最佳完工时间: 1550.00 | 迭代耗时: 0.89s | 总耗时: 283.14s
2025-04-08 13:53:35,210 - INFO - EL找到新的最优解，完工时间: 1549.00
2025-04-08 13:53:35,210 - INFO - 迭代 322/500 | 阶段: evolutionary learning | 最佳完工时间: 1549.00 | 迭代耗时: 0.91s | 总耗时: 284.05s
2025-04-08 13:53:36,132 - INFO - 迭代 323/500 | 阶段: evolutionary learning | 最佳完工时间: 1549.00 | 迭代耗时: 0.92s | 总耗时: 284.98s
2025-04-08 13:53:37,086 - INFO - 迭代 324/500 | 阶段: evolutionary learning | 最佳完工时间: 1549.00 | 迭代耗时: 0.95s | 总耗时: 285.93s
2025-04-08 13:53:38,000 - INFO - EL找到新的最优解，完工时间: 1547.00
2025-04-08 13:53:38,001 - INFO - 迭代 325/500 | 阶段: evolutionary learning | 最佳完工时间: 1547.00 | 迭代耗时: 0.91s | 总耗时: 286.84s
2025-04-08 13:53:38,944 - INFO - EL找到新的最优解，完工时间: 1546.00
2025-04-08 13:53:38,945 - INFO - 迭代 326/500 | 阶段: evolutionary learning | 最佳完工时间: 1546.00 | 迭代耗时: 0.94s | 总耗时: 287.79s
2025-04-08 13:53:39,844 - INFO - 迭代 327/500 | 阶段: evolutionary learning | 最佳完工时间: 1546.00 | 迭代耗时: 0.90s | 总耗时: 288.69s
2025-04-08 13:53:40,740 - INFO - 迭代 328/500 | 阶段: evolutionary learning | 最佳完工时间: 1546.00 | 迭代耗时: 0.89s | 总耗时: 289.58s
2025-04-08 13:53:41,667 - INFO - 迭代 329/500 | 阶段: evolutionary learning | 最佳完工时间: 1546.00 | 迭代耗时: 0.93s | 总耗时: 290.51s
2025-04-08 13:53:42,571 - INFO - 迭代 330/500 | 阶段: evolutionary learning | 最佳完工时间: 1546.00 | 迭代耗时: 0.90s | 总耗时: 291.41s
2025-04-08 13:53:43,463 - INFO - 迭代 331/500 | 阶段: evolutionary learning | 最佳完工时间: 1546.00 | 迭代耗时: 0.89s | 总耗时: 292.31s
2025-04-08 13:53:44,378 - INFO - 迭代 332/500 | 阶段: evolutionary learning | 最佳完工时间: 1546.00 | 迭代耗时: 0.91s | 总耗时: 293.22s
2025-04-08 13:53:45,309 - INFO - 迭代 333/500 | 阶段: evolutionary learning | 最佳完工时间: 1546.00 | 迭代耗时: 0.93s | 总耗时: 294.15s
2025-04-08 13:53:46,255 - INFO - 迭代 334/500 | 阶段: evolutionary learning | 最佳完工时间: 1546.00 | 迭代耗时: 0.95s | 总耗时: 295.10s
2025-04-08 13:53:47,195 - INFO - 迭代 335/500 | 阶段: evolutionary learning | 最佳完工时间: 1546.00 | 迭代耗时: 0.94s | 总耗时: 296.04s
2025-04-08 13:53:48,173 - INFO - 迭代 336/500 | 阶段: evolutionary learning | 最佳完工时间: 1546.00 | 迭代耗时: 0.98s | 总耗时: 297.02s
2025-04-08 13:53:49,225 - INFO - 迭代 337/500 | 阶段: evolutionary learning | 最佳完工时间: 1546.00 | 迭代耗时: 1.05s | 总耗时: 298.07s
2025-04-08 13:53:50,237 - INFO - 迭代 338/500 | 阶段: evolutionary learning | 最佳完工时间: 1546.00 | 迭代耗时: 1.01s | 总耗时: 299.08s
2025-04-08 13:53:51,262 - INFO - 迭代 339/500 | 阶段: evolutionary learning | 最佳完工时间: 1546.00 | 迭代耗时: 1.02s | 总耗时: 300.11s
2025-04-08 13:53:52,481 - INFO - 迭代 340/500 | 阶段: evolutionary learning | 最佳完工时间: 1546.00 | 迭代耗时: 1.22s | 总耗时: 301.33s
2025-04-08 13:53:53,672 - INFO - 迭代 341/500 | 阶段: evolutionary learning | 最佳完工时间: 1546.00 | 迭代耗时: 1.19s | 总耗时: 302.52s
2025-04-08 13:53:54,901 - INFO - 迭代 342/500 | 阶段: evolutionary learning | 最佳完工时间: 1546.00 | 迭代耗时: 1.23s | 总耗时: 303.75s
2025-04-08 13:53:56,047 - INFO - 迭代 343/500 | 阶段: evolutionary learning | 最佳完工时间: 1546.00 | 迭代耗时: 1.15s | 总耗时: 304.89s
2025-04-08 13:53:57,020 - INFO - 迭代 344/500 | 阶段: evolutionary learning | 最佳完工时间: 1546.00 | 迭代耗时: 0.97s | 总耗时: 305.86s
2025-04-08 13:53:58,009 - INFO - EL找到新的最优解，完工时间: 1545.00
2025-04-08 13:53:58,010 - INFO - 迭代 345/500 | 阶段: evolutionary learning | 最佳完工时间: 1545.00 | 迭代耗时: 0.99s | 总耗时: 306.85s
2025-04-08 13:53:59,094 - INFO - 迭代 346/500 | 阶段: evolutionary learning | 最佳完工时间: 1545.00 | 迭代耗时: 1.08s | 总耗时: 307.94s
2025-04-08 13:54:00,140 - INFO - 迭代 347/500 | 阶段: evolutionary learning | 最佳完工时间: 1545.00 | 迭代耗时: 1.05s | 总耗时: 308.98s
2025-04-08 13:54:01,101 - INFO - 迭代 348/500 | 阶段: evolutionary learning | 最佳完工时间: 1545.00 | 迭代耗时: 0.96s | 总耗时: 309.94s
2025-04-08 13:54:02,192 - INFO - 迭代 349/500 | 阶段: evolutionary learning | 最佳完工时间: 1545.00 | 迭代耗时: 1.09s | 总耗时: 311.04s
2025-04-08 13:54:03,374 - INFO - 迭代 350/500 | 阶段: evolutionary learning | 最佳完工时间: 1545.00 | 迭代耗时: 1.18s | 总耗时: 312.22s
2025-04-08 13:54:04,587 - INFO - EL找到新的最优解，完工时间: 1541.00
2025-04-08 13:54:04,587 - INFO - 迭代 351/500 | 阶段: evolutionary learning | 最佳完工时间: 1541.00 | 迭代耗时: 1.21s | 总耗时: 313.43s
2025-04-08 13:54:05,746 - INFO - 迭代 352/500 | 阶段: evolutionary learning | 最佳完工时间: 1541.00 | 迭代耗时: 1.16s | 总耗时: 314.59s
2025-04-08 13:54:06,849 - INFO - 迭代 353/500 | 阶段: evolutionary learning | 最佳完工时间: 1541.00 | 迭代耗时: 1.10s | 总耗时: 315.69s
2025-04-08 13:54:07,855 - INFO - 迭代 354/500 | 阶段: evolutionary learning | 最佳完工时间: 1541.00 | 迭代耗时: 1.01s | 总耗时: 316.70s
2025-04-08 13:54:08,805 - INFO - 迭代 355/500 | 阶段: evolutionary learning | 最佳完工时间: 1541.00 | 迭代耗时: 0.95s | 总耗时: 317.65s
2025-04-08 13:54:09,778 - INFO - 迭代 356/500 | 阶段: evolutionary learning | 最佳完工时间: 1541.00 | 迭代耗时: 0.97s | 总耗时: 318.62s
2025-04-08 13:54:10,776 - INFO - 迭代 357/500 | 阶段: evolutionary learning | 最佳完工时间: 1541.00 | 迭代耗时: 1.00s | 总耗时: 319.62s
2025-04-08 13:54:11,773 - INFO - 迭代 358/500 | 阶段: evolutionary learning | 最佳完工时间: 1541.00 | 迭代耗时: 1.00s | 总耗时: 320.62s
2025-04-08 13:54:12,710 - INFO - 迭代 359/500 | 阶段: evolutionary learning | 最佳完工时间: 1541.00 | 迭代耗时: 0.94s | 总耗时: 321.55s
2025-04-08 13:54:13,655 - INFO - 迭代 360/500 | 阶段: evolutionary learning | 最佳完工时间: 1541.00 | 迭代耗时: 0.94s | 总耗时: 322.50s
2025-04-08 13:54:14,589 - INFO - 迭代 361/500 | 阶段: evolutionary learning | 最佳完工时间: 1541.00 | 迭代耗时: 0.93s | 总耗时: 323.43s
2025-04-08 13:54:15,741 - INFO - EL找到新的最优解，完工时间: 1537.00
2025-04-08 13:54:15,742 - INFO - 迭代 362/500 | 阶段: evolutionary learning | 最佳完工时间: 1537.00 | 迭代耗时: 1.15s | 总耗时: 324.59s
2025-04-08 13:54:16,964 - INFO - 迭代 363/500 | 阶段: evolutionary learning | 最佳完工时间: 1537.00 | 迭代耗时: 1.22s | 总耗时: 325.81s
2025-04-08 13:54:18,254 - INFO - 迭代 364/500 | 阶段: evolutionary learning | 最佳完工时间: 1537.00 | 迭代耗时: 1.29s | 总耗时: 327.10s
2025-04-08 13:54:19,336 - INFO - EL找到新的最优解，完工时间: 1536.00
2025-04-08 13:54:19,337 - INFO - 迭代 365/500 | 阶段: evolutionary learning | 最佳完工时间: 1536.00 | 迭代耗时: 1.08s | 总耗时: 328.18s
2025-04-08 13:54:20,312 - INFO - EL找到新的最优解，完工时间: 1533.00
2025-04-08 13:54:20,314 - INFO - 迭代 366/500 | 阶段: evolutionary learning | 最佳完工时间: 1533.00 | 迭代耗时: 0.98s | 总耗时: 329.16s
2025-04-08 13:54:21,385 - INFO - 迭代 367/500 | 阶段: evolutionary learning | 最佳完工时间: 1533.00 | 迭代耗时: 1.07s | 总耗时: 330.23s
2025-04-08 13:54:22,392 - INFO - 迭代 368/500 | 阶段: evolutionary learning | 最佳完工时间: 1533.00 | 迭代耗时: 1.01s | 总耗时: 331.24s
2025-04-08 13:54:23,321 - INFO - 迭代 369/500 | 阶段: evolutionary learning | 最佳完工时间: 1533.00 | 迭代耗时: 0.93s | 总耗时: 332.17s
2025-04-08 13:54:24,272 - INFO - EL找到新的最优解，完工时间: 1531.00
2025-04-08 13:54:24,272 - INFO - 迭代 370/500 | 阶段: evolutionary learning | 最佳完工时间: 1531.00 | 迭代耗时: 0.95s | 总耗时: 333.12s
2025-04-08 13:54:25,503 - INFO - 迭代 371/500 | 阶段: evolutionary learning | 最佳完工时间: 1531.00 | 迭代耗时: 1.23s | 总耗时: 334.35s
2025-04-08 13:54:26,549 - INFO - EL找到新的最优解，完工时间: 1528.00
2025-04-08 13:54:26,550 - INFO - 迭代 372/500 | 阶段: evolutionary learning | 最佳完工时间: 1528.00 | 迭代耗时: 1.05s | 总耗时: 335.39s
2025-04-08 13:54:27,495 - INFO - 迭代 373/500 | 阶段: evolutionary learning | 最佳完工时间: 1528.00 | 迭代耗时: 0.95s | 总耗时: 336.34s
2025-04-08 13:54:28,457 - INFO - EL找到新的最优解，完工时间: 1527.00
2025-04-08 13:54:28,457 - INFO - 迭代 374/500 | 阶段: evolutionary learning | 最佳完工时间: 1527.00 | 迭代耗时: 0.96s | 总耗时: 337.30s
2025-04-08 13:54:29,414 - INFO - 迭代 375/500 | 阶段: evolutionary learning | 最佳完工时间: 1527.00 | 迭代耗时: 0.96s | 总耗时: 338.26s
2025-04-08 13:54:30,371 - INFO - 迭代 376/500 | 阶段: evolutionary learning | 最佳完工时间: 1527.00 | 迭代耗时: 0.96s | 总耗时: 339.21s
2025-04-08 13:54:31,512 - INFO - EL找到新的最优解，完工时间: 1525.00
2025-04-08 13:54:31,512 - INFO - 迭代 377/500 | 阶段: evolutionary learning | 最佳完工时间: 1525.00 | 迭代耗时: 1.14s | 总耗时: 340.36s
2025-04-08 13:54:32,501 - INFO - 迭代 378/500 | 阶段: evolutionary learning | 最佳完工时间: 1525.00 | 迭代耗时: 0.99s | 总耗时: 341.34s
2025-04-08 13:54:33,457 - INFO - EL找到新的最优解，完工时间: 1522.00
2025-04-08 13:54:33,458 - INFO - 迭代 379/500 | 阶段: evolutionary learning | 最佳完工时间: 1522.00 | 迭代耗时: 0.96s | 总耗时: 342.30s
2025-04-08 13:54:34,419 - INFO - 迭代 380/500 | 阶段: evolutionary learning | 最佳完工时间: 1522.00 | 迭代耗时: 0.96s | 总耗时: 343.26s
2025-04-08 13:54:35,535 - INFO - 迭代 381/500 | 阶段: evolutionary learning | 最佳完工时间: 1522.00 | 迭代耗时: 1.12s | 总耗时: 344.38s
2025-04-08 13:54:36,528 - INFO - 迭代 382/500 | 阶段: evolutionary learning | 最佳完工时间: 1522.00 | 迭代耗时: 0.99s | 总耗时: 345.37s
2025-04-08 13:54:37,474 - INFO - EL找到新的最优解，完工时间: 1517.00
2025-04-08 13:54:37,474 - INFO - 迭代 383/500 | 阶段: evolutionary learning | 最佳完工时间: 1517.00 | 迭代耗时: 0.95s | 总耗时: 346.32s
2025-04-08 13:54:38,409 - INFO - 迭代 384/500 | 阶段: evolutionary learning | 最佳完工时间: 1517.00 | 迭代耗时: 0.93s | 总耗时: 347.25s
2025-04-08 13:54:39,367 - INFO - 迭代 385/500 | 阶段: evolutionary learning | 最佳完工时间: 1517.00 | 迭代耗时: 0.96s | 总耗时: 348.21s
2025-04-08 13:54:40,302 - INFO - 迭代 386/500 | 阶段: evolutionary learning | 最佳完工时间: 1517.00 | 迭代耗时: 0.94s | 总耗时: 349.15s
2025-04-08 13:54:41,349 - INFO - 迭代 387/500 | 阶段: evolutionary learning | 最佳完工时间: 1517.00 | 迭代耗时: 1.05s | 总耗时: 350.19s
2025-04-08 13:54:42,432 - INFO - 迭代 388/500 | 阶段: evolutionary learning | 最佳完工时间: 1517.00 | 迭代耗时: 1.08s | 总耗时: 351.28s
2025-04-08 13:54:43,429 - INFO - 迭代 389/500 | 阶段: evolutionary learning | 最佳完工时间: 1517.00 | 迭代耗时: 1.00s | 总耗时: 352.27s
2025-04-08 13:54:44,495 - INFO - 迭代 390/500 | 阶段: evolutionary learning | 最佳完工时间: 1517.00 | 迭代耗时: 1.07s | 总耗时: 353.34s
2025-04-08 13:54:45,556 - INFO - 迭代 391/500 | 阶段: evolutionary learning | 最佳完工时间: 1517.00 | 迭代耗时: 1.06s | 总耗时: 354.40s
2025-04-08 13:54:46,604 - INFO - 迭代 392/500 | 阶段: evolutionary learning | 最佳完工时间: 1517.00 | 迭代耗时: 1.05s | 总耗时: 355.45s
2025-04-08 13:54:47,627 - INFO - 迭代 393/500 | 阶段: evolutionary learning | 最佳完工时间: 1517.00 | 迭代耗时: 1.02s | 总耗时: 356.47s
2025-04-08 13:54:48,596 - INFO - 迭代 394/500 | 阶段: evolutionary learning | 最佳完工时间: 1517.00 | 迭代耗时: 0.97s | 总耗时: 357.44s
2025-04-08 13:54:49,611 - INFO - 迭代 395/500 | 阶段: evolutionary learning | 最佳完工时间: 1517.00 | 迭代耗时: 1.01s | 总耗时: 358.46s
2025-04-08 13:54:50,624 - INFO - 迭代 396/500 | 阶段: evolutionary learning | 最佳完工时间: 1517.00 | 迭代耗时: 1.01s | 总耗时: 359.47s
2025-04-08 13:54:51,635 - INFO - 迭代 397/500 | 阶段: evolutionary learning | 最佳完工时间: 1517.00 | 迭代耗时: 1.01s | 总耗时: 360.48s
2025-04-08 13:54:52,709 - INFO - 迭代 398/500 | 阶段: evolutionary learning | 最佳完工时间: 1517.00 | 迭代耗时: 1.07s | 总耗时: 361.55s
2025-04-08 13:54:53,671 - INFO - 迭代 399/500 | 阶段: evolutionary learning | 最佳完工时间: 1517.00 | 迭代耗时: 0.96s | 总耗时: 362.51s
2025-04-08 13:54:54,710 - INFO - 迭代 400/500 | 阶段: evolutionary learning | 最佳完工时间: 1517.00 | 迭代耗时: 1.04s | 总耗时: 363.55s
2025-04-08 13:54:55,906 - INFO - 迭代 401/500 | 阶段: evolutionary learning | 最佳完工时间: 1517.00 | 迭代耗时: 1.19s | 总耗时: 364.75s
2025-04-08 13:54:57,047 - INFO - 迭代 402/500 | 阶段: evolutionary learning | 最佳完工时间: 1517.00 | 迭代耗时: 1.14s | 总耗时: 365.89s
2025-04-08 13:54:58,172 - INFO - 迭代 403/500 | 阶段: evolutionary learning | 最佳完工时间: 1517.00 | 迭代耗时: 1.13s | 总耗时: 367.02s
2025-04-08 13:54:59,224 - INFO - 迭代 404/500 | 阶段: evolutionary learning | 最佳完工时间: 1517.00 | 迭代耗时: 1.05s | 总耗时: 368.07s
2025-04-08 13:55:00,254 - INFO - 迭代 405/500 | 阶段: evolutionary learning | 最佳完工时间: 1517.00 | 迭代耗时: 1.03s | 总耗时: 369.10s
2025-04-08 13:55:01,303 - INFO - 迭代 406/500 | 阶段: evolutionary learning | 最佳完工时间: 1517.00 | 迭代耗时: 1.05s | 总耗时: 370.15s
2025-04-08 13:55:02,410 - INFO - 迭代 407/500 | 阶段: evolutionary learning | 最佳完工时间: 1517.00 | 迭代耗时: 1.11s | 总耗时: 371.25s
2025-04-08 13:55:03,488 - INFO - 迭代 408/500 | 阶段: evolutionary learning | 最佳完工时间: 1517.00 | 迭代耗时: 1.08s | 总耗时: 372.33s
2025-04-08 13:55:04,791 - INFO - 迭代 409/500 | 阶段: evolutionary learning | 最佳完工时间: 1517.00 | 迭代耗时: 1.30s | 总耗时: 373.63s
2025-04-08 13:55:06,033 - INFO - 迭代 410/500 | 阶段: evolutionary learning | 最佳完工时间: 1517.00 | 迭代耗时: 1.24s | 总耗时: 374.88s
2025-04-08 13:55:07,149 - INFO - 迭代 411/500 | 阶段: evolutionary learning | 最佳完工时间: 1517.00 | 迭代耗时: 1.12s | 总耗时: 375.99s
2025-04-08 13:55:08,303 - INFO - 迭代 412/500 | 阶段: evolutionary learning | 最佳完工时间: 1517.00 | 迭代耗时: 1.15s | 总耗时: 377.15s
2025-04-08 13:55:09,277 - INFO - 迭代 413/500 | 阶段: evolutionary learning | 最佳完工时间: 1517.00 | 迭代耗时: 0.97s | 总耗时: 378.12s
2025-04-08 13:55:10,250 - INFO - 迭代 414/500 | 阶段: evolutionary learning | 最佳完工时间: 1517.00 | 迭代耗时: 0.97s | 总耗时: 379.09s
2025-04-08 13:55:11,292 - INFO - 迭代 415/500 | 阶段: evolutionary learning | 最佳完工时间: 1517.00 | 迭代耗时: 1.04s | 总耗时: 380.14s
2025-04-08 13:55:12,243 - INFO - 迭代 416/500 | 阶段: evolutionary learning | 最佳完工时间: 1517.00 | 迭代耗时: 0.95s | 总耗时: 381.09s
2025-04-08 13:55:13,191 - INFO - 迭代 417/500 | 阶段: evolutionary learning | 最佳完工时间: 1517.00 | 迭代耗时: 0.95s | 总耗时: 382.04s
2025-04-08 13:55:14,164 - INFO - 迭代 418/500 | 阶段: evolutionary learning | 最佳完工时间: 1517.00 | 迭代耗时: 0.97s | 总耗时: 383.01s
2025-04-08 13:55:15,298 - INFO - 迭代 419/500 | 阶段: evolutionary learning | 最佳完工时间: 1517.00 | 迭代耗时: 1.13s | 总耗时: 384.14s
2025-04-08 13:55:16,364 - INFO - 迭代 420/500 | 阶段: evolutionary learning | 最佳完工时间: 1517.00 | 迭代耗时: 1.07s | 总耗时: 385.21s
2025-04-08 13:55:17,360 - INFO - 迭代 421/500 | 阶段: evolutionary learning | 最佳完工时间: 1517.00 | 迭代耗时: 1.00s | 总耗时: 386.20s
2025-04-08 13:55:18,315 - INFO - 迭代 422/500 | 阶段: evolutionary learning | 最佳完工时间: 1517.00 | 迭代耗时: 0.95s | 总耗时: 387.16s
2025-04-08 13:55:19,264 - INFO - 迭代 423/500 | 阶段: evolutionary learning | 最佳完工时间: 1517.00 | 迭代耗时: 0.95s | 总耗时: 388.11s
2025-04-08 13:55:20,271 - INFO - 迭代 424/500 | 阶段: evolutionary learning | 最佳完工时间: 1517.00 | 迭代耗时: 1.01s | 总耗时: 389.12s
2025-04-08 13:55:21,300 - INFO - 迭代 425/500 | 阶段: evolutionary learning | 最佳完工时间: 1517.00 | 迭代耗时: 1.03s | 总耗时: 390.14s
2025-04-08 13:55:22,269 - INFO - 迭代 426/500 | 阶段: evolutionary learning | 最佳完工时间: 1517.00 | 迭代耗时: 0.97s | 总耗时: 391.11s
2025-04-08 13:55:23,221 - INFO - 迭代 427/500 | 阶段: evolutionary learning | 最佳完工时间: 1517.00 | 迭代耗时: 0.95s | 总耗时: 392.06s
2025-04-08 13:55:24,170 - INFO - 迭代 428/500 | 阶段: evolutionary learning | 最佳完工时间: 1517.00 | 迭代耗时: 0.95s | 总耗时: 393.01s
2025-04-08 13:55:25,254 - INFO - 迭代 429/500 | 阶段: evolutionary learning | 最佳完工时间: 1517.00 | 迭代耗时: 1.08s | 总耗时: 394.10s
2025-04-08 13:55:26,314 - INFO - 迭代 430/500 | 阶段: evolutionary learning | 最佳完工时间: 1517.00 | 迭代耗时: 1.06s | 总耗时: 395.16s
2025-04-08 13:55:27,285 - INFO - 迭代 431/500 | 阶段: evolutionary learning | 最佳完工时间: 1517.00 | 迭代耗时: 0.97s | 总耗时: 396.13s
2025-04-08 13:55:28,222 - INFO - 迭代 432/500 | 阶段: evolutionary learning | 最佳完工时间: 1517.00 | 迭代耗时: 0.94s | 总耗时: 397.07s
2025-04-08 13:55:29,223 - INFO - 迭代 433/500 | 阶段: evolutionary learning | 最佳完工时间: 1517.00 | 迭代耗时: 1.00s | 总耗时: 398.07s
2025-04-08 13:55:30,202 - INFO - 迭代 434/500 | 阶段: evolutionary learning | 最佳完工时间: 1517.00 | 迭代耗时: 0.98s | 总耗时: 399.05s
2025-04-08 13:55:31,298 - INFO - 迭代 435/500 | 阶段: evolutionary learning | 最佳完工时间: 1517.00 | 迭代耗时: 1.09s | 总耗时: 400.14s
2025-04-08 13:55:32,250 - INFO - 迭代 436/500 | 阶段: evolutionary learning | 最佳完工时间: 1517.00 | 迭代耗时: 0.95s | 总耗时: 401.09s
2025-04-08 13:55:33,204 - INFO - 迭代 437/500 | 阶段: evolutionary learning | 最佳完工时间: 1517.00 | 迭代耗时: 0.95s | 总耗时: 402.05s
2025-04-08 13:55:34,139 - INFO - 迭代 438/500 | 阶段: evolutionary learning | 最佳完工时间: 1517.00 | 迭代耗时: 0.93s | 总耗时: 402.98s
2025-04-08 13:55:35,257 - INFO - 迭代 439/500 | 阶段: evolutionary learning | 最佳完工时间: 1517.00 | 迭代耗时: 1.12s | 总耗时: 404.10s
2025-04-08 13:55:36,287 - INFO - 迭代 440/500 | 阶段: evolutionary learning | 最佳完工时间: 1517.00 | 迭代耗时: 1.03s | 总耗时: 405.13s
2025-04-08 13:55:37,285 - INFO - 迭代 441/500 | 阶段: evolutionary learning | 最佳完工时间: 1517.00 | 迭代耗时: 1.00s | 总耗时: 406.13s
2025-04-08 13:55:38,192 - INFO - 迭代 442/500 | 阶段: evolutionary learning | 最佳完工时间: 1517.00 | 迭代耗时: 0.91s | 总耗时: 407.04s
2025-04-08 13:55:39,171 - INFO - 迭代 443/500 | 阶段: evolutionary learning | 最佳完工时间: 1517.00 | 迭代耗时: 0.98s | 总耗时: 408.01s
2025-04-08 13:55:40,117 - INFO - 迭代 444/500 | 阶段: evolutionary learning | 最佳完工时间: 1517.00 | 迭代耗时: 0.94s | 总耗时: 408.96s
2025-04-08 13:55:41,184 - INFO - 迭代 445/500 | 阶段: evolutionary learning | 最佳完工时间: 1517.00 | 迭代耗时: 1.07s | 总耗时: 410.03s
2025-04-08 13:55:42,259 - INFO - 迭代 446/500 | 阶段: evolutionary learning | 最佳完工时间: 1517.00 | 迭代耗时: 1.07s | 总耗时: 411.10s
2025-04-08 13:55:43,212 - INFO - 迭代 447/500 | 阶段: evolutionary learning | 最佳完工时间: 1517.00 | 迭代耗时: 0.95s | 总耗时: 412.06s
2025-04-08 13:55:44,153 - INFO - 迭代 448/500 | 阶段: evolutionary learning | 最佳完工时间: 1517.00 | 迭代耗时: 0.94s | 总耗时: 413.00s
2025-04-08 13:55:45,273 - INFO - 迭代 449/500 | 阶段: evolutionary learning | 最佳完工时间: 1517.00 | 迭代耗时: 1.12s | 总耗时: 414.12s
2025-04-08 13:55:46,324 - INFO - 迭代 450/500 | 阶段: evolutionary learning | 最佳完工时间: 1517.00 | 迭代耗时: 1.05s | 总耗时: 415.17s
2025-04-08 13:55:47,254 - INFO - 迭代 451/500 | 阶段: evolutionary learning | 最佳完工时间: 1517.00 | 迭代耗时: 0.93s | 总耗时: 416.10s
2025-04-08 13:55:48,238 - INFO - 迭代 452/500 | 阶段: evolutionary learning | 最佳完工时间: 1517.00 | 迭代耗时: 0.98s | 总耗时: 417.08s
2025-04-08 13:55:49,204 - INFO - 迭代 453/500 | 阶段: evolutionary learning | 最佳完工时间: 1517.00 | 迭代耗时: 0.97s | 总耗时: 418.05s
2025-04-08 13:55:50,190 - INFO - 迭代 454/500 | 阶段: evolutionary learning | 最佳完工时间: 1517.00 | 迭代耗时: 0.99s | 总耗时: 419.03s
2025-04-08 13:55:51,264 - INFO - 迭代 455/500 | 阶段: evolutionary learning | 最佳完工时间: 1517.00 | 迭代耗时: 1.07s | 总耗时: 420.11s
2025-04-08 13:55:52,264 - INFO - 迭代 456/500 | 阶段: evolutionary learning | 最佳完工时间: 1517.00 | 迭代耗时: 1.00s | 总耗时: 421.11s
2025-04-08 13:55:53,266 - INFO - EL找到新的最优解，完工时间: 1515.00
2025-04-08 13:55:53,266 - INFO - 迭代 457/500 | 阶段: evolutionary learning | 最佳完工时间: 1515.00 | 迭代耗时: 1.00s | 总耗时: 422.11s
2025-04-08 13:55:54,240 - INFO - 迭代 458/500 | 阶段: evolutionary learning | 最佳完工时间: 1515.00 | 迭代耗时: 0.97s | 总耗时: 423.08s
2025-04-08 13:55:55,334 - INFO - 迭代 459/500 | 阶段: evolutionary learning | 最佳完工时间: 1515.00 | 迭代耗时: 1.09s | 总耗时: 424.18s
2025-04-08 13:55:56,311 - INFO - 迭代 460/500 | 阶段: evolutionary learning | 最佳完工时间: 1515.00 | 迭代耗时: 0.98s | 总耗时: 425.15s
2025-04-08 13:55:57,314 - INFO - 迭代 461/500 | 阶段: evolutionary learning | 最佳完工时间: 1515.00 | 迭代耗时: 1.00s | 总耗时: 426.16s
2025-04-08 13:55:58,269 - INFO - 迭代 462/500 | 阶段: evolutionary learning | 最佳完工时间: 1515.00 | 迭代耗时: 0.96s | 总耗时: 427.11s
2025-04-08 13:55:59,295 - INFO - 迭代 463/500 | 阶段: evolutionary learning | 最佳完工时间: 1515.00 | 迭代耗时: 1.03s | 总耗时: 428.14s
2025-04-08 13:56:00,255 - INFO - 迭代 464/500 | 阶段: evolutionary learning | 最佳完工时间: 1515.00 | 迭代耗时: 0.96s | 总耗时: 429.10s
2025-04-08 13:56:01,285 - INFO - EL找到新的最优解，完工时间: 1514.00
2025-04-08 13:56:01,285 - INFO - 迭代 465/500 | 阶段: evolutionary learning | 最佳完工时间: 1514.00 | 迭代耗时: 1.03s | 总耗时: 430.13s
2025-04-08 13:56:02,308 - INFO - 迭代 466/500 | 阶段: evolutionary learning | 最佳完工时间: 1514.00 | 迭代耗时: 1.02s | 总耗时: 431.15s
2025-04-08 13:56:03,271 - INFO - 迭代 467/500 | 阶段: evolutionary learning | 最佳完工时间: 1514.00 | 迭代耗时: 0.96s | 总耗时: 432.11s
2025-04-08 13:56:04,272 - INFO - 迭代 468/500 | 阶段: evolutionary learning | 最佳完工时间: 1514.00 | 迭代耗时: 1.00s | 总耗时: 433.12s
2025-04-08 13:56:05,256 - INFO - 迭代 469/500 | 阶段: evolutionary learning | 最佳完工时间: 1514.00 | 迭代耗时: 0.98s | 总耗时: 434.10s
2025-04-08 13:56:06,210 - INFO - 迭代 470/500 | 阶段: evolutionary learning | 最佳完工时间: 1514.00 | 迭代耗时: 0.95s | 总耗时: 435.05s
2025-04-08 13:56:07,160 - INFO - 迭代 471/500 | 阶段: evolutionary learning | 最佳完工时间: 1514.00 | 迭代耗时: 0.95s | 总耗时: 436.00s
2025-04-08 13:56:08,138 - INFO - 迭代 472/500 | 阶段: evolutionary learning | 最佳完工时间: 1514.00 | 迭代耗时: 0.98s | 总耗时: 436.98s
2025-04-08 13:56:09,142 - INFO - 迭代 473/500 | 阶段: evolutionary learning | 最佳完工时间: 1514.00 | 迭代耗时: 1.00s | 总耗时: 437.99s
2025-04-08 13:56:10,148 - INFO - 迭代 474/500 | 阶段: evolutionary learning | 最佳完工时间: 1514.00 | 迭代耗时: 1.01s | 总耗时: 438.99s
2025-04-08 13:56:11,103 - INFO - 迭代 475/500 | 阶段: evolutionary learning | 最佳完工时间: 1514.00 | 迭代耗时: 0.95s | 总耗时: 439.95s
2025-04-08 13:56:12,092 - INFO - 迭代 476/500 | 阶段: evolutionary learning | 最佳完工时间: 1514.00 | 迭代耗时: 0.99s | 总耗时: 440.94s
2025-04-08 13:56:13,127 - INFO - 迭代 477/500 | 阶段: evolutionary learning | 最佳完工时间: 1514.00 | 迭代耗时: 1.03s | 总耗时: 441.97s
2025-04-08 13:56:14,085 - INFO - 迭代 478/500 | 阶段: evolutionary learning | 最佳完工时间: 1514.00 | 迭代耗时: 0.96s | 总耗时: 442.93s
2025-04-08 13:56:15,247 - INFO - 迭代 479/500 | 阶段: evolutionary learning | 最佳完工时间: 1514.00 | 迭代耗时: 1.16s | 总耗时: 444.09s
2025-04-08 13:56:16,391 - INFO - 迭代 480/500 | 阶段: evolutionary learning | 最佳完工时间: 1514.00 | 迭代耗时: 1.14s | 总耗时: 445.23s
2025-04-08 13:56:17,509 - INFO - 迭代 481/500 | 阶段: evolutionary learning | 最佳完工时间: 1514.00 | 迭代耗时: 1.12s | 总耗时: 446.35s
2025-04-08 13:56:18,620 - INFO - 迭代 482/500 | 阶段: evolutionary learning | 最佳完工时间: 1514.00 | 迭代耗时: 1.11s | 总耗时: 447.46s
2025-04-08 13:56:19,735 - INFO - 迭代 483/500 | 阶段: evolutionary learning | 最佳完工时间: 1514.00 | 迭代耗时: 1.11s | 总耗时: 448.58s
2025-04-08 13:56:20,889 - INFO - 迭代 484/500 | 阶段: evolutionary learning | 最佳完工时间: 1514.00 | 迭代耗时: 1.15s | 总耗时: 449.73s
2025-04-08 13:56:22,069 - INFO - 迭代 485/500 | 阶段: evolutionary learning | 最佳完工时间: 1514.00 | 迭代耗时: 1.18s | 总耗时: 450.91s
2025-04-08 13:56:23,182 - INFO - 迭代 486/500 | 阶段: evolutionary learning | 最佳完工时间: 1514.00 | 迭代耗时: 1.11s | 总耗时: 452.03s
2025-04-08 13:56:24,296 - INFO - 迭代 487/500 | 阶段: evolutionary learning | 最佳完工时间: 1514.00 | 迭代耗时: 1.11s | 总耗时: 453.14s
2025-04-08 13:56:25,464 - INFO - 迭代 488/500 | 阶段: evolutionary learning | 最佳完工时间: 1514.00 | 迭代耗时: 1.17s | 总耗时: 454.31s
2025-04-08 13:56:26,601 - INFO - 迭代 489/500 | 阶段: evolutionary learning | 最佳完工时间: 1514.00 | 迭代耗时: 1.14s | 总耗时: 455.44s
2025-04-08 13:56:27,744 - INFO - 迭代 490/500 | 阶段: evolutionary learning | 最佳完工时间: 1514.00 | 迭代耗时: 1.14s | 总耗时: 456.59s
2025-04-08 13:56:28,828 - INFO - 迭代 491/500 | 阶段: evolutionary learning | 最佳完工时间: 1514.00 | 迭代耗时: 1.08s | 总耗时: 457.67s
2025-04-08 13:56:29,912 - INFO - 迭代 492/500 | 阶段: evolutionary learning | 最佳完工时间: 1514.00 | 迭代耗时: 1.08s | 总耗时: 458.76s
2025-04-08 13:56:30,914 - INFO - 迭代 493/500 | 阶段: evolutionary learning | 最佳完工时间: 1514.00 | 迭代耗时: 1.00s | 总耗时: 459.76s
2025-04-08 13:56:31,838 - INFO - 迭代 494/500 | 阶段: evolutionary learning | 最佳完工时间: 1514.00 | 迭代耗时: 0.92s | 总耗时: 460.68s
2025-04-08 13:56:32,791 - INFO - 迭代 495/500 | 阶段: evolutionary learning | 最佳完工时间: 1514.00 | 迭代耗时: 0.95s | 总耗时: 461.64s
2025-04-08 13:56:33,773 - INFO - 迭代 496/500 | 阶段: evolutionary learning | 最佳完工时间: 1514.00 | 迭代耗时: 0.98s | 总耗时: 462.62s
2025-04-08 13:56:34,759 - INFO - 迭代 497/500 | 阶段: evolutionary learning | 最佳完工时间: 1514.00 | 迭代耗时: 0.99s | 总耗时: 463.60s
2025-04-08 13:56:35,796 - INFO - 迭代 498/500 | 阶段: evolutionary learning | 最佳完工时间: 1514.00 | 迭代耗时: 1.04s | 总耗时: 464.64s
2025-04-08 13:56:36,767 - INFO - 迭代 499/500 | 阶段: evolutionary learning | 最佳完工时间: 1514.00 | 迭代耗时: 0.97s | 总耗时: 465.61s
2025-04-08 13:56:37,700 - INFO - 迭代 500/500 | 阶段: evolutionary learning | 最佳完工时间: 1514.00 | 迭代耗时: 0.93s | 总耗时: 466.54s
2025-04-08 13:56:37,700 - INFO - 两阶段混合学习算法完成，总耗时: 466.54s, 最终最佳完工时间: 1514.00
