2025-04-08 16:08:31,233 - DEBUG - 开始两阶段混合学习算法，最大迭代次数: 100
2025-04-08 16:08:31,235 - DEBUG - 迭代 1：SL初始化种群，大小: 100
2025-04-08 16:08:31,697 - INFO - 迭代 1：SL初始化概率模型完成
2025-04-08 16:08:31,697 - INFO - 迭代 1：SL找到新的最优解，完工时间: 1932.00，pointer=0
2025-04-08 16:08:31,697 - INFO - 迭代 1/100 | 阶段: statistical learning | 最佳完工时间: 1932.00 | 迭代耗时: 0.46s | 
2025-04-08 16:08:31,707 - DEBUG - 迭代 2：SL生成新种群，大小: 100
2025-04-08 16:08:32,170 - INFO - 迭代 2：SL更新概率模型完成
2025-04-08 16:08:32,170 - INFO - 迭代 2：SL未找到更好的解，pointer增加到1
2025-04-08 16:08:32,174 - INFO - 迭代 2/100 | 阶段: statistical learning | 最佳完工时间: 1932.00 | 迭代耗时: 0.48s | 
2025-04-08 16:08:32,181 - DEBUG - 迭代 3：SL生成新种群，大小: 100
2025-04-08 16:08:32,636 - INFO - 迭代 3：SL更新概率模型完成
2025-04-08 16:08:32,637 - INFO - 迭代 3：SL找到新的最优解，完工时间: 1923.00，pointer=0
2025-04-08 16:08:32,637 - INFO - 迭代 3/100 | 阶段: statistical learning | 最佳完工时间: 1923.00 | 迭代耗时: 0.46s | 
2025-04-08 16:08:32,645 - DEBUG - 迭代 4：SL生成新种群，大小: 100
2025-04-08 16:08:33,124 - INFO - 迭代 4：SL更新概率模型完成
2025-04-08 16:08:33,125 - INFO - 迭代 4：SL未找到更好的解，pointer增加到1
2025-04-08 16:08:33,125 - INFO - 迭代 4/100 | 阶段: statistical learning | 最佳完工时间: 1923.00 | 迭代耗时: 0.49s | 
2025-04-08 16:08:33,134 - DEBUG - 迭代 5：SL生成新种群，大小: 100
2025-04-08 16:08:33,647 - INFO - 迭代 5：SL更新概率模型完成
2025-04-08 16:08:33,647 - INFO - 迭代 5：SL找到新的最优解，完工时间: 1916.00，pointer=0
2025-04-08 16:08:33,647 - INFO - 迭代 5/100 | 阶段: statistical learning | 最佳完工时间: 1916.00 | 迭代耗时: 0.52s | 
2025-04-08 16:08:33,656 - DEBUG - 迭代 6：SL生成新种群，大小: 100
2025-04-08 16:08:34,125 - INFO - 迭代 6：SL更新概率模型完成
2025-04-08 16:08:34,125 - INFO - 迭代 6：SL未找到更好的解，pointer增加到1
2025-04-08 16:08:34,125 - INFO - 迭代 6/100 | 阶段: statistical learning | 最佳完工时间: 1916.00 | 迭代耗时: 0.48s | 
2025-04-08 16:08:34,134 - DEBUG - 迭代 7：SL生成新种群，大小: 100
2025-04-08 16:08:34,602 - INFO - 迭代 7：SL更新概率模型完成
2025-04-08 16:08:34,602 - INFO - 迭代 7：SL未找到更好的解，pointer增加到2
2025-04-08 16:08:34,602 - INFO - 迭代 7/100 | 阶段: statistical learning | 最佳完工时间: 1916.00 | 迭代耗时: 0.48s | 
2025-04-08 16:08:34,611 - DEBUG - 迭代 8：SL生成新种群，大小: 100
2025-04-08 16:08:35,068 - INFO - 迭代 8：SL更新概率模型完成
2025-04-08 16:08:35,069 - INFO - 迭代 8：SL未找到更好的解，pointer增加到3
2025-04-08 16:08:35,069 - INFO - 迭代 8/100 | 阶段: statistical learning | 最佳完工时间: 1916.00 | 迭代耗时: 0.47s | 
2025-04-08 16:08:35,078 - DEBUG - 迭代 9：SL生成新种群，大小: 100
2025-04-08 16:08:35,539 - INFO - 迭代 9：SL更新概率模型完成
2025-04-08 16:08:35,539 - INFO - 迭代 9：SL未找到更好的解，pointer增加到4
2025-04-08 16:08:35,539 - INFO - 迭代 9/100 | 阶段: statistical learning | 最佳完工时间: 1916.00 | 迭代耗时: 0.47s | 
2025-04-08 16:08:35,547 - DEBUG - 迭代 10：SL生成新种群，大小: 100
2025-04-08 16:08:36,006 - INFO - 迭代 10：SL更新概率模型完成
2025-04-08 16:08:36,007 - INFO - 迭代 10：SL找到新的最优解，完工时间: 1904.00，pointer=0
2025-04-08 16:08:36,007 - INFO - 迭代 10/100 | 阶段: statistical learning | 最佳完工时间: 1904.00 | 迭代耗时: 0.47s | 
2025-04-08 16:08:36,015 - DEBUG - 迭代 11：SL生成新种群，大小: 100
2025-04-08 16:08:36,471 - INFO - 迭代 11：SL更新概率模型完成
2025-04-08 16:08:36,471 - INFO - 迭代 11：SL未找到更好的解，pointer增加到1
2025-04-08 16:08:36,472 - INFO - 迭代 11/100 | 阶段: statistical learning | 最佳完工时间: 1904.00 | 迭代耗时: 0.47s | 
2025-04-08 16:08:36,481 - DEBUG - 迭代 12：SL生成新种群，大小: 100
2025-04-08 16:08:36,935 - INFO - 迭代 12：SL更新概率模型完成
2025-04-08 16:08:36,936 - INFO - 迭代 12：SL未找到更好的解，pointer增加到2
2025-04-08 16:08:36,936 - INFO - 迭代 12/100 | 阶段: statistical learning | 最佳完工时间: 1904.00 | 迭代耗时: 0.46s | 
2025-04-08 16:08:36,944 - DEBUG - 迭代 13：SL生成新种群，大小: 100
2025-04-08 16:08:37,402 - INFO - 迭代 13：SL更新概率模型完成
2025-04-08 16:08:37,402 - INFO - 迭代 13：SL未找到更好的解，pointer增加到3
2025-04-08 16:08:37,403 - INFO - 迭代 13/100 | 阶段: statistical learning | 最佳完工时间: 1904.00 | 迭代耗时: 0.47s | 
2025-04-08 16:08:37,410 - DEBUG - 迭代 14：SL生成新种群，大小: 100
2025-04-08 16:08:37,874 - INFO - 迭代 14：SL更新概率模型完成
2025-04-08 16:08:37,876 - INFO - 迭代 14：SL未找到更好的解，pointer增加到4
2025-04-08 16:08:37,876 - INFO - 迭代 14/100 | 阶段: statistical learning | 最佳完工时间: 1904.00 | 迭代耗时: 0.47s | 
2025-04-08 16:08:37,884 - DEBUG - 迭代 15：SL生成新种群，大小: 100
2025-04-08 16:08:38,344 - INFO - 迭代 15：SL更新概率模型完成
2025-04-08 16:08:38,345 - INFO - 迭代 15：SL未找到更好的解，pointer增加到5
2025-04-08 16:08:38,345 - INFO - 迭代 15：SL阶段终止条件满足，切换到EL阶段
2025-04-08 16:08:38,345 - INFO - 迭代 15：pointer=5, threshold=4.30
2025-04-08 16:08:38,347 - INFO - 切换到EL阶段，使用SL种群初始化EL种群，种群大小: 100
2025-04-08 16:08:38,347 - INFO - 切换到EL阶段，使用SL种群初始化EL种群，种群大小: 100
2025-04-08 16:08:38,347 - INFO - 迭代 15/100 | 阶段: evolutionary learning | 最佳完工时间: 1904.00 | 迭代耗时: 0.47s | 
2025-04-08 16:08:39,095 - INFO - 迭代 16/100 | 阶段: evolutionary learning | 最佳完工时间: 1904.00 | 迭代耗时: 0.75s | 
2025-04-08 16:08:39,841 - INFO - 迭代 17/100 | 阶段: evolutionary learning | 最佳完工时间: 1904.00 | 迭代耗时: 0.75s | 
2025-04-08 16:08:40,581 - INFO - 迭代 18/100 | 阶段: evolutionary learning | 最佳完工时间: 1904.00 | 迭代耗时: 0.74s | 
2025-04-08 16:08:41,328 - INFO - In generation 19, EL found new best solution with makespan: 1892.00
2025-04-08 16:08:41,329 - INFO - 迭代 19/100 | 阶段: evolutionary learning | 最佳完工时间: 1892.00 | 迭代耗时: 0.75s | 
2025-04-08 16:08:42,071 - INFO - In generation 20, EL found new best solution with makespan: 1870.00
2025-04-08 16:08:42,072 - INFO - 迭代 20/100 | 阶段: evolutionary learning | 最佳完工时间: 1870.00 | 迭代耗时: 0.74s | 
2025-04-08 16:08:42,809 - INFO - 迭代 21/100 | 阶段: evolutionary learning | 最佳完工时间: 1870.00 | 迭代耗时: 0.74s | 
2025-04-08 16:08:43,559 - INFO - 迭代 22/100 | 阶段: evolutionary learning | 最佳完工时间: 1870.00 | 迭代耗时: 0.75s | 
2025-04-08 16:08:44,318 - INFO - In generation 23, EL found new best solution with makespan: 1833.00
2025-04-08 16:08:44,319 - INFO - 迭代 23/100 | 阶段: evolutionary learning | 最佳完工时间: 1833.00 | 迭代耗时: 0.76s | 
2025-04-08 16:08:45,060 - INFO - 迭代 24/100 | 阶段: evolutionary learning | 最佳完工时间: 1833.00 | 迭代耗时: 0.74s | 
2025-04-08 16:08:45,802 - INFO - 迭代 25/100 | 阶段: evolutionary learning | 最佳完工时间: 1833.00 | 迭代耗时: 0.74s | 
2025-04-08 16:08:46,547 - INFO - In generation 26, EL found new best solution with makespan: 1818.00
2025-04-08 16:08:46,548 - INFO - 迭代 26/100 | 阶段: evolutionary learning | 最佳完工时间: 1818.00 | 迭代耗时: 0.75s | 
2025-04-08 16:08:47,282 - INFO - 迭代 27/100 | 阶段: evolutionary learning | 最佳完工时间: 1818.00 | 迭代耗时: 0.73s | 
2025-04-08 16:08:48,020 - INFO - 迭代 28/100 | 阶段: evolutionary learning | 最佳完工时间: 1818.00 | 迭代耗时: 0.74s | 
2025-04-08 16:08:48,762 - INFO - 迭代 29/100 | 阶段: evolutionary learning | 最佳完工时间: 1818.00 | 迭代耗时: 0.74s | 
2025-04-08 16:08:49,530 - INFO - 迭代 30/100 | 阶段: evolutionary learning | 最佳完工时间: 1818.00 | 迭代耗时: 0.77s | 
2025-04-08 16:08:50,276 - INFO - In generation 31, EL found new best solution with makespan: 1811.00
2025-04-08 16:08:50,276 - INFO - 迭代 31/100 | 阶段: evolutionary learning | 最佳完工时间: 1811.00 | 迭代耗时: 0.75s | 
2025-04-08 16:08:51,019 - INFO - 迭代 32/100 | 阶段: evolutionary learning | 最佳完工时间: 1811.00 | 迭代耗时: 0.74s | 
2025-04-08 16:08:51,758 - INFO - 迭代 33/100 | 阶段: evolutionary learning | 最佳完工时间: 1811.00 | 迭代耗时: 0.74s | 
2025-04-08 16:08:52,501 - INFO - In generation 34, EL found new best solution with makespan: 1801.00
2025-04-08 16:08:52,502 - INFO - 迭代 34/100 | 阶段: evolutionary learning | 最佳完工时间: 1801.00 | 迭代耗时: 0.74s | 
2025-04-08 16:08:53,241 - INFO - 迭代 35/100 | 阶段: evolutionary learning | 最佳完工时间: 1801.00 | 迭代耗时: 0.74s | 
2025-04-08 16:08:53,974 - INFO - 迭代 36/100 | 阶段: evolutionary learning | 最佳完工时间: 1801.00 | 迭代耗时: 0.73s | 
2025-04-08 16:08:54,720 - INFO - In generation 37, EL found new best solution with makespan: 1796.00
2025-04-08 16:08:54,720 - INFO - 迭代 37/100 | 阶段: evolutionary learning | 最佳完工时间: 1796.00 | 迭代耗时: 0.75s | 
2025-04-08 16:08:55,460 - INFO - 迭代 38/100 | 阶段: evolutionary learning | 最佳完工时间: 1796.00 | 迭代耗时: 0.74s | 
2025-04-08 16:08:56,201 - INFO - In generation 39, EL found new best solution with makespan: 1788.00
2025-04-08 16:08:56,201 - INFO - 迭代 39/100 | 阶段: evolutionary learning | 最佳完工时间: 1788.00 | 迭代耗时: 0.74s | 
2025-04-08 16:08:56,940 - INFO - In generation 40, EL found new best solution with makespan: 1783.00
2025-04-08 16:08:56,940 - INFO - 迭代 40/100 | 阶段: evolutionary learning | 最佳完工时间: 1783.00 | 迭代耗时: 0.74s | 
2025-04-08 16:08:57,681 - INFO - 迭代 41/100 | 阶段: evolutionary learning | 最佳完工时间: 1783.00 | 迭代耗时: 0.74s | 
2025-04-08 16:08:58,418 - INFO - 迭代 42/100 | 阶段: evolutionary learning | 最佳完工时间: 1783.00 | 迭代耗时: 0.74s | 
2025-04-08 16:08:59,150 - INFO - In generation 43, EL found new best solution with makespan: 1766.00
2025-04-08 16:08:59,150 - INFO - 迭代 43/100 | 阶段: evolutionary learning | 最佳完工时间: 1766.00 | 迭代耗时: 0.73s | 
2025-04-08 16:08:59,893 - INFO - In generation 44, EL found new best solution with makespan: 1762.00
2025-04-08 16:08:59,893 - INFO - 迭代 44/100 | 阶段: evolutionary learning | 最佳完工时间: 1762.00 | 迭代耗时: 0.74s | 
2025-04-08 16:09:00,651 - INFO - 迭代 45/100 | 阶段: evolutionary learning | 最佳完工时间: 1762.00 | 迭代耗时: 0.76s | 
2025-04-08 16:09:01,398 - INFO - 迭代 46/100 | 阶段: evolutionary learning | 最佳完工时间: 1762.00 | 迭代耗时: 0.75s | 
2025-04-08 16:09:02,137 - INFO - In generation 47, EL found new best solution with makespan: 1740.00
2025-04-08 16:09:02,139 - INFO - 迭代 47/100 | 阶段: evolutionary learning | 最佳完工时间: 1740.00 | 迭代耗时: 0.74s | 
2025-04-08 16:09:02,889 - INFO - 迭代 48/100 | 阶段: evolutionary learning | 最佳完工时间: 1740.00 | 迭代耗时: 0.75s | 
2025-04-08 16:09:03,641 - INFO - 迭代 49/100 | 阶段: evolutionary learning | 最佳完工时间: 1740.00 | 迭代耗时: 0.75s | 
2025-04-08 16:09:04,390 - INFO - 迭代 50/100 | 阶段: evolutionary learning | 最佳完工时间: 1740.00 | 迭代耗时: 0.75s | 
2025-04-08 16:09:05,134 - INFO - In generation 51, EL found new best solution with makespan: 1738.00
2025-04-08 16:09:05,135 - INFO - 迭代 51/100 | 阶段: evolutionary learning | 最佳完工时间: 1738.00 | 迭代耗时: 0.74s | 
2025-04-08 16:09:05,883 - INFO - In generation 52, EL found new best solution with makespan: 1719.00
2025-04-08 16:09:05,884 - INFO - 迭代 52/100 | 阶段: evolutionary learning | 最佳完工时间: 1719.00 | 迭代耗时: 0.75s | 
2025-04-08 16:09:06,623 - INFO - In generation 53, EL found new best solution with makespan: 1718.00
2025-04-08 16:09:06,623 - INFO - 迭代 53/100 | 阶段: evolutionary learning | 最佳完工时间: 1718.00 | 迭代耗时: 0.74s | 
2025-04-08 16:09:07,366 - INFO - In generation 54, EL found new best solution with makespan: 1701.00
2025-04-08 16:09:07,366 - INFO - 迭代 54/100 | 阶段: evolutionary learning | 最佳完工时间: 1701.00 | 迭代耗时: 0.74s | 
2025-04-08 16:09:08,115 - INFO - 迭代 55/100 | 阶段: evolutionary learning | 最佳完工时间: 1701.00 | 迭代耗时: 0.75s | 
2025-04-08 16:09:08,866 - INFO - 迭代 56/100 | 阶段: evolutionary learning | 最佳完工时间: 1701.00 | 迭代耗时: 0.75s | 
2025-04-08 16:09:09,608 - INFO - In generation 57, EL found new best solution with makespan: 1700.00
2025-04-08 16:09:09,608 - INFO - 迭代 57/100 | 阶段: evolutionary learning | 最佳完工时间: 1700.00 | 迭代耗时: 0.74s | 
2025-04-08 16:09:10,355 - INFO - 迭代 58/100 | 阶段: evolutionary learning | 最佳完工时间: 1700.00 | 迭代耗时: 0.75s | 
2025-04-08 16:09:11,106 - INFO - In generation 59, EL found new best solution with makespan: 1686.00
2025-04-08 16:09:11,106 - INFO - 迭代 59/100 | 阶段: evolutionary learning | 最佳完工时间: 1686.00 | 迭代耗时: 0.75s | 
2025-04-08 16:09:11,857 - INFO - 迭代 60/100 | 阶段: evolutionary learning | 最佳完工时间: 1686.00 | 迭代耗时: 0.75s | 
2025-04-08 16:09:12,612 - INFO - In generation 61, EL found new best solution with makespan: 1684.00
2025-04-08 16:09:12,612 - INFO - 迭代 61/100 | 阶段: evolutionary learning | 最佳完工时间: 1684.00 | 迭代耗时: 0.75s | 
2025-04-08 16:09:13,362 - INFO - 迭代 62/100 | 阶段: evolutionary learning | 最佳完工时间: 1684.00 | 迭代耗时: 0.75s | 
2025-04-08 16:09:14,103 - INFO - In generation 63, EL found new best solution with makespan: 1662.00
2025-04-08 16:09:14,103 - INFO - 迭代 63/100 | 阶段: evolutionary learning | 最佳完工时间: 1662.00 | 迭代耗时: 0.74s | 
2025-04-08 16:09:14,847 - INFO - 迭代 64/100 | 阶段: evolutionary learning | 最佳完工时间: 1662.00 | 迭代耗时: 0.74s | 
2025-04-08 16:09:15,592 - INFO - 迭代 65/100 | 阶段: evolutionary learning | 最佳完工时间: 1662.00 | 迭代耗时: 0.74s | 
2025-04-08 16:09:16,342 - INFO - 迭代 66/100 | 阶段: evolutionary learning | 最佳完工时间: 1662.00 | 迭代耗时: 0.75s | 
2025-04-08 16:09:17,085 - INFO - 迭代 67/100 | 阶段: evolutionary learning | 最佳完工时间: 1662.00 | 迭代耗时: 0.74s | 
2025-04-08 16:09:17,828 - INFO - 迭代 68/100 | 阶段: evolutionary learning | 最佳完工时间: 1662.00 | 迭代耗时: 0.74s | 
2025-04-08 16:09:18,578 - INFO - 迭代 69/100 | 阶段: evolutionary learning | 最佳完工时间: 1662.00 | 迭代耗时: 0.75s | 
2025-04-08 16:09:19,352 - INFO - 迭代 70/100 | 阶段: evolutionary learning | 最佳完工时间: 1662.00 | 迭代耗时: 0.77s | 
2025-04-08 16:09:20,128 - INFO - 迭代 71/100 | 阶段: evolutionary learning | 最佳完工时间: 1662.00 | 迭代耗时: 0.78s | 
2025-04-08 16:09:20,867 - INFO - 迭代 72/100 | 阶段: evolutionary learning | 最佳完工时间: 1662.00 | 迭代耗时: 0.74s | 
2025-04-08 16:09:21,622 - INFO - In generation 73, EL found new best solution with makespan: 1656.00
2025-04-08 16:09:21,622 - INFO - 迭代 73/100 | 阶段: evolutionary learning | 最佳完工时间: 1656.00 | 迭代耗时: 0.76s | 
2025-04-08 16:09:22,404 - INFO - 迭代 74/100 | 阶段: evolutionary learning | 最佳完工时间: 1656.00 | 迭代耗时: 0.78s | 
2025-04-08 16:09:23,152 - INFO - In generation 75, EL found new best solution with makespan: 1655.00
2025-04-08 16:09:23,152 - INFO - 迭代 75/100 | 阶段: evolutionary learning | 最佳完工时间: 1655.00 | 迭代耗时: 0.75s | 
2025-04-08 16:09:23,891 - INFO - 迭代 76/100 | 阶段: evolutionary learning | 最佳完工时间: 1655.00 | 迭代耗时: 0.74s | 
2025-04-08 16:09:24,643 - INFO - 迭代 77/100 | 阶段: evolutionary learning | 最佳完工时间: 1655.00 | 迭代耗时: 0.75s | 
2025-04-08 16:09:25,385 - INFO - In generation 78, EL found new best solution with makespan: 1642.00
2025-04-08 16:09:25,386 - INFO - 迭代 78/100 | 阶段: evolutionary learning | 最佳完工时间: 1642.00 | 迭代耗时: 0.74s | 
2025-04-08 16:09:26,126 - INFO - In generation 79, EL found new best solution with makespan: 1637.00
2025-04-08 16:09:26,128 - INFO - 迭代 79/100 | 阶段: evolutionary learning | 最佳完工时间: 1637.00 | 迭代耗时: 0.74s | 
2025-04-08 16:09:26,879 - INFO - 迭代 80/100 | 阶段: evolutionary learning | 最佳完工时间: 1637.00 | 迭代耗时: 0.75s | 
2025-04-08 16:09:27,628 - INFO - 迭代 81/100 | 阶段: evolutionary learning | 最佳完工时间: 1637.00 | 迭代耗时: 0.75s | 
2025-04-08 16:09:28,378 - INFO - 迭代 82/100 | 阶段: evolutionary learning | 最佳完工时间: 1637.00 | 迭代耗时: 0.75s | 
2025-04-08 16:09:29,112 - INFO - 迭代 83/100 | 阶段: evolutionary learning | 最佳完工时间: 1637.00 | 迭代耗时: 0.73s | 
2025-04-08 16:09:29,847 - INFO - In generation 84, EL found new best solution with makespan: 1632.00
2025-04-08 16:09:29,847 - INFO - 迭代 84/100 | 阶段: evolutionary learning | 最佳完工时间: 1632.00 | 迭代耗时: 0.74s | 
2025-04-08 16:09:30,585 - INFO - 迭代 85/100 | 阶段: evolutionary learning | 最佳完工时间: 1632.00 | 迭代耗时: 0.74s | 
2025-04-08 16:09:31,323 - INFO - 迭代 86/100 | 阶段: evolutionary learning | 最佳完工时间: 1632.00 | 迭代耗时: 0.74s | 
2025-04-08 16:09:32,062 - INFO - In generation 87, EL found new best solution with makespan: 1624.00
2025-04-08 16:09:32,062 - INFO - 迭代 87/100 | 阶段: evolutionary learning | 最佳完工时间: 1624.00 | 迭代耗时: 0.74s | 
2025-04-08 16:09:32,800 - INFO - 迭代 88/100 | 阶段: evolutionary learning | 最佳完工时间: 1624.00 | 迭代耗时: 0.74s | 
2025-04-08 16:09:33,535 - INFO - In generation 89, EL found new best solution with makespan: 1622.00
2025-04-08 16:09:33,536 - INFO - 迭代 89/100 | 阶段: evolutionary learning | 最佳完工时间: 1622.00 | 迭代耗时: 0.73s | 
2025-04-08 16:09:34,274 - INFO - 迭代 90/100 | 阶段: evolutionary learning | 最佳完工时间: 1622.00 | 迭代耗时: 0.74s | 
2025-04-08 16:09:35,014 - INFO - In generation 91, EL found new best solution with makespan: 1621.00
2025-04-08 16:09:35,014 - INFO - 迭代 91/100 | 阶段: evolutionary learning | 最佳完工时间: 1621.00 | 迭代耗时: 0.74s | 
2025-04-08 16:09:35,752 - INFO - 迭代 92/100 | 阶段: evolutionary learning | 最佳完工时间: 1621.00 | 迭代耗时: 0.74s | 
2025-04-08 16:09:36,495 - INFO - In generation 93, EL found new best solution with makespan: 1615.00
2025-04-08 16:09:36,496 - INFO - 迭代 93/100 | 阶段: evolutionary learning | 最佳完工时间: 1615.00 | 迭代耗时: 0.74s | 
2025-04-08 16:09:37,234 - INFO - 迭代 94/100 | 阶段: evolutionary learning | 最佳完工时间: 1615.00 | 迭代耗时: 0.74s | 
2025-04-08 16:09:37,958 - INFO - In generation 95, EL found new best solution with makespan: 1610.00
2025-04-08 16:09:37,959 - INFO - 迭代 95/100 | 阶段: evolutionary learning | 最佳完工时间: 1610.00 | 迭代耗时: 0.72s | 
2025-04-08 16:09:38,697 - INFO - 迭代 96/100 | 阶段: evolutionary learning | 最佳完工时间: 1610.00 | 迭代耗时: 0.74s | 
2025-04-08 16:09:39,428 - INFO - 迭代 97/100 | 阶段: evolutionary learning | 最佳完工时间: 1610.00 | 迭代耗时: 0.73s | 
2025-04-08 16:09:40,160 - INFO - 迭代 98/100 | 阶段: evolutionary learning | 最佳完工时间: 1610.00 | 迭代耗时: 0.73s | 
2025-04-08 16:09:40,894 - INFO - In generation 99, EL found new best solution with makespan: 1607.00
2025-04-08 16:09:40,894 - INFO - 迭代 99/100 | 阶段: evolutionary learning | 最佳完工时间: 1607.00 | 迭代耗时: 0.73s | 
2025-04-08 16:09:41,630 - INFO - 迭代 100/100 | 阶段: evolutionary learning | 最佳完工时间: 1607.00 | 迭代耗时: 0.74s | 
2025-04-08 16:09:41,630 - INFO - ==================================================
2025-04-08 16:09:41,630 - INFO - Best solution found with makespan: 1607.00s at generation: 100
2025-04-08 16:09:41,631 - INFO - Total time: 70.40s
2025-04-08 16:09:41,764 - INFO - Convergence curve saved to: blea_convergence.png
