2025-04-08 16:04:08,003 - DEBUG - 开始两阶段混合学习算法，最大迭代次数: 100
2025-04-08 16:04:08,006 - DEBUG - 迭代 1：SL初始化种群，大小: 100
2025-04-08 16:04:08,468 - INFO - 迭代 1：SL初始化概率模型完成
2025-04-08 16:04:08,468 - INFO - 迭代 1：SL找到新的最优解，完工时间: 1932.00，pointer=0
2025-04-08 16:04:08,469 - DEBUG - 迭代 1/100 | 阶段: statistical learning | 最佳完工时间: 1932.00 | 迭代耗时: 0.47s | 
2025-04-08 16:04:08,478 - DEBUG - 迭代 2：SL生成新种群，大小: 100
2025-04-08 16:04:08,966 - DEBUG - 迭代 2：SL更新概率模型完成
2025-04-08 16:04:08,966 - DEBUG - 迭代 2：SL未找到更好的解，pointer增加到1
2025-04-08 16:04:08,969 - DEBUG - 迭代 2/100 | 阶段: statistical learning | 最佳完工时间: 1932.00 | 迭代耗时: 0.50s | 
2025-04-08 16:04:08,977 - DEBUG - 迭代 3：SL生成新种群，大小: 100
2025-04-08 16:04:09,441 - DEBUG - 迭代 3：SL更新概率模型完成
2025-04-08 16:04:09,441 - INFO - 迭代 3：SL找到新的最优解，完工时间: 1927.00，pointer=0
2025-04-08 16:04:09,441 - DEBUG - 迭代 3/100 | 阶段: statistical learning | 最佳完工时间: 1927.00 | 迭代耗时: 0.47s | 
2025-04-08 16:04:09,448 - DEBUG - 迭代 4：SL生成新种群，大小: 100
2025-04-08 16:04:09,916 - DEBUG - 迭代 4：SL更新概率模型完成
2025-04-08 16:04:09,916 - DEBUG - 迭代 4：SL未找到更好的解，pointer增加到1
2025-04-08 16:04:09,916 - DEBUG - 迭代 4/100 | 阶段: statistical learning | 最佳完工时间: 1927.00 | 迭代耗时: 0.48s | 
2025-04-08 16:04:09,925 - DEBUG - 迭代 5：SL生成新种群，大小: 100
2025-04-08 16:04:10,389 - DEBUG - 迭代 5：SL更新概率模型完成
2025-04-08 16:04:10,389 - DEBUG - 迭代 5：SL未找到更好的解，pointer增加到2
2025-04-08 16:04:10,389 - DEBUG - 迭代 5/100 | 阶段: statistical learning | 最佳完工时间: 1927.00 | 迭代耗时: 0.47s | 
2025-04-08 16:04:10,397 - DEBUG - 迭代 6：SL生成新种群，大小: 100
2025-04-08 16:04:10,858 - DEBUG - 迭代 6：SL更新概率模型完成
2025-04-08 16:04:10,860 - INFO - 迭代 6：SL找到新的最优解，完工时间: 1917.00，pointer=0
2025-04-08 16:04:10,860 - DEBUG - 迭代 6/100 | 阶段: statistical learning | 最佳完工时间: 1917.00 | 迭代耗时: 0.47s | 
2025-04-08 16:04:10,868 - DEBUG - 迭代 7：SL生成新种群，大小: 100
2025-04-08 16:04:11,334 - DEBUG - 迭代 7：SL更新概率模型完成
2025-04-08 16:04:11,334 - DEBUG - 迭代 7：SL未找到更好的解，pointer增加到1
2025-04-08 16:04:11,334 - DEBUG - 迭代 7/100 | 阶段: statistical learning | 最佳完工时间: 1917.00 | 迭代耗时: 0.47s | 
2025-04-08 16:04:11,342 - DEBUG - 迭代 8：SL生成新种群，大小: 100
2025-04-08 16:04:11,796 - DEBUG - 迭代 8：SL更新概率模型完成
2025-04-08 16:04:11,796 - DEBUG - 迭代 8：SL未找到更好的解，pointer增加到2
2025-04-08 16:04:11,798 - DEBUG - 迭代 8/100 | 阶段: statistical learning | 最佳完工时间: 1917.00 | 迭代耗时: 0.46s | 
2025-04-08 16:04:11,805 - DEBUG - 迭代 9：SL生成新种群，大小: 100
2025-04-08 16:04:12,264 - DEBUG - 迭代 9：SL更新概率模型完成
2025-04-08 16:04:12,264 - DEBUG - 迭代 9：SL未找到更好的解，pointer增加到3
2025-04-08 16:04:12,264 - DEBUG - 迭代 9/100 | 阶段: statistical learning | 最佳完工时间: 1917.00 | 迭代耗时: 0.47s | 
2025-04-08 16:04:12,272 - DEBUG - 迭代 10：SL生成新种群，大小: 100
2025-04-08 16:04:12,730 - DEBUG - 迭代 10：SL更新概率模型完成
2025-04-08 16:04:12,730 - INFO - 迭代 10：SL找到新的最优解，完工时间: 1872.00，pointer=0
2025-04-08 16:04:12,730 - DEBUG - 迭代 10/100 | 阶段: statistical learning | 最佳完工时间: 1872.00 | 迭代耗时: 0.47s | 
2025-04-08 16:04:12,738 - DEBUG - 迭代 11：SL生成新种群，大小: 100
2025-04-08 16:04:13,214 - DEBUG - 迭代 11：SL更新概率模型完成
2025-04-08 16:04:13,214 - DEBUG - 迭代 11：SL未找到更好的解，pointer增加到1
2025-04-08 16:04:13,214 - DEBUG - 迭代 11/100 | 阶段: statistical learning | 最佳完工时间: 1872.00 | 迭代耗时: 0.48s | 
2025-04-08 16:04:13,222 - DEBUG - 迭代 12：SL生成新种群，大小: 100
2025-04-08 16:04:13,682 - DEBUG - 迭代 12：SL更新概率模型完成
2025-04-08 16:04:13,682 - DEBUG - 迭代 12：SL未找到更好的解，pointer增加到2
2025-04-08 16:04:13,682 - DEBUG - 迭代 12/100 | 阶段: statistical learning | 最佳完工时间: 1872.00 | 迭代耗时: 0.47s | 
2025-04-08 16:04:13,690 - DEBUG - 迭代 13：SL生成新种群，大小: 100
2025-04-08 16:04:14,150 - DEBUG - 迭代 13：SL更新概率模型完成
2025-04-08 16:04:14,150 - DEBUG - 迭代 13：SL未找到更好的解，pointer增加到3
2025-04-08 16:04:14,150 - DEBUG - 迭代 13/100 | 阶段: statistical learning | 最佳完工时间: 1872.00 | 迭代耗时: 0.47s | 
2025-04-08 16:04:14,159 - DEBUG - 迭代 14：SL生成新种群，大小: 100
2025-04-08 16:04:14,615 - DEBUG - 迭代 14：SL更新概率模型完成
2025-04-08 16:04:14,615 - DEBUG - 迭代 14：SL未找到更好的解，pointer增加到4
2025-04-08 16:04:14,616 - DEBUG - 迭代 14/100 | 阶段: statistical learning | 最佳完工时间: 1872.00 | 迭代耗时: 0.47s | 
2025-04-08 16:04:14,623 - DEBUG - 迭代 15：SL生成新种群，大小: 100
2025-04-08 16:04:15,092 - DEBUG - 迭代 15：SL更新概率模型完成
2025-04-08 16:04:15,092 - DEBUG - 迭代 15：SL未找到更好的解，pointer增加到5
2025-04-08 16:04:15,092 - INFO - 迭代 15：SL阶段终止条件满足，切换到EL阶段
2025-04-08 16:04:15,092 - INFO - 迭代 15：pointer=5, threshold=4.30
2025-04-08 16:04:15,093 - INFO - 切换到EL阶段，使用SL种群初始化EL种群，种群大小: 100
2025-04-08 16:04:15,093 - INFO - 切换到EL阶段，使用SL种群初始化EL种群，种群大小: 100
2025-04-08 16:04:15,093 - DEBUG - 迭代 15/100 | 阶段: evolutionary learning | 最佳完工时间: 1872.00 | 迭代耗时: 0.48s | 
2025-04-08 16:04:15,843 - DEBUG - 迭代 16/100 | 阶段: evolutionary learning | 最佳完工时间: 1872.00 | 迭代耗时: 0.75s | 
2025-04-08 16:04:16,586 - DEBUG - 迭代 17/100 | 阶段: evolutionary learning | 最佳完工时间: 1872.00 | 迭代耗时: 0.74s | 
2025-04-08 16:04:17,330 - DEBUG - 迭代 18/100 | 阶段: evolutionary learning | 最佳完工时间: 1872.00 | 迭代耗时: 0.74s | 
2025-04-08 16:04:18,071 - DEBUG - 迭代 19/100 | 阶段: evolutionary learning | 最佳完工时间: 1872.00 | 迭代耗时: 0.74s | 
2025-04-08 16:04:18,813 - DEBUG - 迭代 20/100 | 阶段: evolutionary learning | 最佳完工时间: 1872.00 | 迭代耗时: 0.74s | 
2025-04-08 16:04:19,566 - DEBUG - 迭代 21/100 | 阶段: evolutionary learning | 最佳完工时间: 1872.00 | 迭代耗时: 0.75s | 
2025-04-08 16:04:20,328 - DEBUG - 迭代 22/100 | 阶段: evolutionary learning | 最佳完工时间: 1872.00 | 迭代耗时: 0.76s | 
2025-04-08 16:04:21,067 - DEBUG - 迭代 23/100 | 阶段: evolutionary learning | 最佳完工时间: 1872.00 | 迭代耗时: 0.74s | 
2025-04-08 16:04:21,814 - INFO - 迭代 24：EL找到新的最优解，完工时间: 1849.00
2025-04-08 16:04:21,814 - DEBUG - 迭代 24/100 | 阶段: evolutionary learning | 最佳完工时间: 1849.00 | 迭代耗时: 0.75s | 
2025-04-08 16:04:22,562 - DEBUG - 迭代 25/100 | 阶段: evolutionary learning | 最佳完工时间: 1849.00 | 迭代耗时: 0.75s | 
2025-04-08 16:04:23,310 - DEBUG - 迭代 26/100 | 阶段: evolutionary learning | 最佳完工时间: 1849.00 | 迭代耗时: 0.75s | 
2025-04-08 16:04:24,051 - INFO - 迭代 27：EL找到新的最优解，完工时间: 1846.00
2025-04-08 16:04:24,051 - DEBUG - 迭代 27/100 | 阶段: evolutionary learning | 最佳完工时间: 1846.00 | 迭代耗时: 0.74s | 
2025-04-08 16:04:24,815 - INFO - 迭代 28：EL找到新的最优解，完工时间: 1802.00
2025-04-08 16:04:24,815 - DEBUG - 迭代 28/100 | 阶段: evolutionary learning | 最佳完工时间: 1802.00 | 迭代耗时: 0.76s | 
2025-04-08 16:04:25,559 - DEBUG - 迭代 29/100 | 阶段: evolutionary learning | 最佳完工时间: 1802.00 | 迭代耗时: 0.74s | 
2025-04-08 16:04:26,294 - DEBUG - 迭代 30/100 | 阶段: evolutionary learning | 最佳完工时间: 1802.00 | 迭代耗时: 0.73s | 
2025-04-08 16:04:27,041 - INFO - 迭代 31：EL找到新的最优解，完工时间: 1794.00
2025-04-08 16:04:27,041 - DEBUG - 迭代 31/100 | 阶段: evolutionary learning | 最佳完工时间: 1794.00 | 迭代耗时: 0.75s | 
2025-04-08 16:04:27,793 - DEBUG - 迭代 32/100 | 阶段: evolutionary learning | 最佳完工时间: 1794.00 | 迭代耗时: 0.75s | 
2025-04-08 16:04:28,532 - DEBUG - 迭代 33/100 | 阶段: evolutionary learning | 最佳完工时间: 1794.00 | 迭代耗时: 0.74s | 
2025-04-08 16:04:29,274 - DEBUG - 迭代 34/100 | 阶段: evolutionary learning | 最佳完工时间: 1794.00 | 迭代耗时: 0.74s | 
2025-04-08 16:04:30,012 - DEBUG - 迭代 35/100 | 阶段: evolutionary learning | 最佳完工时间: 1794.00 | 迭代耗时: 0.74s | 
2025-04-08 16:04:30,757 - DEBUG - 迭代 36/100 | 阶段: evolutionary learning | 最佳完工时间: 1794.00 | 迭代耗时: 0.74s | 
2025-04-08 16:04:31,525 - DEBUG - 迭代 37/100 | 阶段: evolutionary learning | 最佳完工时间: 1794.00 | 迭代耗时: 0.77s | 
2025-04-08 16:04:32,263 - INFO - 迭代 38：EL找到新的最优解，完工时间: 1788.00
2025-04-08 16:04:32,263 - DEBUG - 迭代 38/100 | 阶段: evolutionary learning | 最佳完工时间: 1788.00 | 迭代耗时: 0.74s | 
2025-04-08 16:04:33,034 - DEBUG - 迭代 39/100 | 阶段: evolutionary learning | 最佳完工时间: 1788.00 | 迭代耗时: 0.77s | 
2025-04-08 16:04:33,780 - DEBUG - 迭代 40/100 | 阶段: evolutionary learning | 最佳完工时间: 1788.00 | 迭代耗时: 0.75s | 
2025-04-08 16:04:34,523 - INFO - 迭代 41：EL找到新的最优解，完工时间: 1780.00
2025-04-08 16:04:34,523 - DEBUG - 迭代 41/100 | 阶段: evolutionary learning | 最佳完工时间: 1780.00 | 迭代耗时: 0.74s | 
2025-04-08 16:04:35,267 - DEBUG - 迭代 42/100 | 阶段: evolutionary learning | 最佳完工时间: 1780.00 | 迭代耗时: 0.74s | 
2025-04-08 16:04:36,005 - INFO - 迭代 43：EL找到新的最优解，完工时间: 1768.00
2025-04-08 16:04:36,005 - DEBUG - 迭代 43/100 | 阶段: evolutionary learning | 最佳完工时间: 1768.00 | 迭代耗时: 0.74s | 
2025-04-08 16:04:36,762 - INFO - 迭代 44：EL找到新的最优解，完工时间: 1725.00
2025-04-08 16:04:36,762 - DEBUG - 迭代 44/100 | 阶段: evolutionary learning | 最佳完工时间: 1725.00 | 迭代耗时: 0.76s | 
2025-04-08 16:04:37,520 - DEBUG - 迭代 45/100 | 阶段: evolutionary learning | 最佳完工时间: 1725.00 | 迭代耗时: 0.76s | 
2025-04-08 16:04:38,269 - DEBUG - 迭代 46/100 | 阶段: evolutionary learning | 最佳完工时间: 1725.00 | 迭代耗时: 0.75s | 
2025-04-08 16:04:39,009 - DEBUG - 迭代 47/100 | 阶段: evolutionary learning | 最佳完工时间: 1725.00 | 迭代耗时: 0.74s | 
2025-04-08 16:04:39,755 - DEBUG - 迭代 48/100 | 阶段: evolutionary learning | 最佳完工时间: 1725.00 | 迭代耗时: 0.75s | 
2025-04-08 16:04:40,500 - DEBUG - 迭代 49/100 | 阶段: evolutionary learning | 最佳完工时间: 1725.00 | 迭代耗时: 0.74s | 
2025-04-08 16:04:41,242 - INFO - 迭代 50：EL找到新的最优解，完工时间: 1720.00
2025-04-08 16:04:41,242 - DEBUG - 迭代 50/100 | 阶段: evolutionary learning | 最佳完工时间: 1720.00 | 迭代耗时: 0.74s | 
2025-04-08 16:04:41,986 - DEBUG - 迭代 51/100 | 阶段: evolutionary learning | 最佳完工时间: 1720.00 | 迭代耗时: 0.74s | 
2025-04-08 16:04:42,726 - INFO - 迭代 52：EL找到新的最优解，完工时间: 1690.00
2025-04-08 16:04:42,726 - DEBUG - 迭代 52/100 | 阶段: evolutionary learning | 最佳完工时间: 1690.00 | 迭代耗时: 0.74s | 
2025-04-08 16:04:43,474 - DEBUG - 迭代 53/100 | 阶段: evolutionary learning | 最佳完工时间: 1690.00 | 迭代耗时: 0.75s | 
2025-04-08 16:04:44,216 - DEBUG - 迭代 54/100 | 阶段: evolutionary learning | 最佳完工时间: 1690.00 | 迭代耗时: 0.74s | 
2025-04-08 16:04:44,959 - DEBUG - 迭代 55/100 | 阶段: evolutionary learning | 最佳完工时间: 1690.00 | 迭代耗时: 0.74s | 
2025-04-08 16:04:45,700 - DEBUG - 迭代 56/100 | 阶段: evolutionary learning | 最佳完工时间: 1690.00 | 迭代耗时: 0.74s | 
2025-04-08 16:04:46,452 - DEBUG - 迭代 57/100 | 阶段: evolutionary learning | 最佳完工时间: 1690.00 | 迭代耗时: 0.75s | 
2025-04-08 16:04:47,199 - DEBUG - 迭代 58/100 | 阶段: evolutionary learning | 最佳完工时间: 1690.00 | 迭代耗时: 0.75s | 
2025-04-08 16:04:47,944 - DEBUG - 迭代 59/100 | 阶段: evolutionary learning | 最佳完工时间: 1690.00 | 迭代耗时: 0.74s | 
2025-04-08 16:04:48,688 - DEBUG - 迭代 60/100 | 阶段: evolutionary learning | 最佳完工时间: 1690.00 | 迭代耗时: 0.74s | 
2025-04-08 16:04:49,430 - DEBUG - 迭代 61/100 | 阶段: evolutionary learning | 最佳完工时间: 1690.00 | 迭代耗时: 0.74s | 
2025-04-08 16:04:50,166 - DEBUG - 迭代 62/100 | 阶段: evolutionary learning | 最佳完工时间: 1690.00 | 迭代耗时: 0.74s | 
2025-04-08 16:04:50,908 - INFO - 迭代 63：EL找到新的最优解，完工时间: 1684.00
2025-04-08 16:04:50,908 - DEBUG - 迭代 63/100 | 阶段: evolutionary learning | 最佳完工时间: 1684.00 | 迭代耗时: 0.74s | 
2025-04-08 16:04:51,651 - INFO - 迭代 64：EL找到新的最优解，完工时间: 1672.00
2025-04-08 16:04:51,651 - DEBUG - 迭代 64/100 | 阶段: evolutionary learning | 最佳完工时间: 1672.00 | 迭代耗时: 0.74s | 
2025-04-08 16:04:52,420 - DEBUG - 迭代 65/100 | 阶段: evolutionary learning | 最佳完工时间: 1672.00 | 迭代耗时: 0.77s | 
2025-04-08 16:04:53,160 - DEBUG - 迭代 66/100 | 阶段: evolutionary learning | 最佳完工时间: 1672.00 | 迭代耗时: 0.74s | 
2025-04-08 16:04:53,901 - DEBUG - 迭代 67/100 | 阶段: evolutionary learning | 最佳完工时间: 1672.00 | 迭代耗时: 0.74s | 
2025-04-08 16:04:54,644 - DEBUG - 迭代 68/100 | 阶段: evolutionary learning | 最佳完工时间: 1672.00 | 迭代耗时: 0.74s | 
2025-04-08 16:04:55,395 - INFO - 迭代 69：EL找到新的最优解，完工时间: 1670.00
2025-04-08 16:04:55,395 - DEBUG - 迭代 69/100 | 阶段: evolutionary learning | 最佳完工时间: 1670.00 | 迭代耗时: 0.75s | 
2025-04-08 16:04:56,155 - INFO - 迭代 70：EL找到新的最优解，完工时间: 1657.00
2025-04-08 16:04:56,155 - DEBUG - 迭代 70/100 | 阶段: evolutionary learning | 最佳完工时间: 1657.00 | 迭代耗时: 0.76s | 
2025-04-08 16:04:56,912 - DEBUG - 迭代 71/100 | 阶段: evolutionary learning | 最佳完工时间: 1657.00 | 迭代耗时: 0.76s | 
2025-04-08 16:04:57,665 - DEBUG - 迭代 72/100 | 阶段: evolutionary learning | 最佳完工时间: 1657.00 | 迭代耗时: 0.75s | 
2025-04-08 16:04:58,413 - INFO - 迭代 73：EL找到新的最优解，完工时间: 1656.00
2025-04-08 16:04:58,413 - DEBUG - 迭代 73/100 | 阶段: evolutionary learning | 最佳完工时间: 1656.00 | 迭代耗时: 0.75s | 
2025-04-08 16:04:59,191 - INFO - 迭代 74：EL找到新的最优解，完工时间: 1653.00
2025-04-08 16:04:59,191 - DEBUG - 迭代 74/100 | 阶段: evolutionary learning | 最佳完工时间: 1653.00 | 迭代耗时: 0.78s | 
2025-04-08 16:04:59,957 - INFO - 迭代 75：EL找到新的最优解，完工时间: 1647.00
2025-04-08 16:04:59,957 - DEBUG - 迭代 75/100 | 阶段: evolutionary learning | 最佳完工时间: 1647.00 | 迭代耗时: 0.77s | 
2025-04-08 16:05:00,741 - DEBUG - 迭代 76/100 | 阶段: evolutionary learning | 最佳完工时间: 1647.00 | 迭代耗时: 0.78s | 
2025-04-08 16:05:01,497 - DEBUG - 迭代 77/100 | 阶段: evolutionary learning | 最佳完工时间: 1647.00 | 迭代耗时: 0.76s | 
2025-04-08 16:05:02,330 - INFO - 迭代 78：EL找到新的最优解，完工时间: 1625.00
2025-04-08 16:05:02,330 - DEBUG - 迭代 78/100 | 阶段: evolutionary learning | 最佳完工时间: 1625.00 | 迭代耗时: 0.83s | 
2025-04-08 16:05:03,080 - DEBUG - 迭代 79/100 | 阶段: evolutionary learning | 最佳完工时间: 1625.00 | 迭代耗时: 0.75s | 
2025-04-08 16:05:03,825 - DEBUG - 迭代 80/100 | 阶段: evolutionary learning | 最佳完工时间: 1625.00 | 迭代耗时: 0.74s | 
2025-04-08 16:05:04,572 - DEBUG - 迭代 81/100 | 阶段: evolutionary learning | 最佳完工时间: 1625.00 | 迭代耗时: 0.75s | 
2025-04-08 16:05:05,322 - DEBUG - 迭代 82/100 | 阶段: evolutionary learning | 最佳完工时间: 1625.00 | 迭代耗时: 0.75s | 
2025-04-08 16:05:06,129 - DEBUG - 迭代 83/100 | 阶段: evolutionary learning | 最佳完工时间: 1625.00 | 迭代耗时: 0.81s | 
2025-04-08 16:05:06,884 - DEBUG - 迭代 84/100 | 阶段: evolutionary learning | 最佳完工时间: 1625.00 | 迭代耗时: 0.75s | 
2025-04-08 16:05:07,634 - DEBUG - 迭代 85/100 | 阶段: evolutionary learning | 最佳完工时间: 1625.00 | 迭代耗时: 0.75s | 
2025-04-08 16:05:08,437 - DEBUG - 迭代 86/100 | 阶段: evolutionary learning | 最佳完工时间: 1625.00 | 迭代耗时: 0.80s | 
2025-04-08 16:05:09,199 - DEBUG - 迭代 87/100 | 阶段: evolutionary learning | 最佳完工时间: 1625.00 | 迭代耗时: 0.76s | 
2025-04-08 16:05:09,948 - DEBUG - 迭代 88/100 | 阶段: evolutionary learning | 最佳完工时间: 1625.00 | 迭代耗时: 0.75s | 
2025-04-08 16:05:10,692 - INFO - 迭代 89：EL找到新的最优解，完工时间: 1618.00
2025-04-08 16:05:10,692 - DEBUG - 迭代 89/100 | 阶段: evolutionary learning | 最佳完工时间: 1618.00 | 迭代耗时: 0.74s | 
2025-04-08 16:05:11,443 - DEBUG - 迭代 90/100 | 阶段: evolutionary learning | 最佳完工时间: 1618.00 | 迭代耗时: 0.75s | 
2025-04-08 16:05:12,195 - INFO - 迭代 91：EL找到新的最优解，完工时间: 1606.00
2025-04-08 16:05:12,195 - DEBUG - 迭代 91/100 | 阶段: evolutionary learning | 最佳完工时间: 1606.00 | 迭代耗时: 0.75s | 
2025-04-08 16:05:12,945 - DEBUG - 迭代 92/100 | 阶段: evolutionary learning | 最佳完工时间: 1606.00 | 迭代耗时: 0.75s | 
2025-04-08 16:05:13,716 - DEBUG - 迭代 93/100 | 阶段: evolutionary learning | 最佳完工时间: 1606.00 | 迭代耗时: 0.77s | 
2025-04-08 16:05:14,468 - DEBUG - 迭代 94/100 | 阶段: evolutionary learning | 最佳完工时间: 1606.00 | 迭代耗时: 0.75s | 
2025-04-08 16:05:15,207 - DEBUG - 迭代 95/100 | 阶段: evolutionary learning | 最佳完工时间: 1606.00 | 迭代耗时: 0.74s | 
2025-04-08 16:05:15,947 - DEBUG - 迭代 96/100 | 阶段: evolutionary learning | 最佳完工时间: 1606.00 | 迭代耗时: 0.74s | 
2025-04-08 16:05:16,695 - INFO - 迭代 97：EL找到新的最优解，完工时间: 1602.00
2025-04-08 16:05:16,695 - DEBUG - 迭代 97/100 | 阶段: evolutionary learning | 最佳完工时间: 1602.00 | 迭代耗时: 0.75s | 
2025-04-08 16:05:17,449 - DEBUG - 迭代 98/100 | 阶段: evolutionary learning | 最佳完工时间: 1602.00 | 迭代耗时: 0.75s | 
2025-04-08 16:05:18,196 - DEBUG - 迭代 99/100 | 阶段: evolutionary learning | 最佳完工时间: 1602.00 | 迭代耗时: 0.75s | 
2025-04-08 16:05:18,935 - DEBUG - 迭代 100/100 | 阶段: evolutionary learning | 最佳完工时间: 1602.00 | 迭代耗时: 0.74s | 
2025-04-08 16:05:18,935 - INFO - ==================================================
2025-04-08 16:05:18,935 - INFO - Best solution found with makespan: 1602.00s at generation: 100
2025-04-08 16:05:18,935 - INFO - Total time: 70.93s
2025-04-08 16:05:19,086 - INFO - Convergence curve saved to: blea_convergence.png
