2025-04-08 15:48:02,197 - DEBUG - 开始两阶段混合学习算法，最大迭代次数: 100
2025-04-08 15:48:02,665 - INFO - 迭代 1：SL找到新的最优解，完工时间: 1949.00，pointer=0
2025-04-08 15:48:02,665 - DEBUG - 迭代 1/100 | 阶段: statistical learning | 最佳完工时间: 1949.00 | 迭代耗时: 0.47s | 
2025-04-08 15:48:03,140 - INFO - 迭代 2：SL找到新的最优解，完工时间: 1930.00，pointer=0
2025-04-08 15:48:03,141 - DEBUG - 迭代 2/100 | 阶段: statistical learning | 最佳完工时间: 1930.00 | 迭代耗时: 0.48s | 
2025-04-08 15:48:03,620 - DEBUG - 迭代 3：SL未找到更好的解，pointer增加到1
2025-04-08 15:48:03,620 - DEBUG - 迭代 3/100 | 阶段: statistical learning | 最佳完工时间: 1930.00 | 迭代耗时: 0.48s | 
2025-04-08 15:48:04,101 - DEBUG - 迭代 4：SL未找到更好的解，pointer增加到2
2025-04-08 15:48:04,101 - DEBUG - 迭代 4/100 | 阶段: statistical learning | 最佳完工时间: 1930.00 | 迭代耗时: 0.48s | 
2025-04-08 15:48:04,576 - INFO - 迭代 5：SL找到新的最优解，完工时间: 1887.00，pointer=0
2025-04-08 15:48:04,576 - DEBUG - 迭代 5/100 | 阶段: statistical learning | 最佳完工时间: 1887.00 | 迭代耗时: 0.48s | 
2025-04-08 15:48:05,051 - DEBUG - 迭代 6：SL未找到更好的解，pointer增加到1
2025-04-08 15:48:05,051 - DEBUG - 迭代 6/100 | 阶段: statistical learning | 最佳完工时间: 1887.00 | 迭代耗时: 0.47s | 
2025-04-08 15:48:05,536 - DEBUG - 迭代 7：SL未找到更好的解，pointer增加到2
2025-04-08 15:48:05,536 - DEBUG - 迭代 7/100 | 阶段: statistical learning | 最佳完工时间: 1887.00 | 迭代耗时: 0.48s | 
2025-04-08 15:48:06,018 - DEBUG - 迭代 8：SL未找到更好的解，pointer增加到3
2025-04-08 15:48:06,018 - DEBUG - 迭代 8/100 | 阶段: statistical learning | 最佳完工时间: 1887.00 | 迭代耗时: 0.48s | 
2025-04-08 15:48:06,492 - DEBUG - 迭代 9：SL未找到更好的解，pointer增加到4
2025-04-08 15:48:06,492 - DEBUG - 迭代 9/100 | 阶段: statistical learning | 最佳完工时间: 1887.00 | 迭代耗时: 0.47s | 
2025-04-08 15:48:06,966 - DEBUG - 迭代 10：SL未找到更好的解，pointer增加到5
2025-04-08 15:48:06,966 - INFO - 迭代 10：SL阶段终止条件满足，切换到EL阶段
2025-04-08 15:48:06,966 - INFO - 迭代 10：pointer=5, threshold=4.55
2025-04-08 15:48:06,966 - INFO - 切换到EL阶段，使用SL种群初始化EL种群，种群大小: 100
2025-04-08 15:48:06,966 - DEBUG - 迭代 10/100 | 阶段: evolutionary learning | 最佳完工时间: 1887.00 | 迭代耗时: 0.47s | 
2025-04-08 15:48:07,724 - DEBUG - 迭代 11/100 | 阶段: evolutionary learning | 最佳完工时间: 1887.00 | 迭代耗时: 0.76s | 
2025-04-08 15:48:08,487 - DEBUG - 迭代 12/100 | 阶段: evolutionary learning | 最佳完工时间: 1887.00 | 迭代耗时: 0.76s | 
2025-04-08 15:48:09,238 - INFO - 迭代 13：EL找到新的最优解，完工时间: 1876.00
2025-04-08 15:48:09,238 - DEBUG - 迭代 13/100 | 阶段: evolutionary learning | 最佳完工时间: 1876.00 | 迭代耗时: 0.75s | 
2025-04-08 15:48:09,986 - DEBUG - 迭代 14/100 | 阶段: evolutionary learning | 最佳完工时间: 1876.00 | 迭代耗时: 0.75s | 
2025-04-08 15:48:10,767 - DEBUG - 迭代 15/100 | 阶段: evolutionary learning | 最佳完工时间: 1876.00 | 迭代耗时: 0.78s | 
2025-04-08 15:48:11,516 - INFO - 迭代 16：EL找到新的最优解，完工时间: 1857.00
2025-04-08 15:48:11,516 - DEBUG - 迭代 16/100 | 阶段: evolutionary learning | 最佳完工时间: 1857.00 | 迭代耗时: 0.75s | 
2025-04-08 15:48:12,281 - DEBUG - 迭代 17/100 | 阶段: evolutionary learning | 最佳完工时间: 1857.00 | 迭代耗时: 0.77s | 
2025-04-08 15:48:13,078 - INFO - 迭代 18：EL找到新的最优解，完工时间: 1851.00
2025-04-08 15:48:13,079 - DEBUG - 迭代 18/100 | 阶段: evolutionary learning | 最佳完工时间: 1851.00 | 迭代耗时: 0.80s | 
2025-04-08 15:48:13,837 - DEBUG - 迭代 19/100 | 阶段: evolutionary learning | 最佳完工时间: 1851.00 | 迭代耗时: 0.76s | 
2025-04-08 15:48:14,611 - INFO - 迭代 20：EL找到新的最优解，完工时间: 1843.00
2025-04-08 15:48:14,611 - DEBUG - 迭代 20/100 | 阶段: evolutionary learning | 最佳完工时间: 1843.00 | 迭代耗时: 0.77s | 
2025-04-08 15:48:15,368 - INFO - 迭代 21：EL找到新的最优解，完工时间: 1830.00
2025-04-08 15:48:15,369 - DEBUG - 迭代 21/100 | 阶段: evolutionary learning | 最佳完工时间: 1830.00 | 迭代耗时: 0.76s | 
2025-04-08 15:48:16,130 - DEBUG - 迭代 22/100 | 阶段: evolutionary learning | 最佳完工时间: 1830.00 | 迭代耗时: 0.76s | 
2025-04-08 15:48:16,888 - DEBUG - 迭代 23/100 | 阶段: evolutionary learning | 最佳完工时间: 1830.00 | 迭代耗时: 0.76s | 
2025-04-08 15:48:17,645 - INFO - 迭代 24：EL找到新的最优解，完工时间: 1810.00
2025-04-08 15:48:17,645 - DEBUG - 迭代 24/100 | 阶段: evolutionary learning | 最佳完工时间: 1810.00 | 迭代耗时: 0.76s | 
2025-04-08 15:48:18,397 - DEBUG - 迭代 25/100 | 阶段: evolutionary learning | 最佳完工时间: 1810.00 | 迭代耗时: 0.75s | 
2025-04-08 15:48:19,147 - INFO - 迭代 26：EL找到新的最优解，完工时间: 1794.00
2025-04-08 15:48:19,149 - DEBUG - 迭代 26/100 | 阶段: evolutionary learning | 最佳完工时间: 1794.00 | 迭代耗时: 0.75s | 
2025-04-08 15:48:19,903 - DEBUG - 迭代 27/100 | 阶段: evolutionary learning | 最佳完工时间: 1794.00 | 迭代耗时: 0.75s | 
2025-04-08 15:48:20,664 - DEBUG - 迭代 28/100 | 阶段: evolutionary learning | 最佳完工时间: 1794.00 | 迭代耗时: 0.76s | 
2025-04-08 15:48:21,416 - INFO - 迭代 29：EL找到新的最优解，完工时间: 1775.00
2025-04-08 15:48:21,416 - DEBUG - 迭代 29/100 | 阶段: evolutionary learning | 最佳完工时间: 1775.00 | 迭代耗时: 0.75s | 
2025-04-08 15:48:22,173 - DEBUG - 迭代 30/100 | 阶段: evolutionary learning | 最佳完工时间: 1775.00 | 迭代耗时: 0.76s | 
2025-04-08 15:48:22,932 - DEBUG - 迭代 31/100 | 阶段: evolutionary learning | 最佳完工时间: 1775.00 | 迭代耗时: 0.76s | 
2025-04-08 15:48:23,706 - DEBUG - 迭代 32/100 | 阶段: evolutionary learning | 最佳完工时间: 1775.00 | 迭代耗时: 0.77s | 
2025-04-08 15:48:24,478 - DEBUG - 迭代 33/100 | 阶段: evolutionary learning | 最佳完工时间: 1775.00 | 迭代耗时: 0.77s | 
2025-04-08 15:48:25,248 - INFO - 迭代 34：EL找到新的最优解，完工时间: 1764.00
2025-04-08 15:48:25,248 - DEBUG - 迭代 34/100 | 阶段: evolutionary learning | 最佳完工时间: 1764.00 | 迭代耗时: 0.77s | 
2025-04-08 15:48:26,005 - DEBUG - 迭代 35/100 | 阶段: evolutionary learning | 最佳完工时间: 1764.00 | 迭代耗时: 0.76s | 
2025-04-08 15:48:26,758 - INFO - 迭代 36：EL找到新的最优解，完工时间: 1756.00
2025-04-08 15:48:26,759 - DEBUG - 迭代 36/100 | 阶段: evolutionary learning | 最佳完工时间: 1756.00 | 迭代耗时: 0.75s | 
2025-04-08 15:48:27,522 - DEBUG - 迭代 37/100 | 阶段: evolutionary learning | 最佳完工时间: 1756.00 | 迭代耗时: 0.76s | 
2025-04-08 15:48:28,277 - INFO - 迭代 38：EL找到新的最优解，完工时间: 1743.00
2025-04-08 15:48:28,278 - DEBUG - 迭代 38/100 | 阶段: evolutionary learning | 最佳完工时间: 1743.00 | 迭代耗时: 0.76s | 
2025-04-08 15:48:29,034 - DEBUG - 迭代 39/100 | 阶段: evolutionary learning | 最佳完工时间: 1743.00 | 迭代耗时: 0.76s | 
2025-04-08 15:48:29,784 - INFO - 迭代 40：EL找到新的最优解，完工时间: 1720.00
2025-04-08 15:48:29,784 - DEBUG - 迭代 40/100 | 阶段: evolutionary learning | 最佳完工时间: 1720.00 | 迭代耗时: 0.75s | 
2025-04-08 15:48:30,543 - DEBUG - 迭代 41/100 | 阶段: evolutionary learning | 最佳完工时间: 1720.00 | 迭代耗时: 0.76s | 
2025-04-08 15:48:31,304 - DEBUG - 迭代 42/100 | 阶段: evolutionary learning | 最佳完工时间: 1720.00 | 迭代耗时: 0.76s | 
2025-04-08 15:48:32,066 - INFO - 迭代 43：EL找到新的最优解，完工时间: 1716.00
2025-04-08 15:48:32,068 - DEBUG - 迭代 43/100 | 阶段: evolutionary learning | 最佳完工时间: 1716.00 | 迭代耗时: 0.76s | 
2025-04-08 15:48:32,823 - INFO - 迭代 44：EL找到新的最优解，完工时间: 1715.00
2025-04-08 15:48:32,823 - DEBUG - 迭代 44/100 | 阶段: evolutionary learning | 最佳完工时间: 1715.00 | 迭代耗时: 0.76s | 
2025-04-08 15:48:33,584 - INFO - 迭代 45：EL找到新的最优解，完工时间: 1705.00
2025-04-08 15:48:33,584 - DEBUG - 迭代 45/100 | 阶段: evolutionary learning | 最佳完工时间: 1705.00 | 迭代耗时: 0.76s | 
2025-04-08 15:48:34,343 - INFO - 迭代 46：EL找到新的最优解，完工时间: 1704.00
2025-04-08 15:48:34,343 - DEBUG - 迭代 46/100 | 阶段: evolutionary learning | 最佳完工时间: 1704.00 | 迭代耗时: 0.76s | 
2025-04-08 15:48:35,103 - INFO - 迭代 47：EL找到新的最优解，完工时间: 1688.00
2025-04-08 15:48:35,104 - DEBUG - 迭代 47/100 | 阶段: evolutionary learning | 最佳完工时间: 1688.00 | 迭代耗时: 0.76s | 
2025-04-08 15:48:35,866 - INFO - 迭代 48：EL找到新的最优解，完工时间: 1684.00
2025-04-08 15:48:35,866 - DEBUG - 迭代 48/100 | 阶段: evolutionary learning | 最佳完工时间: 1684.00 | 迭代耗时: 0.76s | 
2025-04-08 15:48:36,618 - INFO - 迭代 49：EL找到新的最优解，完工时间: 1681.00
2025-04-08 15:48:36,618 - DEBUG - 迭代 49/100 | 阶段: evolutionary learning | 最佳完工时间: 1681.00 | 迭代耗时: 0.75s | 
2025-04-08 15:48:37,381 - INFO - 迭代 50：EL找到新的最优解，完工时间: 1664.00
2025-04-08 15:48:37,381 - DEBUG - 迭代 50/100 | 阶段: evolutionary learning | 最佳完工时间: 1664.00 | 迭代耗时: 0.76s | 
2025-04-08 15:48:38,135 - DEBUG - 迭代 51/100 | 阶段: evolutionary learning | 最佳完工时间: 1664.00 | 迭代耗时: 0.75s | 
2025-04-08 15:48:38,880 - DEBUG - 迭代 52/100 | 阶段: evolutionary learning | 最佳完工时间: 1664.00 | 迭代耗时: 0.75s | 
2025-04-08 15:48:39,627 - DEBUG - 迭代 53/100 | 阶段: evolutionary learning | 最佳完工时间: 1664.00 | 迭代耗时: 0.75s | 
2025-04-08 15:48:40,378 - DEBUG - 迭代 54/100 | 阶段: evolutionary learning | 最佳完工时间: 1664.00 | 迭代耗时: 0.75s | 
2025-04-08 15:48:41,132 - INFO - 迭代 55：EL找到新的最优解，完工时间: 1661.00
2025-04-08 15:48:41,132 - DEBUG - 迭代 55/100 | 阶段: evolutionary learning | 最佳完工时间: 1661.00 | 迭代耗时: 0.75s | 
2025-04-08 15:48:41,892 - INFO - 迭代 56：EL找到新的最优解，完工时间: 1636.00
2025-04-08 15:48:41,893 - DEBUG - 迭代 56/100 | 阶段: evolutionary learning | 最佳完工时间: 1636.00 | 迭代耗时: 0.76s | 
2025-04-08 15:48:42,647 - DEBUG - 迭代 57/100 | 阶段: evolutionary learning | 最佳完工时间: 1636.00 | 迭代耗时: 0.75s | 
2025-04-08 15:48:43,403 - DEBUG - 迭代 58/100 | 阶段: evolutionary learning | 最佳完工时间: 1636.00 | 迭代耗时: 0.76s | 
2025-04-08 15:48:44,164 - DEBUG - 迭代 59/100 | 阶段: evolutionary learning | 最佳完工时间: 1636.00 | 迭代耗时: 0.76s | 
2025-04-08 15:48:44,923 - INFO - 迭代 60：EL找到新的最优解，完工时间: 1612.00
2025-04-08 15:48:44,923 - DEBUG - 迭代 60/100 | 阶段: evolutionary learning | 最佳完工时间: 1612.00 | 迭代耗时: 0.76s | 
2025-04-08 15:48:45,685 - DEBUG - 迭代 61/100 | 阶段: evolutionary learning | 最佳完工时间: 1612.00 | 迭代耗时: 0.76s | 
2025-04-08 15:48:46,442 - DEBUG - 迭代 62/100 | 阶段: evolutionary learning | 最佳完工时间: 1612.00 | 迭代耗时: 0.76s | 
2025-04-08 15:48:47,191 - DEBUG - 迭代 63/100 | 阶段: evolutionary learning | 最佳完工时间: 1612.00 | 迭代耗时: 0.75s | 
2025-04-08 15:48:47,949 - DEBUG - 迭代 64/100 | 阶段: evolutionary learning | 最佳完工时间: 1612.00 | 迭代耗时: 0.76s | 
2025-04-08 15:48:48,704 - INFO - 迭代 65：EL找到新的最优解，完工时间: 1608.00
2025-04-08 15:48:48,705 - DEBUG - 迭代 65/100 | 阶段: evolutionary learning | 最佳完工时间: 1608.00 | 迭代耗时: 0.76s | 
2025-04-08 15:48:49,463 - DEBUG - 迭代 66/100 | 阶段: evolutionary learning | 最佳完工时间: 1608.00 | 迭代耗时: 0.76s | 
2025-04-08 15:48:50,233 - DEBUG - 迭代 67/100 | 阶段: evolutionary learning | 最佳完工时间: 1608.00 | 迭代耗时: 0.77s | 
2025-04-08 15:48:50,991 - DEBUG - 迭代 68/100 | 阶段: evolutionary learning | 最佳完工时间: 1608.00 | 迭代耗时: 0.76s | 
2025-04-08 15:48:51,750 - INFO - 迭代 69：EL找到新的最优解，完工时间: 1606.00
2025-04-08 15:48:51,750 - DEBUG - 迭代 69/100 | 阶段: evolutionary learning | 最佳完工时间: 1606.00 | 迭代耗时: 0.76s | 
2025-04-08 15:48:52,499 - DEBUG - 迭代 70/100 | 阶段: evolutionary learning | 最佳完工时间: 1606.00 | 迭代耗时: 0.75s | 
2025-04-08 15:48:53,260 - DEBUG - 迭代 71/100 | 阶段: evolutionary learning | 最佳完工时间: 1606.00 | 迭代耗时: 0.76s | 
2025-04-08 15:48:54,057 - DEBUG - 迭代 72/100 | 阶段: evolutionary learning | 最佳完工时间: 1606.00 | 迭代耗时: 0.80s | 
2025-04-08 15:48:54,808 - DEBUG - 迭代 73/100 | 阶段: evolutionary learning | 最佳完工时间: 1606.00 | 迭代耗时: 0.75s | 
2025-04-08 15:48:55,564 - INFO - 迭代 74：EL找到新的最优解，完工时间: 1603.00
2025-04-08 15:48:55,564 - DEBUG - 迭代 74/100 | 阶段: evolutionary learning | 最佳完工时间: 1603.00 | 迭代耗时: 0.76s | 
2025-04-08 15:48:56,334 - INFO - 迭代 75：EL找到新的最优解，完工时间: 1594.00
2025-04-08 15:48:56,335 - DEBUG - 迭代 75/100 | 阶段: evolutionary learning | 最佳完工时间: 1594.00 | 迭代耗时: 0.77s | 
2025-04-08 15:48:57,115 - DEBUG - 迭代 76/100 | 阶段: evolutionary learning | 最佳完工时间: 1594.00 | 迭代耗时: 0.78s | 
2025-04-08 15:48:57,890 - DEBUG - 迭代 77/100 | 阶段: evolutionary learning | 最佳完工时间: 1594.00 | 迭代耗时: 0.78s | 
2025-04-08 15:48:58,687 - DEBUG - 迭代 78/100 | 阶段: evolutionary learning | 最佳完工时间: 1594.00 | 迭代耗时: 0.80s | 
2025-04-08 15:48:59,473 - INFO - 迭代 79：EL找到新的最优解，完工时间: 1590.00
2025-04-08 15:48:59,473 - DEBUG - 迭代 79/100 | 阶段: evolutionary learning | 最佳完工时间: 1590.00 | 迭代耗时: 0.79s | 
2025-04-08 15:49:00,239 - INFO - 迭代 80：EL找到新的最优解，完工时间: 1572.00
2025-04-08 15:49:00,239 - DEBUG - 迭代 80/100 | 阶段: evolutionary learning | 最佳完工时间: 1572.00 | 迭代耗时: 0.77s | 
2025-04-08 15:49:01,029 - DEBUG - 迭代 81/100 | 阶段: evolutionary learning | 最佳完工时间: 1572.00 | 迭代耗时: 0.79s | 
2025-04-08 15:49:01,821 - DEBUG - 迭代 82/100 | 阶段: evolutionary learning | 最佳完工时间: 1572.00 | 迭代耗时: 0.79s | 
2025-04-08 15:49:02,594 - DEBUG - 迭代 83/100 | 阶段: evolutionary learning | 最佳完工时间: 1572.00 | 迭代耗时: 0.77s | 
2025-04-08 15:49:03,351 - DEBUG - 迭代 84/100 | 阶段: evolutionary learning | 最佳完工时间: 1572.00 | 迭代耗时: 0.76s | 
2025-04-08 15:49:04,128 - DEBUG - 迭代 85/100 | 阶段: evolutionary learning | 最佳完工时间: 1572.00 | 迭代耗时: 0.78s | 
2025-04-08 15:49:04,887 - DEBUG - 迭代 86/100 | 阶段: evolutionary learning | 最佳完工时间: 1572.00 | 迭代耗时: 0.76s | 
2025-04-08 15:49:05,657 - DEBUG - 迭代 87/100 | 阶段: evolutionary learning | 最佳完工时间: 1572.00 | 迭代耗时: 0.77s | 
2025-04-08 15:49:06,450 - DEBUG - 迭代 88/100 | 阶段: evolutionary learning | 最佳完工时间: 1572.00 | 迭代耗时: 0.79s | 
2025-04-08 15:49:07,228 - DEBUG - 迭代 89/100 | 阶段: evolutionary learning | 最佳完工时间: 1572.00 | 迭代耗时: 0.78s | 
2025-04-08 15:49:08,012 - INFO - 迭代 90：EL找到新的最优解，完工时间: 1569.00
2025-04-08 15:49:08,012 - DEBUG - 迭代 90/100 | 阶段: evolutionary learning | 最佳完工时间: 1569.00 | 迭代耗时: 0.78s | 
2025-04-08 15:49:08,774 - DEBUG - 迭代 91/100 | 阶段: evolutionary learning | 最佳完工时间: 1569.00 | 迭代耗时: 0.76s | 
2025-04-08 15:49:09,566 - DEBUG - 迭代 92/100 | 阶段: evolutionary learning | 最佳完工时间: 1569.00 | 迭代耗时: 0.79s | 
2025-04-08 15:49:10,325 - INFO - 迭代 93：EL找到新的最优解，完工时间: 1558.00
2025-04-08 15:49:10,325 - DEBUG - 迭代 93/100 | 阶段: evolutionary learning | 最佳完工时间: 1558.00 | 迭代耗时: 0.76s | 
2025-04-08 15:49:11,080 - INFO - 迭代 94：EL找到新的最优解，完工时间: 1554.00
2025-04-08 15:49:11,081 - DEBUG - 迭代 94/100 | 阶段: evolutionary learning | 最佳完工时间: 1554.00 | 迭代耗时: 0.76s | 
2025-04-08 15:49:11,857 - INFO - 迭代 95：EL找到新的最优解，完工时间: 1550.00
2025-04-08 15:49:11,857 - DEBUG - 迭代 95/100 | 阶段: evolutionary learning | 最佳完工时间: 1550.00 | 迭代耗时: 0.78s | 
2025-04-08 15:49:12,612 - INFO - 迭代 96：EL找到新的最优解，完工时间: 1548.00
2025-04-08 15:49:12,612 - DEBUG - 迭代 96/100 | 阶段: evolutionary learning | 最佳完工时间: 1548.00 | 迭代耗时: 0.76s | 
2025-04-08 15:49:13,404 - DEBUG - 迭代 97/100 | 阶段: evolutionary learning | 最佳完工时间: 1548.00 | 迭代耗时: 0.79s | 
2025-04-08 15:49:14,179 - DEBUG - 迭代 98/100 | 阶段: evolutionary learning | 最佳完工时间: 1548.00 | 迭代耗时: 0.78s | 
2025-04-08 15:49:14,966 - DEBUG - 迭代 99/100 | 阶段: evolutionary learning | 最佳完工时间: 1548.00 | 迭代耗时: 0.79s | 
2025-04-08 15:49:15,752 - DEBUG - 迭代 100/100 | 阶段: evolutionary learning | 最佳完工时间: 1548.00 | 迭代耗时: 0.79s | 
2025-04-08 15:49:15,752 - INFO - ==================================================
2025-04-08 15:49:15,752 - INFO - Best solution found with makespan: 1548.00s at generation: 100
2025-04-08 15:49:15,752 - INFO - Total time: 73.55s
2025-04-08 15:49:15,877 - INFO - Convergence curve saved to: blea_convergence.png
