2025-04-08 16:16:07,475 - DEBUG - 执行机器分配局部搜索，当前完工时间: 1973.00
2025-04-08 16:16:07,476 - DEBUG - 执行AGV分配局部搜索，当前完工时间: 1973.00
2025-04-08 16:16:07,480 - DEBUG - AGV分配局部搜索成功！完工时间从 1973.00 降低到 1969.00，改进: 4.00 (0.20%)
2025-04-08 16:16:07,483 - DEBUG - 执行机器分配局部搜索，当前完工时间: 1968.00
2025-04-08 16:16:07,486 - DEBUG - 执行AGV分配局部搜索，当前完工时间: 1968.00
2025-04-08 16:16:07,490 - DEBUG - 局部搜索未能改进当前解
2025-04-08 16:16:07,494 - DEBUG - 执行机器分配局部搜索，当前完工时间: 1961.00
2025-04-08 16:16:07,497 - DEBUG - 执行AGV分配局部搜索，当前完工时间: 1961.00
2025-04-08 16:16:07,501 - DEBUG - 局部搜索未能改进当前解
2025-04-08 16:16:07,505 - DEBUG - 执行机器分配局部搜索，当前完工时间: 1956.00
2025-04-08 16:16:07,509 - DEBUG - 执行AGV分配局部搜索，当前完工时间: 1956.00
2025-04-08 16:16:07,512 - DEBUG - 局部搜索未能改进当前解
2025-04-08 16:16:07,516 - DEBUG - 执行机器分配局部搜索，当前完工时间: 1961.00
2025-04-08 16:16:07,519 - DEBUG - 机器分配局部搜索成功！完工时间从 1961.00 降低到 1957.00，改进: 4.00 (0.20%)
2025-04-08 16:16:07,523 - DEBUG - 执行机器分配局部搜索，当前完工时间: 1956.00
2025-04-08 16:16:07,527 - DEBUG - 执行AGV分配局部搜索，当前完工时间: 1956.00
2025-04-08 16:16:07,531 - DEBUG - 局部搜索未能改进当前解
2025-04-08 16:16:07,534 - DEBUG - 执行机器分配局部搜索，当前完工时间: 1961.00
2025-04-08 16:16:07,535 - DEBUG - 执行AGV分配局部搜索，当前完工时间: 1961.00
2025-04-08 16:16:07,538 - DEBUG - 局部搜索未能改进当前解
2025-04-08 16:16:07,542 - DEBUG - 执行机器分配局部搜索，当前完工时间: 1956.00
2025-04-08 16:16:07,542 - DEBUG - 执行AGV分配局部搜索，当前完工时间: 1956.00
2025-04-08 16:16:07,546 - DEBUG - 局部搜索未能改进当前解
2025-04-08 16:16:07,548 - DEBUG - 执行机器分配局部搜索，当前完工时间: 1956.00
2025-04-08 16:16:07,552 - DEBUG - 执行AGV分配局部搜索，当前完工时间: 1956.00
2025-04-08 16:16:07,556 - DEBUG - 局部搜索未能改进当前解
2025-04-08 16:16:07,556 - DEBUG - Q-table状态:
2025-04-08 16:16:07,556 - DEBUG - [[0. 0. 0.]
 [0. 0. 0.]
 [0. 0. 0.]
 [0. 0. 0.]
 [0. 0. 0.]
 [0. 0. 0.]
 [0. 0. 0.]
 [0. 0. 0.]
 [0. 0. 0.]
 [0. 0. 0.]]
2025-04-08 16:16:07,556 - DEBUG - ==================================================
2025-04-08 16:16:07,556 - DEBUG - Efficiency Statistics of Local Search :
2025-04-08 16:16:07,556 - DEBUG - Number of attempts: 9
2025-04-08 16:16:07,556 - DEBUG - Average Success Rate: 22.22%
2025-04-08 16:16:07,556 - DEBUG - Machine Local Search Success: 1，Average Improvement: 4.00
2025-04-08 16:16:07,556 - DEBUG - AGV Local Search Success: 1，Average Improvement: 4.00
2025-04-08 16:16:07,970 - DEBUG - 执行机器分配局部搜索，当前完工时间: 1956.00
2025-04-08 16:16:07,974 - DEBUG - 执行AGV分配局部搜索，当前完工时间: 1956.00
2025-04-08 16:16:07,977 - DEBUG - 局部搜索未能改进当前解
2025-04-08 16:16:07,981 - DEBUG - 执行机器分配局部搜索，当前完工时间: 1956.00
2025-04-08 16:16:07,985 - DEBUG - 执行AGV分配局部搜索，当前完工时间: 1956.00
2025-04-08 16:16:07,989 - DEBUG - 局部搜索未能改进当前解
2025-04-08 16:16:07,992 - DEBUG - 执行机器分配局部搜索，当前完工时间: 1956.00
2025-04-08 16:16:07,996 - DEBUG - 执行AGV分配局部搜索，当前完工时间: 1956.00
2025-04-08 16:16:08,000 - DEBUG - 局部搜索未能改进当前解
2025-04-08 16:16:08,004 - DEBUG - 执行机器分配局部搜索，当前完工时间: 1956.00
2025-04-08 16:16:08,007 - DEBUG - 机器分配局部搜索成功！完工时间从 1956.00 降低到 1946.00，改进: 10.00 (0.51%)
2025-04-08 16:16:08,011 - DEBUG - 执行机器分配局部搜索，当前完工时间: 1956.00
2025-04-08 16:16:08,014 - DEBUG - 执行AGV分配局部搜索，当前完工时间: 1956.00
2025-04-08 16:16:08,016 - DEBUG - 局部搜索未能改进当前解
2025-04-08 16:16:08,022 - DEBUG - 执行机器分配局部搜索，当前完工时间: 1974.00
2025-04-08 16:16:08,025 - DEBUG - 执行AGV分配局部搜索，当前完工时间: 1974.00
2025-04-08 16:16:08,029 - DEBUG - 局部搜索未能改进当前解
2025-04-08 16:16:08,033 - DEBUG - 执行机器分配局部搜索，当前完工时间: 1956.00
2025-04-08 16:16:08,036 - DEBUG - 执行AGV分配局部搜索，当前完工时间: 1956.00
2025-04-08 16:16:08,040 - DEBUG - 局部搜索未能改进当前解
2025-04-08 16:16:08,044 - DEBUG - 执行机器分配局部搜索，当前完工时间: 1956.00
2025-04-08 16:16:08,047 - DEBUG - 执行AGV分配局部搜索，当前完工时间: 1956.00
2025-04-08 16:16:08,050 - DEBUG - 局部搜索未能改进当前解
2025-04-08 16:16:08,053 - DEBUG - 执行机器分配局部搜索，当前完工时间: 1956.00
2025-04-08 16:16:08,057 - DEBUG - 执行AGV分配局部搜索，当前完工时间: 1956.00
2025-04-08 16:16:08,061 - DEBUG - 局部搜索未能改进当前解
2025-04-08 16:16:08,062 - DEBUG - Q-table状态:
2025-04-08 16:16:08,062 - DEBUG - [[0. 0. 0.]
 [0. 0. 0.]
 [0. 0. 0.]
 [0. 0. 0.]
 [0. 0. 0.]
 [0. 0. 0.]
 [0. 0. 0.]
 [0. 0. 0.]
 [0. 0. 0.]
 [0. 0. 0.]]
2025-04-08 16:16:08,062 - DEBUG - ==================================================
2025-04-08 16:16:08,062 - DEBUG - Efficiency Statistics of Local Search :
2025-04-08 16:16:08,062 - DEBUG - Number of attempts: 9
2025-04-08 16:16:08,062 - DEBUG - Average Success Rate: 11.11%
2025-04-08 16:16:08,062 - DEBUG - Machine Local Search Success: 1，Average Improvement: 10.00
2025-04-08 16:16:08,062 - DEBUG - AGV Local Search Success: 0，Average Improvement: 0.00
2025-04-08 16:16:08,483 - DEBUG - 执行机器分配局部搜索，当前完工时间: 1956.00
2025-04-08 16:16:08,502 - DEBUG - 机器分配局部搜索成功！完工时间从 1956.00 降低到 1950.00，改进: 6.00 (0.31%)
2025-04-08 16:16:08,506 - DEBUG - 执行机器分配局部搜索，当前完工时间: 1956.00
2025-04-08 16:16:08,510 - DEBUG - 机器分配局部搜索成功！完工时间从 1956.00 降低到 1952.00，改进: 4.00 (0.20%)
2025-04-08 16:16:08,513 - DEBUG - 执行机器分配局部搜索，当前完工时间: 1956.00
2025-04-08 16:16:08,517 - DEBUG - 执行AGV分配局部搜索，当前完工时间: 1956.00
2025-04-08 16:16:08,520 - DEBUG - 局部搜索未能改进当前解
2025-04-08 16:16:08,524 - DEBUG - 执行机器分配局部搜索，当前完工时间: 1946.00
2025-04-08 16:16:08,528 - DEBUG - 机器分配局部搜索成功！完工时间从 1946.00 降低到 1942.00，改进: 4.00 (0.21%)
2025-04-08 16:16:08,532 - DEBUG - 执行机器分配局部搜索，当前完工时间: 1956.00
2025-04-08 16:16:08,535 - DEBUG - 机器分配局部搜索成功！完工时间从 1956.00 降低到 1954.00，改进: 2.00 (0.10%)
2025-04-08 16:16:08,539 - DEBUG - 执行机器分配局部搜索，当前完工时间: 1956.00
2025-04-08 16:16:08,540 - DEBUG - 执行AGV分配局部搜索，当前完工时间: 1956.00
2025-04-08 16:16:08,543 - DEBUG - 局部搜索未能改进当前解
2025-04-08 16:16:08,547 - DEBUG - 执行机器分配局部搜索，当前完工时间: 1956.00
2025-04-08 16:16:08,550 - DEBUG - 机器分配局部搜索成功！完工时间从 1956.00 降低到 1950.00，改进: 6.00 (0.31%)
2025-04-08 16:16:08,554 - DEBUG - 执行机器分配局部搜索，当前完工时间: 1956.00
2025-04-08 16:16:08,557 - DEBUG - 执行AGV分配局部搜索，当前完工时间: 1956.00
2025-04-08 16:16:08,561 - DEBUG - 局部搜索未能改进当前解
2025-04-08 16:16:08,565 - DEBUG - 执行机器分配局部搜索，当前完工时间: 1956.00
2025-04-08 16:16:08,565 - DEBUG - 执行AGV分配局部搜索，当前完工时间: 1956.00
2025-04-08 16:16:08,569 - DEBUG - 局部搜索未能改进当前解
2025-04-08 16:16:08,569 - DEBUG - Q-table状态:
2025-04-08 16:16:08,569 - DEBUG - [[0. 0. 0.]
 [0. 0. 0.]
 [0. 0. 0.]
 [0. 0. 0.]
 [0. 0. 0.]
 [0. 0. 0.]
 [0. 0. 0.]
 [0. 0. 0.]
 [0. 0. 0.]
 [0. 0. 0.]]
2025-04-08 16:16:08,569 - DEBUG - ==================================================
2025-04-08 16:16:08,569 - DEBUG - Efficiency Statistics of Local Search :
2025-04-08 16:16:08,569 - DEBUG - Number of attempts: 9
2025-04-08 16:16:08,569 - DEBUG - Average Success Rate: 55.56%
2025-04-08 16:16:08,569 - DEBUG - Machine Local Search Success: 5，Average Improvement: 4.40
2025-04-08 16:16:08,569 - DEBUG - AGV Local Search Success: 0，Average Improvement: 0.00
2025-04-08 16:16:08,986 - DEBUG - 执行机器分配局部搜索，当前完工时间: 1950.00
2025-04-08 16:16:08,990 - DEBUG - 执行AGV分配局部搜索，当前完工时间: 1950.00
2025-04-08 16:16:08,994 - DEBUG - 局部搜索未能改进当前解
2025-04-08 16:16:08,997 - DEBUG - 执行机器分配局部搜索，当前完工时间: 1950.00
2025-04-08 16:16:09,001 - DEBUG - 执行AGV分配局部搜索，当前完工时间: 1950.00
2025-04-08 16:16:09,004 - DEBUG - 局部搜索未能改进当前解
2025-04-08 16:16:09,008 - DEBUG - 执行机器分配局部搜索，当前完工时间: 1942.00
2025-04-08 16:16:09,008 - DEBUG - 执行AGV分配局部搜索，当前完工时间: 1942.00
2025-04-08 16:16:09,013 - DEBUG - 局部搜索未能改进当前解
2025-04-08 16:16:09,018 - DEBUG - 执行机器分配局部搜索，当前完工时间: 1946.00
2025-04-08 16:16:09,022 - DEBUG - 执行AGV分配局部搜索，当前完工时间: 1946.00
2025-04-08 16:16:09,026 - DEBUG - 局部搜索未能改进当前解
2025-04-08 16:16:09,029 - DEBUG - 执行机器分配局部搜索，当前完工时间: 1982.00
2025-04-08 16:16:09,029 - DEBUG - 执行AGV分配局部搜索，当前完工时间: 1982.00
2025-04-08 16:16:09,033 - DEBUG - 局部搜索未能改进当前解
2025-04-08 16:16:09,037 - DEBUG - 执行机器分配局部搜索，当前完工时间: 1946.00
2025-04-08 16:16:09,037 - DEBUG - 执行AGV分配局部搜索，当前完工时间: 1946.00
2025-04-08 16:16:09,040 - DEBUG - 局部搜索未能改进当前解
2025-04-08 16:16:09,044 - DEBUG - 执行机器分配局部搜索，当前完工时间: 1950.00
2025-04-08 16:16:09,047 - DEBUG - 机器分配局部搜索成功！完工时间从 1950.00 降低到 1938.00，改进: 12.00 (0.62%)
2025-04-08 16:16:09,052 - DEBUG - 执行机器分配局部搜索，当前完工时间: 1942.00
2025-04-08 16:16:09,052 - DEBUG - 执行AGV分配局部搜索，当前完工时间: 1942.00
2025-04-08 16:16:09,056 - DEBUG - 局部搜索未能改进当前解
2025-04-08 16:16:09,059 - DEBUG - 执行机器分配局部搜索，当前完工时间: 1954.00
2025-04-08 16:16:09,063 - DEBUG - 执行AGV分配局部搜索，当前完工时间: 1954.00
2025-04-08 16:16:09,066 - DEBUG - 局部搜索未能改进当前解
2025-04-08 16:16:09,066 - DEBUG - Q-table状态:
2025-04-08 16:16:09,066 - DEBUG - [[0. 0. 0.]
 [0. 0. 0.]
 [0. 0. 0.]
 [0. 0. 0.]
 [0. 0. 0.]
 [0. 0. 0.]
 [0. 0. 0.]
 [0. 0. 0.]
 [0. 0. 0.]
 [0. 0. 0.]]
2025-04-08 16:16:09,066 - DEBUG - ==================================================
2025-04-08 16:16:09,066 - DEBUG - Efficiency Statistics of Local Search :
2025-04-08 16:16:09,066 - DEBUG - Number of attempts: 9
2025-04-08 16:16:09,066 - DEBUG - Average Success Rate: 11.11%
2025-04-08 16:16:09,066 - DEBUG - Machine Local Search Success: 1，Average Improvement: 12.00
2025-04-08 16:16:09,066 - DEBUG - AGV Local Search Success: 0，Average Improvement: 0.00
2025-04-08 16:16:09,508 - DEBUG - 执行机器分配局部搜索，当前完工时间: 1942.00
2025-04-08 16:16:09,512 - DEBUG - 机器分配局部搜索成功！完工时间从 1942.00 降低到 1938.00，改进: 4.00 (0.21%)
2025-04-08 16:16:09,517 - DEBUG - 执行机器分配局部搜索，当前完工时间: 1942.00
2025-04-08 16:16:09,517 - DEBUG - 执行AGV分配局部搜索，当前完工时间: 1942.00
2025-04-08 16:16:09,521 - DEBUG - 局部搜索未能改进当前解
2025-04-08 16:16:09,524 - DEBUG - 执行机器分配局部搜索，当前完工时间: 1942.00
2025-04-08 16:16:09,528 - DEBUG - 机器分配局部搜索成功！完工时间从 1942.00 降低到 1937.00，改进: 5.00 (0.26%)
2025-04-08 16:16:09,531 - DEBUG - 执行机器分配局部搜索，当前完工时间: 1938.00
2025-04-08 16:16:09,535 - DEBUG - 执行AGV分配局部搜索，当前完工时间: 1938.00
2025-04-08 16:16:09,539 - DEBUG - 局部搜索未能改进当前解
2025-04-08 16:16:09,543 - DEBUG - 执行机器分配局部搜索，当前完工时间: 1942.00
2025-04-08 16:16:09,543 - DEBUG - 执行AGV分配局部搜索，当前完工时间: 1942.00
2025-04-08 16:16:09,547 - DEBUG - 局部搜索未能改进当前解
2025-04-08 16:16:09,551 - DEBUG - 执行机器分配局部搜索，当前完工时间: 1938.00
2025-04-08 16:16:09,555 - DEBUG - 执行AGV分配局部搜索，当前完工时间: 1938.00
2025-04-08 16:16:09,558 - DEBUG - 局部搜索未能改进当前解
2025-04-08 16:16:09,562 - DEBUG - 执行机器分配局部搜索，当前完工时间: 1938.00
2025-04-08 16:16:09,562 - DEBUG - 执行AGV分配局部搜索，当前完工时间: 1938.00
2025-04-08 16:16:09,566 - DEBUG - 局部搜索未能改进当前解
2025-04-08 16:16:09,570 - DEBUG - 执行机器分配局部搜索，当前完工时间: 1938.00
2025-04-08 16:16:09,574 - DEBUG - 执行AGV分配局部搜索，当前完工时间: 1938.00
2025-04-08 16:16:09,578 - DEBUG - 局部搜索未能改进当前解
2025-04-08 16:16:09,580 - DEBUG - 执行机器分配局部搜索，当前完工时间: 1942.00
2025-04-08 16:16:09,582 - DEBUG - 执行AGV分配局部搜索，当前完工时间: 1942.00
2025-04-08 16:16:09,586 - DEBUG - 局部搜索未能改进当前解
2025-04-08 16:16:09,586 - DEBUG - Q-table状态:
2025-04-08 16:16:09,586 - DEBUG - [[0. 0. 0.]
 [0. 0. 0.]
 [0. 0. 0.]
 [0. 0. 0.]
 [0. 0. 0.]
 [0. 0. 0.]
 [0. 0. 0.]
 [0. 0. 0.]
 [0. 0. 0.]
 [0. 0. 0.]]
2025-04-08 16:16:09,586 - DEBUG - ==================================================
2025-04-08 16:16:09,586 - DEBUG - Efficiency Statistics of Local Search :
2025-04-08 16:16:09,586 - DEBUG - Number of attempts: 9
2025-04-08 16:16:09,586 - DEBUG - Average Success Rate: 22.22%
2025-04-08 16:16:09,586 - DEBUG - Machine Local Search Success: 2，Average Improvement: 4.50
2025-04-08 16:16:09,586 - DEBUG - AGV Local Search Success: 0，Average Improvement: 0.00
2025-04-08 16:16:10,007 - DEBUG - 执行机器分配局部搜索，当前完工时间: 1938.00
2025-04-08 16:16:10,011 - DEBUG - 执行AGV分配局部搜索，当前完工时间: 1938.00
2025-04-08 16:16:10,015 - DEBUG - 局部搜索未能改进当前解
2025-04-08 16:16:10,019 - DEBUG - 执行机器分配局部搜索，当前完工时间: 1937.00
2025-04-08 16:16:10,019 - DEBUG - 执行AGV分配局部搜索，当前完工时间: 1937.00
2025-04-08 16:16:10,023 - DEBUG - 局部搜索未能改进当前解
2025-04-08 16:16:10,027 - DEBUG - 执行机器分配局部搜索，当前完工时间: 1887.00
2025-04-08 16:16:10,031 - DEBUG - 机器分配局部搜索成功！完工时间从 1887.00 降低到 1877.00，改进: 10.00 (0.53%)
2025-04-08 16:16:10,035 - DEBUG - 执行机器分配局部搜索，当前完工时间: 1887.00
2025-04-08 16:16:10,039 - DEBUG - 机器分配局部搜索成功！完工时间从 1887.00 降低到 1880.00，改进: 7.00 (0.37%)
2025-04-08 16:16:10,043 - DEBUG - 执行机器分配局部搜索，当前完工时间: 1937.00
2025-04-08 16:16:10,043 - DEBUG - 执行AGV分配局部搜索，当前完工时间: 1937.00
2025-04-08 16:16:10,047 - DEBUG - 局部搜索未能改进当前解
2025-04-08 16:16:10,051 - DEBUG - 执行机器分配局部搜索，当前完工时间: 1936.00
2025-04-08 16:16:10,055 - DEBUG - 机器分配局部搜索成功！完工时间从 1936.00 降低到 1924.00，改进: 12.00 (0.62%)
2025-04-08 16:16:10,059 - DEBUG - 执行机器分配局部搜索，当前完工时间: 1938.00
2025-04-08 16:16:10,060 - DEBUG - 执行AGV分配局部搜索，当前完工时间: 1938.00
2025-04-08 16:16:10,062 - DEBUG - 局部搜索未能改进当前解
2025-04-08 16:16:10,068 - DEBUG - 执行机器分配局部搜索，当前完工时间: 1934.00
2025-04-08 16:16:10,068 - DEBUG - 执行AGV分配局部搜索，当前完工时间: 1934.00
2025-04-08 16:16:10,071 - DEBUG - 局部搜索未能改进当前解
2025-04-08 16:16:10,076 - DEBUG - 执行机器分配局部搜索，当前完工时间: 1887.00
2025-04-08 16:16:10,077 - DEBUG - 执行AGV分配局部搜索，当前完工时间: 1887.00
2025-04-08 16:16:10,080 - DEBUG - 局部搜索未能改进当前解
2025-04-08 16:16:10,080 - DEBUG - Q-table状态:
2025-04-08 16:16:10,080 - DEBUG - [[0.    0.    0.   ]
 [0.    0.    0.   ]
 [0.    0.    0.   ]
 [0.    0.    0.   ]
 [0.    0.    0.   ]
 [0.    0.    0.   ]
 [0.    0.    0.   ]
 [0.    0.    0.   ]
 [0.081 0.    0.   ]
 [0.    0.    0.   ]]
2025-04-08 16:16:10,080 - DEBUG - ==================================================
2025-04-08 16:16:10,080 - DEBUG - Efficiency Statistics of Local Search :
2025-04-08 16:16:10,080 - DEBUG - Number of attempts: 9
2025-04-08 16:16:10,081 - DEBUG - Average Success Rate: 33.33%
2025-04-08 16:16:10,081 - DEBUG - Machine Local Search Success: 3，Average Improvement: 9.67
2025-04-08 16:16:10,081 - DEBUG - AGV Local Search Success: 0，Average Improvement: 0.00
2025-04-08 16:16:10,514 - DEBUG - 执行机器分配局部搜索，当前完工时间: 1880.00
2025-04-08 16:16:10,515 - DEBUG - 执行AGV分配局部搜索，当前完工时间: 1880.00
2025-04-08 16:16:10,519 - DEBUG - 局部搜索未能改进当前解
2025-04-08 16:16:10,522 - DEBUG - 执行机器分配局部搜索，当前完工时间: 1887.00
2025-04-08 16:16:10,527 - DEBUG - 执行AGV分配局部搜索，当前完工时间: 1887.00
2025-04-08 16:16:10,530 - DEBUG - 局部搜索未能改进当前解
2025-04-08 16:16:10,535 - DEBUG - 执行机器分配局部搜索，当前完工时间: 1887.00
2025-04-08 16:16:10,539 - DEBUG - 机器分配局部搜索成功！完工时间从 1887.00 降低到 1883.00，改进: 4.00 (0.21%)
2025-04-08 16:16:10,543 - DEBUG - 执行机器分配局部搜索，当前完工时间: 1924.00
2025-04-08 16:16:10,543 - DEBUG - 执行AGV分配局部搜索，当前完工时间: 1924.00
2025-04-08 16:16:10,547 - DEBUG - 局部搜索未能改进当前解
2025-04-08 16:16:10,550 - DEBUG - 执行机器分配局部搜索，当前完工时间: 1887.00
2025-04-08 16:16:10,551 - DEBUG - 执行AGV分配局部搜索，当前完工时间: 1887.00
2025-04-08 16:16:10,554 - DEBUG - 局部搜索未能改进当前解
2025-04-08 16:16:10,558 - DEBUG - 执行机器分配局部搜索，当前完工时间: 1924.00
2025-04-08 16:16:10,562 - DEBUG - 机器分配局部搜索成功！完工时间从 1924.00 降低到 1914.00，改进: 10.00 (0.52%)
2025-04-08 16:16:10,566 - DEBUG - 执行机器分配局部搜索，当前完工时间: 1887.00
2025-04-08 16:16:10,566 - DEBUG - 执行AGV分配局部搜索，当前完工时间: 1887.00
2025-04-08 16:16:10,569 - DEBUG - 局部搜索未能改进当前解
2025-04-08 16:16:10,573 - DEBUG - 执行机器分配局部搜索，当前完工时间: 1924.00
2025-04-08 16:16:10,576 - DEBUG - 执行AGV分配局部搜索，当前完工时间: 1924.00
2025-04-08 16:16:10,580 - DEBUG - AGV分配局部搜索成功！完工时间从 1924.00 降低到 1920.00，改进: 4.00 (0.21%)
2025-04-08 16:16:10,584 - DEBUG - 执行机器分配局部搜索，当前完工时间: 1880.00
2025-04-08 16:16:10,587 - DEBUG - 执行AGV分配局部搜索，当前完工时间: 1880.00
2025-04-08 16:16:10,591 - DEBUG - 局部搜索未能改进当前解
2025-04-08 16:16:10,591 - DEBUG - Q-table状态:
2025-04-08 16:16:10,591 - DEBUG - [[0.    0.    0.   ]
 [0.    0.    0.   ]
 [0.    0.    0.   ]
 [0.    0.    0.   ]
 [0.    0.    0.   ]
 [0.    0.    0.   ]
 [0.    0.    0.   ]
 [0.    0.    0.   ]
 [0.081 0.    0.   ]
 [0.    0.    0.   ]]
2025-04-08 16:16:10,591 - DEBUG - ==================================================
2025-04-08 16:16:10,591 - DEBUG - Efficiency Statistics of Local Search :
2025-04-08 16:16:10,591 - DEBUG - Number of attempts: 9
2025-04-08 16:16:10,591 - DEBUG - Average Success Rate: 33.33%
2025-04-08 16:16:10,591 - DEBUG - Machine Local Search Success: 2，Average Improvement: 7.00
2025-04-08 16:16:10,591 - DEBUG - AGV Local Search Success: 1，Average Improvement: 4.00
2025-04-08 16:16:11,014 - DEBUG - 执行机器分配局部搜索，当前完工时间: 1880.00
2025-04-08 16:16:11,014 - DEBUG - 执行AGV分配局部搜索，当前完工时间: 1880.00
2025-04-08 16:16:11,018 - DEBUG - 局部搜索未能改进当前解
2025-04-08 16:16:11,022 - DEBUG - 执行机器分配局部搜索，当前完工时间: 1989.00
2025-04-08 16:16:11,022 - DEBUG - 执行AGV分配局部搜索，当前完工时间: 1989.00
2025-04-08 16:16:11,026 - DEBUG - 局部搜索未能改进当前解
2025-04-08 16:16:11,029 - DEBUG - 执行机器分配局部搜索，当前完工时间: 1877.00
2025-04-08 16:16:11,029 - DEBUG - 执行AGV分配局部搜索，当前完工时间: 1877.00
2025-04-08 16:16:11,034 - DEBUG - 局部搜索未能改进当前解
2025-04-08 16:16:11,037 - DEBUG - 执行机器分配局部搜索，当前完工时间: 1880.00
2025-04-08 16:16:11,042 - DEBUG - 执行AGV分配局部搜索，当前完工时间: 1880.00
2025-04-08 16:16:11,045 - DEBUG - AGV分配局部搜索成功！完工时间从 1880.00 降低到 1873.00，改进: 7.00 (0.37%)
2025-04-08 16:16:11,049 - DEBUG - 执行机器分配局部搜索，当前完工时间: 1880.00
2025-04-08 16:16:11,052 - DEBUG - 执行AGV分配局部搜索，当前完工时间: 1880.00
2025-04-08 16:16:11,056 - DEBUG - 局部搜索未能改进当前解
2025-04-08 16:16:11,060 - DEBUG - 执行机器分配局部搜索，当前完工时间: 1916.00
2025-04-08 16:16:11,063 - DEBUG - 执行AGV分配局部搜索，当前完工时间: 1916.00
2025-04-08 16:16:11,067 - DEBUG - 局部搜索未能改进当前解
2025-04-08 16:16:11,070 - DEBUG - 执行机器分配局部搜索，当前完工时间: 1877.00
2025-04-08 16:16:11,071 - DEBUG - 执行AGV分配局部搜索，当前完工时间: 1877.00
2025-04-08 16:16:11,075 - DEBUG - 局部搜索未能改进当前解
2025-04-08 16:16:11,078 - DEBUG - 执行机器分配局部搜索，当前完工时间: 1973.00
2025-04-08 16:16:11,081 - DEBUG - 执行AGV分配局部搜索，当前完工时间: 1973.00
2025-04-08 16:16:11,085 - DEBUG - 局部搜索未能改进当前解
2025-04-08 16:16:11,089 - DEBUG - 执行机器分配局部搜索，当前完工时间: 1883.00
2025-04-08 16:16:11,092 - DEBUG - 执行AGV分配局部搜索，当前完工时间: 1883.00
2025-04-08 16:16:11,097 - DEBUG - 局部搜索未能改进当前解
2025-04-08 16:16:11,097 - DEBUG - Q-table状态:
2025-04-08 16:16:11,097 - DEBUG - [[0.         0.         1.31111007]
 [0.11799991 0.         0.        ]
 [0.         0.         0.        ]
 [0.         0.         0.        ]
 [0.         0.         0.        ]
 [0.         0.         0.        ]
 [0.         0.         0.        ]
 [0.         0.         0.        ]
 [0.081      0.         0.        ]
 [0.         0.         0.        ]]
2025-04-08 16:16:11,097 - DEBUG - ==================================================
2025-04-08 16:16:11,097 - DEBUG - Efficiency Statistics of Local Search :
2025-04-08 16:16:11,097 - DEBUG - Number of attempts: 9
2025-04-08 16:16:11,097 - DEBUG - Average Success Rate: 11.11%
2025-04-08 16:16:11,097 - DEBUG - Machine Local Search Success: 0，Average Improvement: 0.00
2025-04-08 16:16:11,097 - DEBUG - AGV Local Search Success: 1，Average Improvement: 7.00
2025-04-08 16:16:11,530 - DEBUG - 执行机器分配局部搜索，当前完工时间: 1877.00
2025-04-08 16:16:11,535 - DEBUG - 执行AGV分配局部搜索，当前完工时间: 1877.00
2025-04-08 16:16:11,537 - DEBUG - 局部搜索未能改进当前解
2025-04-08 16:16:11,542 - DEBUG - 执行机器分配局部搜索，当前完工时间: 1966.00
2025-04-08 16:16:11,542 - DEBUG - 执行AGV分配局部搜索，当前完工时间: 1966.00
2025-04-08 16:16:11,545 - DEBUG - 局部搜索未能改进当前解
2025-04-08 16:16:11,549 - DEBUG - 执行机器分配局部搜索，当前完工时间: 2036.00
2025-04-08 16:16:11,553 - DEBUG - 机器分配局部搜索成功！完工时间从 2036.00 降低到 2035.00，改进: 1.00 (0.05%)
2025-04-08 16:16:11,556 - DEBUG - 执行机器分配局部搜索，当前完工时间: 1880.00
2025-04-08 16:16:11,560 - DEBUG - 执行AGV分配局部搜索，当前完工时间: 1880.00
2025-04-08 16:16:11,564 - DEBUG - 局部搜索未能改进当前解
2025-04-08 16:16:11,568 - DEBUG - 执行机器分配局部搜索，当前完工时间: 1883.00
2025-04-08 16:16:11,571 - DEBUG - 执行AGV分配局部搜索，当前完工时间: 1883.00
2025-04-08 16:16:11,574 - DEBUG - AGV分配局部搜索成功！完工时间从 1883.00 降低到 1873.00，改进: 10.00 (0.53%)
2025-04-08 16:16:11,578 - DEBUG - 执行机器分配局部搜索，当前完工时间: 1880.00
2025-04-08 16:16:11,578 - DEBUG - 执行AGV分配局部搜索，当前完工时间: 1880.00
2025-04-08 16:16:11,581 - DEBUG - AGV分配局部搜索成功！完工时间从 1880.00 降低到 1876.00，改进: 4.00 (0.21%)
2025-04-08 16:16:11,585 - DEBUG - 执行机器分配局部搜索，当前完工时间: 2061.00
2025-04-08 16:16:11,590 - DEBUG - 执行AGV分配局部搜索，当前完工时间: 2061.00
2025-04-08 16:16:11,593 - DEBUG - 局部搜索未能改进当前解
2025-04-08 16:16:11,597 - DEBUG - 执行机器分配局部搜索，当前完工时间: 2007.00
2025-04-08 16:16:11,597 - DEBUG - 执行AGV分配局部搜索，当前完工时间: 2007.00
2025-04-08 16:16:11,602 - DEBUG - 局部搜索未能改进当前解
2025-04-08 16:16:11,607 - DEBUG - 执行机器分配局部搜索，当前完工时间: 1912.00
2025-04-08 16:16:11,607 - DEBUG - 执行AGV分配局部搜索，当前完工时间: 1912.00
2025-04-08 16:16:11,612 - DEBUG - 局部搜索未能改进当前解
2025-04-08 16:16:11,612 - DEBUG - Q-table状态:
2025-04-08 16:16:11,612 - DEBUG - [[0.         0.         7.24245036]
 [0.11799991 0.         0.        ]
 [0.         0.         0.        ]
 [0.         0.         0.        ]
 [0.         0.         0.        ]
 [0.         0.         0.        ]
 [0.         0.         0.        ]
 [0.         0.         0.        ]
 [0.081      0.         0.        ]
 [0.         0.         0.        ]]
2025-04-08 16:16:11,612 - DEBUG - ==================================================
2025-04-08 16:16:11,612 - DEBUG - Efficiency Statistics of Local Search :
2025-04-08 16:16:11,612 - DEBUG - Number of attempts: 9
2025-04-08 16:16:11,612 - DEBUG - Average Success Rate: 33.33%
2025-04-08 16:16:11,612 - DEBUG - Machine Local Search Success: 1，Average Improvement: 1.00
2025-04-08 16:16:11,612 - DEBUG - AGV Local Search Success: 2，Average Improvement: 7.00
2025-04-08 16:16:12,035 - DEBUG - 执行机器分配局部搜索，当前完工时间: 1873.00
2025-04-08 16:16:12,035 - DEBUG - 执行AGV分配局部搜索，当前完工时间: 1873.00
2025-04-08 16:16:12,039 - DEBUG - 局部搜索未能改进当前解
2025-04-08 16:16:12,043 - DEBUG - 执行机器分配局部搜索，当前完工时间: 1904.00
2025-04-08 16:16:12,043 - DEBUG - 执行AGV分配局部搜索，当前完工时间: 1904.00
2025-04-08 16:16:12,047 - DEBUG - AGV分配局部搜索成功！完工时间从 1904.00 降低到 1900.00，改进: 4.00 (0.21%)
2025-04-08 16:16:12,051 - DEBUG - 执行机器分配局部搜索，当前完工时间: 1876.00
2025-04-08 16:16:12,051 - DEBUG - 执行AGV分配局部搜索，当前完工时间: 1876.00
2025-04-08 16:16:12,055 - DEBUG - 局部搜索未能改进当前解
2025-04-08 16:16:12,059 - DEBUG - 执行机器分配局部搜索，当前完工时间: 1894.00
2025-04-08 16:16:12,062 - DEBUG - 执行AGV分配局部搜索，当前完工时间: 1894.00
2025-04-08 16:16:12,066 - DEBUG - 局部搜索未能改进当前解
2025-04-08 16:16:12,070 - DEBUG - 执行机器分配局部搜索，当前完工时间: 1876.00
2025-04-08 16:16:12,070 - DEBUG - 执行AGV分配局部搜索，当前完工时间: 1876.00
2025-04-08 16:16:12,074 - DEBUG - 局部搜索未能改进当前解
2025-04-08 16:16:12,078 - DEBUG - 执行机器分配局部搜索，当前完工时间: 1915.00
2025-04-08 16:16:12,082 - DEBUG - 机器分配局部搜索成功！完工时间从 1915.00 降低到 1911.00，改进: 4.00 (0.21%)
2025-04-08 16:16:12,085 - DEBUG - 执行机器分配局部搜索，当前完工时间: 1915.00
2025-04-08 16:16:12,089 - DEBUG - 执行AGV分配局部搜索，当前完工时间: 1915.00
2025-04-08 16:16:12,093 - DEBUG - AGV分配局部搜索成功！完工时间从 1915.00 降低到 1901.00，改进: 14.00 (0.73%)
2025-04-08 16:16:12,097 - DEBUG - 执行机器分配局部搜索，当前完工时间: 1873.00
2025-04-08 16:16:12,100 - DEBUG - 执行AGV分配局部搜索，当前完工时间: 1873.00
2025-04-08 16:16:12,105 - DEBUG - 局部搜索未能改进当前解
2025-04-08 16:16:12,108 - DEBUG - 执行机器分配局部搜索，当前完工时间: 2002.00
2025-04-08 16:16:12,108 - DEBUG - 执行AGV分配局部搜索，当前完工时间: 2002.00
2025-04-08 16:16:12,112 - DEBUG - 局部搜索未能改进当前解
2025-04-08 16:16:12,112 - DEBUG - Q-table状态:
2025-04-08 16:16:12,112 - DEBUG - [[ 0.          0.         13.83755366]
 [ 0.11799991  0.          0.        ]
 [ 0.          0.          0.        ]
 [ 0.          0.          0.        ]
 [ 0.          0.          0.        ]
 [ 0.          0.          0.        ]
 [ 0.          0.          0.        ]
 [ 0.          0.          0.        ]
 [ 0.081       0.          0.        ]
 [ 0.          0.          0.        ]]
2025-04-08 16:16:12,112 - DEBUG - ==================================================
2025-04-08 16:16:12,112 - DEBUG - Efficiency Statistics of Local Search :
2025-04-08 16:16:12,112 - DEBUG - Number of attempts: 9
2025-04-08 16:16:12,112 - DEBUG - Average Success Rate: 33.33%
2025-04-08 16:16:12,112 - DEBUG - Machine Local Search Success: 1，Average Improvement: 4.00
2025-04-08 16:16:12,112 - DEBUG - AGV Local Search Success: 2，Average Improvement: 9.00
2025-04-08 16:16:12,500 - DEBUG - 执行机器分配局部搜索，当前完工时间: 1876.00
2025-04-08 16:16:12,504 - DEBUG - 机器分配局部搜索成功！完工时间从 1876.00 降低到 1872.00，改进: 4.00 (0.21%)
2025-04-08 16:16:12,507 - DEBUG - 执行机器分配局部搜索，当前完工时间: 2067.00
2025-04-08 16:16:12,510 - DEBUG - 执行AGV分配局部搜索，当前完工时间: 2067.00
2025-04-08 16:16:12,514 - DEBUG - 局部搜索未能改进当前解
2025-04-08 16:16:12,518 - DEBUG - 执行机器分配局部搜索，当前完工时间: 2014.00
2025-04-08 16:16:12,519 - DEBUG - 执行AGV分配局部搜索，当前完工时间: 2014.00
2025-04-08 16:16:12,523 - DEBUG - 局部搜索未能改进当前解
2025-04-08 16:16:12,526 - DEBUG - 执行机器分配局部搜索，当前完工时间: 1873.00
2025-04-08 16:16:12,530 - DEBUG - 执行AGV分配局部搜索，当前完工时间: 1873.00
2025-04-08 16:16:12,534 - DEBUG - 局部搜索未能改进当前解
2025-04-08 16:16:12,538 - DEBUG - 执行机器分配局部搜索，当前完工时间: 1886.00
2025-04-08 16:16:12,538 - DEBUG - 执行AGV分配局部搜索，当前完工时间: 1886.00
2025-04-08 16:16:12,541 - DEBUG - 局部搜索未能改进当前解
2025-04-08 16:16:12,545 - DEBUG - 执行机器分配局部搜索，当前完工时间: 1894.00
2025-04-08 16:16:12,549 - DEBUG - 执行AGV分配局部搜索，当前完工时间: 1894.00
2025-04-08 16:16:12,553 - DEBUG - 局部搜索未能改进当前解
2025-04-08 16:16:12,556 - DEBUG - 执行机器分配局部搜索，当前完工时间: 1873.00
2025-04-08 16:16:12,559 - DEBUG - 执行AGV分配局部搜索，当前完工时间: 1873.00
2025-04-08 16:16:12,564 - DEBUG - 局部搜索未能改进当前解
2025-04-08 16:16:12,568 - DEBUG - 执行机器分配局部搜索，当前完工时间: 1873.00
2025-04-08 16:16:12,573 - DEBUG - 机器分配局部搜索成功！完工时间从 1873.00 降低到 1869.00，改进: 4.00 (0.21%)
2025-04-08 16:16:12,577 - DEBUG - 执行机器分配局部搜索，当前完工时间: 1873.00
2025-04-08 16:16:12,580 - DEBUG - 执行AGV分配局部搜索，当前完工时间: 1873.00
2025-04-08 16:16:12,584 - DEBUG - 局部搜索未能改进当前解
2025-04-08 16:16:12,587 - DEBUG - 执行机器分配局部搜索，当前完工时间: 1911.00
2025-04-08 16:16:12,591 - DEBUG - 执行AGV分配局部搜索，当前完工时间: 1911.00
2025-04-08 16:16:12,595 - DEBUG - 局部搜索未能改进当前解
2025-04-08 16:16:12,599 - DEBUG - 执行机器分配局部搜索，当前完工时间: 1917.00
2025-04-08 16:16:12,599 - DEBUG - 执行AGV分配局部搜索，当前完工时间: 1917.00
2025-04-08 16:16:12,602 - DEBUG - AGV分配局部搜索成功！完工时间从 1917.00 降低到 1911.00，改进: 6.00 (0.31%)
2025-04-08 16:16:12,606 - DEBUG - 执行机器分配局部搜索，当前完工时间: 1894.00
2025-04-08 16:16:12,610 - DEBUG - 执行AGV分配局部搜索，当前完工时间: 1894.00
2025-04-08 16:16:12,612 - DEBUG - 局部搜索未能改进当前解
2025-04-08 16:16:12,617 - DEBUG - 执行机器分配局部搜索，当前完工时间: 1901.00
2025-04-08 16:16:12,618 - DEBUG - 执行AGV分配局部搜索，当前完工时间: 1901.00
2025-04-08 16:16:12,621 - DEBUG - 局部搜索未能改进当前解
2025-04-08 16:16:12,625 - DEBUG - 执行机器分配局部搜索，当前完工时间: 1904.00
2025-04-08 16:16:12,625 - DEBUG - 执行AGV分配局部搜索，当前完工时间: 1904.00
2025-04-08 16:16:12,629 - DEBUG - 局部搜索未能改进当前解
2025-04-08 16:16:12,633 - DEBUG - 执行机器分配局部搜索，当前完工时间: 1874.00
2025-04-08 16:16:12,633 - DEBUG - 执行AGV分配局部搜索，当前完工时间: 1874.00
2025-04-08 16:16:12,637 - DEBUG - 局部搜索未能改进当前解
2025-04-08 16:16:12,641 - DEBUG - 执行机器分配局部搜索，当前完工时间: 1901.00
2025-04-08 16:16:12,646 - DEBUG - 机器分配局部搜索成功！完工时间从 1901.00 降低到 1897.00，改进: 4.00 (0.21%)
2025-04-08 16:16:12,650 - DEBUG - 执行机器分配局部搜索，当前完工时间: 1995.00
2025-04-08 16:16:12,650 - DEBUG - 执行AGV分配局部搜索，当前完工时间: 1995.00
2025-04-08 16:16:12,654 - DEBUG - 局部搜索未能改进当前解
2025-04-08 16:16:12,657 - DEBUG - 执行机器分配局部搜索，当前完工时间: 1873.00
2025-04-08 16:16:12,660 - DEBUG - 机器分配局部搜索成功！完工时间从 1873.00 降低到 1867.00，改进: 6.00 (0.32%)
2025-04-08 16:16:12,664 - DEBUG - 执行机器分配局部搜索，当前完工时间: 1901.00
2025-04-08 16:16:12,668 - DEBUG - 执行AGV分配局部搜索，当前完工时间: 1901.00
2025-04-08 16:16:12,672 - DEBUG - 局部搜索未能改进当前解
2025-04-08 16:16:12,672 - DEBUG - Q-table状态:
2025-04-08 16:16:12,672 - DEBUG - [[ 1.24537983  1.09439441 13.115559  ]
 [ 0.11799991  0.          0.        ]
 [ 0.          0.          0.        ]
 [ 3.01051882  0.          0.        ]
 [ 1.18040031  0.          0.        ]
 [ 0.          0.          0.        ]
 [ 0.          0.          0.        ]
 [ 0.          0.          0.        ]
 [ 0.081       0.          0.        ]
 [ 0.          0.          0.        ]]
2025-04-08 16:16:12,673 - DEBUG - ==================================================
2025-04-08 16:16:12,673 - DEBUG - Efficiency Statistics of Local Search :
2025-04-08 16:16:12,673 - DEBUG - Number of attempts: 19
2025-04-08 16:16:12,673 - DEBUG - Average Success Rate: 26.32%
2025-04-08 16:16:12,673 - DEBUG - Machine Local Search Success: 4，Average Improvement: 4.50
2025-04-08 16:16:12,673 - DEBUG - AGV Local Search Success: 1，Average Improvement: 6.00
2025-04-08 16:16:13,067 - DEBUG - 执行机器分配局部搜索，当前完工时间: 1873.00
2025-04-08 16:16:13,068 - DEBUG - 执行AGV分配局部搜索，当前完工时间: 1873.00
2025-04-08 16:16:13,071 - DEBUG - 局部搜索未能改进当前解
2025-04-08 16:16:13,075 - DEBUG - 执行机器分配局部搜索，当前完工时间: 1886.00
2025-04-08 16:16:13,075 - DEBUG - 执行AGV分配局部搜索，当前完工时间: 1886.00
2025-04-08 16:16:13,079 - DEBUG - AGV分配局部搜索成功！完工时间从 1886.00 降低到 1879.00，改进: 7.00 (0.37%)
2025-04-08 16:16:13,082 - DEBUG - 执行机器分配局部搜索，当前完工时间: 1873.00
2025-04-08 16:16:13,086 - DEBUG - 执行AGV分配局部搜索，当前完工时间: 1873.00
2025-04-08 16:16:13,090 - DEBUG - 局部搜索未能改进当前解
2025-04-08 16:16:13,094 - DEBUG - 执行机器分配局部搜索，当前完工时间: 1898.00
2025-04-08 16:16:13,094 - DEBUG - 执行AGV分配局部搜索，当前完工时间: 1898.00
2025-04-08 16:16:13,098 - DEBUG - 局部搜索未能改进当前解
2025-04-08 16:16:13,102 - DEBUG - 执行机器分配局部搜索，当前完工时间: 1886.00
2025-04-08 16:16:13,102 - DEBUG - 执行AGV分配局部搜索，当前完工时间: 1886.00
2025-04-08 16:16:13,106 - DEBUG - 局部搜索未能改进当前解
2025-04-08 16:16:13,110 - DEBUG - 执行机器分配局部搜索，当前完工时间: 1867.00
2025-04-08 16:16:13,114 - DEBUG - 执行AGV分配局部搜索，当前完工时间: 1867.00
2025-04-08 16:16:13,118 - DEBUG - 局部搜索未能改进当前解
2025-04-08 16:16:13,121 - DEBUG - 执行机器分配局部搜索，当前完工时间: 1866.00
2025-04-08 16:16:13,125 - DEBUG - 执行AGV分配局部搜索，当前完工时间: 1866.00
2025-04-08 16:16:13,129 - DEBUG - 局部搜索未能改进当前解
2025-04-08 16:16:13,133 - DEBUG - 执行机器分配局部搜索，当前完工时间: 1894.00
2025-04-08 16:16:13,137 - DEBUG - 执行AGV分配局部搜索，当前完工时间: 1894.00
2025-04-08 16:16:13,141 - DEBUG - AGV分配局部搜索成功！完工时间从 1894.00 降低到 1886.00，改进: 8.00 (0.42%)
2025-04-08 16:16:13,144 - DEBUG - 执行机器分配局部搜索，当前完工时间: 1857.00
2025-04-08 16:16:13,149 - DEBUG - 执行AGV分配局部搜索，当前完工时间: 1857.00
2025-04-08 16:16:13,152 - DEBUG - 局部搜索未能改进当前解
2025-04-08 16:16:13,157 - DEBUG - 执行机器分配局部搜索，当前完工时间: 1874.00
2025-04-08 16:16:13,160 - DEBUG - 执行AGV分配局部搜索，当前完工时间: 1874.00
2025-04-08 16:16:13,164 - DEBUG - 局部搜索未能改进当前解
2025-04-08 16:16:13,169 - DEBUG - 执行机器分配局部搜索，当前完工时间: 1908.00
2025-04-08 16:16:13,169 - DEBUG - 执行AGV分配局部搜索，当前完工时间: 1908.00
2025-04-08 16:16:13,173 - DEBUG - 局部搜索未能改进当前解
2025-04-08 16:16:13,176 - DEBUG - 执行机器分配局部搜索，当前完工时间: 1873.00
2025-04-08 16:16:13,178 - DEBUG - 执行AGV分配局部搜索，当前完工时间: 1873.00
2025-04-08 16:16:13,182 - DEBUG - 局部搜索未能改进当前解
2025-04-08 16:16:13,186 - DEBUG - 执行机器分配局部搜索，当前完工时间: 2119.00
2025-04-08 16:16:13,189 - DEBUG - 执行AGV分配局部搜索，当前完工时间: 2119.00
2025-04-08 16:16:13,193 - DEBUG - 局部搜索未能改进当前解
2025-04-08 16:16:13,196 - DEBUG - 执行机器分配局部搜索，当前完工时间: 1867.00
2025-04-08 16:16:13,196 - DEBUG - 执行AGV分配局部搜索，当前完工时间: 1867.00
2025-04-08 16:16:13,201 - DEBUG - 局部搜索未能改进当前解
2025-04-08 16:16:13,204 - DEBUG - 执行机器分配局部搜索，当前完工时间: 1894.00
2025-04-08 16:16:13,205 - DEBUG - 执行AGV分配局部搜索，当前完工时间: 1894.00
2025-04-08 16:16:13,209 - DEBUG - 局部搜索未能改进当前解
2025-04-08 16:16:13,212 - DEBUG - 执行机器分配局部搜索，当前完工时间: 1969.00
2025-04-08 16:16:13,212 - DEBUG - 执行AGV分配局部搜索，当前完工时间: 1969.00
2025-04-08 16:16:13,216 - DEBUG - 局部搜索未能改进当前解
2025-04-08 16:16:13,220 - DEBUG - 执行机器分配局部搜索，当前完工时间: 1872.00
2025-04-08 16:16:13,220 - DEBUG - 执行AGV分配局部搜索，当前完工时间: 1872.00
2025-04-08 16:16:13,224 - DEBUG - AGV分配局部搜索成功！完工时间从 1872.00 降低到 1862.00，改进: 10.00 (0.53%)
2025-04-08 16:16:13,228 - DEBUG - 执行机器分配局部搜索，当前完工时间: 1904.00
2025-04-08 16:16:13,232 - DEBUG - 执行AGV分配局部搜索，当前完工时间: 1904.00
2025-04-08 16:16:13,235 - DEBUG - 局部搜索未能改进当前解
2025-04-08 16:16:13,240 - DEBUG - 执行机器分配局部搜索，当前完工时间: 1921.00
2025-04-08 16:16:13,244 - DEBUG - 执行AGV分配局部搜索，当前完工时间: 1921.00
2025-04-08 16:16:13,247 - DEBUG - 局部搜索未能改进当前解
2025-04-08 16:16:13,247 - DEBUG - Q-table状态:
2025-04-08 16:16:13,247 - DEBUG - [[ 1.24537983  2.31042629 13.11494952]
 [ 3.67163355  0.          0.        ]
 [ 2.50441915  0.          0.        ]
 [ 3.01051882  0.          0.        ]
 [ 1.18040031  0.          0.        ]
 [ 0.          0.          0.        ]
 [ 0.          0.          0.        ]
 [ 0.          0.          0.        ]
 [ 0.081       0.          0.        ]
 [ 0.          0.          0.        ]]
2025-04-08 16:16:13,248 - DEBUG - ==================================================
2025-04-08 16:16:13,248 - DEBUG - Efficiency Statistics of Local Search :
2025-04-08 16:16:13,248 - DEBUG - Number of attempts: 19
2025-04-08 16:16:13,248 - DEBUG - Average Success Rate: 15.79%
2025-04-08 16:16:13,248 - DEBUG - Machine Local Search Success: 0，Average Improvement: 0.00
2025-04-08 16:16:13,248 - DEBUG - AGV Local Search Success: 3，Average Improvement: 8.33
2025-04-08 16:16:13,638 - DEBUG - 执行机器分配局部搜索，当前完工时间: 1862.00
2025-04-08 16:16:13,638 - DEBUG - 执行AGV分配局部搜索，当前完工时间: 1862.00
2025-04-08 16:16:13,643 - DEBUG - 局部搜索未能改进当前解
2025-04-08 16:16:13,647 - DEBUG - 执行机器分配局部搜索，当前完工时间: 1990.00
2025-04-08 16:16:13,648 - DEBUG - 执行AGV分配局部搜索，当前完工时间: 1990.00
2025-04-08 16:16:13,651 - DEBUG - 局部搜索未能改进当前解
2025-04-08 16:16:13,655 - DEBUG - 执行机器分配局部搜索，当前完工时间: 2010.00
2025-04-08 16:16:13,659 - DEBUG - 执行AGV分配局部搜索，当前完工时间: 2010.00
2025-04-08 16:16:13,662 - DEBUG - 局部搜索未能改进当前解
2025-04-08 16:16:13,666 - DEBUG - 执行机器分配局部搜索，当前完工时间: 1892.00
2025-04-08 16:16:13,670 - DEBUG - 执行AGV分配局部搜索，当前完工时间: 1892.00
2025-04-08 16:16:13,674 - DEBUG - 局部搜索未能改进当前解
2025-04-08 16:16:13,678 - DEBUG - 执行机器分配局部搜索，当前完工时间: 1867.00
2025-04-08 16:16:13,681 - DEBUG - 机器分配局部搜索成功！完工时间从 1867.00 降低到 1861.00，改进: 6.00 (0.32%)
2025-04-08 16:16:13,685 - DEBUG - 执行机器分配局部搜索，当前完工时间: 1858.00
2025-04-08 16:16:13,688 - DEBUG - 执行AGV分配局部搜索，当前完工时间: 1858.00
2025-04-08 16:16:13,693 - DEBUG - 局部搜索未能改进当前解
2025-04-08 16:16:13,696 - DEBUG - 执行机器分配局部搜索，当前完工时间: 1873.00
2025-04-08 16:16:13,696 - DEBUG - 执行AGV分配局部搜索，当前完工时间: 1873.00
2025-04-08 16:16:13,700 - DEBUG - 局部搜索未能改进当前解
2025-04-08 16:16:13,703 - DEBUG - 执行机器分配局部搜索，当前完工时间: 1886.00
2025-04-08 16:16:13,707 - DEBUG - 执行AGV分配局部搜索，当前完工时间: 1886.00
2025-04-08 16:16:13,710 - DEBUG - 局部搜索未能改进当前解
2025-04-08 16:16:13,714 - DEBUG - 执行机器分配局部搜索，当前完工时间: 1906.00
2025-04-08 16:16:13,715 - DEBUG - 执行AGV分配局部搜索，当前完工时间: 1906.00
2025-04-08 16:16:13,719 - DEBUG - 局部搜索未能改进当前解
2025-04-08 16:16:13,722 - DEBUG - 执行机器分配局部搜索，当前完工时间: 1873.00
2025-04-08 16:16:13,723 - DEBUG - 执行AGV分配局部搜索，当前完工时间: 1873.00
2025-04-08 16:16:13,726 - DEBUG - 局部搜索未能改进当前解
2025-04-08 16:16:13,730 - DEBUG - 执行机器分配局部搜索，当前完工时间: 1910.00
2025-04-08 16:16:13,734 - DEBUG - 执行AGV分配局部搜索，当前完工时间: 1910.00
2025-04-08 16:16:13,737 - DEBUG - 局部搜索未能改进当前解
2025-04-08 16:16:13,741 - DEBUG - 执行机器分配局部搜索，当前完工时间: 1876.00
2025-04-08 16:16:13,742 - DEBUG - 执行AGV分配局部搜索，当前完工时间: 1876.00
2025-04-08 16:16:13,745 - DEBUG - AGV分配局部搜索成功！完工时间从 1876.00 降低到 1854.00，改进: 22.00 (1.17%)
2025-04-08 16:16:13,749 - DEBUG - 执行机器分配局部搜索，当前完工时间: 1895.00
2025-04-08 16:16:13,753 - DEBUG - 执行AGV分配局部搜索，当前完工时间: 1895.00
2025-04-08 16:16:13,756 - DEBUG - 局部搜索未能改进当前解
2025-04-08 16:16:13,760 - DEBUG - 执行机器分配局部搜索，当前完工时间: 1873.00
2025-04-08 16:16:13,760 - DEBUG - 执行AGV分配局部搜索，当前完工时间: 1873.00
2025-04-08 16:16:13,764 - DEBUG - 局部搜索未能改进当前解
2025-04-08 16:16:13,768 - DEBUG - 执行机器分配局部搜索，当前完工时间: 1915.00
2025-04-08 16:16:13,768 - DEBUG - 执行AGV分配局部搜索，当前完工时间: 1915.00
2025-04-08 16:16:13,772 - DEBUG - AGV分配局部搜索成功！完工时间从 1915.00 降低到 1901.00，改进: 14.00 (0.73%)
2025-04-08 16:16:13,775 - DEBUG - 执行机器分配局部搜索，当前完工时间: 1872.00
2025-04-08 16:16:13,779 - DEBUG - 执行AGV分配局部搜索，当前完工时间: 1872.00
2025-04-08 16:16:13,783 - DEBUG - 局部搜索未能改进当前解
2025-04-08 16:16:13,787 - DEBUG - 执行机器分配局部搜索，当前完工时间: 1857.00
2025-04-08 16:16:13,791 - DEBUG - 执行AGV分配局部搜索，当前完工时间: 1857.00
2025-04-08 16:16:13,794 - DEBUG - 局部搜索未能改进当前解
2025-04-08 16:16:13,797 - DEBUG - 执行机器分配局部搜索，当前完工时间: 1857.00
2025-04-08 16:16:13,801 - DEBUG - 执行AGV分配局部搜索，当前完工时间: 1857.00
2025-04-08 16:16:13,805 - DEBUG - 局部搜索未能改进当前解
2025-04-08 16:16:13,809 - DEBUG - 执行机器分配局部搜索，当前完工时间: 1864.00
2025-04-08 16:16:13,809 - DEBUG - 执行AGV分配局部搜索，当前完工时间: 1864.00
2025-04-08 16:16:13,813 - DEBUG - 局部搜索未能改进当前解
2025-04-08 16:16:13,813 - DEBUG - Q-table状态:
2025-04-08 16:16:13,813 - DEBUG - [[1.52702622 2.31042629 6.06802812]
 [4.8944937  0.         0.        ]
 [2.50441915 0.         0.        ]
 [3.01051882 0.         0.        ]
 [1.18040031 0.         0.        ]
 [0.         0.         0.        ]
 [0.         0.         0.        ]
 [0.         0.         0.        ]
 [0.081      0.         0.        ]
 [0.         0.         0.        ]]
2025-04-08 16:16:13,813 - DEBUG - ==================================================
2025-04-08 16:16:13,813 - DEBUG - Efficiency Statistics of Local Search :
2025-04-08 16:16:13,813 - DEBUG - Number of attempts: 19
2025-04-08 16:16:13,813 - DEBUG - Average Success Rate: 15.79%
2025-04-08 16:16:13,813 - DEBUG - Machine Local Search Success: 1，Average Improvement: 6.00
2025-04-08 16:16:13,813 - DEBUG - AGV Local Search Success: 2，Average Improvement: 18.00
2025-04-08 16:16:14,202 - DEBUG - 执行机器分配局部搜索，当前完工时间: 1954.00
2025-04-08 16:16:14,203 - DEBUG - 执行AGV分配局部搜索，当前完工时间: 1954.00
2025-04-08 16:16:14,206 - DEBUG - AGV分配局部搜索成功！完工时间从 1954.00 降低到 1947.00，改进: 7.00 (0.36%)
2025-04-08 16:16:14,210 - DEBUG - 执行机器分配局部搜索，当前完工时间: 1953.00
2025-04-08 16:16:14,210 - DEBUG - 执行AGV分配局部搜索，当前完工时间: 1953.00
2025-04-08 16:16:14,214 - DEBUG - 局部搜索未能改进当前解
2025-04-08 16:16:14,218 - DEBUG - 执行机器分配局部搜索，当前完工时间: 1862.00
2025-04-08 16:16:14,218 - DEBUG - 执行AGV分配局部搜索，当前完工时间: 1862.00
2025-04-08 16:16:14,222 - DEBUG - 局部搜索未能改进当前解
2025-04-08 16:16:14,227 - DEBUG - 执行机器分配局部搜索，当前完工时间: 1882.00
2025-04-08 16:16:14,229 - DEBUG - 执行AGV分配局部搜索，当前完工时间: 1882.00
2025-04-08 16:16:14,233 - DEBUG - 局部搜索未能改进当前解
2025-04-08 16:16:14,237 - DEBUG - 执行机器分配局部搜索，当前完工时间: 1873.00
2025-04-08 16:16:14,241 - DEBUG - 执行AGV分配局部搜索，当前完工时间: 1873.00
2025-04-08 16:16:14,245 - DEBUG - AGV分配局部搜索成功！完工时间从 1873.00 降低到 1862.00，改进: 11.00 (0.59%)
2025-04-08 16:16:14,249 - DEBUG - 执行机器分配局部搜索，当前完工时间: 1873.00
2025-04-08 16:16:14,253 - DEBUG - 执行AGV分配局部搜索，当前完工时间: 1873.00
2025-04-08 16:16:14,257 - DEBUG - 局部搜索未能改进当前解
2025-04-08 16:16:14,260 - DEBUG - 执行机器分配局部搜索，当前完工时间: 1896.00
2025-04-08 16:16:14,264 - DEBUG - 执行AGV分配局部搜索，当前完工时间: 1896.00
2025-04-08 16:16:14,268 - DEBUG - 局部搜索未能改进当前解
2025-04-08 16:16:14,272 - DEBUG - 执行机器分配局部搜索，当前完工时间: 1857.00
2025-04-08 16:16:14,272 - DEBUG - 执行AGV分配局部搜索，当前完工时间: 1857.00
2025-04-08 16:16:14,276 - DEBUG - 局部搜索未能改进当前解
2025-04-08 16:16:14,279 - DEBUG - 执行机器分配局部搜索，当前完工时间: 1939.00
2025-04-08 16:16:14,284 - DEBUG - 执行AGV分配局部搜索，当前完工时间: 1939.00
2025-04-08 16:16:14,288 - DEBUG - 局部搜索未能改进当前解
2025-04-08 16:16:14,292 - DEBUG - 执行机器分配局部搜索，当前完工时间: 2034.00
2025-04-08 16:16:14,292 - DEBUG - 执行AGV分配局部搜索，当前完工时间: 2034.00
2025-04-08 16:16:14,297 - DEBUG - 局部搜索未能改进当前解
2025-04-08 16:16:14,300 - DEBUG - 执行机器分配局部搜索，当前完工时间: 1854.00
2025-04-08 16:16:14,301 - DEBUG - 执行AGV分配局部搜索，当前完工时间: 1854.00
2025-04-08 16:16:14,304 - DEBUG - 局部搜索未能改进当前解
2025-04-08 16:16:14,309 - DEBUG - 执行机器分配局部搜索，当前完工时间: 1892.00
2025-04-08 16:16:14,312 - DEBUG - 执行AGV分配局部搜索，当前完工时间: 1892.00
2025-04-08 16:16:14,315 - DEBUG - 局部搜索未能改进当前解
2025-04-08 16:16:14,320 - DEBUG - 执行机器分配局部搜索，当前完工时间: 1902.00
2025-04-08 16:16:14,323 - DEBUG - 执行AGV分配局部搜索，当前完工时间: 1902.00
2025-04-08 16:16:14,327 - DEBUG - 局部搜索未能改进当前解
2025-04-08 16:16:14,332 - DEBUG - 执行机器分配局部搜索，当前完工时间: 1861.00
2025-04-08 16:16:14,332 - DEBUG - 执行AGV分配局部搜索，当前完工时间: 1861.00
2025-04-08 16:16:14,337 - DEBUG - 局部搜索未能改进当前解
2025-04-08 16:16:14,341 - DEBUG - 执行机器分配局部搜索，当前完工时间: 1861.00
2025-04-08 16:16:14,342 - DEBUG - 执行AGV分配局部搜索，当前完工时间: 1861.00
2025-04-08 16:16:14,345 - DEBUG - 局部搜索未能改进当前解
2025-04-08 16:16:14,349 - DEBUG - 执行机器分配局部搜索，当前完工时间: 1872.00
2025-04-08 16:16:14,353 - DEBUG - 机器分配局部搜索成功！完工时间从 1872.00 降低到 1868.00，改进: 4.00 (0.21%)
2025-04-08 16:16:14,356 - DEBUG - 执行机器分配局部搜索，当前完工时间: 1858.00
2025-04-08 16:16:14,361 - DEBUG - 执行AGV分配局部搜索，当前完工时间: 1858.00
2025-04-08 16:16:14,364 - DEBUG - 局部搜索未能改进当前解
2025-04-08 16:16:14,368 - DEBUG - 执行机器分配局部搜索，当前完工时间: 1875.00
2025-04-08 16:16:14,368 - DEBUG - 执行AGV分配局部搜索，当前完工时间: 1875.00
2025-04-08 16:16:14,371 - DEBUG - 局部搜索未能改进当前解
2025-04-08 16:16:14,375 - DEBUG - 执行机器分配局部搜索，当前完工时间: 1906.00
2025-04-08 16:16:14,375 - DEBUG - 执行AGV分配局部搜索，当前完工时间: 1906.00
2025-04-08 16:16:14,379 - DEBUG - 局部搜索未能改进当前解
2025-04-08 16:16:14,379 - DEBUG - Q-table状态:
2025-04-08 16:16:14,379 - DEBUG - [[1.52702622 2.55013945 4.80972072]
 [5.05033334 0.         0.        ]
 [2.50441915 0.         0.        ]
 [3.01051882 0.         0.        ]
 [1.18040031 0.         0.        ]
 [0.         0.         0.        ]
 [0.         0.         0.        ]
 [0.         0.         0.        ]
 [0.081      0.         0.        ]
 [0.         0.         0.        ]]
2025-04-08 16:16:14,379 - DEBUG - ==================================================
2025-04-08 16:16:14,379 - DEBUG - Efficiency Statistics of Local Search :
2025-04-08 16:16:14,379 - DEBUG - Number of attempts: 19
2025-04-08 16:16:14,379 - DEBUG - Average Success Rate: 15.79%
2025-04-08 16:16:14,379 - DEBUG - Machine Local Search Success: 1，Average Improvement: 4.00
2025-04-08 16:16:14,379 - DEBUG - AGV Local Search Success: 2，Average Improvement: 9.00
2025-04-08 16:16:14,762 - DEBUG - 执行机器分配局部搜索，当前完工时间: 1857.00
2025-04-08 16:16:14,767 - DEBUG - 机器分配局部搜索成功！完工时间从 1857.00 降低到 1855.00，改进: 2.00 (0.11%)
2025-04-08 16:16:14,770 - DEBUG - 执行机器分配局部搜索，当前完工时间: 1871.00
2025-04-08 16:16:14,770 - DEBUG - 执行AGV分配局部搜索，当前完工时间: 1871.00
2025-04-08 16:16:14,774 - DEBUG - 局部搜索未能改进当前解
2025-04-08 16:16:14,779 - DEBUG - 执行机器分配局部搜索，当前完工时间: 1918.00
2025-04-08 16:16:14,783 - DEBUG - 执行AGV分配局部搜索，当前完工时间: 1918.00
2025-04-08 16:16:14,787 - DEBUG - 局部搜索未能改进当前解
2025-04-08 16:16:14,790 - DEBUG - 执行机器分配局部搜索，当前完工时间: 1873.00
2025-04-08 16:16:14,795 - DEBUG - 执行AGV分配局部搜索，当前完工时间: 1873.00
