2025-04-08 13:00:38,287 - INFO - 运行SL算法 - 第1次
2025-04-08 13:04:29,894 - INFO - SL算法第1次运行完成，最优解：1854.00，最优解代数：164，用时：231.61s
2025-04-08 13:04:29,895 - INFO - 运行SL算法 - 第2次
2025-04-08 13:08:18,399 - INFO - SL算法第2次运行完成，最优解：1867.00，最优解代数：315，用时：228.50s
2025-04-08 13:08:18,400 - INFO - 运行EL算法 - 第1次
2025-04-08 13:15:49,370 - INFO - EL算法第1次运行完成，最优解：1522.00，最优解代数：453，用时：450.97s
2025-04-08 13:15:49,375 - INFO - 运行EL算法 - 第2次
2025-04-08 13:23:20,471 - INFO - EL算法第2次运行完成，最优解：1518.00，最优解代数：500，用时：451.09s
2025-04-08 13:23:20,478 - INFO - 运行HL算法 - 第1次
2025-04-08 13:29:40,430 - INFO - HL算法第1次运行完成，最优解：1570.00，最优解代数：474，用时：379.95s
2025-04-08 13:29:40,433 - INFO - 运行HL算法 - 第2次
2025-04-08 13:36:12,144 - INFO - HL算法第2次运行完成，最优解：1602.00，最优解代数：459，用时：391.71s
2025-04-08 13:36:12,150 - INFO - 
==================================================
2025-04-08 13:36:12,150 - INFO - 实验结果已保存至：experiment_results\algorithm_comparison_20250408_130038.csv
2025-04-08 13:36:12,151 - INFO - 实验统计结果：
2025-04-08 13:36:12,151 - INFO - SL算法：平均最优解 = 1860.50，最佳解 = 1854.00，平均用时 = 230.06s，平均最优解代数 = 239.50
2025-04-08 13:36:12,151 - INFO - EL算法：平均最优解 = 1520.00，最佳解 = 1518.00，平均用时 = 451.03s，平均最优解代数 = 476.50
2025-04-08 13:36:12,151 - INFO - HL算法：平均最优解 = 1586.00，最佳解 = 1570.00，平均用时 = 385.83s，平均最优解代数 = 466.50
2025-04-08 13:36:12,151 - INFO - ==================================================
