2025-04-08 11:35:50,960 - INFO - 运行SL算法 - 第1次
2025-04-08 11:36:36,260 - INFO - SL算法第1次运行完成，最优解：1883.00，最优解代数：12，用时：45.30s
2025-04-08 11:36:36,262 - INFO - 运行SL算法 - 第2次
2025-04-08 11:37:21,308 - INFO - SL算法第2次运行完成，最优解：1872.00，最优解代数：59，用时：45.05s
2025-04-08 11:37:21,308 - INFO - 运行EL算法 - 第1次
2025-04-08 11:38:52,716 - INFO - EL算法第1次运行完成，最优解：1620.00，最优解代数：100，用时：91.41s
2025-04-08 11:38:52,717 - INFO - 运行EL算法 - 第2次
2025-04-08 11:40:25,045 - INFO - EL算法第2次运行完成，最优解：1628.00，最优解代数：96，用时：92.33s
2025-04-08 11:40:25,049 - INFO - 运行HL算法 - 第1次
2025-04-08 11:41:14,881 - INFO - HL算法第1次运行完成，最优解：1817.00，最优解代数：99，用时：49.83s
2025-04-08 11:41:14,882 - INFO - 运行HL算法 - 第2次
2025-04-08 11:42:20,835 - INFO - HL算法第2次运行完成，最优解：1695.00，最优解代数：96，用时：65.95s
2025-04-08 11:42:20,837 - INFO - 实验结果已保存至：experiment_results\algorithm_comparison_20250408_113550.csv
2025-04-08 11:42:20,837 - INFO - 
==================================================
2025-04-08 11:42:20,837 - INFO - 实验统计结果：
2025-04-08 11:42:20,837 - INFO - SL算法：平均最优解 = 1877.50，最佳解 = 1872.00，平均用时 = 45.17s，平均最优解代数 = 35.50
2025-04-08 11:42:20,838 - INFO - EL算法：平均最优解 = 1624.00，最佳解 = 1620.00，平均用时 = 91.87s，平均最优解代数 = 98.00
2025-04-08 11:42:20,838 - INFO - HL算法：平均最优解 = 1756.00，最佳解 = 1695.00，平均用时 = 57.89s，平均最优解代数 = 97.50
2025-04-08 11:42:20,838 - INFO - ==================================================
