2025-04-30 03:44:49,288 - INFO - 运行SL算法 - 第1次
2025-04-30 04:02:04,587 - INFO - SL算法第1次运行完成，最优解：1857.00，最优解代数：249，用时：1035.30s
2025-04-30 04:02:04,588 - INFO - 运行SL算法 - 第2次
2025-04-30 04:19:16,511 - INFO - SL算法第2次运行完成，最优解：1858.00，最优解代数：375，用时：1031.92s
2025-04-30 04:19:16,512 - INFO - 运行SL算法 - 第3次
2025-04-30 04:36:32,077 - INFO - SL算法第3次运行完成，最优解：1858.00，最优解代数：93，用时：1035.56s
2025-04-30 04:36:32,078 - INFO - 运行SL算法 - 第4次
2025-04-30 04:53:47,379 - INFO - SL算法第4次运行完成，最优解：1876.00，最优解代数：16，用时：1035.30s
2025-04-30 04:53:47,382 - INFO - 运行SL算法 - 第5次
2025-04-30 05:11:03,387 - INFO - SL算法第5次运行完成，最优解：1856.00，最优解代数：330，用时：1036.01s
2025-04-30 05:11:03,388 - INFO - 运行SL算法 - 第6次
2025-04-30 05:28:12,966 - INFO - SL算法第6次运行完成，最优解：1859.00，最优解代数：102，用时：1029.58s
2025-04-30 05:28:12,967 - INFO - 运行SL算法 - 第7次
2025-04-30 05:45:24,956 - INFO - SL算法第7次运行完成，最优解：1873.00，最优解代数：114，用时：1031.99s
2025-04-30 05:45:24,956 - INFO - 运行SL算法 - 第8次
2025-04-30 06:02:36,848 - INFO - SL算法第8次运行完成，最优解：1857.00，最优解代数：306，用时：1031.89s
2025-04-30 06:02:36,849 - INFO - 运行SL算法 - 第9次
2025-04-30 06:19:46,174 - INFO - SL算法第9次运行完成，最优解：1856.00，最优解代数：47，用时：1029.33s
2025-04-30 06:19:46,175 - INFO - 运行SL算法 - 第10次
2025-04-30 06:36:59,142 - INFO - SL算法第10次运行完成，最优解：1866.00，最优解代数：40，用时：1032.97s
2025-04-30 06:36:59,143 - INFO - 
==================================================
2025-04-30 06:36:59,143 - INFO - 实验结果已保存至：experiment_results\algorithm_comparison_20250430_034449.csv
2025-04-30 06:36:59,143 - INFO - 运行EL算法 - 第1次
2025-04-30 06:43:59,242 - INFO - EL算法第1次运行完成，最优解：1694.00，最优解代数：486，用时：420.10s
2025-04-30 06:43:59,246 - INFO - 运行EL算法 - 第2次
2025-04-30 06:51:08,318 - INFO - EL算法第2次运行完成，最优解：1651.00，最优解代数：426，用时：429.07s
2025-04-30 06:51:08,321 - INFO - 运行EL算法 - 第3次
2025-04-30 06:58:14,099 - INFO - EL算法第3次运行完成，最优解：1631.00，最优解代数：495，用时：425.78s
2025-04-30 06:58:14,103 - INFO - 运行EL算法 - 第4次
2025-04-30 07:05:15,883 - INFO - EL算法第4次运行完成，最优解：1656.00，最优解代数：333，用时：421.78s
2025-04-30 07:05:15,887 - INFO - 运行EL算法 - 第5次
2025-04-30 07:12:15,524 - INFO - EL算法第5次运行完成，最优解：1660.00，最优解代数：446，用时：419.64s
2025-04-30 07:12:15,529 - INFO - 运行EL算法 - 第6次
2025-04-30 07:19:17,022 - INFO - EL算法第6次运行完成，最优解：1699.00，最优解代数：233，用时：421.49s
2025-04-30 07:19:17,027 - INFO - 运行EL算法 - 第7次
2025-04-30 07:26:22,910 - INFO - EL算法第7次运行完成，最优解：1620.00，最优解代数：489，用时：425.88s
2025-04-30 07:26:22,913 - INFO - 运行EL算法 - 第8次
2025-04-30 07:33:23,396 - INFO - EL算法第8次运行完成，最优解：1686.00，最优解代数：472，用时：420.48s
2025-04-30 07:33:23,399 - INFO - 运行EL算法 - 第9次
2025-04-30 07:40:29,581 - INFO - EL算法第9次运行完成，最优解：1696.00，最优解代数：201，用时：426.18s
2025-04-30 07:40:29,584 - INFO - 运行EL算法 - 第10次
2025-04-30 07:47:37,444 - INFO - EL算法第10次运行完成，最优解：1659.00，最优解代数：487，用时：427.86s
2025-04-30 07:47:37,449 - INFO - 
==================================================
2025-04-30 07:47:37,449 - INFO - 实验结果已保存至：experiment_results\algorithm_comparison_20250430_034449.csv
2025-04-30 07:47:37,449 - INFO - 运行HL算法 - 第1次
2025-04-30 08:07:14,913 - INFO - HL算法第1次运行完成，最优解：1669.00，最优解代数：349，用时：1177.46s
2025-04-30 08:07:14,918 - INFO - 运行HL算法 - 第2次
2025-04-30 08:26:58,294 - INFO - HL算法第2次运行完成，最优解：1669.00，最优解代数：458，用时：1183.38s
2025-04-30 08:26:58,299 - INFO - 运行HL算法 - 第3次
2025-04-30 08:46:27,301 - INFO - HL算法第3次运行完成，最优解：1668.00，最优解代数：491，用时：1169.00s
2025-04-30 08:46:27,305 - INFO - 运行HL算法 - 第4次
2025-04-30 09:06:06,797 - INFO - HL算法第4次运行完成，最优解：1657.00，最优解代数：471，用时：1179.49s
2025-04-30 09:06:06,799 - INFO - 运行HL算法 - 第5次
2025-04-30 09:25:39,909 - INFO - HL算法第5次运行完成，最优解：1656.00，最优解代数：422，用时：1173.11s
2025-04-30 09:25:39,913 - INFO - 运行HL算法 - 第6次
2025-04-30 09:45:18,128 - INFO - HL算法第6次运行完成，最优解：1659.00，最优解代数：428，用时：1178.22s
2025-04-30 09:45:18,133 - INFO - 运行HL算法 - 第7次
2025-04-30 10:27:16,096 - INFO - HL算法第7次运行完成，最优解：1682.00，最优解代数：370，用时：2517.96s
2025-04-30 10:27:16,102 - INFO - 运行HL算法 - 第8次
