2025-04-08 11:51:22,060 - INFO - 运行SL算法 - 第1次
2025-04-08 11:55:07,179 - INFO - SL算法第1次运行完成，最优解：1857.00，最优解代数：112，用时：225.12s
2025-04-08 11:55:07,179 - INFO - 运行SL算法 - 第2次
2025-04-08 11:58:55,904 - INFO - SL算法第2次运行完成，最优解：1845.00，最优解代数：432，用时：228.72s
2025-04-08 11:58:55,905 - INFO - 运行EL算法 - 第1次
2025-04-08 12:05:52,501 - INFO - EL算法第1次运行完成，最优解：1525.00，最优解代数：497，用时：416.60s
2025-04-08 12:05:52,507 - INFO - 运行EL算法 - 第2次
2025-04-08 12:13:00,045 - INFO - EL算法第2次运行完成，最优解：1534.00，最优解代数：480，用时：427.54s
2025-04-08 12:13:00,049 - INFO - 运行HL算法 - 第1次
2025-04-08 12:18:46,840 - INFO - HL算法第1次运行完成，最优解：1564.00，最优解代数：499，用时：346.79s
2025-04-08 12:18:46,843 - INFO - 运行HL算法 - 第2次
2025-04-08 12:24:41,316 - INFO - HL算法第2次运行完成，最优解：1577.00，最优解代数：473，用时：354.47s
2025-04-08 12:24:41,321 - INFO - 实验结果已保存至：experiment_results\algorithm_comparison_20250408_115122.csv
2025-04-08 12:24:41,321 - INFO - 
==================================================
2025-04-08 12:24:41,322 - INFO - 实验统计结果：
2025-04-08 12:24:41,322 - INFO - SL算法：平均最优解 = 1851.00，最佳解 = 1845.00，平均用时 = 226.92s，平均最优解代数 = 272.00
2025-04-08 12:24:41,322 - INFO - EL算法：平均最优解 = 1529.50，最佳解 = 1525.00，平均用时 = 422.07s，平均最优解代数 = 488.50
2025-04-08 12:24:41,323 - INFO - HL算法：平均最优解 = 1570.50，最佳解 = 1564.00，平均用时 = 350.63s，平均最优解代数 = 486.00
2025-04-08 12:24:41,323 - INFO - ==================================================
