2025-04-08 16:44:04,440 - INFO - 运行SL算法 - 第1次
2025-04-08 16:51:47,611 - INFO - SL算法第1次运行完成，最优解：1865.00，最优解代数：664，用时：463.17s
2025-04-08 16:51:47,612 - INFO - 运行SL算法 - 第2次
2025-04-08 16:59:32,106 - INFO - SL算法第2次运行完成，最优解：1854.00，最优解代数：188，用时：464.49s
2025-04-08 16:59:32,106 - INFO - 运行SL算法 - 第3次
2025-04-08 17:07:15,494 - INFO - SL算法第3次运行完成，最优解：1860.00，最优解代数：363，用时：463.39s
2025-04-08 17:07:15,494 - INFO - 运行SL算法 - 第4次
2025-04-08 17:16:05,590 - INFO - SL算法第4次运行完成，最优解：1867.00，最优解代数：782，用时：530.10s
2025-04-08 17:16:05,595 - INFO - 运行SL算法 - 第5次
2025-04-08 17:26:32,665 - INFO - SL算法第5次运行完成，最优解：1866.00，最优解代数：603，用时：627.07s
2025-04-08 17:26:32,665 - INFO - 运行SL算法 - 第6次
2025-04-08 17:36:59,635 - INFO - SL算法第6次运行完成，最优解：1865.00，最优解代数：811，用时：626.97s
2025-04-08 17:36:59,635 - INFO - 运行SL算法 - 第7次
2025-04-08 17:47:27,179 - INFO - SL算法第7次运行完成，最优解：1853.00，最优解代数：367，用时：627.54s
2025-04-08 17:47:27,179 - INFO - 运行SL算法 - 第8次
2025-04-08 17:57:54,983 - INFO - SL算法第8次运行完成，最优解：1863.00，最优解代数：409，用时：627.80s
2025-04-08 17:57:54,989 - INFO - 运行SL算法 - 第9次
2025-04-08 18:08:21,919 - INFO - SL算法第9次运行完成，最优解：1852.00，最优解代数：674，用时：626.93s
2025-04-08 18:08:21,920 - INFO - 运行SL算法 - 第10次
2025-04-08 18:18:51,334 - INFO - SL算法第10次运行完成，最优解：1840.00，最优解代数：756，用时：629.41s
2025-04-08 18:18:51,334 - INFO - 运行EL算法 - 第1次
2025-04-08 18:39:04,385 - INFO - EL算法第1次运行完成，最优解：1476.00，最优解代数：998，用时：1213.05s
2025-04-08 18:39:04,399 - INFO - 运行EL算法 - 第2次
2025-04-08 18:59:20,947 - INFO - EL算法第2次运行完成，最优解：1474.00，最优解代数：771，用时：1216.55s
2025-04-08 18:59:20,949 - INFO - 运行EL算法 - 第3次
2025-04-08 19:19:49,670 - INFO - EL算法第3次运行完成，最优解：1492.00，最优解代数：996，用时：1228.72s
2025-04-08 19:19:49,676 - INFO - 运行EL算法 - 第4次
2025-04-08 19:40:09,579 - INFO - EL算法第4次运行完成，最优解：1485.00，最优解代数：955，用时：1219.90s
2025-04-08 19:40:09,588 - INFO - 运行EL算法 - 第5次
2025-04-08 20:00:24,822 - INFO - EL算法第5次运行完成，最优解：1494.00，最优解代数：960，用时：1215.23s
2025-04-08 20:00:24,828 - INFO - 运行EL算法 - 第6次
2025-04-08 20:20:35,222 - INFO - EL算法第6次运行完成，最优解：1514.00，最优解代数：731，用时：1210.39s
2025-04-08 20:20:35,233 - INFO - 运行EL算法 - 第7次
2025-04-08 20:40:26,034 - INFO - EL算法第7次运行完成，最优解：1504.00，最优解代数：975，用时：1190.80s
2025-04-08 20:40:26,041 - INFO - 运行EL算法 - 第8次
2025-04-08 20:57:02,593 - INFO - EL算法第8次运行完成，最优解：1501.00，最优解代数：854，用时：996.55s
2025-04-08 20:57:02,609 - INFO - 运行EL算法 - 第9次
2025-04-08 21:16:34,017 - INFO - EL算法第9次运行完成，最优解：1498.00，最优解代数：680，用时：1171.41s
2025-04-08 21:16:34,024 - INFO - 运行EL算法 - 第10次
2025-04-08 21:36:02,600 - INFO - EL算法第10次运行完成，最优解：1512.00，最优解代数：702，用时：1168.57s
2025-04-08 21:36:02,610 - INFO - 运行HL算法 - 第1次
2025-04-08 21:52:48,635 - INFO - HL算法第1次运行完成，最优解：1507.00，最优解代数：997，用时：1006.02s
2025-04-08 21:52:48,641 - INFO - 运行HL算法 - 第2次
2025-04-08 22:08:22,789 - INFO - HL算法第2次运行完成，最优解：1516.00，最优解代数：834，用时：934.15s
2025-04-08 22:08:22,797 - INFO - 运行HL算法 - 第3次
2025-04-08 22:21:24,489 - INFO - HL算法第3次运行完成，最优解：1532.00，最优解代数：930，用时：781.69s
2025-04-08 22:21:24,497 - INFO - 运行HL算法 - 第4次
2025-04-08 22:36:27,252 - INFO - HL算法第4次运行完成，最优解：1517.00，最优解代数：961，用时：902.76s
2025-04-08 22:36:27,262 - INFO - 运行HL算法 - 第5次
2025-04-08 22:49:51,775 - INFO - HL算法第5次运行完成，最优解：1522.00，最优解代数：795，用时：804.51s
2025-04-08 22:49:51,782 - INFO - 运行HL算法 - 第6次
2025-04-08 23:03:12,266 - INFO - HL算法第6次运行完成，最优解：1493.00，最优解代数：940，用时：800.48s
2025-04-08 23:03:12,274 - INFO - 运行HL算法 - 第7次
2025-04-08 23:17:31,482 - INFO - HL算法第7次运行完成，最优解：1528.00，最优解代数：842，用时：859.21s
2025-04-08 23:17:31,493 - INFO - 运行HL算法 - 第8次
2025-04-08 23:31:20,871 - INFO - HL算法第8次运行完成，最优解：1512.00，最优解代数：994，用时：829.38s
2025-04-08 23:31:20,882 - INFO - 运行HL算法 - 第9次
2025-04-08 23:45:16,401 - INFO - HL算法第9次运行完成，最优解：1534.00，最优解代数：999，用时：835.52s
2025-04-08 23:45:16,409 - INFO - 运行HL算法 - 第10次
