2025-04-30 01:24:44,894 - DEBUG - Starting optimization, total iterations: 100
2025-04-30 01:24:44,894 - DEBUG - Minimum iterations for pure SL: 20
2025-04-30 01:24:44,894 - DEBUG - Stagnation detection window size: 20
2025-04-30 01:24:44,894 - DEBUG - Stagnation threshold: 0.01
2025-04-30 01:24:44,894 - DEBUG - Force switch iterations: 50
2025-04-30 01:24:44,894 - DEBUG - Iteration 1/100: Phase=statistical learning, SL ratio=1.00, EL ratio=0.00
2025-04-30 01:24:46,073 - DEBUG - Initialized probability model
2025-04-30 01:24:46,080 - INFO - In generation 1，New best makespan: 1956.00, source: sl
2025-04-30 01:24:46,080 - DEBUG - Iteration 2/100: Phase=statistical learning, SL ratio=1.00, EL ratio=0.00
2025-04-30 01:24:48,405 - DEBUG - Updated probability model at iteration 2
2025-04-30 01:24:48,409 - INFO - In generation 2，New best makespan: 1950.00, source: sl
2025-04-30 01:24:48,409 - DEBUG - Iteration 3/100: Phase=statistical learning, SL ratio=1.00, EL ratio=0.00
2025-04-30 01:24:50,516 - DEBUG - Updated probability model at iteration 3
2025-04-30 01:24:50,516 - DEBUG - Iteration 4/100: Phase=statistical learning, SL ratio=1.00, EL ratio=0.00
2025-04-30 01:24:52,707 - DEBUG - Updated probability model at iteration 4
2025-04-30 01:24:52,728 - INFO - In generation 4，New best makespan: 1937.00, source: sl
2025-04-30 01:24:52,728 - DEBUG - Iteration 5/100: Phase=statistical learning, SL ratio=1.00, EL ratio=0.00
2025-04-30 01:24:54,944 - DEBUG - Updated probability model at iteration 5
2025-04-30 01:24:54,944 - DEBUG - Iteration 6/100: Phase=statistical learning, SL ratio=1.00, EL ratio=0.00
2025-04-30 01:24:57,211 - DEBUG - Updated probability model at iteration 6
2025-04-30 01:24:57,211 - DEBUG - Iteration 7/100: Phase=statistical learning, SL ratio=1.00, EL ratio=0.00
2025-04-30 01:24:59,599 - DEBUG - Updated probability model at iteration 7
2025-04-30 01:24:59,604 - INFO - In generation 7，New best makespan: 1917.00, source: sl
2025-04-30 01:24:59,604 - DEBUG - Iteration 8/100: Phase=statistical learning, SL ratio=1.00, EL ratio=0.00
2025-04-30 01:25:01,902 - DEBUG - Updated probability model at iteration 8
2025-04-30 01:25:01,902 - DEBUG - Iteration 9/100: Phase=statistical learning, SL ratio=1.00, EL ratio=0.00
2025-04-30 01:25:04,137 - DEBUG - Updated probability model at iteration 9
2025-04-30 01:25:04,137 - DEBUG - Iteration 10/100: Phase=statistical learning, SL ratio=1.00, EL ratio=0.00
2025-04-30 01:25:06,415 - DEBUG - Updated probability model at iteration 10
2025-04-30 01:25:06,415 - DEBUG - Iteration 11/100: Phase=statistical learning, SL ratio=1.00, EL ratio=0.00
2025-04-30 01:25:08,787 - DEBUG - Updated probability model at iteration 11
2025-04-30 01:25:08,787 - DEBUG - Iteration 12/100: Phase=statistical learning, SL ratio=1.00, EL ratio=0.00
2025-04-30 01:25:11,278 - DEBUG - Updated probability model at iteration 12
2025-04-30 01:25:11,280 - DEBUG - Iteration 13/100: Phase=statistical learning, SL ratio=1.00, EL ratio=0.00
2025-04-30 01:25:13,571 - DEBUG - Updated probability model at iteration 13
2025-04-30 01:25:13,576 - INFO - In generation 13，New best makespan: 1914.00, source: sl
2025-04-30 01:25:13,576 - DEBUG - Iteration 14/100: Phase=statistical learning, SL ratio=1.00, EL ratio=0.00
2025-04-30 01:25:15,837 - DEBUG - Updated probability model at iteration 14
2025-04-30 01:25:15,837 - DEBUG - Iteration 15/100: Phase=statistical learning, SL ratio=1.00, EL ratio=0.00
2025-04-30 01:25:18,236 - DEBUG - Updated probability model at iteration 15
2025-04-30 01:25:18,242 - INFO - In generation 15，New best makespan: 1907.00, source: sl
2025-04-30 01:25:18,242 - DEBUG - Iteration 16/100: Phase=statistical learning, SL ratio=1.00, EL ratio=0.00
2025-04-30 01:25:20,869 - DEBUG - Updated probability model at iteration 16
2025-04-30 01:25:20,869 - DEBUG - Iteration 17/100: Phase=statistical learning, SL ratio=1.00, EL ratio=0.00
2025-04-30 01:25:23,466 - DEBUG - Updated probability model at iteration 17
2025-04-30 01:25:23,466 - DEBUG - Iteration 18/100: Phase=statistical learning, SL ratio=1.00, EL ratio=0.00
2025-04-30 01:25:26,119 - DEBUG - Updated probability model at iteration 18
2025-04-30 01:25:26,119 - DEBUG - Iteration 19/100: Phase=statistical learning, SL ratio=1.00, EL ratio=0.00
2025-04-30 01:25:28,536 - DEBUG - Updated probability model at iteration 19
2025-04-30 01:25:28,536 - DEBUG - Iteration 20/100: Phase=statistical learning, SL ratio=1.00, EL ratio=0.00
2025-04-30 01:25:30,992 - DEBUG - Updated probability model at iteration 20
2025-04-30 01:25:30,992 - DEBUG - Iteration 21/100: Phase=statistical learning, SL ratio=1.00, EL ratio=0.00
2025-04-30 01:25:33,244 - DEBUG - Updated probability model at iteration 21
2025-04-30 01:25:33,244 - DEBUG - Iteration 22/100: Phase=statistical learning, SL ratio=1.00, EL ratio=0.00
2025-04-30 01:25:35,711 - DEBUG - Updated probability model at iteration 22
2025-04-30 01:25:35,717 - INFO - In generation 22，New best makespan: 1879.00, source: sl
2025-04-30 01:25:35,717 - DEBUG - Iteration 23/100: Phase=statistical learning, SL ratio=1.00, EL ratio=0.00
2025-04-30 01:25:38,246 - DEBUG - Updated probability model at iteration 23
2025-04-30 01:25:38,246 - DEBUG - Iteration 24/100: Phase=statistical learning, SL ratio=1.00, EL ratio=0.00
2025-04-30 01:25:40,842 - DEBUG - Updated probability model at iteration 24
2025-04-30 01:25:40,842 - DEBUG - Iteration 25/100: Phase=statistical learning, SL ratio=1.00, EL ratio=0.00
2025-04-30 01:25:43,524 - DEBUG - Updated probability model at iteration 25
2025-04-30 01:25:43,524 - DEBUG - Iteration 26/100: Phase=statistical learning, SL ratio=1.00, EL ratio=0.00
2025-04-30 01:25:45,928 - DEBUG - Updated probability model at iteration 26
2025-04-30 01:25:45,928 - DEBUG - Iteration 27/100: Phase=statistical learning, SL ratio=1.00, EL ratio=0.00
2025-04-30 01:25:48,379 - DEBUG - Updated probability model at iteration 27
2025-04-30 01:25:48,379 - DEBUG - Iteration 28/100: Phase=statistical learning, SL ratio=1.00, EL ratio=0.00
2025-04-30 01:25:50,766 - DEBUG - Updated probability model at iteration 28
2025-04-30 01:25:50,766 - DEBUG - Iteration 29/100: Phase=statistical learning, SL ratio=1.00, EL ratio=0.00
2025-04-30 01:25:53,276 - DEBUG - Updated probability model at iteration 29
2025-04-30 01:25:53,276 - DEBUG - Iteration 30/100: Phase=statistical learning, SL ratio=1.00, EL ratio=0.00
2025-04-30 01:25:55,594 - DEBUG - Updated probability model at iteration 30
2025-04-30 01:25:55,594 - DEBUG - Iteration 31/100: Phase=statistical learning, SL ratio=1.00, EL ratio=0.00
2025-04-30 01:25:57,867 - DEBUG - Updated probability model at iteration 31
2025-04-30 01:25:57,867 - DEBUG - Iteration 32/100: Phase=statistical learning, SL ratio=1.00, EL ratio=0.00
2025-04-30 01:26:00,121 - DEBUG - Updated probability model at iteration 32
2025-04-30 01:26:00,121 - DEBUG - Iteration 33/100: Phase=statistical learning, SL ratio=1.00, EL ratio=0.00
2025-04-30 01:26:02,576 - DEBUG - Updated probability model at iteration 33
2025-04-30 01:26:02,576 - DEBUG - Iteration 34/100: Phase=statistical learning, SL ratio=1.00, EL ratio=0.00
2025-04-30 01:26:04,968 - DEBUG - Updated probability model at iteration 34
2025-04-30 01:26:04,968 - DEBUG - Iteration 35/100: Phase=statistical learning, SL ratio=1.00, EL ratio=0.00
2025-04-30 01:26:07,273 - DEBUG - Updated probability model at iteration 35
2025-04-30 01:26:07,273 - DEBUG - Iteration 36/100: Phase=statistical learning, SL ratio=1.00, EL ratio=0.00
2025-04-30 01:26:09,921 - DEBUG - Updated probability model at iteration 36
2025-04-30 01:26:09,921 - DEBUG - Iteration 37/100: Phase=statistical learning, SL ratio=1.00, EL ratio=0.00
2025-04-30 01:26:12,679 - DEBUG - Updated probability model at iteration 37
2025-04-30 01:26:12,679 - DEBUG - Iteration 38/100: Phase=statistical learning, SL ratio=1.00, EL ratio=0.00
2025-04-30 01:26:15,073 - DEBUG - Updated probability model at iteration 38
2025-04-30 01:26:15,073 - DEBUG - Iteration 39/100: Phase=statistical learning, SL ratio=1.00, EL ratio=0.00
2025-04-30 01:26:17,421 - DEBUG - Updated probability model at iteration 39
2025-04-30 01:26:17,428 - INFO - In generation 39，New best makespan: 1864.00, source: sl
2025-04-30 01:26:17,428 - DEBUG - Iteration 40/100: Phase=statistical learning, SL ratio=1.00, EL ratio=0.00
2025-04-30 01:26:19,778 - DEBUG - Updated probability model at iteration 40
2025-04-30 01:26:19,779 - DEBUG - Iteration 41/100: Phase=statistical learning, SL ratio=1.00, EL ratio=0.00
2025-04-30 01:26:21,888 - DEBUG - Updated probability model at iteration 41
2025-04-30 01:26:21,888 - DEBUG - Iteration 42/100: Phase=statistical learning, SL ratio=1.00, EL ratio=0.00
2025-04-30 01:26:24,151 - DEBUG - Updated probability model at iteration 42
2025-04-30 01:26:24,151 - DEBUG - Iteration 43/100: Phase=statistical learning, SL ratio=1.00, EL ratio=0.00
2025-04-30 01:26:26,206 - DEBUG - Updated probability model at iteration 43
2025-04-30 01:26:26,206 - DEBUG - Iteration 44/100: Phase=statistical learning, SL ratio=1.00, EL ratio=0.00
2025-04-30 01:26:28,917 - DEBUG - Updated probability model at iteration 44
2025-04-30 01:26:28,917 - DEBUG - Iteration 45/100: Phase=statistical learning, SL ratio=1.00, EL ratio=0.00
2025-04-30 01:26:31,926 - DEBUG - Updated probability model at iteration 45
2025-04-30 01:26:31,926 - DEBUG - Iteration 46/100: Phase=statistical learning, SL ratio=1.00, EL ratio=0.00
2025-04-30 01:26:34,495 - DEBUG - Updated probability model at iteration 46
2025-04-30 01:26:34,495 - DEBUG - Iteration 47/100: Phase=statistical learning, SL ratio=1.00, EL ratio=0.00
2025-04-30 01:26:37,141 - DEBUG - Updated probability model at iteration 47
2025-04-30 01:26:37,141 - DEBUG - Iteration 48/100: Phase=statistical learning, SL ratio=1.00, EL ratio=0.00
2025-04-30 01:26:39,677 - DEBUG - Updated probability model at iteration 48
2025-04-30 01:26:39,677 - DEBUG - Iteration 49/100: Phase=statistical learning, SL ratio=1.00, EL ratio=0.00
2025-04-30 01:26:42,127 - DEBUG - Updated probability model at iteration 49
2025-04-30 01:26:42,127 - DEBUG - Iteration 50/100: Phase=statistical learning, SL ratio=1.00, EL ratio=0.00
2025-04-30 01:26:44,588 - DEBUG - Updated probability model at iteration 50
2025-04-30 01:26:44,588 - DEBUG - Iteration 51/100: Phase=statistical learning, SL ratio=1.00, EL ratio=0.00
2025-04-30 01:26:46,964 - DEBUG - Updated probability model at iteration 51
2025-04-30 01:26:46,964 - INFO - 
Reached force switch iteration 50, switching to hybrid phase...
2025-04-30 01:26:46,964 - DEBUG - Iteration 52/100: Phase=hybrid learning, SL ratio=0.90, EL ratio=0.10
2025-04-30 01:26:49,536 - DEBUG -   [SL->EL] 成功! 用SL最优解1888.00替换EL最差解2110.00, 改进了222.00
2025-04-30 01:26:49,536 - DEBUG -   [EL->SL] 成功添加2个EL解到SL种群
2025-04-30 01:26:49,537 - DEBUG - Updated probability model at iteration 52
2025-04-30 01:26:49,537 - DEBUG - Iteration 53/100: Phase=hybrid learning, SL ratio=0.90, EL ratio=0.10
2025-04-30 01:26:52,162 - DEBUG -   [SL->EL] 成功! 用SL最优解1946.00替换EL最差解2145.00, 改进了199.00
2025-04-30 01:26:52,162 - DEBUG -   [EL->SL] 成功添加2个EL解到SL种群
2025-04-30 01:26:52,164 - DEBUG - Updated probability model at iteration 53
2025-04-30 01:26:52,164 - DEBUG - Iteration 54/100: Phase=hybrid learning, SL ratio=0.90, EL ratio=0.10
2025-04-30 01:26:54,816 - DEBUG -   [SL->EL] 成功! 用SL最优解1907.00替换EL最差解1977.00, 改进了70.00
2025-04-30 01:26:54,816 - DEBUG -   [EL->SL] 成功添加2个EL解到SL种群
2025-04-30 01:26:54,817 - DEBUG - Updated probability model at iteration 54
2025-04-30 01:26:54,817 - DEBUG - Iteration 55/100: Phase=hybrid learning, SL ratio=0.90, EL ratio=0.10
2025-04-30 01:26:57,480 - DEBUG -   [SL->EL] 成功! 用SL最优解1940.00替换EL最差解2013.00, 改进了73.00
2025-04-30 01:26:57,480 - DEBUG -   [EL->SL] 成功添加2个EL解到SL种群
2025-04-30 01:26:57,481 - DEBUG - Updated probability model at iteration 55
2025-04-30 01:26:57,481 - DEBUG - Iteration 56/100: Phase=hybrid learning, SL ratio=0.90, EL ratio=0.10
2025-04-30 01:27:00,052 - DEBUG -   [SL->EL] 成功! 用SL最优解1932.00替换EL最差解2018.00, 改进了86.00
2025-04-30 01:27:00,053 - DEBUG -   [EL->SL] 成功添加2个EL解到SL种群
2025-04-30 01:27:00,054 - DEBUG - Updated probability model at iteration 56
2025-04-30 01:27:00,054 - INFO - SL has been consistently better for 5 iterations, adjusting ratios: SL=0.90, EL=0.10
2025-04-30 01:27:00,054 - DEBUG - Iteration 57/100: Phase=hybrid learning, SL ratio=0.90, EL ratio=0.10
2025-04-30 01:27:02,878 - DEBUG -   [SL->EL] 成功! 用SL最优解1944.00替换EL最差解2016.00, 改进了72.00
2025-04-30 01:27:02,879 - DEBUG -   [EL->SL] 成功添加2个EL解到SL种群
2025-04-30 01:27:02,880 - DEBUG - Updated probability model at iteration 57
2025-04-30 01:27:02,880 - DEBUG - Iteration 58/100: Phase=hybrid learning, SL ratio=0.90, EL ratio=0.10
2025-04-30 01:27:05,406 - INFO - In generation 58，New best makespan: 1856.00, source: el
2025-04-30 01:27:05,406 - DEBUG -   [SL->EL] 失败! SL最优解1946.00不如EL最差解1944.00
2025-04-30 01:27:05,407 - DEBUG -   [EL->SL] 成功添加2个EL解到SL种群
2025-04-30 01:27:05,408 - DEBUG - Updated probability model at iteration 58
2025-04-30 01:27:05,408 - DEBUG - Iteration 59/100: Phase=hybrid learning, SL ratio=0.90, EL ratio=0.10
2025-04-30 01:27:07,886 - DEBUG -   [SL->EL] 成功! 用SL最优解1939.00替换EL最差解1987.00, 改进了48.00
2025-04-30 01:27:07,886 - DEBUG -   [EL->SL] 成功添加2个EL解到SL种群
2025-04-30 01:27:07,887 - DEBUG - Updated probability model at iteration 59
2025-04-30 01:27:07,887 - DEBUG - Iteration 60/100: Phase=hybrid learning, SL ratio=0.90, EL ratio=0.10
2025-04-30 01:27:10,196 - INFO - In generation 60，New best makespan: 1850.00, source: el
2025-04-30 01:27:10,196 - DEBUG -   [SL->EL] 成功! 用SL最优解1930.00替换EL最差解1944.00, 改进了14.00
2025-04-30 01:27:10,196 - DEBUG -   [EL->SL] 成功添加2个EL解到SL种群
2025-04-30 01:27:10,197 - DEBUG - Updated probability model at iteration 60
2025-04-30 01:27:10,197 - DEBUG - Iteration 61/100: Phase=hybrid learning, SL ratio=0.90, EL ratio=0.10
2025-04-30 01:27:12,675 - INFO - In generation 61，New best makespan: 1832.00, source: el
2025-04-30 01:27:12,675 - DEBUG -   [SL->EL] 成功! 用SL最优解1937.00替换EL最差解1952.00, 改进了15.00
2025-04-30 01:27:12,676 - DEBUG -   [EL->SL] 成功添加2个EL解到SL种群
2025-04-30 01:27:12,677 - DEBUG - Updated probability model at iteration 61
2025-04-30 01:27:12,677 - DEBUG - Iteration 62/100: Phase=hybrid learning, SL ratio=0.90, EL ratio=0.10
2025-04-30 01:27:15,130 - DEBUG -   [SL->EL] 失败! SL最优解1908.00不如EL最差解1905.00
2025-04-30 01:27:15,130 - DEBUG -   [EL->SL] 成功添加2个EL解到SL种群
2025-04-30 01:27:15,131 - DEBUG - Updated probability model at iteration 62
2025-04-30 01:27:15,131 - DEBUG - Iteration 63/100: Phase=hybrid learning, SL ratio=0.90, EL ratio=0.10
2025-04-30 01:27:17,521 - INFO - In generation 63，New best makespan: 1830.00, source: el
2025-04-30 01:27:17,522 - DEBUG -   [SL->EL] 失败! SL最优解1918.00不如EL最差解1915.00
2025-04-30 01:27:17,522 - DEBUG -   [EL->SL] 成功添加2个EL解到SL种群
2025-04-30 01:27:17,523 - DEBUG - Updated probability model at iteration 63
2025-04-30 01:27:17,523 - INFO - EL has been consistently better for 5 iterations, adjusting ratios: SL=0.80, EL=0.20
2025-04-30 01:27:17,524 - DEBUG - Iteration 64/100: Phase=hybrid learning, SL ratio=0.80, EL ratio=0.20
2025-04-30 01:27:19,912 - INFO - In generation 64，New best makespan: 1828.00, source: el
2025-04-30 01:27:19,912 - DEBUG -   [SL->EL] 成功! 用SL最优解1908.00替换EL最差解1994.00, 改进了86.00
2025-04-30 01:27:19,913 - DEBUG -   [EL->SL] 成功添加4个EL解到SL种群
2025-04-30 01:27:19,914 - DEBUG - Updated probability model at iteration 64
2025-04-30 01:27:19,914 - DEBUG - Iteration 65/100: Phase=hybrid learning, SL ratio=0.80, EL ratio=0.20
2025-04-30 01:27:22,224 - DEBUG -   [SL->EL] 成功! 用SL最优解1862.00替换EL最差解1969.00, 改进了107.00
2025-04-30 01:27:22,225 - DEBUG -   [EL->SL] 成功添加4个EL解到SL种群
2025-04-30 01:27:22,226 - DEBUG - Updated probability model at iteration 65
2025-04-30 01:27:22,226 - DEBUG - Iteration 66/100: Phase=hybrid learning, SL ratio=0.80, EL ratio=0.20
2025-04-30 01:27:24,733 - DEBUG -   [SL->EL] 成功! 用SL最优解1862.00替换EL最差解1954.00, 改进了92.00
2025-04-30 01:27:24,734 - DEBUG -   [EL->SL] 成功添加4个EL解到SL种群
2025-04-30 01:27:24,735 - DEBUG - Updated probability model at iteration 66
2025-04-30 01:27:24,735 - DEBUG - Iteration 67/100: Phase=hybrid learning, SL ratio=0.80, EL ratio=0.20
2025-04-30 01:27:27,478 - INFO - In generation 67，New best makespan: 1826.00, source: el
2025-04-30 01:27:27,478 - DEBUG -   [SL->EL] 成功! 用SL最优解1906.00替换EL最差解2095.00, 改进了189.00
2025-04-30 01:27:27,480 - DEBUG -   [EL->SL] 成功添加4个EL解到SL种群
2025-04-30 01:27:27,481 - DEBUG - Updated probability model at iteration 67
2025-04-30 01:27:27,481 - DEBUG - Iteration 68/100: Phase=hybrid learning, SL ratio=0.80, EL ratio=0.20
2025-04-30 01:27:30,449 - DEBUG -   [SL->EL] 失败! SL最优解1901.00不如EL最差解1885.00
2025-04-30 01:27:30,450 - DEBUG -   [EL->SL] 成功添加4个EL解到SL种群
2025-04-30 01:27:30,451 - DEBUG - Updated probability model at iteration 68
2025-04-30 01:27:30,451 - INFO - EL has been consistently better for 5 iterations, adjusting ratios: SL=0.70, EL=0.30
2025-04-30 01:27:30,451 - DEBUG - Iteration 69/100: Phase=hybrid learning, SL ratio=0.70, EL ratio=0.30
2025-04-30 01:27:32,869 - DEBUG -   [SL->EL] 成功! 用SL最优解1891.00替换EL最差解1982.00, 改进了91.00
2025-04-30 01:27:32,870 - DEBUG -   [EL->SL] 成功添加6个EL解到SL种群
2025-04-30 01:27:32,871 - DEBUG - Updated probability model at iteration 69
2025-04-30 01:27:32,871 - DEBUG - Iteration 70/100: Phase=hybrid learning, SL ratio=0.70, EL ratio=0.30
2025-04-30 01:27:35,191 - INFO - In generation 70，New best makespan: 1818.00, source: el
2025-04-30 01:27:35,191 - DEBUG -   [SL->EL] 成功! 用SL最优解1882.00替换EL最差解1945.00, 改进了63.00
2025-04-30 01:27:35,192 - DEBUG -   [EL->SL] 成功添加6个EL解到SL种群
2025-04-30 01:27:35,193 - DEBUG - Updated probability model at iteration 70
2025-04-30 01:27:35,193 - DEBUG - Iteration 71/100: Phase=hybrid learning, SL ratio=0.70, EL ratio=0.30
2025-04-30 01:27:37,500 - DEBUG -   [SL->EL] 成功! 用SL最优解1884.00替换EL最差解1922.00, 改进了38.00
2025-04-30 01:27:37,501 - DEBUG -   [EL->SL] 成功添加6个EL解到SL种群
2025-04-30 01:27:37,502 - DEBUG - Updated probability model at iteration 71
2025-04-30 01:27:37,502 - DEBUG - Iteration 72/100: Phase=hybrid learning, SL ratio=0.70, EL ratio=0.30
2025-04-30 01:27:39,885 - INFO - In generation 72，New best makespan: 1814.00, source: el
2025-04-30 01:27:39,886 - DEBUG -   [SL->EL] 成功! 用SL最优解1903.00替换EL最差解1911.00, 改进了8.00
2025-04-30 01:27:39,887 - DEBUG -   [EL->SL] 成功添加6个EL解到SL种群
2025-04-30 01:27:39,887 - DEBUG - Updated probability model at iteration 72
2025-04-30 01:27:39,887 - DEBUG - Iteration 73/100: Phase=hybrid learning, SL ratio=0.70, EL ratio=0.30
2025-04-30 01:27:42,600 - DEBUG -   [SL->EL] 成功! 用SL最优解1823.00替换EL最差解2077.00, 改进了254.00
2025-04-30 01:27:42,601 - DEBUG -   [EL->SL] 成功添加6个EL解到SL种群
2025-04-30 01:27:42,602 - DEBUG - Updated probability model at iteration 73
2025-04-30 01:27:42,602 - INFO - EL has been consistently better for 5 iterations, adjusting ratios: SL=0.60, EL=0.40
2025-04-30 01:27:42,603 - DEBUG - Iteration 74/100: Phase=hybrid learning, SL ratio=0.60, EL ratio=0.40
2025-04-30 01:27:45,139 - DEBUG -   [SL->EL] 成功! 用SL最优解1895.00替换EL最差解1960.00, 改进了65.00
2025-04-30 01:27:45,141 - DEBUG -   [EL->SL] 成功添加8个EL解到SL种群
2025-04-30 01:27:45,142 - DEBUG - Updated probability model at iteration 74
2025-04-30 01:27:45,142 - DEBUG - Iteration 75/100: Phase=hybrid learning, SL ratio=0.60, EL ratio=0.40
2025-04-30 01:27:47,564 - INFO - In generation 75，New best makespan: 1810.00, source: el
2025-04-30 01:27:47,565 - DEBUG -   [SL->EL] 成功! 用SL最优解1874.00替换EL最差解1974.00, 改进了100.00
2025-04-30 01:27:47,566 - DEBUG -   [EL->SL] 成功添加8个EL解到SL种群
2025-04-30 01:27:47,567 - DEBUG - Updated probability model at iteration 75
2025-04-30 01:27:47,567 - DEBUG - Iteration 76/100: Phase=hybrid learning, SL ratio=0.60, EL ratio=0.40
2025-04-30 01:27:49,966 - INFO - In generation 76，New best makespan: 1808.00, source: el
2025-04-30 01:27:49,967 - DEBUG -   [SL->EL] 成功! 用SL最优解1844.00替换EL最差解1938.00, 改进了94.00
2025-04-30 01:27:49,968 - DEBUG -   [EL->SL] 成功添加8个EL解到SL种群
2025-04-30 01:27:49,970 - DEBUG - Updated probability model at iteration 76
2025-04-30 01:27:49,970 - DEBUG - Iteration 77/100: Phase=hybrid learning, SL ratio=0.60, EL ratio=0.40
2025-04-30 01:27:52,670 - DEBUG -   [SL->EL] 成功! 用SL最优解1868.00替换EL最差解1890.00, 改进了22.00
2025-04-30 01:27:52,672 - DEBUG -   [EL->SL] 成功添加8个EL解到SL种群
2025-04-30 01:27:52,673 - DEBUG - Updated probability model at iteration 77
2025-04-30 01:27:52,673 - DEBUG - Iteration 78/100: Phase=hybrid learning, SL ratio=0.60, EL ratio=0.40
2025-04-30 01:27:55,199 - INFO - In generation 78，New best makespan: 1806.00, source: el
2025-04-30 01:27:55,199 - DEBUG -   [SL->EL] 成功! 用SL最优解1843.00替换EL最差解1985.00, 改进了142.00
2025-04-30 01:27:55,200 - DEBUG -   [EL->SL] 成功添加8个EL解到SL种群
2025-04-30 01:27:55,201 - DEBUG - Updated probability model at iteration 78
2025-04-30 01:27:55,201 - INFO - EL has been consistently better for 5 iterations, adjusting ratios: SL=0.50, EL=0.50
2025-04-30 01:27:55,201 - DEBUG - Iteration 79/100: Phase=hybrid learning, SL ratio=0.50, EL ratio=0.50
2025-04-30 01:27:57,708 - INFO - In generation 79，New best makespan: 1800.00, source: el
2025-04-30 01:27:57,709 - DEBUG -   [SL->EL] 成功! 用SL最优解1876.00替换EL最差解1972.00, 改进了96.00
2025-04-30 01:27:57,711 - DEBUG -   [EL->SL] 成功添加10个EL解到SL种群
2025-04-30 01:27:57,712 - DEBUG - Updated probability model at iteration 79
2025-04-30 01:27:57,712 - DEBUG - Iteration 80/100: Phase=hybrid learning, SL ratio=0.50, EL ratio=0.50
2025-04-30 01:28:00,205 - DEBUG -   [SL->EL] 成功! 用SL最优解1864.00替换EL最差解1972.00, 改进了108.00
2025-04-30 01:28:00,208 - DEBUG -   [EL->SL] 成功添加10个EL解到SL种群
2025-04-30 01:28:00,208 - DEBUG - Updated probability model at iteration 80
2025-04-30 01:28:00,208 - DEBUG - Iteration 81/100: Phase=hybrid learning, SL ratio=0.50, EL ratio=0.50
2025-04-30 01:28:02,636 - DEBUG -   [SL->EL] 成功! 用SL最优解1860.00替换EL最差解1926.00, 改进了66.00
2025-04-30 01:28:02,637 - DEBUG -   [EL->SL] 成功添加10个EL解到SL种群
2025-04-30 01:28:02,638 - DEBUG - Updated probability model at iteration 81
2025-04-30 01:28:02,638 - DEBUG - Iteration 82/100: Phase=hybrid learning, SL ratio=0.50, EL ratio=0.50
2025-04-30 01:28:05,218 - INFO - In generation 82，New best makespan: 1796.00, source: el
2025-04-30 01:28:05,218 - DEBUG -   [SL->EL] 成功! 用SL最优解1825.00替换EL最差解1906.00, 改进了81.00
2025-04-30 01:28:05,220 - DEBUG -   [EL->SL] 成功添加10个EL解到SL种群
2025-04-30 01:28:05,221 - DEBUG - Updated probability model at iteration 82
2025-04-30 01:28:05,221 - DEBUG - Iteration 83/100: Phase=hybrid learning, SL ratio=0.50, EL ratio=0.50
2025-04-30 01:28:07,738 - INFO - In generation 83，New best makespan: 1794.00, source: el
2025-04-30 01:28:07,738 - DEBUG -   [SL->EL] 成功! 用SL最优解1840.00替换EL最差解2014.00, 改进了174.00
2025-04-30 01:28:07,740 - DEBUG -   [EL->SL] 成功添加10个EL解到SL种群
2025-04-30 01:28:07,741 - DEBUG - Updated probability model at iteration 83
2025-04-30 01:28:07,741 - INFO - EL has been consistently better for 5 iterations, adjusting ratios: SL=0.40, EL=0.60
2025-04-30 01:28:07,741 - DEBUG - Iteration 84/100: Phase=hybrid learning, SL ratio=0.40, EL ratio=0.60
2025-04-30 01:28:10,226 - INFO - In generation 84，New best makespan: 1792.00, source: el
2025-04-30 01:28:10,226 - DEBUG -   [SL->EL] 成功! 用SL最优解1811.00替换EL最差解1926.00, 改进了115.00
2025-04-30 01:28:10,228 - DEBUG -   [EL->SL] 成功添加12个EL解到SL种群
2025-04-30 01:28:10,228 - DEBUG - Updated probability model at iteration 84
2025-04-30 01:28:10,228 - DEBUG - Iteration 85/100: Phase=hybrid learning, SL ratio=0.40, EL ratio=0.60
2025-04-30 01:28:12,775 - INFO - In generation 85，New best makespan: 1790.00, source: el
2025-04-30 01:28:12,776 - DEBUG -   [SL->EL] 成功! 用SL最优解1848.00替换EL最差解1959.00, 改进了111.00
2025-04-30 01:28:12,778 - DEBUG -   [EL->SL] 成功添加12个EL解到SL种群
2025-04-30 01:28:12,778 - DEBUG - Updated probability model at iteration 85
2025-04-30 01:28:12,778 - DEBUG - Iteration 86/100: Phase=hybrid learning, SL ratio=0.40, EL ratio=0.60
2025-04-30 01:28:15,266 - DEBUG -   [SL->EL] 成功! 用SL最优解1850.00替换EL最差解1952.00, 改进了102.00
2025-04-30 01:28:15,268 - DEBUG -   [EL->SL] 成功添加12个EL解到SL种群
2025-04-30 01:28:15,269 - DEBUG - Updated probability model at iteration 86
2025-04-30 01:28:15,269 - DEBUG - Iteration 87/100: Phase=hybrid learning, SL ratio=0.40, EL ratio=0.60
2025-04-30 01:28:17,722 - DEBUG -   [SL->EL] 成功! 用SL最优解1843.00替换EL最差解2001.00, 改进了158.00
2025-04-30 01:28:17,725 - DEBUG -   [EL->SL] 成功添加12个EL解到SL种群
2025-04-30 01:28:17,726 - DEBUG - Updated probability model at iteration 87
2025-04-30 01:28:17,726 - DEBUG - Iteration 88/100: Phase=hybrid learning, SL ratio=0.40, EL ratio=0.60
2025-04-30 01:28:20,284 - INFO - In generation 88，New best makespan: 1780.00, source: el
2025-04-30 01:28:20,284 - DEBUG -   [SL->EL] 成功! 用SL最优解1867.00替换EL最差解1983.00, 改进了116.00
2025-04-30 01:28:20,286 - DEBUG -   [EL->SL] 成功添加12个EL解到SL种群
2025-04-30 01:28:20,286 - DEBUG - Updated probability model at iteration 88
2025-04-30 01:28:20,286 - INFO - EL has been consistently better for 5 iterations, adjusting ratios: SL=0.30, EL=0.70
2025-04-30 01:28:20,286 - DEBUG - Iteration 89/100: Phase=hybrid learning, SL ratio=0.30, EL ratio=0.70
2025-04-30 01:28:22,933 - DEBUG -   [SL->EL] 成功! 用SL最优解1845.00替换EL最差解1994.00, 改进了149.00
2025-04-30 01:28:22,936 - DEBUG -   [EL->SL] 成功添加14个EL解到SL种群
2025-04-30 01:28:22,937 - DEBUG - Updated probability model at iteration 89
2025-04-30 01:28:22,937 - DEBUG - Iteration 90/100: Phase=hybrid learning, SL ratio=0.30, EL ratio=0.70
2025-04-30 01:28:25,432 - INFO - In generation 90，New best makespan: 1776.00, source: el
2025-04-30 01:28:25,433 - DEBUG -   [SL->EL] 成功! 用SL最优解1837.00替换EL最差解1932.00, 改进了95.00
2025-04-30 01:28:25,436 - DEBUG -   [EL->SL] 成功添加14个EL解到SL种群
2025-04-30 01:28:25,437 - DEBUG - Updated probability model at iteration 90
2025-04-30 01:28:25,437 - DEBUG - Iteration 91/100: Phase=hybrid learning, SL ratio=0.30, EL ratio=0.70
2025-04-30 01:28:27,938 - DEBUG -   [SL->EL] 成功! 用SL最优解1848.00替换EL最差解1999.00, 改进了151.00
2025-04-30 01:28:27,941 - DEBUG -   [EL->SL] 成功添加14个EL解到SL种群
2025-04-30 01:28:27,941 - DEBUG - Updated probability model at iteration 91
2025-04-30 01:28:27,942 - DEBUG - Iteration 92/100: Phase=hybrid learning, SL ratio=0.30, EL ratio=0.70
2025-04-30 01:28:30,435 - DEBUG -   [SL->EL] 成功! 用SL最优解1812.00替换EL最差解1930.00, 改进了118.00
2025-04-30 01:28:30,437 - DEBUG -   [EL->SL] 成功添加14个EL解到SL种群
2025-04-30 01:28:30,438 - DEBUG - Updated probability model at iteration 92
2025-04-30 01:28:30,438 - DEBUG - Iteration 93/100: Phase=hybrid learning, SL ratio=0.30, EL ratio=0.70
2025-04-30 01:28:32,942 - INFO - In generation 93，New best makespan: 1772.00, source: el
2025-04-30 01:28:32,942 - DEBUG -   [SL->EL] 成功! 用SL最优解1811.00替换EL最差解1957.00, 改进了146.00
2025-04-30 01:28:32,944 - DEBUG -   [EL->SL] 成功添加14个EL解到SL种群
2025-04-30 01:28:32,945 - DEBUG - Updated probability model at iteration 93
2025-04-30 01:28:32,945 - INFO - EL has been consistently better for 5 iterations, adjusting ratios: SL=0.20, EL=0.80
2025-04-30 01:28:32,945 - DEBUG - Iteration 94/100: Phase=hybrid learning, SL ratio=0.20, EL ratio=0.80
2025-04-30 01:28:35,406 - DEBUG -   [SL->EL] 成功! 用SL最优解1811.00替换EL最差解1982.00, 改进了171.00
2025-04-30 01:28:35,408 - DEBUG -   [EL->SL] 成功添加16个EL解到SL种群
2025-04-30 01:28:35,410 - DEBUG - Updated probability model at iteration 94
2025-04-30 01:28:35,410 - DEBUG - Iteration 95/100: Phase=hybrid learning, SL ratio=0.20, EL ratio=0.80
2025-04-30 01:28:37,891 - DEBUG -   [SL->EL] 成功! 用SL最优解1825.00替换EL最差解1951.00, 改进了126.00
2025-04-30 01:28:37,894 - DEBUG -   [EL->SL] 成功添加16个EL解到SL种群
2025-04-30 01:28:37,895 - DEBUG - Updated probability model at iteration 95
2025-04-30 01:28:37,895 - DEBUG - Iteration 96/100: Phase=hybrid learning, SL ratio=0.20, EL ratio=0.80
2025-04-30 01:28:40,487 - DEBUG -   [SL->EL] 成功! 用SL最优解1822.00替换EL最差解1956.00, 改进了134.00
2025-04-30 01:28:40,490 - DEBUG -   [EL->SL] 成功添加16个EL解到SL种群
2025-04-30 01:28:40,490 - DEBUG - Updated probability model at iteration 96
2025-04-30 01:28:40,490 - DEBUG - Iteration 97/100: Phase=hybrid learning, SL ratio=0.20, EL ratio=0.80
2025-04-30 01:28:43,150 - DEBUG -   [SL->EL] 成功! 用SL最优解1860.00替换EL最差解1920.00, 改进了60.00
2025-04-30 01:28:43,153 - DEBUG -   [EL->SL] 成功添加16个EL解到SL种群
2025-04-30 01:28:43,153 - DEBUG - Updated probability model at iteration 97
2025-04-30 01:28:43,153 - DEBUG - Iteration 98/100: Phase=hybrid learning, SL ratio=0.20, EL ratio=0.80
2025-04-30 01:28:45,713 - DEBUG -   [SL->EL] 成功! 用SL最优解1846.00替换EL最差解1947.00, 改进了101.00
2025-04-30 01:28:45,716 - DEBUG -   [EL->SL] 成功添加16个EL解到SL种群
2025-04-30 01:28:45,717 - DEBUG - Updated probability model at iteration 98
2025-04-30 01:28:45,717 - INFO - EL has been consistently better for 5 iterations, adjusting ratios: SL=0.10, EL=0.90
2025-04-30 01:28:45,717 - DEBUG - Iteration 99/100: Phase=hybrid learning, SL ratio=0.10, EL ratio=0.90
2025-04-30 01:28:48,430 - DEBUG -   [SL->EL] 成功! 用SL最优解1827.00替换EL最差解1936.00, 改进了109.00
2025-04-30 01:28:48,433 - DEBUG -   [EL->SL] 成功添加18个EL解到SL种群
2025-04-30 01:28:48,434 - DEBUG - Updated probability model at iteration 99
2025-04-30 01:28:48,434 - DEBUG - Iteration 100/100: Phase=hybrid learning, SL ratio=0.10, EL ratio=0.90
2025-04-30 01:28:51,145 - INFO - In generation 100，New best makespan: 1766.00, source: el
2025-04-30 01:28:51,145 - DEBUG -   [SL->EL] 成功! 用SL最优解1834.00替换EL最差解2028.00, 改进了194.00
2025-04-30 01:28:51,149 - DEBUG -   [EL->SL] 成功添加18个EL解到SL种群
2025-04-30 01:28:51,149 - DEBUG - Updated probability model at iteration 100
2025-04-30 01:28:51,159 - INFO - ==================================================
2025-04-30 01:28:51,161 - INFO - Results saved to: hl_output
2025-04-30 01:28:51,496 - INFO - Convergence curve saved to: hl_output/hl_convergence.png
2025-04-30 01:28:51,496 - INFO - Best solution found with makespan: 1766.00s at generation 100
2025-04-30 01:28:51,496 - INFO - Total time: 246.60s
