2025-04-08 16:33:21,997 - DEBUG - Starting optimization, total iterations: 100
2025-04-08 16:33:21,997 - DEBUG - Minimum iterations for pure SL: 20.0
2025-04-08 16:33:21,997 - DEBUG - Stagnation detection window size: 20
2025-04-08 16:33:21,997 - DEBUG - Stagnation threshold: 0.01
2025-04-08 16:33:21,997 - DEBUG - Force switch iterations: 50.0
2025-04-08 16:33:21,997 - DEBUG - Iteration 1/100: Phase=statistical learning, SL ratio=1.00, EL ratio=0.00
2025-04-08 16:33:22,483 - DEBUG - Initialized probability model
2025-04-08 16:33:22,489 - INFO - In generation 1，New best makespan: 1917.00, source: sl
2025-04-08 16:33:22,489 - DEBUG - Iteration 2/100: Phase=statistical learning, SL ratio=1.00, EL ratio=0.00
2025-04-08 16:33:22,984 - DEBUG - Updated probability model at iteration 2
2025-04-08 16:33:22,984 - DEBUG - Iteration 3/100: Phase=statistical learning, SL ratio=1.00, EL ratio=0.00
2025-04-08 16:33:23,474 - DEBUG - Updated probability model at iteration 3
2025-04-08 16:33:23,474 - DEBUG - Iteration 4/100: Phase=statistical learning, SL ratio=1.00, EL ratio=0.00
2025-04-08 16:33:23,968 - DEBUG - Updated probability model at iteration 4
2025-04-08 16:33:23,968 - DEBUG - Iteration 5/100: Phase=statistical learning, SL ratio=1.00, EL ratio=0.00
2025-04-08 16:33:24,454 - DEBUG - Updated probability model at iteration 5
2025-04-08 16:33:24,459 - INFO - In generation 5，New best makespan: 1916.00, source: sl
2025-04-08 16:33:24,459 - DEBUG - Iteration 6/100: Phase=statistical learning, SL ratio=1.00, EL ratio=0.00
2025-04-08 16:33:24,951 - DEBUG - Updated probability model at iteration 6
2025-04-08 16:33:24,956 - INFO - In generation 6，New best makespan: 1907.00, source: sl
2025-04-08 16:33:24,957 - DEBUG - Iteration 7/100: Phase=statistical learning, SL ratio=1.00, EL ratio=0.00
2025-04-08 16:33:25,450 - DEBUG - Updated probability model at iteration 7
2025-04-08 16:33:25,450 - DEBUG - Iteration 8/100: Phase=statistical learning, SL ratio=1.00, EL ratio=0.00
2025-04-08 16:33:25,952 - DEBUG - Updated probability model at iteration 8
2025-04-08 16:33:25,952 - DEBUG - Iteration 9/100: Phase=statistical learning, SL ratio=1.00, EL ratio=0.00
2025-04-08 16:33:26,443 - DEBUG - Updated probability model at iteration 9
2025-04-08 16:33:26,447 - INFO - In generation 9，New best makespan: 1863.00, source: sl
2025-04-08 16:33:26,449 - DEBUG - Iteration 10/100: Phase=statistical learning, SL ratio=1.00, EL ratio=0.00
2025-04-08 16:33:26,930 - DEBUG - Updated probability model at iteration 10
2025-04-08 16:33:26,930 - DEBUG - Iteration 11/100: Phase=statistical learning, SL ratio=1.00, EL ratio=0.00
2025-04-08 16:33:27,422 - DEBUG - Updated probability model at iteration 11
2025-04-08 16:33:27,422 - DEBUG - Iteration 12/100: Phase=statistical learning, SL ratio=1.00, EL ratio=0.00
2025-04-08 16:33:27,915 - DEBUG - Updated probability model at iteration 12
2025-04-08 16:33:27,915 - DEBUG - Iteration 13/100: Phase=statistical learning, SL ratio=1.00, EL ratio=0.00
2025-04-08 16:33:28,395 - DEBUG - Updated probability model at iteration 13
2025-04-08 16:33:28,395 - DEBUG - Iteration 14/100: Phase=statistical learning, SL ratio=1.00, EL ratio=0.00
2025-04-08 16:33:28,875 - DEBUG - Updated probability model at iteration 14
2025-04-08 16:33:28,875 - DEBUG - Iteration 15/100: Phase=statistical learning, SL ratio=1.00, EL ratio=0.00
2025-04-08 16:33:29,372 - DEBUG - Updated probability model at iteration 15
2025-04-08 16:33:29,372 - DEBUG - Iteration 16/100: Phase=statistical learning, SL ratio=1.00, EL ratio=0.00
2025-04-08 16:33:29,880 - DEBUG - Updated probability model at iteration 16
2025-04-08 16:33:29,880 - DEBUG - Iteration 17/100: Phase=statistical learning, SL ratio=1.00, EL ratio=0.00
2025-04-08 16:33:30,373 - DEBUG - Updated probability model at iteration 17
2025-04-08 16:33:30,373 - DEBUG - Iteration 18/100: Phase=statistical learning, SL ratio=1.00, EL ratio=0.00
2025-04-08 16:33:30,852 - DEBUG - Updated probability model at iteration 18
2025-04-08 16:33:30,852 - DEBUG - Iteration 19/100: Phase=statistical learning, SL ratio=1.00, EL ratio=0.00
2025-04-08 16:33:31,334 - DEBUG - Updated probability model at iteration 19
2025-04-08 16:33:31,334 - DEBUG - Iteration 20/100: Phase=statistical learning, SL ratio=1.00, EL ratio=0.00
2025-04-08 16:33:31,821 - DEBUG - Updated probability model at iteration 20
2025-04-08 16:33:31,821 - DEBUG - Iteration 21/100: Phase=statistical learning, SL ratio=1.00, EL ratio=0.00
2025-04-08 16:33:32,310 - DEBUG - Updated probability model at iteration 21
2025-04-08 16:33:32,310 - DEBUG - Iteration 22/100: Phase=statistical learning, SL ratio=1.00, EL ratio=0.00
2025-04-08 16:33:32,779 - DEBUG - Updated probability model at iteration 22
2025-04-08 16:33:32,779 - DEBUG - Iteration 23/100: Phase=statistical learning, SL ratio=1.00, EL ratio=0.00
2025-04-08 16:33:33,257 - DEBUG - Updated probability model at iteration 23
2025-04-08 16:33:33,257 - DEBUG - Iteration 24/100: Phase=statistical learning, SL ratio=1.00, EL ratio=0.00
2025-04-08 16:33:33,723 - DEBUG - Updated probability model at iteration 24
2025-04-08 16:33:33,723 - DEBUG - Iteration 25/100: Phase=statistical learning, SL ratio=1.00, EL ratio=0.00
2025-04-08 16:33:34,201 - DEBUG - Updated probability model at iteration 25
2025-04-08 16:33:34,201 - DEBUG - Iteration 26/100: Phase=statistical learning, SL ratio=1.00, EL ratio=0.00
2025-04-08 16:33:34,680 - DEBUG - Updated probability model at iteration 26
2025-04-08 16:33:34,680 - DEBUG - Iteration 27/100: Phase=statistical learning, SL ratio=1.00, EL ratio=0.00
2025-04-08 16:33:35,148 - DEBUG - Updated probability model at iteration 27
2025-04-08 16:33:35,148 - DEBUG - Iteration 28/100: Phase=statistical learning, SL ratio=1.00, EL ratio=0.00
2025-04-08 16:33:35,612 - DEBUG - Updated probability model at iteration 28
2025-04-08 16:33:35,612 - INFO - 
SL is stagnating, switching to hybrid phase...
2025-04-08 16:33:35,612 - DEBUG - Iteration 29/100: Phase=hybrid learning, SL ratio=0.90, EL ratio=0.10
2025-04-08 16:33:36,126 - DEBUG -   [SL->EL] 成功! 用SL最优解1948.00替换EL最差解1972.00, 改进了24.00
2025-04-08 16:33:36,126 - DEBUG -   [EL->SL] 成功添加2个EL解到SL种群
2025-04-08 16:33:36,128 - DEBUG - Updated probability model at iteration 29
2025-04-08 16:33:36,128 - DEBUG - Iteration 30/100: Phase=hybrid learning, SL ratio=0.90, EL ratio=0.10
2025-04-08 16:33:36,637 - DEBUG -   [SL->EL] 成功! 用SL最优解1949.00替换EL最差解1970.00, 改进了21.00
2025-04-08 16:33:36,637 - DEBUG -   [EL->SL] 成功添加2个EL解到SL种群
2025-04-08 16:33:36,638 - DEBUG - Updated probability model at iteration 30
2025-04-08 16:33:36,638 - DEBUG - Iteration 31/100: Phase=hybrid learning, SL ratio=0.90, EL ratio=0.10
2025-04-08 16:33:37,145 - DEBUG -   [SL->EL] 成功! 用SL最优解1961.00替换EL最差解1972.00, 改进了11.00
2025-04-08 16:33:37,145 - DEBUG -   [EL->SL] 成功添加2个EL解到SL种群
2025-04-08 16:33:37,147 - DEBUG - Updated probability model at iteration 31
2025-04-08 16:33:37,147 - DEBUG - Iteration 32/100: Phase=hybrid learning, SL ratio=0.90, EL ratio=0.10
2025-04-08 16:33:37,643 - DEBUG -   [SL->EL] 成功! 用SL最优解1962.00替换EL最差解1988.00, 改进了26.00
2025-04-08 16:33:37,644 - DEBUG -   [EL->SL] 成功添加2个EL解到SL种群
2025-04-08 16:33:37,644 - DEBUG - Updated probability model at iteration 32
2025-04-08 16:33:37,644 - DEBUG - Iteration 33/100: Phase=hybrid learning, SL ratio=0.90, EL ratio=0.10
2025-04-08 16:33:38,149 - DEBUG -   [SL->EL] 失败! SL最优解1986.00不如EL最差解1927.00
2025-04-08 16:33:38,149 - DEBUG -   [EL->SL] 成功添加2个EL解到SL种群
2025-04-08 16:33:38,150 - DEBUG - Updated probability model at iteration 33
2025-04-08 16:33:38,150 - DEBUG - Iteration 34/100: Phase=hybrid learning, SL ratio=0.90, EL ratio=0.10
2025-04-08 16:33:38,656 - DEBUG -   [SL->EL] 成功! 用SL最优解1951.00替换EL最差解2040.00, 改进了89.00
2025-04-08 16:33:38,657 - DEBUG -   [EL->SL] 成功添加2个EL解到SL种群
2025-04-08 16:33:38,657 - DEBUG - Updated probability model at iteration 34
2025-04-08 16:33:38,657 - DEBUG - Iteration 35/100: Phase=hybrid learning, SL ratio=0.90, EL ratio=0.10
2025-04-08 16:33:39,160 - DEBUG -   [SL->EL] 失败! SL最优解1940.00不如EL最差解1927.00
2025-04-08 16:33:39,162 - DEBUG -   [EL->SL] 成功添加2个EL解到SL种群
2025-04-08 16:33:39,162 - DEBUG - Updated probability model at iteration 35
2025-04-08 16:33:39,162 - DEBUG - Iteration 36/100: Phase=hybrid learning, SL ratio=0.90, EL ratio=0.10
2025-04-08 16:33:39,664 - DEBUG -   [SL->EL] 成功! 用SL最优解1955.00替换EL最差解2016.00, 改进了61.00
2025-04-08 16:33:39,664 - DEBUG -   [EL->SL] 成功添加2个EL解到SL种群
2025-04-08 16:33:39,665 - DEBUG - Updated probability model at iteration 36
2025-04-08 16:33:39,665 - DEBUG - Iteration 37/100: Phase=hybrid learning, SL ratio=0.90, EL ratio=0.10
2025-04-08 16:33:40,174 - DEBUG -   [SL->EL] 成功! 用SL最优解1923.00替换EL最差解2022.00, 改进了99.00
2025-04-08 16:33:40,174 - DEBUG -   [EL->SL] 成功添加2个EL解到SL种群
2025-04-08 16:33:40,175 - DEBUG - Updated probability model at iteration 37
2025-04-08 16:33:40,175 - DEBUG - Iteration 38/100: Phase=hybrid learning, SL ratio=0.90, EL ratio=0.10
2025-04-08 16:33:40,674 - DEBUG -   [SL->EL] 成功! 用SL最优解1915.00替换EL最差解2008.00, 改进了93.00
2025-04-08 16:33:40,676 - DEBUG -   [EL->SL] 成功添加2个EL解到SL种群
2025-04-08 16:33:40,676 - DEBUG - Updated probability model at iteration 38
2025-04-08 16:33:40,676 - DEBUG - Iteration 39/100: Phase=hybrid learning, SL ratio=0.90, EL ratio=0.10
2025-04-08 16:33:41,179 - DEBUG -   [SL->EL] 成功! 用SL最优解1923.00替换EL最差解2008.00, 改进了85.00
2025-04-08 16:33:41,179 - DEBUG -   [EL->SL] 成功添加2个EL解到SL种群
2025-04-08 16:33:41,181 - DEBUG - Updated probability model at iteration 39
2025-04-08 16:33:41,181 - DEBUG - Iteration 40/100: Phase=hybrid learning, SL ratio=0.90, EL ratio=0.10
2025-04-08 16:33:41,685 - DEBUG -   [SL->EL] 成功! 用SL最优解1940.00替换EL最差解2100.00, 改进了160.00
2025-04-08 16:33:41,685 - DEBUG -   [EL->SL] 成功添加2个EL解到SL种群
2025-04-08 16:33:41,687 - DEBUG - Updated probability model at iteration 40
2025-04-08 16:33:41,687 - DEBUG - Iteration 41/100: Phase=hybrid learning, SL ratio=0.90, EL ratio=0.10
2025-04-08 16:33:42,193 - DEBUG -   [SL->EL] 成功! 用SL最优解1966.00替换EL最差解2056.00, 改进了90.00
2025-04-08 16:33:42,193 - DEBUG -   [EL->SL] 成功添加2个EL解到SL种群
2025-04-08 16:33:42,194 - DEBUG - Updated probability model at iteration 41
2025-04-08 16:33:42,194 - DEBUG - Iteration 42/100: Phase=hybrid learning, SL ratio=0.90, EL ratio=0.10
2025-04-08 16:33:42,696 - DEBUG -   [SL->EL] 成功! 用SL最优解1954.00替换EL最差解2175.00, 改进了221.00
2025-04-08 16:33:42,696 - DEBUG -   [EL->SL] 成功添加2个EL解到SL种群
2025-04-08 16:33:42,697 - DEBUG - Updated probability model at iteration 42
2025-04-08 16:33:42,697 - DEBUG - Iteration 43/100: Phase=hybrid learning, SL ratio=0.90, EL ratio=0.10
2025-04-08 16:33:43,203 - DEBUG -   [SL->EL] 成功! 用SL最优解1916.00替换EL最差解2075.00, 改进了159.00
2025-04-08 16:33:43,203 - DEBUG -   [EL->SL] 成功添加2个EL解到SL种群
2025-04-08 16:33:43,204 - DEBUG - Updated probability model at iteration 43
2025-04-08 16:33:43,204 - DEBUG - Iteration 44/100: Phase=hybrid learning, SL ratio=0.90, EL ratio=0.10
2025-04-08 16:33:43,698 - DEBUG -   [SL->EL] 成功! 用SL最优解1941.00替换EL最差解2066.00, 改进了125.00
2025-04-08 16:33:43,698 - DEBUG -   [EL->SL] 成功添加2个EL解到SL种群
2025-04-08 16:33:43,700 - DEBUG - Updated probability model at iteration 44
2025-04-08 16:33:43,700 - DEBUG - Iteration 45/100: Phase=hybrid learning, SL ratio=0.90, EL ratio=0.10
2025-04-08 16:33:44,212 - DEBUG -   [SL->EL] 成功! 用SL最优解1944.00替换EL最差解2108.00, 改进了164.00
2025-04-08 16:33:44,212 - DEBUG -   [EL->SL] 成功添加2个EL解到SL种群
2025-04-08 16:33:44,214 - DEBUG - Updated probability model at iteration 45
2025-04-08 16:33:44,214 - DEBUG - Iteration 46/100: Phase=hybrid learning, SL ratio=0.90, EL ratio=0.10
2025-04-08 16:33:44,731 - DEBUG -   [SL->EL] 成功! 用SL最优解1896.00替换EL最差解2008.00, 改进了112.00
2025-04-08 16:33:44,731 - DEBUG -   [EL->SL] 成功添加2个EL解到SL种群
2025-04-08 16:33:44,732 - DEBUG - Updated probability model at iteration 46
2025-04-08 16:33:44,732 - DEBUG - Iteration 47/100: Phase=hybrid learning, SL ratio=0.90, EL ratio=0.10
2025-04-08 16:33:45,246 - DEBUG -   [SL->EL] 成功! 用SL最优解1917.00替换EL最差解1968.00, 改进了51.00
2025-04-08 16:33:45,247 - DEBUG -   [EL->SL] 成功添加2个EL解到SL种群
2025-04-08 16:33:45,247 - DEBUG - Updated probability model at iteration 47
2025-04-08 16:33:45,247 - DEBUG - Iteration 48/100: Phase=hybrid learning, SL ratio=0.90, EL ratio=0.10
2025-04-08 16:33:45,746 - DEBUG -   [SL->EL] 成功! 用SL最优解1907.00替换EL最差解2023.00, 改进了116.00
2025-04-08 16:33:45,746 - DEBUG -   [EL->SL] 成功添加2个EL解到SL种群
2025-04-08 16:33:45,747 - DEBUG - Updated probability model at iteration 48
2025-04-08 16:33:45,747 - DEBUG - Iteration 49/100: Phase=hybrid learning, SL ratio=0.90, EL ratio=0.10
2025-04-08 16:33:46,254 - DEBUG -   [SL->EL] 成功! 用SL最优解1926.00替换EL最差解2028.00, 改进了102.00
2025-04-08 16:33:46,255 - DEBUG -   [EL->SL] 成功添加2个EL解到SL种群
2025-04-08 16:33:46,256 - DEBUG - Updated probability model at iteration 49
2025-04-08 16:33:46,256 - DEBUG - Iteration 50/100: Phase=hybrid learning, SL ratio=0.90, EL ratio=0.10
2025-04-08 16:33:46,753 - DEBUG -   [SL->EL] 成功! 用SL最优解1947.00替换EL最差解2011.00, 改进了64.00
2025-04-08 16:33:46,753 - DEBUG -   [EL->SL] 成功添加2个EL解到SL种群
2025-04-08 16:33:46,754 - DEBUG - Updated probability model at iteration 50
2025-04-08 16:33:46,754 - DEBUG - Iteration 51/100: Phase=hybrid learning, SL ratio=0.90, EL ratio=0.10
2025-04-08 16:33:47,255 - DEBUG -   [SL->EL] 成功! 用SL最优解1928.00替换EL最差解2036.00, 改进了108.00
2025-04-08 16:33:47,255 - DEBUG -   [EL->SL] 成功添加2个EL解到SL种群
2025-04-08 16:33:47,256 - DEBUG - Updated probability model at iteration 51
2025-04-08 16:33:47,256 - DEBUG - Iteration 52/100: Phase=hybrid learning, SL ratio=0.90, EL ratio=0.10
2025-04-08 16:33:47,757 - DEBUG -   [SL->EL] 成功! 用SL最优解1944.00替换EL最差解1996.00, 改进了52.00
2025-04-08 16:33:47,757 - DEBUG -   [EL->SL] 成功添加2个EL解到SL种群
2025-04-08 16:33:47,758 - DEBUG - Updated probability model at iteration 52
2025-04-08 16:33:47,758 - DEBUG - Iteration 53/100: Phase=hybrid learning, SL ratio=0.90, EL ratio=0.10
2025-04-08 16:33:48,259 - DEBUG -   [SL->EL] 成功! 用SL最优解1918.00替换EL最差解1996.00, 改进了78.00
2025-04-08 16:33:48,260 - DEBUG -   [EL->SL] 成功添加2个EL解到SL种群
2025-04-08 16:33:48,260 - DEBUG - Updated probability model at iteration 53
2025-04-08 16:33:48,260 - DEBUG - Iteration 54/100: Phase=hybrid learning, SL ratio=0.90, EL ratio=0.10
2025-04-08 16:33:48,757 - DEBUG -   [SL->EL] 成功! 用SL最优解1900.00替换EL最差解2033.00, 改进了133.00
2025-04-08 16:33:48,757 - DEBUG -   [EL->SL] 成功添加2个EL解到SL种群
2025-04-08 16:33:48,758 - DEBUG - Updated probability model at iteration 54
2025-04-08 16:33:48,758 - DEBUG - Iteration 55/100: Phase=hybrid learning, SL ratio=0.90, EL ratio=0.10
2025-04-08 16:33:49,264 - DEBUG -   [SL->EL] 成功! 用SL最优解1923.00替换EL最差解2076.00, 改进了153.00
2025-04-08 16:33:49,264 - DEBUG -   [EL->SL] 成功添加2个EL解到SL种群
2025-04-08 16:33:49,265 - DEBUG - Updated probability model at iteration 55
2025-04-08 16:33:49,265 - DEBUG - Iteration 56/100: Phase=hybrid learning, SL ratio=0.90, EL ratio=0.10
2025-04-08 16:33:49,760 - DEBUG -   [SL->EL] 成功! 用SL最优解1904.00替换EL最差解2045.00, 改进了141.00
2025-04-08 16:33:49,761 - DEBUG -   [EL->SL] 成功添加2个EL解到SL种群
2025-04-08 16:33:49,762 - DEBUG - Updated probability model at iteration 56
2025-04-08 16:33:49,762 - DEBUG - Iteration 57/100: Phase=hybrid learning, SL ratio=0.90, EL ratio=0.10
2025-04-08 16:33:50,262 - DEBUG -   [SL->EL] 失败! SL最优解1941.00不如EL最差解1907.00
2025-04-08 16:33:50,264 - DEBUG -   [EL->SL] 成功添加2个EL解到SL种群
2025-04-08 16:33:50,264 - DEBUG - Updated probability model at iteration 57
2025-04-08 16:33:50,264 - DEBUG - Iteration 58/100: Phase=hybrid learning, SL ratio=0.90, EL ratio=0.10
2025-04-08 16:33:50,757 - DEBUG -   [SL->EL] 成功! 用SL最优解1914.00替换EL最差解1965.00, 改进了51.00
2025-04-08 16:33:50,757 - DEBUG -   [EL->SL] 成功添加2个EL解到SL种群
2025-04-08 16:33:50,758 - DEBUG - Updated probability model at iteration 58
2025-04-08 16:33:50,758 - DEBUG - Iteration 59/100: Phase=hybrid learning, SL ratio=0.90, EL ratio=0.10
2025-04-08 16:33:51,259 - DEBUG -   [SL->EL] 成功! 用SL最优解1907.00替换EL最差解1959.00, 改进了52.00
2025-04-08 16:33:51,260 - DEBUG -   [EL->SL] 成功添加2个EL解到SL种群
2025-04-08 16:33:51,261 - DEBUG - Updated probability model at iteration 59
2025-04-08 16:33:51,261 - DEBUG - Iteration 60/100: Phase=hybrid learning, SL ratio=0.90, EL ratio=0.10
2025-04-08 16:33:51,757 - DEBUG -   [SL->EL] 成功! 用SL最优解1908.00替换EL最差解1951.00, 改进了43.00
2025-04-08 16:33:51,757 - DEBUG -   [EL->SL] 成功添加2个EL解到SL种群
2025-04-08 16:33:51,759 - DEBUG - Updated probability model at iteration 60
2025-04-08 16:33:51,759 - DEBUG - Iteration 61/100: Phase=hybrid learning, SL ratio=0.90, EL ratio=0.10
2025-04-08 16:33:52,262 - DEBUG -   [SL->EL] 成功! 用SL最优解1951.00替换EL最差解2056.00, 改进了105.00
2025-04-08 16:33:52,262 - DEBUG -   [EL->SL] 成功添加2个EL解到SL种群
2025-04-08 16:33:52,264 - DEBUG - Updated probability model at iteration 61
2025-04-08 16:33:52,264 - DEBUG - Iteration 62/100: Phase=hybrid learning, SL ratio=0.90, EL ratio=0.10
2025-04-08 16:33:52,757 - DEBUG -   [SL->EL] 成功! 用SL最优解1930.00替换EL最差解1976.00, 改进了46.00
2025-04-08 16:33:52,757 - DEBUG -   [EL->SL] 成功添加2个EL解到SL种群
2025-04-08 16:33:52,758 - DEBUG - Updated probability model at iteration 62
2025-04-08 16:33:52,758 - DEBUG - Iteration 63/100: Phase=hybrid learning, SL ratio=0.90, EL ratio=0.10
2025-04-08 16:33:53,262 - DEBUG -   [SL->EL] 成功! 用SL最优解1920.00替换EL最差解1991.00, 改进了71.00
2025-04-08 16:33:53,262 - DEBUG -   [EL->SL] 成功添加2个EL解到SL种群
2025-04-08 16:33:53,262 - DEBUG - Updated probability model at iteration 63
2025-04-08 16:33:53,262 - DEBUG - Iteration 64/100: Phase=hybrid learning, SL ratio=0.90, EL ratio=0.10
2025-04-08 16:33:53,756 - DEBUG -   [SL->EL] 成功! 用SL最优解1942.00替换EL最差解2008.00, 改进了66.00
2025-04-08 16:33:53,756 - DEBUG -   [EL->SL] 成功添加2个EL解到SL种群
2025-04-08 16:33:53,757 - DEBUG - Updated probability model at iteration 64
2025-04-08 16:33:53,757 - DEBUG - Iteration 65/100: Phase=hybrid learning, SL ratio=0.90, EL ratio=0.10
2025-04-08 16:33:54,254 - DEBUG -   [SL->EL] 成功! 用SL最优解1965.00替换EL最差解1995.00, 改进了30.00
2025-04-08 16:33:54,254 - DEBUG -   [EL->SL] 成功添加2个EL解到SL种群
2025-04-08 16:33:54,255 - DEBUG - Updated probability model at iteration 65
2025-04-08 16:33:54,255 - DEBUG - Iteration 66/100: Phase=hybrid learning, SL ratio=0.90, EL ratio=0.10
2025-04-08 16:33:54,779 - DEBUG -   [SL->EL] 失败! SL最优解1923.00不如EL最差解1898.00
2025-04-08 16:33:54,779 - DEBUG -   [EL->SL] 成功添加2个EL解到SL种群
2025-04-08 16:33:54,780 - DEBUG - Updated probability model at iteration 66
2025-04-08 16:33:54,780 - DEBUG - Iteration 67/100: Phase=hybrid learning, SL ratio=0.90, EL ratio=0.10
2025-04-08 16:33:55,285 - DEBUG -   [SL->EL] 失败! SL最优解1957.00不如EL最差解1887.00
2025-04-08 16:33:55,286 - DEBUG -   [EL->SL] 成功添加2个EL解到SL种群
2025-04-08 16:33:55,286 - DEBUG - Updated probability model at iteration 67
2025-04-08 16:33:55,286 - DEBUG - Iteration 68/100: Phase=hybrid learning, SL ratio=0.90, EL ratio=0.10
2025-04-08 16:33:55,797 - DEBUG -   [SL->EL] 失败! SL最优解1951.00不如EL最差解1887.00
2025-04-08 16:33:55,798 - DEBUG -   [EL->SL] 成功添加2个EL解到SL种群
2025-04-08 16:33:55,799 - DEBUG - Updated probability model at iteration 68
2025-04-08 16:33:55,799 - DEBUG - Iteration 69/100: Phase=hybrid learning, SL ratio=0.90, EL ratio=0.10
2025-04-08 16:33:56,312 - DEBUG -   [SL->EL] 失败! SL最优解1934.00不如EL最差解1900.00
2025-04-08 16:33:56,314 - DEBUG -   [EL->SL] 成功添加2个EL解到SL种群
2025-04-08 16:33:56,315 - DEBUG - Updated probability model at iteration 69
2025-04-08 16:33:56,315 - DEBUG - Iteration 70/100: Phase=hybrid learning, SL ratio=0.90, EL ratio=0.10
2025-04-08 16:33:56,822 - DEBUG -   [SL->EL] 成功! 用SL最优解1947.00替换EL最差解2020.00, 改进了73.00
2025-04-08 16:33:56,823 - DEBUG -   [EL->SL] 成功添加2个EL解到SL种群
2025-04-08 16:33:56,823 - DEBUG - Updated probability model at iteration 70
2025-04-08 16:33:56,823 - DEBUG - Iteration 71/100: Phase=hybrid learning, SL ratio=0.90, EL ratio=0.10
2025-04-08 16:33:57,325 - DEBUG -   [SL->EL] 成功! 用SL最优解1944.00替换EL最差解2075.00, 改进了131.00
2025-04-08 16:33:57,325 - DEBUG -   [EL->SL] 成功添加2个EL解到SL种群
2025-04-08 16:33:57,325 - DEBUG - Updated probability model at iteration 71
2025-04-08 16:33:57,325 - DEBUG - Iteration 72/100: Phase=hybrid learning, SL ratio=0.90, EL ratio=0.10
2025-04-08 16:33:57,824 - DEBUG -   [SL->EL] 成功! 用SL最优解1915.00替换EL最差解2021.00, 改进了106.00
2025-04-08 16:33:57,824 - DEBUG -   [EL->SL] 成功添加2个EL解到SL种群
2025-04-08 16:33:57,825 - DEBUG - Updated probability model at iteration 72
2025-04-08 16:33:57,825 - DEBUG - Iteration 73/100: Phase=hybrid learning, SL ratio=0.90, EL ratio=0.10
2025-04-08 16:33:58,334 - DEBUG -   [SL->EL] 成功! 用SL最优解1933.00替换EL最差解2019.00, 改进了86.00
2025-04-08 16:33:58,334 - DEBUG -   [EL->SL] 成功添加2个EL解到SL种群
2025-04-08 16:33:58,335 - DEBUG - Updated probability model at iteration 73
2025-04-08 16:33:58,335 - DEBUG - Iteration 74/100: Phase=hybrid learning, SL ratio=0.90, EL ratio=0.10
2025-04-08 16:33:58,838 - DEBUG -   [SL->EL] 成功! 用SL最优解1914.00替换EL最差解2085.00, 改进了171.00
2025-04-08 16:33:58,838 - DEBUG -   [EL->SL] 成功添加2个EL解到SL种群
2025-04-08 16:33:58,838 - DEBUG - Updated probability model at iteration 74
2025-04-08 16:33:58,838 - DEBUG - Iteration 75/100: Phase=hybrid learning, SL ratio=0.90, EL ratio=0.10
2025-04-08 16:33:59,345 - DEBUG -   [SL->EL] 成功! 用SL最优解1955.00替换EL最差解1960.00, 改进了5.00
2025-04-08 16:33:59,345 - DEBUG -   [EL->SL] 成功添加2个EL解到SL种群
2025-04-08 16:33:59,346 - DEBUG - Updated probability model at iteration 75
2025-04-08 16:33:59,346 - DEBUG - Iteration 76/100: Phase=hybrid learning, SL ratio=0.90, EL ratio=0.10
2025-04-08 16:33:59,852 - DEBUG -   [SL->EL] 成功! 用SL最优解1932.00替换EL最差解2070.00, 改进了138.00
2025-04-08 16:33:59,853 - DEBUG -   [EL->SL] 成功添加2个EL解到SL种群
2025-04-08 16:33:59,853 - DEBUG - Updated probability model at iteration 76
2025-04-08 16:33:59,853 - DEBUG - Iteration 77/100: Phase=hybrid learning, SL ratio=0.90, EL ratio=0.10
2025-04-08 16:34:00,360 - DEBUG -   [SL->EL] 成功! 用SL最优解1912.00替换EL最差解1980.00, 改进了68.00
2025-04-08 16:34:00,360 - DEBUG -   [EL->SL] 成功添加2个EL解到SL种群
2025-04-08 16:34:00,361 - DEBUG - Updated probability model at iteration 77
2025-04-08 16:34:00,361 - DEBUG - Iteration 78/100: Phase=hybrid learning, SL ratio=0.90, EL ratio=0.10
2025-04-08 16:34:00,864 - DEBUG -   [SL->EL] 成功! 用SL最优解1952.00替换EL最差解2069.00, 改进了117.00
2025-04-08 16:34:00,864 - DEBUG -   [EL->SL] 成功添加2个EL解到SL种群
2025-04-08 16:34:00,865 - DEBUG - Updated probability model at iteration 78
2025-04-08 16:34:00,865 - DEBUG - Iteration 79/100: Phase=hybrid learning, SL ratio=0.90, EL ratio=0.10
2025-04-08 16:34:01,379 - DEBUG -   [SL->EL] 成功! 用SL最优解1924.00替换EL最差解1933.00, 改进了9.00
2025-04-08 16:34:01,380 - DEBUG -   [EL->SL] 成功添加2个EL解到SL种群
2025-04-08 16:34:01,381 - DEBUG - Updated probability model at iteration 79
2025-04-08 16:34:01,381 - DEBUG - Iteration 80/100: Phase=hybrid learning, SL ratio=0.90, EL ratio=0.10
2025-04-08 16:34:01,884 - DEBUG -   [SL->EL] 成功! 用SL最优解1917.00替换EL最差解2036.00, 改进了119.00
2025-04-08 16:34:01,884 - DEBUG -   [EL->SL] 成功添加2个EL解到SL种群
2025-04-08 16:34:01,885 - DEBUG - Updated probability model at iteration 80
2025-04-08 16:34:01,885 - DEBUG - Iteration 81/100: Phase=hybrid learning, SL ratio=0.90, EL ratio=0.10
2025-04-08 16:34:02,385 - DEBUG -   [SL->EL] 成功! 用SL最优解1943.00替换EL最差解1981.00, 改进了38.00
2025-04-08 16:34:02,385 - DEBUG -   [EL->SL] 成功添加2个EL解到SL种群
2025-04-08 16:34:02,386 - DEBUG - Updated probability model at iteration 81
2025-04-08 16:34:02,386 - DEBUG - Iteration 82/100: Phase=hybrid learning, SL ratio=0.90, EL ratio=0.10
2025-04-08 16:34:02,901 - DEBUG -   [SL->EL] 失败! SL最优解1936.00不如EL最差解1930.00
2025-04-08 16:34:02,901 - DEBUG -   [EL->SL] 成功添加2个EL解到SL种群
2025-04-08 16:34:02,902 - DEBUG - Updated probability model at iteration 82
2025-04-08 16:34:02,902 - DEBUG - Iteration 83/100: Phase=hybrid learning, SL ratio=0.90, EL ratio=0.10
2025-04-08 16:34:03,412 - DEBUG -   [SL->EL] 失败! SL最优解1950.00不如EL最差解1940.00
2025-04-08 16:34:03,412 - DEBUG -   [EL->SL] 成功添加2个EL解到SL种群
2025-04-08 16:34:03,413 - DEBUG - Updated probability model at iteration 83
2025-04-08 16:34:03,413 - DEBUG - Iteration 84/100: Phase=hybrid learning, SL ratio=0.90, EL ratio=0.10
2025-04-08 16:34:03,924 - DEBUG -   [SL->EL] 失败! SL最优解1943.00不如EL最差解1912.00
2025-04-08 16:34:03,924 - DEBUG -   [EL->SL] 成功添加2个EL解到SL种群
2025-04-08 16:34:03,925 - DEBUG - Updated probability model at iteration 84
2025-04-08 16:34:03,925 - DEBUG - Iteration 85/100: Phase=hybrid learning, SL ratio=0.90, EL ratio=0.10
2025-04-08 16:34:04,450 - DEBUG -   [SL->EL] 成功! 用SL最优解1952.00替换EL最差解1972.00, 改进了20.00
2025-04-08 16:34:04,450 - DEBUG -   [EL->SL] 成功添加2个EL解到SL种群
2025-04-08 16:34:04,451 - DEBUG - Updated probability model at iteration 85
2025-04-08 16:34:04,451 - DEBUG - Iteration 86/100: Phase=hybrid learning, SL ratio=0.90, EL ratio=0.10
2025-04-08 16:34:04,961 - DEBUG -   [SL->EL] 成功! 用SL最优解1928.00替换EL最差解2058.00, 改进了130.00
2025-04-08 16:34:04,962 - DEBUG -   [EL->SL] 成功添加2个EL解到SL种群
2025-04-08 16:34:04,963 - DEBUG - Updated probability model at iteration 86
2025-04-08 16:34:04,963 - DEBUG - Iteration 87/100: Phase=hybrid learning, SL ratio=0.90, EL ratio=0.10
2025-04-08 16:34:05,473 - INFO - In generation 87，New best makespan: 1862.00, source: el
2025-04-08 16:34:05,473 - DEBUG -   [SL->EL] 成功! 用SL最优解1942.00替换EL最差解2071.00, 改进了129.00
2025-04-08 16:34:05,473 - DEBUG -   [EL->SL] 成功添加2个EL解到SL种群
2025-04-08 16:34:05,474 - DEBUG - Updated probability model at iteration 87
2025-04-08 16:34:05,474 - DEBUG - Iteration 88/100: Phase=hybrid learning, SL ratio=0.90, EL ratio=0.10
2025-04-08 16:34:05,981 - INFO - In generation 88，New best makespan: 1860.00, source: el
2025-04-08 16:34:05,981 - DEBUG -   [SL->EL] 成功! 用SL最优解1934.00替换EL最差解1960.00, 改进了26.00
2025-04-08 16:34:05,982 - DEBUG -   [EL->SL] 成功添加2个EL解到SL种群
2025-04-08 16:34:05,983 - DEBUG - Updated probability model at iteration 88
2025-04-08 16:34:05,983 - DEBUG - Iteration 89/100: Phase=hybrid learning, SL ratio=0.90, EL ratio=0.10
2025-04-08 16:34:06,491 - DEBUG -   [SL->EL] 失败! SL最优解1949.00不如EL最差解1894.00
2025-04-08 16:34:06,491 - DEBUG -   [EL->SL] 成功添加2个EL解到SL种群
2025-04-08 16:34:06,492 - DEBUG - Updated probability model at iteration 89
2025-04-08 16:34:06,492 - DEBUG - Iteration 90/100: Phase=hybrid learning, SL ratio=0.90, EL ratio=0.10
2025-04-08 16:34:07,018 - DEBUG -   [SL->EL] 失败! SL最优解1954.00不如EL最差解1926.00
2025-04-08 16:34:07,018 - DEBUG -   [EL->SL] 成功添加2个EL解到SL种群
2025-04-08 16:34:07,019 - DEBUG - Updated probability model at iteration 90
2025-04-08 16:34:07,019 - DEBUG - Iteration 91/100: Phase=hybrid learning, SL ratio=0.90, EL ratio=0.10
2025-04-08 16:34:07,525 - DEBUG -   [SL->EL] 失败! SL最优解1918.00不如EL最差解1882.00
2025-04-08 16:34:07,525 - DEBUG -   [EL->SL] 成功添加2个EL解到SL种群
2025-04-08 16:34:07,526 - DEBUG - Updated probability model at iteration 91
2025-04-08 16:34:07,526 - INFO - EL has been consistently better for 5 iterations, adjusting ratios: SL=0.80, EL=0.20
2025-04-08 16:34:07,526 - DEBUG - Iteration 92/100: Phase=hybrid learning, SL ratio=0.80, EL ratio=0.20
2025-04-08 16:34:08,080 - INFO - In generation 92，New best makespan: 1854.00, source: el
2025-04-08 16:34:08,081 - DEBUG -   [SL->EL] 失败! SL最优解1950.00不如EL最差解1926.00
2025-04-08 16:34:08,081 - DEBUG -   [EL->SL] 成功添加4个EL解到SL种群
2025-04-08 16:34:08,082 - DEBUG - Updated probability model at iteration 92
2025-04-08 16:34:08,082 - DEBUG - Iteration 93/100: Phase=hybrid learning, SL ratio=0.80, EL ratio=0.20
2025-04-08 16:34:08,654 - DEBUG -   [SL->EL] 成功! 用SL最优解1933.00替换EL最差解2012.00, 改进了79.00
2025-04-08 16:34:08,655 - DEBUG -   [EL->SL] 成功添加4个EL解到SL种群
2025-04-08 16:34:08,655 - DEBUG - Updated probability model at iteration 93
2025-04-08 16:34:08,655 - DEBUG - Iteration 94/100: Phase=hybrid learning, SL ratio=0.80, EL ratio=0.20
2025-04-08 16:34:09,254 - DEBUG -   [SL->EL] 成功! 用SL最优解1931.00替换EL最差解1936.00, 改进了5.00
2025-04-08 16:34:09,255 - DEBUG -   [EL->SL] 成功添加4个EL解到SL种群
2025-04-08 16:34:09,256 - DEBUG - Updated probability model at iteration 94
2025-04-08 16:34:09,256 - DEBUG - Iteration 95/100: Phase=hybrid learning, SL ratio=0.80, EL ratio=0.20
2025-04-08 16:34:09,862 - DEBUG -   [SL->EL] 失败! SL最优解1912.00不如EL最差解1898.00
2025-04-08 16:34:09,862 - DEBUG -   [EL->SL] 成功添加4个EL解到SL种群
2025-04-08 16:34:09,864 - DEBUG - Updated probability model at iteration 95
2025-04-08 16:34:09,864 - DEBUG - Iteration 96/100: Phase=hybrid learning, SL ratio=0.80, EL ratio=0.20
2025-04-08 16:34:10,495 - INFO - In generation 96，New best makespan: 1850.00, source: el
2025-04-08 16:34:10,495 - DEBUG -   [SL->EL] 失败! SL最优解1950.00不如EL最差解1950.00
2025-04-08 16:34:10,497 - DEBUG -   [EL->SL] 成功添加4个EL解到SL种群
2025-04-08 16:34:10,497 - DEBUG - Updated probability model at iteration 96
2025-04-08 16:34:10,497 - INFO - EL has been consistently better for 5 iterations, adjusting ratios: SL=0.70, EL=0.30
2025-04-08 16:34:10,497 - DEBUG - Iteration 97/100: Phase=hybrid learning, SL ratio=0.70, EL ratio=0.30
2025-04-08 16:34:11,142 - DEBUG -   [SL->EL] 成功! 用SL最优解1930.00替换EL最差解2020.00, 改进了90.00
2025-04-08 16:34:11,143 - DEBUG -   [EL->SL] 成功添加6个EL解到SL种群
2025-04-08 16:34:11,144 - DEBUG - Updated probability model at iteration 97
2025-04-08 16:34:11,144 - DEBUG - Iteration 98/100: Phase=hybrid learning, SL ratio=0.70, EL ratio=0.30
2025-04-08 16:34:11,795 - INFO - In generation 98，New best makespan: 1844.00, source: el
2025-04-08 16:34:11,795 - DEBUG -   [SL->EL] 成功! 用SL最优解1921.00替换EL最差解2006.00, 改进了85.00
2025-04-08 16:34:11,797 - DEBUG -   [EL->SL] 成功添加6个EL解到SL种群
2025-04-08 16:34:11,798 - DEBUG - Updated probability model at iteration 98
2025-04-08 16:34:11,798 - DEBUG - Iteration 99/100: Phase=hybrid learning, SL ratio=0.70, EL ratio=0.30
2025-04-08 16:34:12,431 - DEBUG -   [SL->EL] 成功! 用SL最优解1934.00替换EL最差解1964.00, 改进了30.00
2025-04-08 16:34:12,432 - DEBUG -   [EL->SL] 成功添加6个EL解到SL种群
2025-04-08 16:34:12,433 - DEBUG - Updated probability model at iteration 99
2025-04-08 16:34:12,433 - DEBUG - Iteration 100/100: Phase=hybrid learning, SL ratio=0.70, EL ratio=0.30
2025-04-08 16:34:13,063 - INFO - In generation 100，New best makespan: 1838.00, source: el
2025-04-08 16:34:13,064 - DEBUG -   [SL->EL] 成功! 用SL最优解1939.00替换EL最差解1940.00, 改进了1.00
2025-04-08 16:34:13,064 - DEBUG -   [EL->SL] 成功添加6个EL解到SL种群
2025-04-08 16:34:13,065 - DEBUG - Updated probability model at iteration 100
2025-04-08 16:34:13,074 - INFO - ==================================================
2025-04-08 16:34:13,074 - INFO - Results saved to: hl_output
2025-04-08 16:34:13,337 - INFO - Convergence curve saved to: hl_output/hl_convergence.png
2025-04-08 16:34:13,338 - INFO - Best solution found with makespan: 1838.00s at generation 100
2025-04-08 16:34:13,340 - DEBUG - Starting optimization, total iterations: 100
2025-04-08 16:34:13,340 - DEBUG - Minimum iterations for pure SL: 20.0
2025-04-08 16:34:13,340 - DEBUG - Stagnation detection window size: 20
2025-04-08 16:34:13,340 - DEBUG - Stagnation threshold: 0.01
2025-04-08 16:34:13,340 - DEBUG - Force switch iterations: 50.0
2025-04-08 16:34:13,340 - DEBUG - Iteration 1/100: Phase=statistical learning, SL ratio=1.00, EL ratio=0.00
2025-04-08 16:34:13,799 - DEBUG - Initialized probability model
2025-04-08 16:34:13,804 - INFO - In generation 1，New best makespan: 1886.00, source: sl
2025-04-08 16:34:13,805 - DEBUG - Iteration 2/100: Phase=statistical learning, SL ratio=1.00, EL ratio=0.00
2025-04-08 16:34:14,277 - DEBUG - Updated probability model at iteration 2
2025-04-08 16:34:14,277 - DEBUG - Iteration 3/100: Phase=statistical learning, SL ratio=1.00, EL ratio=0.00
2025-04-08 16:34:14,764 - DEBUG - Updated probability model at iteration 3
2025-04-08 16:34:14,764 - DEBUG - Iteration 4/100: Phase=statistical learning, SL ratio=1.00, EL ratio=0.00
2025-04-08 16:34:15,243 - DEBUG - Updated probability model at iteration 4
2025-04-08 16:34:15,243 - DEBUG - Iteration 5/100: Phase=statistical learning, SL ratio=1.00, EL ratio=0.00
2025-04-08 16:34:15,710 - DEBUG - Updated probability model at iteration 5
2025-04-08 16:34:15,710 - DEBUG - Iteration 6/100: Phase=statistical learning, SL ratio=1.00, EL ratio=0.00
2025-04-08 16:34:16,173 - DEBUG - Updated probability model at iteration 6
2025-04-08 16:34:16,173 - DEBUG - Iteration 7/100: Phase=statistical learning, SL ratio=1.00, EL ratio=0.00
2025-04-08 16:34:16,636 - DEBUG - Updated probability model at iteration 7
2025-04-08 16:34:16,636 - DEBUG - Iteration 8/100: Phase=statistical learning, SL ratio=1.00, EL ratio=0.00
2025-04-08 16:34:17,100 - DEBUG - Updated probability model at iteration 8
2025-04-08 16:34:17,101 - DEBUG - Iteration 9/100: Phase=statistical learning, SL ratio=1.00, EL ratio=0.00
2025-04-08 16:34:17,574 - DEBUG - Updated probability model at iteration 9
2025-04-08 16:34:17,574 - DEBUG - Iteration 10/100: Phase=statistical learning, SL ratio=1.00, EL ratio=0.00
2025-04-08 16:34:18,043 - DEBUG - Updated probability model at iteration 10
2025-04-08 16:34:18,043 - DEBUG - Iteration 11/100: Phase=statistical learning, SL ratio=1.00, EL ratio=0.00
2025-04-08 16:34:18,505 - DEBUG - Updated probability model at iteration 11
2025-04-08 16:34:18,505 - DEBUG - Iteration 12/100: Phase=statistical learning, SL ratio=1.00, EL ratio=0.00
2025-04-08 16:34:18,972 - DEBUG - Updated probability model at iteration 12
2025-04-08 16:34:18,972 - DEBUG - Iteration 13/100: Phase=statistical learning, SL ratio=1.00, EL ratio=0.00
2025-04-08 16:34:19,436 - DEBUG - Updated probability model at iteration 13
2025-04-08 16:34:19,436 - DEBUG - Iteration 14/100: Phase=statistical learning, SL ratio=1.00, EL ratio=0.00
2025-04-08 16:34:19,900 - DEBUG - Updated probability model at iteration 14
2025-04-08 16:34:19,900 - DEBUG - Iteration 15/100: Phase=statistical learning, SL ratio=1.00, EL ratio=0.00
2025-04-08 16:34:20,367 - DEBUG - Updated probability model at iteration 15
2025-04-08 16:34:20,367 - DEBUG - Iteration 16/100: Phase=statistical learning, SL ratio=1.00, EL ratio=0.00
2025-04-08 16:34:20,837 - DEBUG - Updated probability model at iteration 16
2025-04-08 16:34:20,837 - DEBUG - Iteration 17/100: Phase=statistical learning, SL ratio=1.00, EL ratio=0.00
2025-04-08 16:34:21,306 - DEBUG - Updated probability model at iteration 17
2025-04-08 16:34:21,306 - DEBUG - Iteration 18/100: Phase=statistical learning, SL ratio=1.00, EL ratio=0.00
2025-04-08 16:34:21,770 - DEBUG - Updated probability model at iteration 18
2025-04-08 16:34:21,770 - DEBUG - Iteration 19/100: Phase=statistical learning, SL ratio=1.00, EL ratio=0.00
2025-04-08 16:34:22,238 - DEBUG - Updated probability model at iteration 19
2025-04-08 16:34:22,238 - DEBUG - Iteration 20/100: Phase=statistical learning, SL ratio=1.00, EL ratio=0.00
2025-04-08 16:34:22,704 - DEBUG - Updated probability model at iteration 20
2025-04-08 16:34:22,704 - DEBUG - Iteration 21/100: Phase=statistical learning, SL ratio=1.00, EL ratio=0.00
2025-04-08 16:34:23,175 - DEBUG - Updated probability model at iteration 21
2025-04-08 16:34:23,175 - INFO - 
SL is stagnating, switching to hybrid phase...
2025-04-08 16:34:23,176 - DEBUG - Iteration 22/100: Phase=hybrid learning, SL ratio=0.90, EL ratio=0.10
2025-04-08 16:34:23,688 - DEBUG -   [SL->EL] 成功! 用SL最优解1931.00替换EL最差解1974.00, 改进了43.00
2025-04-08 16:34:23,688 - DEBUG -   [EL->SL] 成功添加2个EL解到SL种群
2025-04-08 16:34:23,689 - DEBUG - Updated probability model at iteration 22
2025-04-08 16:34:23,689 - DEBUG - Iteration 23/100: Phase=hybrid learning, SL ratio=0.90, EL ratio=0.10
2025-04-08 16:34:24,219 - DEBUG -   [SL->EL] 成功! 用SL最优解1944.00替换EL最差解2204.00, 改进了260.00
2025-04-08 16:34:24,219 - DEBUG -   [EL->SL] 成功添加2个EL解到SL种群
2025-04-08 16:34:24,220 - DEBUG - Updated probability model at iteration 23
2025-04-08 16:34:24,220 - DEBUG - Iteration 24/100: Phase=hybrid learning, SL ratio=0.90, EL ratio=0.10
2025-04-08 16:34:24,743 - DEBUG -   [SL->EL] 成功! 用SL最优解1962.00替换EL最差解2007.00, 改进了45.00
2025-04-08 16:34:24,743 - DEBUG -   [EL->SL] 成功添加2个EL解到SL种群
2025-04-08 16:34:24,744 - DEBUG - Updated probability model at iteration 24
2025-04-08 16:34:24,744 - DEBUG - Iteration 25/100: Phase=hybrid learning, SL ratio=0.90, EL ratio=0.10
2025-04-08 16:34:25,247 - DEBUG -   [SL->EL] 成功! 用SL最优解1933.00替换EL最差解2236.00, 改进了303.00
2025-04-08 16:34:25,247 - DEBUG -   [EL->SL] 成功添加2个EL解到SL种群
2025-04-08 16:34:25,248 - DEBUG - Updated probability model at iteration 25
2025-04-08 16:34:25,248 - DEBUG - Iteration 26/100: Phase=hybrid learning, SL ratio=0.90, EL ratio=0.10
2025-04-08 16:34:25,764 - DEBUG -   [SL->EL] 成功! 用SL最优解1932.00替换EL最差解1963.00, 改进了31.00
2025-04-08 16:34:25,764 - DEBUG -   [EL->SL] 成功添加2个EL解到SL种群
2025-04-08 16:34:25,765 - DEBUG - Updated probability model at iteration 26
2025-04-08 16:34:25,765 - DEBUG - Iteration 27/100: Phase=hybrid learning, SL ratio=0.90, EL ratio=0.10
2025-04-08 16:34:26,282 - DEBUG -   [SL->EL] 成功! 用SL最优解1927.00替换EL最差解1995.00, 改进了68.00
2025-04-08 16:34:26,282 - DEBUG -   [EL->SL] 成功添加2个EL解到SL种群
2025-04-08 16:34:26,283 - DEBUG - Updated probability model at iteration 27
2025-04-08 16:34:26,283 - DEBUG - Iteration 28/100: Phase=hybrid learning, SL ratio=0.90, EL ratio=0.10
2025-04-08 16:34:26,775 - DEBUG -   [SL->EL] 成功! 用SL最优解1937.00替换EL最差解1989.00, 改进了52.00
2025-04-08 16:34:26,776 - DEBUG -   [EL->SL] 成功添加2个EL解到SL种群
2025-04-08 16:34:26,776 - DEBUG - Updated probability model at iteration 28
2025-04-08 16:34:26,776 - DEBUG - Iteration 29/100: Phase=hybrid learning, SL ratio=0.90, EL ratio=0.10
2025-04-08 16:34:27,287 - DEBUG -   [SL->EL] 成功! 用SL最优解1909.00替换EL最差解1921.00, 改进了12.00
2025-04-08 16:34:27,287 - DEBUG -   [EL->SL] 成功添加2个EL解到SL种群
2025-04-08 16:34:27,289 - DEBUG - Updated probability model at iteration 29
2025-04-08 16:34:27,289 - DEBUG - Iteration 30/100: Phase=hybrid learning, SL ratio=0.90, EL ratio=0.10
2025-04-08 16:34:27,783 - DEBUG -   [SL->EL] 失败! SL最优解1946.00不如EL最差解1913.00
2025-04-08 16:34:27,784 - DEBUG -   [EL->SL] 成功添加2个EL解到SL种群
2025-04-08 16:34:27,784 - DEBUG - Updated probability model at iteration 30
2025-04-08 16:34:27,784 - DEBUG - Iteration 31/100: Phase=hybrid learning, SL ratio=0.90, EL ratio=0.10
2025-04-08 16:34:28,290 - DEBUG -   [SL->EL] 成功! 用SL最优解1928.00替换EL最差解2000.00, 改进了72.00
2025-04-08 16:34:28,290 - DEBUG -   [EL->SL] 成功添加2个EL解到SL种群
2025-04-08 16:34:28,291 - DEBUG - Updated probability model at iteration 31
2025-04-08 16:34:28,291 - DEBUG - Iteration 32/100: Phase=hybrid learning, SL ratio=0.90, EL ratio=0.10
2025-04-08 16:34:28,796 - DEBUG -   [SL->EL] 成功! 用SL最优解1909.00替换EL最差解2007.00, 改进了98.00
2025-04-08 16:34:28,796 - DEBUG -   [EL->SL] 成功添加2个EL解到SL种群
2025-04-08 16:34:28,797 - DEBUG - Updated probability model at iteration 32
2025-04-08 16:34:28,797 - DEBUG - Iteration 33/100: Phase=hybrid learning, SL ratio=0.90, EL ratio=0.10
2025-04-08 16:34:29,303 - DEBUG -   [SL->EL] 成功! 用SL最优解1904.00替换EL最差解2004.00, 改进了100.00
2025-04-08 16:34:29,303 - DEBUG -   [EL->SL] 成功添加2个EL解到SL种群
2025-04-08 16:34:29,304 - DEBUG - Updated probability model at iteration 33
2025-04-08 16:34:29,304 - DEBUG - Iteration 34/100: Phase=hybrid learning, SL ratio=0.90, EL ratio=0.10
2025-04-08 16:34:29,804 - DEBUG -   [SL->EL] 成功! 用SL最优解1957.00替换EL最差解1963.00, 改进了6.00
2025-04-08 16:34:29,805 - DEBUG -   [EL->SL] 成功添加2个EL解到SL种群
2025-04-08 16:34:29,806 - DEBUG - Updated probability model at iteration 34
2025-04-08 16:34:29,806 - DEBUG - Iteration 35/100: Phase=hybrid learning, SL ratio=0.90, EL ratio=0.10
2025-04-08 16:34:30,309 - DEBUG -   [SL->EL] 失败! SL最优解1929.00不如EL最差解1911.00
2025-04-08 16:34:30,310 - DEBUG -   [EL->SL] 成功添加2个EL解到SL种群
2025-04-08 16:34:30,310 - DEBUG - Updated probability model at iteration 35
2025-04-08 16:34:30,310 - DEBUG - Iteration 36/100: Phase=hybrid learning, SL ratio=0.90, EL ratio=0.10
2025-04-08 16:34:30,797 - DEBUG -   [SL->EL] 失败! SL最优解1934.00不如EL最差解1904.00
2025-04-08 16:34:30,797 - DEBUG -   [EL->SL] 成功添加2个EL解到SL种群
2025-04-08 16:34:30,799 - DEBUG - Updated probability model at iteration 36
2025-04-08 16:34:30,799 - DEBUG - Iteration 37/100: Phase=hybrid learning, SL ratio=0.90, EL ratio=0.10
2025-04-08 16:34:31,306 - DEBUG -   [SL->EL] 成功! 用SL最优解1951.00替换EL最差解1985.00, 改进了34.00
2025-04-08 16:34:31,306 - DEBUG -   [EL->SL] 成功添加2个EL解到SL种群
2025-04-08 16:34:31,307 - DEBUG - Updated probability model at iteration 37
2025-04-08 16:34:31,307 - DEBUG - Iteration 38/100: Phase=hybrid learning, SL ratio=0.90, EL ratio=0.10
2025-04-08 16:34:31,805 - DEBUG -   [SL->EL] 成功! 用SL最优解1924.00替换EL最差解1945.00, 改进了21.00
2025-04-08 16:34:31,805 - DEBUG -   [EL->SL] 成功添加2个EL解到SL种群
2025-04-08 16:34:31,806 - DEBUG - Updated probability model at iteration 38
2025-04-08 16:34:31,806 - DEBUG - Iteration 39/100: Phase=hybrid learning, SL ratio=0.90, EL ratio=0.10
2025-04-08 16:34:32,303 - DEBUG -   [SL->EL] 成功! 用SL最优解1929.00替换EL最差解1963.00, 改进了34.00
2025-04-08 16:34:32,304 - DEBUG -   [EL->SL] 成功添加2个EL解到SL种群
2025-04-08 16:34:32,305 - DEBUG - Updated probability model at iteration 39
2025-04-08 16:34:32,305 - DEBUG - Iteration 40/100: Phase=hybrid learning, SL ratio=0.90, EL ratio=0.10
2025-04-08 16:34:32,809 - INFO - In generation 40，New best makespan: 1879.00, source: el
2025-04-08 16:34:32,809 - DEBUG -   [SL->EL] 失败! SL最优解1926.00不如EL最差解1905.00
2025-04-08 16:34:32,810 - DEBUG -   [EL->SL] 成功添加2个EL解到SL种群
2025-04-08 16:34:32,810 - DEBUG - Updated probability model at iteration 40
2025-04-08 16:34:32,810 - DEBUG - Iteration 41/100: Phase=hybrid learning, SL ratio=0.90, EL ratio=0.10
2025-04-08 16:34:33,314 - DEBUG -   [SL->EL] 成功! 用SL最优解1956.00替换EL最差解2027.00, 改进了71.00
2025-04-08 16:34:33,315 - DEBUG -   [EL->SL] 成功添加2个EL解到SL种群
2025-04-08 16:34:33,315 - DEBUG - Updated probability model at iteration 41
2025-04-08 16:34:33,315 - DEBUG - Iteration 42/100: Phase=hybrid learning, SL ratio=0.90, EL ratio=0.10
2025-04-08 16:34:33,835 - INFO - In generation 42，New best makespan: 1875.00, source: el
2025-04-08 16:34:33,835 - DEBUG -   [SL->EL] 失败! SL最优解1960.00不如EL最差解1953.00
2025-04-08 16:34:33,836 - DEBUG -   [EL->SL] 成功添加2个EL解到SL种群
2025-04-08 16:34:33,837 - DEBUG - Updated probability model at iteration 42
2025-04-08 16:34:33,837 - DEBUG - Iteration 43/100: Phase=hybrid learning, SL ratio=0.90, EL ratio=0.10
2025-04-08 16:34:34,343 - INFO - In generation 43，New best makespan: 1873.00, source: el
2025-04-08 16:34:34,344 - DEBUG -   [SL->EL] 成功! 用SL最优解1943.00替换EL最差解1992.00, 改进了49.00
2025-04-08 16:34:34,344 - DEBUG -   [EL->SL] 成功添加2个EL解到SL种群
2025-04-08 16:34:34,345 - DEBUG - Updated probability model at iteration 43
2025-04-08 16:34:34,345 - DEBUG - Iteration 44/100: Phase=hybrid learning, SL ratio=0.90, EL ratio=0.10
2025-04-08 16:34:34,851 - INFO - In generation 44，New best makespan: 1871.00, source: el
2025-04-08 16:34:34,851 - DEBUG -   [SL->EL] 成功! 用SL最优解1934.00替换EL最差解1937.00, 改进了3.00
2025-04-08 16:34:34,851 - DEBUG -   [EL->SL] 成功添加2个EL解到SL种群
2025-04-08 16:34:34,852 - DEBUG - Updated probability model at iteration 44
2025-04-08 16:34:34,852 - INFO - EL has been consistently better for 5 iterations, adjusting ratios: SL=0.80, EL=0.20
2025-04-08 16:34:34,853 - DEBUG - Iteration 45/100: Phase=hybrid learning, SL ratio=0.80, EL ratio=0.20
2025-04-08 16:34:35,406 - INFO - In generation 45，New best makespan: 1858.00, source: el
2025-04-08 16:34:35,407 - DEBUG -   [SL->EL] 成功! 用SL最优解1968.00替换EL最差解2043.00, 改进了75.00
2025-04-08 16:34:35,407 - DEBUG -   [EL->SL] 成功添加4个EL解到SL种群
2025-04-08 16:34:35,408 - DEBUG - Updated probability model at iteration 45
2025-04-08 16:34:35,408 - DEBUG - Iteration 46/100: Phase=hybrid learning, SL ratio=0.80, EL ratio=0.20
2025-04-08 16:34:36,007 - INFO - In generation 46，New best makespan: 1852.00, source: el
2025-04-08 16:34:36,007 - DEBUG -   [SL->EL] 成功! 用SL最优解1904.00替换EL最差解2093.00, 改进了189.00
2025-04-08 16:34:36,007 - DEBUG -   [EL->SL] 成功添加4个EL解到SL种群
2025-04-08 16:34:36,009 - DEBUG - Updated probability model at iteration 46
2025-04-08 16:34:36,009 - DEBUG - Iteration 47/100: Phase=hybrid learning, SL ratio=0.80, EL ratio=0.20
2025-04-08 16:34:36,580 - DEBUG -   [SL->EL] 成功! 用SL最优解1907.00替换EL最差解2058.00, 改进了151.00
2025-04-08 16:34:36,582 - DEBUG -   [EL->SL] 成功添加4个EL解到SL种群
2025-04-08 16:34:36,582 - DEBUG - Updated probability model at iteration 47
2025-04-08 16:34:36,582 - DEBUG - Iteration 48/100: Phase=hybrid learning, SL ratio=0.80, EL ratio=0.20
2025-04-08 16:34:37,162 - DEBUG -   [SL->EL] 成功! 用SL最优解1935.00替换EL最差解1937.00, 改进了2.00
2025-04-08 16:34:37,162 - DEBUG -   [EL->SL] 成功添加4个EL解到SL种群
2025-04-08 16:34:37,164 - DEBUG - Updated probability model at iteration 48
2025-04-08 16:34:37,164 - DEBUG - Iteration 49/100: Phase=hybrid learning, SL ratio=0.80, EL ratio=0.20
2025-04-08 16:34:37,742 - INFO - In generation 49，New best makespan: 1843.00, source: el
2025-04-08 16:34:37,743 - DEBUG -   [SL->EL] 成功! 用SL最优解1879.00替换EL最差解1966.00, 改进了87.00
2025-04-08 16:34:37,743 - DEBUG -   [EL->SL] 成功添加4个EL解到SL种群
2025-04-08 16:34:37,744 - DEBUG - Updated probability model at iteration 49
2025-04-08 16:34:37,744 - INFO - EL has been consistently better for 5 iterations, adjusting ratios: SL=0.70, EL=0.30
2025-04-08 16:34:37,744 - DEBUG - Iteration 50/100: Phase=hybrid learning, SL ratio=0.70, EL ratio=0.30
2025-04-08 16:34:38,368 - INFO - In generation 50，New best makespan: 1837.00, source: el
2025-04-08 16:34:38,368 - DEBUG -   [SL->EL] 成功! 用SL最优解1937.00替换EL最差解2023.00, 改进了86.00
2025-04-08 16:34:38,370 - DEBUG -   [EL->SL] 成功添加6个EL解到SL种群
2025-04-08 16:34:38,371 - DEBUG - Updated probability model at iteration 50
2025-04-08 16:34:38,371 - DEBUG - Iteration 51/100: Phase=hybrid learning, SL ratio=0.70, EL ratio=0.30
2025-04-08 16:34:38,996 - DEBUG -   [SL->EL] 成功! 用SL最优解1896.00替换EL最差解2070.00, 改进了174.00
2025-04-08 16:34:38,997 - DEBUG -   [EL->SL] 成功添加6个EL解到SL种群
2025-04-08 16:34:38,999 - DEBUG - Updated probability model at iteration 51
2025-04-08 16:34:38,999 - DEBUG - Iteration 52/100: Phase=hybrid learning, SL ratio=0.70, EL ratio=0.30
2025-04-08 16:34:39,637 - DEBUG -   [SL->EL] 成功! 用SL最优解1905.00替换EL最差解1948.00, 改进了43.00
2025-04-08 16:34:39,637 - DEBUG -   [EL->SL] 成功添加6个EL解到SL种群
2025-04-08 16:34:39,638 - DEBUG - Updated probability model at iteration 52
2025-04-08 16:34:39,638 - DEBUG - Iteration 53/100: Phase=hybrid learning, SL ratio=0.70, EL ratio=0.30
2025-04-08 16:34:40,259 - INFO - In generation 53，New best makespan: 1836.00, source: el
2025-04-08 16:34:40,259 - DEBUG -   [SL->EL] 失败! SL最优解1938.00不如EL最差解1927.00
2025-04-08 16:34:40,260 - DEBUG -   [EL->SL] 成功添加6个EL解到SL种群
2025-04-08 16:34:40,260 - DEBUG - Updated probability model at iteration 53
2025-04-08 16:34:40,260 - DEBUG - Iteration 54/100: Phase=hybrid learning, SL ratio=0.70, EL ratio=0.30
2025-04-08 16:34:40,856 - DEBUG -   [SL->EL] 成功! 用SL最优解1898.00替换EL最差解2012.00, 改进了114.00
2025-04-08 16:34:40,857 - DEBUG -   [EL->SL] 成功添加6个EL解到SL种群
2025-04-08 16:34:40,858 - DEBUG - Updated probability model at iteration 54
2025-04-08 16:34:40,858 - INFO - EL has been consistently better for 5 iterations, adjusting ratios: SL=0.60, EL=0.40
2025-04-08 16:34:40,858 - DEBUG - Iteration 55/100: Phase=hybrid learning, SL ratio=0.60, EL ratio=0.40
2025-04-08 16:34:41,510 - INFO - In generation 55，New best makespan: 1831.00, source: el
2025-04-08 16:34:41,512 - DEBUG -   [SL->EL] 成功! 用SL最优解1935.00替换EL最差解1946.00, 改进了11.00
2025-04-08 16:34:41,512 - DEBUG -   [EL->SL] 成功添加8个EL解到SL种群
2025-04-08 16:34:41,513 - DEBUG - Updated probability model at iteration 55
2025-04-08 16:34:41,513 - DEBUG - Iteration 56/100: Phase=hybrid learning, SL ratio=0.60, EL ratio=0.40
2025-04-08 16:34:42,132 - DEBUG -   [SL->EL] 成功! 用SL最优解1925.00替换EL最差解1964.00, 改进了39.00
2025-04-08 16:34:42,133 - DEBUG -   [EL->SL] 成功添加8个EL解到SL种群
2025-04-08 16:34:42,134 - DEBUG - Updated probability model at iteration 56
2025-04-08 16:34:42,134 - DEBUG - Iteration 57/100: Phase=hybrid learning, SL ratio=0.60, EL ratio=0.40
2025-04-08 16:34:42,802 - INFO - In generation 57，New best makespan: 1827.00, source: el
2025-04-08 16:34:42,802 - DEBUG -   [SL->EL] 成功! 用SL最优解1923.00替换EL最差解1991.00, 改进了68.00
2025-04-08 16:34:42,804 - DEBUG -   [EL->SL] 成功添加8个EL解到SL种群
2025-04-08 16:34:42,804 - DEBUG - Updated probability model at iteration 57
2025-04-08 16:34:42,804 - DEBUG - Iteration 58/100: Phase=hybrid learning, SL ratio=0.60, EL ratio=0.40
2025-04-08 16:34:43,431 - DEBUG -   [SL->EL] 成功! 用SL最优解1927.00替换EL最差解1938.00, 改进了11.00
2025-04-08 16:34:43,432 - DEBUG -   [EL->SL] 成功添加8个EL解到SL种群
2025-04-08 16:34:43,433 - DEBUG - Updated probability model at iteration 58
2025-04-08 16:34:43,433 - DEBUG - Iteration 59/100: Phase=hybrid learning, SL ratio=0.60, EL ratio=0.40
2025-04-08 16:34:44,099 - DEBUG -   [SL->EL] 成功! 用SL最优解1938.00替换EL最差解1962.00, 改进了24.00
2025-04-08 16:34:44,101 - DEBUG -   [EL->SL] 成功添加8个EL解到SL种群
2025-04-08 16:34:44,102 - DEBUG - Updated probability model at iteration 59
2025-04-08 16:34:44,102 - INFO - EL has been consistently better for 5 iterations, adjusting ratios: SL=0.50, EL=0.50
2025-04-08 16:34:44,102 - DEBUG - Iteration 60/100: Phase=hybrid learning, SL ratio=0.50, EL ratio=0.50
2025-04-08 16:34:44,784 - DEBUG -   [SL->EL] 成功! 用SL最优解1949.00替换EL最差解1963.00, 改进了14.00
2025-04-08 16:34:44,786 - DEBUG -   [EL->SL] 成功添加10个EL解到SL种群
2025-04-08 16:34:44,787 - DEBUG - Updated probability model at iteration 60
2025-04-08 16:34:44,787 - DEBUG - Iteration 61/100: Phase=hybrid learning, SL ratio=0.50, EL ratio=0.50
2025-04-08 16:34:45,475 - INFO - In generation 61，New best makespan: 1820.00, source: el
2025-04-08 16:34:45,476 - DEBUG -   [SL->EL] 成功! 用SL最优解1873.00替换EL最差解1994.00, 改进了121.00
2025-04-08 16:34:45,478 - DEBUG -   [EL->SL] 成功添加10个EL解到SL种群
2025-04-08 16:34:45,478 - DEBUG - Updated probability model at iteration 61
2025-04-08 16:34:45,478 - DEBUG - Iteration 62/100: Phase=hybrid learning, SL ratio=0.50, EL ratio=0.50
2025-04-08 16:34:46,157 - INFO - In generation 62，New best makespan: 1818.00, source: el
2025-04-08 16:34:46,157 - DEBUG -   [SL->EL] 成功! 用SL最优解1914.00替换EL最差解2007.00, 改进了93.00
2025-04-08 16:34:46,159 - DEBUG -   [EL->SL] 成功添加10个EL解到SL种群
2025-04-08 16:34:46,161 - DEBUG - Updated probability model at iteration 62
2025-04-08 16:34:46,161 - DEBUG - Iteration 63/100: Phase=hybrid learning, SL ratio=0.50, EL ratio=0.50
2025-04-08 16:34:46,840 - INFO - In generation 63，New best makespan: 1815.00, source: el
2025-04-08 16:34:46,841 - DEBUG -   [SL->EL] 成功! 用SL最优解1901.00替换EL最差解1969.00, 改进了68.00
2025-04-08 16:34:46,842 - DEBUG -   [EL->SL] 成功添加10个EL解到SL种群
2025-04-08 16:34:46,843 - DEBUG - Updated probability model at iteration 63
2025-04-08 16:34:46,843 - DEBUG - Iteration 64/100: Phase=hybrid learning, SL ratio=0.50, EL ratio=0.50
2025-04-08 16:34:47,514 - DEBUG -   [SL->EL] 成功! 用SL最优解1908.00替换EL最差解1966.00, 改进了58.00
2025-04-08 16:34:47,516 - DEBUG -   [EL->SL] 成功添加10个EL解到SL种群
2025-04-08 16:34:47,517 - DEBUG - Updated probability model at iteration 64
2025-04-08 16:34:47,517 - INFO - EL has been consistently better for 5 iterations, adjusting ratios: SL=0.40, EL=0.60
2025-04-08 16:34:47,517 - DEBUG - Iteration 65/100: Phase=hybrid learning, SL ratio=0.40, EL ratio=0.60
2025-04-08 16:34:48,234 - DEBUG -   [SL->EL] 成功! 用SL最优解1904.00替换EL最差解1992.00, 改进了88.00
2025-04-08 16:34:48,236 - DEBUG -   [EL->SL] 成功添加12个EL解到SL种群
2025-04-08 16:34:48,237 - DEBUG - Updated probability model at iteration 65
2025-04-08 16:34:48,237 - DEBUG - Iteration 66/100: Phase=hybrid learning, SL ratio=0.40, EL ratio=0.60
2025-04-08 16:34:48,987 - INFO - In generation 66，New best makespan: 1814.00, source: el
2025-04-08 16:34:48,987 - DEBUG -   [SL->EL] 成功! 用SL最优解1917.00替换EL最差解1959.00, 改进了42.00
2025-04-08 16:34:48,988 - DEBUG -   [EL->SL] 成功添加12个EL解到SL种群
2025-04-08 16:34:48,990 - DEBUG - Updated probability model at iteration 66
2025-04-08 16:34:48,990 - DEBUG - Iteration 67/100: Phase=hybrid learning, SL ratio=0.40, EL ratio=0.60
2025-04-08 16:34:49,707 - INFO - In generation 67，New best makespan: 1810.00, source: el
2025-04-08 16:34:49,707 - DEBUG -   [SL->EL] 成功! 用SL最优解1885.00替换EL最差解1969.00, 改进了84.00
2025-04-08 16:34:49,710 - DEBUG -   [EL->SL] 成功添加12个EL解到SL种群
2025-04-08 16:34:49,710 - DEBUG - Updated probability model at iteration 67
2025-04-08 16:34:49,710 - DEBUG - Iteration 68/100: Phase=hybrid learning, SL ratio=0.40, EL ratio=0.60
2025-04-08 16:34:50,490 - INFO - In generation 68，New best makespan: 1807.00, source: el
2025-04-08 16:34:50,491 - DEBUG -   [SL->EL] 成功! 用SL最优解1899.00替换EL最差解1959.00, 改进了60.00
2025-04-08 16:34:50,493 - DEBUG -   [EL->SL] 成功添加12个EL解到SL种群
2025-04-08 16:34:50,493 - DEBUG - Updated probability model at iteration 68
2025-04-08 16:34:50,493 - DEBUG - Iteration 69/100: Phase=hybrid learning, SL ratio=0.40, EL ratio=0.60
2025-04-08 16:34:51,247 - INFO - In generation 69，New best makespan: 1803.00, source: el
2025-04-08 16:34:51,248 - DEBUG -   [SL->EL] 成功! 用SL最优解1873.00替换EL最差解1906.00, 改进了33.00
2025-04-08 16:34:51,250 - DEBUG -   [EL->SL] 成功添加12个EL解到SL种群
2025-04-08 16:34:51,250 - DEBUG - Updated probability model at iteration 69
2025-04-08 16:34:51,250 - INFO - EL has been consistently better for 5 iterations, adjusting ratios: SL=0.30, EL=0.70
2025-04-08 16:34:51,251 - DEBUG - Iteration 70/100: Phase=hybrid learning, SL ratio=0.30, EL ratio=0.70
2025-04-08 16:34:52,046 - INFO - In generation 70，New best makespan: 1796.00, source: el
2025-04-08 16:34:52,046 - DEBUG -   [SL->EL] 成功! 用SL最优解1867.00替换EL最差解1946.00, 改进了79.00
2025-04-08 16:34:52,049 - DEBUG -   [EL->SL] 成功添加14个EL解到SL种群
2025-04-08 16:34:52,049 - DEBUG - Updated probability model at iteration 70
2025-04-08 16:34:52,050 - DEBUG - Iteration 71/100: Phase=hybrid learning, SL ratio=0.30, EL ratio=0.70
2025-04-08 16:34:52,826 - INFO - In generation 71，New best makespan: 1794.00, source: el
2025-04-08 16:34:52,826 - DEBUG -   [SL->EL] 成功! 用SL最优解1896.00替换EL最差解1980.00, 改进了84.00
2025-04-08 16:34:52,829 - DEBUG -   [EL->SL] 成功添加14个EL解到SL种群
2025-04-08 16:34:52,829 - DEBUG - Updated probability model at iteration 71
2025-04-08 16:34:52,829 - DEBUG - Iteration 72/100: Phase=hybrid learning, SL ratio=0.30, EL ratio=0.70
2025-04-08 16:34:53,611 - DEBUG -   [SL->EL] 失败! SL最优解1936.00不如EL最差解1905.00
2025-04-08 16:34:53,614 - DEBUG -   [EL->SL] 成功添加14个EL解到SL种群
2025-04-08 16:34:53,615 - DEBUG - Updated probability model at iteration 72
2025-04-08 16:34:53,615 - DEBUG - Iteration 73/100: Phase=hybrid learning, SL ratio=0.30, EL ratio=0.70
2025-04-08 16:34:54,411 - INFO - In generation 73，New best makespan: 1792.00, source: el
2025-04-08 16:34:54,411 - DEBUG -   [SL->EL] 成功! 用SL最优解1909.00替换EL最差解1925.00, 改进了16.00
2025-04-08 16:34:54,412 - DEBUG -   [EL->SL] 成功添加14个EL解到SL种群
2025-04-08 16:34:54,412 - DEBUG - Updated probability model at iteration 73
2025-04-08 16:34:54,412 - DEBUG - Iteration 74/100: Phase=hybrid learning, SL ratio=0.30, EL ratio=0.70
2025-04-08 16:34:55,163 - DEBUG -   [SL->EL] 成功! 用SL最优解1915.00替换EL最差解1923.00, 改进了8.00
2025-04-08 16:34:55,164 - DEBUG -   [EL->SL] 成功添加14个EL解到SL种群
2025-04-08 16:34:55,165 - DEBUG - Updated probability model at iteration 74
2025-04-08 16:34:55,165 - INFO - EL has been consistently better for 5 iterations, adjusting ratios: SL=0.20, EL=0.80
2025-04-08 16:34:55,166 - DEBUG - Iteration 75/100: Phase=hybrid learning, SL ratio=0.20, EL ratio=0.80
2025-04-08 16:34:55,969 - INFO - In generation 75，New best makespan: 1786.00, source: el
2025-04-08 16:34:55,970 - DEBUG -   [SL->EL] 成功! 用SL最优解1922.00替换EL最差解1932.00, 改进了10.00
2025-04-08 16:34:55,972 - DEBUG -   [EL->SL] 成功添加16个EL解到SL种群
2025-04-08 16:34:55,972 - DEBUG - Updated probability model at iteration 75
2025-04-08 16:34:55,973 - DEBUG - Iteration 76/100: Phase=hybrid learning, SL ratio=0.20, EL ratio=0.80
2025-04-08 16:34:56,772 - INFO - In generation 76，New best makespan: 1784.00, source: el
2025-04-08 16:34:56,772 - DEBUG -   [SL->EL] 成功! 用SL最优解1897.00替换EL最差解1958.00, 改进了61.00
2025-04-08 16:34:56,775 - DEBUG -   [EL->SL] 成功添加16个EL解到SL种群
2025-04-08 16:34:56,775 - DEBUG - Updated probability model at iteration 76
2025-04-08 16:34:56,775 - DEBUG - Iteration 77/100: Phase=hybrid learning, SL ratio=0.20, EL ratio=0.80
2025-04-08 16:34:57,577 - INFO - In generation 77，New best makespan: 1780.00, source: el
2025-04-08 16:34:57,578 - DEBUG -   [SL->EL] 成功! 用SL最优解1901.00替换EL最差解1941.00, 改进了40.00
2025-04-08 16:34:57,580 - DEBUG -   [EL->SL] 成功添加16个EL解到SL种群
2025-04-08 16:34:57,581 - DEBUG - Updated probability model at iteration 77
2025-04-08 16:34:57,581 - DEBUG - Iteration 78/100: Phase=hybrid learning, SL ratio=0.20, EL ratio=0.80
2025-04-08 16:34:58,406 - DEBUG -   [SL->EL] 成功! 用SL最优解1883.00替换EL最差解1915.00, 改进了32.00
2025-04-08 16:34:58,408 - DEBUG -   [EL->SL] 成功添加16个EL解到SL种群
2025-04-08 16:34:58,409 - DEBUG - Updated probability model at iteration 78
2025-04-08 16:34:58,409 - DEBUG - Iteration 79/100: Phase=hybrid learning, SL ratio=0.20, EL ratio=0.80
2025-04-08 16:34:59,214 - DEBUG -   [SL->EL] 成功! 用SL最优解1811.00替换EL最差解1949.00, 改进了138.00
2025-04-08 16:34:59,216 - DEBUG -   [EL->SL] 成功添加16个EL解到SL种群
2025-04-08 16:34:59,216 - DEBUG - Updated probability model at iteration 79
2025-04-08 16:34:59,216 - INFO - EL has been consistently better for 5 iterations, adjusting ratios: SL=0.10, EL=0.90
2025-04-08 16:34:59,216 - DEBUG - Iteration 80/100: Phase=hybrid learning, SL ratio=0.10, EL ratio=0.90
2025-04-08 16:35:00,097 - DEBUG -   [SL->EL] 失败! SL最优解1948.00不如EL最差解1922.00
2025-04-08 16:35:00,100 - DEBUG -   [EL->SL] 成功添加18个EL解到SL种群
2025-04-08 16:35:00,100 - DEBUG - Updated probability model at iteration 80
2025-04-08 16:35:00,101 - DEBUG - Iteration 81/100: Phase=hybrid learning, SL ratio=0.10, EL ratio=0.90
2025-04-08 16:35:00,960 - INFO - In generation 81，New best makespan: 1774.00, source: el
2025-04-08 16:35:00,960 - DEBUG -   [SL->EL] 成功! 用SL最优解1902.00替换EL最差解1969.00, 改进了67.00
2025-04-08 16:35:00,962 - DEBUG -   [EL->SL] 成功添加18个EL解到SL种群
2025-04-08 16:35:00,964 - DEBUG - Updated probability model at iteration 81
2025-04-08 16:35:00,964 - DEBUG - Iteration 82/100: Phase=hybrid learning, SL ratio=0.10, EL ratio=0.90
2025-04-08 16:35:01,818 - DEBUG -   [SL->EL] 失败! SL最优解1956.00不如EL最差解1956.00
2025-04-08 16:35:01,820 - DEBUG -   [EL->SL] 成功添加18个EL解到SL种群
2025-04-08 16:35:01,820 - DEBUG - Updated probability model at iteration 82
2025-04-08 16:35:01,820 - DEBUG - Iteration 83/100: Phase=hybrid learning, SL ratio=0.10, EL ratio=0.90
2025-04-08 16:35:02,681 - DEBUG -   [SL->EL] 成功! 用SL最优解1893.00替换EL最差解1895.00, 改进了2.00
2025-04-08 16:35:02,684 - DEBUG -   [EL->SL] 成功添加18个EL解到SL种群
2025-04-08 16:35:02,684 - DEBUG - Updated probability model at iteration 83
2025-04-08 16:35:02,684 - DEBUG - Iteration 84/100: Phase=hybrid learning, SL ratio=0.10, EL ratio=0.90
2025-04-08 16:35:03,532 - INFO - In generation 84，New best makespan: 1773.00, source: el
2025-04-08 16:35:03,532 - DEBUG -   [SL->EL] 失败! SL最优解1960.00不如EL最差解1924.00
2025-04-08 16:35:03,535 - DEBUG -   [EL->SL] 成功添加18个EL解到SL种群
2025-04-08 16:35:03,535 - DEBUG - Updated probability model at iteration 84
2025-04-08 16:35:03,535 - INFO - EL has been consistently better for 5 iterations, adjusting ratios: SL=0.10, EL=0.90
2025-04-08 16:35:03,536 - DEBUG - Iteration 85/100: Phase=hybrid learning, SL ratio=0.10, EL ratio=0.90
2025-04-08 16:35:04,412 - INFO - In generation 85，New best makespan: 1770.00, source: el
2025-04-08 16:35:04,412 - DEBUG -   [SL->EL] 成功! 用SL最优解1901.00替换EL最差解1970.00, 改进了69.00
2025-04-08 16:35:04,416 - DEBUG -   [EL->SL] 成功添加18个EL解到SL种群
2025-04-08 16:35:04,417 - DEBUG - Updated probability model at iteration 85
2025-04-08 16:35:04,417 - DEBUG - Iteration 86/100: Phase=hybrid learning, SL ratio=0.10, EL ratio=0.90
2025-04-08 16:35:05,279 - INFO - In generation 86，New best makespan: 1768.00, source: el
2025-04-08 16:35:05,279 - DEBUG -   [SL->EL] 成功! 用SL最优解1885.00替换EL最差解1926.00, 改进了41.00
2025-04-08 16:35:05,282 - DEBUG -   [EL->SL] 成功添加18个EL解到SL种群
2025-04-08 16:35:05,282 - DEBUG - Updated probability model at iteration 86
2025-04-08 16:35:05,282 - DEBUG - Iteration 87/100: Phase=hybrid learning, SL ratio=0.10, EL ratio=0.90
2025-04-08 16:35:06,154 - INFO - In generation 87，New best makespan: 1759.00, source: el
2025-04-08 16:35:06,155 - DEBUG -   [SL->EL] 成功! 用SL最优解1890.00替换EL最差解1933.00, 改进了43.00
2025-04-08 16:35:06,157 - DEBUG -   [EL->SL] 成功添加18个EL解到SL种群
2025-04-08 16:35:06,158 - DEBUG - Updated probability model at iteration 87
2025-04-08 16:35:06,158 - DEBUG - Iteration 88/100: Phase=hybrid learning, SL ratio=0.10, EL ratio=0.90
2025-04-08 16:35:07,014 - DEBUG -   [SL->EL] 失败! SL最优解1955.00不如EL最差解1931.00
2025-04-08 16:35:07,016 - DEBUG -   [EL->SL] 成功添加18个EL解到SL种群
2025-04-08 16:35:07,018 - DEBUG - Updated probability model at iteration 88
2025-04-08 16:35:07,018 - DEBUG - Iteration 89/100: Phase=hybrid learning, SL ratio=0.10, EL ratio=0.90
2025-04-08 16:35:07,889 - INFO - In generation 89，New best makespan: 1751.00, source: el
2025-04-08 16:35:07,891 - DEBUG -   [SL->EL] 成功! 用SL最优解1838.00替换EL最差解1908.00, 改进了70.00
2025-04-08 16:35:07,893 - DEBUG -   [EL->SL] 成功添加18个EL解到SL种群
2025-04-08 16:35:07,894 - DEBUG - Updated probability model at iteration 89
2025-04-08 16:35:07,894 - INFO - EL has been consistently better for 5 iterations, adjusting ratios: SL=0.10, EL=0.90
2025-04-08 16:35:07,894 - DEBUG - Iteration 90/100: Phase=hybrid learning, SL ratio=0.10, EL ratio=0.90
2025-04-08 16:35:08,763 - DEBUG -   [SL->EL] 成功! 用SL最优解1904.00替换EL最差解1931.00, 改进了27.00
2025-04-08 16:35:08,766 - DEBUG -   [EL->SL] 成功添加18个EL解到SL种群
2025-04-08 16:35:08,766 - DEBUG - Updated probability model at iteration 90
2025-04-08 16:35:08,768 - DEBUG - Iteration 91/100: Phase=hybrid learning, SL ratio=0.10, EL ratio=0.90
2025-04-08 16:35:09,645 - DEBUG -   [SL->EL] 成功! 用SL最优解1818.00替换EL最差解1910.00, 改进了92.00
2025-04-08 16:35:09,648 - DEBUG -   [EL->SL] 成功添加18个EL解到SL种群
2025-04-08 16:35:09,648 - DEBUG - Updated probability model at iteration 91
2025-04-08 16:35:09,648 - DEBUG - Iteration 92/100: Phase=hybrid learning, SL ratio=0.10, EL ratio=0.90
2025-04-08 16:35:10,507 - DEBUG -   [SL->EL] 成功! 用SL最优解1871.00替换EL最差解1929.00, 改进了58.00
2025-04-08 16:35:10,511 - DEBUG -   [EL->SL] 成功添加18个EL解到SL种群
2025-04-08 16:35:10,511 - DEBUG - Updated probability model at iteration 92
2025-04-08 16:35:10,511 - DEBUG - Iteration 93/100: Phase=hybrid learning, SL ratio=0.10, EL ratio=0.90
2025-04-08 16:35:11,377 - INFO - In generation 93，New best makespan: 1744.00, source: el
2025-04-08 16:35:11,377 - DEBUG -   [SL->EL] 失败! SL最优解1919.00不如EL最差解1917.00
2025-04-08 16:35:11,380 - DEBUG -   [EL->SL] 成功添加18个EL解到SL种群
2025-04-08 16:35:11,380 - DEBUG - Updated probability model at iteration 93
2025-04-08 16:35:11,380 - DEBUG - Iteration 94/100: Phase=hybrid learning, SL ratio=0.10, EL ratio=0.90
2025-04-08 16:35:12,245 - DEBUG -   [SL->EL] 成功! 用SL最优解1879.00替换EL最差解1922.00, 改进了43.00
2025-04-08 16:35:12,248 - DEBUG -   [EL->SL] 成功添加18个EL解到SL种群
2025-04-08 16:35:12,249 - DEBUG - Updated probability model at iteration 94
2025-04-08 16:35:12,249 - INFO - EL has been consistently better for 5 iterations, adjusting ratios: SL=0.10, EL=0.90
2025-04-08 16:35:12,249 - DEBUG - Iteration 95/100: Phase=hybrid learning, SL ratio=0.10, EL ratio=0.90
2025-04-08 16:35:13,137 - DEBUG -   [SL->EL] 成功! 用SL最优解1826.00替换EL最差解1928.00, 改进了102.00
2025-04-08 16:35:13,140 - DEBUG -   [EL->SL] 成功添加18个EL解到SL种群
2025-04-08 16:35:13,141 - DEBUG - Updated probability model at iteration 95
2025-04-08 16:35:13,141 - DEBUG - Iteration 96/100: Phase=hybrid learning, SL ratio=0.10, EL ratio=0.90
2025-04-08 16:35:14,030 - INFO - In generation 96，New best makespan: 1741.00, source: el
2025-04-08 16:35:14,031 - DEBUG -   [SL->EL] 成功! 用SL最优解1885.00替换EL最差解2007.00, 改进了122.00
2025-04-08 16:35:14,033 - DEBUG -   [EL->SL] 成功添加18个EL解到SL种群
2025-04-08 16:35:14,034 - DEBUG - Updated probability model at iteration 96
2025-04-08 16:35:14,034 - DEBUG - Iteration 97/100: Phase=hybrid learning, SL ratio=0.10, EL ratio=0.90
2025-04-08 16:35:14,895 - DEBUG -   [SL->EL] 成功! 用SL最优解1863.00替换EL最差解1897.00, 改进了34.00
2025-04-08 16:35:14,898 - DEBUG -   [EL->SL] 成功添加18个EL解到SL种群
2025-04-08 16:35:14,899 - DEBUG - Updated probability model at iteration 97
2025-04-08 16:35:14,899 - DEBUG - Iteration 98/100: Phase=hybrid learning, SL ratio=0.10, EL ratio=0.90
2025-04-08 16:35:15,780 - INFO - In generation 98，New best makespan: 1736.00, source: el
2025-04-08 16:35:15,780 - DEBUG -   [SL->EL] 成功! 用SL最优解1866.00替换EL最差解1902.00, 改进了36.00
2025-04-08 16:35:15,783 - DEBUG -   [EL->SL] 成功添加18个EL解到SL种群
2025-04-08 16:35:15,783 - DEBUG - Updated probability model at iteration 98
2025-04-08 16:35:15,783 - DEBUG - Iteration 99/100: Phase=hybrid learning, SL ratio=0.10, EL ratio=0.90
2025-04-08 16:35:16,639 - INFO - In generation 99，New best makespan: 1733.00, source: el
2025-04-08 16:35:16,640 - DEBUG -   [SL->EL] 成功! 用SL最优解1863.00替换EL最差解1937.00, 改进了74.00
2025-04-08 16:35:16,642 - DEBUG -   [EL->SL] 成功添加18个EL解到SL种群
2025-04-08 16:35:16,643 - DEBUG - Updated probability model at iteration 99
2025-04-08 16:35:16,643 - INFO - EL has been consistently better for 5 iterations, adjusting ratios: SL=0.10, EL=0.90
2025-04-08 16:35:16,643 - DEBUG - Iteration 100/100: Phase=hybrid learning, SL ratio=0.10, EL ratio=0.90
2025-04-08 16:35:17,494 - DEBUG -   [SL->EL] 成功! 用SL最优解1866.00替换EL最差解1951.00, 改进了85.00
2025-04-08 16:35:17,497 - DEBUG -   [EL->SL] 成功添加18个EL解到SL种群
2025-04-08 16:35:17,498 - DEBUG - Updated probability model at iteration 100
2025-04-08 16:35:17,507 - INFO - ==================================================
2025-04-08 16:35:17,507 - INFO - Results saved to: hl_output
2025-04-08 16:35:17,707 - INFO - Convergence curve saved to: hl_output/hl_convergence.png
2025-04-08 16:35:17,707 - INFO - Best solution found with makespan: 1733.00s at generation 99
