2025-04-08 16:15:53,912 - DEBUG - Starting optimization, total iterations: 100
2025-04-08 16:15:53,912 - DEBUG - Minimum iterations for pure SL: 20
2025-04-08 16:15:53,912 - DEBUG - Stagnation detection window size: 20
2025-04-08 16:15:53,912 - DEBUG - Stagnation threshold: 0.01
2025-04-08 16:15:53,912 - DEBUG - Force switch iterations: 50
2025-04-08 16:15:53,912 - DEBUG - Iteration 1/100: Phase=statistical learning, SL ratio=1.00, EL ratio=0.00
2025-04-08 16:15:54,376 - DEBUG - Initialized probability model
2025-04-08 16:15:54,382 - INFO - In generation 1，New best makespan: 1930.00, source: sl
2025-04-08 16:15:54,383 - DEBUG - Iteration 2/100: Phase=statistical learning, SL ratio=1.00, EL ratio=0.00
2025-04-08 16:15:54,858 - DEBUG - Updated probability model at iteration 2
2025-04-08 16:15:54,863 - INFO - In generation 2，New best makespan: 1919.00, source: sl
2025-04-08 16:15:54,863 - DEBUG - Iteration 3/100: Phase=statistical learning, SL ratio=1.00, EL ratio=0.00
2025-04-08 16:15:55,333 - DEBUG - Updated probability model at iteration 3
2025-04-08 16:15:55,333 - DEBUG - Iteration 4/100: Phase=statistical learning, SL ratio=1.00, EL ratio=0.00
2025-04-08 16:15:55,821 - DEBUG - Updated probability model at iteration 4
2025-04-08 16:15:55,821 - DEBUG - Iteration 5/100: Phase=statistical learning, SL ratio=1.00, EL ratio=0.00
2025-04-08 16:15:56,316 - DEBUG - Updated probability model at iteration 5
2025-04-08 16:15:56,316 - DEBUG - Iteration 6/100: Phase=statistical learning, SL ratio=1.00, EL ratio=0.00
2025-04-08 16:15:56,800 - DEBUG - Updated probability model at iteration 6
2025-04-08 16:15:56,800 - DEBUG - Iteration 7/100: Phase=statistical learning, SL ratio=1.00, EL ratio=0.00
2025-04-08 16:15:57,268 - DEBUG - Updated probability model at iteration 7
2025-04-08 16:15:57,268 - DEBUG - Iteration 8/100: Phase=statistical learning, SL ratio=1.00, EL ratio=0.00
2025-04-08 16:15:57,744 - DEBUG - Updated probability model at iteration 8
2025-04-08 16:15:57,749 - INFO - In generation 8，New best makespan: 1909.00, source: sl
2025-04-08 16:15:57,750 - DEBUG - Iteration 9/100: Phase=statistical learning, SL ratio=1.00, EL ratio=0.00
2025-04-08 16:15:58,228 - DEBUG - Updated probability model at iteration 9
2025-04-08 16:15:58,232 - INFO - In generation 9，New best makespan: 1895.00, source: sl
2025-04-08 16:15:58,233 - DEBUG - Iteration 10/100: Phase=statistical learning, SL ratio=1.00, EL ratio=0.00
2025-04-08 16:15:58,700 - DEBUG - Updated probability model at iteration 10
2025-04-08 16:15:58,700 - DEBUG - Iteration 11/100: Phase=statistical learning, SL ratio=1.00, EL ratio=0.00
2025-04-08 16:15:59,165 - DEBUG - Updated probability model at iteration 11
2025-04-08 16:15:59,165 - DEBUG - Iteration 12/100: Phase=statistical learning, SL ratio=1.00, EL ratio=0.00
2025-04-08 16:15:59,643 - DEBUG - Updated probability model at iteration 12
2025-04-08 16:15:59,643 - DEBUG - Iteration 13/100: Phase=statistical learning, SL ratio=1.00, EL ratio=0.00
2025-04-08 16:16:00,107 - DEBUG - Updated probability model at iteration 13
2025-04-08 16:16:00,107 - DEBUG - Iteration 14/100: Phase=statistical learning, SL ratio=1.00, EL ratio=0.00
2025-04-08 16:16:00,584 - DEBUG - Updated probability model at iteration 14
2025-04-08 16:16:00,584 - DEBUG - Iteration 15/100: Phase=statistical learning, SL ratio=1.00, EL ratio=0.00
2025-04-08 16:16:01,052 - DEBUG - Updated probability model at iteration 15
2025-04-08 16:16:01,052 - DEBUG - Iteration 16/100: Phase=statistical learning, SL ratio=1.00, EL ratio=0.00
2025-04-08 16:16:01,514 - DEBUG - Updated probability model at iteration 16
2025-04-08 16:16:01,514 - DEBUG - Iteration 17/100: Phase=statistical learning, SL ratio=1.00, EL ratio=0.00
2025-04-08 16:16:01,979 - DEBUG - Updated probability model at iteration 17
2025-04-08 16:16:01,979 - DEBUG - Iteration 18/100: Phase=statistical learning, SL ratio=1.00, EL ratio=0.00
2025-04-08 16:16:02,434 - DEBUG - Updated probability model at iteration 18
2025-04-08 16:16:02,434 - DEBUG - Iteration 19/100: Phase=statistical learning, SL ratio=1.00, EL ratio=0.00
2025-04-08 16:16:02,893 - DEBUG - Updated probability model at iteration 19
2025-04-08 16:16:02,893 - DEBUG - Iteration 20/100: Phase=statistical learning, SL ratio=1.00, EL ratio=0.00
2025-04-08 16:16:03,350 - DEBUG - Updated probability model at iteration 20
2025-04-08 16:16:03,350 - DEBUG - Iteration 21/100: Phase=statistical learning, SL ratio=1.00, EL ratio=0.00
2025-04-08 16:16:03,816 - DEBUG - Updated probability model at iteration 21
2025-04-08 16:16:03,816 - DEBUG - Iteration 22/100: Phase=statistical learning, SL ratio=1.00, EL ratio=0.00
2025-04-08 16:16:04,279 - DEBUG - Updated probability model at iteration 22
2025-04-08 16:16:04,279 - DEBUG - Iteration 23/100: Phase=statistical learning, SL ratio=1.00, EL ratio=0.00
2025-04-08 16:16:04,736 - DEBUG - Updated probability model at iteration 23
2025-04-08 16:16:04,737 - DEBUG - Iteration 24/100: Phase=statistical learning, SL ratio=1.00, EL ratio=0.00
2025-04-08 16:16:05,193 - DEBUG - Updated probability model at iteration 24
2025-04-08 16:16:05,193 - DEBUG - Iteration 25/100: Phase=statistical learning, SL ratio=1.00, EL ratio=0.00
2025-04-08 16:16:05,673 - DEBUG - Updated probability model at iteration 25
2025-04-08 16:16:05,673 - DEBUG - Iteration 26/100: Phase=statistical learning, SL ratio=1.00, EL ratio=0.00
2025-04-08 16:16:06,125 - DEBUG - Updated probability model at iteration 26
2025-04-08 16:16:06,125 - DEBUG - Iteration 27/100: Phase=statistical learning, SL ratio=1.00, EL ratio=0.00
2025-04-08 16:16:06,603 - DEBUG - Updated probability model at iteration 27
2025-04-08 16:16:06,603 - DEBUG - Iteration 28/100: Phase=statistical learning, SL ratio=1.00, EL ratio=0.00
2025-04-08 16:16:07,059 - DEBUG - Updated probability model at iteration 28
2025-04-08 16:16:07,059 - INFO - 
SL is stagnating, switching to hybrid phase...
2025-04-08 16:16:07,060 - DEBUG - Iteration 29/100: Phase=hybrid learning, SL ratio=0.90, EL ratio=0.10
2025-04-08 16:16:07,556 - DEBUG -   [SL->EL] 成功! 用SL最优解1956.00替换EL最差解1969.00, 改进了13.00
2025-04-08 16:16:07,557 - DEBUG -   [EL->SL] 成功添加2个EL解到SL种群
2025-04-08 16:16:07,558 - DEBUG - Updated probability model at iteration 29
2025-04-08 16:16:07,558 - DEBUG - Iteration 30/100: Phase=hybrid learning, SL ratio=0.90, EL ratio=0.10
2025-04-08 16:16:08,062 - DEBUG -   [SL->EL] 成功! 用SL最优解1957.00替换EL最差解1974.00, 改进了17.00
2025-04-08 16:16:08,062 - DEBUG -   [EL->SL] 成功添加2个EL解到SL种群
2025-04-08 16:16:08,062 - DEBUG - Updated probability model at iteration 30
2025-04-08 16:16:08,062 - DEBUG - Iteration 31/100: Phase=hybrid learning, SL ratio=0.90, EL ratio=0.10
2025-04-08 16:16:08,569 - DEBUG -   [SL->EL] 失败! SL最优解1958.00不如EL最差解1956.00
2025-04-08 16:16:08,570 - DEBUG -   [EL->SL] 成功添加2个EL解到SL种群
2025-04-08 16:16:08,571 - DEBUG - Updated probability model at iteration 31
2025-04-08 16:16:08,571 - DEBUG - Iteration 32/100: Phase=hybrid learning, SL ratio=0.90, EL ratio=0.10
2025-04-08 16:16:09,068 - DEBUG -   [SL->EL] 成功! 用SL最优解1943.00替换EL最差解1982.00, 改进了39.00
2025-04-08 16:16:09,068 - DEBUG -   [EL->SL] 成功添加2个EL解到SL种群
2025-04-08 16:16:09,069 - DEBUG - Updated probability model at iteration 32
2025-04-08 16:16:09,069 - DEBUG - Iteration 33/100: Phase=hybrid learning, SL ratio=0.90, EL ratio=0.10
2025-04-08 16:16:09,505 - INFO - In generation 33，New best makespan: 1887.00, source: sl
2025-04-08 16:16:09,586 - DEBUG -   [SL->EL] 成功! 用SL最优解1887.00替换EL最差解1942.00, 改进了55.00
2025-04-08 16:16:09,587 - DEBUG -   [EL->SL] 成功添加2个EL解到SL种群
2025-04-08 16:16:09,588 - DEBUG - Updated probability model at iteration 33
2025-04-08 16:16:09,588 - DEBUG - Iteration 34/100: Phase=hybrid learning, SL ratio=0.90, EL ratio=0.10
2025-04-08 16:16:10,086 - INFO - In generation 34，New best makespan: 1877.00, source: el
2025-04-08 16:16:10,087 - DEBUG -   [SL->EL] 失败! SL最优解1950.00不如EL最差解1938.00
2025-04-08 16:16:10,087 - DEBUG -   [EL->SL] 成功添加2个EL解到SL种群
2025-04-08 16:16:10,088 - DEBUG - Updated probability model at iteration 34
2025-04-08 16:16:10,088 - DEBUG - Iteration 35/100: Phase=hybrid learning, SL ratio=0.90, EL ratio=0.10
2025-04-08 16:16:10,510 - INFO - In generation 35，New best makespan: 1876.00, source: sl
2025-04-08 16:16:10,591 - DEBUG -   [SL->EL] 成功! 用SL最优解1876.00替换EL最差解1924.00, 改进了48.00
2025-04-08 16:16:10,591 - DEBUG -   [EL->SL] 成功添加2个EL解到SL种群
2025-04-08 16:16:10,593 - DEBUG - Updated probability model at iteration 35
2025-04-08 16:16:10,593 - DEBUG - Iteration 36/100: Phase=hybrid learning, SL ratio=0.90, EL ratio=0.10
2025-04-08 16:16:11,102 - INFO - In generation 36，New best makespan: 1873.00, source: el
2025-04-08 16:16:11,102 - DEBUG -   [SL->EL] 成功! 用SL最优解1942.00替换EL最差解1989.00, 改进了47.00
2025-04-08 16:16:11,102 - DEBUG -   [EL->SL] 成功添加2个EL解到SL种群
2025-04-08 16:16:11,103 - DEBUG - Updated probability model at iteration 36
2025-04-08 16:16:11,103 - DEBUG - Iteration 37/100: Phase=hybrid learning, SL ratio=0.90, EL ratio=0.10
2025-04-08 16:16:11,612 - DEBUG -   [SL->EL] 成功! 用SL最优解1928.00替换EL最差解2061.00, 改进了133.00
2025-04-08 16:16:11,612 - DEBUG -   [EL->SL] 成功添加2个EL解到SL种群
2025-04-08 16:16:11,614 - DEBUG - Updated probability model at iteration 37
2025-04-08 16:16:11,614 - DEBUG - Iteration 38/100: Phase=hybrid learning, SL ratio=0.90, EL ratio=0.10
2025-04-08 16:16:12,112 - DEBUG -   [SL->EL] 成功! 用SL最优解1929.00替换EL最差解2002.00, 改进了73.00
2025-04-08 16:16:12,114 - DEBUG -   [EL->SL] 成功添加2个EL解到SL种群
2025-04-08 16:16:12,114 - DEBUG - Updated probability model at iteration 38
2025-04-08 16:16:12,114 - INFO - EL has been consistently better for 5 iterations, adjusting ratios: SL=0.80, EL=0.20
2025-04-08 16:16:12,114 - DEBUG - Iteration 39/100: Phase=hybrid learning, SL ratio=0.80, EL ratio=0.20
2025-04-08 16:16:12,677 - INFO - In generation 39，New best makespan: 1867.00, source: el
2025-04-08 16:16:12,677 - DEBUG -   [SL->EL] 成功! 用SL最优解1908.00替换EL最差解2067.00, 改进了159.00
2025-04-08 16:16:12,678 - DEBUG -   [EL->SL] 成功添加4个EL解到SL种群
2025-04-08 16:16:12,679 - DEBUG - Updated probability model at iteration 39
2025-04-08 16:16:12,679 - DEBUG - Iteration 40/100: Phase=hybrid learning, SL ratio=0.80, EL ratio=0.20
2025-04-08 16:16:13,254 - INFO - In generation 40，New best makespan: 1857.00, source: el
2025-04-08 16:16:13,255 - DEBUG -   [SL->EL] 成功! 用SL最优解1894.00替换EL最差解2119.00, 改进了225.00
2025-04-08 16:16:13,255 - DEBUG -   [EL->SL] 成功添加4个EL解到SL种群
2025-04-08 16:16:13,256 - DEBUG - Updated probability model at iteration 40
2025-04-08 16:16:13,256 - DEBUG - Iteration 41/100: Phase=hybrid learning, SL ratio=0.80, EL ratio=0.20
2025-04-08 16:16:13,819 - INFO - In generation 41，New best makespan: 1854.00, source: el
2025-04-08 16:16:13,819 - DEBUG -   [SL->EL] 成功! 用SL最优解1946.00替换EL最差解2010.00, 改进了64.00
2025-04-08 16:16:13,820 - DEBUG -   [EL->SL] 成功添加4个EL解到SL种群
2025-04-08 16:16:13,820 - DEBUG - Updated probability model at iteration 41
2025-04-08 16:16:13,820 - DEBUG - Iteration 42/100: Phase=hybrid learning, SL ratio=0.80, EL ratio=0.20
2025-04-08 16:16:14,379 - DEBUG -   [SL->EL] 成功! 用SL最优解1921.00替换EL最差解2034.00, 改进了113.00
2025-04-08 16:16:14,380 - DEBUG -   [EL->SL] 成功添加4个EL解到SL种群
2025-04-08 16:16:14,381 - DEBUG - Updated probability model at iteration 42
2025-04-08 16:16:14,381 - DEBUG - Iteration 43/100: Phase=hybrid learning, SL ratio=0.80, EL ratio=0.20
