2025-04-08 11:40:25,050 - INFO - Starting optimization, total iterations: 100
2025-04-08 11:40:25,051 - INFO - Minimum iterations for pure SL: 20.0
2025-04-08 11:40:25,051 - INFO - Stagnation detection window size: 20
2025-04-08 11:40:25,051 - INFO - Stagnation threshold: 0.01
2025-04-08 11:40:25,051 - INFO - Force switch iterations: 50.0
2025-04-08 11:40:25,052 - INFO - Iteration 1/100: Phase=statistical learning, SL ratio=1.00, EL ratio=0.00
2025-04-08 11:40:25,497 - DEBUG - Initialized probability model
2025-04-08 11:40:25,503 - INFO - In generation 1，New best makespan: 1945.00, source: sl
2025-04-08 11:40:25,503 - INFO - Iteration 2/100: Phase=statistical learning, SL ratio=1.00, EL ratio=0.00
2025-04-08 11:40:25,960 - DEBUG - Updated probability model at iteration 2
2025-04-08 11:40:25,960 - INFO - Iteration 3/100: Phase=statistical learning, SL ratio=1.00, EL ratio=0.00
2025-04-08 11:40:26,410 - DEBUG - Updated probability model at iteration 3
2025-04-08 11:40:26,410 - INFO - Iteration 4/100: Phase=statistical learning, SL ratio=1.00, EL ratio=0.00
2025-04-08 11:40:26,867 - DEBUG - Updated probability model at iteration 4
2025-04-08 11:40:26,885 - INFO - In generation 4，New best makespan: 1936.00, source: sl
2025-04-08 11:40:26,886 - INFO - Iteration 5/100: Phase=statistical learning, SL ratio=1.00, EL ratio=0.00
2025-04-08 11:40:27,336 - DEBUG - Updated probability model at iteration 5
2025-04-08 11:40:27,341 - INFO - In generation 5，New best makespan: 1928.00, source: sl
2025-04-08 11:40:27,342 - INFO - Iteration 6/100: Phase=statistical learning, SL ratio=1.00, EL ratio=0.00
2025-04-08 11:40:27,807 - DEBUG - Updated probability model at iteration 6
2025-04-08 11:40:27,807 - INFO - Iteration 7/100: Phase=statistical learning, SL ratio=1.00, EL ratio=0.00
2025-04-08 11:40:28,262 - DEBUG - Updated probability model at iteration 7
2025-04-08 11:40:28,268 - INFO - In generation 7，New best makespan: 1904.00, source: sl
2025-04-08 11:40:28,268 - INFO - Iteration 8/100: Phase=statistical learning, SL ratio=1.00, EL ratio=0.00
2025-04-08 11:40:28,720 - DEBUG - Updated probability model at iteration 8
2025-04-08 11:40:28,720 - INFO - Iteration 9/100: Phase=statistical learning, SL ratio=1.00, EL ratio=0.00
2025-04-08 11:40:29,179 - DEBUG - Updated probability model at iteration 9
2025-04-08 11:40:29,179 - INFO - Iteration 10/100: Phase=statistical learning, SL ratio=1.00, EL ratio=0.00
2025-04-08 11:40:29,631 - DEBUG - Updated probability model at iteration 10
2025-04-08 11:40:29,631 - INFO - Iteration 11/100: Phase=statistical learning, SL ratio=1.00, EL ratio=0.00
2025-04-08 11:40:30,084 - DEBUG - Updated probability model at iteration 11
2025-04-08 11:40:30,090 - INFO - In generation 11，New best makespan: 1830.00, source: sl
2025-04-08 11:40:30,090 - INFO - Iteration 12/100: Phase=statistical learning, SL ratio=1.00, EL ratio=0.00
2025-04-08 11:40:30,547 - DEBUG - Updated probability model at iteration 12
2025-04-08 11:40:30,547 - INFO - Iteration 13/100: Phase=statistical learning, SL ratio=1.00, EL ratio=0.00
2025-04-08 11:40:31,000 - DEBUG - Updated probability model at iteration 13
2025-04-08 11:40:31,000 - INFO - Iteration 14/100: Phase=statistical learning, SL ratio=1.00, EL ratio=0.00
2025-04-08 11:40:31,450 - DEBUG - Updated probability model at iteration 14
2025-04-08 11:40:31,450 - INFO - Iteration 15/100: Phase=statistical learning, SL ratio=1.00, EL ratio=0.00
2025-04-08 11:40:31,897 - DEBUG - Updated probability model at iteration 15
2025-04-08 11:40:31,897 - INFO - Iteration 16/100: Phase=statistical learning, SL ratio=1.00, EL ratio=0.00
2025-04-08 11:40:32,345 - DEBUG - Updated probability model at iteration 16
2025-04-08 11:40:32,345 - INFO - Iteration 17/100: Phase=statistical learning, SL ratio=1.00, EL ratio=0.00
2025-04-08 11:40:32,795 - DEBUG - Updated probability model at iteration 17
2025-04-08 11:40:32,795 - INFO - Iteration 18/100: Phase=statistical learning, SL ratio=1.00, EL ratio=0.00
2025-04-08 11:40:33,253 - DEBUG - Updated probability model at iteration 18
2025-04-08 11:40:33,253 - INFO - Iteration 19/100: Phase=statistical learning, SL ratio=1.00, EL ratio=0.00
2025-04-08 11:40:33,700 - DEBUG - Updated probability model at iteration 19
2025-04-08 11:40:33,700 - INFO - Iteration 20/100: Phase=statistical learning, SL ratio=1.00, EL ratio=0.00
2025-04-08 11:40:34,156 - DEBUG - Updated probability model at iteration 20
2025-04-08 11:40:34,156 - INFO - Iteration 21/100: Phase=statistical learning, SL ratio=1.00, EL ratio=0.00
2025-04-08 11:40:34,602 - DEBUG - Updated probability model at iteration 21
2025-04-08 11:40:34,602 - INFO - Iteration 22/100: Phase=statistical learning, SL ratio=1.00, EL ratio=0.00
2025-04-08 11:40:35,060 - DEBUG - Updated probability model at iteration 22
2025-04-08 11:40:35,060 - INFO - Iteration 23/100: Phase=statistical learning, SL ratio=1.00, EL ratio=0.00
2025-04-08 11:40:35,512 - DEBUG - Updated probability model at iteration 23
2025-04-08 11:40:35,512 - INFO - Iteration 24/100: Phase=statistical learning, SL ratio=1.00, EL ratio=0.00
2025-04-08 11:40:35,975 - DEBUG - Updated probability model at iteration 24
2025-04-08 11:40:35,975 - INFO - Iteration 25/100: Phase=statistical learning, SL ratio=1.00, EL ratio=0.00
2025-04-08 11:40:36,427 - DEBUG - Updated probability model at iteration 25
2025-04-08 11:40:36,427 - INFO - Iteration 26/100: Phase=statistical learning, SL ratio=1.00, EL ratio=0.00
2025-04-08 11:40:36,879 - DEBUG - Updated probability model at iteration 26
2025-04-08 11:40:36,879 - INFO - Iteration 27/100: Phase=statistical learning, SL ratio=1.00, EL ratio=0.00
2025-04-08 11:40:37,328 - DEBUG - Updated probability model at iteration 27
2025-04-08 11:40:37,328 - INFO - Iteration 28/100: Phase=statistical learning, SL ratio=1.00, EL ratio=0.00
2025-04-08 11:40:37,780 - DEBUG - Updated probability model at iteration 28
2025-04-08 11:40:37,780 - INFO - Iteration 29/100: Phase=statistical learning, SL ratio=1.00, EL ratio=0.00
2025-04-08 11:40:38,233 - DEBUG - Updated probability model at iteration 29
2025-04-08 11:40:38,233 - INFO - Iteration 30/100: Phase=statistical learning, SL ratio=1.00, EL ratio=0.00
2025-04-08 11:40:38,683 - DEBUG - Updated probability model at iteration 30
2025-04-08 11:40:38,683 - INFO - 
SL is stagnating, switching to hybrid phase...
2025-04-08 11:40:38,683 - INFO - Iteration 31/100: Phase=hybrid learning, SL ratio=0.90, EL ratio=0.10
2025-04-08 11:40:39,182 - DEBUG -   [SL->EL] 成功! 用SL最优解1961.00替换EL最差解2031.00, 改进了70.00
2025-04-08 11:40:39,182 - DEBUG -   [EL->SL] 成功添加1个EL解到SL种群
2025-04-08 11:40:39,183 - DEBUG - Updated probability model at iteration 31
2025-04-08 11:40:39,183 - INFO - Iteration 32/100: Phase=hybrid learning, SL ratio=0.90, EL ratio=0.10
2025-04-08 11:40:39,676 - DEBUG -   [SL->EL] 成功! 用SL最优解1986.00替换EL最差解2077.00, 改进了91.00
2025-04-08 11:40:39,676 - DEBUG -   [EL->SL] 成功添加1个EL解到SL种群
2025-04-08 11:40:39,678 - DEBUG - Updated probability model at iteration 32
2025-04-08 11:40:39,678 - INFO - Iteration 33/100: Phase=hybrid learning, SL ratio=0.90, EL ratio=0.10
2025-04-08 11:40:40,192 - DEBUG -   [SL->EL] 成功! 用SL最优解1967.00替换EL最差解2004.00, 改进了37.00
2025-04-08 11:40:40,192 - DEBUG -   [EL->SL] 成功添加1个EL解到SL种群
2025-04-08 11:40:40,193 - DEBUG - Updated probability model at iteration 33
2025-04-08 11:40:40,193 - INFO - Iteration 34/100: Phase=hybrid learning, SL ratio=0.90, EL ratio=0.10
2025-04-08 11:40:40,685 - DEBUG -   [SL->EL] 成功! 用SL最优解1910.00替换EL最差解2080.00, 改进了170.00
2025-04-08 11:40:40,685 - DEBUG -   [EL->SL] 成功添加1个EL解到SL种群
2025-04-08 11:40:40,686 - DEBUG - Updated probability model at iteration 34
2025-04-08 11:40:40,686 - INFO - Iteration 35/100: Phase=hybrid learning, SL ratio=0.90, EL ratio=0.10
2025-04-08 11:40:41,197 - DEBUG -   [SL->EL] 成功! 用SL最优解1940.00替换EL最差解2118.00, 改进了178.00
2025-04-08 11:40:41,197 - DEBUG -   [EL->SL] 成功添加1个EL解到SL种群
2025-04-08 11:40:41,199 - DEBUG - Updated probability model at iteration 35
2025-04-08 11:40:41,199 - INFO - Iteration 36/100: Phase=hybrid learning, SL ratio=0.90, EL ratio=0.10
2025-04-08 11:40:41,720 - DEBUG -   [SL->EL] 成功! 用SL最优解1922.00替换EL最差解1944.00, 改进了22.00
2025-04-08 11:40:41,720 - DEBUG -   [EL->SL] 成功添加1个EL解到SL种群
2025-04-08 11:40:41,720 - DEBUG - Updated probability model at iteration 36
2025-04-08 11:40:41,720 - INFO - Iteration 37/100: Phase=hybrid learning, SL ratio=0.90, EL ratio=0.10
2025-04-08 11:40:42,260 - DEBUG -   [SL->EL] 成功! 用SL最优解1930.00替换EL最差解1992.00, 改进了62.00
2025-04-08 11:40:42,260 - DEBUG -   [EL->SL] 成功添加1个EL解到SL种群
2025-04-08 11:40:42,261 - DEBUG - Updated probability model at iteration 37
2025-04-08 11:40:42,261 - INFO - Iteration 38/100: Phase=hybrid learning, SL ratio=0.90, EL ratio=0.10
2025-04-08 11:40:42,784 - DEBUG -   [SL->EL] 成功! 用SL最优解1926.00替换EL最差解1990.00, 改进了64.00
2025-04-08 11:40:42,784 - DEBUG -   [EL->SL] 成功添加1个EL解到SL种群
2025-04-08 11:40:42,785 - DEBUG - Updated probability model at iteration 38
2025-04-08 11:40:42,785 - INFO - Iteration 39/100: Phase=hybrid learning, SL ratio=0.90, EL ratio=0.10
2025-04-08 11:40:43,301 - DEBUG -   [SL->EL] 失败! SL最优解1953.00不如EL最差解1939.00
2025-04-08 11:40:43,302 - DEBUG -   [EL->SL] 成功添加1个EL解到SL种群
2025-04-08 11:40:43,303 - DEBUG - Updated probability model at iteration 39
2025-04-08 11:40:43,303 - INFO - Iteration 40/100: Phase=hybrid learning, SL ratio=0.90, EL ratio=0.10
2025-04-08 11:40:43,800 - DEBUG -   [SL->EL] 失败! SL最优解1936.00不如EL最差解1910.00
2025-04-08 11:40:43,800 - DEBUG -   [EL->SL] 成功添加1个EL解到SL种群
2025-04-08 11:40:43,801 - DEBUG - Updated probability model at iteration 40
2025-04-08 11:40:43,801 - INFO - Iteration 41/100: Phase=hybrid learning, SL ratio=0.90, EL ratio=0.10
2025-04-08 11:40:44,297 - DEBUG -   [SL->EL] 失败! SL最优解1948.00不如EL最差解1885.00
2025-04-08 11:40:44,297 - DEBUG -   [EL->SL] 成功添加1个EL解到SL种群
2025-04-08 11:40:44,299 - DEBUG - Updated probability model at iteration 41
2025-04-08 11:40:44,299 - INFO - Iteration 42/100: Phase=hybrid learning, SL ratio=0.90, EL ratio=0.10
2025-04-08 11:40:44,802 - DEBUG -   [SL->EL] 成功! 用SL最优解1935.00替换EL最差解2000.00, 改进了65.00
2025-04-08 11:40:44,802 - DEBUG -   [EL->SL] 成功添加1个EL解到SL种群
2025-04-08 11:40:44,803 - DEBUG - Updated probability model at iteration 42
2025-04-08 11:40:44,803 - INFO - Iteration 43/100: Phase=hybrid learning, SL ratio=0.90, EL ratio=0.10
2025-04-08 11:40:45,305 - DEBUG -   [SL->EL] 成功! 用SL最优解1934.00替换EL最差解1945.00, 改进了11.00
2025-04-08 11:40:45,305 - DEBUG -   [EL->SL] 成功添加1个EL解到SL种群
2025-04-08 11:40:45,306 - DEBUG - Updated probability model at iteration 43
2025-04-08 11:40:45,306 - INFO - Iteration 44/100: Phase=hybrid learning, SL ratio=0.90, EL ratio=0.10
2025-04-08 11:40:45,801 - DEBUG -   [SL->EL] 成功! 用SL最优解1946.00替换EL最差解1967.00, 改进了21.00
2025-04-08 11:40:45,801 - DEBUG -   [EL->SL] 成功添加1个EL解到SL种群
2025-04-08 11:40:45,802 - DEBUG - Updated probability model at iteration 44
2025-04-08 11:40:45,802 - INFO - Iteration 45/100: Phase=hybrid learning, SL ratio=0.90, EL ratio=0.10
2025-04-08 11:40:46,298 - DEBUG -   [SL->EL] 成功! 用SL最优解1902.00替换EL最差解1918.00, 改进了16.00
2025-04-08 11:40:46,298 - DEBUG -   [EL->SL] 成功添加1个EL解到SL种群
2025-04-08 11:40:46,299 - DEBUG - Updated probability model at iteration 45
2025-04-08 11:40:46,299 - INFO - Iteration 46/100: Phase=hybrid learning, SL ratio=0.90, EL ratio=0.10
2025-04-08 11:40:46,813 - DEBUG -   [SL->EL] 成功! 用SL最优解1920.00替换EL最差解1977.00, 改进了57.00
2025-04-08 11:40:46,813 - DEBUG -   [EL->SL] 成功添加1个EL解到SL种群
2025-04-08 11:40:46,814 - DEBUG - Updated probability model at iteration 46
2025-04-08 11:40:46,814 - INFO - Iteration 47/100: Phase=hybrid learning, SL ratio=0.90, EL ratio=0.10
2025-04-08 11:40:47,320 - DEBUG -   [SL->EL] 失败! SL最优解1932.00不如EL最差解1886.00
2025-04-08 11:40:47,320 - DEBUG -   [EL->SL] 成功添加1个EL解到SL种群
2025-04-08 11:40:47,321 - DEBUG - Updated probability model at iteration 47
2025-04-08 11:40:47,321 - INFO - Iteration 48/100: Phase=hybrid learning, SL ratio=0.90, EL ratio=0.10
2025-04-08 11:40:47,826 - DEBUG -   [SL->EL] 失败! SL最优解1940.00不如EL最差解1938.00
2025-04-08 11:40:47,826 - DEBUG -   [EL->SL] 成功添加1个EL解到SL种群
2025-04-08 11:40:47,826 - DEBUG - Updated probability model at iteration 48
2025-04-08 11:40:47,826 - INFO - Iteration 49/100: Phase=hybrid learning, SL ratio=0.90, EL ratio=0.10
2025-04-08 11:40:48,335 - DEBUG -   [SL->EL] 失败! SL最优解1930.00不如EL最差解1882.00
2025-04-08 11:40:48,337 - DEBUG -   [EL->SL] 成功添加1个EL解到SL种群
2025-04-08 11:40:48,338 - DEBUG - Updated probability model at iteration 49
2025-04-08 11:40:48,338 - INFO - Iteration 50/100: Phase=hybrid learning, SL ratio=0.90, EL ratio=0.10
2025-04-08 11:40:48,847 - DEBUG -   [SL->EL] 成功! 用SL最优解1916.00替换EL最差解1968.00, 改进了52.00
2025-04-08 11:40:48,847 - DEBUG -   [EL->SL] 成功添加1个EL解到SL种群
2025-04-08 11:40:48,847 - DEBUG - Updated probability model at iteration 50
2025-04-08 11:40:48,847 - INFO - Iteration 51/100: Phase=hybrid learning, SL ratio=0.90, EL ratio=0.10
2025-04-08 11:40:49,351 - DEBUG -   [SL->EL] 成功! 用SL最优解1949.00替换EL最差解1968.00, 改进了19.00
2025-04-08 11:40:49,352 - DEBUG -   [EL->SL] 成功添加1个EL解到SL种群
2025-04-08 11:40:49,352 - DEBUG - Updated probability model at iteration 51
2025-04-08 11:40:49,352 - INFO - Iteration 52/100: Phase=hybrid learning, SL ratio=0.90, EL ratio=0.10
2025-04-08 11:40:49,857 - DEBUG -   [SL->EL] 失败! SL最优解1933.00不如EL最差解1876.00
2025-04-08 11:40:49,858 - DEBUG -   [EL->SL] 成功添加1个EL解到SL种群
2025-04-08 11:40:49,858 - DEBUG - Updated probability model at iteration 52
2025-04-08 11:40:49,859 - INFO - Iteration 53/100: Phase=hybrid learning, SL ratio=0.90, EL ratio=0.10
2025-04-08 11:40:50,370 - DEBUG -   [SL->EL] 失败! SL最优解1898.00不如EL最差解1890.00
2025-04-08 11:40:50,370 - DEBUG -   [EL->SL] 成功添加1个EL解到SL种群
2025-04-08 11:40:50,373 - DEBUG - Updated probability model at iteration 53
2025-04-08 11:40:50,373 - INFO - Iteration 54/100: Phase=hybrid learning, SL ratio=0.90, EL ratio=0.10
2025-04-08 11:40:50,868 - DEBUG -   [SL->EL] 成功! 用SL最优解1942.00替换EL最差解2009.00, 改进了67.00
2025-04-08 11:40:50,868 - DEBUG -   [EL->SL] 成功添加1个EL解到SL种群
2025-04-08 11:40:50,869 - DEBUG - Updated probability model at iteration 54
2025-04-08 11:40:50,869 - INFO - Iteration 55/100: Phase=hybrid learning, SL ratio=0.90, EL ratio=0.10
2025-04-08 11:40:51,382 - DEBUG -   [SL->EL] 失败! SL最优解1945.00不如EL最差解1941.00
2025-04-08 11:40:51,382 - DEBUG -   [EL->SL] 成功添加1个EL解到SL种群
2025-04-08 11:40:51,383 - DEBUG - Updated probability model at iteration 55
2025-04-08 11:40:51,383 - INFO - Iteration 56/100: Phase=hybrid learning, SL ratio=0.90, EL ratio=0.10
2025-04-08 11:40:51,904 - DEBUG -   [SL->EL] 失败! SL最优解1945.00不如EL最差解1920.00
2025-04-08 11:40:51,904 - DEBUG -   [EL->SL] 成功添加1个EL解到SL种群
2025-04-08 11:40:51,905 - DEBUG - Updated probability model at iteration 56
2025-04-08 11:40:51,905 - INFO - Iteration 57/100: Phase=hybrid learning, SL ratio=0.90, EL ratio=0.10
2025-04-08 11:40:52,405 - DEBUG -   [SL->EL] 失败! SL最优解1941.00不如EL最差解1941.00
2025-04-08 11:40:52,406 - DEBUG -   [EL->SL] 成功添加1个EL解到SL种群
2025-04-08 11:40:52,407 - DEBUG - Updated probability model at iteration 57
2025-04-08 11:40:52,407 - INFO - Iteration 58/100: Phase=hybrid learning, SL ratio=0.90, EL ratio=0.10
2025-04-08 11:40:52,917 - DEBUG -   [SL->EL] 成功! 用SL最优解1940.00替换EL最差解1942.00, 改进了2.00
2025-04-08 11:40:52,917 - DEBUG -   [EL->SL] 成功添加1个EL解到SL种群
2025-04-08 11:40:52,918 - DEBUG - Updated probability model at iteration 58
2025-04-08 11:40:52,918 - INFO - Iteration 59/100: Phase=hybrid learning, SL ratio=0.90, EL ratio=0.10
2025-04-08 11:40:53,426 - DEBUG -   [SL->EL] 成功! 用SL最优解1932.00替换EL最差解1953.00, 改进了21.00
2025-04-08 11:40:53,426 - DEBUG -   [EL->SL] 成功添加1个EL解到SL种群
2025-04-08 11:40:53,428 - DEBUG - Updated probability model at iteration 59
2025-04-08 11:40:53,428 - INFO - Iteration 60/100: Phase=hybrid learning, SL ratio=0.90, EL ratio=0.10
2025-04-08 11:40:53,941 - DEBUG -   [SL->EL] 成功! 用SL最优解1944.00替换EL最差解1960.00, 改进了16.00
2025-04-08 11:40:53,942 - DEBUG -   [EL->SL] 成功添加1个EL解到SL种群
2025-04-08 11:40:53,942 - DEBUG - Updated probability model at iteration 60
2025-04-08 11:40:53,942 - INFO - Iteration 61/100: Phase=hybrid learning, SL ratio=0.90, EL ratio=0.10
2025-04-08 11:40:54,429 - DEBUG -   [SL->EL] 成功! 用SL最优解1930.00替换EL最差解1996.00, 改进了66.00
2025-04-08 11:40:54,429 - DEBUG -   [EL->SL] 成功添加1个EL解到SL种群
2025-04-08 11:40:54,430 - DEBUG - Updated probability model at iteration 61
2025-04-08 11:40:54,430 - INFO - Iteration 62/100: Phase=hybrid learning, SL ratio=0.90, EL ratio=0.10
2025-04-08 11:40:54,931 - DEBUG -   [SL->EL] 失败! SL最优解1916.00不如EL最差解1858.00
2025-04-08 11:40:54,931 - DEBUG -   [EL->SL] 成功添加1个EL解到SL种群
2025-04-08 11:40:54,931 - DEBUG - Updated probability model at iteration 62
2025-04-08 11:40:54,931 - INFO - Iteration 63/100: Phase=hybrid learning, SL ratio=0.90, EL ratio=0.10
2025-04-08 11:40:55,418 - DEBUG -   [SL->EL] 失败! SL最优解1932.00不如EL最差解1846.00
2025-04-08 11:40:55,419 - DEBUG -   [EL->SL] 成功添加1个EL解到SL种群
2025-04-08 11:40:55,420 - DEBUG - Updated probability model at iteration 63
2025-04-08 11:40:55,420 - INFO - Iteration 64/100: Phase=hybrid learning, SL ratio=0.90, EL ratio=0.10
2025-04-08 11:40:55,925 - DEBUG -   [SL->EL] 成功! 用SL最优解1937.00替换EL最差解1981.00, 改进了44.00
2025-04-08 11:40:55,925 - DEBUG -   [EL->SL] 成功添加1个EL解到SL种群
2025-04-08 11:40:55,926 - DEBUG - Updated probability model at iteration 64
2025-04-08 11:40:55,926 - INFO - Iteration 65/100: Phase=hybrid learning, SL ratio=0.90, EL ratio=0.10
2025-04-08 11:40:56,430 - DEBUG -   [SL->EL] 成功! 用SL最优解1917.00替换EL最差解2004.00, 改进了87.00
2025-04-08 11:40:56,430 - DEBUG -   [EL->SL] 成功添加1个EL解到SL种群
2025-04-08 11:40:56,431 - DEBUG - Updated probability model at iteration 65
2025-04-08 11:40:56,431 - INFO - Iteration 66/100: Phase=hybrid learning, SL ratio=0.90, EL ratio=0.10
2025-04-08 11:40:56,931 - DEBUG -   [SL->EL] 成功! 用SL最优解1926.00替换EL最差解1991.00, 改进了65.00
2025-04-08 11:40:56,932 - DEBUG -   [EL->SL] 成功添加1个EL解到SL种群
2025-04-08 11:40:56,932 - DEBUG - Updated probability model at iteration 66
2025-04-08 11:40:56,932 - INFO - Iteration 67/100: Phase=hybrid learning, SL ratio=0.90, EL ratio=0.10
2025-04-08 11:40:57,437 - DEBUG -   [SL->EL] 失败! SL最优解1926.00不如EL最差解1926.00
2025-04-08 11:40:57,439 - DEBUG -   [EL->SL] 成功添加1个EL解到SL种群
2025-04-08 11:40:57,439 - DEBUG - Updated probability model at iteration 67
2025-04-08 11:40:57,439 - INFO - Iteration 68/100: Phase=hybrid learning, SL ratio=0.90, EL ratio=0.10
2025-04-08 11:40:57,941 - DEBUG -   [SL->EL] 成功! 用SL最优解1907.00替换EL最差解2008.00, 改进了101.00
2025-04-08 11:40:57,942 - DEBUG -   [EL->SL] 成功添加1个EL解到SL种群
2025-04-08 11:40:57,943 - DEBUG - Updated probability model at iteration 68
2025-04-08 11:40:57,943 - INFO - Iteration 69/100: Phase=hybrid learning, SL ratio=0.90, EL ratio=0.10
2025-04-08 11:40:58,441 - DEBUG -   [SL->EL] 成功! 用SL最优解1941.00替换EL最差解1942.00, 改进了1.00
2025-04-08 11:40:58,441 - DEBUG -   [EL->SL] 成功添加1个EL解到SL种群
2025-04-08 11:40:58,442 - DEBUG - Updated probability model at iteration 69
2025-04-08 11:40:58,442 - INFO - Iteration 70/100: Phase=hybrid learning, SL ratio=0.90, EL ratio=0.10
2025-04-08 11:40:58,949 - DEBUG -   [SL->EL] 失败! SL最优解1922.00不如EL最差解1870.00
2025-04-08 11:40:58,949 - DEBUG -   [EL->SL] 成功添加1个EL解到SL种群
2025-04-08 11:40:58,950 - DEBUG - Updated probability model at iteration 70
2025-04-08 11:40:58,950 - INFO - Iteration 71/100: Phase=hybrid learning, SL ratio=0.90, EL ratio=0.10
2025-04-08 11:40:59,457 - DEBUG -   [SL->EL] 成功! 用SL最优解1921.00替换EL最差解2023.00, 改进了102.00
2025-04-08 11:40:59,457 - DEBUG -   [EL->SL] 成功添加1个EL解到SL种群
2025-04-08 11:40:59,458 - DEBUG - Updated probability model at iteration 71
2025-04-08 11:40:59,458 - INFO - Iteration 72/100: Phase=hybrid learning, SL ratio=0.90, EL ratio=0.10
2025-04-08 11:40:59,964 - DEBUG -   [SL->EL] 成功! 用SL最优解1882.00替换EL最差解1970.00, 改进了88.00
2025-04-08 11:40:59,964 - DEBUG -   [EL->SL] 成功添加1个EL解到SL种群
2025-04-08 11:40:59,965 - DEBUG - Updated probability model at iteration 72
2025-04-08 11:40:59,965 - INFO - Iteration 73/100: Phase=hybrid learning, SL ratio=0.90, EL ratio=0.10
2025-04-08 11:41:00,460 - DEBUG -   [SL->EL] 失败! SL最优解1901.00不如EL最差解1901.00
2025-04-08 11:41:00,460 - DEBUG -   [EL->SL] 成功添加1个EL解到SL种群
2025-04-08 11:41:00,461 - DEBUG - Updated probability model at iteration 73
2025-04-08 11:41:00,461 - INFO - Iteration 74/100: Phase=hybrid learning, SL ratio=0.90, EL ratio=0.10
2025-04-08 11:41:00,966 - DEBUG -   [SL->EL] 成功! 用SL最优解1908.00替换EL最差解2000.00, 改进了92.00
2025-04-08 11:41:00,966 - DEBUG -   [EL->SL] 成功添加1个EL解到SL种群
2025-04-08 11:41:00,966 - DEBUG - Updated probability model at iteration 74
2025-04-08 11:41:00,966 - INFO - Iteration 75/100: Phase=hybrid learning, SL ratio=0.90, EL ratio=0.10
2025-04-08 11:41:01,459 - DEBUG -   [SL->EL] 失败! SL最优解1946.00不如EL最差解1892.00
2025-04-08 11:41:01,460 - DEBUG -   [EL->SL] 成功添加1个EL解到SL种群
2025-04-08 11:41:01,460 - DEBUG - Updated probability model at iteration 75
2025-04-08 11:41:01,460 - INFO - Iteration 76/100: Phase=hybrid learning, SL ratio=0.90, EL ratio=0.10
2025-04-08 11:41:01,950 - DEBUG -   [SL->EL] 失败! SL最优解1950.00不如EL最差解1936.00
2025-04-08 11:41:01,950 - DEBUG -   [EL->SL] 成功添加1个EL解到SL种群
2025-04-08 11:41:01,951 - DEBUG - Updated probability model at iteration 76
2025-04-08 11:41:01,951 - INFO - Iteration 77/100: Phase=hybrid learning, SL ratio=0.90, EL ratio=0.10
2025-04-08 11:41:02,449 - DEBUG -   [SL->EL] 失败! SL最优解1927.00不如EL最差解1913.00
2025-04-08 11:41:02,449 - DEBUG -   [EL->SL] 成功添加1个EL解到SL种群
2025-04-08 11:41:02,450 - DEBUG - Updated probability model at iteration 77
2025-04-08 11:41:02,450 - INFO - Iteration 78/100: Phase=hybrid learning, SL ratio=0.90, EL ratio=0.10
2025-04-08 11:41:02,960 - DEBUG -   [SL->EL] 成功! 用SL最优解1909.00替换EL最差解1940.00, 改进了31.00
2025-04-08 11:41:02,960 - DEBUG -   [EL->SL] 成功添加1个EL解到SL种群
2025-04-08 11:41:02,961 - DEBUG - Updated probability model at iteration 78
2025-04-08 11:41:02,961 - INFO - Iteration 79/100: Phase=hybrid learning, SL ratio=0.90, EL ratio=0.10
2025-04-08 11:41:03,454 - DEBUG -   [SL->EL] 成功! 用SL最优解1960.00替换EL最差解2030.00, 改进了70.00
2025-04-08 11:41:03,454 - DEBUG -   [EL->SL] 成功添加1个EL解到SL种群
2025-04-08 11:41:03,455 - DEBUG - Updated probability model at iteration 79
2025-04-08 11:41:03,455 - INFO - Iteration 80/100: Phase=hybrid learning, SL ratio=0.90, EL ratio=0.10
2025-04-08 11:41:03,946 - DEBUG -   [SL->EL] 成功! 用SL最优解1859.00替换EL最差解1916.00, 改进了57.00
2025-04-08 11:41:03,946 - DEBUG -   [EL->SL] 成功添加1个EL解到SL种群
2025-04-08 11:41:03,947 - DEBUG - Updated probability model at iteration 80
2025-04-08 11:41:03,947 - INFO - Iteration 81/100: Phase=hybrid learning, SL ratio=0.90, EL ratio=0.10
2025-04-08 11:41:04,453 - DEBUG -   [SL->EL] 失败! SL最优解1946.00不如EL最差解1838.00
2025-04-08 11:41:04,453 - DEBUG -   [EL->SL] 成功添加1个EL解到SL种群
2025-04-08 11:41:04,454 - DEBUG - Updated probability model at iteration 81
2025-04-08 11:41:04,454 - INFO - Iteration 82/100: Phase=hybrid learning, SL ratio=0.90, EL ratio=0.10
2025-04-08 11:41:04,945 - DEBUG -   [SL->EL] 成功! 用SL最优解1929.00替换EL最差解1934.00, 改进了5.00
2025-04-08 11:41:04,945 - DEBUG -   [EL->SL] 成功添加1个EL解到SL种群
2025-04-08 11:41:04,946 - DEBUG - Updated probability model at iteration 82
2025-04-08 11:41:04,946 - INFO - Iteration 83/100: Phase=hybrid learning, SL ratio=0.90, EL ratio=0.10
2025-04-08 11:41:05,445 - DEBUG -   [SL->EL] 失败! SL最优解1942.00不如EL最差解1860.00
2025-04-08 11:41:05,445 - DEBUG -   [EL->SL] 成功添加1个EL解到SL种群
2025-04-08 11:41:05,445 - DEBUG - Updated probability model at iteration 83
2025-04-08 11:41:05,445 - INFO - Iteration 84/100: Phase=hybrid learning, SL ratio=0.90, EL ratio=0.10
2025-04-08 11:41:05,953 - DEBUG -   [SL->EL] 失败! SL最优解1939.00不如EL最差解1838.00
2025-04-08 11:41:05,953 - DEBUG -   [EL->SL] 成功添加1个EL解到SL种群
2025-04-08 11:41:05,954 - DEBUG - Updated probability model at iteration 84
2025-04-08 11:41:05,954 - INFO - Iteration 85/100: Phase=hybrid learning, SL ratio=0.90, EL ratio=0.10
2025-04-08 11:41:06,443 - DEBUG -   [SL->EL] 成功! 用SL最优解1911.00替换EL最差解1934.00, 改进了23.00
2025-04-08 11:41:06,443 - DEBUG -   [EL->SL] 成功添加1个EL解到SL种群
2025-04-08 11:41:06,444 - DEBUG - Updated probability model at iteration 85
2025-04-08 11:41:06,444 - INFO - Iteration 86/100: Phase=hybrid learning, SL ratio=0.90, EL ratio=0.10
2025-04-08 11:41:06,956 - DEBUG -   [SL->EL] 失败! SL最优解1917.00不如EL最差解1912.00
2025-04-08 11:41:06,956 - DEBUG -   [EL->SL] 成功添加1个EL解到SL种群
2025-04-08 11:41:06,957 - DEBUG - Updated probability model at iteration 86
2025-04-08 11:41:06,957 - INFO - Iteration 87/100: Phase=hybrid learning, SL ratio=0.90, EL ratio=0.10
2025-04-08 11:41:07,453 - INFO - In generation 87，New best makespan: 1828.00, source: el
2025-04-08 11:41:07,454 - DEBUG -   [SL->EL] 失败! SL最优解1943.00不如EL最差解1918.00
2025-04-08 11:41:07,454 - DEBUG -   [EL->SL] 成功添加1个EL解到SL种群
2025-04-08 11:41:07,455 - DEBUG - Updated probability model at iteration 87
2025-04-08 11:41:07,455 - INFO - Iteration 88/100: Phase=hybrid learning, SL ratio=0.90, EL ratio=0.10
2025-04-08 11:41:07,957 - DEBUG -   [SL->EL] 成功! 用SL最优解1928.00替换EL最差解1938.00, 改进了10.00
2025-04-08 11:41:07,957 - DEBUG -   [EL->SL] 成功添加1个EL解到SL种群
2025-04-08 11:41:07,958 - DEBUG - Updated probability model at iteration 88
2025-04-08 11:41:07,958 - INFO - Iteration 89/100: Phase=hybrid learning, SL ratio=0.90, EL ratio=0.10
2025-04-08 11:41:08,445 - INFO - In generation 89，New best makespan: 1827.00, source: el
2025-04-08 11:41:08,447 - DEBUG -   [SL->EL] 成功! 用SL最优解1918.00替换EL最差解1955.00, 改进了37.00
2025-04-08 11:41:08,447 - DEBUG -   [EL->SL] 成功添加1个EL解到SL种群
2025-04-08 11:41:08,447 - DEBUG - Updated probability model at iteration 89
2025-04-08 11:41:08,447 - INFO - Iteration 90/100: Phase=hybrid learning, SL ratio=0.90, EL ratio=0.10
2025-04-08 11:41:08,945 - DEBUG -   [SL->EL] 成功! 用SL最优解1920.00替换EL最差解1962.00, 改进了42.00
2025-04-08 11:41:08,945 - DEBUG -   [EL->SL] 成功添加1个EL解到SL种群
2025-04-08 11:41:08,947 - DEBUG - Updated probability model at iteration 90
2025-04-08 11:41:08,947 - INFO - Iteration 91/100: Phase=hybrid learning, SL ratio=0.90, EL ratio=0.10
2025-04-08 11:41:09,448 - DEBUG -   [SL->EL] 失败! SL最优解1947.00不如EL最差解1935.00
2025-04-08 11:41:09,449 - DEBUG -   [EL->SL] 成功添加1个EL解到SL种群
2025-04-08 11:41:09,450 - DEBUG - Updated probability model at iteration 91
2025-04-08 11:41:09,450 - INFO - EL has been consistently better for 5 iterations, adjusting ratios: SL=0.80, EL=0.20
2025-04-08 11:41:09,450 - INFO - Iteration 92/100: Phase=hybrid learning, SL ratio=0.80, EL ratio=0.20
2025-04-08 11:41:10,001 - DEBUG -   [SL->EL] 成功! 用SL最优解1922.00替换EL最差解1937.00, 改进了15.00
2025-04-08 11:41:10,002 - DEBUG -   [EL->SL] 成功添加2个EL解到SL种群
2025-04-08 11:41:10,003 - DEBUG - Updated probability model at iteration 92
2025-04-08 11:41:10,003 - INFO - Iteration 93/100: Phase=hybrid learning, SL ratio=0.80, EL ratio=0.20
2025-04-08 11:41:10,549 - INFO - In generation 93，New best makespan: 1823.00, source: el
2025-04-08 11:41:10,549 - DEBUG -   [SL->EL] 成功! 用SL最优解1903.00替换EL最差解1918.00, 改进了15.00
2025-04-08 11:41:10,549 - DEBUG -   [EL->SL] 成功添加2个EL解到SL种群
2025-04-08 11:41:10,550 - DEBUG - Updated probability model at iteration 93
2025-04-08 11:41:10,550 - INFO - Iteration 94/100: Phase=hybrid learning, SL ratio=0.80, EL ratio=0.20
2025-04-08 11:41:11,108 - DEBUG -   [SL->EL] 成功! 用SL最优解1939.00替换EL最差解1975.00, 改进了36.00
2025-04-08 11:41:11,109 - DEBUG -   [EL->SL] 成功添加2个EL解到SL种群
2025-04-08 11:41:11,109 - DEBUG - Updated probability model at iteration 94
2025-04-08 11:41:11,109 - INFO - Iteration 95/100: Phase=hybrid learning, SL ratio=0.80, EL ratio=0.20
2025-04-08 11:41:11,653 - DEBUG -   [SL->EL] 成功! 用SL最优解1922.00替换EL最差解2093.00, 改进了171.00
2025-04-08 11:41:11,653 - DEBUG -   [EL->SL] 成功添加2个EL解到SL种群
2025-04-08 11:41:11,654 - DEBUG - Updated probability model at iteration 95
2025-04-08 11:41:11,654 - INFO - Iteration 96/100: Phase=hybrid learning, SL ratio=0.80, EL ratio=0.20
2025-04-08 11:41:12,204 - INFO - In generation 96，New best makespan: 1822.00, source: el
2025-04-08 11:41:12,205 - DEBUG -   [SL->EL] 成功! 用SL最优解1920.00替换EL最差解2026.00, 改进了106.00
2025-04-08 11:41:12,205 - DEBUG -   [EL->SL] 成功添加2个EL解到SL种群
2025-04-08 11:41:12,206 - DEBUG - Updated probability model at iteration 96
2025-04-08 11:41:12,206 - INFO - EL has been consistently better for 5 iterations, adjusting ratios: SL=0.70, EL=0.30
2025-04-08 11:41:12,206 - INFO - Iteration 97/100: Phase=hybrid learning, SL ratio=0.70, EL ratio=0.30
2025-04-08 11:41:12,793 - INFO - In generation 97，New best makespan: 1819.00, source: el
2025-04-08 11:41:12,793 - DEBUG -   [SL->EL] 成功! 用SL最优解1938.00替换EL最差解1971.00, 改进了33.00
2025-04-08 11:41:12,793 - DEBUG -   [EL->SL] 成功添加3个EL解到SL种群
2025-04-08 11:41:12,794 - DEBUG - Updated probability model at iteration 97
2025-04-08 11:41:12,794 - INFO - Iteration 98/100: Phase=hybrid learning, SL ratio=0.70, EL ratio=0.30
2025-04-08 11:41:13,390 - DEBUG -   [SL->EL] 成功! 用SL最优解1935.00替换EL最差解2002.00, 改进了67.00
2025-04-08 11:41:13,390 - DEBUG -   [EL->SL] 成功添加3个EL解到SL种群
2025-04-08 11:41:13,391 - DEBUG - Updated probability model at iteration 98
2025-04-08 11:41:13,391 - INFO - Iteration 99/100: Phase=hybrid learning, SL ratio=0.70, EL ratio=0.30
2025-04-08 11:41:13,993 - INFO - In generation 99，New best makespan: 1818.00, source: el
2025-04-08 11:41:13,993 - DEBUG -   [SL->EL] 成功! 用SL最优解1894.00替换EL最差解1982.00, 改进了88.00
2025-04-08 11:41:13,993 - DEBUG -   [EL->SL] 成功添加3个EL解到SL种群
2025-04-08 11:41:13,994 - DEBUG - Updated probability model at iteration 99
2025-04-08 11:41:13,994 - INFO - Iteration 100/100: Phase=hybrid learning, SL ratio=0.70, EL ratio=0.30
2025-04-08 11:41:14,612 - INFO - In generation 100，New best makespan: 1817.00, source: el
2025-04-08 11:41:14,612 - DEBUG -   [SL->EL] 成功! 用SL最优解1929.00替换EL最差解2012.00, 改进了83.00
2025-04-08 11:41:14,612 - DEBUG -   [EL->SL] 成功添加3个EL解到SL种群
2025-04-08 11:41:14,614 - DEBUG - Updated probability model at iteration 100
2025-04-08 11:41:14,623 - INFO - ==================================================
2025-04-08 11:41:14,623 - INFO - Results saved to: hl_output
2025-04-08 11:41:14,881 - INFO - Convergence curve saved to: hl_output/hl_convergence.png
2025-04-08 11:41:14,881 - INFO - Best solution found with makespan: 1817.00s at generation 100
2025-04-08 11:41:14,883 - INFO - Starting optimization, total iterations: 100
2025-04-08 11:41:14,883 - INFO - Minimum iterations for pure SL: 20.0
2025-04-08 11:41:14,883 - INFO - Stagnation detection window size: 20
2025-04-08 11:41:14,883 - INFO - Stagnation threshold: 0.01
2025-04-08 11:41:14,883 - INFO - Force switch iterations: 50.0
2025-04-08 11:41:14,884 - INFO - Iteration 1/100: Phase=statistical learning, SL ratio=1.00, EL ratio=0.00
2025-04-08 11:41:15,329 - DEBUG - Initialized probability model
2025-04-08 11:41:15,335 - INFO - In generation 1，New best makespan: 1922.00, source: sl
2025-04-08 11:41:15,335 - INFO - Iteration 2/100: Phase=statistical learning, SL ratio=1.00, EL ratio=0.00
2025-04-08 11:41:15,797 - DEBUG - Updated probability model at iteration 2
2025-04-08 11:41:15,797 - INFO - Iteration 3/100: Phase=statistical learning, SL ratio=1.00, EL ratio=0.00
2025-04-08 11:41:16,252 - DEBUG - Updated probability model at iteration 3
2025-04-08 11:41:16,252 - INFO - Iteration 4/100: Phase=statistical learning, SL ratio=1.00, EL ratio=0.00
2025-04-08 11:41:16,707 - DEBUG - Updated probability model at iteration 4
2025-04-08 11:41:16,708 - INFO - Iteration 5/100: Phase=statistical learning, SL ratio=1.00, EL ratio=0.00
2025-04-08 11:41:17,163 - DEBUG - Updated probability model at iteration 5
2025-04-08 11:41:17,163 - INFO - Iteration 6/100: Phase=statistical learning, SL ratio=1.00, EL ratio=0.00
2025-04-08 11:41:17,614 - DEBUG - Updated probability model at iteration 6
2025-04-08 11:41:17,614 - INFO - Iteration 7/100: Phase=statistical learning, SL ratio=1.00, EL ratio=0.00
2025-04-08 11:41:18,073 - DEBUG - Updated probability model at iteration 7
2025-04-08 11:41:18,073 - INFO - Iteration 8/100: Phase=statistical learning, SL ratio=1.00, EL ratio=0.00
2025-04-08 11:41:18,524 - DEBUG - Updated probability model at iteration 8
2025-04-08 11:41:18,524 - INFO - Iteration 9/100: Phase=statistical learning, SL ratio=1.00, EL ratio=0.00
2025-04-08 11:41:18,983 - DEBUG - Updated probability model at iteration 9
2025-04-08 11:41:18,983 - INFO - Iteration 10/100: Phase=statistical learning, SL ratio=1.00, EL ratio=0.00
2025-04-08 11:41:19,436 - DEBUG - Updated probability model at iteration 10
2025-04-08 11:41:19,436 - INFO - Iteration 11/100: Phase=statistical learning, SL ratio=1.00, EL ratio=0.00
2025-04-08 11:41:19,905 - DEBUG - Updated probability model at iteration 11
2025-04-08 11:41:19,910 - INFO - In generation 11，New best makespan: 1902.00, source: sl
2025-04-08 11:41:19,910 - INFO - Iteration 12/100: Phase=statistical learning, SL ratio=1.00, EL ratio=0.00
2025-04-08 11:41:20,363 - DEBUG - Updated probability model at iteration 12
2025-04-08 11:41:20,363 - INFO - Iteration 13/100: Phase=statistical learning, SL ratio=1.00, EL ratio=0.00
2025-04-08 11:41:20,823 - DEBUG - Updated probability model at iteration 13
2025-04-08 11:41:20,823 - INFO - Iteration 14/100: Phase=statistical learning, SL ratio=1.00, EL ratio=0.00
2025-04-08 11:41:21,270 - DEBUG - Updated probability model at iteration 14
2025-04-08 11:41:21,270 - INFO - Iteration 15/100: Phase=statistical learning, SL ratio=1.00, EL ratio=0.00
2025-04-08 11:41:21,721 - DEBUG - Updated probability model at iteration 15
2025-04-08 11:41:21,721 - INFO - Iteration 16/100: Phase=statistical learning, SL ratio=1.00, EL ratio=0.00
2025-04-08 11:41:22,175 - DEBUG - Updated probability model at iteration 16
2025-04-08 11:41:22,175 - INFO - Iteration 17/100: Phase=statistical learning, SL ratio=1.00, EL ratio=0.00
2025-04-08 11:41:22,633 - DEBUG - Updated probability model at iteration 17
2025-04-08 11:41:22,633 - INFO - Iteration 18/100: Phase=statistical learning, SL ratio=1.00, EL ratio=0.00
2025-04-08 11:41:23,089 - DEBUG - Updated probability model at iteration 18
2025-04-08 11:41:23,089 - INFO - Iteration 19/100: Phase=statistical learning, SL ratio=1.00, EL ratio=0.00
2025-04-08 11:41:23,547 - DEBUG - Updated probability model at iteration 19
2025-04-08 11:41:23,547 - INFO - Iteration 20/100: Phase=statistical learning, SL ratio=1.00, EL ratio=0.00
2025-04-08 11:41:24,002 - DEBUG - Updated probability model at iteration 20
2025-04-08 11:41:24,002 - INFO - Iteration 21/100: Phase=statistical learning, SL ratio=1.00, EL ratio=0.00
2025-04-08 11:41:24,454 - DEBUG - Updated probability model at iteration 21
2025-04-08 11:41:24,454 - INFO - Iteration 22/100: Phase=statistical learning, SL ratio=1.00, EL ratio=0.00
2025-04-08 11:41:24,906 - DEBUG - Updated probability model at iteration 22
2025-04-08 11:41:24,906 - INFO - Iteration 23/100: Phase=statistical learning, SL ratio=1.00, EL ratio=0.00
2025-04-08 11:41:25,359 - DEBUG - Updated probability model at iteration 23
2025-04-08 11:41:25,359 - INFO - Iteration 24/100: Phase=statistical learning, SL ratio=1.00, EL ratio=0.00
2025-04-08 11:41:25,816 - DEBUG - Updated probability model at iteration 24
2025-04-08 11:41:25,816 - INFO - Iteration 25/100: Phase=statistical learning, SL ratio=1.00, EL ratio=0.00
2025-04-08 11:41:26,262 - DEBUG - Updated probability model at iteration 25
2025-04-08 11:41:26,262 - INFO - Iteration 26/100: Phase=statistical learning, SL ratio=1.00, EL ratio=0.00
2025-04-08 11:41:26,715 - DEBUG - Updated probability model at iteration 26
2025-04-08 11:41:26,715 - INFO - Iteration 27/100: Phase=statistical learning, SL ratio=1.00, EL ratio=0.00
2025-04-08 11:41:27,175 - DEBUG - Updated probability model at iteration 27
2025-04-08 11:41:27,175 - INFO - Iteration 28/100: Phase=statistical learning, SL ratio=1.00, EL ratio=0.00
2025-04-08 11:41:27,631 - DEBUG - Updated probability model at iteration 28
2025-04-08 11:41:27,631 - INFO - Iteration 29/100: Phase=statistical learning, SL ratio=1.00, EL ratio=0.00
2025-04-08 11:41:28,086 - DEBUG - Updated probability model at iteration 29
2025-04-08 11:41:28,087 - INFO - Iteration 30/100: Phase=statistical learning, SL ratio=1.00, EL ratio=0.00
2025-04-08 11:41:28,537 - DEBUG - Updated probability model at iteration 30
2025-04-08 11:41:28,537 - INFO - 
SL is stagnating, switching to hybrid phase...
2025-04-08 11:41:28,537 - INFO - Iteration 31/100: Phase=hybrid learning, SL ratio=0.90, EL ratio=0.10
2025-04-08 11:41:29,048 - DEBUG -   [SL->EL] 成功! 用SL最优解1948.00替换EL最差解2003.00, 改进了55.00
2025-04-08 11:41:29,048 - DEBUG -   [EL->SL] 成功添加1个EL解到SL种群
2025-04-08 11:41:29,049 - DEBUG - Updated probability model at iteration 31
2025-04-08 11:41:29,049 - INFO - Iteration 32/100: Phase=hybrid learning, SL ratio=0.90, EL ratio=0.10
2025-04-08 11:41:29,556 - DEBUG -   [SL->EL] 成功! 用SL最优解1921.00替换EL最差解2001.00, 改进了80.00
2025-04-08 11:41:29,556 - DEBUG -   [EL->SL] 成功添加1个EL解到SL种群
2025-04-08 11:41:29,557 - DEBUG - Updated probability model at iteration 32
2025-04-08 11:41:29,557 - INFO - Iteration 33/100: Phase=hybrid learning, SL ratio=0.90, EL ratio=0.10
2025-04-08 11:41:30,064 - DEBUG -   [SL->EL] 成功! 用SL最优解1924.00替换EL最差解2041.00, 改进了117.00
2025-04-08 11:41:30,064 - DEBUG -   [EL->SL] 成功添加1个EL解到SL种群
2025-04-08 11:41:30,066 - DEBUG - Updated probability model at iteration 33
2025-04-08 11:41:30,066 - INFO - Iteration 34/100: Phase=hybrid learning, SL ratio=0.90, EL ratio=0.10
2025-04-08 11:41:30,573 - INFO - In generation 34，New best makespan: 1900.00, source: el
2025-04-08 11:41:30,574 - DEBUG -   [SL->EL] 失败! SL最优解1954.00不如EL最差解1933.00
2025-04-08 11:41:30,574 - DEBUG -   [EL->SL] 成功添加1个EL解到SL种群
2025-04-08 11:41:30,575 - DEBUG - Updated probability model at iteration 34
2025-04-08 11:41:30,575 - INFO - Iteration 35/100: Phase=hybrid learning, SL ratio=0.90, EL ratio=0.10
2025-04-08 11:41:31,078 - DEBUG -   [SL->EL] 成功! 用SL最优解1925.00替换EL最差解2037.00, 改进了112.00
2025-04-08 11:41:31,078 - DEBUG -   [EL->SL] 成功添加1个EL解到SL种群
2025-04-08 11:41:31,079 - DEBUG - Updated probability model at iteration 35
2025-04-08 11:41:31,079 - INFO - Iteration 36/100: Phase=hybrid learning, SL ratio=0.90, EL ratio=0.10
2025-04-08 11:41:31,582 - INFO - In generation 36，New best makespan: 1896.00, source: el
2025-04-08 11:41:31,583 - DEBUG -   [SL->EL] 成功! 用SL最优解1919.00替换EL最差解2075.00, 改进了156.00
2025-04-08 11:41:31,583 - DEBUG -   [EL->SL] 成功添加1个EL解到SL种群
2025-04-08 11:41:31,584 - DEBUG - Updated probability model at iteration 36
2025-04-08 11:41:31,584 - INFO - Iteration 37/100: Phase=hybrid learning, SL ratio=0.90, EL ratio=0.10
2025-04-08 11:41:32,084 - DEBUG -   [SL->EL] 成功! 用SL最优解1958.00替换EL最差解2030.00, 改进了72.00
2025-04-08 11:41:32,084 - DEBUG -   [EL->SL] 成功添加1个EL解到SL种群
2025-04-08 11:41:32,085 - DEBUG - Updated probability model at iteration 37
2025-04-08 11:41:32,085 - INFO - Iteration 38/100: Phase=hybrid learning, SL ratio=0.90, EL ratio=0.10
2025-04-08 11:41:32,592 - DEBUG -   [SL->EL] 失败! SL最优解1955.00不如EL最差解1900.00
2025-04-08 11:41:32,592 - DEBUG -   [EL->SL] 成功添加1个EL解到SL种群
2025-04-08 11:41:32,593 - DEBUG - Updated probability model at iteration 38
2025-04-08 11:41:32,593 - INFO - EL has been consistently better for 5 iterations, adjusting ratios: SL=0.80, EL=0.20
2025-04-08 11:41:32,593 - INFO - Iteration 39/100: Phase=hybrid learning, SL ratio=0.80, EL ratio=0.20
2025-04-08 11:41:33,141 - DEBUG -   [SL->EL] 成功! 用SL最优解1949.00替换EL最差解2000.00, 改进了51.00
2025-04-08 11:41:33,142 - DEBUG -   [EL->SL] 成功添加2个EL解到SL种群
2025-04-08 11:41:33,143 - DEBUG - Updated probability model at iteration 39
2025-04-08 11:41:33,143 - INFO - Iteration 40/100: Phase=hybrid learning, SL ratio=0.80, EL ratio=0.20
2025-04-08 11:41:33,694 - DEBUG -   [SL->EL] 失败! SL最优解1960.00不如EL最差解1946.00
2025-04-08 11:41:33,694 - DEBUG -   [EL->SL] 成功添加2个EL解到SL种群
2025-04-08 11:41:33,695 - DEBUG - Updated probability model at iteration 40
2025-04-08 11:41:33,695 - INFO - Iteration 41/100: Phase=hybrid learning, SL ratio=0.80, EL ratio=0.20
2025-04-08 11:41:34,252 - DEBUG -   [SL->EL] 成功! 用SL最优解1910.00替换EL最差解2032.00, 改进了122.00
2025-04-08 11:41:34,252 - DEBUG -   [EL->SL] 成功添加2个EL解到SL种群
2025-04-08 11:41:34,254 - DEBUG - Updated probability model at iteration 41
2025-04-08 11:41:34,254 - INFO - Iteration 42/100: Phase=hybrid learning, SL ratio=0.80, EL ratio=0.20
2025-04-08 11:41:34,800 - DEBUG -   [SL->EL] 成功! 用SL最优解1923.00替换EL最差解2044.00, 改进了121.00
2025-04-08 11:41:34,800 - DEBUG -   [EL->SL] 成功添加2个EL解到SL种群
2025-04-08 11:41:34,801 - DEBUG - Updated probability model at iteration 42
2025-04-08 11:41:34,801 - INFO - Iteration 43/100: Phase=hybrid learning, SL ratio=0.80, EL ratio=0.20
2025-04-08 11:41:35,352 - DEBUG -   [SL->EL] 成功! 用SL最优解1933.00替换EL最差解2053.00, 改进了120.00
2025-04-08 11:41:35,352 - DEBUG -   [EL->SL] 成功添加2个EL解到SL种群
2025-04-08 11:41:35,353 - DEBUG - Updated probability model at iteration 43
2025-04-08 11:41:35,353 - INFO - EL has been consistently better for 5 iterations, adjusting ratios: SL=0.70, EL=0.30
2025-04-08 11:41:35,353 - INFO - Iteration 44/100: Phase=hybrid learning, SL ratio=0.70, EL ratio=0.30
2025-04-08 11:41:35,968 - DEBUG -   [SL->EL] 成功! 用SL最优解1943.00替换EL最差解1988.00, 改进了45.00
2025-04-08 11:41:35,968 - DEBUG -   [EL->SL] 成功添加3个EL解到SL种群
2025-04-08 11:41:35,970 - DEBUG - Updated probability model at iteration 44
2025-04-08 11:41:35,970 - INFO - Iteration 45/100: Phase=hybrid learning, SL ratio=0.70, EL ratio=0.30
2025-04-08 11:41:36,593 - INFO - In generation 45，New best makespan: 1886.00, source: el
2025-04-08 11:41:36,593 - DEBUG -   [SL->EL] 成功! 用SL最优解1952.00替换EL最差解2040.00, 改进了88.00
2025-04-08 11:41:36,594 - DEBUG -   [EL->SL] 成功添加3个EL解到SL种群
2025-04-08 11:41:36,595 - DEBUG - Updated probability model at iteration 45
2025-04-08 11:41:36,595 - INFO - Iteration 46/100: Phase=hybrid learning, SL ratio=0.70, EL ratio=0.30
2025-04-08 11:41:37,200 - DEBUG -   [SL->EL] 成功! 用SL最优解1907.00替换EL最差解2000.00, 改进了93.00
2025-04-08 11:41:37,200 - DEBUG -   [EL->SL] 成功添加3个EL解到SL种群
2025-04-08 11:41:37,202 - DEBUG - Updated probability model at iteration 46
2025-04-08 11:41:37,202 - INFO - Iteration 47/100: Phase=hybrid learning, SL ratio=0.70, EL ratio=0.30
2025-04-08 11:41:37,783 - DEBUG -   [SL->EL] 成功! 用SL最优解1948.00替换EL最差解2091.00, 改进了143.00
2025-04-08 11:41:37,783 - DEBUG -   [EL->SL] 成功添加3个EL解到SL种群
2025-04-08 11:41:37,784 - DEBUG - Updated probability model at iteration 47
2025-04-08 11:41:37,784 - INFO - Iteration 48/100: Phase=hybrid learning, SL ratio=0.70, EL ratio=0.30
2025-04-08 11:41:38,115 - INFO - In generation 48，New best makespan: 1880.00, source: sl
2025-04-08 11:41:38,377 - DEBUG -   [SL->EL] 成功! 用SL最优解1880.00替换EL最差解2003.00, 改进了123.00
2025-04-08 11:41:38,378 - DEBUG -   [EL->SL] 成功添加3个EL解到SL种群
2025-04-08 11:41:38,379 - DEBUG - Updated probability model at iteration 48
2025-04-08 11:41:38,379 - INFO - EL has been consistently better for 5 iterations, adjusting ratios: SL=0.60, EL=0.40
2025-04-08 11:41:38,379 - INFO - Iteration 49/100: Phase=hybrid learning, SL ratio=0.60, EL ratio=0.40
2025-04-08 11:41:39,033 - DEBUG -   [SL->EL] 成功! 用SL最优解1906.00替换EL最差解2019.00, 改进了113.00
2025-04-08 11:41:39,033 - DEBUG -   [EL->SL] 成功添加4个EL解到SL种群
2025-04-08 11:41:39,035 - DEBUG - Updated probability model at iteration 49
2025-04-08 11:41:39,035 - INFO - Iteration 50/100: Phase=hybrid learning, SL ratio=0.60, EL ratio=0.40
2025-04-08 11:41:39,666 - DEBUG -   [SL->EL] 成功! 用SL最优解1940.00替换EL最差解2034.00, 改进了94.00
2025-04-08 11:41:39,667 - DEBUG -   [EL->SL] 成功添加4个EL解到SL种群
2025-04-08 11:41:39,667 - DEBUG - Updated probability model at iteration 50
2025-04-08 11:41:39,667 - INFO - Iteration 51/100: Phase=hybrid learning, SL ratio=0.60, EL ratio=0.40
2025-04-08 11:41:40,304 - DEBUG -   [SL->EL] 成功! 用SL最优解1906.00替换EL最差解2006.00, 改进了100.00
2025-04-08 11:41:40,305 - DEBUG -   [EL->SL] 成功添加4个EL解到SL种群
2025-04-08 11:41:40,306 - DEBUG - Updated probability model at iteration 51
2025-04-08 11:41:40,306 - INFO - Iteration 52/100: Phase=hybrid learning, SL ratio=0.60, EL ratio=0.40
2025-04-08 11:41:40,945 - DEBUG -   [SL->EL] 成功! 用SL最优解1913.00替换EL最差解2010.00, 改进了97.00
2025-04-08 11:41:40,947 - DEBUG -   [EL->SL] 成功添加4个EL解到SL种群
2025-04-08 11:41:40,948 - DEBUG - Updated probability model at iteration 52
2025-04-08 11:41:40,948 - INFO - Iteration 53/100: Phase=hybrid learning, SL ratio=0.60, EL ratio=0.40
2025-04-08 11:41:41,592 - INFO - In generation 53，New best makespan: 1858.00, source: el
2025-04-08 11:41:41,593 - DEBUG -   [SL->EL] 成功! 用SL最优解1948.00替换EL最差解1992.00, 改进了44.00
2025-04-08 11:41:41,593 - DEBUG -   [EL->SL] 成功添加4个EL解到SL种群
2025-04-08 11:41:41,594 - DEBUG - Updated probability model at iteration 53
2025-04-08 11:41:41,594 - INFO - EL has been consistently better for 5 iterations, adjusting ratios: SL=0.50, EL=0.50
2025-04-08 11:41:41,594 - INFO - Iteration 54/100: Phase=hybrid learning, SL ratio=0.50, EL ratio=0.50
2025-04-08 11:41:42,273 - DEBUG -   [SL->EL] 成功! 用SL最优解1917.00替换EL最差解2056.00, 改进了139.00
2025-04-08 11:41:42,274 - DEBUG -   [EL->SL] 成功添加5个EL解到SL种群
2025-04-08 11:41:42,274 - DEBUG - Updated probability model at iteration 54
2025-04-08 11:41:42,274 - INFO - Iteration 55/100: Phase=hybrid learning, SL ratio=0.50, EL ratio=0.50
2025-04-08 11:41:42,962 - DEBUG -   [SL->EL] 成功! 用SL最优解1973.00替换EL最差解2052.00, 改进了79.00
2025-04-08 11:41:42,962 - DEBUG -   [EL->SL] 成功添加5个EL解到SL种群
2025-04-08 11:41:42,964 - DEBUG - Updated probability model at iteration 55
2025-04-08 11:41:42,964 - INFO - Iteration 56/100: Phase=hybrid learning, SL ratio=0.50, EL ratio=0.50
2025-04-08 11:41:43,645 - INFO - In generation 56，New best makespan: 1851.00, source: el
2025-04-08 11:41:43,645 - DEBUG -   [SL->EL] 成功! 用SL最优解1867.00替换EL最差解2053.00, 改进了186.00
2025-04-08 11:41:43,646 - DEBUG -   [EL->SL] 成功添加5个EL解到SL种群
2025-04-08 11:41:43,646 - DEBUG - Updated probability model at iteration 56
2025-04-08 11:41:43,646 - INFO - Iteration 57/100: Phase=hybrid learning, SL ratio=0.50, EL ratio=0.50
2025-04-08 11:41:44,348 - INFO - In generation 57，New best makespan: 1836.00, source: el
2025-04-08 11:41:44,349 - DEBUG -   [SL->EL] 成功! 用SL最优解1931.00替换EL最差解2003.00, 改进了72.00
2025-04-08 11:41:44,349 - DEBUG -   [EL->SL] 成功添加5个EL解到SL种群
2025-04-08 11:41:44,350 - DEBUG - Updated probability model at iteration 57
2025-04-08 11:41:44,350 - INFO - Iteration 58/100: Phase=hybrid learning, SL ratio=0.50, EL ratio=0.50
2025-04-08 11:41:45,031 - DEBUG -   [SL->EL] 成功! 用SL最优解1926.00替换EL最差解1962.00, 改进了36.00
2025-04-08 11:41:45,031 - DEBUG -   [EL->SL] 成功添加5个EL解到SL种群
2025-04-08 11:41:45,032 - DEBUG - Updated probability model at iteration 58
2025-04-08 11:41:45,032 - INFO - EL has been consistently better for 5 iterations, adjusting ratios: SL=0.40, EL=0.60
2025-04-08 11:41:45,032 - INFO - Iteration 59/100: Phase=hybrid learning, SL ratio=0.40, EL ratio=0.60
2025-04-08 11:41:45,759 - DEBUG -   [SL->EL] 成功! 用SL最优解1901.00替换EL最差解2068.00, 改进了167.00
2025-04-08 11:41:45,759 - DEBUG -   [EL->SL] 成功添加6个EL解到SL种群
2025-04-08 11:41:45,760 - DEBUG - Updated probability model at iteration 59
2025-04-08 11:41:45,760 - INFO - Iteration 60/100: Phase=hybrid learning, SL ratio=0.40, EL ratio=0.60
2025-04-08 11:41:46,484 - INFO - In generation 60，New best makespan: 1830.00, source: el
2025-04-08 11:41:46,485 - DEBUG -   [SL->EL] 成功! 用SL最优解1894.00替换EL最差解2008.00, 改进了114.00
2025-04-08 11:41:46,486 - DEBUG -   [EL->SL] 成功添加6个EL解到SL种群
2025-04-08 11:41:46,486 - DEBUG - Updated probability model at iteration 60
2025-04-08 11:41:46,486 - INFO - Iteration 61/100: Phase=hybrid learning, SL ratio=0.40, EL ratio=0.60
2025-04-08 11:41:47,230 - DEBUG -   [SL->EL] 成功! 用SL最优解1901.00替换EL最差解2024.00, 改进了123.00
2025-04-08 11:41:47,230 - DEBUG -   [EL->SL] 成功添加6个EL解到SL种群
2025-04-08 11:41:47,230 - DEBUG - Updated probability model at iteration 61
2025-04-08 11:41:47,231 - INFO - Iteration 62/100: Phase=hybrid learning, SL ratio=0.40, EL ratio=0.60
2025-04-08 11:41:47,962 - INFO - In generation 62，New best makespan: 1815.00, source: el
2025-04-08 11:41:47,962 - DEBUG -   [SL->EL] 成功! 用SL最优解1941.00替换EL最差解2013.00, 改进了72.00
2025-04-08 11:41:47,962 - DEBUG -   [EL->SL] 成功添加6个EL解到SL种群
2025-04-08 11:41:47,964 - DEBUG - Updated probability model at iteration 62
2025-04-08 11:41:47,964 - INFO - Iteration 63/100: Phase=hybrid learning, SL ratio=0.40, EL ratio=0.60
2025-04-08 11:41:48,705 - DEBUG -   [SL->EL] 成功! 用SL最优解1920.00替换EL最差解1948.00, 改进了28.00
2025-04-08 11:41:48,706 - DEBUG -   [EL->SL] 成功添加6个EL解到SL种群
2025-04-08 11:41:48,706 - DEBUG - Updated probability model at iteration 63
2025-04-08 11:41:48,706 - INFO - EL has been consistently better for 5 iterations, adjusting ratios: SL=0.30, EL=0.70
2025-04-08 11:41:48,707 - INFO - Iteration 64/100: Phase=hybrid learning, SL ratio=0.30, EL ratio=0.70
2025-04-08 11:41:49,475 - INFO - In generation 64，New best makespan: 1810.00, source: el
2025-04-08 11:41:49,477 - DEBUG -   [SL->EL] 成功! 用SL最优解1914.00替换EL最差解2063.00, 改进了149.00
2025-04-08 11:41:49,478 - DEBUG -   [EL->SL] 成功添加7个EL解到SL种群
2025-04-08 11:41:49,478 - DEBUG - Updated probability model at iteration 64
2025-04-08 11:41:49,478 - INFO - Iteration 65/100: Phase=hybrid learning, SL ratio=0.30, EL ratio=0.70
2025-04-08 11:41:50,265 - DEBUG -   [SL->EL] 成功! 用SL最优解1893.00替换EL最差解1962.00, 改进了69.00
2025-04-08 11:41:50,265 - DEBUG -   [EL->SL] 成功添加7个EL解到SL种群
2025-04-08 11:41:50,266 - DEBUG - Updated probability model at iteration 65
2025-04-08 11:41:50,266 - INFO - Iteration 66/100: Phase=hybrid learning, SL ratio=0.30, EL ratio=0.70
2025-04-08 11:41:51,039 - INFO - In generation 66，New best makespan: 1808.00, source: el
2025-04-08 11:41:51,039 - DEBUG -   [SL->EL] 成功! 用SL最优解1860.00替换EL最差解2000.00, 改进了140.00
2025-04-08 11:41:51,040 - DEBUG -   [EL->SL] 成功添加7个EL解到SL种群
2025-04-08 11:41:51,040 - DEBUG - Updated probability model at iteration 66
2025-04-08 11:41:51,040 - INFO - Iteration 67/100: Phase=hybrid learning, SL ratio=0.30, EL ratio=0.70
2025-04-08 11:41:51,829 - INFO - In generation 67，New best makespan: 1804.00, source: el
2025-04-08 11:41:51,829 - DEBUG -   [SL->EL] 成功! 用SL最优解1913.00替换EL最差解1998.00, 改进了85.00
2025-04-08 11:41:51,830 - DEBUG -   [EL->SL] 成功添加7个EL解到SL种群
2025-04-08 11:41:51,831 - DEBUG - Updated probability model at iteration 67
2025-04-08 11:41:51,831 - INFO - Iteration 68/100: Phase=hybrid learning, SL ratio=0.30, EL ratio=0.70
2025-04-08 11:41:52,603 - INFO - In generation 68，New best makespan: 1801.00, source: el
2025-04-08 11:41:52,603 - DEBUG -   [SL->EL] 成功! 用SL最优解1911.00替换EL最差解2098.00, 改进了187.00
2025-04-08 11:41:52,604 - DEBUG -   [EL->SL] 成功添加7个EL解到SL种群
2025-04-08 11:41:52,604 - DEBUG - Updated probability model at iteration 68
2025-04-08 11:41:52,604 - INFO - EL has been consistently better for 5 iterations, adjusting ratios: SL=0.20, EL=0.80
2025-04-08 11:41:52,605 - INFO - Iteration 69/100: Phase=hybrid learning, SL ratio=0.20, EL ratio=0.80
2025-04-08 11:41:53,455 - INFO - In generation 69，New best makespan: 1783.00, source: el
2025-04-08 11:41:53,455 - DEBUG -   [SL->EL] 成功! 用SL最优解1941.00替换EL最差解1964.00, 改进了23.00
2025-04-08 11:41:53,457 - DEBUG -   [EL->SL] 成功添加8个EL解到SL种群
2025-04-08 11:41:53,457 - DEBUG - Updated probability model at iteration 69
2025-04-08 11:41:53,457 - INFO - Iteration 70/100: Phase=hybrid learning, SL ratio=0.20, EL ratio=0.80
2025-04-08 11:41:54,285 - DEBUG -   [SL->EL] 成功! 用SL最优解1952.00替换EL最差解1997.00, 改进了45.00
2025-04-08 11:41:54,287 - DEBUG -   [EL->SL] 成功添加8个EL解到SL种群
2025-04-08 11:41:54,287 - DEBUG - Updated probability model at iteration 70
2025-04-08 11:41:54,287 - INFO - Iteration 71/100: Phase=hybrid learning, SL ratio=0.20, EL ratio=0.80
2025-04-08 11:41:55,116 - DEBUG -   [SL->EL] 成功! 用SL最优解1900.00替换EL最差解1948.00, 改进了48.00
2025-04-08 11:41:55,117 - DEBUG -   [EL->SL] 成功添加8个EL解到SL种群
2025-04-08 11:41:55,118 - DEBUG - Updated probability model at iteration 71
2025-04-08 11:41:55,118 - INFO - Iteration 72/100: Phase=hybrid learning, SL ratio=0.20, EL ratio=0.80
2025-04-08 11:41:56,042 - DEBUG -   [SL->EL] 成功! 用SL最优解1949.00替换EL最差解1956.00, 改进了7.00
2025-04-08 11:41:56,042 - DEBUG -   [EL->SL] 成功添加8个EL解到SL种群
2025-04-08 11:41:56,043 - DEBUG - Updated probability model at iteration 72
2025-04-08 11:41:56,043 - INFO - Iteration 73/100: Phase=hybrid learning, SL ratio=0.20, EL ratio=0.80
2025-04-08 11:41:56,887 - DEBUG -   [SL->EL] 成功! 用SL最优解1929.00替换EL最差解1934.00, 改进了5.00
2025-04-08 11:41:56,888 - DEBUG -   [EL->SL] 成功添加8个EL解到SL种群
2025-04-08 11:41:56,888 - DEBUG - Updated probability model at iteration 73
2025-04-08 11:41:56,888 - INFO - EL has been consistently better for 5 iterations, adjusting ratios: SL=0.10, EL=0.90
2025-04-08 11:41:56,888 - INFO - Iteration 74/100: Phase=hybrid learning, SL ratio=0.10, EL ratio=0.90
2025-04-08 11:41:57,801 - INFO - In generation 74，New best makespan: 1768.00, source: el
2025-04-08 11:41:57,802 - DEBUG -   [SL->EL] 成功! 用SL最优解1958.00替换EL最差解1998.00, 改进了40.00
2025-04-08 11:41:57,803 - DEBUG -   [EL->SL] 成功添加9个EL解到SL种群
2025-04-08 11:41:57,804 - DEBUG - Updated probability model at iteration 74
2025-04-08 11:41:57,804 - INFO - Iteration 75/100: Phase=hybrid learning, SL ratio=0.10, EL ratio=0.90
2025-04-08 11:41:58,677 - INFO - In generation 75，New best makespan: 1763.00, source: el
2025-04-08 11:41:58,677 - DEBUG -   [SL->EL] 成功! 用SL最优解1911.00替换EL最差解1958.00, 改进了47.00
2025-04-08 11:41:58,679 - DEBUG -   [EL->SL] 成功添加9个EL解到SL种群
2025-04-08 11:41:58,679 - DEBUG - Updated probability model at iteration 75
2025-04-08 11:41:58,679 - INFO - Iteration 76/100: Phase=hybrid learning, SL ratio=0.10, EL ratio=0.90
2025-04-08 11:41:59,614 - INFO - In generation 76，New best makespan: 1752.00, source: el
2025-04-08 11:41:59,614 - DEBUG -   [SL->EL] 成功! 用SL最优解1960.00替换EL最差解1992.00, 改进了32.00
2025-04-08 11:41:59,617 - DEBUG -   [EL->SL] 成功添加9个EL解到SL种群
2025-04-08 11:41:59,617 - DEBUG - Updated probability model at iteration 76
2025-04-08 11:41:59,617 - INFO - Iteration 77/100: Phase=hybrid learning, SL ratio=0.10, EL ratio=0.90
2025-04-08 11:42:00,479 - DEBUG -   [SL->EL] 失败! SL最优解1944.00不如EL最差解1938.00
2025-04-08 11:42:00,480 - DEBUG -   [EL->SL] 成功添加9个EL解到SL种群
2025-04-08 11:42:00,480 - DEBUG - Updated probability model at iteration 77
2025-04-08 11:42:00,480 - INFO - Iteration 78/100: Phase=hybrid learning, SL ratio=0.10, EL ratio=0.90
2025-04-08 11:42:01,358 - INFO - In generation 78，New best makespan: 1748.00, source: el
2025-04-08 11:42:01,358 - DEBUG -   [SL->EL] 成功! 用SL最优解1900.00替换EL最差解1990.00, 改进了90.00
2025-04-08 11:42:01,359 - DEBUG -   [EL->SL] 成功添加9个EL解到SL种群
2025-04-08 11:42:01,359 - DEBUG - Updated probability model at iteration 78
2025-04-08 11:42:01,359 - INFO - EL has been consistently better for 5 iterations, adjusting ratios: SL=0.10, EL=0.90
2025-04-08 11:42:01,360 - INFO - Iteration 79/100: Phase=hybrid learning, SL ratio=0.10, EL ratio=0.90
2025-04-08 11:42:02,235 - DEBUG -   [SL->EL] 成功! 用SL最优解1872.00替换EL最差解1974.00, 改进了102.00
2025-04-08 11:42:02,237 - DEBUG -   [EL->SL] 成功添加9个EL解到SL种群
2025-04-08 11:42:02,237 - DEBUG - Updated probability model at iteration 79
2025-04-08 11:42:02,237 - INFO - Iteration 80/100: Phase=hybrid learning, SL ratio=0.10, EL ratio=0.90
2025-04-08 11:42:03,082 - INFO - In generation 80，New best makespan: 1747.00, source: el
2025-04-08 11:42:03,083 - DEBUG -   [SL->EL] 成功! 用SL最优解1898.00替换EL最差解1956.00, 改进了58.00
2025-04-08 11:42:03,084 - DEBUG -   [EL->SL] 成功添加9个EL解到SL种群
2025-04-08 11:42:03,085 - DEBUG - Updated probability model at iteration 80
2025-04-08 11:42:03,085 - INFO - Iteration 81/100: Phase=hybrid learning, SL ratio=0.10, EL ratio=0.90
2025-04-08 11:42:03,975 - INFO - In generation 81，New best makespan: 1742.00, source: el
2025-04-08 11:42:03,975 - DEBUG -   [SL->EL] 成功! 用SL最优解1946.00替换EL最差解1947.00, 改进了1.00
2025-04-08 11:42:03,977 - DEBUG -   [EL->SL] 成功添加9个EL解到SL种群
2025-04-08 11:42:03,977 - DEBUG - Updated probability model at iteration 81
2025-04-08 11:42:03,977 - INFO - Iteration 82/100: Phase=hybrid learning, SL ratio=0.10, EL ratio=0.90
2025-04-08 11:42:04,866 - DEBUG -   [SL->EL] 成功! 用SL最优解1905.00替换EL最差解1920.00, 改进了15.00
2025-04-08 11:42:04,868 - DEBUG -   [EL->SL] 成功添加9个EL解到SL种群
2025-04-08 11:42:04,869 - DEBUG - Updated probability model at iteration 82
2025-04-08 11:42:04,869 - INFO - Iteration 83/100: Phase=hybrid learning, SL ratio=0.10, EL ratio=0.90
2025-04-08 11:42:05,754 - INFO - In generation 83，New best makespan: 1737.00, source: el
2025-04-08 11:42:05,754 - DEBUG -   [SL->EL] 失败! SL最优解1991.00不如EL最差解1886.00
2025-04-08 11:42:05,756 - DEBUG -   [EL->SL] 成功添加9个EL解到SL种群
2025-04-08 11:42:05,756 - DEBUG - Updated probability model at iteration 83
2025-04-08 11:42:05,756 - INFO - EL has been consistently better for 5 iterations, adjusting ratios: SL=0.10, EL=0.90
2025-04-08 11:42:05,756 - INFO - Iteration 84/100: Phase=hybrid learning, SL ratio=0.10, EL ratio=0.90
2025-04-08 11:42:06,632 - INFO - In generation 84，New best makespan: 1726.00, source: el
2025-04-08 11:42:06,633 - DEBUG -   [SL->EL] 成功! 用SL最优解1872.00替换EL最差解1918.00, 改进了46.00
2025-04-08 11:42:06,634 - DEBUG -   [EL->SL] 成功添加9个EL解到SL种群
2025-04-08 11:42:06,634 - DEBUG - Updated probability model at iteration 84
2025-04-08 11:42:06,634 - INFO - Iteration 85/100: Phase=hybrid learning, SL ratio=0.10, EL ratio=0.90
2025-04-08 11:42:07,525 - INFO - In generation 85，New best makespan: 1724.00, source: el
2025-04-08 11:42:07,525 - DEBUG -   [SL->EL] 成功! 用SL最优解1919.00替换EL最差解1950.00, 改进了31.00
2025-04-08 11:42:07,527 - DEBUG -   [EL->SL] 成功添加9个EL解到SL种群
2025-04-08 11:42:07,527 - DEBUG - Updated probability model at iteration 85
2025-04-08 11:42:07,527 - INFO - Iteration 86/100: Phase=hybrid learning, SL ratio=0.10, EL ratio=0.90
2025-04-08 11:42:08,399 - DEBUG -   [SL->EL] 失败! SL最优解1897.00不如EL最差解1893.00
2025-04-08 11:42:08,400 - DEBUG -   [EL->SL] 成功添加9个EL解到SL种群
2025-04-08 11:42:08,401 - DEBUG - Updated probability model at iteration 86
2025-04-08 11:42:08,401 - INFO - Iteration 87/100: Phase=hybrid learning, SL ratio=0.10, EL ratio=0.90
2025-04-08 11:42:09,262 - DEBUG -   [SL->EL] 失败! SL最优解1963.00不如EL最差解1912.00
2025-04-08 11:42:09,262 - DEBUG -   [EL->SL] 成功添加9个EL解到SL种群
2025-04-08 11:42:09,262 - DEBUG - Updated probability model at iteration 87
2025-04-08 11:42:09,262 - INFO - Iteration 88/100: Phase=hybrid learning, SL ratio=0.10, EL ratio=0.90
2025-04-08 11:42:10,099 - DEBUG -   [SL->EL] 成功! 用SL最优解1884.00替换EL最差解1951.00, 改进了67.00
2025-04-08 11:42:10,099 - DEBUG -   [EL->SL] 成功添加9个EL解到SL种群
2025-04-08 11:42:10,100 - DEBUG - Updated probability model at iteration 88
2025-04-08 11:42:10,100 - INFO - EL has been consistently better for 5 iterations, adjusting ratios: SL=0.10, EL=0.90
2025-04-08 11:42:10,100 - INFO - Iteration 89/100: Phase=hybrid learning, SL ratio=0.10, EL ratio=0.90
2025-04-08 11:42:10,969 - DEBUG -   [SL->EL] 失败! SL最优解1888.00不如EL最差解1871.00
2025-04-08 11:42:10,970 - DEBUG -   [EL->SL] 成功添加9个EL解到SL种群
2025-04-08 11:42:10,970 - DEBUG - Updated probability model at iteration 89
2025-04-08 11:42:10,970 - INFO - Iteration 90/100: Phase=hybrid learning, SL ratio=0.10, EL ratio=0.90
2025-04-08 11:42:11,835 - INFO - In generation 90，New best makespan: 1718.00, source: el
2025-04-08 11:42:11,835 - DEBUG -   [SL->EL] 失败! SL最优解1929.00不如EL最差解1891.00
2025-04-08 11:42:11,836 - DEBUG -   [EL->SL] 成功添加9个EL解到SL种群
2025-04-08 11:42:11,836 - DEBUG - Updated probability model at iteration 90
2025-04-08 11:42:11,837 - INFO - Iteration 91/100: Phase=hybrid learning, SL ratio=0.10, EL ratio=0.90
2025-04-08 11:42:12,720 - INFO - In generation 91，New best makespan: 1711.00, source: el
2025-04-08 11:42:12,722 - DEBUG -   [SL->EL] 成功! 用SL最优解1843.00替换EL最差解1958.00, 改进了115.00
2025-04-08 11:42:12,724 - DEBUG -   [EL->SL] 成功添加9个EL解到SL种群
2025-04-08 11:42:12,724 - DEBUG - Updated probability model at iteration 91
2025-04-08 11:42:12,724 - INFO - Iteration 92/100: Phase=hybrid learning, SL ratio=0.10, EL ratio=0.90
2025-04-08 11:42:13,585 - INFO - In generation 92，New best makespan: 1710.00, source: el
2025-04-08 11:42:13,586 - DEBUG -   [SL->EL] 失败! SL最优解1917.00不如EL最差解1891.00
2025-04-08 11:42:13,587 - DEBUG -   [EL->SL] 成功添加9个EL解到SL种群
2025-04-08 11:42:13,588 - DEBUG - Updated probability model at iteration 92
2025-04-08 11:42:13,588 - INFO - Iteration 93/100: Phase=hybrid learning, SL ratio=0.10, EL ratio=0.90
2025-04-08 11:42:14,465 - INFO - In generation 93，New best makespan: 1702.00, source: el
2025-04-08 11:42:14,465 - DEBUG -   [SL->EL] 失败! SL最优解1952.00不如EL最差解1890.00
2025-04-08 11:42:14,466 - DEBUG -   [EL->SL] 成功添加9个EL解到SL种群
2025-04-08 11:42:14,468 - DEBUG - Updated probability model at iteration 93
2025-04-08 11:42:14,468 - INFO - EL has been consistently better for 5 iterations, adjusting ratios: SL=0.10, EL=0.90
2025-04-08 11:42:14,468 - INFO - Iteration 94/100: Phase=hybrid learning, SL ratio=0.10, EL ratio=0.90
2025-04-08 11:42:15,315 - INFO - In generation 94，New best makespan: 1700.00, source: el
2025-04-08 11:42:15,315 - DEBUG -   [SL->EL] 失败! SL最优解1919.00不如EL最差解1886.00
2025-04-08 11:42:15,316 - DEBUG -   [EL->SL] 成功添加9个EL解到SL种群
2025-04-08 11:42:15,316 - DEBUG - Updated probability model at iteration 94
2025-04-08 11:42:15,316 - INFO - Iteration 95/100: Phase=hybrid learning, SL ratio=0.10, EL ratio=0.90
2025-04-08 11:42:16,202 - INFO - In generation 95，New best makespan: 1699.00, source: el
2025-04-08 11:42:16,203 - DEBUG -   [SL->EL] 成功! 用SL最优解1885.00替换EL最差解1896.00, 改进了11.00
2025-04-08 11:42:16,204 - DEBUG -   [EL->SL] 成功添加9个EL解到SL种群
2025-04-08 11:42:16,204 - DEBUG - Updated probability model at iteration 95
2025-04-08 11:42:16,204 - INFO - Iteration 96/100: Phase=hybrid learning, SL ratio=0.10, EL ratio=0.90
2025-04-08 11:42:17,098 - DEBUG -   [SL->EL] 成功! 用SL最优解1916.00替换EL最差解1966.00, 改进了50.00
2025-04-08 11:42:17,100 - DEBUG -   [EL->SL] 成功添加9个EL解到SL种群
2025-04-08 11:42:17,101 - DEBUG - Updated probability model at iteration 96
2025-04-08 11:42:17,101 - INFO - Iteration 97/100: Phase=hybrid learning, SL ratio=0.10, EL ratio=0.90
2025-04-08 11:42:17,977 - INFO - In generation 97，New best makespan: 1695.00, source: el
2025-04-08 11:42:17,978 - DEBUG -   [SL->EL] 失败! SL最优解1876.00不如EL最差解1868.00
2025-04-08 11:42:17,980 - DEBUG -   [EL->SL] 成功添加9个EL解到SL种群
2025-04-08 11:42:17,980 - DEBUG - Updated probability model at iteration 97
2025-04-08 11:42:17,980 - INFO - Iteration 98/100: Phase=hybrid learning, SL ratio=0.10, EL ratio=0.90
2025-04-08 11:42:18,869 - DEBUG -   [SL->EL] 成功! 用SL最优解1835.00替换EL最差解1929.00, 改进了94.00
2025-04-08 11:42:18,870 - DEBUG -   [EL->SL] 成功添加9个EL解到SL种群
2025-04-08 11:42:18,870 - DEBUG - Updated probability model at iteration 98
2025-04-08 11:42:18,870 - INFO - EL has been consistently better for 5 iterations, adjusting ratios: SL=0.10, EL=0.90
2025-04-08 11:42:18,871 - INFO - Iteration 99/100: Phase=hybrid learning, SL ratio=0.10, EL ratio=0.90
2025-04-08 11:42:19,743 - DEBUG -   [SL->EL] 成功! 用SL最优解1862.00替换EL最差解1908.00, 改进了46.00
2025-04-08 11:42:19,745 - DEBUG -   [EL->SL] 成功添加9个EL解到SL种群
2025-04-08 11:42:19,745 - DEBUG - Updated probability model at iteration 99
2025-04-08 11:42:19,745 - INFO - Iteration 100/100: Phase=hybrid learning, SL ratio=0.10, EL ratio=0.90
2025-04-08 11:42:20,635 - DEBUG -   [SL->EL] 成功! 用SL最优解1881.00替换EL最差解1887.00, 改进了6.00
2025-04-08 11:42:20,636 - DEBUG -   [EL->SL] 成功添加9个EL解到SL种群
2025-04-08 11:42:20,637 - DEBUG - Updated probability model at iteration 100
2025-04-08 11:42:20,647 - INFO - ==================================================
2025-04-08 11:42:20,647 - INFO - Results saved to: hl_output
2025-04-08 11:42:20,834 - INFO - Convergence curve saved to: hl_output/hl_convergence.png
2025-04-08 11:42:20,835 - INFO - Best solution found with makespan: 1695.00s at generation 97
