2025-04-30 03:39:58,997 - INFO - In generation 0/2, Subpopulation size - P1: 50 , P2: 25 , P3: 0 
2025-04-30 03:39:58,997 - INFO - The initial best makespan is: 1906.00
2025-04-30 03:39:58,997 - DEBUG - Start Generation 1/2...
2025-04-30 03:39:59,188 - DEBUG - 执行机器分配局部搜索，当前完工时间: 1974.00
2025-04-30 03:39:59,193 - DEBUG - machine_local_search2成功！完工时间从 1974.00 降低到 1972.00，改进: 2.00 (0.10%)
2025-04-30 03:39:59,193 - INFO - In generation 1/2, Subpopulation size - P1: 3, P2: 6, P3: 1
2025-04-30 03:39:59,193 - INFO - Subpopulation Quality Rank - P1: 27, P2: 30, P3: 2
2025-04-30 03:39:59,193 - DEBUG - Start Generation 2/2...
2025-04-30 03:39:59,373 - DEBUG - 执行机器分配局部搜索，当前完工时间: 1958.00
2025-04-30 03:39:59,381 - DEBUG - machine_local_search1成功！完工时间从 1958.00 降低到 1946.00，改进: 12.00 (0.61%)
2025-04-30 03:39:59,381 - INFO - In generation 2/2, Subpopulation size - P1: 3, P2: 6, P3: 1
2025-04-30 03:39:59,381 - INFO - Subpopulation Quality Rank - P1: 26, P2: 35, P3: 5
2025-04-30 03:40:00,143 - INFO - In generation 0/2, Subpopulation size - P1: 50 , P2: 25 , P3: 0 
2025-04-30 03:40:00,143 - INFO - The initial best makespan is: 1894.00
2025-04-30 03:40:00,143 - DEBUG - Start Generation 1/2...
2025-04-30 03:40:00,337 - DEBUG - 执行机器分配局部搜索，当前完工时间: 1936.00
2025-04-30 03:40:00,360 - DEBUG - 执行AGV分配局部搜索，当前完工时间: 1936.00
2025-04-30 03:40:00,365 - DEBUG - 执行调度序列局部搜索，当前完工时间: 1936.00
2025-04-30 03:40:31,041 - DEBUG - schedule_local_search1成功！完工时间从 1936.00 降低到 1916.00，改进: 20.00 (1.03%)
2025-04-30 03:40:31,041 - INFO - In generation 1/2, Subpopulation size - P1: 3, P2: 6, P3: 1
2025-04-30 03:40:31,042 - INFO - Subpopulation Quality Rank - P1: 25, P2: 37, P3: 4
2025-04-30 03:40:31,042 - DEBUG - Start Generation 2/2...
2025-04-30 03:40:31,217 - DEBUG - 执行机器分配局部搜索，当前完工时间: 1916.00
2025-04-30 03:40:31,226 - DEBUG - 执行AGV分配局部搜索，当前完工时间: 1916.00
2025-04-30 03:40:31,230 - DEBUG - 执行调度序列局部搜索，当前完工时间: 1916.00
2025-04-30 03:41:01,427 - DEBUG - 所有局部搜索方法都未能改进当前解
2025-04-30 03:41:01,427 - INFO - In generation 2/2, Subpopulation size - P1: 3, P2: 6, P3: 1
2025-04-30 03:41:01,427 - INFO - Subpopulation Quality Rank - P1: 25, P2: 26, P3: 4
2025-04-30 03:41:02,189 - INFO - In generation 0/2, Subpopulation size - P1: 50 , P2: 25 , P3: 0 
2025-04-30 03:41:02,189 - INFO - The initial best makespan is: 1930.00
2025-04-30 03:41:02,189 - DEBUG - Start Generation 1/2...
2025-04-30 03:41:02,193 - DEBUG - 执行机器分配局部搜索，当前完工时间: 2017.00
2025-04-30 03:41:02,196 - DEBUG - 机器分配局部搜索成功！完工时间从 2017.00 降低到 2016.00，改进: 1.00 (0.05%)
2025-04-30 03:41:02,201 - DEBUG - 执行机器分配局部搜索，当前完工时间: 2056.00
2025-04-30 03:41:02,204 - DEBUG - 执行AGV分配局部搜索，当前完工时间: 2056.00
2025-04-30 03:41:02,208 - DEBUG - AGV分配局部搜索成功！完工时间从 2056.00 降低到 1995.00，改进: 61.00 (2.97%)
2025-04-30 03:41:02,211 - DEBUG - 执行机器分配局部搜索，当前完工时间: 1893.00
2025-04-30 03:41:02,212 - DEBUG - 执行AGV分配局部搜索，当前完工时间: 1893.00
2025-04-30 03:41:02,215 - DEBUG - 局部搜索未能改进当前解
2025-04-30 03:41:02,219 - DEBUG - 执行机器分配局部搜索，当前完工时间: 2100.00
2025-04-30 03:41:02,219 - DEBUG - 执行AGV分配局部搜索，当前完工时间: 2100.00
2025-04-30 03:41:02,223 - DEBUG - 局部搜索未能改进当前解
2025-04-30 03:41:02,226 - DEBUG - 执行机器分配局部搜索，当前完工时间: 2313.00
2025-04-30 03:41:02,226 - DEBUG - 执行AGV分配局部搜索，当前完工时间: 2313.00
2025-04-30 03:41:02,230 - DEBUG - 局部搜索未能改进当前解
2025-04-30 03:41:02,236 - DEBUG - 执行机器分配局部搜索，当前完工时间: 2114.00
2025-04-30 03:41:02,241 - DEBUG - 执行AGV分配局部搜索，当前完工时间: 2114.00
2025-04-30 03:41:02,245 - DEBUG - AGV分配局部搜索成功！完工时间从 2114.00 降低到 2080.00，改进: 34.00 (1.61%)
2025-04-30 03:41:02,250 - DEBUG - 执行机器分配局部搜索，当前完工时间: 1995.00
2025-04-30 03:41:02,253 - DEBUG - 执行AGV分配局部搜索，当前完工时间: 1995.00
2025-04-30 03:41:02,256 - DEBUG - 局部搜索未能改进当前解
2025-04-30 03:41:02,260 - DEBUG - 执行机器分配局部搜索，当前完工时间: 2051.00
2025-04-30 03:41:02,261 - DEBUG - 执行AGV分配局部搜索，当前完工时间: 2051.00
2025-04-30 03:41:02,264 - DEBUG - 局部搜索未能改进当前解
2025-04-30 03:41:02,268 - DEBUG - 执行机器分配局部搜索，当前完工时间: 2068.00
2025-04-30 03:41:02,268 - DEBUG - 执行AGV分配局部搜索，当前完工时间: 2068.00
2025-04-30 03:41:02,271 - DEBUG - 局部搜索未能改进当前解
2025-04-30 03:41:02,276 - DEBUG - 执行机器分配局部搜索，当前完工时间: 2004.00
2025-04-30 03:41:02,276 - DEBUG - 执行AGV分配局部搜索，当前完工时间: 2004.00
2025-04-30 03:41:02,280 - DEBUG - 局部搜索未能改进当前解
2025-04-30 03:41:02,425 - INFO - In generation 1，New best makespan: 1893.00
2025-04-30 03:41:02,425 - INFO - In generation 1/2, Subpopulation size - P1: 3, P2: 6, P3: 1
2025-04-30 03:41:02,425 - INFO - Subpopulation Quality Rank - P1: 27, P2: 31, P3: 1
2025-04-30 03:41:02,425 - DEBUG - Start Generation 2/2...
2025-04-30 03:41:02,430 - DEBUG - 执行机器分配局部搜索，当前完工时间: 1973.00
2025-04-30 03:41:02,430 - DEBUG - 执行AGV分配局部搜索，当前完工时间: 1973.00
2025-04-30 03:41:02,434 - DEBUG - 局部搜索未能改进当前解
2025-04-30 03:41:02,438 - DEBUG - 执行机器分配局部搜索，当前完工时间: 1991.00
2025-04-30 03:41:02,438 - DEBUG - 执行AGV分配局部搜索，当前完工时间: 1991.00
2025-04-30 03:41:02,442 - DEBUG - 局部搜索未能改进当前解
2025-04-30 03:41:02,447 - DEBUG - 执行机器分配局部搜索，当前完工时间: 2028.00
2025-04-30 03:41:02,447 - DEBUG - 执行AGV分配局部搜索，当前完工时间: 2028.00
2025-04-30 03:41:02,450 - DEBUG - 局部搜索未能改进当前解
2025-04-30 03:41:02,454 - DEBUG - 执行机器分配局部搜索，当前完工时间: 2016.00
2025-04-30 03:41:02,458 - DEBUG - 机器分配局部搜索成功！完工时间从 2016.00 降低到 2012.00，改进: 4.00 (0.20%)
2025-04-30 03:41:02,462 - DEBUG - 执行机器分配局部搜索，当前完工时间: 2142.00
2025-04-30 03:41:02,462 - DEBUG - 执行AGV分配局部搜索，当前完工时间: 2142.00
2025-04-30 03:41:02,466 - DEBUG - AGV分配局部搜索成功！完工时间从 2142.00 降低到 2138.00，改进: 4.00 (0.19%)
2025-04-30 03:41:02,470 - DEBUG - 执行机器分配局部搜索，当前完工时间: 1955.00
2025-04-30 03:41:02,473 - DEBUG - 执行AGV分配局部搜索，当前完工时间: 1955.00
2025-04-30 03:41:02,477 - DEBUG - 局部搜索未能改进当前解
2025-04-30 03:41:02,480 - DEBUG - 执行机器分配局部搜索，当前完工时间: 2139.00
2025-04-30 03:41:02,481 - DEBUG - 执行AGV分配局部搜索，当前完工时间: 2139.00
2025-04-30 03:41:02,484 - DEBUG - 局部搜索未能改进当前解
2025-04-30 03:41:02,486 - DEBUG - 执行机器分配局部搜索，当前完工时间: 2079.00
2025-04-30 03:41:02,491 - DEBUG - 执行AGV分配局部搜索，当前完工时间: 2079.00
2025-04-30 03:41:02,495 - DEBUG - AGV分配局部搜索成功！完工时间从 2079.00 降低到 2067.00，改进: 12.00 (0.58%)
2025-04-30 03:41:02,499 - DEBUG - 执行机器分配局部搜索，当前完工时间: 2113.00
2025-04-30 03:41:02,499 - DEBUG - 执行AGV分配局部搜索，当前完工时间: 2113.00
2025-04-30 03:41:02,503 - DEBUG - 局部搜索未能改进当前解
2025-04-30 03:41:02,507 - DEBUG - 执行机器分配局部搜索，当前完工时间: 2058.00
2025-04-30 03:41:02,507 - DEBUG - 执行AGV分配局部搜索，当前完工时间: 2058.00
2025-04-30 03:41:02,510 - DEBUG - 局部搜索未能改进当前解
2025-04-30 03:41:02,650 - INFO - In generation 2/2, Subpopulation size - P1: 3, P2: 6, P3: 1
2025-04-30 03:41:02,650 - INFO - Subpopulation Quality Rank - P1: 25, P2: 32, P3: 2
2025-04-30 03:41:03,389 - INFO - In generation 0/2, Subpopulation size - P1: 50 , P2: 25 , P3: 0 
2025-04-30 03:41:03,390 - INFO - The initial best makespan is: 1916.00
2025-04-30 03:41:03,390 - DEBUG - Start Generation 1/2...
2025-04-30 03:41:03,394 - DEBUG - 执行机器分配局部搜索，当前完工时间: 2099.00
2025-04-30 03:41:03,397 - DEBUG - 执行AGV分配局部搜索，当前完工时间: 2099.00
2025-04-30 03:41:03,400 - DEBUG - 局部搜索未能改进当前解
2025-04-30 03:41:03,404 - DEBUG - 执行机器分配局部搜索，当前完工时间: 2010.00
2025-04-30 03:41:03,404 - DEBUG - 执行AGV分配局部搜索，当前完工时间: 2010.00
2025-04-30 03:41:03,408 - DEBUG - 局部搜索未能改进当前解
2025-04-30 03:41:03,414 - DEBUG - 执行机器分配局部搜索，当前完工时间: 2076.00
2025-04-30 03:41:03,415 - DEBUG - 执行AGV分配局部搜索，当前完工时间: 2076.00
2025-04-30 03:41:03,418 - DEBUG - AGV分配局部搜索成功！完工时间从 2076.00 降低到 2070.00，改进: 6.00 (0.29%)
2025-04-30 03:41:03,423 - DEBUG - 执行机器分配局部搜索，当前完工时间: 2087.00
2025-04-30 03:41:03,426 - DEBUG - 执行AGV分配局部搜索，当前完工时间: 2087.00
2025-04-30 03:41:03,430 - DEBUG - 局部搜索未能改进当前解
2025-04-30 03:41:03,434 - DEBUG - 执行机器分配局部搜索，当前完工时间: 2139.00
2025-04-30 03:41:03,434 - DEBUG - 执行AGV分配局部搜索，当前完工时间: 2139.00
2025-04-30 03:41:03,438 - DEBUG - 局部搜索未能改进当前解
2025-04-30 03:41:03,443 - DEBUG - 执行机器分配局部搜索，当前完工时间: 2045.00
2025-04-30 03:41:03,443 - DEBUG - 执行AGV分配局部搜索，当前完工时间: 2045.00
2025-04-30 03:41:03,446 - DEBUG - 局部搜索未能改进当前解
2025-04-30 03:41:03,450 - DEBUG - 执行机器分配局部搜索，当前完工时间: 1934.00
2025-04-30 03:41:03,454 - DEBUG - 执行AGV分配局部搜索，当前完工时间: 1934.00
2025-04-30 03:41:03,457 - DEBUG - 局部搜索未能改进当前解
2025-04-30 03:41:03,461 - DEBUG - 执行机器分配局部搜索，当前完工时间: 2061.00
2025-04-30 03:41:03,464 - DEBUG - 执行AGV分配局部搜索，当前完工时间: 2061.00
2025-04-30 03:41:03,468 - DEBUG - 局部搜索未能改进当前解
2025-04-30 03:41:03,472 - DEBUG - 执行机器分配局部搜索，当前完工时间: 2068.00
2025-04-30 03:41:03,474 - DEBUG - 执行AGV分配局部搜索，当前完工时间: 2068.00
2025-04-30 03:41:03,479 - DEBUG - 局部搜索未能改进当前解
2025-04-30 03:41:03,485 - DEBUG - 执行机器分配局部搜索，当前完工时间: 1960.00
2025-04-30 03:41:03,485 - DEBUG - 执行AGV分配局部搜索，当前完工时间: 1960.00
2025-04-30 03:41:03,491 - DEBUG - 局部搜索未能改进当前解
2025-04-30 03:41:03,635 - INFO - In generation 1/2, Subpopulation size - P1: 3, P2: 6, P3: 1
2025-04-30 03:41:03,635 - INFO - Subpopulation Quality Rank - P1: 26, P2: 37, P3: 6
2025-04-30 03:41:03,635 - DEBUG - Start Generation 2/2...
2025-04-30 03:41:03,639 - DEBUG - 执行机器分配局部搜索，当前完工时间: 2100.00
2025-04-30 03:41:03,639 - DEBUG - 执行AGV分配局部搜索，当前完工时间: 2100.00
2025-04-30 03:41:03,642 - DEBUG - 局部搜索未能改进当前解
2025-04-30 03:41:03,647 - DEBUG - 执行机器分配局部搜索，当前完工时间: 2106.00
2025-04-30 03:41:03,647 - DEBUG - 执行AGV分配局部搜索，当前完工时间: 2106.00
2025-04-30 03:41:03,651 - DEBUG - AGV分配局部搜索成功！完工时间从 2106.00 降低到 2028.00，改进: 78.00 (3.70%)
2025-04-30 03:41:03,655 - DEBUG - 执行机器分配局部搜索，当前完工时间: 1950.00
2025-04-30 03:41:03,658 - DEBUG - 执行AGV分配局部搜索，当前完工时间: 1950.00
2025-04-30 03:41:03,663 - DEBUG - 局部搜索未能改进当前解
2025-04-30 03:41:03,667 - DEBUG - 执行机器分配局部搜索，当前完工时间: 1982.00
2025-04-30 03:41:03,670 - DEBUG - 执行AGV分配局部搜索，当前完工时间: 1982.00
2025-04-30 03:41:03,673 - DEBUG - AGV分配局部搜索成功！完工时间从 1982.00 降低到 1933.00，改进: 49.00 (2.47%)
2025-04-30 03:41:03,678 - DEBUG - 执行机器分配局部搜索，当前完工时间: 1991.00
2025-04-30 03:41:03,678 - DEBUG - 执行AGV分配局部搜索，当前完工时间: 1991.00
2025-04-30 03:41:03,681 - DEBUG - AGV分配局部搜索成功！完工时间从 1991.00 降低到 1984.00，改进: 7.00 (0.35%)
2025-04-30 03:41:03,685 - DEBUG - 执行机器分配局部搜索，当前完工时间: 2082.00
2025-04-30 03:41:03,689 - DEBUG - 执行AGV分配局部搜索，当前完工时间: 2082.00
2025-04-30 03:41:03,693 - DEBUG - 局部搜索未能改进当前解
2025-04-30 03:41:03,696 - DEBUG - 执行机器分配局部搜索，当前完工时间: 2170.00
2025-04-30 03:41:03,700 - DEBUG - 机器分配局部搜索成功！完工时间从 2170.00 降低到 2162.00，改进: 8.00 (0.37%)
2025-04-30 03:41:03,703 - DEBUG - 执行机器分配局部搜索，当前完工时间: 2078.00
2025-04-30 03:41:03,704 - DEBUG - 执行AGV分配局部搜索，当前完工时间: 2078.00
2025-04-30 03:41:03,707 - DEBUG - 局部搜索未能改进当前解
2025-04-30 03:41:03,711 - DEBUG - 执行机器分配局部搜索，当前完工时间: 1957.00
2025-04-30 03:41:03,714 - DEBUG - 执行AGV分配局部搜索，当前完工时间: 1957.00
2025-04-30 03:41:03,717 - DEBUG - 局部搜索未能改进当前解
2025-04-30 03:41:03,721 - DEBUG - 执行机器分配局部搜索，当前完工时间: 2073.00
2025-04-30 03:41:03,721 - DEBUG - 执行AGV分配局部搜索，当前完工时间: 2073.00
2025-04-30 03:41:03,725 - DEBUG - AGV分配局部搜索成功！完工时间从 2073.00 降低到 2057.00，改进: 16.00 (0.77%)
2025-04-30 03:41:03,862 - INFO - In generation 2/2, Subpopulation size - P1: 3, P2: 6, P3: 1
2025-04-30 03:41:03,862 - INFO - Subpopulation Quality Rank - P1: 27, P2: 30, P3: 4
