2025-04-30 03:39:23,060 - INFO - In generation 0/500, Subpopulation size - P1: 50 , P2: 25 , P3: 25 
2025-04-30 03:39:23,061 - INFO - The initial best makespan is: 1896.00
2025-04-30 03:39:23,061 - DEBUG - Start Generation 1/500...
2025-04-30 03:39:24,876 - DEBUG - 执行机器分配局部搜索，当前完工时间: 1943.00
2025-04-30 03:39:24,877 - DEBUG - 执行AGV分配局部搜索，当前完工时间: 1943.00
2025-04-30 03:39:24,880 - DEBUG - 执行调度序列局部搜索，当前完工时间: 1943.00
2025-04-30 03:39:24,890 - DEBUG - 所有局部搜索方法都未能改进当前解
2025-04-30 03:39:24,890 - INFO - In generation 1/500, Subpopulation size - P1: 30, P2: 33, P3: 37
2025-04-30 03:39:24,892 - INFO - Subpopulation Quality Rank - P1: 2452, P2: 1727, P3: 1559
2025-04-30 03:39:24,892 - DEBUG - Start Generation 2/500...
2025-04-30 03:39:26,670 - DEBUG - 执行机器分配局部搜索，当前完工时间: 1934.00
2025-04-30 03:39:26,697 - DEBUG - 执行AGV分配局部搜索，当前完工时间: 1934.00
2025-04-30 03:39:26,701 - DEBUG - 执行调度序列局部搜索，当前完工时间: 1934.00
2025-04-30 03:39:26,708 - DEBUG - 所有局部搜索方法都未能改进当前解
2025-04-30 03:39:26,710 - INFO - In generation 2/500, Subpopulation size - P1: 30, P2: 36, P3: 34
2025-04-30 03:39:26,710 - INFO - Subpopulation Quality Rank - P1: 2477, P2: 1773, P3: 1638
2025-04-30 03:39:26,710 - DEBUG - Start Generation 3/500...
2025-04-30 03:39:28,469 - DEBUG - 执行机器分配局部搜索，当前完工时间: 1918.00
2025-04-30 03:39:28,473 - DEBUG - machine_local_search2成功！完工时间从 1918.00 降低到 1916.00，改进: 2.00 (0.10%)
2025-04-30 03:39:28,473 - INFO - In generation 3/500, Subpopulation size - P1: 30, P2: 36, P3: 34
2025-04-30 03:39:28,474 - INFO - Subpopulation Quality Rank - P1: 2435, P2: 1835, P3: 1583
2025-04-30 03:39:28,474 - DEBUG - Start Generation 4/500...
2025-04-30 03:39:30,239 - DEBUG - 执行机器分配局部搜索，当前完工时间: 1904.00
2025-04-30 03:39:30,243 - DEBUG - 执行AGV分配局部搜索，当前完工时间: 1904.00
2025-04-30 03:39:30,246 - DEBUG - 执行调度序列局部搜索，当前完工时间: 1904.00
2025-04-30 03:39:30,249 - DEBUG - 所有局部搜索方法都未能改进当前解
2025-04-30 03:39:30,249 - INFO - In generation 4/500, Subpopulation size - P1: 30, P2: 37, P3: 33
2025-04-30 03:39:30,249 - INFO - Subpopulation Quality Rank - P1: 2488, P2: 1958, P3: 1566
2025-04-30 03:39:30,250 - DEBUG - Start Generation 5/500...
2025-04-30 03:39:32,004 - DEBUG - 执行机器分配局部搜索，当前完工时间: 1875.00
2025-04-30 03:39:32,007 - DEBUG - 执行AGV分配局部搜索，当前完工时间: 1875.00
2025-04-30 03:39:32,013 - DEBUG - 执行调度序列局部搜索，当前完工时间: 1875.00
2025-04-30 03:39:32,016 - DEBUG - schedule_local_search2成功！完工时间从 1875.00 降低到 1871.00，改进: 4.00 (0.21%)
2025-04-30 03:39:32,017 - INFO - In generation 5，New best makespan: 1871.00
2025-04-30 03:39:32,017 - INFO - In generation 5/500, Subpopulation size - P1: 30, P2: 38, P3: 32
2025-04-30 03:39:32,017 - INFO - Subpopulation Quality Rank - P1: 2543, P2: 2097, P3: 1334
2025-04-30 03:39:32,017 - DEBUG - Start Generation 6/500...
2025-04-30 03:39:33,797 - DEBUG - 执行机器分配局部搜索，当前完工时间: 1845.00
2025-04-30 03:39:33,805 - DEBUG - 执行AGV分配局部搜索，当前完工时间: 1845.00
2025-04-30 03:39:33,808 - DEBUG - 执行调度序列局部搜索，当前完工时间: 1845.00
2025-04-30 03:39:33,809 - DEBUG - 所有局部搜索方法都未能改进当前解
2025-04-30 03:39:33,809 - INFO - In generation 6，New best makespan: 1845.00
2025-04-30 03:39:33,809 - INFO - In generation 6/500, Subpopulation size - P1: 30, P2: 42, P3: 28
2025-04-30 03:39:33,809 - INFO - Subpopulation Quality Rank - P1: 2517, P2: 2454, P3: 1121
2025-04-30 03:39:33,809 - DEBUG - Start Generation 7/500...
