2025-04-30 02:30:42,721 - INFO - Starting evolution...
2025-04-30 02:30:43,989 - INFO - In generation 0/500, Subpopulation size - P1: 50 , P2: 25 , P3: 25 
2025-04-30 02:30:43,989 - INFO - The initial best makespan is: 1921.00
2025-04-30 02:30:43,989 - DEBUG - Start Generation 1/500...
2025-04-30 02:30:43,995 - DEBUG - 执行机器分配局部搜索，当前完工时间: 2067.00
2025-04-30 02:30:44,000 - DEBUG - 执行AGV分配局部搜索，当前完工时间: 2067.00
2025-04-30 02:30:44,003 - DEBUG - 执行调度序列局部搜索，当前完工时间: 2067.00
2025-04-30 02:30:44,007 - DEBUG - 所有局部搜索方法都未能改进当前解
2025-04-30 02:30:44,011 - DEBUG - 执行机器分配局部搜索，当前完工时间: 1970.00
2025-04-30 02:30:44,022 - DEBUG - 执行AGV分配局部搜索，当前完工时间: 1970.00
2025-04-30 02:30:44,028 - DEBUG - 执行调度序列局部搜索，当前完工时间: 1970.00
2025-04-30 02:31:17,599 - DEBUG - schedule_local_search1成功！完工时间从 1970.00 降低到 1904.00，改进: 66.00 (3.35%)
2025-04-30 02:31:17,603 - DEBUG - 执行机器分配局部搜索，当前完工时间: 2088.00
2025-04-30 02:31:17,603 - DEBUG - 执行AGV分配局部搜索，当前完工时间: 2088.00
2025-04-30 02:31:17,607 - DEBUG - 执行调度序列局部搜索，当前完工时间: 2088.00
2025-04-30 02:31:52,923 - DEBUG - schedule_local_search1成功！完工时间从 2088.00 降低到 2040.00，改进: 48.00 (2.30%)
2025-04-30 02:31:52,927 - DEBUG - 执行机器分配局部搜索，当前完工时间: 2056.00
2025-04-30 02:31:52,928 - DEBUG - 执行AGV分配局部搜索，当前完工时间: 2056.00
2025-04-30 02:31:52,932 - DEBUG - 执行调度序列局部搜索，当前完工时间: 2056.00
2025-04-30 02:32:27,822 - DEBUG - schedule_local_search1成功！完工时间从 2056.00 降低到 2004.00，改进: 52.00 (2.53%)
2025-04-30 02:32:27,827 - DEBUG - 执行机器分配局部搜索，当前完工时间: 2054.00
2025-04-30 02:32:27,836 - DEBUG - 执行AGV分配局部搜索，当前完工时间: 2054.00
2025-04-30 02:32:27,839 - DEBUG - 执行调度序列局部搜索，当前完工时间: 2054.00
2025-04-30 02:32:27,849 - DEBUG - 所有局部搜索方法都未能改进当前解
2025-04-30 02:32:27,853 - DEBUG - 执行机器分配局部搜索，当前完工时间: 2039.00
2025-04-30 02:32:27,877 - DEBUG - 执行AGV分配局部搜索，当前完工时间: 2039.00
2025-04-30 02:32:27,880 - DEBUG - 执行调度序列局部搜索，当前完工时间: 2039.00
2025-04-30 02:33:00,042 - DEBUG - schedule_local_search1成功！完工时间从 2039.00 降低到 2008.00，改进: 31.00 (1.52%)
2025-04-30 02:33:00,046 - DEBUG - 执行机器分配局部搜索，当前完工时间: 2059.00
2025-04-30 02:33:00,050 - DEBUG - machine_local_search2成功！完工时间从 2059.00 降低到 2057.00，改进: 2.00 (0.10%)
2025-04-30 02:33:00,054 - DEBUG - 执行机器分配局部搜索，当前完工时间: 2005.00
2025-04-30 02:33:00,058 - DEBUG - 执行AGV分配局部搜索，当前完工时间: 2005.00
2025-04-30 02:33:00,061 - DEBUG - 执行调度序列局部搜索，当前完工时间: 2005.00
2025-04-30 02:33:00,061 - DEBUG - 所有局部搜索方法都未能改进当前解
2025-04-30 02:33:00,066 - DEBUG - 执行机器分配局部搜索，当前完工时间: 2154.00
2025-04-30 02:33:00,073 - DEBUG - 执行AGV分配局部搜索，当前完工时间: 2154.00
2025-04-30 02:33:00,078 - DEBUG - 执行调度序列局部搜索，当前完工时间: 2154.00
2025-04-30 02:33:00,078 - DEBUG - 所有局部搜索方法都未能改进当前解
2025-04-30 02:33:00,083 - DEBUG - 执行机器分配局部搜索，当前完工时间: 2135.00
2025-04-30 02:33:00,087 - DEBUG - machine_local_search2成功！完工时间从 2135.00 降低到 2134.00，改进: 1.00 (0.05%)
2025-04-30 02:33:00,090 - DEBUG - 执行机器分配局部搜索，当前完工时间: 2115.00
2025-04-30 02:33:00,093 - DEBUG - 执行AGV分配局部搜索，当前完工时间: 2115.00
2025-04-30 02:33:00,097 - DEBUG - agv_local_search2成功！完工时间从 2115.00 降低到 2106.00，改进: 9.00 (0.43%)
2025-04-30 02:33:00,101 - DEBUG - 执行机器分配局部搜索，当前完工时间: 2167.00
2025-04-30 02:33:00,108 - DEBUG - 执行AGV分配局部搜索，当前完工时间: 2167.00
2025-04-30 02:33:00,111 - DEBUG - 执行调度序列局部搜索，当前完工时间: 2167.00
2025-04-30 02:33:00,121 - DEBUG - 所有局部搜索方法都未能改进当前解
2025-04-30 02:33:00,124 - DEBUG - 执行机器分配局部搜索，当前完工时间: 2062.00
2025-04-30 02:33:00,128 - DEBUG - 执行AGV分配局部搜索，当前完工时间: 2062.00
2025-04-30 02:33:00,133 - DEBUG - 执行调度序列局部搜索，当前完工时间: 2062.00
2025-04-30 02:33:28,614 - DEBUG - schedule_local_search1成功！完工时间从 2062.00 降低到 2012.00，改进: 50.00 (2.42%)
2025-04-30 02:33:28,617 - DEBUG - 执行机器分配局部搜索，当前完工时间: 2234.00
2025-04-30 02:33:28,619 - DEBUG - 执行AGV分配局部搜索，当前完工时间: 2234.00
2025-04-30 02:33:28,623 - DEBUG - 执行调度序列局部搜索，当前完工时间: 2234.00
2025-04-30 02:34:03,121 - DEBUG - schedule_local_search1成功！完工时间从 2234.00 降低到 2194.00，改进: 40.00 (1.79%)
2025-04-30 02:34:03,126 - DEBUG - 执行机器分配局部搜索，当前完工时间: 2059.00
2025-04-30 02:34:03,134 - DEBUG - 执行AGV分配局部搜索，当前完工时间: 2059.00
2025-04-30 02:34:03,137 - DEBUG - 执行调度序列局部搜索，当前完工时间: 2059.00
2025-04-30 02:34:35,092 - DEBUG - schedule_local_search1成功！完工时间从 2059.00 降低到 2026.00，改进: 33.00 (1.60%)
2025-04-30 02:34:35,096 - DEBUG - 执行机器分配局部搜索，当前完工时间: 1988.00
2025-04-30 02:34:35,105 - DEBUG - 执行AGV分配局部搜索，当前完工时间: 1988.00
2025-04-30 02:34:35,108 - DEBUG - 执行调度序列局部搜索，当前完工时间: 1988.00
2025-04-30 02:34:35,115 - DEBUG - 所有局部搜索方法都未能改进当前解
2025-04-30 02:34:35,119 - DEBUG - 执行机器分配局部搜索，当前完工时间: 1962.00
2025-04-30 02:34:35,127 - DEBUG - 执行AGV分配局部搜索，当前完工时间: 1962.00
2025-04-30 02:34:35,131 - DEBUG - 执行调度序列局部搜索，当前完工时间: 1962.00
2025-04-30 02:35:09,007 - DEBUG - schedule_local_search1成功！完工时间从 1962.00 降低到 1882.00，改进: 80.00 (4.08%)
2025-04-30 02:35:09,012 - DEBUG - 执行机器分配局部搜索，当前完工时间: 1972.00
2025-04-30 02:35:09,020 - DEBUG - 执行AGV分配局部搜索，当前完工时间: 1972.00
2025-04-30 02:35:09,024 - DEBUG - 执行调度序列局部搜索，当前完工时间: 1972.00
2025-04-30 02:35:41,441 - DEBUG - schedule_local_search1成功！完工时间从 1972.00 降低到 1906.00，改进: 66.00 (3.35%)
2025-04-30 02:35:41,445 - DEBUG - 执行机器分配局部搜索，当前完工时间: 1987.00
2025-04-30 02:35:41,453 - DEBUG - machine_local_search1成功！完工时间从 1987.00 降低到 1984.00，改进: 3.00 (0.15%)
2025-04-30 02:35:41,455 - DEBUG - 执行机器分配局部搜索，当前完工时间: 2048.00
2025-04-30 02:35:41,465 - DEBUG - 执行AGV分配局部搜索，当前完工时间: 2048.00
2025-04-30 02:35:41,470 - DEBUG - 执行调度序列局部搜索，当前完工时间: 2048.00
2025-04-30 02:36:14,914 - DEBUG - schedule_local_search1成功！完工时间从 2048.00 降低到 2010.00，改进: 38.00 (1.86%)
2025-04-30 02:36:14,918 - DEBUG - 执行机器分配局部搜索，当前完工时间: 2036.00
2025-04-30 02:36:14,921 - DEBUG - machine_local_search2成功！完工时间从 2036.00 降低到 2034.00，改进: 2.00 (0.10%)
2025-04-30 02:36:14,925 - DEBUG - 执行机器分配局部搜索，当前完工时间: 2189.00
2025-04-30 02:36:14,934 - DEBUG - 执行AGV分配局部搜索，当前完工时间: 2189.00
2025-04-30 02:36:14,939 - DEBUG - 执行调度序列局部搜索，当前完工时间: 2189.00
2025-04-30 02:36:14,945 - DEBUG - 所有局部搜索方法都未能改进当前解
2025-04-30 02:36:14,950 - DEBUG - 执行机器分配局部搜索，当前完工时间: 2020.00
2025-04-30 02:36:14,958 - DEBUG - 执行AGV分配局部搜索，当前完工时间: 2020.00
2025-04-30 02:36:14,963 - DEBUG - 执行调度序列局部搜索，当前完工时间: 2020.00
2025-04-30 02:36:14,964 - DEBUG - 所有局部搜索方法都未能改进当前解
2025-04-30 02:36:14,967 - DEBUG - 执行机器分配局部搜索，当前完工时间: 2137.00
2025-04-30 02:36:14,971 - DEBUG - 执行AGV分配局部搜索，当前完工时间: 2137.00
2025-04-30 02:36:14,974 - DEBUG - 执行调度序列局部搜索，当前完工时间: 2137.00
2025-04-30 02:36:14,978 - DEBUG - 所有局部搜索方法都未能改进当前解
2025-04-30 02:36:14,982 - DEBUG - 执行机器分配局部搜索，当前完工时间: 2049.00
2025-04-30 02:36:14,990 - DEBUG - 执行AGV分配局部搜索，当前完工时间: 2049.00
2025-04-30 02:36:14,996 - DEBUG - 执行调度序列局部搜索，当前完工时间: 2049.00
2025-04-30 02:36:14,999 - DEBUG - 所有局部搜索方法都未能改进当前解
2025-04-30 02:36:15,003 - DEBUG - 执行机器分配局部搜索，当前完工时间: 2060.00
2025-04-30 02:36:15,011 - DEBUG - machine_local_search1成功！完工时间从 2060.00 降低到 2056.00，改进: 4.00 (0.19%)
2025-04-30 02:36:15,015 - DEBUG - 执行机器分配局部搜索，当前完工时间: 2109.00
2025-04-30 02:36:15,020 - DEBUG - machine_local_search2成功！完工时间从 2109.00 降低到 2101.00，改进: 8.00 (0.38%)
2025-04-30 02:36:15,023 - DEBUG - 执行机器分配局部搜索，当前完工时间: 2063.00
2025-04-30 02:36:15,027 - DEBUG - 执行AGV分配局部搜索，当前完工时间: 2063.00
2025-04-30 02:36:15,032 - DEBUG - 执行调度序列局部搜索，当前完工时间: 2063.00
2025-04-30 02:36:15,037 - DEBUG - schedule_local_search2成功！完工时间从 2063.00 降低到 2056.00，改进: 7.00 (0.34%)
2025-04-30 02:36:15,041 - DEBUG - 执行机器分配局部搜索，当前完工时间: 2046.00
2025-04-30 02:36:15,041 - DEBUG - 执行AGV分配局部搜索，当前完工时间: 2046.00
2025-04-30 02:36:15,045 - DEBUG - 执行调度序列局部搜索，当前完工时间: 2046.00
2025-04-30 02:36:47,371 - DEBUG - schedule_local_search1成功！完工时间从 2046.00 降低到 1990.00，改进: 56.00 (2.74%)
2025-04-30 02:36:47,377 - DEBUG - 执行机器分配局部搜索，当前完工时间: 2112.00
2025-04-30 02:36:47,380 - DEBUG - 执行AGV分配局部搜索，当前完工时间: 2112.00
2025-04-30 02:36:47,383 - DEBUG - 执行调度序列局部搜索，当前完工时间: 2112.00
2025-04-30 02:36:47,383 - DEBUG - 所有局部搜索方法都未能改进当前解
2025-04-30 02:36:47,387 - DEBUG - 执行机器分配局部搜索，当前完工时间: 2081.00
2025-04-30 02:36:47,391 - DEBUG - 执行AGV分配局部搜索，当前完工时间: 2081.00
2025-04-30 02:36:47,395 - DEBUG - 执行调度序列局部搜索，当前完工时间: 2081.00
2025-04-30 02:37:21,422 - DEBUG - schedule_local_search1成功！完工时间从 2081.00 降低到 2060.00，改进: 21.00 (1.01%)
2025-04-30 02:37:21,426 - DEBUG - 执行机器分配局部搜索，当前完工时间: 2074.00
2025-04-30 02:37:21,430 - DEBUG - machine_local_search2成功！完工时间从 2074.00 降低到 2073.00，改进: 1.00 (0.05%)
2025-04-30 02:37:21,433 - DEBUG - 执行机器分配局部搜索，当前完工时间: 1994.00
2025-04-30 02:37:21,441 - DEBUG - 执行AGV分配局部搜索，当前完工时间: 1994.00
2025-04-30 02:37:21,445 - DEBUG - agv_local_search2成功！完工时间从 1994.00 降低到 1934.00，改进: 60.00 (3.01%)
2025-04-30 02:37:21,449 - DEBUG - 执行机器分配局部搜索，当前完工时间: 2006.00
2025-04-30 02:37:21,457 - DEBUG - 执行AGV分配局部搜索，当前完工时间: 2006.00
2025-04-30 02:37:21,461 - DEBUG - 执行调度序列局部搜索，当前完工时间: 2006.00
2025-04-30 02:37:56,130 - DEBUG - 所有局部搜索方法都未能改进当前解
2025-04-30 02:37:56,136 - DEBUG - 执行机器分配局部搜索，当前完工时间: 1980.00
2025-04-30 02:37:56,142 - DEBUG - 执行AGV分配局部搜索，当前完工时间: 1980.00
2025-04-30 02:37:56,149 - DEBUG - 执行调度序列局部搜索，当前完工时间: 1980.00
2025-04-30 02:37:56,162 - DEBUG - schedule_local_search2成功！完工时间从 1980.00 降低到 1966.00，改进: 14.00 (0.71%)
2025-04-30 02:37:56,168 - DEBUG - 执行机器分配局部搜索，当前完工时间: 2006.00
2025-04-30 02:37:56,178 - DEBUG - 执行AGV分配局部搜索，当前完工时间: 2006.00
2025-04-30 02:37:56,183 - DEBUG - 执行调度序列局部搜索，当前完工时间: 2006.00
2025-04-30 02:38:30,006 - DEBUG - schedule_local_search1成功！完工时间从 2006.00 降低到 1986.00，改进: 20.00 (1.00%)
2025-04-30 02:38:30,010 - DEBUG - 执行机器分配局部搜索，当前完工时间: 2015.00
2025-04-30 02:38:30,018 - DEBUG - 执行AGV分配局部搜索，当前完工时间: 2015.00
2025-04-30 02:38:30,022 - DEBUG - 执行调度序列局部搜索，当前完工时间: 2015.00
2025-04-30 02:38:30,022 - DEBUG - 所有局部搜索方法都未能改进当前解
2025-04-30 02:38:30,025 - DEBUG - 执行机器分配局部搜索，当前完工时间: 1970.00
2025-04-30 02:38:30,034 - DEBUG - 执行AGV分配局部搜索，当前完工时间: 1970.00
2025-04-30 02:38:30,037 - DEBUG - 执行调度序列局部搜索，当前完工时间: 1970.00
2025-04-30 02:39:03,048 - DEBUG - schedule_local_search1成功！完工时间从 1970.00 降低到 1968.00，改进: 2.00 (0.10%)
2025-04-30 02:39:03,052 - DEBUG - 执行机器分配局部搜索，当前完工时间: 1926.00
2025-04-30 02:39:03,055 - DEBUG - 执行AGV分配局部搜索，当前完工时间: 1926.00
2025-04-30 02:39:03,058 - DEBUG - 执行调度序列局部搜索，当前完工时间: 1926.00
2025-04-30 02:39:32,210 - DEBUG - schedule_local_search1成功！完工时间从 1926.00 降低到 1897.00，改进: 29.00 (1.51%)
2025-04-30 02:39:32,214 - DEBUG - 执行机器分配局部搜索，当前完工时间: 1985.00
2025-04-30 02:39:32,222 - DEBUG - 执行AGV分配局部搜索，当前完工时间: 1985.00
2025-04-30 02:39:32,225 - DEBUG - 执行调度序列局部搜索，当前完工时间: 1985.00
2025-04-30 02:39:32,232 - DEBUG - 所有局部搜索方法都未能改进当前解
2025-04-30 02:39:32,235 - DEBUG - 执行机器分配局部搜索，当前完工时间: 2012.00
2025-04-30 02:39:32,238 - DEBUG - 执行AGV分配局部搜索，当前完工时间: 2012.00
2025-04-30 02:39:32,244 - DEBUG - 执行调度序列局部搜索，当前完工时间: 2012.00
2025-04-30 02:39:32,247 - DEBUG - 所有局部搜索方法都未能改进当前解
2025-04-30 02:39:32,251 - DEBUG - 执行机器分配局部搜索，当前完工时间: 2084.00
2025-04-30 02:39:32,255 - DEBUG - 执行AGV分配局部搜索，当前完工时间: 2084.00
2025-04-30 02:39:32,258 - DEBUG - agv_local_search2成功！完工时间从 2084.00 降低到 2053.00，改进: 31.00 (1.49%)
2025-04-30 02:39:32,262 - DEBUG - 执行机器分配局部搜索，当前完工时间: 2019.00
2025-04-30 02:39:32,262 - DEBUG - 执行AGV分配局部搜索，当前完工时间: 2019.00
2025-04-30 02:39:32,265 - DEBUG - 执行调度序列局部搜索，当前完工时间: 2019.00
2025-04-30 02:40:04,453 - DEBUG - schedule_local_search1成功！完工时间从 2019.00 降低到 2003.00，改进: 16.00 (0.79%)
2025-04-30 02:40:04,458 - DEBUG - 执行机器分配局部搜索，当前完工时间: 2177.00
2025-04-30 02:40:04,467 - DEBUG - 执行AGV分配局部搜索，当前完工时间: 2177.00
2025-04-30 02:40:04,470 - DEBUG - 执行调度序列局部搜索，当前完工时间: 2177.00
2025-04-30 02:40:35,712 - DEBUG - schedule_local_search1成功！完工时间从 2177.00 降低到 2064.00，改进: 113.00 (5.19%)
2025-04-30 02:40:35,716 - DEBUG - 执行机器分配局部搜索，当前完工时间: 2078.00
2025-04-30 02:40:35,725 - DEBUG - 执行AGV分配局部搜索，当前完工时间: 2078.00
2025-04-30 02:40:35,728 - DEBUG - 执行调度序列局部搜索，当前完工时间: 2078.00
2025-04-30 02:40:35,728 - DEBUG - 所有局部搜索方法都未能改进当前解
2025-04-30 02:40:35,733 - DEBUG - 执行机器分配局部搜索，当前完工时间: 2109.00
2025-04-30 02:40:35,736 - DEBUG - 执行AGV分配局部搜索，当前完工时间: 2109.00
2025-04-30 02:40:35,740 - DEBUG - 执行调度序列局部搜索，当前完工时间: 2109.00
2025-04-30 02:41:09,438 - DEBUG - schedule_local_search1成功！完工时间从 2109.00 降低到 1988.00，改进: 121.00 (5.74%)
2025-04-30 02:41:09,443 - DEBUG - 执行机器分配局部搜索，当前完工时间: 2096.00
2025-04-30 02:41:09,453 - DEBUG - 执行AGV分配局部搜索，当前完工时间: 2096.00
2025-04-30 02:41:09,456 - DEBUG - 执行调度序列局部搜索，当前完工时间: 2096.00
2025-04-30 02:41:46,318 - DEBUG - schedule_local_search1成功！完工时间从 2096.00 降低到 1977.00，改进: 119.00 (5.68%)
2025-04-30 02:41:46,323 - DEBUG - 执行机器分配局部搜索，当前完工时间: 1947.00
2025-04-30 02:41:46,334 - DEBUG - machine_local_search1成功！完工时间从 1947.00 降低到 1946.00，改进: 1.00 (0.05%)
2025-04-30 02:41:46,338 - DEBUG - 执行机器分配局部搜索，当前完工时间: 2143.00
2025-04-30 02:41:46,350 - DEBUG - machine_local_search1成功！完工时间从 2143.00 降低到 2139.00，改进: 4.00 (0.19%)
2025-04-30 02:41:46,356 - DEBUG - 执行机器分配局部搜索，当前完工时间: 1982.00
2025-04-30 02:41:46,370 - DEBUG - machine_local_search1成功！完工时间从 1982.00 降低到 1980.00，改进: 2.00 (0.10%)
2025-04-30 02:41:46,375 - DEBUG - 执行机器分配局部搜索，当前完工时间: 2058.00
2025-04-30 02:41:46,381 - DEBUG - 执行AGV分配局部搜索，当前完工时间: 2058.00
2025-04-30 02:41:46,385 - DEBUG - 执行调度序列局部搜索，当前完工时间: 2058.00
2025-04-30 02:41:46,390 - DEBUG - 所有局部搜索方法都未能改进当前解
2025-04-30 02:41:46,396 - DEBUG - 执行机器分配局部搜索，当前完工时间: 2103.00
2025-04-30 02:41:46,402 - DEBUG - machine_local_search2成功！完工时间从 2103.00 降低到 2095.00，改进: 8.00 (0.38%)
2025-04-30 02:41:46,408 - DEBUG - 执行机器分配局部搜索，当前完工时间: 2096.00
2025-04-30 02:41:46,419 - DEBUG - 执行AGV分配局部搜索，当前完工时间: 2096.00
2025-04-30 02:41:46,426 - DEBUG - 执行调度序列局部搜索，当前完工时间: 2096.00
2025-04-30 02:42:20,007 - DEBUG - schedule_local_search1成功！完工时间从 2096.00 降低到 2044.00，改进: 52.00 (2.48%)
2025-04-30 02:42:20,011 - DEBUG - 执行机器分配局部搜索，当前完工时间: 2043.00
2025-04-30 02:42:20,021 - DEBUG - 执行AGV分配局部搜索，当前完工时间: 2043.00
2025-04-30 02:42:20,024 - DEBUG - agv_local_search2成功！完工时间从 2043.00 降低到 2012.00，改进: 31.00 (1.52%)
2025-04-30 02:42:20,028 - DEBUG - 执行机器分配局部搜索，当前完工时间: 2032.00
2025-04-30 02:42:20,037 - DEBUG - 执行AGV分配局部搜索，当前完工时间: 2032.00
2025-04-30 02:42:20,042 - DEBUG - 执行调度序列局部搜索，当前完工时间: 2032.00
2025-04-30 02:42:52,810 - DEBUG - schedule_local_search1成功！完工时间从 2032.00 降低到 2022.00，改进: 10.00 (0.49%)
2025-04-30 02:42:52,815 - DEBUG - 执行机器分配局部搜索，当前完工时间: 2107.00
2025-04-30 02:42:52,819 - DEBUG - 执行AGV分配局部搜索，当前完工时间: 2107.00
2025-04-30 02:42:52,822 - DEBUG - 执行调度序列局部搜索，当前完工时间: 2107.00
2025-04-30 02:42:52,827 - DEBUG - 所有局部搜索方法都未能改进当前解
2025-04-30 02:42:52,831 - DEBUG - 执行机器分配局部搜索，当前完工时间: 1994.00
2025-04-30 02:42:52,839 - DEBUG - 执行AGV分配局部搜索，当前完工时间: 1994.00
2025-04-30 02:42:52,844 - DEBUG - 执行调度序列局部搜索，当前完工时间: 1994.00
2025-04-30 02:42:52,851 - DEBUG - schedule_local_search2成功！完工时间从 1994.00 降低到 1993.00，改进: 1.00 (0.05%)
2025-04-30 02:42:52,855 - DEBUG - 执行机器分配局部搜索，当前完工时间: 2045.00
2025-04-30 02:42:52,864 - DEBUG - 执行AGV分配局部搜索，当前完工时间: 2045.00
2025-04-30 02:42:52,867 - DEBUG - 执行调度序列局部搜索，当前完工时间: 2045.00
2025-04-30 02:43:23,887 - DEBUG - 所有局部搜索方法都未能改进当前解
2025-04-30 02:43:23,891 - DEBUG - 执行机器分配局部搜索，当前完工时间: 2015.00
2025-04-30 02:43:23,895 - DEBUG - machine_local_search2成功！完工时间从 2015.00 降低到 2011.00，改进: 4.00 (0.20%)
2025-04-30 02:43:23,898 - DEBUG - 执行机器分配局部搜索，当前完工时间: 2085.00
2025-04-30 02:43:23,906 - DEBUG - 执行AGV分配局部搜索，当前完工时间: 2085.00
2025-04-30 02:43:23,911 - DEBUG - 执行调度序列局部搜索，当前完工时间: 2085.00
2025-04-30 02:43:23,914 - DEBUG - schedule_local_search2成功！完工时间从 2085.00 降低到 2080.00，改进: 5.00 (0.24%)
2025-04-30 02:43:23,918 - DEBUG - 执行机器分配局部搜索，当前完工时间: 2137.00
2025-04-30 02:43:23,927 - DEBUG - 执行AGV分配局部搜索，当前完工时间: 2137.00
2025-04-30 02:43:23,930 - DEBUG - 执行调度序列局部搜索，当前完工时间: 2137.00
2025-04-30 02:43:56,890 - DEBUG - schedule_local_search1成功！完工时间从 2137.00 降低到 2083.00，改进: 54.00 (2.53%)
2025-04-30 02:43:56,894 - DEBUG - 执行机器分配局部搜索，当前完工时间: 2013.00
2025-04-30 02:43:56,904 - DEBUG - 执行AGV分配局部搜索，当前完工时间: 2013.00
2025-04-30 02:43:56,908 - DEBUG - 执行调度序列局部搜索，当前完工时间: 2013.00
2025-04-30 02:44:28,847 - DEBUG - schedule_local_search1成功！完工时间从 2013.00 降低到 1892.00，改进: 121.00 (6.01%)
2025-04-30 02:44:28,850 - DEBUG - 执行机器分配局部搜索，当前完工时间: 2314.00
2025-04-30 02:44:28,860 - DEBUG - machine_local_search1成功！完工时间从 2314.00 降低到 2312.00，改进: 2.00 (0.09%)
2025-04-30 02:44:28,864 - DEBUG - 执行机器分配局部搜索，当前完工时间: 2018.00
2025-04-30 02:44:28,865 - DEBUG - 执行AGV分配局部搜索，当前完工时间: 2018.00
2025-04-30 02:44:28,868 - DEBUG - 执行调度序列局部搜索，当前完工时间: 2018.00
2025-04-30 02:44:28,868 - DEBUG - 所有局部搜索方法都未能改进当前解
2025-04-30 02:44:28,871 - DEBUG - 执行机器分配局部搜索，当前完工时间: 2127.00
2025-04-30 02:44:28,875 - DEBUG - machine_local_search2成功！完工时间从 2127.00 降低到 2125.00，改进: 2.00 (0.09%)
2025-04-30 02:44:28,878 - DEBUG - 执行机器分配局部搜索，当前完工时间: 2004.00
2025-04-30 02:44:28,905 - DEBUG - machine_local_search1成功！完工时间从 2004.00 降低到 2000.00，改进: 4.00 (0.20%)
2025-04-30 02:44:28,909 - DEBUG - 执行机器分配局部搜索，当前完工时间: 2078.00
2025-04-30 02:44:28,913 - DEBUG - machine_local_search2成功！完工时间从 2078.00 降低到 2036.00，改进: 42.00 (2.02%)
2025-04-30 02:44:28,919 - DEBUG - 执行机器分配局部搜索，当前完工时间: 2084.00
2025-04-30 02:44:28,924 - DEBUG - 执行AGV分配局部搜索，当前完工时间: 2084.00
2025-04-30 02:44:28,930 - DEBUG - 执行调度序列局部搜索，当前完工时间: 2084.00
2025-04-30 02:45:01,525 - DEBUG - schedule_local_search1成功！完工时间从 2084.00 降低到 2064.00，改进: 20.00 (0.96%)
2025-04-30 02:45:01,530 - DEBUG - 执行机器分配局部搜索，当前完工时间: 2173.00
2025-04-30 02:45:01,532 - DEBUG - 执行AGV分配局部搜索，当前完工时间: 2173.00
2025-04-30 02:45:01,536 - DEBUG - 执行调度序列局部搜索，当前完工时间: 2173.00
2025-04-30 02:45:34,858 - DEBUG - schedule_local_search1成功！完工时间从 2173.00 降低到 2052.00，改进: 121.00 (5.57%)
2025-04-30 02:45:34,863 - DEBUG - 执行机器分配局部搜索，当前完工时间: 2002.00
2025-04-30 02:45:34,871 - DEBUG - 执行AGV分配局部搜索，当前完工时间: 2002.00
2025-04-30 02:45:34,875 - DEBUG - 执行调度序列局部搜索，当前完工时间: 2002.00
2025-04-30 02:46:07,825 - DEBUG - schedule_local_search1成功！完工时间从 2002.00 降低到 1957.00，改进: 45.00 (2.25%)
2025-04-30 02:46:07,830 - DEBUG - 执行机器分配局部搜索，当前完工时间: 1996.00
2025-04-30 02:46:07,837 - DEBUG - 执行AGV分配局部搜索，当前完工时间: 1996.00
2025-04-30 02:46:07,843 - DEBUG - 执行调度序列局部搜索，当前完工时间: 1996.00
2025-04-30 02:46:07,843 - DEBUG - 所有局部搜索方法都未能改进当前解
2025-04-30 02:46:07,848 - DEBUG - 执行机器分配局部搜索，当前完工时间: 2028.00
2025-04-30 02:46:07,856 - DEBUG - 执行AGV分配局部搜索，当前完工时间: 2028.00
2025-04-30 02:46:07,860 - DEBUG - 执行调度序列局部搜索，当前完工时间: 2028.00
2025-04-30 02:46:07,861 - DEBUG - 所有局部搜索方法都未能改进当前解
2025-04-30 02:46:07,865 - DEBUG - 执行机器分配局部搜索，当前完工时间: 2027.00
2025-04-30 02:46:07,872 - DEBUG - 执行AGV分配局部搜索，当前完工时间: 2027.00
2025-04-30 02:46:07,877 - DEBUG - 执行调度序列局部搜索，当前完工时间: 2027.00
2025-04-30 02:46:07,882 - DEBUG - 所有局部搜索方法都未能改进当前解
2025-04-30 02:46:07,886 - DEBUG - 执行机器分配局部搜索，当前完工时间: 2004.00
2025-04-30 02:46:07,894 - DEBUG - machine_local_search1成功！完工时间从 2004.00 降低到 1996.00，改进: 8.00 (0.40%)
2025-04-30 02:46:07,898 - DEBUG - 执行机器分配局部搜索，当前完工时间: 2086.00
2025-04-30 02:46:07,901 - DEBUG - 执行AGV分配局部搜索，当前完工时间: 2086.00
2025-04-30 02:46:07,905 - DEBUG - 执行调度序列局部搜索，当前完工时间: 2086.00
2025-04-30 02:46:07,905 - DEBUG - 所有局部搜索方法都未能改进当前解
2025-04-30 02:46:07,908 - DEBUG - 执行机器分配局部搜索，当前完工时间: 2048.00
2025-04-30 02:46:07,918 - DEBUG - 执行AGV分配局部搜索，当前完工时间: 2048.00
2025-04-30 02:46:07,923 - DEBUG - 执行调度序列局部搜索，当前完工时间: 2048.00
2025-04-30 02:46:38,936 - DEBUG - schedule_local_search1成功！完工时间从 2048.00 降低到 1987.00，改进: 61.00 (2.98%)
2025-04-30 02:46:38,940 - DEBUG - 执行机器分配局部搜索，当前完工时间: 2076.00
2025-04-30 02:46:38,941 - DEBUG - 执行AGV分配局部搜索，当前完工时间: 2076.00
2025-04-30 02:46:38,945 - DEBUG - 执行调度序列局部搜索，当前完工时间: 2076.00
2025-04-30 02:47:10,162 - DEBUG - 所有局部搜索方法都未能改进当前解
2025-04-30 02:47:10,165 - DEBUG - 执行机器分配局部搜索，当前完工时间: 2303.00
2025-04-30 02:47:10,169 - DEBUG - 执行AGV分配局部搜索，当前完工时间: 2303.00
2025-04-30 02:47:10,173 - DEBUG - 执行调度序列局部搜索，当前完工时间: 2303.00
2025-04-30 02:47:10,176 - DEBUG - 所有局部搜索方法都未能改进当前解
2025-04-30 02:47:10,180 - DEBUG - 执行机器分配局部搜索，当前完工时间: 2080.00
2025-04-30 02:47:10,188 - DEBUG - 执行AGV分配局部搜索，当前完工时间: 2080.00
2025-04-30 02:47:10,191 - DEBUG - 执行调度序列局部搜索，当前完工时间: 2080.00
2025-04-30 02:47:39,544 - DEBUG - 所有局部搜索方法都未能改进当前解
2025-04-30 02:47:39,549 - DEBUG - 执行机器分配局部搜索，当前完工时间: 2060.00
2025-04-30 02:47:39,559 - DEBUG - 执行AGV分配局部搜索，当前完工时间: 2060.00
2025-04-30 02:47:39,564 - DEBUG - 执行调度序列局部搜索，当前完工时间: 2060.00
2025-04-30 02:48:12,534 - DEBUG - schedule_local_search1成功！完工时间从 2060.00 降低到 1991.00，改进: 69.00 (3.35%)
2025-04-30 02:48:12,539 - DEBUG - 执行机器分配局部搜索，当前完工时间: 2128.00
2025-04-30 02:48:12,542 - DEBUG - 执行AGV分配局部搜索，当前完工时间: 2128.00
2025-04-30 02:48:12,546 - DEBUG - 执行调度序列局部搜索，当前完工时间: 2128.00
2025-04-30 02:48:12,549 - DEBUG - 所有局部搜索方法都未能改进当前解
2025-04-30 02:48:12,552 - DEBUG - 执行机器分配局部搜索，当前完工时间: 2054.00
2025-04-30 02:48:12,560 - DEBUG - 执行AGV分配局部搜索，当前完工时间: 2054.00
2025-04-30 02:48:12,564 - DEBUG - 执行调度序列局部搜索，当前完工时间: 2054.00
2025-04-30 02:48:12,567 - DEBUG - 所有局部搜索方法都未能改进当前解
2025-04-30 02:48:12,570 - DEBUG - 执行机器分配局部搜索，当前完工时间: 2159.00
2025-04-30 02:48:12,579 - DEBUG - machine_local_search1成功！完工时间从 2159.00 降低到 2149.00，改进: 10.00 (0.46%)
2025-04-30 02:48:12,582 - DEBUG - 执行机器分配局部搜索，当前完工时间: 1952.00
2025-04-30 02:48:12,589 - DEBUG - 执行AGV分配局部搜索，当前完工时间: 1952.00
2025-04-30 02:48:12,593 - DEBUG - 执行调度序列局部搜索，当前完工时间: 1952.00
2025-04-30 02:48:12,595 - DEBUG - 所有局部搜索方法都未能改进当前解
2025-04-30 02:48:12,600 - DEBUG - 执行机器分配局部搜索，当前完工时间: 2026.00
2025-04-30 02:48:12,608 - DEBUG - 执行AGV分配局部搜索，当前完工时间: 2026.00
2025-04-30 02:48:12,613 - DEBUG - 执行调度序列局部搜索，当前完工时间: 2026.00
2025-04-30 02:48:42,538 - DEBUG - schedule_local_search1成功！完工时间从 2026.00 降低到 2014.00，改进: 12.00 (0.59%)
2025-04-30 02:48:42,542 - DEBUG - 执行机器分配局部搜索，当前完工时间: 2003.00
2025-04-30 02:48:42,546 - DEBUG - machine_local_search2成功！完工时间从 2003.00 降低到 1997.00，改进: 6.00 (0.30%)
2025-04-30 02:48:42,550 - DEBUG - 执行机器分配局部搜索，当前完工时间: 2068.00
2025-04-30 02:48:42,553 - DEBUG - 执行AGV分配局部搜索，当前完工时间: 2068.00
2025-04-30 02:48:42,556 - DEBUG - 执行调度序列局部搜索，当前完工时间: 2068.00
2025-04-30 02:48:42,560 - DEBUG - schedule_local_search2成功！完工时间从 2068.00 降低到 2058.00，改进: 10.00 (0.48%)
2025-04-30 02:48:42,563 - DEBUG - 执行机器分配局部搜索，当前完工时间: 2132.00
2025-04-30 02:48:42,571 - DEBUG - machine_local_search1成功！完工时间从 2132.00 降低到 2128.00，改进: 4.00 (0.19%)
2025-04-30 02:48:42,574 - DEBUG - 执行机器分配局部搜索，当前完工时间: 2201.00
2025-04-30 02:48:42,583 - DEBUG - 执行AGV分配局部搜索，当前完工时间: 2201.00
2025-04-30 02:48:42,586 - DEBUG - 执行调度序列局部搜索，当前完工时间: 2201.00
2025-04-30 02:49:15,218 - DEBUG - schedule_local_search1成功！完工时间从 2201.00 降低到 2049.00，改进: 152.00 (6.91%)
2025-04-30 02:49:15,222 - DEBUG - 执行机器分配局部搜索，当前完工时间: 2219.00
2025-04-30 02:49:15,226 - DEBUG - 执行AGV分配局部搜索，当前完工时间: 2219.00
2025-04-30 02:49:15,229 - DEBUG - 执行调度序列局部搜索，当前完工时间: 2219.00
2025-04-30 02:49:45,838 - DEBUG - schedule_local_search1成功！完工时间从 2219.00 降低到 2194.00，改进: 25.00 (1.13%)
2025-04-30 02:49:45,842 - DEBUG - 执行机器分配局部搜索，当前完工时间: 2020.00
2025-04-30 02:49:45,851 - DEBUG - 执行AGV分配局部搜索，当前完工时间: 2020.00
2025-04-30 02:49:45,853 - DEBUG - 执行调度序列局部搜索，当前完工时间: 2020.00
2025-04-30 02:50:13,815 - DEBUG - schedule_local_search1成功！完工时间从 2020.00 降低到 1965.00，改进: 55.00 (2.72%)
2025-04-30 02:50:13,819 - DEBUG - 执行机器分配局部搜索，当前完工时间: 2024.00
2025-04-30 02:50:13,829 - DEBUG - 执行AGV分配局部搜索，当前完工时间: 2024.00
2025-04-30 02:50:13,834 - DEBUG - 执行调度序列局部搜索，当前完工时间: 2024.00
2025-04-30 02:50:46,345 - DEBUG - schedule_local_search1成功！完工时间从 2024.00 降低到 2016.00，改进: 8.00 (0.40%)
2025-04-30 02:50:46,349 - DEBUG - 执行机器分配局部搜索，当前完工时间: 2064.00
2025-04-30 02:50:46,351 - DEBUG - 执行AGV分配局部搜索，当前完工时间: 2064.00
2025-04-30 02:50:46,355 - DEBUG - 执行调度序列局部搜索，当前完工时间: 2064.00
2025-04-30 02:51:17,668 - DEBUG - schedule_local_search1成功！完工时间从 2064.00 降低到 2027.00，改进: 37.00 (1.79%)
2025-04-30 02:51:17,672 - DEBUG - 执行机器分配局部搜索，当前完工时间: 2143.00
2025-04-30 02:51:17,680 - DEBUG - 执行AGV分配局部搜索，当前完工时间: 2143.00
2025-04-30 02:51:17,685 - DEBUG - 执行调度序列局部搜索，当前完工时间: 2143.00
2025-04-30 02:51:48,364 - DEBUG - schedule_local_search1成功！完工时间从 2143.00 降低到 2141.00，改进: 2.00 (0.09%)
2025-04-30 02:51:48,368 - DEBUG - 执行机器分配局部搜索，当前完工时间: 2033.00
2025-04-30 02:51:48,376 - DEBUG - 执行AGV分配局部搜索，当前完工时间: 2033.00
2025-04-30 02:51:48,380 - DEBUG - agv_local_search3成功！完工时间从 2033.00 降低到 2031.00，改进: 2.00 (0.10%)
2025-04-30 02:51:48,383 - DEBUG - 执行机器分配局部搜索，当前完工时间: 1930.00
2025-04-30 02:51:48,392 - DEBUG - 执行AGV分配局部搜索，当前完工时间: 1930.00
2025-04-30 02:51:48,395 - DEBUG - agv_local_search2成功！完工时间从 1930.00 降低到 1903.00，改进: 27.00 (1.40%)
2025-04-30 02:51:48,399 - DEBUG - 执行机器分配局部搜索，当前完工时间: 2224.00
2025-04-30 02:51:48,406 - DEBUG - machine_local_search1成功！完工时间从 2224.00 降低到 2214.00，改进: 10.00 (0.45%)
2025-04-30 02:51:48,411 - DEBUG - 执行机器分配局部搜索，当前完工时间: 2163.00
2025-04-30 02:51:48,415 - DEBUG - machine_local_search2成功！完工时间从 2163.00 降低到 2159.00，改进: 4.00 (0.18%)
2025-04-30 02:51:48,418 - DEBUG - 执行机器分配局部搜索，当前完工时间: 1969.00
2025-04-30 02:51:48,419 - DEBUG - 执行AGV分配局部搜索，当前完工时间: 1969.00
2025-04-30 02:51:48,424 - DEBUG - 执行调度序列局部搜索，当前完工时间: 1969.00
2025-04-30 02:51:48,424 - DEBUG - 所有局部搜索方法都未能改进当前解
2025-04-30 02:51:48,428 - DEBUG - 执行机器分配局部搜索，当前完工时间: 1921.00
2025-04-30 02:51:48,431 - DEBUG - 执行AGV分配局部搜索，当前完工时间: 1921.00
2025-04-30 02:51:48,434 - DEBUG - 执行调度序列局部搜索，当前完工时间: 1921.00
2025-04-30 02:51:48,435 - DEBUG - 所有局部搜索方法都未能改进当前解
2025-04-30 02:51:49,764 - INFO - In generation 1，New best makespan: 1882.00
2025-04-30 02:51:49,764 - INFO - In generation 1/500, Subpopulation size - P1: 30, P2: 30, P3: 40
2025-04-30 02:51:49,764 - INFO - Subpopulation Quality Rank - P1: 2386, P2: 1564, P3: 1945
2025-04-30 02:51:49,764 - DEBUG - Start Generation 2/500...
2025-04-30 02:51:49,768 - DEBUG - 执行机器分配局部搜索，当前完工时间: 1988.00
2025-04-30 02:51:49,772 - DEBUG - 执行AGV分配局部搜索，当前完工时间: 1988.00
2025-04-30 02:51:49,776 - DEBUG - 执行调度序列局部搜索，当前完工时间: 1988.00
2025-04-30 02:52:21,644 - DEBUG - schedule_local_search1成功！完工时间从 1988.00 降低到 1971.00，改进: 17.00 (0.86%)
2025-04-30 02:52:21,649 - DEBUG - 执行机器分配局部搜索，当前完工时间: 2109.00
2025-04-30 02:52:21,652 - DEBUG - 执行AGV分配局部搜索，当前完工时间: 2109.00
2025-04-30 02:52:21,654 - DEBUG - 执行调度序列局部搜索，当前完工时间: 2109.00
2025-04-30 02:52:52,057 - DEBUG - schedule_local_search1成功！完工时间从 2109.00 降低到 1986.00，改进: 123.00 (5.83%)
2025-04-30 02:52:52,061 - DEBUG - 执行机器分配局部搜索，当前完工时间: 2203.00
2025-04-30 02:52:52,069 - DEBUG - 执行AGV分配局部搜索，当前完工时间: 2203.00
2025-04-30 02:52:52,073 - DEBUG - 执行调度序列局部搜索，当前完工时间: 2203.00
2025-04-30 02:52:52,073 - DEBUG - 所有局部搜索方法都未能改进当前解
2025-04-30 02:52:52,077 - DEBUG - 执行机器分配局部搜索，当前完工时间: 1990.00
2025-04-30 02:52:52,087 - DEBUG - 执行AGV分配局部搜索，当前完工时间: 1990.00
2025-04-30 02:52:52,090 - DEBUG - 执行调度序列局部搜索，当前完工时间: 1990.00
2025-04-30 02:53:23,862 - DEBUG - schedule_local_search1成功！完工时间从 1990.00 降低到 1986.00，改进: 4.00 (0.20%)
2025-04-30 02:53:23,865 - DEBUG - 执行机器分配局部搜索，当前完工时间: 2058.00
2025-04-30 02:53:23,875 - DEBUG - 执行AGV分配局部搜索，当前完工时间: 2058.00
2025-04-30 02:53:23,878 - DEBUG - 执行调度序列局部搜索，当前完工时间: 2058.00
2025-04-30 02:53:55,956 - DEBUG - schedule_local_search1成功！完工时间从 2058.00 降低到 1934.00，改进: 124.00 (6.03%)
2025-04-30 02:53:55,960 - DEBUG - 执行机器分配局部搜索，当前完工时间: 2122.00
2025-04-30 02:53:55,968 - DEBUG - machine_local_search1成功！完工时间从 2122.00 降低到 2114.00，改进: 8.00 (0.38%)
2025-04-30 02:53:55,971 - DEBUG - 执行机器分配局部搜索，当前完工时间: 2042.00
2025-04-30 02:53:55,980 - DEBUG - 执行AGV分配局部搜索，当前完工时间: 2042.00
2025-04-30 02:53:55,985 - DEBUG - 执行调度序列局部搜索，当前完工时间: 2042.00
2025-04-30 02:54:29,888 - DEBUG - schedule_local_search1成功！完工时间从 2042.00 降低到 2016.00，改进: 26.00 (1.27%)
2025-04-30 02:54:29,891 - DEBUG - 执行机器分配局部搜索，当前完工时间: 1972.00
2025-04-30 02:54:29,900 - DEBUG - 执行AGV分配局部搜索，当前完工时间: 1972.00
2025-04-30 02:54:29,903 - DEBUG - 执行调度序列局部搜索，当前完工时间: 1972.00
2025-04-30 02:54:29,906 - DEBUG - 所有局部搜索方法都未能改进当前解
2025-04-30 02:54:29,909 - DEBUG - 执行机器分配局部搜索，当前完工时间: 1939.00
2025-04-30 02:54:29,917 - DEBUG - 执行AGV分配局部搜索，当前完工时间: 1939.00
2025-04-30 02:54:29,921 - DEBUG - 执行调度序列局部搜索，当前完工时间: 1939.00
2025-04-30 02:54:29,921 - DEBUG - 所有局部搜索方法都未能改进当前解
2025-04-30 02:54:29,925 - DEBUG - 执行机器分配局部搜索，当前完工时间: 2071.00
2025-04-30 02:54:29,928 - DEBUG - machine_local_search2成功！完工时间从 2071.00 降低到 2067.00，改进: 4.00 (0.19%)
2025-04-30 02:54:29,932 - DEBUG - 执行机器分配局部搜索，当前完工时间: 1962.00
2025-04-30 02:54:29,939 - DEBUG - 执行AGV分配局部搜索，当前完工时间: 1962.00
2025-04-30 02:54:29,945 - DEBUG - 执行调度序列局部搜索，当前完工时间: 1962.00
2025-04-30 02:55:01,991 - DEBUG - 所有局部搜索方法都未能改进当前解
2025-04-30 02:55:01,995 - DEBUG - 执行机器分配局部搜索，当前完工时间: 2041.00
2025-04-30 02:55:02,003 - DEBUG - 执行AGV分配局部搜索，当前完工时间: 2041.00
2025-04-30 02:55:02,008 - DEBUG - 执行调度序列局部搜索，当前完工时间: 2041.00
2025-04-30 02:55:02,008 - DEBUG - 所有局部搜索方法都未能改进当前解
2025-04-30 02:55:02,011 - DEBUG - 执行机器分配局部搜索，当前完工时间: 1977.00
2025-04-30 02:55:02,016 - DEBUG - machine_local_search2成功！完工时间从 1977.00 降低到 1975.00，改进: 2.00 (0.10%)
2025-04-30 02:55:02,018 - DEBUG - 执行机器分配局部搜索，当前完工时间: 1928.00
2025-04-30 02:55:02,027 - DEBUG - 执行AGV分配局部搜索，当前完工时间: 1928.00
2025-04-30 02:55:02,031 - DEBUG - 执行调度序列局部搜索，当前完工时间: 1928.00
2025-04-30 02:55:33,087 - DEBUG - schedule_local_search1成功！完工时间从 1928.00 降低到 1921.00，改进: 7.00 (0.36%)
2025-04-30 02:55:33,090 - DEBUG - 执行机器分配局部搜索，当前完工时间: 1972.00
2025-04-30 02:55:33,099 - DEBUG - machine_local_search1成功！完工时间从 1972.00 降低到 1961.00，改进: 11.00 (0.56%)
2025-04-30 02:55:33,102 - DEBUG - 执行机器分配局部搜索，当前完工时间: 2178.00
2025-04-30 02:55:33,110 - DEBUG - 执行AGV分配局部搜索，当前完工时间: 2178.00
2025-04-30 02:55:33,114 - DEBUG - 执行调度序列局部搜索，当前完工时间: 2178.00
2025-04-30 02:55:33,118 - DEBUG - 所有局部搜索方法都未能改进当前解
2025-04-30 02:55:33,122 - DEBUG - 执行机器分配局部搜索，当前完工时间: 2071.00
2025-04-30 02:55:33,146 - DEBUG - 执行AGV分配局部搜索，当前完工时间: 2071.00
2025-04-30 02:55:33,150 - DEBUG - 执行调度序列局部搜索，当前完工时间: 2071.00
2025-04-30 02:55:33,153 - DEBUG - 所有局部搜索方法都未能改进当前解
2025-04-30 02:55:33,159 - DEBUG - 执行机器分配局部搜索，当前完工时间: 2048.00
2025-04-30 02:55:33,176 - DEBUG - 执行AGV分配局部搜索，当前完工时间: 2048.00
2025-04-30 02:55:33,180 - DEBUG - 执行调度序列局部搜索，当前完工时间: 2048.00
2025-04-30 02:56:05,833 - DEBUG - schedule_local_search1成功！完工时间从 2048.00 降低到 2008.00，改进: 40.00 (1.95%)
2025-04-30 02:56:05,836 - DEBUG - 执行机器分配局部搜索，当前完工时间: 1985.00
2025-04-30 02:56:05,845 - DEBUG - machine_local_search1成功！完工时间从 1985.00 降低到 1981.00，改进: 4.00 (0.20%)
2025-04-30 02:56:05,849 - DEBUG - 执行机器分配局部搜索，当前完工时间: 1982.00
2025-04-30 02:56:05,857 - DEBUG - 执行AGV分配局部搜索，当前完工时间: 1982.00
2025-04-30 02:56:05,861 - DEBUG - 执行调度序列局部搜索，当前完工时间: 1982.00
2025-04-30 02:56:05,862 - DEBUG - 所有局部搜索方法都未能改进当前解
2025-04-30 02:56:05,865 - DEBUG - 执行机器分配局部搜索，当前完工时间: 1995.00
2025-04-30 02:56:05,873 - DEBUG - machine_local_search1成功！完工时间从 1995.00 降低到 1983.00，改进: 12.00 (0.60%)
2025-04-30 02:56:05,877 - DEBUG - 执行机器分配局部搜索，当前完工时间: 2113.00
2025-04-30 02:56:05,880 - DEBUG - 执行AGV分配局部搜索，当前完工时间: 2113.00
2025-04-30 02:56:05,883 - DEBUG - 执行调度序列局部搜索，当前完工时间: 2113.00
2025-04-30 02:56:05,887 - DEBUG - 所有局部搜索方法都未能改进当前解
2025-04-30 02:56:05,891 - DEBUG - 执行机器分配局部搜索，当前完工时间: 2041.00
2025-04-30 02:56:05,894 - DEBUG - 执行AGV分配局部搜索，当前完工时间: 2041.00
2025-04-30 02:56:05,897 - DEBUG - 执行调度序列局部搜索，当前完工时间: 2041.00
2025-04-30 02:56:37,312 - DEBUG - schedule_local_search1成功！完工时间从 2041.00 降低到 2026.00，改进: 15.00 (0.73%)
2025-04-30 02:56:37,317 - DEBUG - 执行机器分配局部搜索，当前完工时间: 2039.00
2025-04-30 02:56:37,317 - DEBUG - 执行AGV分配局部搜索，当前完工时间: 2039.00
2025-04-30 02:56:37,320 - DEBUG - 执行调度序列局部搜索，当前完工时间: 2039.00
2025-04-30 02:56:37,324 - DEBUG - 所有局部搜索方法都未能改进当前解
2025-04-30 02:56:37,328 - DEBUG - 执行机器分配局部搜索，当前完工时间: 2052.00
2025-04-30 02:56:37,336 - DEBUG - 执行AGV分配局部搜索，当前完工时间: 2052.00
2025-04-30 02:56:37,339 - DEBUG - 执行调度序列局部搜索，当前完工时间: 2052.00
2025-04-30 02:57:10,570 - DEBUG - schedule_local_search1成功！完工时间从 2052.00 降低到 2012.00，改进: 40.00 (1.95%)
2025-04-30 02:57:10,573 - DEBUG - 执行机器分配局部搜索，当前完工时间: 1921.00
2025-04-30 02:57:10,582 - DEBUG - 执行AGV分配局部搜索，当前完工时间: 1921.00
2025-04-30 02:57:10,587 - DEBUG - 执行调度序列局部搜索，当前完工时间: 1921.00
2025-04-30 02:57:10,593 - DEBUG - 所有局部搜索方法都未能改进当前解
2025-04-30 02:57:10,597 - DEBUG - 执行机器分配局部搜索，当前完工时间: 1991.00
2025-04-30 02:57:10,604 - DEBUG - 执行AGV分配局部搜索，当前完工时间: 1991.00
2025-04-30 02:57:10,608 - DEBUG - 执行调度序列局部搜索，当前完工时间: 1991.00
2025-04-30 02:57:10,608 - DEBUG - 所有局部搜索方法都未能改进当前解
2025-04-30 02:57:10,612 - DEBUG - 执行机器分配局部搜索，当前完工时间: 1990.00
2025-04-30 02:57:10,616 - DEBUG - 执行AGV分配局部搜索，当前完工时间: 1990.00
2025-04-30 02:57:10,621 - DEBUG - 执行调度序列局部搜索，当前完工时间: 1990.00
2025-04-30 02:57:10,627 - DEBUG - 所有局部搜索方法都未能改进当前解
2025-04-30 02:57:10,630 - DEBUG - 执行机器分配局部搜索，当前完工时间: 1991.00
2025-04-30 02:57:10,634 - DEBUG - 执行AGV分配局部搜索，当前完工时间: 1991.00
2025-04-30 02:57:10,637 - DEBUG - 执行调度序列局部搜索，当前完工时间: 1991.00
2025-04-30 02:57:10,640 - DEBUG - 所有局部搜索方法都未能改进当前解
2025-04-30 02:57:10,644 - DEBUG - 执行机器分配局部搜索，当前完工时间: 2040.00
2025-04-30 02:57:10,645 - DEBUG - 执行AGV分配局部搜索，当前完工时间: 2040.00
2025-04-30 02:57:10,647 - DEBUG - agv_local_search3成功！完工时间从 2040.00 降低到 2037.00，改进: 3.00 (0.15%)
2025-04-30 02:57:10,651 - DEBUG - 执行机器分配局部搜索，当前完工时间: 2000.00
2025-04-30 02:57:10,659 - DEBUG - 执行AGV分配局部搜索，当前完工时间: 2000.00
2025-04-30 02:57:10,663 - DEBUG - 执行调度序列局部搜索，当前完工时间: 2000.00
2025-04-30 02:57:45,044 - DEBUG - schedule_local_search1成功！完工时间从 2000.00 降低到 1886.00，改进: 114.00 (5.70%)
2025-04-30 02:57:45,047 - DEBUG - 执行机器分配局部搜索，当前完工时间: 2049.00
2025-04-30 02:57:45,055 - DEBUG - 执行AGV分配局部搜索，当前完工时间: 2049.00
2025-04-30 02:57:45,059 - DEBUG - 执行调度序列局部搜索，当前完工时间: 2049.00
2025-04-30 02:57:45,060 - DEBUG - 所有局部搜索方法都未能改进当前解
2025-04-30 02:57:45,063 - DEBUG - 执行机器分配局部搜索，当前完工时间: 2037.00
2025-04-30 02:57:45,072 - DEBUG - machine_local_search1成功！完工时间从 2037.00 降低到 2029.00，改进: 8.00 (0.39%)
2025-04-30 02:57:45,075 - DEBUG - 执行机器分配局部搜索，当前完工时间: 2088.00
2025-04-30 02:57:45,079 - DEBUG - machine_local_search2成功！完工时间从 2088.00 降低到 2084.00，改进: 4.00 (0.19%)
2025-04-30 02:57:45,083 - DEBUG - 执行机器分配局部搜索，当前完工时间: 2009.00
2025-04-30 02:57:45,091 - DEBUG - 执行AGV分配局部搜索，当前完工时间: 2009.00
2025-04-30 02:57:45,095 - DEBUG - 执行调度序列局部搜索，当前完工时间: 2009.00
2025-04-30 02:57:45,098 - DEBUG - 所有局部搜索方法都未能改进当前解
2025-04-30 02:57:45,102 - DEBUG - 执行机器分配局部搜索，当前完工时间: 2092.00
2025-04-30 02:57:45,111 - DEBUG - machine_local_search1成功！完工时间从 2092.00 降低到 2084.00，改进: 8.00 (0.38%)
2025-04-30 02:57:45,115 - DEBUG - 执行机器分配局部搜索，当前完工时间: 2130.00
2025-04-30 02:57:45,118 - DEBUG - machine_local_search2成功！完工时间从 2130.00 降低到 2122.00，改进: 8.00 (0.38%)
2025-04-30 02:57:45,122 - DEBUG - 执行机器分配局部搜索，当前完工时间: 2090.00
2025-04-30 02:57:45,130 - DEBUG - 执行AGV分配局部搜索，当前完工时间: 2090.00
2025-04-30 02:57:45,134 - DEBUG - 执行调度序列局部搜索，当前完工时间: 2090.00
2025-04-30 02:57:45,137 - DEBUG - 所有局部搜索方法都未能改进当前解
2025-04-30 02:57:45,141 - DEBUG - 执行机器分配局部搜索，当前完工时间: 2090.00
2025-04-30 02:57:45,141 - DEBUG - 执行AGV分配局部搜索，当前完工时间: 2090.00
2025-04-30 02:57:45,145 - DEBUG - agv_local_search3成功！完工时间从 2090.00 降低到 2058.00，改进: 32.00 (1.53%)
2025-04-30 02:57:45,148 - DEBUG - 执行机器分配局部搜索，当前完工时间: 1969.00
2025-04-30 02:57:45,153 - DEBUG - 执行AGV分配局部搜索，当前完工时间: 1969.00
2025-04-30 02:57:45,158 - DEBUG - 执行调度序列局部搜索，当前完工时间: 1969.00
2025-04-30 02:57:45,162 - DEBUG - 所有局部搜索方法都未能改进当前解
2025-04-30 02:57:45,166 - DEBUG - 执行机器分配局部搜索，当前完工时间: 2077.00
2025-04-30 02:57:45,175 - DEBUG - 执行AGV分配局部搜索，当前完工时间: 2077.00
2025-04-30 02:57:45,180 - DEBUG - 执行调度序列局部搜索，当前完工时间: 2077.00
2025-04-30 02:57:45,180 - DEBUG - 所有局部搜索方法都未能改进当前解
2025-04-30 02:57:45,184 - DEBUG - 执行机器分配局部搜索，当前完工时间: 2008.00
2025-04-30 02:57:45,187 - DEBUG - machine_local_search2成功！完工时间从 2008.00 降低到 2000.00，改进: 8.00 (0.40%)
2025-04-30 02:57:45,190 - DEBUG - 执行机器分配局部搜索，当前完工时间: 2069.00
2025-04-30 02:57:45,191 - DEBUG - 执行AGV分配局部搜索，当前完工时间: 2069.00
2025-04-30 02:57:45,196 - DEBUG - 执行调度序列局部搜索，当前完工时间: 2069.00
2025-04-30 02:57:45,196 - DEBUG - 所有局部搜索方法都未能改进当前解
2025-04-30 02:57:45,200 - DEBUG - 执行机器分配局部搜索，当前完工时间: 1978.00
2025-04-30 02:57:45,204 - DEBUG - 执行AGV分配局部搜索，当前完工时间: 1978.00
2025-04-30 02:57:45,207 - DEBUG - 执行调度序列局部搜索，当前完工时间: 1978.00
2025-04-30 02:57:45,207 - DEBUG - 所有局部搜索方法都未能改进当前解
2025-04-30 02:57:45,211 - DEBUG - 执行机器分配局部搜索，当前完工时间: 2043.00
2025-04-30 02:57:45,214 - DEBUG - 执行AGV分配局部搜索，当前完工时间: 2043.00
2025-04-30 02:57:45,218 - DEBUG - 执行调度序列局部搜索，当前完工时间: 2043.00
2025-04-30 02:57:45,218 - DEBUG - 所有局部搜索方法都未能改进当前解
2025-04-30 02:57:45,222 - DEBUG - 执行机器分配局部搜索，当前完工时间: 1903.00
2025-04-30 02:57:45,231 - DEBUG - 执行AGV分配局部搜索，当前完工时间: 1903.00
2025-04-30 02:57:45,236 - DEBUG - 执行调度序列局部搜索，当前完工时间: 1903.00
2025-04-30 02:57:45,236 - DEBUG - 所有局部搜索方法都未能改进当前解
2025-04-30 02:57:45,240 - DEBUG - 执行机器分配局部搜索，当前完工时间: 2045.00
2025-04-30 02:57:45,241 - DEBUG - 执行AGV分配局部搜索，当前完工时间: 2045.00
2025-04-30 02:57:45,244 - DEBUG - 执行调度序列局部搜索，当前完工时间: 2045.00
2025-04-30 02:57:45,247 - DEBUG - schedule_local_search2成功！完工时间从 2045.00 降低到 2036.00，改进: 9.00 (0.44%)
2025-04-30 02:57:45,251 - DEBUG - 执行机器分配局部搜索，当前完工时间: 2053.00
2025-04-30 02:57:45,254 - DEBUG - 执行AGV分配局部搜索，当前完工时间: 2053.00
2025-04-30 02:57:45,257 - DEBUG - 执行调度序列局部搜索，当前完工时间: 2053.00
2025-04-30 02:57:45,260 - DEBUG - 所有局部搜索方法都未能改进当前解
2025-04-30 02:57:45,264 - DEBUG - 执行机器分配局部搜索，当前完工时间: 2071.00
2025-04-30 02:57:45,272 - DEBUG - machine_local_search1成功！完工时间从 2071.00 降低到 2067.00，改进: 4.00 (0.19%)
2025-04-30 02:57:45,275 - DEBUG - 执行机器分配局部搜索，当前完工时间: 1951.00
2025-04-30 02:57:45,283 - DEBUG - 执行AGV分配局部搜索，当前完工时间: 1951.00
2025-04-30 02:57:45,288 - DEBUG - 执行调度序列局部搜索，当前完工时间: 1951.00
2025-04-30 02:57:45,288 - DEBUG - 所有局部搜索方法都未能改进当前解
2025-04-30 02:57:45,292 - DEBUG - 执行机器分配局部搜索，当前完工时间: 1969.00
2025-04-30 02:57:45,293 - DEBUG - 执行AGV分配局部搜索，当前完工时间: 1969.00
2025-04-30 02:57:45,297 - DEBUG - 执行调度序列局部搜索，当前完工时间: 1969.00
2025-04-30 02:58:17,712 - DEBUG - schedule_local_search1成功！完工时间从 1969.00 降低到 1930.00，改进: 39.00 (1.98%)
2025-04-30 02:58:17,716 - DEBUG - 执行机器分配局部搜索，当前完工时间: 2114.00
2025-04-30 02:58:17,720 - DEBUG - 执行AGV分配局部搜索，当前完工时间: 2114.00
2025-04-30 02:58:17,724 - DEBUG - agv_local_search3成功！完工时间从 2114.00 降低到 2084.00，改进: 30.00 (1.42%)
2025-04-30 02:58:17,727 - DEBUG - 执行机器分配局部搜索，当前完工时间: 2075.00
2025-04-30 02:58:17,736 - DEBUG - machine_local_search1成功！完工时间从 2075.00 降低到 2074.00，改进: 1.00 (0.05%)
2025-04-30 02:58:17,739 - DEBUG - 执行机器分配局部搜索，当前完工时间: 2095.00
2025-04-30 02:58:17,749 - DEBUG - 执行AGV分配局部搜索，当前完工时间: 2095.00
2025-04-30 02:58:17,753 - DEBUG - 执行调度序列局部搜索，当前完工时间: 2095.00
2025-04-30 02:58:48,607 - DEBUG - schedule_local_search1成功！完工时间从 2095.00 降低到 2042.00，改进: 53.00 (2.53%)
2025-04-30 02:58:48,611 - DEBUG - 执行机器分配局部搜索，当前完工时间: 1986.00
2025-04-30 02:58:48,612 - DEBUG - 执行AGV分配局部搜索，当前完工时间: 1986.00
2025-04-30 02:58:48,616 - DEBUG - 执行调度序列局部搜索，当前完工时间: 1986.00
2025-04-30 02:58:48,619 - DEBUG - 所有局部搜索方法都未能改进当前解
2025-04-30 02:58:48,623 - DEBUG - 执行机器分配局部搜索，当前完工时间: 1942.00
2025-04-30 02:58:48,626 - DEBUG - 执行AGV分配局部搜索，当前完工时间: 1942.00
2025-04-30 02:58:48,630 - DEBUG - 执行调度序列局部搜索，当前完工时间: 1942.00
2025-04-30 02:58:48,630 - DEBUG - 所有局部搜索方法都未能改进当前解
2025-04-30 02:58:48,634 - DEBUG - 执行机器分配局部搜索，当前完工时间: 2057.00
2025-04-30 02:58:48,643 - DEBUG - 执行AGV分配局部搜索，当前完工时间: 2057.00
2025-04-30 02:58:48,648 - DEBUG - 执行调度序列局部搜索，当前完工时间: 2057.00
2025-04-30 02:58:48,651 - DEBUG - 所有局部搜索方法都未能改进当前解
2025-04-30 02:58:48,654 - DEBUG - 执行机器分配局部搜索，当前完工时间: 1968.00
2025-04-30 02:58:48,663 - DEBUG - machine_local_search1成功！完工时间从 1968.00 降低到 1966.00，改进: 2.00 (0.10%)
2025-04-30 02:58:48,666 - DEBUG - 执行机器分配局部搜索，当前完工时间: 1945.00
2025-04-30 02:58:48,675 - DEBUG - 执行AGV分配局部搜索，当前完工时间: 1945.00
2025-04-30 02:58:48,680 - DEBUG - 执行调度序列局部搜索，当前完工时间: 1945.00
2025-04-30 02:58:48,686 - DEBUG - 所有局部搜索方法都未能改进当前解
2025-04-30 02:58:48,689 - DEBUG - 执行机器分配局部搜索，当前完工时间: 2000.00
2025-04-30 02:58:48,697 - DEBUG - machine_local_search1成功！完工时间从 2000.00 降低到 1995.00，改进: 5.00 (0.25%)
2025-04-30 02:58:48,701 - DEBUG - 执行机器分配局部搜索，当前完工时间: 1966.00
2025-04-30 02:58:48,709 - DEBUG - 执行AGV分配局部搜索，当前完工时间: 1966.00
2025-04-30 02:58:48,712 - DEBUG - 执行调度序列局部搜索，当前完工时间: 1966.00
2025-04-30 02:59:21,418 - DEBUG - schedule_local_search1成功！完工时间从 1966.00 降低到 1920.00，改进: 46.00 (2.34%)
2025-04-30 02:59:21,422 - DEBUG - 执行机器分配局部搜索，当前完工时间: 1997.00
2025-04-30 02:59:21,430 - DEBUG - 执行AGV分配局部搜索，当前完工时间: 1997.00
2025-04-30 02:59:21,433 - DEBUG - 执行调度序列局部搜索，当前完工时间: 1997.00
2025-04-30 02:59:53,475 - DEBUG - schedule_local_search1成功！完工时间从 1997.00 降低到 1977.00，改进: 20.00 (1.00%)
2025-04-30 02:59:53,478 - DEBUG - 执行机器分配局部搜索，当前完工时间: 2088.00
2025-04-30 02:59:53,481 - DEBUG - machine_local_search2成功！完工时间从 2088.00 降低到 2086.00，改进: 2.00 (0.10%)
2025-04-30 02:59:53,485 - DEBUG - 执行机器分配局部搜索，当前完工时间: 2014.00
2025-04-30 02:59:53,493 - DEBUG - 执行AGV分配局部搜索，当前完工时间: 2014.00
2025-04-30 02:59:53,498 - DEBUG - 执行调度序列局部搜索，当前完工时间: 2014.00
2025-04-30 02:59:53,499 - DEBUG - 所有局部搜索方法都未能改进当前解
2025-04-30 02:59:53,503 - DEBUG - 执行机器分配局部搜索，当前完工时间: 2012.00
2025-04-30 02:59:53,511 - DEBUG - machine_local_search1成功！完工时间从 2012.00 降低到 2003.00，改进: 9.00 (0.45%)
2025-04-30 02:59:53,514 - DEBUG - 执行机器分配局部搜索，当前完工时间: 1998.00
2025-04-30 02:59:53,522 - DEBUG - 执行AGV分配局部搜索，当前完工时间: 1998.00
2025-04-30 02:59:53,526 - DEBUG - 执行调度序列局部搜索，当前完工时间: 1998.00
2025-04-30 03:00:26,171 - DEBUG - schedule_local_search1成功！完工时间从 1998.00 降低到 1944.00，改进: 54.00 (2.70%)
2025-04-30 03:00:26,174 - DEBUG - 执行机器分配局部搜索，当前完工时间: 2020.00
2025-04-30 03:00:26,183 - DEBUG - 执行AGV分配局部搜索，当前完工时间: 2020.00
2025-04-30 03:00:26,187 - DEBUG - 执行调度序列局部搜索，当前完工时间: 2020.00
2025-04-30 03:00:26,192 - DEBUG - 所有局部搜索方法都未能改进当前解
2025-04-30 03:00:26,196 - DEBUG - 执行机器分配局部搜索，当前完工时间: 1921.00
2025-04-30 03:00:26,200 - DEBUG - 执行AGV分配局部搜索，当前完工时间: 1921.00
2025-04-30 03:00:26,203 - DEBUG - 执行调度序列局部搜索，当前完工时间: 1921.00
2025-04-30 03:00:57,904 - DEBUG - schedule_local_search1成功！完工时间从 1921.00 降低到 1894.00，改进: 27.00 (1.41%)
2025-04-30 03:00:57,907 - DEBUG - 执行机器分配局部搜索，当前完工时间: 2118.00
2025-04-30 03:00:57,916 - DEBUG - 执行AGV分配局部搜索，当前完工时间: 2118.00
2025-04-30 03:00:57,919 - DEBUG - 执行调度序列局部搜索，当前完工时间: 2118.00
2025-04-30 03:00:57,926 - DEBUG - 所有局部搜索方法都未能改进当前解
2025-04-30 03:00:57,930 - DEBUG - 执行机器分配局部搜索，当前完工时间: 1978.00
2025-04-30 03:00:57,934 - DEBUG - 执行AGV分配局部搜索，当前完工时间: 1978.00
2025-04-30 03:00:57,940 - DEBUG - 执行调度序列局部搜索，当前完工时间: 1978.00
2025-04-30 03:01:31,676 - DEBUG - 所有局部搜索方法都未能改进当前解
2025-04-30 03:01:31,680 - DEBUG - 执行机器分配局部搜索，当前完工时间: 2021.00
2025-04-30 03:01:31,703 - DEBUG - machine_local_search1成功！完工时间从 2021.00 降低到 2008.00，改进: 13.00 (0.64%)
2025-04-30 03:01:31,706 - DEBUG - 执行机器分配局部搜索，当前完工时间: 2048.00
2025-04-30 03:01:31,710 - DEBUG - 执行AGV分配局部搜索，当前完工时间: 2048.00
2025-04-30 03:01:31,716 - DEBUG - 执行调度序列局部搜索，当前完工时间: 2048.00
2025-04-30 03:02:03,728 - DEBUG - schedule_local_search1成功！完工时间从 2048.00 降低到 1986.00，改进: 62.00 (3.03%)
2025-04-30 03:02:03,732 - DEBUG - 执行机器分配局部搜索，当前完工时间: 1962.00
2025-04-30 03:02:03,741 - DEBUG - 执行AGV分配局部搜索，当前完工时间: 1962.00
2025-04-30 03:02:03,745 - DEBUG - agv_local_search2成功！完工时间从 1962.00 降低到 1934.00，改进: 28.00 (1.43%)
2025-04-30 03:02:03,748 - DEBUG - 执行机器分配局部搜索，当前完工时间: 1962.00
2025-04-30 03:02:03,752 - DEBUG - machine_local_search2成功！完工时间从 1962.00 降低到 1960.00，改进: 2.00 (0.10%)
2025-04-30 03:02:03,756 - DEBUG - 执行机器分配局部搜索，当前完工时间: 2167.00
2025-04-30 03:02:03,765 - DEBUG - machine_local_search1成功！完工时间从 2167.00 降低到 2160.00，改进: 7.00 (0.32%)
2025-04-30 03:02:03,768 - DEBUG - 执行机器分配局部搜索，当前完工时间: 1907.00
2025-04-30 03:02:03,776 - DEBUG - 执行AGV分配局部搜索，当前完工时间: 1907.00
2025-04-30 03:02:03,782 - DEBUG - 执行调度序列局部搜索，当前完工时间: 1907.00
2025-04-30 03:02:34,707 - DEBUG - schedule_local_search1成功！完工时间从 1907.00 降低到 1894.00，改进: 13.00 (0.68%)
2025-04-30 03:02:34,711 - DEBUG - 执行机器分配局部搜索，当前完工时间: 2191.00
2025-04-30 03:02:34,715 - DEBUG - machine_local_search2成功！完工时间从 2191.00 降低到 2189.00，改进: 2.00 (0.09%)
2025-04-30 03:02:34,719 - DEBUG - 执行机器分配局部搜索，当前完工时间: 1996.00
2025-04-30 03:02:34,727 - DEBUG - machine_local_search1成功！完工时间从 1996.00 降低到 1986.00，改进: 10.00 (0.50%)
2025-04-30 03:02:34,731 - DEBUG - 执行机器分配局部搜索，当前完工时间: 2067.00
2025-04-30 03:02:34,739 - DEBUG - 执行AGV分配局部搜索，当前完工时间: 2067.00
2025-04-30 03:02:34,742 - DEBUG - 执行调度序列局部搜索，当前完工时间: 2067.00
2025-04-30 03:02:34,749 - DEBUG - 所有局部搜索方法都未能改进当前解
2025-04-30 03:02:34,752 - DEBUG - 执行机器分配局部搜索，当前完工时间: 2212.00
2025-04-30 03:02:34,761 - DEBUG - 执行AGV分配局部搜索，当前完工时间: 2212.00
2025-04-30 03:02:34,764 - DEBUG - 执行调度序列局部搜索，当前完工时间: 2212.00
2025-04-30 03:03:08,869 - DEBUG - schedule_local_search1成功！完工时间从 2212.00 降低到 2138.00，改进: 74.00 (3.35%)
2025-04-30 03:03:08,873 - DEBUG - 执行机器分配局部搜索，当前完工时间: 2081.00
2025-04-30 03:03:08,881 - DEBUG - machine_local_search1成功！完工时间从 2081.00 降低到 2074.00，改进: 7.00 (0.34%)
2025-04-30 03:03:08,885 - DEBUG - 执行机器分配局部搜索，当前完工时间: 1979.00
2025-04-30 03:03:08,893 - DEBUG - 执行AGV分配局部搜索，当前完工时间: 1979.00
2025-04-30 03:03:08,896 - DEBUG - 执行调度序列局部搜索，当前完工时间: 1979.00
2025-04-30 03:03:44,137 - DEBUG - schedule_local_search1成功！完工时间从 1979.00 降低到 1935.00，改进: 44.00 (2.22%)
2025-04-30 03:03:44,140 - DEBUG - 执行机器分配局部搜索，当前完工时间: 1952.00
2025-04-30 03:03:44,143 - DEBUG - 执行AGV分配局部搜索，当前完工时间: 1952.00
2025-04-30 03:03:44,147 - DEBUG - 执行调度序列局部搜索，当前完工时间: 1952.00
2025-04-30 03:04:17,423 - DEBUG - schedule_local_search1成功！完工时间从 1952.00 降低到 1892.00，改进: 60.00 (3.07%)
2025-04-30 03:04:17,428 - DEBUG - 执行机器分配局部搜索，当前完工时间: 2181.00
2025-04-30 03:04:17,437 - DEBUG - machine_local_search1成功！完工时间从 2181.00 降低到 2177.00，改进: 4.00 (0.18%)
2025-04-30 03:04:17,441 - DEBUG - 执行机器分配局部搜索，当前完工时间: 1986.00
2025-04-30 03:04:17,441 - DEBUG - 执行AGV分配局部搜索，当前完工时间: 1986.00
2025-04-30 03:04:17,447 - DEBUG - 执行调度序列局部搜索，当前完工时间: 1986.00
2025-04-30 03:04:48,655 - DEBUG - schedule_local_search1成功！完工时间从 1986.00 降低到 1966.00，改进: 20.00 (1.01%)
2025-04-30 03:04:48,660 - DEBUG - 执行机器分配局部搜索，当前完工时间: 1975.00
2025-04-30 03:04:48,668 - DEBUG - machine_local_search1成功！完工时间从 1975.00 降低到 1971.00，改进: 4.00 (0.20%)
2025-04-30 03:04:48,672 - DEBUG - 执行机器分配局部搜索，当前完工时间: 1948.00
2025-04-30 03:04:48,676 - DEBUG - 执行AGV分配局部搜索，当前完工时间: 1948.00
2025-04-30 03:04:48,684 - DEBUG - 执行调度序列局部搜索，当前完工时间: 1948.00
2025-04-30 03:04:48,689 - DEBUG - 所有局部搜索方法都未能改进当前解
2025-04-30 03:04:48,693 - DEBUG - 执行机器分配局部搜索，当前完工时间: 2007.00
2025-04-30 03:04:48,698 - DEBUG - 执行AGV分配局部搜索，当前完工时间: 2007.00
2025-04-30 03:04:48,704 - DEBUG - 执行调度序列局部搜索，当前完工时间: 2007.00
2025-04-30 03:05:20,851 - DEBUG - schedule_local_search1成功！完工时间从 2007.00 降低到 1993.00，改进: 14.00 (0.70%)
2025-04-30 03:05:20,856 - DEBUG - 执行机器分配局部搜索，当前完工时间: 2077.00
2025-04-30 03:05:20,865 - DEBUG - 执行AGV分配局部搜索，当前完工时间: 2077.00
2025-04-30 03:05:20,868 - DEBUG - 执行调度序列局部搜索，当前完工时间: 2077.00
2025-04-30 03:05:20,869 - DEBUG - 所有局部搜索方法都未能改进当前解
2025-04-30 03:05:20,873 - DEBUG - 执行机器分配局部搜索，当前完工时间: 2023.00
2025-04-30 03:05:20,876 - DEBUG - 执行AGV分配局部搜索，当前完工时间: 2023.00
2025-04-30 03:05:20,880 - DEBUG - agv_local_search2成功！完工时间从 2023.00 降低到 2002.00，改进: 21.00 (1.04%)
2025-04-30 03:05:20,883 - DEBUG - 执行机器分配局部搜索，当前完工时间: 1903.00
2025-04-30 03:05:20,891 - DEBUG - 执行AGV分配局部搜索，当前完工时间: 1903.00
2025-04-30 03:05:20,895 - DEBUG - 执行调度序列局部搜索，当前完工时间: 1903.00
2025-04-30 03:05:20,895 - DEBUG - 所有局部搜索方法都未能改进当前解
2025-04-30 03:05:20,899 - DEBUG - 执行机器分配局部搜索，当前完工时间: 1965.00
2025-04-30 03:05:20,906 - DEBUG - 执行AGV分配局部搜索，当前完工时间: 1965.00
2025-04-30 03:05:20,910 - DEBUG - 执行调度序列局部搜索，当前完工时间: 1965.00
2025-04-30 03:05:53,346 - DEBUG - schedule_local_search1成功！完工时间从 1965.00 降低到 1960.00，改进: 5.00 (0.25%)
2025-04-30 03:05:53,350 - DEBUG - 执行机器分配局部搜索，当前完工时间: 2032.00
2025-04-30 03:05:53,358 - DEBUG - machine_local_search1成功！完工时间从 2032.00 降低到 2028.00，改进: 4.00 (0.20%)
2025-04-30 03:05:53,361 - DEBUG - 执行机器分配局部搜索，当前完工时间: 2053.00
2025-04-30 03:05:53,365 - DEBUG - 执行AGV分配局部搜索，当前完工时间: 2053.00
2025-04-30 03:05:53,368 - DEBUG - agv_local_search2成功！完工时间从 2053.00 降低到 2047.00，改进: 6.00 (0.29%)
2025-04-30 03:05:53,372 - DEBUG - 执行机器分配局部搜索，当前完工时间: 2041.00
2025-04-30 03:05:53,375 - DEBUG - 执行AGV分配局部搜索，当前完工时间: 2041.00
2025-04-30 03:05:53,378 - DEBUG - 执行调度序列局部搜索，当前完工时间: 2041.00
2025-04-30 03:05:53,382 - DEBUG - 所有局部搜索方法都未能改进当前解
2025-04-30 03:05:53,386 - DEBUG - 执行机器分配局部搜索，当前完工时间: 2039.00
2025-04-30 03:05:53,397 - DEBUG - 执行AGV分配局部搜索，当前完工时间: 2039.00
2025-04-30 03:05:53,401 - DEBUG - 执行调度序列局部搜索，当前完工时间: 2039.00
2025-04-30 03:05:53,407 - DEBUG - 所有局部搜索方法都未能改进当前解
2025-04-30 03:05:53,411 - DEBUG - 执行机器分配局部搜索，当前完工时间: 2027.00
2025-04-30 03:05:53,419 - DEBUG - 执行AGV分配局部搜索，当前完工时间: 2027.00
2025-04-30 03:05:53,422 - DEBUG - 执行调度序列局部搜索，当前完工时间: 2027.00
2025-04-30 03:05:53,429 - DEBUG - 所有局部搜索方法都未能改进当前解
2025-04-30 03:05:53,432 - DEBUG - 执行机器分配局部搜索，当前完工时间: 1943.00
2025-04-30 03:05:53,440 - DEBUG - 执行AGV分配局部搜索，当前完工时间: 1943.00
2025-04-30 03:05:53,445 - DEBUG - 执行调度序列局部搜索，当前完工时间: 1943.00
2025-04-30 03:05:53,451 - DEBUG - 所有局部搜索方法都未能改进当前解
2025-04-30 03:05:53,454 - DEBUG - 执行机器分配局部搜索，当前完工时间: 2110.00
2025-04-30 03:05:53,458 - DEBUG - 执行AGV分配局部搜索，当前完工时间: 2110.00
2025-04-30 03:05:53,460 - DEBUG - 执行调度序列局部搜索，当前完工时间: 2110.00
2025-04-30 03:05:53,468 - DEBUG - schedule_local_search2成功！完工时间从 2110.00 降低到 2103.00，改进: 7.00 (0.33%)
2025-04-30 03:05:53,471 - DEBUG - 执行机器分配局部搜索，当前完工时间: 2057.00
2025-04-30 03:05:53,480 - DEBUG - machine_local_search1成功！完工时间从 2057.00 降低到 2051.00，改进: 6.00 (0.29%)
2025-04-30 03:05:54,809 - INFO - In generation 2/500, Subpopulation size - P1: 30, P2: 31, P3: 39
2025-04-30 03:05:54,809 - INFO - Subpopulation Quality Rank - P1: 2476, P2: 1727, P3: 1962
2025-04-30 03:05:54,810 - DEBUG - Start Generation 3/500...
2025-04-30 03:05:54,813 - DEBUG - 执行机器分配局部搜索，当前完工时间: 2016.00
2025-04-30 03:05:54,813 - DEBUG - 执行AGV分配局部搜索，当前完工时间: 2016.00
2025-04-30 03:05:54,818 - DEBUG - 执行调度序列局部搜索，当前完工时间: 2016.00
2025-04-30 03:06:27,331 - DEBUG - schedule_local_search1成功！完工时间从 2016.00 降低到 1930.00，改进: 86.00 (4.27%)
2025-04-30 03:06:27,335 - DEBUG - 执行机器分配局部搜索，当前完工时间: 2060.00
2025-04-30 03:06:27,338 - DEBUG - 执行AGV分配局部搜索，当前完工时间: 2060.00
2025-04-30 03:06:27,342 - DEBUG - 执行调度序列局部搜索，当前完工时间: 2060.00
2025-04-30 03:06:58,772 - DEBUG - schedule_local_search1成功！完工时间从 2060.00 降低到 2044.00，改进: 16.00 (0.78%)
2025-04-30 03:06:58,777 - DEBUG - 执行机器分配局部搜索，当前完工时间: 2092.00
2025-04-30 03:06:58,786 - DEBUG - 执行AGV分配局部搜索，当前完工时间: 2092.00
2025-04-30 03:06:58,789 - DEBUG - 执行调度序列局部搜索，当前完工时间: 2092.00
2025-04-30 03:07:32,457 - DEBUG - schedule_local_search1成功！完工时间从 2092.00 降低到 2077.00，改进: 15.00 (0.72%)
2025-04-30 03:07:32,461 - DEBUG - 执行机器分配局部搜索，当前完工时间: 1979.00
2025-04-30 03:07:32,469 - DEBUG - machine_local_search1成功！完工时间从 1979.00 降低到 1975.00，改进: 4.00 (0.20%)
2025-04-30 03:07:32,474 - DEBUG - 执行机器分配局部搜索，当前完工时间: 2008.00
2025-04-30 03:07:32,477 - DEBUG - machine_local_search2成功！完工时间从 2008.00 降低到 2004.00，改进: 4.00 (0.20%)
2025-04-30 03:07:32,480 - DEBUG - 执行机器分配局部搜索，当前完工时间: 1948.00
2025-04-30 03:07:32,488 - DEBUG - machine_local_search1成功！完工时间从 1948.00 降低到 1945.00，改进: 3.00 (0.15%)
2025-04-30 03:07:32,492 - DEBUG - 执行机器分配局部搜索，当前完工时间: 2021.00
2025-04-30 03:07:32,495 - DEBUG - 执行AGV分配局部搜索，当前完工时间: 2021.00
2025-04-30 03:07:32,499 - DEBUG - 执行调度序列局部搜索，当前完工时间: 2021.00
2025-04-30 03:07:32,499 - DEBUG - 所有局部搜索方法都未能改进当前解
2025-04-30 03:07:32,503 - DEBUG - 执行机器分配局部搜索，当前完工时间: 1949.00
2025-04-30 03:07:32,511 - DEBUG - 执行AGV分配局部搜索，当前完工时间: 1949.00
2025-04-30 03:07:32,516 - DEBUG - 执行调度序列局部搜索，当前完工时间: 1949.00
2025-04-30 03:07:32,521 - DEBUG - 所有局部搜索方法都未能改进当前解
2025-04-30 03:07:32,525 - DEBUG - 执行机器分配局部搜索，当前完工时间: 1950.00
2025-04-30 03:07:32,533 - DEBUG - machine_local_search1成功！完工时间从 1950.00 降低到 1940.00，改进: 10.00 (0.51%)
2025-04-30 03:07:32,536 - DEBUG - 执行机器分配局部搜索，当前完工时间: 1903.00
2025-04-30 03:07:32,539 - DEBUG - 执行AGV分配局部搜索，当前完工时间: 1903.00
2025-04-30 03:07:32,542 - DEBUG - 执行调度序列局部搜索，当前完工时间: 1903.00
2025-04-30 03:07:32,543 - DEBUG - 所有局部搜索方法都未能改进当前解
2025-04-30 03:07:32,546 - DEBUG - 执行机器分配局部搜索，当前完工时间: 2094.00
2025-04-30 03:07:32,555 - DEBUG - machine_local_search1成功！完工时间从 2094.00 降低到 2082.00，改进: 12.00 (0.57%)
2025-04-30 03:07:32,559 - DEBUG - 执行机器分配局部搜索，当前完工时间: 1972.00
2025-04-30 03:07:32,566 - DEBUG - 执行AGV分配局部搜索，当前完工时间: 1972.00
2025-04-30 03:07:32,569 - DEBUG - 执行调度序列局部搜索，当前完工时间: 1972.00
2025-04-30 03:08:06,414 - DEBUG - schedule_local_search1成功！完工时间从 1972.00 降低到 1938.00，改进: 34.00 (1.72%)
2025-04-30 03:08:06,417 - DEBUG - 执行机器分配局部搜索，当前完工时间: 2098.00
2025-04-30 03:08:06,426 - DEBUG - machine_local_search1成功！完工时间从 2098.00 降低到 2086.00，改进: 12.00 (0.57%)
2025-04-30 03:08:06,430 - DEBUG - 执行机器分配局部搜索，当前完工时间: 1936.00
2025-04-30 03:08:06,438 - DEBUG - machine_local_search1成功！完工时间从 1936.00 降低到 1935.00，改进: 1.00 (0.05%)
2025-04-30 03:08:06,441 - DEBUG - 执行机器分配局部搜索，当前完工时间: 1983.00
2025-04-30 03:08:06,445 - DEBUG - 执行AGV分配局部搜索，当前完工时间: 1983.00
2025-04-30 03:08:06,448 - DEBUG - 执行调度序列局部搜索，当前完工时间: 1983.00
2025-04-30 03:08:06,451 - DEBUG - 所有局部搜索方法都未能改进当前解
2025-04-30 03:08:06,455 - DEBUG - 执行机器分配局部搜索，当前完工时间: 2168.00
2025-04-30 03:08:06,459 - DEBUG - 执行AGV分配局部搜索，当前完工时间: 2168.00
2025-04-30 03:08:06,461 - DEBUG - 执行调度序列局部搜索，当前完工时间: 2168.00
2025-04-30 03:08:42,478 - DEBUG - schedule_local_search1成功！完工时间从 2168.00 降低到 2113.00，改进: 55.00 (2.54%)
2025-04-30 03:08:42,484 - DEBUG - 执行机器分配局部搜索，当前完工时间: 2111.00
2025-04-30 03:08:42,490 - DEBUG - machine_local_search2成功！完工时间从 2111.00 降低到 2107.00，改进: 4.00 (0.19%)
2025-04-30 03:08:42,496 - DEBUG - 执行机器分配局部搜索，当前完工时间: 2000.00
2025-04-30 03:08:42,501 - DEBUG - machine_local_search2成功！完工时间从 2000.00 降低到 1998.00，改进: 2.00 (0.10%)
2025-04-30 03:08:42,507 - DEBUG - 执行机器分配局部搜索，当前完工时间: 2035.00
2025-04-30 03:08:42,511 - DEBUG - 执行AGV分配局部搜索，当前完工时间: 2035.00
2025-04-30 03:08:42,514 - DEBUG - 执行调度序列局部搜索，当前完工时间: 2035.00
2025-04-30 03:08:42,522 - DEBUG - 所有局部搜索方法都未能改进当前解
2025-04-30 03:08:42,527 - DEBUG - 执行机器分配局部搜索，当前完工时间: 2138.00
2025-04-30 03:08:42,530 - DEBUG - 执行AGV分配局部搜索，当前完工时间: 2138.00
2025-04-30 03:08:42,536 - DEBUG - 执行调度序列局部搜索，当前完工时间: 2138.00
2025-04-30 03:08:42,539 - DEBUG - 所有局部搜索方法都未能改进当前解
2025-04-30 03:08:42,542 - DEBUG - 执行机器分配局部搜索，当前完工时间: 1903.00
2025-04-30 03:08:42,545 - DEBUG - 执行AGV分配局部搜索，当前完工时间: 1903.00
2025-04-30 03:08:42,550 - DEBUG - 执行调度序列局部搜索，当前完工时间: 1903.00
2025-04-30 03:09:14,977 - DEBUG - schedule_local_search1成功！完工时间从 1903.00 降低到 1898.00，改进: 5.00 (0.26%)
2025-04-30 03:09:14,980 - DEBUG - 执行机器分配局部搜索，当前完工时间: 2269.00
2025-04-30 03:09:14,984 - DEBUG - machine_local_search2成功！完工时间从 2269.00 降低到 2259.00，改进: 10.00 (0.44%)
2025-04-30 03:09:14,987 - DEBUG - 执行机器分配局部搜索，当前完工时间: 1978.00
2025-04-30 03:09:14,987 - DEBUG - 执行AGV分配局部搜索，当前完工时间: 1978.00
2025-04-30 03:09:14,991 - DEBUG - 执行调度序列局部搜索，当前完工时间: 1978.00
2025-04-30 03:09:15,002 - DEBUG - 所有局部搜索方法都未能改进当前解
2025-04-30 03:09:15,006 - DEBUG - 执行机器分配局部搜索，当前完工时间: 1998.00
2025-04-30 03:09:15,012 - DEBUG - 执行AGV分配局部搜索，当前完工时间: 1998.00
2025-04-30 03:09:15,017 - DEBUG - 执行调度序列局部搜索，当前完工时间: 1998.00
2025-04-30 03:09:49,136 - DEBUG - schedule_local_search1成功！完工时间从 1998.00 降低到 1961.00，改进: 37.00 (1.85%)
2025-04-30 03:09:49,140 - DEBUG - 执行机器分配局部搜索，当前完工时间: 2073.00
2025-04-30 03:09:49,150 - DEBUG - 执行AGV分配局部搜索，当前完工时间: 2073.00
2025-04-30 03:09:49,153 - DEBUG - 执行调度序列局部搜索，当前完工时间: 2073.00
2025-04-30 03:09:49,156 - DEBUG - 所有局部搜索方法都未能改进当前解
2025-04-30 03:09:49,160 - DEBUG - 执行机器分配局部搜索，当前完工时间: 2186.00
2025-04-30 03:09:49,164 - DEBUG - 执行AGV分配局部搜索，当前完工时间: 2186.00
2025-04-30 03:09:49,168 - DEBUG - agv_local_search2成功！完工时间从 2186.00 降低到 2139.00，改进: 47.00 (2.15%)
2025-04-30 03:09:49,172 - DEBUG - 执行机器分配局部搜索，当前完工时间: 1985.00
2025-04-30 03:09:49,181 - DEBUG - machine_local_search1成功！完工时间从 1985.00 降低到 1980.00，改进: 5.00 (0.25%)
2025-04-30 03:09:49,185 - DEBUG - 执行机器分配局部搜索，当前完工时间: 1955.00
2025-04-30 03:09:49,188 - DEBUG - 执行AGV分配局部搜索，当前完工时间: 1955.00
2025-04-30 03:09:49,191 - DEBUG - agv_local_search3成功！完工时间从 1955.00 降低到 1941.00，改进: 14.00 (0.72%)
2025-04-30 03:09:49,196 - DEBUG - 执行机器分配局部搜索，当前完工时间: 1971.00
2025-04-30 03:09:49,204 - DEBUG - 执行AGV分配局部搜索，当前完工时间: 1971.00
2025-04-30 03:09:49,208 - DEBUG - 执行调度序列局部搜索，当前完工时间: 1971.00
2025-04-30 03:10:20,358 - DEBUG - schedule_local_search1成功！完工时间从 1971.00 降低到 1963.00，改进: 8.00 (0.41%)
2025-04-30 03:10:20,362 - DEBUG - 执行机器分配局部搜索，当前完工时间: 2069.00
2025-04-30 03:10:20,371 - DEBUG - 执行AGV分配局部搜索，当前完工时间: 2069.00
2025-04-30 03:10:20,376 - DEBUG - 执行调度序列局部搜索，当前完工时间: 2069.00
2025-04-30 03:10:20,382 - DEBUG - schedule_local_search2成功！完工时间从 2069.00 降低到 2057.00，改进: 12.00 (0.58%)
2025-04-30 03:10:20,386 - DEBUG - 执行机器分配局部搜索，当前完工时间: 2051.00
2025-04-30 03:10:20,394 - DEBUG - 执行AGV分配局部搜索，当前完工时间: 2051.00
2025-04-30 03:10:20,417 - DEBUG - 执行调度序列局部搜索，当前完工时间: 2051.00
2025-04-30 03:10:20,420 - DEBUG - 所有局部搜索方法都未能改进当前解
2025-04-30 03:10:20,423 - DEBUG - 执行机器分配局部搜索，当前完工时间: 2013.00
2025-04-30 03:10:20,434 - DEBUG - 执行AGV分配局部搜索，当前完工时间: 2013.00
2025-04-30 03:10:20,439 - DEBUG - 执行调度序列局部搜索，当前完工时间: 2013.00
2025-04-30 03:10:55,107 - DEBUG - schedule_local_search1成功！完工时间从 2013.00 降低到 1999.00，改进: 14.00 (0.70%)
2025-04-30 03:10:55,111 - DEBUG - 执行机器分配局部搜索，当前完工时间: 2019.00
2025-04-30 03:10:55,119 - DEBUG - 执行AGV分配局部搜索，当前完工时间: 2019.00
2025-04-30 03:10:55,122 - DEBUG - 执行调度序列局部搜索，当前完工时间: 2019.00
2025-04-30 03:11:25,141 - DEBUG - schedule_local_search1成功！完工时间从 2019.00 降低到 1995.00，改进: 24.00 (1.19%)
2025-04-30 03:11:25,145 - DEBUG - 执行机器分配局部搜索，当前完工时间: 2149.00
2025-04-30 03:11:25,149 - DEBUG - 执行AGV分配局部搜索，当前完工时间: 2149.00
2025-04-30 03:11:25,153 - DEBUG - 执行调度序列局部搜索，当前完工时间: 2149.00
2025-04-30 03:11:57,300 - DEBUG - schedule_local_search1成功！完工时间从 2149.00 降低到 2128.00，改进: 21.00 (0.98%)
2025-04-30 03:11:57,305 - DEBUG - 执行机器分配局部搜索，当前完工时间: 2062.00
2025-04-30 03:11:57,309 - DEBUG - machine_local_search2成功！完工时间从 2062.00 降低到 2054.00，改进: 8.00 (0.39%)
2025-04-30 03:11:57,312 - DEBUG - 执行机器分配局部搜索，当前完工时间: 2041.00
2025-04-30 03:11:57,315 - DEBUG - machine_local_search2成功！完工时间从 2041.00 降低到 2039.00，改进: 2.00 (0.10%)
2025-04-30 03:11:57,319 - DEBUG - 执行机器分配局部搜索，当前完工时间: 2058.00
2025-04-30 03:11:57,322 - DEBUG - 执行AGV分配局部搜索，当前完工时间: 2058.00
2025-04-30 03:11:57,326 - DEBUG - 执行调度序列局部搜索，当前完工时间: 2058.00
2025-04-30 03:12:27,770 - DEBUG - schedule_local_search1成功！完工时间从 2058.00 降低到 2014.00，改进: 44.00 (2.14%)
2025-04-30 03:12:27,774 - DEBUG - 执行机器分配局部搜索，当前完工时间: 2120.00
2025-04-30 03:12:27,775 - DEBUG - 执行AGV分配局部搜索，当前完工时间: 2120.00
2025-04-30 03:12:27,778 - DEBUG - 执行调度序列局部搜索，当前完工时间: 2120.00
2025-04-30 03:13:01,436 - DEBUG - schedule_local_search1成功！完工时间从 2120.00 降低到 2119.00，改进: 1.00 (0.05%)
2025-04-30 03:13:01,440 - DEBUG - 执行机器分配局部搜索，当前完工时间: 2003.00
2025-04-30 03:13:01,443 - DEBUG - 执行AGV分配局部搜索，当前完工时间: 2003.00
2025-04-30 03:13:01,448 - DEBUG - 执行调度序列局部搜索，当前完工时间: 2003.00
2025-04-30 03:13:01,455 - DEBUG - 所有局部搜索方法都未能改进当前解
2025-04-30 03:13:01,458 - DEBUG - 执行机器分配局部搜索，当前完工时间: 2085.00
2025-04-30 03:13:01,462 - DEBUG - 执行AGV分配局部搜索，当前完工时间: 2085.00
2025-04-30 03:13:01,465 - DEBUG - 执行调度序列局部搜索，当前完工时间: 2085.00
2025-04-30 03:13:01,471 - DEBUG - schedule_local_search2成功！完工时间从 2085.00 降低到 2084.00，改进: 1.00 (0.05%)
2025-04-30 03:13:01,474 - DEBUG - 执行机器分配局部搜索，当前完工时间: 1990.00
2025-04-30 03:13:01,485 - DEBUG - machine_local_search1成功！完工时间从 1990.00 降低到 1978.00，改进: 12.00 (0.60%)
2025-04-30 03:13:01,489 - DEBUG - 执行机器分配局部搜索，当前完工时间: 2066.00
2025-04-30 03:13:01,492 - DEBUG - machine_local_search2成功！完工时间从 2066.00 降低到 2064.00，改进: 2.00 (0.10%)
2025-04-30 03:13:01,496 - DEBUG - 执行机器分配局部搜索，当前完工时间: 2005.00
2025-04-30 03:13:01,499 - DEBUG - 执行AGV分配局部搜索，当前完工时间: 2005.00
2025-04-30 03:13:01,503 - DEBUG - 执行调度序列局部搜索，当前完工时间: 2005.00
2025-04-30 03:13:34,306 - DEBUG - schedule_local_search1成功！完工时间从 2005.00 降低到 1944.00，改进: 61.00 (3.04%)
2025-04-30 03:13:34,310 - DEBUG - 执行机器分配局部搜索，当前完工时间: 2012.00
2025-04-30 03:13:34,318 - DEBUG - 执行AGV分配局部搜索，当前完工时间: 2012.00
2025-04-30 03:13:34,322 - DEBUG - 执行调度序列局部搜索，当前完工时间: 2012.00
2025-04-30 03:14:07,763 - DEBUG - schedule_local_search1成功！完工时间从 2012.00 降低到 1986.00，改进: 26.00 (1.29%)
2025-04-30 03:14:07,767 - DEBUG - 执行机器分配局部搜索，当前完工时间: 1976.00
2025-04-30 03:14:07,770 - DEBUG - 执行AGV分配局部搜索，当前完工时间: 1976.00
2025-04-30 03:14:07,774 - DEBUG - 执行调度序列局部搜索，当前完工时间: 1976.00
2025-04-30 03:14:07,780 - DEBUG - 所有局部搜索方法都未能改进当前解
2025-04-30 03:14:07,783 - DEBUG - 执行机器分配局部搜索，当前完工时间: 1970.00
2025-04-30 03:14:07,791 - DEBUG - 执行AGV分配局部搜索，当前完工时间: 1970.00
2025-04-30 03:14:07,795 - DEBUG - agv_local_search2成功！完工时间从 1970.00 降低到 1963.00，改进: 7.00 (0.36%)
2025-04-30 03:14:07,798 - DEBUG - 执行机器分配局部搜索，当前完工时间: 1991.00
2025-04-30 03:14:07,806 - DEBUG - machine_local_search1成功！完工时间从 1991.00 降低到 1979.00，改进: 12.00 (0.60%)
2025-04-30 03:14:07,810 - DEBUG - 执行机器分配局部搜索，当前完工时间: 1942.00
2025-04-30 03:14:07,813 - DEBUG - machine_local_search2成功！完工时间从 1942.00 降低到 1940.00，改进: 2.00 (0.10%)
2025-04-30 03:14:07,817 - DEBUG - 执行机器分配局部搜索，当前完工时间: 2001.00
2025-04-30 03:14:07,820 - DEBUG - 执行AGV分配局部搜索，当前完工时间: 2001.00
2025-04-30 03:14:07,825 - DEBUG - 执行调度序列局部搜索，当前完工时间: 2001.00
2025-04-30 03:14:07,829 - DEBUG - 所有局部搜索方法都未能改进当前解
2025-04-30 03:14:07,832 - DEBUG - 执行机器分配局部搜索，当前完工时间: 1994.00
2025-04-30 03:14:07,840 - DEBUG - 执行AGV分配局部搜索，当前完工时间: 1994.00
2025-04-30 03:14:07,845 - DEBUG - 执行调度序列局部搜索，当前完工时间: 1994.00
2025-04-30 03:14:07,852 - DEBUG - 所有局部搜索方法都未能改进当前解
2025-04-30 03:14:07,855 - DEBUG - 执行机器分配局部搜索，当前完工时间: 2067.00
2025-04-30 03:14:07,863 - DEBUG - 执行AGV分配局部搜索，当前完工时间: 2067.00
2025-04-30 03:14:07,867 - DEBUG - 执行调度序列局部搜索，当前完工时间: 2067.00
2025-04-30 03:14:07,869 - DEBUG - 所有局部搜索方法都未能改进当前解
2025-04-30 03:14:07,873 - DEBUG - 执行机器分配局部搜索，当前完工时间: 2069.00
2025-04-30 03:14:07,881 - DEBUG - 执行AGV分配局部搜索，当前完工时间: 2069.00
2025-04-30 03:14:07,887 - DEBUG - 执行调度序列局部搜索，当前完工时间: 2069.00
2025-04-30 03:14:40,207 - DEBUG - schedule_local_search1成功！完工时间从 2069.00 降低到 1944.00，改进: 125.00 (6.04%)
2025-04-30 03:14:40,210 - DEBUG - 执行机器分配局部搜索，当前完工时间: 2017.00
2025-04-30 03:14:40,211 - DEBUG - 执行AGV分配局部搜索，当前完工时间: 2017.00
2025-04-30 03:14:40,215 - DEBUG - agv_local_search2成功！完工时间从 2017.00 降低到 2001.00，改进: 16.00 (0.79%)
2025-04-30 03:14:40,219 - DEBUG - 执行机器分配局部搜索，当前完工时间: 2062.00
2025-04-30 03:14:40,228 - DEBUG - 执行AGV分配局部搜索，当前完工时间: 2062.00
2025-04-30 03:14:40,232 - DEBUG - 执行调度序列局部搜索，当前完工时间: 2062.00
2025-04-30 03:14:40,238 - DEBUG - 所有局部搜索方法都未能改进当前解
2025-04-30 03:14:40,242 - DEBUG - 执行机器分配局部搜索，当前完工时间: 1960.00
2025-04-30 03:14:40,251 - DEBUG - machine_local_search1成功！完工时间从 1960.00 降低到 1952.00，改进: 8.00 (0.41%)
2025-04-30 03:14:40,254 - DEBUG - 执行机器分配局部搜索，当前完工时间: 2022.00
2025-04-30 03:14:40,258 - DEBUG - 执行AGV分配局部搜索，当前完工时间: 2022.00
2025-04-30 03:14:40,262 - DEBUG - 执行调度序列局部搜索，当前完工时间: 2022.00
2025-04-30 03:15:12,249 - DEBUG - schedule_local_search1成功！完工时间从 2022.00 降低到 2000.00，改进: 22.00 (1.09%)
2025-04-30 03:15:12,253 - DEBUG - 执行机器分配局部搜索，当前完工时间: 2034.00
2025-04-30 03:15:12,253 - DEBUG - 执行AGV分配局部搜索，当前完工时间: 2034.00
2025-04-30 03:15:12,256 - DEBUG - 执行调度序列局部搜索，当前完工时间: 2034.00
2025-04-30 03:15:12,263 - DEBUG - 所有局部搜索方法都未能改进当前解
2025-04-30 03:15:12,268 - DEBUG - 执行机器分配局部搜索，当前完工时间: 1902.00
2025-04-30 03:15:12,271 - DEBUG - 执行AGV分配局部搜索，当前完工时间: 1902.00
2025-04-30 03:15:12,274 - DEBUG - 执行调度序列局部搜索，当前完工时间: 1902.00
2025-04-30 03:15:44,033 - DEBUG - 所有局部搜索方法都未能改进当前解
2025-04-30 03:15:44,039 - DEBUG - 执行机器分配局部搜索，当前完工时间: 2127.00
2025-04-30 03:15:44,044 - DEBUG - machine_local_search2成功！完工时间从 2127.00 降低到 2123.00，改进: 4.00 (0.19%)
2025-04-30 03:15:44,049 - DEBUG - 执行机器分配局部搜索，当前完工时间: 2052.00
2025-04-30 03:15:44,059 - DEBUG - machine_local_search1成功！完工时间从 2052.00 降低到 2046.00，改进: 6.00 (0.29%)
2025-04-30 03:15:44,063 - DEBUG - 执行机器分配局部搜索，当前完工时间: 1953.00
2025-04-30 03:15:44,067 - DEBUG - 执行AGV分配局部搜索，当前完工时间: 1953.00
2025-04-30 03:15:44,073 - DEBUG - agv_local_search2成功！完工时间从 1953.00 降低到 1936.00，改进: 17.00 (0.87%)
2025-04-30 03:15:44,077 - DEBUG - 执行机器分配局部搜索，当前完工时间: 2004.00
2025-04-30 03:15:44,089 - DEBUG - 执行AGV分配局部搜索，当前完工时间: 2004.00
2025-04-30 03:15:44,095 - DEBUG - 执行调度序列局部搜索，当前完工时间: 2004.00
2025-04-30 03:15:44,099 - DEBUG - 所有局部搜索方法都未能改进当前解
2025-04-30 03:15:44,104 - DEBUG - 执行机器分配局部搜索，当前完工时间: 1983.00
2025-04-30 03:15:44,110 - DEBUG - machine_local_search2成功！完工时间从 1983.00 降低到 1981.00，改进: 2.00 (0.10%)
2025-04-30 03:15:44,114 - DEBUG - 执行机器分配局部搜索，当前完工时间: 1932.00
2025-04-30 03:15:44,123 - DEBUG - 执行AGV分配局部搜索，当前完工时间: 1932.00
2025-04-30 03:15:44,130 - DEBUG - 执行调度序列局部搜索，当前完工时间: 1932.00
2025-04-30 03:15:44,136 - DEBUG - 所有局部搜索方法都未能改进当前解
2025-04-30 03:15:44,141 - DEBUG - 执行机器分配局部搜索，当前完工时间: 1996.00
2025-04-30 03:15:44,152 - DEBUG - 执行AGV分配局部搜索，当前完工时间: 1996.00
2025-04-30 03:15:44,157 - DEBUG - 执行调度序列局部搜索，当前完工时间: 1996.00
2025-04-30 03:16:18,263 - DEBUG - 所有局部搜索方法都未能改进当前解
2025-04-30 03:16:18,266 - DEBUG - 执行机器分配局部搜索，当前完工时间: 1945.00
2025-04-30 03:16:18,275 - DEBUG - 执行AGV分配局部搜索，当前完工时间: 1945.00
2025-04-30 03:16:18,280 - DEBUG - 执行调度序列局部搜索，当前完工时间: 1945.00
2025-04-30 03:16:18,283 - DEBUG - 所有局部搜索方法都未能改进当前解
2025-04-30 03:16:18,287 - DEBUG - 执行机器分配局部搜索，当前完工时间: 2034.00
2025-04-30 03:16:18,295 - DEBUG - machine_local_search1成功！完工时间从 2034.00 降低到 2020.00，改进: 14.00 (0.69%)
2025-04-30 03:16:18,298 - DEBUG - 执行机器分配局部搜索，当前完工时间: 2137.00
2025-04-30 03:16:18,299 - DEBUG - 执行AGV分配局部搜索，当前完工时间: 2137.00
2025-04-30 03:16:18,302 - DEBUG - 执行调度序列局部搜索，当前完工时间: 2137.00
2025-04-30 03:16:18,305 - DEBUG - 所有局部搜索方法都未能改进当前解
2025-04-30 03:16:18,309 - DEBUG - 执行机器分配局部搜索，当前完工时间: 1972.00
2025-04-30 03:16:18,312 - DEBUG - 执行AGV分配局部搜索，当前完工时间: 1972.00
2025-04-30 03:16:18,316 - DEBUG - 执行调度序列局部搜索，当前完工时间: 1972.00
2025-04-30 03:16:50,676 - DEBUG - schedule_local_search1成功！完工时间从 1972.00 降低到 1950.00，改进: 22.00 (1.12%)
2025-04-30 03:16:50,681 - DEBUG - 执行机器分配局部搜索，当前完工时间: 2145.00
2025-04-30 03:16:50,685 - DEBUG - machine_local_search2成功！完工时间从 2145.00 降低到 2143.00，改进: 2.00 (0.09%)
2025-04-30 03:16:50,688 - DEBUG - 执行机器分配局部搜索，当前完工时间: 1975.00
2025-04-30 03:16:50,696 - DEBUG - 执行AGV分配局部搜索，当前完工时间: 1975.00
2025-04-30 03:16:50,700 - DEBUG - 执行调度序列局部搜索，当前完工时间: 1975.00
2025-04-30 03:16:50,707 - DEBUG - 所有局部搜索方法都未能改进当前解
2025-04-30 03:16:50,711 - DEBUG - 执行机器分配局部搜索，当前完工时间: 2098.00
2025-04-30 03:16:50,714 - DEBUG - machine_local_search2成功！完工时间从 2098.00 降低到 2094.00，改进: 4.00 (0.19%)
2025-04-30 03:16:50,717 - DEBUG - 执行机器分配局部搜索，当前完工时间: 1959.00
2025-04-30 03:16:50,718 - DEBUG - 执行AGV分配局部搜索，当前完工时间: 1959.00
2025-04-30 03:16:50,720 - DEBUG - 执行调度序列局部搜索，当前完工时间: 1959.00
2025-04-30 03:16:50,722 - DEBUG - 所有局部搜索方法都未能改进当前解
2025-04-30 03:16:50,725 - DEBUG - 执行机器分配局部搜索，当前完工时间: 2126.00
2025-04-30 03:16:50,733 - DEBUG - 执行AGV分配局部搜索，当前完工时间: 2126.00
2025-04-30 03:16:50,737 - DEBUG - agv_local_search2成功！完工时间从 2126.00 降低到 2105.00，改进: 21.00 (0.99%)
2025-04-30 03:16:50,740 - DEBUG - 执行机器分配局部搜索，当前完工时间: 1920.00
2025-04-30 03:16:50,751 - DEBUG - 执行AGV分配局部搜索，当前完工时间: 1920.00
2025-04-30 03:16:50,754 - DEBUG - 执行调度序列局部搜索，当前完工时间: 1920.00
2025-04-30 03:16:50,758 - DEBUG - 所有局部搜索方法都未能改进当前解
2025-04-30 03:16:50,762 - DEBUG - 执行机器分配局部搜索，当前完工时间: 2012.00
2025-04-30 03:16:50,770 - DEBUG - 执行AGV分配局部搜索，当前完工时间: 2012.00
2025-04-30 03:16:50,773 - DEBUG - 执行调度序列局部搜索，当前完工时间: 2012.00
2025-04-30 03:16:50,773 - DEBUG - 所有局部搜索方法都未能改进当前解
2025-04-30 03:16:50,777 - DEBUG - 执行机器分配局部搜索，当前完工时间: 1906.00
2025-04-30 03:16:50,781 - DEBUG - 执行AGV分配局部搜索，当前完工时间: 1906.00
2025-04-30 03:16:50,783 - DEBUG - 执行调度序列局部搜索，当前完工时间: 1906.00
2025-04-30 03:17:23,287 - DEBUG - schedule_local_search1成功！完工时间从 1906.00 降低到 1847.00，改进: 59.00 (3.10%)
2025-04-30 03:17:23,290 - DEBUG - 执行机器分配局部搜索，当前完工时间: 1992.00
2025-04-30 03:17:23,293 - DEBUG - 执行AGV分配局部搜索，当前完工时间: 1992.00
2025-04-30 03:17:23,299 - DEBUG - 执行调度序列局部搜索，当前完工时间: 1992.00
2025-04-30 03:17:55,203 - DEBUG - schedule_local_search1成功！完工时间从 1992.00 降低到 1978.00，改进: 14.00 (0.70%)
2025-04-30 03:17:55,207 - DEBUG - 执行机器分配局部搜索，当前完工时间: 2067.00
2025-04-30 03:17:55,210 - DEBUG - 执行AGV分配局部搜索，当前完工时间: 2067.00
2025-04-30 03:17:55,213 - DEBUG - 执行调度序列局部搜索，当前完工时间: 2067.00
2025-04-30 03:17:55,213 - DEBUG - 所有局部搜索方法都未能改进当前解
2025-04-30 03:17:55,215 - DEBUG - 执行机器分配局部搜索，当前完工时间: 1959.00
2025-04-30 03:17:55,226 - DEBUG - 执行AGV分配局部搜索，当前完工时间: 1959.00
2025-04-30 03:17:55,230 - DEBUG - 执行调度序列局部搜索，当前完工时间: 1959.00
2025-04-30 03:18:27,396 - DEBUG - schedule_local_search1成功！完工时间从 1959.00 降低到 1946.00，改进: 13.00 (0.66%)
2025-04-30 03:18:27,401 - DEBUG - 执行机器分配局部搜索，当前完工时间: 2122.00
2025-04-30 03:18:27,410 - DEBUG - machine_local_search1成功！完工时间从 2122.00 降低到 2112.00，改进: 10.00 (0.47%)
2025-04-30 03:18:27,414 - DEBUG - 执行机器分配局部搜索，当前完工时间: 2044.00
2025-04-30 03:18:27,424 - DEBUG - 执行AGV分配局部搜索，当前完工时间: 2044.00
2025-04-30 03:18:27,426 - DEBUG - 执行调度序列局部搜索，当前完工时间: 2044.00
