2025-04-30 03:21:07,696 - INFO - Starting evolution...
2025-04-30 03:21:08,971 - INFO - In generation 0/500, Subpopulation size - P1: 50 , P2: 25 , P3: 25 
2025-04-30 03:21:08,971 - INFO - The initial best makespan is: 1900.00
2025-04-30 03:21:08,971 - DEBUG - Start Generation 1/500...
2025-04-30 03:21:10,794 - DEBUG - 执行机器分配局部搜索，当前完工时间: 1879.00
2025-04-30 03:21:10,803 - DEBUG - 执行AGV分配局部搜索，当前完工时间: 1879.00
2025-04-30 03:21:10,807 - DEBUG - 执行调度序列局部搜索，当前完工时间: 1879.00
2025-04-30 03:21:43,194 - DEBUG - schedule_local_search1成功！完工时间从 1879.00 降低到 1835.00，改进: 44.00 (2.34%)
2025-04-30 03:21:43,196 - INFO - In generation 1，New best makespan: 1835.00
2025-04-30 03:21:43,196 - INFO - In generation 1/500, Subpopulation size - P1: 30, P2: 36, P3: 34
2025-04-30 03:21:43,196 - INFO - Subpopulation Quality Rank - P1: 2526, P2: 2028, P3: 1467
2025-04-30 03:21:43,196 - DEBUG - Start Generation 2/500...
2025-04-30 03:21:44,954 - DEBUG - 执行机器分配局部搜索，当前完工时间: 1910.00
2025-04-30 03:21:44,958 - DEBUG - 执行AGV分配局部搜索，当前完工时间: 1910.00
2025-04-30 03:21:44,962 - DEBUG - 执行调度序列局部搜索，当前完工时间: 1910.00
2025-04-30 03:22:18,707 - DEBUG - schedule_local_search1成功！完工时间从 1910.00 降低到 1879.00，改进: 31.00 (1.62%)
2025-04-30 03:22:18,707 - INFO - In generation 2/500, Subpopulation size - P1: 30, P2: 40, P3: 30
2025-04-30 03:22:18,707 - INFO - Subpopulation Quality Rank - P1: 2516, P2: 2109, P3: 1556
2025-04-30 03:22:18,707 - DEBUG - Start Generation 3/500...
2025-04-30 03:22:20,451 - DEBUG - 执行机器分配局部搜索，当前完工时间: 1858.00
2025-04-30 03:22:20,455 - DEBUG - machine_local_search2成功！完工时间从 1858.00 降低到 1850.00，改进: 8.00 (0.43%)
2025-04-30 03:22:20,455 - INFO - In generation 3/500, Subpopulation size - P1: 30, P2: 40, P3: 30
2025-04-30 03:22:20,455 - INFO - Subpopulation Quality Rank - P1: 2510, P2: 1953, P3: 1387
2025-04-30 03:22:20,455 - DEBUG - Start Generation 4/500...
2025-04-30 03:22:22,170 - DEBUG - 执行机器分配局部搜索，当前完工时间: 1898.00
2025-04-30 03:22:22,173 - DEBUG - machine_local_search2成功！完工时间从 1898.00 降低到 1896.00，改进: 2.00 (0.11%)
2025-04-30 03:22:22,174 - INFO - In generation 4/500, Subpopulation size - P1: 30, P2: 40, P3: 30
2025-04-30 03:22:22,174 - INFO - Subpopulation Quality Rank - P1: 2486, P2: 2266, P3: 1296
2025-04-30 03:22:22,174 - DEBUG - Start Generation 5/500...
2025-04-30 03:22:23,924 - DEBUG - 执行机器分配局部搜索，当前完工时间: 1896.00
2025-04-30 03:22:23,928 - DEBUG - machine_local_search2成功！完工时间从 1896.00 降低到 1894.00，改进: 2.00 (0.11%)
2025-04-30 03:22:23,928 - INFO - In generation 5/500, Subpopulation size - P1: 30, P2: 44, P3: 26
2025-04-30 03:22:23,929 - INFO - Subpopulation Quality Rank - P1: 2431, P2: 2445, P3: 1231
2025-04-30 03:22:23,929 - DEBUG - Start Generation 6/500...
2025-04-30 03:22:25,671 - DEBUG - 执行机器分配局部搜索，当前完工时间: 1874.00
2025-04-30 03:22:25,681 - DEBUG - machine_local_search1成功！完工时间从 1874.00 降低到 1868.00，改进: 6.00 (0.32%)
2025-04-30 03:22:25,681 - INFO - In generation 6/500, Subpopulation size - P1: 30, P2: 46, P3: 24
2025-04-30 03:22:25,681 - INFO - Subpopulation Quality Rank - P1: 2420, P2: 2683, P3: 875
2025-04-30 03:22:25,681 - DEBUG - Start Generation 7/500...
2025-04-30 03:22:27,418 - DEBUG - 执行机器分配局部搜索，当前完工时间: 1884.00
2025-04-30 03:22:27,426 - DEBUG - machine_local_search1成功！完工时间从 1884.00 降低到 1880.00，改进: 4.00 (0.21%)
2025-04-30 03:22:27,426 - INFO - In generation 7/500, Subpopulation size - P1: 30, P2: 52, P3: 18
2025-04-30 03:22:27,427 - INFO - Subpopulation Quality Rank - P1: 2348, P2: 2872, P3: 466
2025-04-30 03:22:27,427 - DEBUG - Start Generation 8/500...
2025-04-30 03:22:29,166 - DEBUG - 执行机器分配局部搜索，当前完工时间: 1869.00
2025-04-30 03:22:29,169 - DEBUG - 执行AGV分配局部搜索，当前完工时间: 1869.00
2025-04-30 03:22:29,175 - DEBUG - 执行调度序列局部搜索，当前完工时间: 1869.00
2025-04-30 03:23:01,207 - DEBUG - schedule_local_search1成功！完工时间从 1869.00 降低到 1842.00，改进: 27.00 (1.44%)
2025-04-30 03:23:01,207 - INFO - In generation 8/500, Subpopulation size - P1: 30, P2: 60, P3: 10
2025-04-30 03:23:01,207 - INFO - Subpopulation Quality Rank - P1: 2433, P2: 3275, P3: 449
2025-04-30 03:23:01,208 - DEBUG - Start Generation 9/500...
2025-04-30 03:23:03,032 - DEBUG - 执行机器分配局部搜索，当前完工时间: 1872.00
2025-04-30 03:23:03,042 - DEBUG - 执行AGV分配局部搜索，当前完工时间: 1872.00
2025-04-30 03:23:03,045 - DEBUG - 执行调度序列局部搜索，当前完工时间: 1872.00
2025-04-30 03:23:03,046 - DEBUG - 所有局部搜索方法都未能改进当前解
2025-04-30 03:23:03,046 - INFO - In generation 9/500, Subpopulation size - P1: 30, P2: 61, P3: 9
2025-04-30 03:23:03,046 - INFO - Subpopulation Quality Rank - P1: 2428, P2: 3369, P3: 300
2025-04-30 03:23:03,046 - DEBUG - Start Generation 10/500...
2025-04-30 03:23:04,841 - DEBUG - 执行机器分配局部搜索，当前完工时间: 1856.00
2025-04-30 03:23:04,842 - DEBUG - 执行AGV分配局部搜索，当前完工时间: 1856.00
2025-04-30 03:23:04,846 - DEBUG - 执行调度序列局部搜索，当前完工时间: 1856.00
2025-04-30 03:23:04,853 - DEBUG - 所有局部搜索方法都未能改进当前解
2025-04-30 03:23:04,853 - INFO - In generation 10/500, Subpopulation size - P1: 30, P2: 64, P3: 6
2025-04-30 03:23:04,854 - INFO - Subpopulation Quality Rank - P1: 2393, P2: 3113, P3: 109
2025-04-30 03:23:04,854 - DEBUG - Start Generation 11/500...
2025-04-30 03:23:06,681 - DEBUG - 执行机器分配局部搜索，当前完工时间: 1837.00
2025-04-30 03:23:06,691 - DEBUG - 执行AGV分配局部搜索，当前完工时间: 1837.00
2025-04-30 03:23:06,695 - DEBUG - 执行调度序列局部搜索，当前完工时间: 1837.00
2025-04-30 03:23:40,943 - DEBUG - schedule_local_search1成功！完工时间从 1837.00 降低到 1828.00，改进: 9.00 (0.49%)
2025-04-30 03:23:40,943 - INFO - In generation 11，New best makespan: 1828.00
2025-04-30 03:23:40,943 - INFO - In generation 11/500, Subpopulation size - P1: 30, P2: 66, P3: 4
2025-04-30 03:23:40,943 - INFO - Subpopulation Quality Rank - P1: 2461, P2: 3438, P3: 24
2025-04-30 03:23:40,943 - DEBUG - Start Generation 12/500...
2025-04-30 03:23:42,771 - DEBUG - 执行机器分配局部搜索，当前完工时间: 1802.00
2025-04-30 03:23:42,781 - DEBUG - 执行AGV分配局部搜索，当前完工时间: 1802.00
2025-04-30 03:23:42,785 - DEBUG - 执行调度序列局部搜索，当前完工时间: 1802.00
2025-04-30 03:24:19,789 - DEBUG - 所有局部搜索方法都未能改进当前解
2025-04-30 03:24:19,789 - INFO - In generation 12，New best makespan: 1802.00
2025-04-30 03:24:19,789 - INFO - In generation 12/500, Subpopulation size - P1: 30, P2: 66, P3: 4
2025-04-30 03:24:19,790 - INFO - Subpopulation Quality Rank - P1: 2489, P2: 3276, P3: 259
2025-04-30 03:24:19,790 - DEBUG - Start Generation 13/500...
2025-04-30 03:24:21,721 - DEBUG - 执行机器分配局部搜索，当前完工时间: 1809.00
2025-04-30 03:24:21,731 - DEBUG - 执行AGV分配局部搜索，当前完工时间: 1809.00
2025-04-30 03:24:21,734 - DEBUG - 执行调度序列局部搜索，当前完工时间: 1809.00
2025-04-30 03:24:21,741 - DEBUG - 所有局部搜索方法都未能改进当前解
2025-04-30 03:24:21,741 - INFO - In generation 13/500, Subpopulation size - P1: 30, P2: 64, P3: 6
2025-04-30 03:24:21,742 - INFO - Subpopulation Quality Rank - P1: 2394, P2: 3563, P3: 102
2025-04-30 03:24:21,742 - DEBUG - Start Generation 14/500...
2025-04-30 03:24:23,599 - DEBUG - 执行机器分配局部搜索，当前完工时间: 1809.00
2025-04-30 03:24:23,611 - DEBUG - 执行AGV分配局部搜索，当前完工时间: 1809.00
2025-04-30 03:24:23,616 - DEBUG - 执行调度序列局部搜索，当前完工时间: 1809.00
2025-04-30 03:24:23,616 - DEBUG - 所有局部搜索方法都未能改进当前解
2025-04-30 03:24:23,616 - INFO - In generation 14/500, Subpopulation size - P1: 30, P2: 66, P3: 4
2025-04-30 03:24:23,617 - INFO - Subpopulation Quality Rank - P1: 2254, P2: 3440, P3: 105
2025-04-30 03:24:23,617 - DEBUG - Start Generation 15/500...
2025-04-30 03:24:25,675 - DEBUG - 执行机器分配局部搜索，当前完工时间: 1818.00
2025-04-30 03:24:25,684 - DEBUG - 执行AGV分配局部搜索，当前完工时间: 1818.00
2025-04-30 03:24:25,687 - DEBUG - 执行调度序列局部搜索，当前完工时间: 1818.00
2025-04-30 03:25:03,378 - DEBUG - schedule_local_search1成功！完工时间从 1818.00 降低到 1816.00，改进: 2.00 (0.11%)
2025-04-30 03:25:03,378 - INFO - In generation 15/500, Subpopulation size - P1: 30, P2: 66, P3: 4
2025-04-30 03:25:03,379 - INFO - Subpopulation Quality Rank - P1: 2361, P2: 3321, P3: 102
2025-04-30 03:25:03,379 - DEBUG - Start Generation 16/500...
2025-04-30 03:25:05,437 - DEBUG - 执行机器分配局部搜索，当前完工时间: 1809.00
2025-04-30 03:25:05,445 - DEBUG - 执行AGV分配局部搜索，当前完工时间: 1809.00
2025-04-30 03:25:05,452 - DEBUG - 执行调度序列局部搜索，当前完工时间: 1809.00
2025-04-30 03:25:41,542 - DEBUG - schedule_local_search1成功！完工时间从 1809.00 降低到 1804.00，改进: 5.00 (0.28%)
2025-04-30 03:25:41,542 - INFO - In generation 16/500, Subpopulation size - P1: 30, P2: 66, P3: 4
2025-04-30 03:25:41,542 - INFO - Subpopulation Quality Rank - P1: 2428, P2: 3484, P3: 97
2025-04-30 03:25:41,542 - DEBUG - Start Generation 17/500...
2025-04-30 03:25:43,341 - DEBUG - 执行机器分配局部搜索，当前完工时间: 1797.00
2025-04-30 03:25:43,345 - DEBUG - 执行AGV分配局部搜索，当前完工时间: 1797.00
2025-04-30 03:25:43,351 - DEBUG - 执行调度序列局部搜索，当前完工时间: 1797.00
2025-04-30 03:25:43,364 - DEBUG - 所有局部搜索方法都未能改进当前解
2025-04-30 03:25:43,364 - INFO - In generation 17，New best makespan: 1797.00
2025-04-30 03:25:43,364 - INFO - In generation 17/500, Subpopulation size - P1: 30, P2: 66, P3: 4
2025-04-30 03:25:43,365 - INFO - Subpopulation Quality Rank - P1: 2419, P2: 3659, P3: 106
2025-04-30 03:25:43,365 - DEBUG - Start Generation 18/500...
2025-04-30 03:25:45,127 - DEBUG - 执行机器分配局部搜索，当前完工时间: 1774.00
2025-04-30 03:25:45,136 - DEBUG - machine_local_search1成功！完工时间从 1774.00 降低到 1770.00，改进: 4.00 (0.23%)
2025-04-30 03:25:45,137 - INFO - In generation 18，New best makespan: 1770.00
2025-04-30 03:25:45,137 - INFO - In generation 18/500, Subpopulation size - P1: 30, P2: 66, P3: 4
2025-04-30 03:25:45,137 - INFO - Subpopulation Quality Rank - P1: 2398, P2: 3493, P3: 128
2025-04-30 03:25:45,137 - DEBUG - Start Generation 19/500...
2025-04-30 03:25:46,903 - DEBUG - 执行机器分配局部搜索，当前完工时间: 1770.00
2025-04-30 03:25:46,907 - DEBUG - 执行AGV分配局部搜索，当前完工时间: 1770.00
2025-04-30 03:25:46,911 - DEBUG - 执行调度序列局部搜索，当前完工时间: 1770.00
2025-04-30 03:25:46,918 - DEBUG - 所有局部搜索方法都未能改进当前解
2025-04-30 03:25:46,918 - INFO - In generation 19/500, Subpopulation size - P1: 30, P2: 66, P3: 4
2025-04-30 03:25:46,918 - INFO - Subpopulation Quality Rank - P1: 2503, P2: 3381, P3: 102
2025-04-30 03:25:46,918 - DEBUG - Start Generation 20/500...
2025-04-30 03:25:48,708 - DEBUG - 执行机器分配局部搜索，当前完工时间: 1790.00
2025-04-30 03:25:48,711 - DEBUG - 执行AGV分配局部搜索，当前完工时间: 1790.00
2025-04-30 03:25:48,715 - DEBUG - 执行调度序列局部搜索，当前完工时间: 1790.00
2025-04-30 03:25:48,716 - DEBUG - 所有局部搜索方法都未能改进当前解
2025-04-30 03:25:48,716 - INFO - In generation 20/500, Subpopulation size - P1: 30, P2: 66, P3: 4
2025-04-30 03:25:48,716 - INFO - Subpopulation Quality Rank - P1: 2429, P2: 3629, P3: 16
2025-04-30 03:25:48,716 - DEBUG - Start Generation 21/500...
2025-04-30 03:25:50,472 - DEBUG - 执行机器分配局部搜索，当前完工时间: 1766.00
2025-04-30 03:25:50,480 - DEBUG - 执行AGV分配局部搜索，当前完工时间: 1766.00
2025-04-30 03:25:50,484 - DEBUG - 执行调度序列局部搜索，当前完工时间: 1766.00
2025-04-30 03:26:25,218 - DEBUG - schedule_local_search1成功！完工时间从 1766.00 降低到 1764.00，改进: 2.00 (0.11%)
2025-04-30 03:26:25,218 - INFO - In generation 21，New best makespan: 1764.00
2025-04-30 03:26:25,218 - INFO - In generation 21/500, Subpopulation size - P1: 30, P2: 66, P3: 4
2025-04-30 03:26:25,218 - INFO - Subpopulation Quality Rank - P1: 2366, P2: 3583, P3: 76
2025-04-30 03:26:25,219 - DEBUG - Start Generation 22/500...
2025-04-30 03:26:27,066 - DEBUG - 执行机器分配局部搜索，当前完工时间: 1747.00
2025-04-30 03:26:27,076 - DEBUG - 执行AGV分配局部搜索，当前完工时间: 1747.00
2025-04-30 03:26:27,080 - DEBUG - 执行调度序列局部搜索，当前完工时间: 1747.00
2025-04-30 03:26:27,087 - DEBUG - 所有局部搜索方法都未能改进当前解
2025-04-30 03:26:27,087 - INFO - In generation 22，New best makespan: 1747.00
2025-04-30 03:26:27,088 - INFO - In generation 22/500, Subpopulation size - P1: 30, P2: 66, P3: 4
2025-04-30 03:26:27,089 - INFO - Subpopulation Quality Rank - P1: 2385, P2: 3661, P3: 10
2025-04-30 03:26:27,089 - DEBUG - Start Generation 23/500...
2025-04-30 03:26:28,916 - DEBUG - 执行机器分配局部搜索，当前完工时间: 1747.00
2025-04-30 03:26:28,926 - DEBUG - 执行AGV分配局部搜索，当前完工时间: 1747.00
2025-04-30 03:26:28,930 - DEBUG - 执行调度序列局部搜索，当前完工时间: 1747.00
2025-04-30 03:27:03,895 - DEBUG - schedule_local_search1成功！完工时间从 1747.00 降低到 1744.00，改进: 3.00 (0.17%)
2025-04-30 03:27:03,895 - INFO - In generation 23，New best makespan: 1744.00
2025-04-30 03:27:03,895 - INFO - In generation 23/500, Subpopulation size - P1: 30, P2: 66, P3: 4
2025-04-30 03:27:03,895 - INFO - Subpopulation Quality Rank - P1: 2402, P2: 3565, P3: 77
2025-04-30 03:27:03,895 - DEBUG - Start Generation 24/500...
2025-04-30 03:27:05,745 - DEBUG - 执行机器分配局部搜索，当前完工时间: 1724.00
2025-04-30 03:27:05,749 - DEBUG - machine_local_search2成功！完工时间从 1724.00 降低到 1720.00，改进: 4.00 (0.23%)
2025-04-30 03:27:05,749 - INFO - In generation 24，New best makespan: 1720.00
2025-04-30 03:27:05,749 - INFO - In generation 24/500, Subpopulation size - P1: 30, P2: 66, P3: 4
2025-04-30 03:27:05,750 - INFO - Subpopulation Quality Rank - P1: 2495, P2: 3454, P3: 184
2025-04-30 03:27:05,750 - DEBUG - Start Generation 25/500...
2025-04-30 03:27:07,567 - DEBUG - 执行机器分配局部搜索，当前完工时间: 1770.00
2025-04-30 03:27:07,576 - DEBUG - 执行AGV分配局部搜索，当前完工时间: 1770.00
2025-04-30 03:27:07,578 - DEBUG - 执行调度序列局部搜索，当前完工时间: 1770.00
2025-04-30 03:27:07,584 - DEBUG - 所有局部搜索方法都未能改进当前解
2025-04-30 03:27:07,586 - INFO - In generation 25/500, Subpopulation size - P1: 30, P2: 66, P3: 4
2025-04-30 03:27:07,586 - INFO - Subpopulation Quality Rank - P1: 2479, P2: 3626, P3: 193
2025-04-30 03:27:07,586 - DEBUG - Start Generation 26/500...
2025-04-30 03:27:09,370 - DEBUG - 执行机器分配局部搜索，当前完工时间: 1743.00
2025-04-30 03:27:09,380 - DEBUG - 执行AGV分配局部搜索，当前完工时间: 1743.00
2025-04-30 03:27:09,386 - DEBUG - 执行调度序列局部搜索，当前完工时间: 1743.00
2025-04-30 03:27:09,393 - DEBUG - 所有局部搜索方法都未能改进当前解
2025-04-30 03:27:09,393 - INFO - In generation 26/500, Subpopulation size - P1: 30, P2: 66, P3: 4
2025-04-30 03:27:09,394 - INFO - Subpopulation Quality Rank - P1: 2395, P2: 3475, P3: 178
2025-04-30 03:27:09,394 - DEBUG - Start Generation 27/500...
2025-04-30 03:27:11,263 - DEBUG - 执行机器分配局部搜索，当前完工时间: 1727.00
2025-04-30 03:27:11,267 - DEBUG - 执行AGV分配局部搜索，当前完工时间: 1727.00
2025-04-30 03:27:11,269 - DEBUG - 执行调度序列局部搜索，当前完工时间: 1727.00
2025-04-30 03:27:45,578 - DEBUG - schedule_local_search1成功！完工时间从 1727.00 降低到 1713.00，改进: 14.00 (0.81%)
2025-04-30 03:27:45,578 - INFO - In generation 27，New best makespan: 1713.00
2025-04-30 03:27:45,578 - INFO - In generation 27/500, Subpopulation size - P1: 30, P2: 66, P3: 4
2025-04-30 03:27:45,578 - INFO - Subpopulation Quality Rank - P1: 2405, P2: 3239, P3: 79
2025-04-30 03:27:45,580 - DEBUG - Start Generation 28/500...
2025-04-30 03:27:47,454 - DEBUG - 执行机器分配局部搜索，当前完工时间: 1709.00
2025-04-30 03:27:47,464 - DEBUG - 执行AGV分配局部搜索，当前完工时间: 1709.00
2025-04-30 03:27:47,467 - DEBUG - 执行调度序列局部搜索，当前完工时间: 1709.00
2025-04-30 03:28:22,892 - DEBUG - schedule_local_search1成功！完工时间从 1709.00 降低到 1702.00，改进: 7.00 (0.41%)
2025-04-30 03:28:22,892 - INFO - In generation 28，New best makespan: 1702.00
2025-04-30 03:28:22,892 - INFO - In generation 28/500, Subpopulation size - P1: 30, P2: 66, P3: 4
2025-04-30 03:28:22,894 - INFO - Subpopulation Quality Rank - P1: 2421, P2: 3524, P3: 77
2025-04-30 03:28:22,894 - DEBUG - Start Generation 29/500...
2025-04-30 03:28:24,917 - DEBUG - 执行机器分配局部搜索，当前完工时间: 1716.00
2025-04-30 03:28:24,929 - DEBUG - 执行AGV分配局部搜索，当前完工时间: 1716.00
2025-04-30 03:28:24,935 - DEBUG - 执行调度序列局部搜索，当前完工时间: 1716.00
2025-04-30 03:28:59,016 - DEBUG - schedule_local_search1成功！完工时间从 1716.00 降低到 1692.00，改进: 24.00 (1.40%)
2025-04-30 03:28:59,016 - INFO - In generation 29，New best makespan: 1692.00
2025-04-30 03:28:59,017 - INFO - In generation 29/500, Subpopulation size - P1: 30, P2: 66, P3: 4
2025-04-30 03:28:59,017 - INFO - Subpopulation Quality Rank - P1: 2493, P2: 3601, P3: 83
2025-04-30 03:28:59,017 - DEBUG - Start Generation 30/500...
2025-04-30 03:29:00,887 - DEBUG - 执行机器分配局部搜索，当前完工时间: 1692.00
2025-04-30 03:29:00,891 - DEBUG - 执行AGV分配局部搜索，当前完工时间: 1692.00
2025-04-30 03:29:00,896 - DEBUG - 执行调度序列局部搜索，当前完工时间: 1692.00
2025-04-30 03:29:32,399 - DEBUG - schedule_local_search1成功！完工时间从 1692.00 降低到 1676.00，改进: 16.00 (0.95%)
2025-04-30 03:29:32,399 - INFO - In generation 30，New best makespan: 1676.00
2025-04-30 03:29:32,399 - INFO - In generation 30/500, Subpopulation size - P1: 30, P2: 66, P3: 4
2025-04-30 03:29:32,399 - INFO - Subpopulation Quality Rank - P1: 2472, P2: 3277, P3: 72
2025-04-30 03:29:32,399 - DEBUG - Start Generation 31/500...
2025-04-30 03:29:34,247 - DEBUG - 执行机器分配局部搜索，当前完工时间: 1676.00
2025-04-30 03:29:34,256 - DEBUG - 执行AGV分配局部搜索，当前完工时间: 1676.00
2025-04-30 03:29:34,262 - DEBUG - 执行调度序列局部搜索，当前完工时间: 1676.00
2025-04-30 03:29:34,269 - DEBUG - 所有局部搜索方法都未能改进当前解
2025-04-30 03:29:34,269 - INFO - In generation 31/500, Subpopulation size - P1: 30, P2: 66, P3: 4
2025-04-30 03:29:34,269 - INFO - Subpopulation Quality Rank - P1: 2471, P2: 3422, P3: 89
2025-04-30 03:29:34,269 - DEBUG - Start Generation 32/500...
2025-04-30 03:29:36,317 - DEBUG - 执行机器分配局部搜索，当前完工时间: 1683.00
2025-04-30 03:29:36,324 - DEBUG - 执行AGV分配局部搜索，当前完工时间: 1683.00
2025-04-30 03:29:36,328 - DEBUG - 执行调度序列局部搜索，当前完工时间: 1683.00
2025-04-30 03:29:36,328 - DEBUG - 所有局部搜索方法都未能改进当前解
2025-04-30 03:29:36,328 - INFO - In generation 32/500, Subpopulation size - P1: 30, P2: 66, P3: 4
2025-04-30 03:29:36,328 - INFO - Subpopulation Quality Rank - P1: 2417, P2: 3356, P3: 10
2025-04-30 03:29:36,328 - DEBUG - Start Generation 33/500...
2025-04-30 03:29:38,250 - DEBUG - 执行机器分配局部搜索，当前完工时间: 1692.00
2025-04-30 03:29:38,259 - DEBUG - machine_local_search1成功！完工时间从 1692.00 降低到 1687.00，改进: 5.00 (0.30%)
2025-04-30 03:29:38,259 - INFO - In generation 33/500, Subpopulation size - P1: 30, P2: 66, P3: 4
2025-04-30 03:29:38,260 - INFO - Subpopulation Quality Rank - P1: 2350, P2: 3435, P3: 66
2025-04-30 03:29:38,261 - DEBUG - Start Generation 34/500...
2025-04-30 03:29:40,054 - DEBUG - 执行机器分配局部搜索，当前完工时间: 1698.00
2025-04-30 03:29:40,064 - DEBUG - 执行AGV分配局部搜索，当前完工时间: 1698.00
2025-04-30 03:29:40,067 - DEBUG - 执行调度序列局部搜索，当前完工时间: 1698.00
2025-04-30 03:30:16,144 - DEBUG - schedule_local_search1成功！完工时间从 1698.00 降低到 1695.00，改进: 3.00 (0.18%)
2025-04-30 03:30:16,145 - INFO - In generation 34/500, Subpopulation size - P1: 30, P2: 66, P3: 4
2025-04-30 03:30:16,145 - INFO - Subpopulation Quality Rank - P1: 2466, P2: 3364, P3: 88
2025-04-30 03:30:16,145 - DEBUG - Start Generation 35/500...
2025-04-30 03:30:18,112 - DEBUG - 执行机器分配局部搜索，当前完工时间: 1681.00
2025-04-30 03:30:18,114 - DEBUG - 执行AGV分配局部搜索，当前完工时间: 1681.00
2025-04-30 03:30:18,118 - DEBUG - 执行调度序列局部搜索，当前完工时间: 1681.00
