2025-04-30 01:34:53,695 - INFO - Starting evolution...
2025-04-30 01:36:11,586 - INFO - In generation 0/500, Subpopulation size - P1: 50 , P2: 25 , P3: 25 
2025-04-30 01:36:11,586 - INFO - The initial best makespan is: 1908.00
2025-04-30 01:36:11,586 - DEBUG - Start Generation 1/500...
2025-04-30 01:36:11,590 - DEBUG - 执行机器分配局部搜索，当前完工时间: 2080.00
2025-04-30 01:36:11,590 - DEBUG - 执行AGV分配局部搜索，当前完工时间: 2080.00
2025-04-30 01:36:11,594 - DEBUG - AGV分配局部搜索成功！完工时间从 2080.00 降低到 2079.00，改进: 1.00 (0.05%)
2025-04-30 01:36:11,599 - DEBUG - 执行机器分配局部搜索，当前完工时间: 2191.00
2025-04-30 01:36:11,601 - DEBUG - 执行AGV分配局部搜索，当前完工时间: 2191.00
2025-04-30 01:36:11,604 - DEBUG - AGV分配局部搜索成功！完工时间从 2191.00 降低到 2159.00，改进: 32.00 (1.46%)
2025-04-30 01:36:11,609 - DEBUG - 执行机器分配局部搜索，当前完工时间: 2091.00
2025-04-30 01:36:11,613 - DEBUG - 执行AGV分配局部搜索，当前完工时间: 2091.00
2025-04-30 01:36:11,617 - DEBUG - 局部搜索未能改进当前解
2025-04-30 01:36:11,621 - DEBUG - 执行机器分配局部搜索，当前完工时间: 1996.00
2025-04-30 01:36:11,626 - DEBUG - 执行AGV分配局部搜索，当前完工时间: 1996.00
2025-04-30 01:36:11,630 - DEBUG - 局部搜索未能改进当前解
2025-04-30 01:36:11,635 - DEBUG - 执行机器分配局部搜索，当前完工时间: 1982.00
2025-04-30 01:36:11,638 - DEBUG - 机器分配局部搜索成功！完工时间从 1982.00 降低到 1977.00，改进: 5.00 (0.25%)
2025-04-30 01:36:11,643 - DEBUG - 执行机器分配局部搜索，当前完工时间: 2033.00
2025-04-30 01:36:11,643 - DEBUG - 执行AGV分配局部搜索，当前完工时间: 2033.00
2025-04-30 01:36:11,646 - DEBUG - 局部搜索未能改进当前解
2025-04-30 01:36:11,650 - DEBUG - 执行机器分配局部搜索，当前完工时间: 1947.00
2025-04-30 01:36:11,651 - DEBUG - 执行AGV分配局部搜索，当前完工时间: 1947.00
2025-04-30 01:36:11,655 - DEBUG - 局部搜索未能改进当前解
2025-04-30 01:36:11,659 - DEBUG - 执行机器分配局部搜索，当前完工时间: 1961.00
2025-04-30 01:36:11,663 - DEBUG - 执行AGV分配局部搜索，当前完工时间: 1961.00
2025-04-30 01:36:11,666 - DEBUG - 局部搜索未能改进当前解
2025-04-30 01:36:11,670 - DEBUG - 执行机器分配局部搜索，当前完工时间: 2198.00
2025-04-30 01:36:11,674 - DEBUG - 执行AGV分配局部搜索，当前完工时间: 2198.00
2025-04-30 01:36:11,677 - DEBUG - 局部搜索未能改进当前解
2025-04-30 01:36:11,682 - DEBUG - 执行机器分配局部搜索，当前完工时间: 2091.00
2025-04-30 01:36:11,682 - DEBUG - 执行AGV分配局部搜索，当前完工时间: 2091.00
2025-04-30 01:36:11,686 - DEBUG - 局部搜索未能改进当前解
2025-04-30 01:36:11,691 - DEBUG - 执行机器分配局部搜索，当前完工时间: 2046.00
2025-04-30 01:36:11,691 - DEBUG - 执行AGV分配局部搜索，当前完工时间: 2046.00
2025-04-30 01:36:11,695 - DEBUG - 局部搜索未能改进当前解
2025-04-30 01:36:11,699 - DEBUG - 执行机器分配局部搜索，当前完工时间: 2089.00
2025-04-30 01:36:11,701 - DEBUG - 机器分配局部搜索成功！完工时间从 2089.00 降低到 2083.00，改进: 6.00 (0.29%)
2025-04-30 01:36:11,706 - DEBUG - 执行机器分配局部搜索，当前完工时间: 2160.00
2025-04-30 01:36:11,709 - DEBUG - 执行AGV分配局部搜索，当前完工时间: 2160.00
2025-04-30 01:36:11,712 - DEBUG - 局部搜索未能改进当前解
2025-04-30 01:36:11,716 - DEBUG - 执行机器分配局部搜索，当前完工时间: 1953.00
2025-04-30 01:36:11,716 - DEBUG - 执行AGV分配局部搜索，当前完工时间: 1953.00
2025-04-30 01:36:11,720 - DEBUG - 局部搜索未能改进当前解
2025-04-30 01:36:11,725 - DEBUG - 执行机器分配局部搜索，当前完工时间: 2175.00
2025-04-30 01:36:11,728 - DEBUG - 执行AGV分配局部搜索，当前完工时间: 2175.00
2025-04-30 01:36:11,731 - DEBUG - 局部搜索未能改进当前解
2025-04-30 01:36:11,735 - DEBUG - 执行机器分配局部搜索，当前完工时间: 2027.00
2025-04-30 01:36:11,738 - DEBUG - 机器分配局部搜索成功！完工时间从 2027.00 降低到 2021.00，改进: 6.00 (0.30%)
2025-04-30 01:36:11,743 - DEBUG - 执行机器分配局部搜索，当前完工时间: 2081.00
2025-04-30 01:36:11,746 - DEBUG - 执行AGV分配局部搜索，当前完工时间: 2081.00
2025-04-30 01:36:11,750 - DEBUG - 局部搜索未能改进当前解
2025-04-30 01:36:11,753 - DEBUG - 执行机器分配局部搜索，当前完工时间: 2010.00
2025-04-30 01:36:11,753 - DEBUG - 执行AGV分配局部搜索，当前完工时间: 2010.00
2025-04-30 01:36:11,757 - DEBUG - 局部搜索未能改进当前解
2025-04-30 01:36:11,761 - DEBUG - 执行机器分配局部搜索，当前完工时间: 2045.00
2025-04-30 01:36:11,762 - DEBUG - 执行AGV分配局部搜索，当前完工时间: 2045.00
2025-04-30 01:36:11,765 - DEBUG - 局部搜索未能改进当前解
2025-04-30 01:36:11,768 - DEBUG - 执行机器分配局部搜索，当前完工时间: 2024.00
2025-04-30 01:36:11,772 - DEBUG - 执行AGV分配局部搜索，当前完工时间: 2024.00
2025-04-30 01:36:11,775 - DEBUG - 局部搜索未能改进当前解
2025-04-30 01:36:11,780 - DEBUG - 执行机器分配局部搜索，当前完工时间: 2184.00
2025-04-30 01:36:11,780 - DEBUG - 执行AGV分配局部搜索，当前完工时间: 2184.00
2025-04-30 01:36:11,783 - DEBUG - 局部搜索未能改进当前解
2025-04-30 01:36:11,787 - DEBUG - 执行机器分配局部搜索，当前完工时间: 2241.00
2025-04-30 01:36:11,790 - DEBUG - 执行AGV分配局部搜索，当前完工时间: 2241.00
2025-04-30 01:36:11,794 - DEBUG - 局部搜索未能改进当前解
2025-04-30 01:36:11,797 - DEBUG - 执行机器分配局部搜索，当前完工时间: 2047.00
2025-04-30 01:36:11,798 - DEBUG - 执行AGV分配局部搜索，当前完工时间: 2047.00
2025-04-30 01:36:11,802 - DEBUG - AGV分配局部搜索成功！完工时间从 2047.00 降低到 1972.00，改进: 75.00 (3.66%)
2025-04-30 01:36:11,805 - DEBUG - 执行机器分配局部搜索，当前完工时间: 2133.00
2025-04-30 01:36:11,809 - DEBUG - 机器分配局部搜索成功！完工时间从 2133.00 降低到 2123.00，改进: 10.00 (0.47%)
2025-04-30 01:36:11,813 - DEBUG - 执行机器分配局部搜索，当前完工时间: 2030.00
2025-04-30 01:36:11,816 - DEBUG - 执行AGV分配局部搜索，当前完工时间: 2030.00
2025-04-30 01:36:11,821 - DEBUG - 局部搜索未能改进当前解
2025-04-30 01:36:11,825 - DEBUG - 执行机器分配局部搜索，当前完工时间: 2060.00
2025-04-30 01:36:11,825 - DEBUG - 执行AGV分配局部搜索，当前完工时间: 2060.00
2025-04-30 01:36:11,828 - DEBUG - 局部搜索未能改进当前解
2025-04-30 01:36:11,832 - DEBUG - 执行机器分配局部搜索，当前完工时间: 2043.00
2025-04-30 01:36:11,832 - DEBUG - 执行AGV分配局部搜索，当前完工时间: 2043.00
2025-04-30 01:36:11,836 - DEBUG - AGV分配局部搜索成功！完工时间从 2043.00 降低到 2018.00，改进: 25.00 (1.22%)
2025-04-30 01:36:11,840 - DEBUG - 执行机器分配局部搜索，当前完工时间: 2163.00
2025-04-30 01:36:11,841 - DEBUG - 执行AGV分配局部搜索，当前完工时间: 2163.00
2025-04-30 01:36:11,845 - DEBUG - AGV分配局部搜索成功！完工时间从 2163.00 降低到 2103.00，改进: 60.00 (2.77%)
2025-04-30 01:36:11,848 - DEBUG - 执行机器分配局部搜索，当前完工时间: 2073.00
2025-04-30 01:36:11,849 - DEBUG - 执行AGV分配局部搜索，当前完工时间: 2073.00
2025-04-30 01:36:11,852 - DEBUG - 局部搜索未能改进当前解
2025-04-30 01:36:11,856 - DEBUG - 执行机器分配局部搜索，当前完工时间: 2129.00
2025-04-30 01:36:11,859 - DEBUG - 执行AGV分配局部搜索，当前完工时间: 2129.00
2025-04-30 01:36:11,864 - DEBUG - 局部搜索未能改进当前解
2025-04-30 01:36:11,867 - DEBUG - 执行机器分配局部搜索，当前完工时间: 2004.00
2025-04-30 01:36:11,868 - DEBUG - 执行AGV分配局部搜索，当前完工时间: 2004.00
2025-04-30 01:36:11,871 - DEBUG - 局部搜索未能改进当前解
2025-04-30 01:36:11,875 - DEBUG - 执行机器分配局部搜索，当前完工时间: 2228.00
2025-04-30 01:36:11,875 - DEBUG - 执行AGV分配局部搜索，当前完工时间: 2228.00
2025-04-30 01:36:11,879 - DEBUG - AGV分配局部搜索成功！完工时间从 2228.00 降低到 2211.00，改进: 17.00 (0.76%)
2025-04-30 01:36:11,882 - DEBUG - 执行机器分配局部搜索，当前完工时间: 2177.00
2025-04-30 01:36:11,886 - DEBUG - 机器分配局部搜索成功！完工时间从 2177.00 降低到 2165.00，改进: 12.00 (0.55%)
2025-04-30 01:36:11,890 - DEBUG - 执行机器分配局部搜索，当前完工时间: 2065.00
2025-04-30 01:36:11,893 - DEBUG - 执行AGV分配局部搜索，当前完工时间: 2065.00
2025-04-30 01:36:11,897 - DEBUG - 局部搜索未能改进当前解
2025-04-30 01:36:11,901 - DEBUG - 执行机器分配局部搜索，当前完工时间: 2070.00
2025-04-30 01:36:11,901 - DEBUG - 执行AGV分配局部搜索，当前完工时间: 2070.00
2025-04-30 01:36:11,905 - DEBUG - 局部搜索未能改进当前解
2025-04-30 01:36:11,908 - DEBUG - 执行机器分配局部搜索，当前完工时间: 2020.00
2025-04-30 01:36:11,910 - DEBUG - 执行AGV分配局部搜索，当前完工时间: 2020.00
2025-04-30 01:36:11,913 - DEBUG - 局部搜索未能改进当前解
2025-04-30 01:36:11,917 - DEBUG - 执行机器分配局部搜索，当前完工时间: 2169.00
2025-04-30 01:36:11,920 - DEBUG - 执行AGV分配局部搜索，当前完工时间: 2169.00
2025-04-30 01:36:11,924 - DEBUG - 局部搜索未能改进当前解
2025-04-30 01:36:11,927 - DEBUG - 执行机器分配局部搜索，当前完工时间: 2337.00
2025-04-30 01:36:11,927 - DEBUG - 执行AGV分配局部搜索，当前完工时间: 2337.00
2025-04-30 01:36:11,931 - DEBUG - AGV分配局部搜索成功！完工时间从 2337.00 降低到 2336.00，改进: 1.00 (0.04%)
2025-04-30 01:36:11,935 - DEBUG - 执行机器分配局部搜索，当前完工时间: 2060.00
2025-04-30 01:36:11,939 - DEBUG - 机器分配局部搜索成功！完工时间从 2060.00 降低到 2050.00，改进: 10.00 (0.49%)
2025-04-30 01:36:11,943 - DEBUG - 执行机器分配局部搜索，当前完工时间: 2024.00
2025-04-30 01:36:11,944 - DEBUG - 执行AGV分配局部搜索，当前完工时间: 2024.00
2025-04-30 01:36:11,949 - DEBUG - 局部搜索未能改进当前解
2025-04-30 01:36:11,952 - DEBUG - 执行机器分配局部搜索，当前完工时间: 1973.00
2025-04-30 01:36:11,953 - DEBUG - 执行AGV分配局部搜索，当前完工时间: 1973.00
2025-04-30 01:36:11,957 - DEBUG - 局部搜索未能改进当前解
2025-04-30 01:36:11,961 - DEBUG - 执行机器分配局部搜索，当前完工时间: 1970.00
2025-04-30 01:36:11,962 - DEBUG - 执行AGV分配局部搜索，当前完工时间: 1970.00
2025-04-30 01:36:11,965 - DEBUG - 局部搜索未能改进当前解
2025-04-30 01:36:11,969 - DEBUG - 执行机器分配局部搜索，当前完工时间: 2059.00
2025-04-30 01:36:11,970 - DEBUG - 执行AGV分配局部搜索，当前完工时间: 2059.00
2025-04-30 01:36:11,972 - DEBUG - 局部搜索未能改进当前解
2025-04-30 01:36:11,976 - DEBUG - 执行机器分配局部搜索，当前完工时间: 2114.00
2025-04-30 01:36:11,977 - DEBUG - 执行AGV分配局部搜索，当前完工时间: 2114.00
2025-04-30 01:36:11,981 - DEBUG - 局部搜索未能改进当前解
2025-04-30 01:36:11,985 - DEBUG - 执行机器分配局部搜索，当前完工时间: 2028.00
2025-04-30 01:36:11,988 - DEBUG - 机器分配局部搜索成功！完工时间从 2028.00 降低到 2020.00，改进: 8.00 (0.39%)
2025-04-30 01:36:11,991 - DEBUG - 执行机器分配局部搜索，当前完工时间: 1892.00
2025-04-30 01:36:11,995 - DEBUG - 执行AGV分配局部搜索，当前完工时间: 1892.00
2025-04-30 01:36:11,999 - DEBUG - 局部搜索未能改进当前解
2025-04-30 01:36:12,003 - DEBUG - 执行机器分配局部搜索，当前完工时间: 2113.00
2025-04-30 01:36:12,003 - DEBUG - 执行AGV分配局部搜索，当前完工时间: 2113.00
2025-04-30 01:36:12,007 - DEBUG - 局部搜索未能改进当前解
2025-04-30 01:36:12,010 - DEBUG - 执行机器分配局部搜索，当前完工时间: 2021.00
2025-04-30 01:36:12,011 - DEBUG - 执行AGV分配局部搜索，当前完工时间: 2021.00
2025-04-30 01:36:12,014 - DEBUG - 局部搜索未能改进当前解
2025-04-30 01:36:12,018 - DEBUG - 执行机器分配局部搜索，当前完工时间: 2070.00
2025-04-30 01:36:12,021 - DEBUG - 执行AGV分配局部搜索，当前完工时间: 2070.00
2025-04-30 01:36:12,025 - DEBUG - AGV分配局部搜索成功！完工时间从 2070.00 降低到 2055.00，改进: 15.00 (0.72%)
2025-04-30 01:36:12,028 - DEBUG - 执行机器分配局部搜索，当前完工时间: 2117.00
2025-04-30 01:36:12,030 - DEBUG - 执行AGV分配局部搜索，当前完工时间: 2117.00
2025-04-30 01:36:12,033 - DEBUG - 局部搜索未能改进当前解
2025-04-30 01:36:12,037 - DEBUG - 执行机器分配局部搜索，当前完工时间: 2048.00
2025-04-30 01:36:12,041 - DEBUG - 执行AGV分配局部搜索，当前完工时间: 2048.00
2025-04-30 01:36:12,045 - DEBUG - 局部搜索未能改进当前解
2025-04-30 01:36:12,048 - DEBUG - 执行机器分配局部搜索，当前完工时间: 2049.00
2025-04-30 01:36:12,052 - DEBUG - 执行AGV分配局部搜索，当前完工时间: 2049.00
2025-04-30 01:36:12,056 - DEBUG - 局部搜索未能改进当前解
2025-04-30 01:36:12,060 - DEBUG - 执行机器分配局部搜索，当前完工时间: 2195.00
2025-04-30 01:36:12,060 - DEBUG - 执行AGV分配局部搜索，当前完工时间: 2195.00
2025-04-30 01:36:12,064 - DEBUG - 局部搜索未能改进当前解
2025-04-30 01:36:12,068 - DEBUG - 执行机器分配局部搜索，当前完工时间: 2141.00
2025-04-30 01:36:12,068 - DEBUG - 执行AGV分配局部搜索，当前完工时间: 2141.00
2025-04-30 01:36:12,072 - DEBUG - AGV分配局部搜索成功！完工时间从 2141.00 降低到 2099.00，改进: 42.00 (1.96%)
2025-04-30 01:36:12,075 - DEBUG - 执行机器分配局部搜索，当前完工时间: 2110.00
2025-04-30 01:36:12,076 - DEBUG - 执行AGV分配局部搜索，当前完工时间: 2110.00
2025-04-30 01:36:12,078 - DEBUG - 局部搜索未能改进当前解
2025-04-30 01:36:12,083 - DEBUG - 执行机器分配局部搜索，当前完工时间: 2237.00
2025-04-30 01:36:12,087 - DEBUG - 执行AGV分配局部搜索，当前完工时间: 2237.00
2025-04-30 01:36:12,090 - DEBUG - 局部搜索未能改进当前解
2025-04-30 01:36:12,094 - DEBUG - 执行机器分配局部搜索，当前完工时间: 2025.00
2025-04-30 01:36:12,097 - DEBUG - 执行AGV分配局部搜索，当前完工时间: 2025.00
2025-04-30 01:36:12,102 - DEBUG - 局部搜索未能改进当前解
2025-04-30 01:36:12,105 - DEBUG - 执行机器分配局部搜索，当前完工时间: 2145.00
2025-04-30 01:36:12,108 - DEBUG - 机器分配局部搜索成功！完工时间从 2145.00 降低到 2141.00，改进: 4.00 (0.19%)
2025-04-30 01:36:12,113 - DEBUG - 执行机器分配局部搜索，当前完工时间: 2055.00
2025-04-30 01:36:12,114 - DEBUG - 执行AGV分配局部搜索，当前完工时间: 2055.00
2025-04-30 01:36:12,117 - DEBUG - 局部搜索未能改进当前解
2025-04-30 01:36:12,120 - DEBUG - 执行机器分配局部搜索，当前完工时间: 2040.00
2025-04-30 01:36:12,124 - DEBUG - 机器分配局部搜索成功！完工时间从 2040.00 降低到 2034.00，改进: 6.00 (0.29%)
2025-04-30 01:36:12,127 - DEBUG - 执行机器分配局部搜索，当前完工时间: 2037.00
2025-04-30 01:36:12,128 - DEBUG - 执行AGV分配局部搜索，当前完工时间: 2037.00
2025-04-30 01:36:12,132 - DEBUG - 局部搜索未能改进当前解
2025-04-30 01:36:12,136 - DEBUG - 执行机器分配局部搜索，当前完工时间: 2300.00
2025-04-30 01:36:12,140 - DEBUG - 执行AGV分配局部搜索，当前完工时间: 2300.00
2025-04-30 01:36:12,143 - DEBUG - 局部搜索未能改进当前解
2025-04-30 01:36:12,147 - DEBUG - 执行机器分配局部搜索，当前完工时间: 2063.00
2025-04-30 01:36:12,147 - DEBUG - 执行AGV分配局部搜索，当前完工时间: 2063.00
2025-04-30 01:36:12,152 - DEBUG - 局部搜索未能改进当前解
2025-04-30 01:36:12,155 - DEBUG - 执行机器分配局部搜索，当前完工时间: 2048.00
2025-04-30 01:36:12,156 - DEBUG - 执行AGV分配局部搜索，当前完工时间: 2048.00
2025-04-30 01:36:12,159 - DEBUG - 局部搜索未能改进当前解
2025-04-30 01:36:12,163 - DEBUG - 执行机器分配局部搜索，当前完工时间: 2011.00
2025-04-30 01:36:12,167 - DEBUG - 执行AGV分配局部搜索，当前完工时间: 2011.00
2025-04-30 01:36:12,171 - DEBUG - 局部搜索未能改进当前解
2025-04-30 01:36:12,175 - DEBUG - 执行机器分配局部搜索，当前完工时间: 1966.00
2025-04-30 01:36:12,178 - DEBUG - 执行AGV分配局部搜索，当前完工时间: 1966.00
2025-04-30 01:36:12,183 - DEBUG - 局部搜索未能改进当前解
2025-04-30 01:36:12,186 - DEBUG - 执行机器分配局部搜索，当前完工时间: 2183.00
2025-04-30 01:36:12,190 - DEBUG - 执行AGV分配局部搜索，当前完工时间: 2183.00
2025-04-30 01:36:12,193 - DEBUG - AGV分配局部搜索成功！完工时间从 2183.00 降低到 2174.00，改进: 9.00 (0.41%)
2025-04-30 01:36:12,198 - DEBUG - 执行机器分配局部搜索，当前完工时间: 2253.00
2025-04-30 01:36:12,199 - DEBUG - 执行AGV分配局部搜索，当前完工时间: 2253.00
2025-04-30 01:36:12,202 - DEBUG - 局部搜索未能改进当前解
2025-04-30 01:36:12,205 - DEBUG - 执行机器分配局部搜索，当前完工时间: 2197.00
2025-04-30 01:36:12,206 - DEBUG - 执行AGV分配局部搜索，当前完工时间: 2197.00
2025-04-30 01:36:12,209 - DEBUG - 局部搜索未能改进当前解
2025-04-30 01:36:12,213 - DEBUG - 执行机器分配局部搜索，当前完工时间: 1987.00
2025-04-30 01:36:12,214 - DEBUG - 执行AGV分配局部搜索，当前完工时间: 1987.00
2025-04-30 01:36:12,217 - DEBUG - 局部搜索未能改进当前解
2025-04-30 01:36:12,222 - DEBUG - 执行机器分配局部搜索，当前完工时间: 1999.00
2025-04-30 01:36:12,222 - DEBUG - 执行AGV分配局部搜索，当前完工时间: 1999.00
2025-04-30 01:36:12,226 - DEBUG - 局部搜索未能改进当前解
2025-04-30 01:36:12,230 - DEBUG - 执行机器分配局部搜索，当前完工时间: 1999.00
2025-04-30 01:36:12,232 - DEBUG - 执行AGV分配局部搜索，当前完工时间: 1999.00
2025-04-30 01:36:12,236 - DEBUG - 局部搜索未能改进当前解
2025-04-30 01:36:12,240 - DEBUG - 执行机器分配局部搜索，当前完工时间: 2047.00
2025-04-30 01:36:12,243 - DEBUG - 执行AGV分配局部搜索，当前完工时间: 2047.00
2025-04-30 01:36:12,246 - DEBUG - 局部搜索未能改进当前解
2025-04-30 01:36:12,250 - DEBUG - 执行机器分配局部搜索，当前完工时间: 2008.00
2025-04-30 01:36:12,250 - DEBUG - 执行AGV分配局部搜索，当前完工时间: 2008.00
2025-04-30 01:36:12,255 - DEBUG - 局部搜索未能改进当前解
2025-04-30 01:36:12,258 - DEBUG - 执行机器分配局部搜索，当前完工时间: 2196.00
2025-04-30 01:36:12,258 - DEBUG - 执行AGV分配局部搜索，当前完工时间: 2196.00
2025-04-30 01:36:12,262 - DEBUG - 局部搜索未能改进当前解
2025-04-30 01:36:12,266 - DEBUG - 执行机器分配局部搜索，当前完工时间: 2129.00
2025-04-30 01:36:12,269 - DEBUG - 执行AGV分配局部搜索，当前完工时间: 2129.00
2025-04-30 01:36:12,272 - DEBUG - 局部搜索未能改进当前解
2025-04-30 01:36:12,276 - DEBUG - 执行机器分配局部搜索，当前完工时间: 2058.00
2025-04-30 01:36:12,280 - DEBUG - 机器分配局部搜索成功！完工时间从 2058.00 降低到 2054.00，改进: 4.00 (0.19%)
2025-04-30 01:36:12,283 - DEBUG - 执行机器分配局部搜索，当前完工时间: 2103.00
2025-04-30 01:36:12,284 - DEBUG - 执行AGV分配局部搜索，当前完工时间: 2103.00
2025-04-30 01:36:12,287 - DEBUG - AGV分配局部搜索成功！完工时间从 2103.00 降低到 2079.00，改进: 24.00 (1.14%)
2025-04-30 01:36:12,291 - DEBUG - 执行机器分配局部搜索，当前完工时间: 2042.00
2025-04-30 01:36:12,294 - DEBUG - 执行AGV分配局部搜索，当前完工时间: 2042.00
2025-04-30 01:36:12,298 - DEBUG - 局部搜索未能改进当前解
2025-04-30 01:36:12,302 - DEBUG - 执行机器分配局部搜索，当前完工时间: 2112.00
2025-04-30 01:36:12,302 - DEBUG - 执行AGV分配局部搜索，当前完工时间: 2112.00
2025-04-30 01:36:12,306 - DEBUG - AGV分配局部搜索成功！完工时间从 2112.00 降低到 2108.00，改进: 4.00 (0.19%)
2025-04-30 01:36:12,308 - DEBUG - 执行机器分配局部搜索，当前完工时间: 1994.00
2025-04-30 01:36:12,313 - DEBUG - 执行AGV分配局部搜索，当前完工时间: 1994.00
2025-04-30 01:36:12,316 - DEBUG - 局部搜索未能改进当前解
2025-04-30 01:36:12,319 - DEBUG - 执行机器分配局部搜索，当前完工时间: 2183.00
2025-04-30 01:36:12,323 - DEBUG - 执行AGV分配局部搜索，当前完工时间: 2183.00
2025-04-30 01:36:12,328 - DEBUG - AGV分配局部搜索成功！完工时间从 2183.00 降低到 2173.00，改进: 10.00 (0.46%)
2025-04-30 01:36:12,332 - DEBUG - 执行机器分配局部搜索，当前完工时间: 2093.00
2025-04-30 01:36:12,336 - DEBUG - 执行AGV分配局部搜索，当前完工时间: 2093.00
2025-04-30 01:36:12,339 - DEBUG - 局部搜索未能改进当前解
2025-04-30 01:36:12,343 - DEBUG - 执行机器分配局部搜索，当前完工时间: 2001.00
2025-04-30 01:36:12,347 - DEBUG - 机器分配局部搜索成功！完工时间从 2001.00 降低到 1998.00，改进: 3.00 (0.15%)
2025-04-30 01:36:12,352 - DEBUG - 执行机器分配局部搜索，当前完工时间: 2030.00
2025-04-30 01:36:12,352 - DEBUG - 执行AGV分配局部搜索，当前完工时间: 2030.00
2025-04-30 01:36:12,355 - DEBUG - 局部搜索未能改进当前解
2025-04-30 01:36:12,359 - DEBUG - 执行机器分配局部搜索，当前完工时间: 2095.00
2025-04-30 01:36:12,359 - DEBUG - 执行AGV分配局部搜索，当前完工时间: 2095.00
2025-04-30 01:36:12,364 - DEBUG - 局部搜索未能改进当前解
2025-04-30 01:36:12,368 - DEBUG - 执行机器分配局部搜索，当前完工时间: 1976.00
2025-04-30 01:36:12,371 - DEBUG - 执行AGV分配局部搜索，当前完工时间: 1976.00
2025-04-30 01:36:12,375 - DEBUG - 局部搜索未能改进当前解
2025-04-30 01:36:12,379 - DEBUG - 执行机器分配局部搜索，当前完工时间: 2087.00
2025-04-30 01:36:12,383 - DEBUG - 执行AGV分配局部搜索，当前完工时间: 2087.00
2025-04-30 01:36:12,386 - DEBUG - 局部搜索未能改进当前解
2025-04-30 01:36:12,389 - DEBUG - 执行机器分配局部搜索，当前完工时间: 2066.00
2025-04-30 01:36:12,390 - DEBUG - 执行AGV分配局部搜索，当前完工时间: 2066.00
2025-04-30 01:36:12,393 - DEBUG - 局部搜索未能改进当前解
2025-04-30 01:36:12,397 - DEBUG - 执行机器分配局部搜索，当前完工时间: 1958.00
2025-04-30 01:36:12,398 - DEBUG - 执行AGV分配局部搜索，当前完工时间: 1958.00
2025-04-30 01:36:12,402 - DEBUG - 局部搜索未能改进当前解
2025-04-30 01:36:12,405 - DEBUG - 执行机器分配局部搜索，当前完工时间: 2152.00
2025-04-30 01:36:12,409 - DEBUG - 执行AGV分配局部搜索，当前完工时间: 2152.00
2025-04-30 01:36:12,413 - DEBUG - 局部搜索未能改进当前解
2025-04-30 01:36:12,416 - DEBUG - 执行机器分配局部搜索，当前完工时间: 2108.00
2025-04-30 01:36:12,420 - DEBUG - 执行AGV分配局部搜索，当前完工时间: 2108.00
2025-04-30 01:36:12,423 - DEBUG - 局部搜索未能改进当前解
2025-04-30 01:36:12,427 - DEBUG - 执行机器分配局部搜索，当前完工时间: 2002.00
2025-04-30 01:36:12,430 - DEBUG - 执行AGV分配局部搜索，当前完工时间: 2002.00
2025-04-30 01:36:12,433 - DEBUG - 局部搜索未能改进当前解
2025-04-30 01:36:12,437 - DEBUG - 执行机器分配局部搜索，当前完工时间: 2284.00
2025-04-30 01:36:12,441 - DEBUG - 执行AGV分配局部搜索，当前完工时间: 2284.00
2025-04-30 01:36:12,445 - DEBUG - 局部搜索未能改进当前解
2025-04-30 01:36:12,450 - DEBUG - 执行机器分配局部搜索，当前完工时间: 2059.00
2025-04-30 01:36:12,451 - DEBUG - 执行AGV分配局部搜索，当前完工时间: 2059.00
2025-04-30 01:36:12,454 - DEBUG - 局部搜索未能改进当前解
2025-04-30 01:36:12,458 - DEBUG - 执行机器分配局部搜索，当前完工时间: 2124.00
2025-04-30 01:36:12,463 - DEBUG - 执行AGV分配局部搜索，当前完工时间: 2124.00
2025-04-30 01:36:12,467 - DEBUG - AGV分配局部搜索成功！完工时间从 2124.00 降低到 2122.00，改进: 2.00 (0.09%)
2025-04-30 01:36:12,471 - DEBUG - 执行机器分配局部搜索，当前完工时间: 2318.00
2025-04-30 01:36:12,473 - DEBUG - 执行AGV分配局部搜索，当前完工时间: 2318.00
2025-04-30 01:36:12,477 - DEBUG - 局部搜索未能改进当前解
2025-04-30 01:36:12,481 - DEBUG - 执行机器分配局部搜索，当前完工时间: 2081.00
2025-04-30 01:36:12,482 - DEBUG - 执行AGV分配局部搜索，当前完工时间: 2081.00
2025-04-30 01:36:12,484 - DEBUG - AGV分配局部搜索成功！完工时间从 2081.00 降低到 2076.00，改进: 5.00 (0.24%)
2025-04-30 01:36:12,488 - DEBUG - 执行机器分配局部搜索，当前完工时间: 2161.00
2025-04-30 01:36:12,489 - DEBUG - 执行AGV分配局部搜索，当前完工时间: 2161.00
2025-04-30 01:36:12,492 - DEBUG - 局部搜索未能改进当前解
2025-04-30 01:36:12,497 - DEBUG - 执行机器分配局部搜索，当前完工时间: 2046.00
2025-04-30 01:36:12,500 - DEBUG - 执行AGV分配局部搜索，当前完工时间: 2046.00
2025-04-30 01:36:12,503 - DEBUG - 局部搜索未能改进当前解
2025-04-30 01:38:02,278 - INFO - In generation 1，New best makespan: 1892.00
2025-04-30 01:38:02,278 - INFO - In generation 1/500, Subpopulation size - P1: 30, P2: 30, P3: 40
2025-04-30 01:38:02,278 - INFO - Subpopulation Quality Rank - P1: 2373, P2: 1530, P3: 1847
2025-04-30 01:38:02,278 - DEBUG - Start Generation 2/500...
2025-04-30 01:38:02,284 - DEBUG - 执行机器分配局部搜索，当前完工时间: 2168.00
2025-04-30 01:38:02,285 - DEBUG - 执行AGV分配局部搜索，当前完工时间: 2168.00
2025-04-30 01:38:02,288 - DEBUG - 局部搜索未能改进当前解
2025-04-30 01:38:02,292 - DEBUG - 执行机器分配局部搜索，当前完工时间: 1928.00
2025-04-30 01:38:02,296 - DEBUG - 机器分配局部搜索成功！完工时间从 1928.00 降低到 1924.00，改进: 4.00 (0.21%)
2025-04-30 01:38:02,300 - DEBUG - 执行机器分配局部搜索，当前完工时间: 2171.00
2025-04-30 01:38:02,301 - DEBUG - 执行AGV分配局部搜索，当前完工时间: 2171.00
2025-04-30 01:38:02,303 - DEBUG - 局部搜索未能改进当前解
2025-04-30 01:38:02,308 - DEBUG - 执行机器分配局部搜索，当前完工时间: 1979.00
2025-04-30 01:38:02,312 - DEBUG - 执行AGV分配局部搜索，当前完工时间: 1979.00
2025-04-30 01:38:02,315 - DEBUG - 局部搜索未能改进当前解
2025-04-30 01:38:02,318 - DEBUG - 执行机器分配局部搜索，当前完工时间: 2073.00
2025-04-30 01:38:02,322 - DEBUG - 执行AGV分配局部搜索，当前完工时间: 2073.00
2025-04-30 01:38:02,327 - DEBUG - AGV分配局部搜索成功！完工时间从 2073.00 降低到 2064.00，改进: 9.00 (0.43%)
2025-04-30 01:38:02,331 - DEBUG - 执行机器分配局部搜索，当前完工时间: 2059.00
2025-04-30 01:38:02,332 - DEBUG - 执行AGV分配局部搜索，当前完工时间: 2059.00
2025-04-30 01:38:02,336 - DEBUG - AGV分配局部搜索成功！完工时间从 2059.00 降低到 2023.00，改进: 36.00 (1.75%)
2025-04-30 01:38:02,340 - DEBUG - 执行机器分配局部搜索，当前完工时间: 2114.00
2025-04-30 01:38:02,343 - DEBUG - 机器分配局部搜索成功！完工时间从 2114.00 降低到 2108.00，改进: 6.00 (0.28%)
2025-04-30 01:38:02,348 - DEBUG - 执行机器分配局部搜索，当前完工时间: 2088.00
2025-04-30 01:38:02,348 - DEBUG - 执行AGV分配局部搜索，当前完工时间: 2088.00
2025-04-30 01:38:02,352 - DEBUG - 局部搜索未能改进当前解
2025-04-30 01:38:02,355 - DEBUG - 执行机器分配局部搜索，当前完工时间: 2025.00
2025-04-30 01:38:02,355 - DEBUG - 执行AGV分配局部搜索，当前完工时间: 2025.00
2025-04-30 01:38:02,359 - DEBUG - 局部搜索未能改进当前解
2025-04-30 01:38:02,363 - DEBUG - 执行机器分配局部搜索，当前完工时间: 1978.00
2025-04-30 01:38:02,363 - DEBUG - 执行AGV分配局部搜索，当前完工时间: 1978.00
2025-04-30 01:38:02,367 - DEBUG - 局部搜索未能改进当前解
2025-04-30 01:38:02,371 - DEBUG - 执行机器分配局部搜索，当前完工时间: 2017.00
2025-04-30 01:38:02,371 - DEBUG - 执行AGV分配局部搜索，当前完工时间: 2017.00
2025-04-30 01:38:02,374 - DEBUG - AGV分配局部搜索成功！完工时间从 2017.00 降低到 2016.00，改进: 1.00 (0.05%)
2025-04-30 01:38:02,378 - DEBUG - 执行机器分配局部搜索，当前完工时间: 2028.00
2025-04-30 01:38:02,378 - DEBUG - 执行AGV分配局部搜索，当前完工时间: 2028.00
2025-04-30 01:38:02,382 - DEBUG - 局部搜索未能改进当前解
2025-04-30 01:38:02,386 - DEBUG - 执行机器分配局部搜索，当前完工时间: 2061.00
2025-04-30 01:38:02,389 - DEBUG - 执行AGV分配局部搜索，当前完工时间: 2061.00
2025-04-30 01:38:02,393 - DEBUG - 局部搜索未能改进当前解
2025-04-30 01:38:02,397 - DEBUG - 执行机器分配局部搜索，当前完工时间: 1969.00
2025-04-30 01:38:02,402 - DEBUG - 机器分配局部搜索成功！完工时间从 1969.00 降低到 1963.00，改进: 6.00 (0.30%)
2025-04-30 01:38:02,405 - DEBUG - 执行机器分配局部搜索，当前完工时间: 2018.00
2025-04-30 01:38:02,408 - DEBUG - 执行AGV分配局部搜索，当前完工时间: 2018.00
2025-04-30 01:38:02,412 - DEBUG - 局部搜索未能改进当前解
2025-04-30 01:38:02,415 - DEBUG - 执行机器分配局部搜索，当前完工时间: 1971.00
2025-04-30 01:38:02,415 - DEBUG - 执行AGV分配局部搜索，当前完工时间: 1971.00
2025-04-30 01:38:02,419 - DEBUG - 局部搜索未能改进当前解
2025-04-30 01:38:02,424 - DEBUG - 执行机器分配局部搜索，当前完工时间: 2034.00
2025-04-30 01:38:02,424 - DEBUG - 执行AGV分配局部搜索，当前完工时间: 2034.00
2025-04-30 01:38:02,427 - DEBUG - 局部搜索未能改进当前解
2025-04-30 01:38:02,432 - DEBUG - 执行机器分配局部搜索，当前完工时间: 2031.00
2025-04-30 01:38:02,435 - DEBUG - 执行AGV分配局部搜索，当前完工时间: 2031.00
2025-04-30 01:38:02,438 - DEBUG - 局部搜索未能改进当前解
2025-04-30 01:38:02,442 - DEBUG - 执行机器分配局部搜索，当前完工时间: 1950.00
2025-04-30 01:38:02,446 - DEBUG - 执行AGV分配局部搜索，当前完工时间: 1950.00
2025-04-30 01:38:02,450 - DEBUG - 局部搜索未能改进当前解
2025-04-30 01:38:02,454 - DEBUG - 执行机器分配局部搜索，当前完工时间: 1968.00
2025-04-30 01:38:02,458 - DEBUG - 执行AGV分配局部搜索，当前完工时间: 1968.00
2025-04-30 01:38:02,461 - DEBUG - 局部搜索未能改进当前解
2025-04-30 01:38:02,465 - DEBUG - 执行机器分配局部搜索，当前完工时间: 2049.00
2025-04-30 01:38:02,468 - DEBUG - 机器分配局部搜索成功！完工时间从 2049.00 降低到 2042.00，改进: 7.00 (0.34%)
2025-04-30 01:38:02,472 - DEBUG - 执行机器分配局部搜索，当前完工时间: 2133.00
2025-04-30 01:38:02,476 - DEBUG - 执行AGV分配局部搜索，当前完工时间: 2133.00
2025-04-30 01:38:02,480 - DEBUG - 局部搜索未能改进当前解
2025-04-30 01:38:02,484 - DEBUG - 执行机器分配局部搜索，当前完工时间: 2176.00
2025-04-30 01:38:02,488 - DEBUG - 机器分配局部搜索成功！完工时间从 2176.00 降低到 2174.00，改进: 2.00 (0.09%)
2025-04-30 01:38:02,492 - DEBUG - 执行机器分配局部搜索，当前完工时间: 1985.00
2025-04-30 01:38:02,492 - DEBUG - 执行AGV分配局部搜索，当前完工时间: 1985.00
2025-04-30 01:38:02,495 - DEBUG - 局部搜索未能改进当前解
2025-04-30 01:38:02,500 - DEBUG - 执行机器分配局部搜索，当前完工时间: 1899.00
2025-04-30 01:38:02,504 - DEBUG - 机器分配局部搜索成功！完工时间从 1899.00 降低到 1898.00，改进: 1.00 (0.05%)
2025-04-30 01:38:02,507 - DEBUG - 执行机器分配局部搜索，当前完工时间: 2112.00
2025-04-30 01:38:02,511 - DEBUG - 执行AGV分配局部搜索，当前完工时间: 2112.00
2025-04-30 01:38:02,515 - DEBUG - 局部搜索未能改进当前解
2025-04-30 01:38:02,518 - DEBUG - 执行机器分配局部搜索，当前完工时间: 2120.00
2025-04-30 01:38:02,522 - DEBUG - 机器分配局部搜索成功！完工时间从 2120.00 降低到 2112.00，改进: 8.00 (0.38%)
2025-04-30 01:38:02,526 - DEBUG - 执行机器分配局部搜索，当前完工时间: 1979.00
2025-04-30 01:38:02,526 - DEBUG - 执行AGV分配局部搜索，当前完工时间: 1979.00
2025-04-30 01:38:02,530 - DEBUG - 局部搜索未能改进当前解
2025-04-30 01:38:02,533 - DEBUG - 执行机器分配局部搜索，当前完工时间: 2011.00
2025-04-30 01:38:02,533 - DEBUG - 执行AGV分配局部搜索，当前完工时间: 2011.00
2025-04-30 01:38:02,536 - DEBUG - 局部搜索未能改进当前解
2025-04-30 01:38:02,541 - DEBUG - 执行机器分配局部搜索，当前完工时间: 1892.00
2025-04-30 01:38:02,541 - DEBUG - 执行AGV分配局部搜索，当前完工时间: 1892.00
2025-04-30 01:38:02,545 - DEBUG - 局部搜索未能改进当前解
2025-04-30 01:38:02,549 - DEBUG - 执行机器分配局部搜索，当前完工时间: 2142.00
2025-04-30 01:38:02,549 - DEBUG - 执行AGV分配局部搜索，当前完工时间: 2142.00
2025-04-30 01:38:02,552 - DEBUG - 局部搜索未能改进当前解
2025-04-30 01:38:02,556 - DEBUG - 执行机器分配局部搜索，当前完工时间: 2225.00
2025-04-30 01:38:02,556 - DEBUG - 执行AGV分配局部搜索，当前完工时间: 2225.00
2025-04-30 01:38:02,560 - DEBUG - 局部搜索未能改进当前解
2025-04-30 01:38:02,565 - DEBUG - 执行机器分配局部搜索，当前完工时间: 2100.00
2025-04-30 01:38:02,565 - DEBUG - 执行AGV分配局部搜索，当前完工时间: 2100.00
2025-04-30 01:38:02,568 - DEBUG - 局部搜索未能改进当前解
2025-04-30 01:38:02,574 - DEBUG - 执行机器分配局部搜索，当前完工时间: 1934.00
2025-04-30 01:38:02,574 - DEBUG - 执行AGV分配局部搜索，当前完工时间: 1934.00
2025-04-30 01:38:02,578 - DEBUG - 局部搜索未能改进当前解
2025-04-30 01:38:02,583 - DEBUG - 执行机器分配局部搜索，当前完工时间: 2126.00
2025-04-30 01:38:02,587 - DEBUG - 执行AGV分配局部搜索，当前完工时间: 2126.00
2025-04-30 01:38:02,591 - DEBUG - 局部搜索未能改进当前解
2025-04-30 01:38:02,596 - DEBUG - 执行机器分配局部搜索，当前完工时间: 2014.00
2025-04-30 01:38:02,600 - DEBUG - 执行AGV分配局部搜索，当前完工时间: 2014.00
2025-04-30 01:38:02,604 - DEBUG - 局部搜索未能改进当前解
2025-04-30 01:38:02,608 - DEBUG - 执行机器分配局部搜索，当前完工时间: 1983.00
2025-04-30 01:38:02,612 - DEBUG - 执行AGV分配局部搜索，当前完工时间: 1983.00
2025-04-30 01:38:02,616 - DEBUG - 局部搜索未能改进当前解
2025-04-30 01:38:02,620 - DEBUG - 执行机器分配局部搜索，当前完工时间: 2021.00
2025-04-30 01:38:02,621 - DEBUG - 执行AGV分配局部搜索，当前完工时间: 2021.00
2025-04-30 01:38:02,625 - DEBUG - AGV分配局部搜索成功！完工时间从 2021.00 降低到 2020.00，改进: 1.00 (0.05%)
2025-04-30 01:38:02,628 - DEBUG - 执行机器分配局部搜索，当前完工时间: 2171.00
2025-04-30 01:38:02,628 - DEBUG - 执行AGV分配局部搜索，当前完工时间: 2171.00
2025-04-30 01:38:02,633 - DEBUG - AGV分配局部搜索成功！完工时间从 2171.00 降低到 2163.00，改进: 8.00 (0.37%)
2025-04-30 01:38:02,637 - DEBUG - 执行机器分配局部搜索，当前完工时间: 2022.00
2025-04-30 01:38:02,640 - DEBUG - 执行AGV分配局部搜索，当前完工时间: 2022.00
2025-04-30 01:38:02,644 - DEBUG - 局部搜索未能改进当前解
2025-04-30 01:38:02,647 - DEBUG - 执行机器分配局部搜索，当前完工时间: 2058.00
2025-04-30 01:38:02,648 - DEBUG - 执行AGV分配局部搜索，当前完工时间: 2058.00
2025-04-30 01:38:02,651 - DEBUG - 局部搜索未能改进当前解
2025-04-30 01:38:02,655 - DEBUG - 执行机器分配局部搜索，当前完工时间: 2112.00
2025-04-30 01:38:02,658 - DEBUG - 执行AGV分配局部搜索，当前完工时间: 2112.00
2025-04-30 01:38:02,662 - DEBUG - 局部搜索未能改进当前解
2025-04-30 01:38:02,667 - DEBUG - 执行机器分配局部搜索，当前完工时间: 2009.00
2025-04-30 01:38:02,670 - DEBUG - 执行AGV分配局部搜索，当前完工时间: 2009.00
2025-04-30 01:38:02,674 - DEBUG - 局部搜索未能改进当前解
2025-04-30 01:38:02,678 - DEBUG - 执行机器分配局部搜索，当前完工时间: 1939.00
2025-04-30 01:38:02,678 - DEBUG - 执行AGV分配局部搜索，当前完工时间: 1939.00
2025-04-30 01:38:02,682 - DEBUG - 局部搜索未能改进当前解
2025-04-30 01:38:02,685 - DEBUG - 执行机器分配局部搜索，当前完工时间: 1935.00
2025-04-30 01:38:02,689 - DEBUG - 执行AGV分配局部搜索，当前完工时间: 1935.00
2025-04-30 01:38:02,693 - DEBUG - 局部搜索未能改进当前解
2025-04-30 01:38:02,698 - DEBUG - 执行机器分配局部搜索，当前完工时间: 2047.00
2025-04-30 01:38:02,699 - DEBUG - 执行AGV分配局部搜索，当前完工时间: 2047.00
2025-04-30 01:38:02,703 - DEBUG - 局部搜索未能改进当前解
2025-04-30 01:38:02,707 - DEBUG - 执行机器分配局部搜索，当前完工时间: 2044.00
2025-04-30 01:38:02,708 - DEBUG - 执行AGV分配局部搜索，当前完工时间: 2044.00
2025-04-30 01:38:02,713 - DEBUG - 局部搜索未能改进当前解
2025-04-30 01:38:02,717 - DEBUG - 执行机器分配局部搜索，当前完工时间: 2085.00
2025-04-30 01:38:02,721 - DEBUG - 机器分配局部搜索成功！完工时间从 2085.00 降低到 2073.00，改进: 12.00 (0.58%)
2025-04-30 01:38:02,724 - DEBUG - 执行机器分配局部搜索，当前完工时间: 2067.00
2025-04-30 01:38:02,728 - DEBUG - 执行AGV分配局部搜索，当前完工时间: 2067.00
2025-04-30 01:38:02,732 - DEBUG - 局部搜索未能改进当前解
2025-04-30 01:38:02,736 - DEBUG - 执行机器分配局部搜索，当前完工时间: 2064.00
2025-04-30 01:38:02,736 - DEBUG - 执行AGV分配局部搜索，当前完工时间: 2064.00
2025-04-30 01:38:02,740 - DEBUG - 局部搜索未能改进当前解
2025-04-30 01:38:02,744 - DEBUG - 执行机器分配局部搜索，当前完工时间: 2037.00
2025-04-30 01:38:02,747 - DEBUG - 执行AGV分配局部搜索，当前完工时间: 2037.00
2025-04-30 01:38:02,751 - DEBUG - 局部搜索未能改进当前解
2025-04-30 01:38:02,755 - DEBUG - 执行机器分配局部搜索，当前完工时间: 2026.00
2025-04-30 01:38:02,759 - DEBUG - 执行AGV分配局部搜索，当前完工时间: 2026.00
2025-04-30 01:38:02,763 - DEBUG - 局部搜索未能改进当前解
2025-04-30 01:38:02,767 - DEBUG - 执行机器分配局部搜索，当前完工时间: 1979.00
2025-04-30 01:38:02,771 - DEBUG - 执行AGV分配局部搜索，当前完工时间: 1979.00
2025-04-30 01:38:02,775 - DEBUG - 局部搜索未能改进当前解
2025-04-30 01:38:02,780 - DEBUG - 执行机器分配局部搜索，当前完工时间: 2129.00
2025-04-30 01:38:02,784 - DEBUG - 执行AGV分配局部搜索，当前完工时间: 2129.00
2025-04-30 01:38:02,789 - DEBUG - 局部搜索未能改进当前解
2025-04-30 01:38:02,793 - DEBUG - 执行机器分配局部搜索，当前完工时间: 2065.00
2025-04-30 01:38:02,795 - DEBUG - 执行AGV分配局部搜索，当前完工时间: 2065.00
2025-04-30 01:38:02,797 - DEBUG - 局部搜索未能改进当前解
2025-04-30 01:38:02,803 - DEBUG - 执行机器分配局部搜索，当前完工时间: 2201.00
2025-04-30 01:38:02,803 - DEBUG - 执行AGV分配局部搜索，当前完工时间: 2201.00
2025-04-30 01:38:02,808 - DEBUG - 局部搜索未能改进当前解
2025-04-30 01:38:02,812 - DEBUG - 执行机器分配局部搜索，当前完工时间: 2171.00
2025-04-30 01:38:02,817 - DEBUG - 机器分配局部搜索成功！完工时间从 2171.00 降低到 2160.00，改进: 11.00 (0.51%)
2025-04-30 01:38:02,821 - DEBUG - 执行机器分配局部搜索，当前完工时间: 2221.00
2025-04-30 01:38:02,825 - DEBUG - 机器分配局部搜索成功！完工时间从 2221.00 降低到 2217.00，改进: 4.00 (0.18%)
2025-04-30 01:38:02,830 - DEBUG - 执行机器分配局部搜索，当前完工时间: 2078.00
2025-04-30 01:38:02,830 - DEBUG - 执行AGV分配局部搜索，当前完工时间: 2078.00
2025-04-30 01:38:02,834 - DEBUG - AGV分配局部搜索成功！完工时间从 2078.00 降低到 2069.00，改进: 9.00 (0.43%)
2025-04-30 01:38:02,840 - DEBUG - 执行机器分配局部搜索，当前完工时间: 2166.00
2025-04-30 01:38:02,845 - DEBUG - 机器分配局部搜索成功！完工时间从 2166.00 降低到 2156.00，改进: 10.00 (0.46%)
2025-04-30 01:38:02,850 - DEBUG - 执行机器分配局部搜索，当前完工时间: 2027.00
2025-04-30 01:38:02,854 - DEBUG - 机器分配局部搜索成功！完工时间从 2027.00 降低到 2023.00，改进: 4.00 (0.20%)
2025-04-30 01:38:02,858 - DEBUG - 执行机器分配局部搜索，当前完工时间: 2108.00
2025-04-30 01:38:02,859 - DEBUG - 执行AGV分配局部搜索，当前完工时间: 2108.00
2025-04-30 01:38:02,863 - DEBUG - 局部搜索未能改进当前解
2025-04-30 01:38:02,867 - DEBUG - 执行机器分配局部搜索，当前完工时间: 2138.00
2025-04-30 01:38:02,870 - DEBUG - 执行AGV分配局部搜索，当前完工时间: 2138.00
2025-04-30 01:38:02,875 - DEBUG - 局部搜索未能改进当前解
2025-04-30 01:38:02,881 - DEBUG - 执行机器分配局部搜索，当前完工时间: 2096.00
2025-04-30 01:38:02,885 - DEBUG - 机器分配局部搜索成功！完工时间从 2096.00 降低到 2086.00，改进: 10.00 (0.48%)
2025-04-30 01:38:02,890 - DEBUG - 执行机器分配局部搜索，当前完工时间: 2024.00
2025-04-30 01:38:02,894 - DEBUG - 机器分配局部搜索成功！完工时间从 2024.00 降低到 2020.00，改进: 4.00 (0.20%)
2025-04-30 01:38:02,898 - DEBUG - 执行机器分配局部搜索，当前完工时间: 2062.00
2025-04-30 01:38:02,901 - DEBUG - 机器分配局部搜索成功！完工时间从 2062.00 降低到 2058.00，改进: 4.00 (0.19%)
2025-04-30 01:38:02,904 - DEBUG - 执行机器分配局部搜索，当前完工时间: 2054.00
2025-04-30 01:38:02,908 - DEBUG - 执行AGV分配局部搜索，当前完工时间: 2054.00
2025-04-30 01:38:02,911 - DEBUG - 局部搜索未能改进当前解
2025-04-30 01:38:02,916 - DEBUG - 执行机器分配局部搜索，当前完工时间: 2104.00
2025-04-30 01:38:02,919 - DEBUG - 执行AGV分配局部搜索，当前完工时间: 2104.00
2025-04-30 01:38:02,922 - DEBUG - 局部搜索未能改进当前解
2025-04-30 01:38:02,926 - DEBUG - 执行机器分配局部搜索，当前完工时间: 2037.00
2025-04-30 01:38:02,930 - DEBUG - 机器分配局部搜索成功！完工时间从 2037.00 降低到 2027.00，改进: 10.00 (0.49%)
2025-04-30 01:38:02,933 - DEBUG - 执行机器分配局部搜索，当前完工时间: 2160.00
2025-04-30 01:38:02,937 - DEBUG - 执行AGV分配局部搜索，当前完工时间: 2160.00
2025-04-30 01:38:02,940 - DEBUG - AGV分配局部搜索成功！完工时间从 2160.00 降低到 2131.00，改进: 29.00 (1.34%)
2025-04-30 01:38:02,943 - DEBUG - 执行机器分配局部搜索，当前完工时间: 2059.00
2025-04-30 01:38:02,946 - DEBUG - 执行AGV分配局部搜索，当前完工时间: 2059.00
2025-04-30 01:38:02,950 - DEBUG - 局部搜索未能改进当前解
2025-04-30 01:38:02,954 - DEBUG - 执行机器分配局部搜索，当前完工时间: 1958.00
2025-04-30 01:38:02,955 - DEBUG - 执行AGV分配局部搜索，当前完工时间: 1958.00
2025-04-30 01:38:02,958 - DEBUG - 局部搜索未能改进当前解
2025-04-30 01:38:02,963 - DEBUG - 执行机器分配局部搜索，当前完工时间: 2156.00
2025-04-30 01:38:02,963 - DEBUG - 执行AGV分配局部搜索，当前完工时间: 2156.00
2025-04-30 01:38:02,967 - DEBUG - 局部搜索未能改进当前解
2025-04-30 01:38:02,971 - DEBUG - 执行机器分配局部搜索，当前完工时间: 2118.00
2025-04-30 01:38:02,974 - DEBUG - 机器分配局部搜索成功！完工时间从 2118.00 降低到 2114.00，改进: 4.00 (0.19%)
2025-04-30 01:38:02,978 - DEBUG - 执行机器分配局部搜索，当前完工时间: 2013.00
2025-04-30 01:38:02,983 - DEBUG - 机器分配局部搜索成功！完工时间从 2013.00 降低到 2007.00，改进: 6.00 (0.30%)
2025-04-30 01:38:02,988 - DEBUG - 执行机器分配局部搜索，当前完工时间: 2169.00
2025-04-30 01:38:02,992 - DEBUG - 机器分配局部搜索成功！完工时间从 2169.00 降低到 2167.00，改进: 2.00 (0.09%)
2025-04-30 01:38:02,996 - DEBUG - 执行机器分配局部搜索，当前完工时间: 1984.00
2025-04-30 01:38:02,999 - DEBUG - 执行AGV分配局部搜索，当前完工时间: 1984.00
2025-04-30 01:38:03,003 - DEBUG - 局部搜索未能改进当前解
2025-04-30 01:38:03,008 - DEBUG - 执行机器分配局部搜索，当前完工时间: 2102.00
2025-04-30 01:38:03,012 - DEBUG - 执行AGV分配局部搜索，当前完工时间: 2102.00
2025-04-30 01:38:03,015 - DEBUG - 局部搜索未能改进当前解
2025-04-30 01:38:03,018 - DEBUG - 执行机器分配局部搜索，当前完工时间: 2089.00
2025-04-30 01:38:03,022 - DEBUG - 执行AGV分配局部搜索，当前完工时间: 2089.00
2025-04-30 01:38:03,026 - DEBUG - AGV分配局部搜索成功！完工时间从 2089.00 降低到 2073.00，改进: 16.00 (0.77%)
2025-04-30 01:38:03,030 - DEBUG - 执行机器分配局部搜索，当前完工时间: 2073.00
2025-04-30 01:38:03,030 - DEBUG - 执行AGV分配局部搜索，当前完工时间: 2073.00
2025-04-30 01:38:03,033 - DEBUG - 局部搜索未能改进当前解
2025-04-30 01:38:03,037 - DEBUG - 执行机器分配局部搜索，当前完工时间: 2131.00
2025-04-30 01:38:03,041 - DEBUG - 执行AGV分配局部搜索，当前完工时间: 2131.00
2025-04-30 01:38:03,044 - DEBUG - 局部搜索未能改进当前解
2025-04-30 01:38:03,048 - DEBUG - 执行机器分配局部搜索，当前完工时间: 2121.00
2025-04-30 01:38:03,051 - DEBUG - 执行AGV分配局部搜索，当前完工时间: 2121.00
2025-04-30 01:38:03,056 - DEBUG - 局部搜索未能改进当前解
2025-04-30 01:38:03,060 - DEBUG - 执行机器分配局部搜索，当前完工时间: 2173.00
2025-04-30 01:38:03,063 - DEBUG - 机器分配局部搜索成功！完工时间从 2173.00 降低到 2172.00，改进: 1.00 (0.05%)
2025-04-30 01:38:03,067 - DEBUG - 执行机器分配局部搜索，当前完工时间: 2041.00
2025-04-30 01:38:03,071 - DEBUG - 执行AGV分配局部搜索，当前完工时间: 2041.00
2025-04-30 01:38:03,074 - DEBUG - 局部搜索未能改进当前解
2025-04-30 01:38:03,079 - DEBUG - 执行机器分配局部搜索，当前完工时间: 1987.00
2025-04-30 01:38:03,079 - DEBUG - 执行AGV分配局部搜索，当前完工时间: 1987.00
2025-04-30 01:38:03,082 - DEBUG - 局部搜索未能改进当前解
2025-04-30 01:38:03,087 - DEBUG - 执行机器分配局部搜索，当前完工时间: 2089.00
2025-04-30 01:38:03,090 - DEBUG - 机器分配局部搜索成功！完工时间从 2089.00 降低到 2083.00，改进: 6.00 (0.29%)
2025-04-30 01:38:03,095 - DEBUG - 执行机器分配局部搜索，当前完工时间: 2062.00
2025-04-30 01:38:03,098 - DEBUG - 执行AGV分配局部搜索，当前完工时间: 2062.00
2025-04-30 01:38:03,101 - DEBUG - 局部搜索未能改进当前解
2025-04-30 01:38:03,105 - DEBUG - 执行机器分配局部搜索，当前完工时间: 2029.00
2025-04-30 01:38:03,105 - DEBUG - 执行AGV分配局部搜索，当前完工时间: 2029.00
2025-04-30 01:38:03,108 - DEBUG - 局部搜索未能改进当前解
2025-04-30 01:38:03,113 - DEBUG - 执行机器分配局部搜索，当前完工时间: 2093.00
2025-04-30 01:38:03,114 - DEBUG - 执行AGV分配局部搜索，当前完工时间: 2093.00
2025-04-30 01:38:03,119 - DEBUG - 局部搜索未能改进当前解
2025-04-30 01:38:03,123 - DEBUG - 执行机器分配局部搜索，当前完工时间: 2020.00
2025-04-30 01:38:03,123 - DEBUG - 执行AGV分配局部搜索，当前完工时间: 2020.00
2025-04-30 01:38:03,127 - DEBUG - 局部搜索未能改进当前解
2025-04-30 01:38:03,132 - DEBUG - 执行机器分配局部搜索，当前完工时间: 1998.00
2025-04-30 01:38:03,132 - DEBUG - 执行AGV分配局部搜索，当前完工时间: 1998.00
2025-04-30 01:38:03,135 - DEBUG - 局部搜索未能改进当前解
2025-04-30 01:38:03,140 - DEBUG - 执行机器分配局部搜索，当前完工时间: 1991.00
2025-04-30 01:38:03,140 - DEBUG - 执行AGV分配局部搜索，当前完工时间: 1991.00
2025-04-30 01:38:03,143 - DEBUG - 局部搜索未能改进当前解
2025-04-30 01:38:03,147 - DEBUG - 执行机器分配局部搜索，当前完工时间: 2020.00
2025-04-30 01:38:03,147 - DEBUG - 执行AGV分配局部搜索，当前完工时间: 2020.00
2025-04-30 01:38:03,151 - DEBUG - 局部搜索未能改进当前解
2025-04-30 01:38:03,154 - DEBUG - 执行机器分配局部搜索，当前完工时间: 2102.00
2025-04-30 01:38:03,155 - DEBUG - 执行AGV分配局部搜索，当前完工时间: 2102.00
2025-04-30 01:38:03,158 - DEBUG - 局部搜索未能改进当前解
2025-04-30 01:38:03,162 - DEBUG - 执行机器分配局部搜索，当前完工时间: 2072.00
2025-04-30 01:38:03,166 - DEBUG - 执行AGV分配局部搜索，当前完工时间: 2072.00
2025-04-30 01:38:03,169 - DEBUG - AGV分配局部搜索成功！完工时间从 2072.00 降低到 2066.00，改进: 6.00 (0.29%)
2025-04-30 01:38:03,174 - DEBUG - 执行机器分配局部搜索，当前完工时间: 2110.00
2025-04-30 01:38:03,174 - DEBUG - 执行AGV分配局部搜索，当前完工时间: 2110.00
2025-04-30 01:38:03,178 - DEBUG - 局部搜索未能改进当前解
2025-04-30 01:38:03,183 - DEBUG - 执行机器分配局部搜索，当前完工时间: 2055.00
2025-04-30 01:38:03,183 - DEBUG - 执行AGV分配局部搜索，当前完工时间: 2055.00
2025-04-30 01:38:03,186 - DEBUG - 局部搜索未能改进当前解
2025-04-30 01:38:03,190 - DEBUG - 执行机器分配局部搜索，当前完工时间: 1988.00
2025-04-30 01:38:03,193 - DEBUG - 执行AGV分配局部搜索，当前完工时间: 1988.00
2025-04-30 01:38:03,197 - DEBUG - 局部搜索未能改进当前解
2025-04-30 01:38:03,201 - DEBUG - 执行机器分配局部搜索，当前完工时间: 2081.00
2025-04-30 01:38:03,204 - DEBUG - 执行AGV分配局部搜索，当前完工时间: 2081.00
2025-04-30 01:38:03,208 - DEBUG - 局部搜索未能改进当前解
2025-04-30 01:38:03,212 - DEBUG - 执行机器分配局部搜索，当前完工时间: 2058.00
2025-04-30 01:38:03,212 - DEBUG - 执行AGV分配局部搜索，当前完工时间: 2058.00
2025-04-30 01:38:03,215 - DEBUG - 局部搜索未能改进当前解
2025-04-30 01:39:53,308 - INFO - In generation 2/500, Subpopulation size - P1: 30, P2: 31, P3: 39
2025-04-30 01:39:53,308 - INFO - Subpopulation Quality Rank - P1: 2487, P2: 1486, P3: 1652
2025-04-30 01:39:53,308 - DEBUG - Start Generation 3/500...
2025-04-30 01:39:53,312 - DEBUG - 执行机器分配局部搜索，当前完工时间: 2047.00
2025-04-30 01:39:53,313 - DEBUG - 执行AGV分配局部搜索，当前完工时间: 2047.00
2025-04-30 01:39:53,317 - DEBUG - AGV分配局部搜索成功！完工时间从 2047.00 降低到 2005.00，改进: 42.00 (2.05%)
2025-04-30 01:39:53,320 - DEBUG - 执行机器分配局部搜索，当前完工时间: 2115.00
2025-04-30 01:39:53,324 - DEBUG - 执行AGV分配局部搜索，当前完工时间: 2115.00
2025-04-30 01:39:53,327 - DEBUG - 局部搜索未能改进当前解
2025-04-30 01:39:53,332 - DEBUG - 执行机器分配局部搜索，当前完工时间: 1934.00
2025-04-30 01:39:53,336 - DEBUG - 机器分配局部搜索成功！完工时间从 1934.00 降低到 1922.00，改进: 12.00 (0.62%)
2025-04-30 01:39:53,340 - DEBUG - 执行机器分配局部搜索，当前完工时间: 2021.00
2025-04-30 01:39:53,340 - DEBUG - 执行AGV分配局部搜索，当前完工时间: 2021.00
2025-04-30 01:39:53,345 - DEBUG - AGV分配局部搜索成功！完工时间从 2021.00 降低到 1967.00，改进: 54.00 (2.67%)
2025-04-30 01:39:53,347 - DEBUG - 执行机器分配局部搜索，当前完工时间: 1990.00
2025-04-30 01:39:53,351 - DEBUG - 机器分配局部搜索成功！完工时间从 1990.00 降低到 1986.00，改进: 4.00 (0.20%)
2025-04-30 01:39:53,355 - DEBUG - 执行机器分配局部搜索，当前完工时间: 2046.00
2025-04-30 01:39:53,355 - DEBUG - 执行AGV分配局部搜索，当前完工时间: 2046.00
2025-04-30 01:39:53,358 - DEBUG - 局部搜索未能改进当前解
2025-04-30 01:39:53,363 - DEBUG - 执行机器分配局部搜索，当前完工时间: 2036.00
2025-04-30 01:39:53,370 - DEBUG - 执行AGV分配局部搜索，当前完工时间: 2036.00
2025-04-30 01:39:53,373 - DEBUG - AGV分配局部搜索成功！完工时间从 2036.00 降低到 2011.00，改进: 25.00 (1.23%)
2025-04-30 01:39:53,378 - DEBUG - 执行机器分配局部搜索，当前完工时间: 2314.00
2025-04-30 01:39:53,378 - DEBUG - 执行AGV分配局部搜索，当前完工时间: 2314.00
2025-04-30 01:39:53,382 - DEBUG - AGV分配局部搜索成功！完工时间从 2314.00 降低到 2291.00，改进: 23.00 (0.99%)
2025-04-30 01:39:53,386 - DEBUG - 执行机器分配局部搜索，当前完工时间: 2093.00
2025-04-30 01:39:53,390 - DEBUG - 机器分配局部搜索成功！完工时间从 2093.00 降低到 2089.00，改进: 4.00 (0.19%)
2025-04-30 01:39:53,393 - DEBUG - 执行机器分配局部搜索，当前完工时间: 2121.00
2025-04-30 01:39:53,398 - DEBUG - 执行AGV分配局部搜索，当前完工时间: 2121.00
2025-04-30 01:39:53,402 - DEBUG - AGV分配局部搜索成功！完工时间从 2121.00 降低到 2120.00，改进: 1.00 (0.05%)
2025-04-30 01:39:53,406 - DEBUG - 执行机器分配局部搜索，当前完工时间: 2203.00
2025-04-30 01:39:53,410 - DEBUG - 机器分配局部搜索成功！完工时间从 2203.00 降低到 2193.00，改进: 10.00 (0.45%)
2025-04-30 01:39:53,414 - DEBUG - 执行机器分配局部搜索，当前完工时间: 2060.00
2025-04-30 01:39:53,414 - DEBUG - 执行AGV分配局部搜索，当前完工时间: 2060.00
2025-04-30 01:39:53,418 - DEBUG - 局部搜索未能改进当前解
2025-04-30 01:39:53,421 - DEBUG - 执行机器分配局部搜索，当前完工时间: 2103.00
2025-04-30 01:39:53,425 - DEBUG - 执行AGV分配局部搜索，当前完工时间: 2103.00
2025-04-30 01:39:53,429 - DEBUG - 局部搜索未能改进当前解
2025-04-30 01:39:53,433 - DEBUG - 执行机器分配局部搜索，当前完工时间: 2091.00
2025-04-30 01:39:53,433 - DEBUG - 执行AGV分配局部搜索，当前完工时间: 2091.00
2025-04-30 01:39:53,437 - DEBUG - AGV分配局部搜索成功！完工时间从 2091.00 降低到 2068.00，改进: 23.00 (1.10%)
2025-04-30 01:39:53,441 - DEBUG - 执行机器分配局部搜索，当前完工时间: 2130.00
2025-04-30 01:39:53,442 - DEBUG - 执行AGV分配局部搜索，当前完工时间: 2130.00
2025-04-30 01:39:53,446 - DEBUG - 局部搜索未能改进当前解
2025-04-30 01:39:53,450 - DEBUG - 执行机器分配局部搜索，当前完工时间: 2172.00
2025-04-30 01:39:53,450 - DEBUG - 执行AGV分配局部搜索，当前完工时间: 2172.00
2025-04-30 01:39:53,453 - DEBUG - 局部搜索未能改进当前解
2025-04-30 01:39:53,457 - DEBUG - 执行机器分配局部搜索，当前完工时间: 2053.00
2025-04-30 01:39:53,457 - DEBUG - 执行AGV分配局部搜索，当前完工时间: 2053.00
2025-04-30 01:39:53,462 - DEBUG - AGV分配局部搜索成功！完工时间从 2053.00 降低到 2039.00，改进: 14.00 (0.68%)
2025-04-30 01:39:53,466 - DEBUG - 执行机器分配局部搜索，当前完工时间: 1990.00
2025-04-30 01:39:53,467 - DEBUG - 执行AGV分配局部搜索，当前完工时间: 1990.00
2025-04-30 01:39:53,470 - DEBUG - AGV分配局部搜索成功！完工时间从 1990.00 降低到 1983.00，改进: 7.00 (0.35%)
2025-04-30 01:39:53,475 - DEBUG - 执行机器分配局部搜索，当前完工时间: 1985.00
2025-04-30 01:39:53,478 - DEBUG - 机器分配局部搜索成功！完工时间从 1985.00 降低到 1984.00，改进: 1.00 (0.05%)
2025-04-30 01:39:53,482 - DEBUG - 执行机器分配局部搜索，当前完工时间: 2112.00
2025-04-30 01:39:53,485 - DEBUG - 机器分配局部搜索成功！完工时间从 2112.00 降低到 2106.00，改进: 6.00 (0.28%)
2025-04-30 01:39:53,489 - DEBUG - 执行机器分配局部搜索，当前完工时间: 2029.00
2025-04-30 01:39:53,490 - DEBUG - 执行AGV分配局部搜索，当前完工时间: 2029.00
2025-04-30 01:39:53,493 - DEBUG - AGV分配局部搜索成功！完工时间从 2029.00 降低到 1997.00，改进: 32.00 (1.58%)
2025-04-30 01:39:53,498 - DEBUG - 执行机器分配局部搜索，当前完工时间: 2056.00
2025-04-30 01:39:53,499 - DEBUG - 执行AGV分配局部搜索，当前完工时间: 2056.00
2025-04-30 01:39:53,502 - DEBUG - 局部搜索未能改进当前解
2025-04-30 01:39:53,506 - DEBUG - 执行机器分配局部搜索，当前完工时间: 2053.00
2025-04-30 01:39:53,509 - DEBUG - 机器分配局部搜索成功！完工时间从 2053.00 降低到 2049.00，改进: 4.00 (0.19%)
2025-04-30 01:39:53,513 - DEBUG - 执行机器分配局部搜索，当前完工时间: 2058.00
2025-04-30 01:39:53,514 - DEBUG - 执行AGV分配局部搜索，当前完工时间: 2058.00
2025-04-30 01:39:53,517 - DEBUG - AGV分配局部搜索成功！完工时间从 2058.00 降低到 2047.00，改进: 11.00 (0.53%)
2025-04-30 01:39:53,521 - DEBUG - 执行机器分配局部搜索，当前完工时间: 1906.00
2025-04-30 01:39:53,522 - DEBUG - 执行AGV分配局部搜索，当前完工时间: 1906.00
2025-04-30 01:39:53,525 - DEBUG - 局部搜索未能改进当前解
2025-04-30 01:39:53,529 - DEBUG - 执行机器分配局部搜索，当前完工时间: 2086.00
2025-04-30 01:39:53,532 - DEBUG - 执行AGV分配局部搜索，当前完工时间: 2086.00
2025-04-30 01:39:53,535 - DEBUG - 局部搜索未能改进当前解
2025-04-30 01:39:53,539 - DEBUG - 执行机器分配局部搜索，当前完工时间: 2164.00
2025-04-30 01:39:53,543 - DEBUG - 执行AGV分配局部搜索，当前完工时间: 2164.00
2025-04-30 01:39:53,547 - DEBUG - AGV分配局部搜索成功！完工时间从 2164.00 降低到 2127.00，改进: 37.00 (1.71%)
2025-04-30 01:39:53,552 - DEBUG - 执行机器分配局部搜索，当前完工时间: 2187.00
2025-04-30 01:39:53,555 - DEBUG - 执行AGV分配局部搜索，当前完工时间: 2187.00
2025-04-30 01:39:53,558 - DEBUG - 局部搜索未能改进当前解
2025-04-30 01:39:53,563 - DEBUG - 执行机器分配局部搜索，当前完工时间: 2053.00
2025-04-30 01:39:53,566 - DEBUG - 执行AGV分配局部搜索，当前完工时间: 2053.00
2025-04-30 01:39:53,570 - DEBUG - 局部搜索未能改进当前解
2025-04-30 01:39:53,573 - DEBUG - 执行机器分配局部搜索，当前完工时间: 2032.00
2025-04-30 01:39:53,574 - DEBUG - 执行AGV分配局部搜索，当前完工时间: 2032.00
2025-04-30 01:39:53,577 - DEBUG - 局部搜索未能改进当前解
2025-04-30 01:39:53,581 - DEBUG - 执行机器分配局部搜索，当前完工时间: 2054.00
2025-04-30 01:39:53,585 - DEBUG - 执行AGV分配局部搜索，当前完工时间: 2054.00
2025-04-30 01:39:53,588 - DEBUG - 局部搜索未能改进当前解
2025-04-30 01:39:53,593 - DEBUG - 执行机器分配局部搜索，当前完工时间: 1954.00
2025-04-30 01:39:53,596 - DEBUG - 执行AGV分配局部搜索，当前完工时间: 1954.00
2025-04-30 01:39:53,600 - DEBUG - 局部搜索未能改进当前解
2025-04-30 01:39:53,603 - DEBUG - 执行机器分配局部搜索，当前完工时间: 2110.00
2025-04-30 01:39:53,604 - DEBUG - 执行AGV分配局部搜索，当前完工时间: 2110.00
2025-04-30 01:39:53,608 - DEBUG - 局部搜索未能改进当前解
2025-04-30 01:39:53,611 - DEBUG - 执行机器分配局部搜索，当前完工时间: 2046.00
2025-04-30 01:39:53,615 - DEBUG - 机器分配局部搜索成功！完工时间从 2046.00 降低到 2038.00，改进: 8.00 (0.39%)
2025-04-30 01:39:53,618 - DEBUG - 执行机器分配局部搜索，当前完工时间: 2004.00
2025-04-30 01:39:53,619 - DEBUG - 执行AGV分配局部搜索，当前完工时间: 2004.00
2025-04-30 01:39:53,622 - DEBUG - 局部搜索未能改进当前解
2025-04-30 01:39:53,627 - DEBUG - 执行机器分配局部搜索，当前完工时间: 1983.00
2025-04-30 01:39:53,632 - DEBUG - 执行AGV分配局部搜索，当前完工时间: 1983.00
2025-04-30 01:39:53,635 - DEBUG - AGV分配局部搜索成功！完工时间从 1983.00 降低到 1964.00，改进: 19.00 (0.96%)
2025-04-30 01:39:53,639 - DEBUG - 执行机器分配局部搜索，当前完工时间: 1991.00
2025-04-30 01:39:53,643 - DEBUG - 机器分配局部搜索成功！完工时间从 1991.00 降低到 1974.00，改进: 17.00 (0.85%)
2025-04-30 01:39:53,647 - DEBUG - 执行机器分配局部搜索，当前完工时间: 2028.00
2025-04-30 01:39:53,651 - DEBUG - 执行AGV分配局部搜索，当前完工时间: 2028.00
2025-04-30 01:39:53,654 - DEBUG - 局部搜索未能改进当前解
2025-04-30 01:39:53,658 - DEBUG - 执行机器分配局部搜索，当前完工时间: 2183.00
2025-04-30 01:39:53,662 - DEBUG - 执行AGV分配局部搜索，当前完工时间: 2183.00
2025-04-30 01:39:53,666 - DEBUG - 局部搜索未能改进当前解
2025-04-30 01:39:53,670 - DEBUG - 执行机器分配局部搜索，当前完工时间: 1937.00
2025-04-30 01:39:53,670 - DEBUG - 执行AGV分配局部搜索，当前完工时间: 1937.00
2025-04-30 01:39:53,674 - DEBUG - 局部搜索未能改进当前解
2025-04-30 01:39:53,677 - DEBUG - 执行机器分配局部搜索，当前完工时间: 2103.00
2025-04-30 01:39:53,678 - DEBUG - 执行AGV分配局部搜索，当前完工时间: 2103.00
2025-04-30 01:39:53,681 - DEBUG - 局部搜索未能改进当前解
2025-04-30 01:39:53,685 - DEBUG - 执行机器分配局部搜索，当前完工时间: 2024.00
2025-04-30 01:39:53,688 - DEBUG - 机器分配局部搜索成功！完工时间从 2024.00 降低到 2014.00，改进: 10.00 (0.49%)
2025-04-30 01:39:53,693 - DEBUG - 执行机器分配局部搜索，当前完工时间: 1985.00
2025-04-30 01:39:53,697 - DEBUG - 执行AGV分配局部搜索，当前完工时间: 1985.00
2025-04-30 01:39:53,700 - DEBUG - 局部搜索未能改进当前解
2025-04-30 01:39:53,704 - DEBUG - 执行机器分配局部搜索，当前完工时间: 2001.00
2025-04-30 01:39:53,707 - DEBUG - 执行AGV分配局部搜索，当前完工时间: 2001.00
2025-04-30 01:39:53,711 - DEBUG - 局部搜索未能改进当前解
2025-04-30 01:39:53,715 - DEBUG - 执行机器分配局部搜索，当前完工时间: 1954.00
2025-04-30 01:39:53,715 - DEBUG - 执行AGV分配局部搜索，当前完工时间: 1954.00
2025-04-30 01:39:53,718 - DEBUG - AGV分配局部搜索成功！完工时间从 1954.00 降低到 1951.00，改进: 3.00 (0.15%)
2025-04-30 01:39:53,722 - DEBUG - 执行机器分配局部搜索，当前完工时间: 2071.00
2025-04-30 01:39:53,726 - DEBUG - 执行AGV分配局部搜索，当前完工时间: 2071.00
2025-04-30 01:39:53,730 - DEBUG - AGV分配局部搜索成功！完工时间从 2071.00 降低到 2060.00，改进: 11.00 (0.53%)
2025-04-30 01:39:53,734 - DEBUG - 执行机器分配局部搜索，当前完工时间: 2041.00
2025-04-30 01:39:53,734 - DEBUG - 执行AGV分配局部搜索，当前完工时间: 2041.00
2025-04-30 01:39:53,739 - DEBUG - 局部搜索未能改进当前解
2025-04-30 01:39:53,742 - DEBUG - 执行机器分配局部搜索，当前完工时间: 1981.00
2025-04-30 01:39:53,745 - DEBUG - 机器分配局部搜索成功！完工时间从 1981.00 降低到 1979.00，改进: 2.00 (0.10%)
2025-04-30 01:39:53,750 - DEBUG - 执行机器分配局部搜索，当前完工时间: 2131.00
2025-04-30 01:39:53,753 - DEBUG - 机器分配局部搜索成功！完工时间从 2131.00 降低到 2121.00，改进: 10.00 (0.47%)
2025-04-30 01:39:53,757 - DEBUG - 执行机器分配局部搜索，当前完工时间: 2192.00
2025-04-30 01:39:53,758 - DEBUG - 执行AGV分配局部搜索，当前完工时间: 2192.00
2025-04-30 01:39:53,761 - DEBUG - 局部搜索未能改进当前解
2025-04-30 01:39:53,765 - DEBUG - 执行机器分配局部搜索，当前完工时间: 2041.00
2025-04-30 01:39:53,768 - DEBUG - 机器分配局部搜索成功！完工时间从 2041.00 降低到 2037.00，改进: 4.00 (0.20%)
2025-04-30 01:39:53,772 - DEBUG - 执行机器分配局部搜索，当前完工时间: 2058.00
2025-04-30 01:39:53,776 - DEBUG - 机器分配局部搜索成功！完工时间从 2058.00 降低到 2051.00，改进: 7.00 (0.34%)
2025-04-30 01:39:53,780 - DEBUG - 执行机器分配局部搜索，当前完工时间: 2166.00
2025-04-30 01:39:53,780 - DEBUG - 执行AGV分配局部搜索，当前完工时间: 2166.00
2025-04-30 01:39:53,784 - DEBUG - 局部搜索未能改进当前解
2025-04-30 01:39:53,788 - DEBUG - 执行机器分配局部搜索，当前完工时间: 2067.00
2025-04-30 01:39:53,792 - DEBUG - 机器分配局部搜索成功！完工时间从 2067.00 降低到 2060.00，改进: 7.00 (0.34%)
2025-04-30 01:39:53,795 - DEBUG - 执行机器分配局部搜索，当前完工时间: 2092.00
2025-04-30 01:39:53,796 - DEBUG - 执行AGV分配局部搜索，当前完工时间: 2092.00
2025-04-30 01:39:53,800 - DEBUG - 局部搜索未能改进当前解
2025-04-30 01:39:53,804 - DEBUG - 执行机器分配局部搜索，当前完工时间: 2078.00
2025-04-30 01:39:53,804 - DEBUG - 执行AGV分配局部搜索，当前完工时间: 2078.00
2025-04-30 01:39:53,809 - DEBUG - 局部搜索未能改进当前解
2025-04-30 01:39:53,813 - DEBUG - 执行机器分配局部搜索，当前完工时间: 2058.00
2025-04-30 01:39:53,817 - DEBUG - 执行AGV分配局部搜索，当前完工时间: 2058.00
2025-04-30 01:39:53,821 - DEBUG - 局部搜索未能改进当前解
2025-04-30 01:39:53,825 - DEBUG - 执行机器分配局部搜索，当前完工时间: 2151.00
2025-04-30 01:39:53,825 - DEBUG - 执行AGV分配局部搜索，当前完工时间: 2151.00
2025-04-30 01:39:53,828 - DEBUG - AGV分配局部搜索成功！完工时间从 2151.00 降低到 2047.00，改进: 104.00 (4.83%)
2025-04-30 01:39:53,833 - DEBUG - 执行机器分配局部搜索，当前完工时间: 2045.00
2025-04-30 01:39:53,833 - DEBUG - 执行AGV分配局部搜索，当前完工时间: 2045.00
2025-04-30 01:39:53,837 - DEBUG - 局部搜索未能改进当前解
2025-04-30 01:39:53,842 - DEBUG - 执行机器分配局部搜索，当前完工时间: 1914.00
2025-04-30 01:39:53,845 - DEBUG - 执行AGV分配局部搜索，当前完工时间: 1914.00
2025-04-30 01:39:53,849 - DEBUG - 局部搜索未能改进当前解
2025-04-30 01:39:53,852 - DEBUG - 执行机器分配局部搜索，当前完工时间: 1948.00
2025-04-30 01:39:53,856 - DEBUG - 执行AGV分配局部搜索，当前完工时间: 1948.00
2025-04-30 01:39:53,861 - DEBUG - 局部搜索未能改进当前解
2025-04-30 01:39:53,866 - DEBUG - 执行机器分配局部搜索，当前完工时间: 2141.00
2025-04-30 01:39:53,871 - DEBUG - 机器分配局部搜索成功！完工时间从 2141.00 降低到 2134.00，改进: 7.00 (0.33%)
2025-04-30 01:39:53,875 - DEBUG - 执行机器分配局部搜索，当前完工时间: 2019.00
2025-04-30 01:39:53,876 - DEBUG - 执行AGV分配局部搜索，当前完工时间: 2019.00
2025-04-30 01:39:53,880 - DEBUG - 局部搜索未能改进当前解
2025-04-30 01:39:53,884 - DEBUG - 执行机器分配局部搜索，当前完工时间: 2073.00
2025-04-30 01:39:53,888 - DEBUG - 执行AGV分配局部搜索，当前完工时间: 2073.00
2025-04-30 01:39:53,892 - DEBUG - 局部搜索未能改进当前解
2025-04-30 01:39:53,895 - DEBUG - 执行机器分配局部搜索，当前完工时间: 1958.00
2025-04-30 01:39:53,896 - DEBUG - 执行AGV分配局部搜索，当前完工时间: 1958.00
2025-04-30 01:39:53,898 - DEBUG - 局部搜索未能改进当前解
2025-04-30 01:39:53,902 - DEBUG - 执行机器分配局部搜索，当前完工时间: 2071.00
2025-04-30 01:39:53,906 - DEBUG - 执行AGV分配局部搜索，当前完工时间: 2071.00
2025-04-30 01:39:53,910 - DEBUG - AGV分配局部搜索成功！完工时间从 2071.00 降低到 2050.00，改进: 21.00 (1.01%)
2025-04-30 01:39:53,913 - DEBUG - 执行机器分配局部搜索，当前完工时间: 2091.00
2025-04-30 01:39:53,917 - DEBUG - 机器分配局部搜索成功！完工时间从 2091.00 降低到 2084.00，改进: 7.00 (0.33%)
2025-04-30 01:39:53,920 - DEBUG - 执行机器分配局部搜索，当前完工时间: 1979.00
2025-04-30 01:39:53,921 - DEBUG - 执行AGV分配局部搜索，当前完工时间: 1979.00
2025-04-30 01:39:53,925 - DEBUG - 局部搜索未能改进当前解
2025-04-30 01:39:53,928 - DEBUG - 执行机器分配局部搜索，当前完工时间: 2049.00
2025-04-30 01:39:53,928 - DEBUG - 执行AGV分配局部搜索，当前完工时间: 2049.00
2025-04-30 01:39:53,933 - DEBUG - 局部搜索未能改进当前解
2025-04-30 01:39:53,936 - DEBUG - 执行机器分配局部搜索，当前完工时间: 2021.00
2025-04-30 01:39:53,940 - DEBUG - 执行AGV分配局部搜索，当前完工时间: 2021.00
2025-04-30 01:39:53,943 - DEBUG - AGV分配局部搜索成功！完工时间从 2021.00 降低到 2020.00，改进: 1.00 (0.05%)
2025-04-30 01:39:53,947 - DEBUG - 执行机器分配局部搜索，当前完工时间: 2119.00
2025-04-30 01:39:53,951 - DEBUG - 机器分配局部搜索成功！完工时间从 2119.00 降低到 2107.00，改进: 12.00 (0.57%)
2025-04-30 01:39:53,955 - DEBUG - 执行机器分配局部搜索，当前完工时间: 2064.00
2025-04-30 01:39:53,959 - DEBUG - 执行AGV分配局部搜索，当前完工时间: 2064.00
2025-04-30 01:39:53,962 - DEBUG - 局部搜索未能改进当前解
2025-04-30 01:39:53,966 - DEBUG - 执行机器分配局部搜索，当前完工时间: 2147.00
2025-04-30 01:39:53,970 - DEBUG - 执行AGV分配局部搜索，当前完工时间: 2147.00
2025-04-30 01:39:53,973 - DEBUG - AGV分配局部搜索成功！完工时间从 2147.00 降低到 2041.00，改进: 106.00 (4.94%)
2025-04-30 01:39:53,976 - DEBUG - 执行机器分配局部搜索，当前完工时间: 2128.00
2025-04-30 01:39:53,980 - DEBUG - 执行AGV分配局部搜索，当前完工时间: 2128.00
2025-04-30 01:39:53,983 - DEBUG - 局部搜索未能改进当前解
2025-04-30 01:39:53,987 - DEBUG - 执行机器分配局部搜索，当前完工时间: 2012.00
2025-04-30 01:39:53,991 - DEBUG - 执行AGV分配局部搜索，当前完工时间: 2012.00
2025-04-30 01:39:53,995 - DEBUG - 局部搜索未能改进当前解
2025-04-30 01:39:53,999 - DEBUG - 执行机器分配局部搜索，当前完工时间: 2018.00
2025-04-30 01:39:53,999 - DEBUG - 执行AGV分配局部搜索，当前完工时间: 2018.00
2025-04-30 01:39:54,003 - DEBUG - 局部搜索未能改进当前解
2025-04-30 01:39:54,009 - DEBUG - 执行机器分配局部搜索，当前完工时间: 1996.00
2025-04-30 01:39:54,015 - DEBUG - 执行AGV分配局部搜索，当前完工时间: 1996.00
2025-04-30 01:39:54,021 - DEBUG - AGV分配局部搜索成功！完工时间从 1996.00 降低到 1973.00，改进: 23.00 (1.15%)
2025-04-30 01:39:54,027 - DEBUG - 执行机器分配局部搜索，当前完工时间: 1994.00
2025-04-30 01:39:54,031 - DEBUG - 执行AGV分配局部搜索，当前完工时间: 1994.00
2025-04-30 01:39:54,036 - DEBUG - 局部搜索未能改进当前解
2025-04-30 01:39:54,041 - DEBUG - 执行机器分配局部搜索，当前完工时间: 2044.00
2025-04-30 01:39:54,042 - DEBUG - 执行AGV分配局部搜索，当前完工时间: 2044.00
2025-04-30 01:39:54,047 - DEBUG - 局部搜索未能改进当前解
2025-04-30 01:39:54,051 - DEBUG - 执行机器分配局部搜索，当前完工时间: 2048.00
2025-04-30 01:39:54,054 - DEBUG - 执行AGV分配局部搜索，当前完工时间: 2048.00
2025-04-30 01:39:54,057 - DEBUG - 局部搜索未能改进当前解
2025-04-30 01:39:54,062 - DEBUG - 执行机器分配局部搜索，当前完工时间: 1998.00
2025-04-30 01:39:54,062 - DEBUG - 执行AGV分配局部搜索，当前完工时间: 1998.00
2025-04-30 01:39:54,065 - DEBUG - 局部搜索未能改进当前解
2025-04-30 01:39:54,069 - DEBUG - 执行机器分配局部搜索，当前完工时间: 2078.00
2025-04-30 01:39:54,073 - DEBUG - 执行AGV分配局部搜索，当前完工时间: 2078.00
2025-04-30 01:39:54,076 - DEBUG - 局部搜索未能改进当前解
2025-04-30 01:39:54,080 - DEBUG - 执行机器分配局部搜索，当前完工时间: 2016.00
2025-04-30 01:39:54,084 - DEBUG - 执行AGV分配局部搜索，当前完工时间: 2016.00
2025-04-30 01:39:54,087 - DEBUG - 局部搜索未能改进当前解
2025-04-30 01:39:54,092 - DEBUG - 执行机器分配局部搜索，当前完工时间: 1952.00
2025-04-30 01:39:54,092 - DEBUG - 执行AGV分配局部搜索，当前完工时间: 1952.00
2025-04-30 01:39:54,096 - DEBUG - AGV分配局部搜索成功！完工时间从 1952.00 降低到 1935.00，改进: 17.00 (0.87%)
2025-04-30 01:39:54,100 - DEBUG - 执行机器分配局部搜索，当前完工时间: 2115.00
2025-04-30 01:39:54,104 - DEBUG - 机器分配局部搜索成功！完工时间从 2115.00 降低到 2103.00，改进: 12.00 (0.57%)
2025-04-30 01:39:54,108 - DEBUG - 执行机器分配局部搜索，当前完工时间: 1973.00
2025-04-30 01:39:54,111 - DEBUG - 执行AGV分配局部搜索，当前完工时间: 1973.00
2025-04-30 01:39:54,115 - DEBUG - 局部搜索未能改进当前解
2025-04-30 01:39:54,119 - DEBUG - 执行机器分配局部搜索，当前完工时间: 1908.00
2025-04-30 01:39:54,123 - DEBUG - 执行AGV分配局部搜索，当前完工时间: 1908.00
2025-04-30 01:39:54,127 - DEBUG - 局部搜索未能改进当前解
2025-04-30 01:39:54,130 - DEBUG - 执行机器分配局部搜索，当前完工时间: 1990.00
2025-04-30 01:39:54,130 - DEBUG - 执行AGV分配局部搜索，当前完工时间: 1990.00
2025-04-30 01:39:54,134 - DEBUG - 局部搜索未能改进当前解
2025-04-30 01:39:54,137 - DEBUG - 执行机器分配局部搜索，当前完工时间: 2156.00
2025-04-30 01:39:54,141 - DEBUG - 机器分配局部搜索成功！完工时间从 2156.00 降低到 2150.00，改进: 6.00 (0.28%)
2025-04-30 01:39:54,145 - DEBUG - 执行机器分配局部搜索，当前完工时间: 1985.00
2025-04-30 01:39:54,146 - DEBUG - 执行AGV分配局部搜索，当前完工时间: 1985.00
2025-04-30 01:39:54,149 - DEBUG - 局部搜索未能改进当前解
2025-04-30 01:39:54,153 - DEBUG - 执行机器分配局部搜索，当前完工时间: 2033.00
2025-04-30 01:39:54,156 - DEBUG - 执行AGV分配局部搜索，当前完工时间: 2033.00
2025-04-30 01:39:54,160 - DEBUG - AGV分配局部搜索成功！完工时间从 2033.00 降低到 2032.00，改进: 1.00 (0.05%)
2025-04-30 01:39:54,165 - DEBUG - 执行机器分配局部搜索，当前完工时间: 1969.00
2025-04-30 01:39:54,165 - DEBUG - 执行AGV分配局部搜索，当前完工时间: 1969.00
2025-04-30 01:39:54,169 - DEBUG - 局部搜索未能改进当前解
2025-04-30 01:39:54,173 - DEBUG - 执行机器分配局部搜索，当前完工时间: 1988.00
2025-04-30 01:39:54,174 - DEBUG - 执行AGV分配局部搜索，当前完工时间: 1988.00
2025-04-30 01:39:54,178 - DEBUG - 局部搜索未能改进当前解
2025-04-30 01:39:54,182 - DEBUG - 执行机器分配局部搜索，当前完工时间: 1998.00
2025-04-30 01:39:54,187 - DEBUG - 执行AGV分配局部搜索，当前完工时间: 1998.00
2025-04-30 01:39:54,190 - DEBUG - 局部搜索未能改进当前解
2025-04-30 01:39:54,193 - DEBUG - 执行机器分配局部搜索，当前完工时间: 2118.00
2025-04-30 01:39:54,197 - DEBUG - 机器分配局部搜索成功！完工时间从 2118.00 降低到 2110.00，改进: 8.00 (0.38%)
2025-04-30 01:39:54,201 - DEBUG - 执行机器分配局部搜索，当前完工时间: 1930.00
2025-04-30 01:39:54,205 - DEBUG - 执行AGV分配局部搜索，当前完工时间: 1930.00
2025-04-30 01:39:54,209 - DEBUG - 局部搜索未能改进当前解
2025-04-30 01:39:54,212 - DEBUG - 执行机器分配局部搜索，当前完工时间: 1979.00
2025-04-30 01:39:54,216 - DEBUG - 执行AGV分配局部搜索，当前完工时间: 1979.00
2025-04-30 01:39:54,220 - DEBUG - 局部搜索未能改进当前解
2025-04-30 01:39:54,223 - DEBUG - 执行机器分配局部搜索，当前完工时间: 2026.00
2025-04-30 01:39:54,224 - DEBUG - 执行AGV分配局部搜索，当前完工时间: 2026.00
2025-04-30 01:39:54,227 - DEBUG - 局部搜索未能改进当前解
2025-04-30 01:39:54,231 - DEBUG - 执行机器分配局部搜索，当前完工时间: 2004.00
2025-04-30 01:39:54,232 - DEBUG - 执行AGV分配局部搜索，当前完工时间: 2004.00
2025-04-30 01:39:54,237 - DEBUG - 局部搜索未能改进当前解
2025-04-30 01:39:54,241 - DEBUG - 执行机器分配局部搜索，当前完工时间: 2119.00
2025-04-30 01:39:54,242 - DEBUG - 执行AGV分配局部搜索，当前完工时间: 2119.00
2025-04-30 01:39:54,245 - DEBUG - AGV分配局部搜索成功！完工时间从 2119.00 降低到 2098.00，改进: 21.00 (0.99%)
2025-04-30 01:41:46,450 - INFO - In generation 3/500, Subpopulation size - P1: 30, P2: 33, P3: 37
2025-04-30 01:41:46,450 - INFO - Subpopulation Quality Rank - P1: 2522, P2: 1676, P3: 1944
2025-04-30 01:41:46,450 - DEBUG - Start Generation 4/500...
2025-04-30 01:41:46,454 - DEBUG - 执行机器分配局部搜索，当前完工时间: 1958.00
2025-04-30 01:41:46,454 - DEBUG - 执行AGV分配局部搜索，当前完工时间: 1958.00
2025-04-30 01:41:46,458 - DEBUG - 局部搜索未能改进当前解
2025-04-30 01:41:46,462 - DEBUG - 执行机器分配局部搜索，当前完工时间: 2008.00
2025-04-30 01:41:46,466 - DEBUG - 执行AGV分配局部搜索，当前完工时间: 2008.00
2025-04-30 01:41:46,470 - DEBUG - 局部搜索未能改进当前解
2025-04-30 01:41:46,476 - DEBUG - 执行机器分配局部搜索，当前完工时间: 1946.00
2025-04-30 01:41:46,476 - DEBUG - 执行AGV分配局部搜索，当前完工时间: 1946.00
2025-04-30 01:41:46,480 - DEBUG - 局部搜索未能改进当前解
2025-04-30 01:41:46,484 - DEBUG - 执行机器分配局部搜索，当前完工时间: 2024.00
2025-04-30 01:41:46,488 - DEBUG - 执行AGV分配局部搜索，当前完工时间: 2024.00
2025-04-30 01:41:46,491 - DEBUG - 局部搜索未能改进当前解
2025-04-30 01:41:46,496 - DEBUG - 执行机器分配局部搜索，当前完工时间: 2012.00
2025-04-30 01:41:46,499 - DEBUG - 执行AGV分配局部搜索，当前完工时间: 2012.00
2025-04-30 01:41:46,503 - DEBUG - 局部搜索未能改进当前解
2025-04-30 01:41:46,507 - DEBUG - 执行机器分配局部搜索，当前完工时间: 1978.00
2025-04-30 01:41:46,511 - DEBUG - 机器分配局部搜索成功！完工时间从 1978.00 降低到 1968.00，改进: 10.00 (0.51%)
2025-04-30 01:41:46,516 - DEBUG - 执行机器分配局部搜索，当前完工时间: 2113.00
2025-04-30 01:41:46,516 - DEBUG - 执行AGV分配局部搜索，当前完工时间: 2113.00
2025-04-30 01:41:46,520 - DEBUG - 局部搜索未能改进当前解
2025-04-30 01:41:46,523 - DEBUG - 执行机器分配局部搜索，当前完工时间: 2036.00
2025-04-30 01:41:46,524 - DEBUG - 执行AGV分配局部搜索，当前完工时间: 2036.00
2025-04-30 01:41:46,528 - DEBUG - AGV分配局部搜索成功！完工时间从 2036.00 降低到 2008.00，改进: 28.00 (1.38%)
2025-04-30 01:41:46,532 - DEBUG - 执行机器分配局部搜索，当前完工时间: 1970.00
2025-04-30 01:41:46,533 - DEBUG - 执行AGV分配局部搜索，当前完工时间: 1970.00
2025-04-30 01:41:46,537 - DEBUG - 局部搜索未能改进当前解
2025-04-30 01:41:46,542 - DEBUG - 执行机器分配局部搜索，当前完工时间: 2111.00
2025-04-30 01:41:46,545 - DEBUG - 执行AGV分配局部搜索，当前完工时间: 2111.00
2025-04-30 01:41:46,549 - DEBUG - AGV分配局部搜索成功！完工时间从 2111.00 降低到 2110.00，改进: 1.00 (0.05%)
2025-04-30 01:41:46,553 - DEBUG - 执行机器分配局部搜索，当前完工时间: 2146.00
2025-04-30 01:41:46,557 - DEBUG - 执行AGV分配局部搜索，当前完工时间: 2146.00
2025-04-30 01:41:46,560 - DEBUG - AGV分配局部搜索成功！完工时间从 2146.00 降低到 2111.00，改进: 35.00 (1.63%)
2025-04-30 01:41:46,564 - DEBUG - 执行机器分配局部搜索，当前完工时间: 2058.00
2025-04-30 01:41:46,569 - DEBUG - 执行AGV分配局部搜索，当前完工时间: 2058.00
2025-04-30 01:41:46,573 - DEBUG - AGV分配局部搜索成功！完工时间从 2058.00 降低到 2046.00，改进: 12.00 (0.58%)
2025-04-30 01:41:46,580 - DEBUG - 执行机器分配局部搜索，当前完工时间: 1932.00
2025-04-30 01:41:46,583 - DEBUG - 执行AGV分配局部搜索，当前完工时间: 1932.00
2025-04-30 01:41:46,588 - DEBUG - 局部搜索未能改进当前解
2025-04-30 01:41:46,592 - DEBUG - 执行机器分配局部搜索，当前完工时间: 1997.00
2025-04-30 01:41:46,595 - DEBUG - 执行AGV分配局部搜索，当前完工时间: 1997.00
2025-04-30 01:41:46,599 - DEBUG - 局部搜索未能改进当前解
2025-04-30 01:41:46,603 - DEBUG - 执行机器分配局部搜索，当前完工时间: 2167.00
2025-04-30 01:41:46,603 - DEBUG - 执行AGV分配局部搜索，当前完工时间: 2167.00
2025-04-30 01:41:46,608 - DEBUG - 局部搜索未能改进当前解
2025-04-30 01:41:46,612 - DEBUG - 执行机器分配局部搜索，当前完工时间: 2013.00
2025-04-30 01:41:46,615 - DEBUG - 执行AGV分配局部搜索，当前完工时间: 2013.00
2025-04-30 01:41:46,619 - DEBUG - 局部搜索未能改进当前解
2025-04-30 01:41:46,623 - DEBUG - 执行机器分配局部搜索，当前完工时间: 2091.00
2025-04-30 01:41:46,628 - DEBUG - 执行AGV分配局部搜索，当前完工时间: 2091.00
2025-04-30 01:41:46,631 - DEBUG - AGV分配局部搜索成功！完工时间从 2091.00 降低到 2058.00，改进: 33.00 (1.58%)
2025-04-30 01:41:46,636 - DEBUG - 执行机器分配局部搜索，当前完工时间: 1968.00
2025-04-30 01:41:46,640 - DEBUG - 机器分配局部搜索成功！完工时间从 1968.00 降低到 1956.00，改进: 12.00 (0.61%)
2025-04-30 01:41:46,646 - DEBUG - 执行机器分配局部搜索，当前完工时间: 1982.00
2025-04-30 01:41:46,651 - DEBUG - 执行AGV分配局部搜索，当前完工时间: 1982.00
2025-04-30 01:41:46,656 - DEBUG - 局部搜索未能改进当前解
2025-04-30 01:41:46,662 - DEBUG - 执行机器分配局部搜索，当前完工时间: 2153.00
2025-04-30 01:41:46,663 - DEBUG - 执行AGV分配局部搜索，当前完工时间: 2153.00
2025-04-30 01:41:46,670 - DEBUG - AGV分配局部搜索成功！完工时间从 2153.00 降低到 2125.00，改进: 28.00 (1.30%)
2025-04-30 01:41:46,677 - DEBUG - 执行机器分配局部搜索，当前完工时间: 2071.00
2025-04-30 01:41:46,680 - DEBUG - 执行AGV分配局部搜索，当前完工时间: 2071.00
2025-04-30 01:41:46,685 - DEBUG - AGV分配局部搜索成功！完工时间从 2071.00 降低到 2011.00，改进: 60.00 (2.90%)
2025-04-30 01:41:46,689 - DEBUG - 执行机器分配局部搜索，当前完工时间: 2083.00
2025-04-30 01:41:46,692 - DEBUG - 执行AGV分配局部搜索，当前完工时间: 2083.00
2025-04-30 01:41:46,696 - DEBUG - 局部搜索未能改进当前解
2025-04-30 01:41:46,700 - DEBUG - 执行机器分配局部搜索，当前完工时间: 2083.00
2025-04-30 01:41:46,704 - DEBUG - 执行AGV分配局部搜索，当前完工时间: 2083.00
2025-04-30 01:41:46,707 - DEBUG - AGV分配局部搜索成功！完工时间从 2083.00 降低到 2070.00，改进: 13.00 (0.62%)
2025-04-30 01:41:46,711 - DEBUG - 执行机器分配局部搜索，当前完工时间: 2133.00
2025-04-30 01:41:46,715 - DEBUG - 执行AGV分配局部搜索，当前完工时间: 2133.00
2025-04-30 01:41:46,720 - DEBUG - 局部搜索未能改进当前解
2025-04-30 01:41:46,727 - DEBUG - 执行机器分配局部搜索，当前完工时间: 2122.00
2025-04-30 01:41:46,728 - DEBUG - 执行AGV分配局部搜索，当前完工时间: 2122.00
2025-04-30 01:41:46,733 - DEBUG - AGV分配局部搜索成功！完工时间从 2122.00 降低到 2115.00，改进: 7.00 (0.33%)
2025-04-30 01:41:46,738 - DEBUG - 执行机器分配局部搜索，当前完工时间: 1947.00
2025-04-30 01:41:46,743 - DEBUG - 机器分配局部搜索成功！完工时间从 1947.00 降低到 1943.00，改进: 4.00 (0.21%)
2025-04-30 01:41:46,748 - DEBUG - 执行机器分配局部搜索，当前完工时间: 2121.00
2025-04-30 01:41:46,749 - DEBUG - 执行AGV分配局部搜索，当前完工时间: 2121.00
2025-04-30 01:41:46,753 - DEBUG - AGV分配局部搜索成功！完工时间从 2121.00 降低到 2109.00，改进: 12.00 (0.57%)
2025-04-30 01:41:46,759 - DEBUG - 执行机器分配局部搜索，当前完工时间: 2136.00
2025-04-30 01:41:46,760 - DEBUG - 执行AGV分配局部搜索，当前完工时间: 2136.00
2025-04-30 01:41:46,765 - DEBUG - AGV分配局部搜索成功！完工时间从 2136.00 降低到 2087.00，改进: 49.00 (2.29%)
2025-04-30 01:41:46,771 - DEBUG - 执行机器分配局部搜索，当前完工时间: 2044.00
2025-04-30 01:41:46,772 - DEBUG - 执行AGV分配局部搜索，当前完工时间: 2044.00
2025-04-30 01:41:46,776 - DEBUG - 局部搜索未能改进当前解
2025-04-30 01:41:46,780 - DEBUG - 执行机器分配局部搜索，当前完工时间: 2078.00
2025-04-30 01:41:46,785 - DEBUG - 执行AGV分配局部搜索，当前完工时间: 2078.00
2025-04-30 01:41:46,789 - DEBUG - 局部搜索未能改进当前解
2025-04-30 01:41:46,794 - DEBUG - 执行机器分配局部搜索，当前完工时间: 2149.00
2025-04-30 01:41:46,799 - DEBUG - 执行AGV分配局部搜索，当前完工时间: 2149.00
2025-04-30 01:41:46,803 - DEBUG - 局部搜索未能改进当前解
2025-04-30 01:41:46,809 - DEBUG - 执行机器分配局部搜索，当前完工时间: 2078.00
2025-04-30 01:41:46,810 - DEBUG - 执行AGV分配局部搜索，当前完工时间: 2078.00
2025-04-30 01:41:46,814 - DEBUG - 局部搜索未能改进当前解
2025-04-30 01:41:46,819 - DEBUG - 执行机器分配局部搜索，当前完工时间: 2005.00
2025-04-30 01:41:46,823 - DEBUG - 执行AGV分配局部搜索，当前完工时间: 2005.00
2025-04-30 01:41:46,827 - DEBUG - 局部搜索未能改进当前解
2025-04-30 01:41:46,834 - DEBUG - 执行机器分配局部搜索，当前完工时间: 1965.00
2025-04-30 01:41:46,838 - DEBUG - 执行AGV分配局部搜索，当前完工时间: 1965.00
2025-04-30 01:41:46,843 - DEBUG - 局部搜索未能改进当前解
2025-04-30 01:41:46,847 - DEBUG - 执行机器分配局部搜索，当前完工时间: 2297.00
2025-04-30 01:41:46,852 - DEBUG - 机器分配局部搜索成功！完工时间从 2297.00 降低到 2296.00，改进: 1.00 (0.04%)
2025-04-30 01:41:46,856 - DEBUG - 执行机器分配局部搜索，当前完工时间: 2180.00
2025-04-30 01:41:46,860 - DEBUG - 机器分配局部搜索成功！完工时间从 2180.00 降低到 2176.00，改进: 4.00 (0.18%)
2025-04-30 01:41:46,864 - DEBUG - 执行机器分配局部搜索，当前完工时间: 2115.00
2025-04-30 01:41:46,865 - DEBUG - 执行AGV分配局部搜索，当前完工时间: 2115.00
2025-04-30 01:41:46,869 - DEBUG - AGV分配局部搜索成功！完工时间从 2115.00 降低到 2114.00，改进: 1.00 (0.05%)
2025-04-30 01:41:46,873 - DEBUG - 执行机器分配局部搜索，当前完工时间: 2039.00
2025-04-30 01:41:46,878 - DEBUG - 执行AGV分配局部搜索，当前完工时间: 2039.00
2025-04-30 01:41:46,882 - DEBUG - 局部搜索未能改进当前解
2025-04-30 01:41:46,888 - DEBUG - 执行机器分配局部搜索，当前完工时间: 1914.00
2025-04-30 01:41:46,888 - DEBUG - 执行AGV分配局部搜索，当前完工时间: 1914.00
2025-04-30 01:41:46,892 - DEBUG - 局部搜索未能改进当前解
2025-04-30 01:41:46,897 - DEBUG - 执行机器分配局部搜索，当前完工时间: 1966.00
2025-04-30 01:41:46,898 - DEBUG - 执行AGV分配局部搜索，当前完工时间: 1966.00
2025-04-30 01:41:46,902 - DEBUG - 局部搜索未能改进当前解
2025-04-30 01:41:46,908 - DEBUG - 执行机器分配局部搜索，当前完工时间: 2011.00
2025-04-30 01:41:46,911 - DEBUG - 执行AGV分配局部搜索，当前完工时间: 2011.00
2025-04-30 01:41:46,915 - DEBUG - 局部搜索未能改进当前解
2025-04-30 01:41:46,920 - DEBUG - 执行机器分配局部搜索，当前完工时间: 2003.00
2025-04-30 01:41:46,927 - DEBUG - 机器分配局部搜索成功！完工时间从 2003.00 降低到 1993.00，改进: 10.00 (0.50%)
2025-04-30 01:41:46,931 - DEBUG - 执行机器分配局部搜索，当前完工时间: 2068.00
2025-04-30 01:41:46,932 - DEBUG - 执行AGV分配局部搜索，当前完工时间: 2068.00
2025-04-30 01:41:46,937 - DEBUG - 局部搜索未能改进当前解
2025-04-30 01:41:46,941 - DEBUG - 执行机器分配局部搜索，当前完工时间: 2100.00
2025-04-30 01:41:46,942 - DEBUG - 执行AGV分配局部搜索，当前完工时间: 2100.00
2025-04-30 01:41:46,946 - DEBUG - 局部搜索未能改进当前解
2025-04-30 01:41:46,952 - DEBUG - 执行机器分配局部搜索，当前完工时间: 2200.00
2025-04-30 01:41:46,958 - DEBUG - 执行AGV分配局部搜索，当前完工时间: 2200.00
2025-04-30 01:41:46,964 - DEBUG - 局部搜索未能改进当前解
2025-04-30 01:41:46,970 - DEBUG - 执行机器分配局部搜索，当前完工时间: 1991.00
2025-04-30 01:41:46,971 - DEBUG - 执行AGV分配局部搜索，当前完工时间: 1991.00
2025-04-30 01:41:46,977 - DEBUG - 局部搜索未能改进当前解
2025-04-30 01:41:46,985 - DEBUG - 执行机器分配局部搜索，当前完工时间: 2106.00
2025-04-30 01:41:46,986 - DEBUG - 执行AGV分配局部搜索，当前完工时间: 2106.00
2025-04-30 01:41:47,016 - DEBUG - 局部搜索未能改进当前解
2025-04-30 01:41:47,021 - DEBUG - 执行机器分配局部搜索，当前完工时间: 2114.00
2025-04-30 01:41:47,022 - DEBUG - 执行AGV分配局部搜索，当前完工时间: 2114.00
2025-04-30 01:41:47,025 - DEBUG - AGV分配局部搜索成功！完工时间从 2114.00 降低到 2096.00，改进: 18.00 (0.85%)
2025-04-30 01:41:47,029 - DEBUG - 执行机器分配局部搜索，当前完工时间: 1922.00
2025-04-30 01:41:47,030 - DEBUG - 执行AGV分配局部搜索，当前完工时间: 1922.00
2025-04-30 01:41:47,033 - DEBUG - 局部搜索未能改进当前解
2025-04-30 01:41:47,037 - DEBUG - 执行机器分配局部搜索，当前完工时间: 2072.00
2025-04-30 01:41:47,037 - DEBUG - 执行AGV分配局部搜索，当前完工时间: 2072.00
2025-04-30 01:41:47,041 - DEBUG - 局部搜索未能改进当前解
2025-04-30 01:41:47,045 - DEBUG - 执行机器分配局部搜索，当前完工时间: 2021.00
2025-04-30 01:41:47,045 - DEBUG - 执行AGV分配局部搜索，当前完工时间: 2021.00
2025-04-30 01:41:47,049 - DEBUG - 局部搜索未能改进当前解
2025-04-30 01:41:47,053 - DEBUG - 执行机器分配局部搜索，当前完工时间: 2027.00
2025-04-30 01:41:47,056 - DEBUG - 执行AGV分配局部搜索，当前完工时间: 2027.00
2025-04-30 01:41:47,060 - DEBUG - AGV分配局部搜索成功！完工时间从 2027.00 降低到 2003.00，改进: 24.00 (1.18%)
2025-04-30 01:41:47,064 - DEBUG - 执行机器分配局部搜索，当前完工时间: 2091.00
2025-04-30 01:41:47,064 - DEBUG - 执行AGV分配局部搜索，当前完工时间: 2091.00
2025-04-30 01:41:47,068 - DEBUG - AGV分配局部搜索成功！完工时间从 2091.00 降低到 2074.00，改进: 17.00 (0.81%)
2025-04-30 01:41:47,072 - DEBUG - 执行机器分配局部搜索，当前完工时间: 2088.00
2025-04-30 01:41:47,073 - DEBUG - 执行AGV分配局部搜索，当前完工时间: 2088.00
2025-04-30 01:41:47,076 - DEBUG - AGV分配局部搜索成功！完工时间从 2088.00 降低到 2063.00，改进: 25.00 (1.20%)
2025-04-30 01:41:47,080 - DEBUG - 执行机器分配局部搜索，当前完工时间: 1958.00
2025-04-30 01:41:47,083 - DEBUG - 执行AGV分配局部搜索，当前完工时间: 1958.00
2025-04-30 01:41:47,087 - DEBUG - 局部搜索未能改进当前解
2025-04-30 01:41:47,091 - DEBUG - 执行机器分配局部搜索，当前完工时间: 2125.00
2025-04-30 01:41:47,095 - DEBUG - 执行AGV分配局部搜索，当前完工时间: 2125.00
2025-04-30 01:41:47,098 - DEBUG - 局部搜索未能改进当前解
2025-04-30 01:41:47,102 - DEBUG - 执行机器分配局部搜索，当前完工时间: 2037.00
2025-04-30 01:41:47,106 - DEBUG - 执行AGV分配局部搜索，当前完工时间: 2037.00
2025-04-30 01:41:47,108 - DEBUG - AGV分配局部搜索成功！完工时间从 2037.00 降低到 2007.00，改进: 30.00 (1.47%)
2025-04-30 01:41:47,113 - DEBUG - 执行机器分配局部搜索，当前完工时间: 2021.00
2025-04-30 01:41:47,113 - DEBUG - 执行AGV分配局部搜索，当前完工时间: 2021.00
2025-04-30 01:41:47,117 - DEBUG - 局部搜索未能改进当前解
2025-04-30 01:41:47,121 - DEBUG - 执行机器分配局部搜索，当前完工时间: 1941.00
2025-04-30 01:41:47,121 - DEBUG - 执行AGV分配局部搜索，当前完工时间: 1941.00
2025-04-30 01:41:47,124 - DEBUG - 局部搜索未能改进当前解
2025-04-30 01:41:47,128 - DEBUG - 执行机器分配局部搜索，当前完工时间: 1959.00
2025-04-30 01:41:47,128 - DEBUG - 执行AGV分配局部搜索，当前完工时间: 1959.00
2025-04-30 01:41:47,132 - DEBUG - 局部搜索未能改进当前解
2025-04-30 01:41:47,136 - DEBUG - 执行机器分配局部搜索，当前完工时间: 2038.00
2025-04-30 01:41:47,140 - DEBUG - 机器分配局部搜索成功！完工时间从 2038.00 降低到 2028.00，改进: 10.00 (0.49%)
2025-04-30 01:41:47,144 - DEBUG - 执行机器分配局部搜索，当前完工时间: 2084.00
2025-04-30 01:41:47,148 - DEBUG - 执行AGV分配局部搜索，当前完工时间: 2084.00
2025-04-30 01:41:47,151 - DEBUG - AGV分配局部搜索成功！完工时间从 2084.00 降低到 2058.00，改进: 26.00 (1.25%)
2025-04-30 01:41:47,155 - DEBUG - 执行机器分配局部搜索，当前完工时间: 1961.00
2025-04-30 01:41:47,155 - DEBUG - 执行AGV分配局部搜索，当前完工时间: 1961.00
2025-04-30 01:41:47,159 - DEBUG - 局部搜索未能改进当前解
2025-04-30 01:41:47,162 - DEBUG - 执行机器分配局部搜索，当前完工时间: 2040.00
2025-04-30 01:41:47,166 - DEBUG - 机器分配局部搜索成功！完工时间从 2040.00 降低到 2024.00，改进: 16.00 (0.78%)
2025-04-30 01:41:47,170 - DEBUG - 执行机器分配局部搜索，当前完工时间: 2073.00
2025-04-30 01:41:47,170 - DEBUG - 执行AGV分配局部搜索，当前完工时间: 2073.00
2025-04-30 01:41:47,174 - DEBUG - 局部搜索未能改进当前解
2025-04-30 01:41:47,178 - DEBUG - 执行机器分配局部搜索，当前完工时间: 2107.00
2025-04-30 01:41:47,181 - DEBUG - 执行AGV分配局部搜索，当前完工时间: 2107.00
2025-04-30 01:41:47,185 - DEBUG - 局部搜索未能改进当前解
2025-04-30 01:41:47,189 - DEBUG - 执行机器分配局部搜索，当前完工时间: 1996.00
2025-04-30 01:41:47,192 - DEBUG - 执行AGV分配局部搜索，当前完工时间: 1996.00
2025-04-30 01:41:47,195 - DEBUG - 局部搜索未能改进当前解
2025-04-30 01:41:47,199 - DEBUG - 执行机器分配局部搜索，当前完工时间: 2138.00
2025-04-30 01:41:47,204 - DEBUG - 执行AGV分配局部搜索，当前完工时间: 2138.00
2025-04-30 01:41:47,207 - DEBUG - 局部搜索未能改进当前解
2025-04-30 01:41:47,211 - DEBUG - 执行机器分配局部搜索，当前完工时间: 1979.00
2025-04-30 01:41:47,215 - DEBUG - 执行AGV分配局部搜索，当前完工时间: 1979.00
2025-04-30 01:41:47,220 - DEBUG - 局部搜索未能改进当前解
2025-04-30 01:41:47,223 - DEBUG - 执行机器分配局部搜索，当前完工时间: 1963.00
2025-04-30 01:41:47,226 - DEBUG - 执行AGV分配局部搜索，当前完工时间: 1963.00
2025-04-30 01:41:47,230 - DEBUG - 局部搜索未能改进当前解
2025-04-30 01:41:47,234 - DEBUG - 执行机器分配局部搜索，当前完工时间: 1943.00
2025-04-30 01:41:47,234 - DEBUG - 执行AGV分配局部搜索，当前完工时间: 1943.00
2025-04-30 01:41:47,239 - DEBUG - 局部搜索未能改进当前解
2025-04-30 01:41:47,243 - DEBUG - 执行机器分配局部搜索，当前完工时间: 1986.00
2025-04-30 01:41:47,243 - DEBUG - 执行AGV分配局部搜索，当前完工时间: 1986.00
2025-04-30 01:41:47,247 - DEBUG - 局部搜索未能改进当前解
2025-04-30 01:41:47,252 - DEBUG - 执行机器分配局部搜索，当前完工时间: 1909.00
2025-04-30 01:41:47,252 - DEBUG - 执行AGV分配局部搜索，当前完工时间: 1909.00
2025-04-30 01:41:47,256 - DEBUG - 局部搜索未能改进当前解
2025-04-30 01:41:47,261 - DEBUG - 执行机器分配局部搜索，当前完工时间: 1898.00
2025-04-30 01:41:47,262 - DEBUG - 执行AGV分配局部搜索，当前完工时间: 1898.00
2025-04-30 01:41:47,265 - DEBUG - 局部搜索未能改进当前解
2025-04-30 01:41:47,270 - DEBUG - 执行机器分配局部搜索，当前完工时间: 2006.00
2025-04-30 01:41:47,274 - DEBUG - 执行AGV分配局部搜索，当前完工时间: 2006.00
2025-04-30 01:41:47,280 - DEBUG - AGV分配局部搜索成功！完工时间从 2006.00 降低到 1987.00，改进: 19.00 (0.95%)
2025-04-30 01:41:47,285 - DEBUG - 执行机器分配局部搜索，当前完工时间: 2046.00
2025-04-30 01:41:47,289 - DEBUG - 执行AGV分配局部搜索，当前完工时间: 2046.00
2025-04-30 01:41:47,295 - DEBUG - 局部搜索未能改进当前解
2025-04-30 01:41:47,301 - DEBUG - 执行机器分配局部搜索，当前完工时间: 1922.00
2025-04-30 01:41:47,302 - DEBUG - 执行AGV分配局部搜索，当前完工时间: 1922.00
2025-04-30 01:41:47,305 - DEBUG - 局部搜索未能改进当前解
2025-04-30 01:41:47,310 - DEBUG - 执行机器分配局部搜索，当前完工时间: 2141.00
2025-04-30 01:41:47,314 - DEBUG - 执行AGV分配局部搜索，当前完工时间: 2141.00
2025-04-30 01:41:47,318 - DEBUG - 局部搜索未能改进当前解
2025-04-30 01:41:47,322 - DEBUG - 执行机器分配局部搜索，当前完工时间: 2048.00
2025-04-30 01:41:47,326 - DEBUG - 执行AGV分配局部搜索，当前完工时间: 2048.00
2025-04-30 01:41:47,332 - DEBUG - 局部搜索未能改进当前解
2025-04-30 01:41:47,338 - DEBUG - 执行机器分配局部搜索，当前完工时间: 1994.00
2025-04-30 01:41:47,341 - DEBUG - 执行AGV分配局部搜索，当前完工时间: 1994.00
2025-04-30 01:41:47,345 - DEBUG - 局部搜索未能改进当前解
2025-04-30 01:41:47,351 - DEBUG - 执行机器分配局部搜索，当前完工时间: 2023.00
2025-04-30 01:41:47,355 - DEBUG - 执行AGV分配局部搜索，当前完工时间: 2023.00
2025-04-30 01:41:47,360 - DEBUG - AGV分配局部搜索成功！完工时间从 2023.00 降低到 2020.00，改进: 3.00 (0.15%)
2025-04-30 01:41:47,365 - DEBUG - 执行机器分配局部搜索，当前完工时间: 1898.00
2025-04-30 01:41:47,370 - DEBUG - 执行AGV分配局部搜索，当前完工时间: 1898.00
2025-04-30 01:41:47,374 - DEBUG - 局部搜索未能改进当前解
2025-04-30 01:41:47,379 - DEBUG - 执行机器分配局部搜索，当前完工时间: 2066.00
2025-04-30 01:41:47,379 - DEBUG - 执行AGV分配局部搜索，当前完工时间: 2066.00
2025-04-30 01:41:47,383 - DEBUG - 局部搜索未能改进当前解
2025-04-30 01:41:47,387 - DEBUG - 执行机器分配局部搜索，当前完工时间: 2095.00
2025-04-30 01:41:47,388 - DEBUG - 执行AGV分配局部搜索，当前完工时间: 2095.00
2025-04-30 01:41:47,393 - DEBUG - 局部搜索未能改进当前解
2025-04-30 01:41:47,398 - DEBUG - 执行机器分配局部搜索，当前完工时间: 2128.00
2025-04-30 01:41:47,398 - DEBUG - 执行AGV分配局部搜索，当前完工时间: 2128.00
2025-04-30 01:41:47,402 - DEBUG - 局部搜索未能改进当前解
2025-04-30 01:41:47,407 - DEBUG - 执行机器分配局部搜索，当前完工时间: 2116.00
2025-04-30 01:41:47,412 - DEBUG - 执行AGV分配局部搜索，当前完工时间: 2116.00
2025-04-30 01:41:47,415 - DEBUG - 局部搜索未能改进当前解
2025-04-30 01:41:47,419 - DEBUG - 执行机器分配局部搜索，当前完工时间: 1987.00
2025-04-30 01:41:47,423 - DEBUG - 执行AGV分配局部搜索，当前完工时间: 1987.00
2025-04-30 01:41:47,427 - DEBUG - AGV分配局部搜索成功！完工时间从 1987.00 降低到 1982.00，改进: 5.00 (0.25%)
2025-04-30 01:41:47,432 - DEBUG - 执行机器分配局部搜索，当前完工时间: 1957.00
2025-04-30 01:41:47,435 - DEBUG - 执行AGV分配局部搜索，当前完工时间: 1957.00
2025-04-30 01:41:47,440 - DEBUG - 局部搜索未能改进当前解
2025-04-30 01:41:47,443 - DEBUG - 执行机器分配局部搜索，当前完工时间: 2038.00
2025-04-30 01:41:47,447 - DEBUG - 执行AGV分配局部搜索，当前完工时间: 2038.00
2025-04-30 01:41:47,450 - DEBUG - AGV分配局部搜索成功！完工时间从 2038.00 降低到 2021.00，改进: 17.00 (0.83%)
2025-04-30 01:41:47,454 - DEBUG - 执行机器分配局部搜索，当前完工时间: 2054.00
2025-04-30 01:41:47,458 - DEBUG - 执行AGV分配局部搜索，当前完工时间: 2054.00
2025-04-30 01:41:47,462 - DEBUG - 局部搜索未能改进当前解
2025-04-30 01:41:47,467 - DEBUG - 执行机器分配局部搜索，当前完工时间: 2112.00
2025-04-30 01:41:47,470 - DEBUG - 机器分配局部搜索成功！完工时间从 2112.00 降低到 2100.00，改进: 12.00 (0.57%)
2025-04-30 01:41:47,474 - DEBUG - 执行机器分配局部搜索，当前完工时间: 2039.00
2025-04-30 01:41:47,478 - DEBUG - 执行AGV分配局部搜索，当前完工时间: 2039.00
2025-04-30 01:41:47,482 - DEBUG - 局部搜索未能改进当前解
2025-04-30 01:41:47,487 - DEBUG - 执行机器分配局部搜索，当前完工时间: 2032.00
2025-04-30 01:41:47,493 - DEBUG - 执行AGV分配局部搜索，当前完工时间: 2032.00
2025-04-30 01:41:47,496 - DEBUG - 局部搜索未能改进当前解
2025-04-30 01:41:47,500 - DEBUG - 执行机器分配局部搜索，当前完工时间: 2047.00
2025-04-30 01:41:47,505 - DEBUG - 执行AGV分配局部搜索，当前完工时间: 2047.00
2025-04-30 01:41:47,508 - DEBUG - AGV分配局部搜索成功！完工时间从 2047.00 降低到 2038.00，改进: 9.00 (0.44%)
2025-04-30 01:41:47,513 - DEBUG - 执行机器分配局部搜索，当前完工时间: 1943.00
2025-04-30 01:41:47,517 - DEBUG - 执行AGV分配局部搜索，当前完工时间: 1943.00
2025-04-30 01:41:47,523 - DEBUG - 局部搜索未能改进当前解
2025-04-30 01:41:47,527 - DEBUG - 执行机器分配局部搜索，当前完工时间: 1988.00
2025-04-30 01:41:47,534 - DEBUG - 执行AGV分配局部搜索，当前完工时间: 1988.00
2025-04-30 01:41:47,541 - DEBUG - 局部搜索未能改进当前解
2025-04-30 01:41:47,546 - DEBUG - 执行机器分配局部搜索，当前完工时间: 1991.00
2025-04-30 01:41:47,550 - DEBUG - 机器分配局部搜索成功！完工时间从 1991.00 降低到 1990.00，改进: 1.00 (0.05%)
2025-04-30 01:41:47,554 - DEBUG - 执行机器分配局部搜索，当前完工时间: 2081.00
2025-04-30 01:41:47,558 - DEBUG - 执行AGV分配局部搜索，当前完工时间: 2081.00
2025-04-30 01:41:47,563 - DEBUG - 局部搜索未能改进当前解
2025-04-30 01:41:47,567 - DEBUG - 执行机器分配局部搜索，当前完工时间: 2153.00
2025-04-30 01:41:47,570 - DEBUG - 执行AGV分配局部搜索，当前完工时间: 2153.00
2025-04-30 01:41:47,575 - DEBUG - 局部搜索未能改进当前解
2025-04-30 01:41:47,578 - DEBUG - 执行机器分配局部搜索，当前完工时间: 1963.00
2025-04-30 01:41:47,578 - DEBUG - 执行AGV分配局部搜索，当前完工时间: 1963.00
2025-04-30 01:41:47,582 - DEBUG - AGV分配局部搜索成功！完工时间从 1963.00 降低到 1950.00，改进: 13.00 (0.66%)
