2025-04-08 05:24:48,257 - INFO - Initialization probability model completed.
2025-04-08 05:24:48,258 - INFO - In generation 1，New best makespan: 1916.00
2025-04-08 05:24:48,259 - DEBUG - 第0代完成，当前最优解完工时间: 1916，历史最优解完工时间: 1916
2025-04-08 05:24:48,751 - DEBUG - 
更新概率模型:
2025-04-08 05:24:48,751 - DEBUG - 多样性指标: 0.0412
2025-04-08 05:24:48,751 - DEBUG - 自适应学习率: 0.8304
2025-04-08 05:24:48,751 - DEBUG - 第1代概率模型更新完成
2025-04-08 05:24:48,751 - DEBUG - 第1代完成，当前最优解完工时间: 1971，历史最优解完工时间: 1916
2025-04-08 05:24:49,238 - DEBUG - 
更新概率模型:
2025-04-08 05:24:49,239 - DEBUG - 多样性指标: 0.0408
2025-04-08 05:24:49,239 - DEBUG - 自适应学习率: 0.8425
2025-04-08 05:24:49,239 - DEBUG - 第2代概率模型更新完成
2025-04-08 05:24:49,239 - INFO - In generation 3，New best makespan: 1912.00
2025-04-08 05:24:49,239 - DEBUG - 第2代完成，当前最优解完工时间: 1912，历史最优解完工时间: 1912
2025-04-08 05:24:49,732 - DEBUG - 
更新概率模型:
2025-04-08 05:24:49,732 - DEBUG - 多样性指标: 0.0389
2025-04-08 05:24:49,732 - DEBUG - 自适应学习率: 0.8348
2025-04-08 05:24:49,732 - DEBUG - 第3代概率模型更新完成
2025-04-08 05:24:49,732 - DEBUG - 第3代完成，当前最优解完工时间: 1944，历史最优解完工时间: 1912
2025-04-08 05:24:50,218 - DEBUG - 
更新概率模型:
2025-04-08 05:24:50,218 - DEBUG - 多样性指标: 0.0450
2025-04-08 05:24:50,218 - DEBUG - 自适应学习率: 0.8316
2025-04-08 05:24:50,218 - DEBUG - 第4代概率模型更新完成
2025-04-08 05:24:50,218 - DEBUG - 第4代完成，当前最优解完工时间: 1956，历史最优解完工时间: 1912
2025-04-08 05:24:50,711 - DEBUG - 
更新概率模型:
2025-04-08 05:24:50,711 - DEBUG - 多样性指标: 0.0442
2025-04-08 05:24:50,711 - DEBUG - 自适应学习率: 0.8381
2025-04-08 05:24:50,711 - DEBUG - 第5代概率模型更新完成
2025-04-08 05:24:50,711 - DEBUG - 第5代完成，当前最优解完工时间: 1938，历史最优解完工时间: 1912
2025-04-08 05:24:51,192 - DEBUG - 
更新概率模型:
2025-04-08 05:24:51,192 - DEBUG - 多样性指标: 0.0374
2025-04-08 05:24:51,192 - DEBUG - 自适应学习率: 0.8342
2025-04-08 05:24:51,192 - DEBUG - 第6代概率模型更新完成
2025-04-08 05:24:51,192 - DEBUG - 第6代完成，当前最优解完工时间: 1934，历史最优解完工时间: 1912
2025-04-08 05:24:51,686 - DEBUG - 
更新概率模型:
2025-04-08 05:24:51,686 - DEBUG - 多样性指标: 0.0338
2025-04-08 05:24:51,686 - DEBUG - 自适应学习率: 0.8318
2025-04-08 05:24:51,686 - DEBUG - 第7代概率模型更新完成
2025-04-08 05:24:51,686 - DEBUG - 第7代完成，当前最优解完工时间: 1954，历史最优解完工时间: 1912
2025-04-08 05:24:52,192 - DEBUG - 
更新概率模型:
2025-04-08 05:24:52,192 - DEBUG - 多样性指标: 0.0456
2025-04-08 05:24:52,192 - DEBUG - 自适应学习率: 0.8363
2025-04-08 05:24:52,192 - DEBUG - 第8代概率模型更新完成
2025-04-08 05:24:52,192 - DEBUG - 第8代完成，当前最优解完工时间: 1931，历史最优解完工时间: 1912
2025-04-08 05:24:52,669 - DEBUG - 
更新概率模型:
2025-04-08 05:24:52,669 - DEBUG - 多样性指标: 0.0383
2025-04-08 05:24:52,669 - DEBUG - 自适应学习率: 0.8311
2025-04-08 05:24:52,669 - DEBUG - 第9代概率模型更新完成
2025-04-08 05:24:52,669 - DEBUG - 第9代完成，当前最优解完工时间: 1942，历史最优解完工时间: 1912
2025-04-08 05:24:53,164 - DEBUG - 
更新概率模型:
2025-04-08 05:24:53,164 - DEBUG - 多样性指标: 0.0441
2025-04-08 05:24:53,164 - DEBUG - 自适应学习率: 0.8436
2025-04-08 05:24:53,164 - DEBUG - 第10代概率模型更新完成
2025-04-08 05:24:53,164 - INFO - In generation 11，New best makespan: 1889.00
2025-04-08 05:24:53,164 - DEBUG - 第10代完成，当前最优解完工时间: 1889，历史最优解完工时间: 1889
2025-04-08 05:24:53,635 - DEBUG - 
更新概率模型:
2025-04-08 05:24:53,635 - DEBUG - 多样性指标: 0.0351
2025-04-08 05:24:53,635 - DEBUG - 自适应学习率: 0.8292
2025-04-08 05:24:53,635 - DEBUG - 第11代概率模型更新完成
2025-04-08 05:24:53,635 - DEBUG - 第11代完成，当前最优解完工时间: 1948，历史最优解完工时间: 1889
2025-04-08 05:24:54,116 - DEBUG - 
更新概率模型:
2025-04-08 05:24:54,116 - DEBUG - 多样性指标: 0.0419
2025-04-08 05:24:54,116 - DEBUG - 自适应学习率: 0.8320
2025-04-08 05:24:54,116 - DEBUG - 第12代概率模型更新完成
2025-04-08 05:24:54,116 - DEBUG - 第12代完成，当前最优解完工时间: 1940，历史最优解完工时间: 1889
2025-04-08 05:24:54,604 - DEBUG - 
更新概率模型:
2025-04-08 05:24:54,604 - DEBUG - 多样性指标: 0.0438
2025-04-08 05:24:54,605 - DEBUG - 自适应学习率: 0.8343
2025-04-08 05:24:54,605 - DEBUG - 第13代概率模型更新完成
2025-04-08 05:24:54,605 - DEBUG - 第13代完成，当前最优解完工时间: 1940，历史最优解完工时间: 1889
2025-04-08 05:24:55,059 - DEBUG - 
更新概率模型:
2025-04-08 05:24:55,059 - DEBUG - 多样性指标: 0.0347
2025-04-08 05:24:55,059 - DEBUG - 自适应学习率: 0.8369
2025-04-08 05:24:55,059 - DEBUG - 第14代概率模型更新完成
2025-04-08 05:24:55,059 - DEBUG - 第14代完成，当前最优解完工时间: 1923，历史最优解完工时间: 1889
2025-04-08 05:24:55,543 - DEBUG - 
更新概率模型:
2025-04-08 05:24:55,543 - DEBUG - 多样性指标: 0.0400
2025-04-08 05:24:55,543 - DEBUG - 自适应学习率: 0.8319
2025-04-08 05:24:55,543 - DEBUG - 第15代概率模型更新完成
2025-04-08 05:24:55,543 - DEBUG - 第15代完成，当前最优解完工时间: 1939，历史最优解完工时间: 1889
2025-04-08 05:24:56,019 - DEBUG - 
更新概率模型:
2025-04-08 05:24:56,020 - DEBUG - 多样性指标: 0.0412
2025-04-08 05:24:56,020 - DEBUG - 自适应学习率: 0.8391
2025-04-08 05:24:56,020 - DEBUG - 第16代概率模型更新完成
2025-04-08 05:24:56,020 - DEBUG - 第16代完成，当前最优解完工时间: 1896，历史最优解完工时间: 1889
2025-04-08 05:24:56,471 - DEBUG - 
更新概率模型:
2025-04-08 05:24:56,471 - DEBUG - 多样性指标: 0.0348
2025-04-08 05:24:56,471 - DEBUG - 自适应学习率: 0.8252
2025-04-08 05:24:56,471 - DEBUG - 第17代概率模型更新完成
2025-04-08 05:24:56,471 - DEBUG - 第17代完成，当前最优解完工时间: 1956，历史最优解完工时间: 1889
2025-04-08 05:24:56,931 - DEBUG - 
更新概率模型:
2025-04-08 05:24:56,931 - DEBUG - 多样性指标: 0.0447
2025-04-08 05:24:56,931 - DEBUG - 自适应学习率: 0.8320
2025-04-08 05:24:56,931 - DEBUG - 第18代概率模型更新完成
2025-04-08 05:24:56,931 - DEBUG - 第18代完成，当前最优解完工时间: 1952，历史最优解完工时间: 1889
2025-04-08 05:24:57,400 - DEBUG - 
更新概率模型:
2025-04-08 05:24:57,400 - DEBUG - 多样性指标: 0.0398
2025-04-08 05:24:57,400 - DEBUG - 自适应学习率: 0.8339
2025-04-08 05:24:57,400 - DEBUG - 第19代概率模型更新完成
2025-04-08 05:24:57,400 - DEBUG - 第19代完成，当前最优解完工时间: 1935，历史最优解完工时间: 1889
2025-04-08 05:24:57,882 - DEBUG - 
更新概率模型:
2025-04-08 05:24:57,882 - DEBUG - 多样性指标: 0.0438
2025-04-08 05:24:57,882 - DEBUG - 自适应学习率: 0.8314
2025-04-08 05:24:57,882 - DEBUG - 第20代概率模型更新完成
2025-04-08 05:24:57,882 - DEBUG - 第20代完成，当前最优解完工时间: 1959，历史最优解完工时间: 1889
2025-04-08 05:24:58,347 - DEBUG - 
更新概率模型:
2025-04-08 05:24:58,347 - DEBUG - 多样性指标: 0.0421
2025-04-08 05:24:58,347 - DEBUG - 自适应学习率: 0.8270
2025-04-08 05:24:58,347 - DEBUG - 第21代概率模型更新完成
2025-04-08 05:24:58,347 - DEBUG - 第21代完成，当前最优解完工时间: 1965，历史最优解完工时间: 1889
2025-04-08 05:24:58,836 - DEBUG - 
更新概率模型:
2025-04-08 05:24:58,836 - DEBUG - 多样性指标: 0.0324
2025-04-08 05:24:58,836 - DEBUG - 自适应学习率: 0.8282
2025-04-08 05:24:58,836 - DEBUG - 第22代概率模型更新完成
2025-04-08 05:24:58,836 - DEBUG - 第22代完成，当前最优解完工时间: 1934，历史最优解完工时间: 1889
2025-04-08 05:24:59,309 - DEBUG - 
更新概率模型:
2025-04-08 05:24:59,309 - DEBUG - 多样性指标: 0.0395
2025-04-08 05:24:59,309 - DEBUG - 自适应学习率: 0.8265
2025-04-08 05:24:59,310 - DEBUG - 第23代概率模型更新完成
2025-04-08 05:24:59,310 - DEBUG - 第23代完成，当前最优解完工时间: 1966，历史最优解完工时间: 1889
2025-04-08 05:24:59,767 - DEBUG - 
更新概率模型:
2025-04-08 05:24:59,767 - DEBUG - 多样性指标: 0.0380
2025-04-08 05:24:59,767 - DEBUG - 自适应学习率: 0.8347
2025-04-08 05:24:59,767 - DEBUG - 第24代概率模型更新完成
2025-04-08 05:24:59,767 - DEBUG - 第24代完成，当前最优解完工时间: 1928，历史最优解完工时间: 1889
2025-04-08 05:25:00,215 - DEBUG - 
更新概率模型:
2025-04-08 05:25:00,215 - DEBUG - 多样性指标: 0.0396
2025-04-08 05:25:00,215 - DEBUG - 自适应学习率: 0.8329
2025-04-08 05:25:00,215 - DEBUG - 第25代概率模型更新完成
2025-04-08 05:25:00,215 - DEBUG - 第25代完成，当前最优解完工时间: 1932，历史最优解完工时间: 1889
2025-04-08 05:25:00,668 - DEBUG - 
更新概率模型:
2025-04-08 05:25:00,668 - DEBUG - 多样性指标: 0.0436
2025-04-08 05:25:00,668 - DEBUG - 自适应学习率: 0.8299
2025-04-08 05:25:00,668 - DEBUG - 第26代概率模型更新完成
2025-04-08 05:25:00,668 - DEBUG - 第26代完成，当前最优解完工时间: 1949，历史最优解完工时间: 1889
2025-04-08 05:25:01,119 - DEBUG - 
更新概率模型:
2025-04-08 05:25:01,119 - DEBUG - 多样性指标: 0.0397
2025-04-08 05:25:01,119 - DEBUG - 自适应学习率: 0.8296
2025-04-08 05:25:01,119 - DEBUG - 第27代概率模型更新完成
2025-04-08 05:25:01,119 - DEBUG - 第27代完成，当前最优解完工时间: 1962，历史最优解完工时间: 1889
2025-04-08 05:25:01,572 - DEBUG - 
更新概率模型:
2025-04-08 05:25:01,572 - DEBUG - 多样性指标: 0.0449
2025-04-08 05:25:01,572 - DEBUG - 自适应学习率: 0.8369
2025-04-08 05:25:01,572 - DEBUG - 第28代概率模型更新完成
2025-04-08 05:25:01,572 - DEBUG - 第28代完成，当前最优解完工时间: 1911，历史最优解完工时间: 1889
2025-04-08 05:25:02,024 - DEBUG - 
更新概率模型:
2025-04-08 05:25:02,024 - DEBUG - 多样性指标: 0.0437
2025-04-08 05:25:02,024 - DEBUG - 自适应学习率: 0.8329
2025-04-08 05:25:02,024 - DEBUG - 第29代概率模型更新完成
2025-04-08 05:25:02,024 - DEBUG - 第29代完成，当前最优解完工时间: 1936，历史最优解完工时间: 1889
2025-04-08 05:25:02,512 - DEBUG - 
更新概率模型:
2025-04-08 05:25:02,512 - DEBUG - 多样性指标: 0.0433
2025-04-08 05:25:02,512 - DEBUG - 自适应学习率: 0.8368
2025-04-08 05:25:02,512 - DEBUG - 第30代概率模型更新完成
2025-04-08 05:25:02,512 - DEBUG - 第30代完成，当前最优解完工时间: 1923，历史最优解完工时间: 1889
2025-04-08 05:25:02,992 - DEBUG - 
更新概率模型:
2025-04-08 05:25:02,992 - DEBUG - 多样性指标: 0.0389
2025-04-08 05:25:02,992 - DEBUG - 自适应学习率: 0.8353
2025-04-08 05:25:02,993 - DEBUG - 第31代概率模型更新完成
2025-04-08 05:25:02,993 - DEBUG - 第31代完成，当前最优解完工时间: 1926，历史最优解完工时间: 1889
2025-04-08 05:25:03,469 - DEBUG - 
更新概率模型:
2025-04-08 05:25:03,470 - DEBUG - 多样性指标: 0.0446
2025-04-08 05:25:03,470 - DEBUG - 自适应学习率: 0.8336
2025-04-08 05:25:03,470 - DEBUG - 第32代概率模型更新完成
2025-04-08 05:25:03,470 - DEBUG - 第32代完成，当前最优解完工时间: 1942，历史最优解完工时间: 1889
2025-04-08 05:25:03,947 - DEBUG - 
更新概率模型:
2025-04-08 05:25:03,949 - DEBUG - 多样性指标: 0.0451
2025-04-08 05:25:03,949 - DEBUG - 自适应学习率: 0.8316
2025-04-08 05:25:03,949 - DEBUG - 第33代概率模型更新完成
2025-04-08 05:25:03,949 - DEBUG - 第33代完成，当前最优解完工时间: 1940，历史最优解完工时间: 1889
2025-04-08 05:25:04,430 - DEBUG - 
更新概率模型:
2025-04-08 05:25:04,430 - DEBUG - 多样性指标: 0.0409
2025-04-08 05:25:04,430 - DEBUG - 自适应学习率: 0.8363
2025-04-08 05:25:04,430 - DEBUG - 第34代概率模型更新完成
2025-04-08 05:25:04,430 - DEBUG - 第34代完成，当前最优解完工时间: 1921，历史最优解完工时间: 1889
2025-04-08 05:25:04,907 - DEBUG - 
更新概率模型:
2025-04-08 05:25:04,907 - DEBUG - 多样性指标: 0.0404
2025-04-08 05:25:04,907 - DEBUG - 自适应学习率: 0.8296
2025-04-08 05:25:04,907 - DEBUG - 第35代概率模型更新完成
2025-04-08 05:25:04,907 - DEBUG - 第35代完成，当前最优解完工时间: 1949，历史最优解完工时间: 1889
2025-04-08 05:25:05,411 - DEBUG - 
更新概率模型:
2025-04-08 05:25:05,411 - DEBUG - 多样性指标: 0.0438
2025-04-08 05:25:05,411 - DEBUG - 自适应学习率: 0.8426
2025-04-08 05:25:05,411 - DEBUG - 第36代概率模型更新完成
2025-04-08 05:25:05,411 - DEBUG - 第36代完成，当前最优解完工时间: 1913，历史最优解完工时间: 1889
2025-04-08 05:25:05,886 - DEBUG - 
更新概率模型:
2025-04-08 05:25:05,886 - DEBUG - 多样性指标: 0.0369
2025-04-08 05:25:05,886 - DEBUG - 自适应学习率: 0.8268
2025-04-08 05:25:05,886 - DEBUG - 第37代概率模型更新完成
2025-04-08 05:25:05,886 - DEBUG - 第37代完成，当前最优解完工时间: 1973，历史最优解完工时间: 1889
2025-04-08 05:25:06,395 - DEBUG - 
更新概率模型:
2025-04-08 05:25:06,395 - DEBUG - 多样性指标: 0.0425
2025-04-08 05:25:06,395 - DEBUG - 自适应学习率: 0.8350
2025-04-08 05:25:06,395 - DEBUG - 第38代概率模型更新完成
2025-04-08 05:25:06,395 - DEBUG - 第38代完成，当前最优解完工时间: 1934，历史最优解完工时间: 1889
2025-04-08 05:25:06,900 - DEBUG - 
更新概率模型:
2025-04-08 05:25:06,900 - DEBUG - 多样性指标: 0.0409
2025-04-08 05:25:06,900 - DEBUG - 自适应学习率: 0.8296
2025-04-08 05:25:06,900 - DEBUG - 第39代概率模型更新完成
2025-04-08 05:25:06,900 - DEBUG - 第39代完成，当前最优解完工时间: 1964，历史最优解完工时间: 1889
2025-04-08 05:25:07,410 - DEBUG - 
更新概率模型:
2025-04-08 05:25:07,410 - DEBUG - 多样性指标: 0.0398
2025-04-08 05:25:07,410 - DEBUG - 自适应学习率: 0.8382
2025-04-08 05:25:07,410 - DEBUG - 第40代概率模型更新完成
2025-04-08 05:25:07,410 - DEBUG - 第40代完成，当前最优解完工时间: 1918，历史最优解完工时间: 1889
2025-04-08 05:25:07,912 - DEBUG - 
更新概率模型:
2025-04-08 05:25:07,912 - DEBUG - 多样性指标: 0.0377
2025-04-08 05:25:07,912 - DEBUG - 自适应学习率: 0.8304
2025-04-08 05:25:07,912 - DEBUG - 第41代概率模型更新完成
2025-04-08 05:25:07,912 - DEBUG - 第41代完成，当前最优解完工时间: 1954，历史最优解完工时间: 1889
2025-04-08 05:25:08,399 - DEBUG - 
更新概率模型:
2025-04-08 05:25:08,399 - DEBUG - 多样性指标: 0.0381
2025-04-08 05:25:08,399 - DEBUG - 自适应学习率: 0.8250
2025-04-08 05:25:08,399 - DEBUG - 第42代概率模型更新完成
2025-04-08 05:25:08,399 - DEBUG - 第42代完成，当前最优解完工时间: 1970，历史最优解完工时间: 1889
2025-04-08 05:25:08,862 - DEBUG - 
更新概率模型:
2025-04-08 05:25:08,862 - DEBUG - 多样性指标: 0.0370
2025-04-08 05:25:08,862 - DEBUG - 自适应学习率: 0.8325
2025-04-08 05:25:08,862 - DEBUG - 第43代概率模型更新完成
2025-04-08 05:25:08,862 - DEBUG - 第43代完成，当前最优解完工时间: 1930，历史最优解完工时间: 1889
2025-04-08 05:25:09,364 - DEBUG - 
更新概率模型:
2025-04-08 05:25:09,364 - DEBUG - 多样性指标: 0.0401
2025-04-08 05:25:09,364 - DEBUG - 自适应学习率: 0.8383
2025-04-08 05:25:09,364 - DEBUG - 第44代概率模型更新完成
2025-04-08 05:25:09,364 - DEBUG - 第44代完成，当前最优解完工时间: 1900，历史最优解完工时间: 1889
2025-04-08 05:25:09,849 - DEBUG - 
更新概率模型:
2025-04-08 05:25:09,850 - DEBUG - 多样性指标: 0.0401
2025-04-08 05:25:09,850 - DEBUG - 自适应学习率: 0.8345
2025-04-08 05:25:09,850 - DEBUG - 第45代概率模型更新完成
2025-04-08 05:25:09,850 - DEBUG - 第45代完成，当前最优解完工时间: 1935，历史最优解完工时间: 1889
2025-04-08 05:25:10,316 - DEBUG - 
更新概率模型:
2025-04-08 05:25:10,316 - DEBUG - 多样性指标: 0.0443
2025-04-08 05:25:10,316 - DEBUG - 自适应学习率: 0.8319
2025-04-08 05:25:10,316 - DEBUG - 第46代概率模型更新完成
2025-04-08 05:25:10,316 - DEBUG - 第46代完成，当前最优解完工时间: 1942，历史最优解完工时间: 1889
2025-04-08 05:25:10,766 - DEBUG - 
更新概率模型:
2025-04-08 05:25:10,766 - DEBUG - 多样性指标: 0.0406
2025-04-08 05:25:10,766 - DEBUG - 自适应学习率: 0.8313
2025-04-08 05:25:10,766 - DEBUG - 第47代概率模型更新完成
2025-04-08 05:25:10,766 - DEBUG - 第47代完成，当前最优解完工时间: 1950，历史最优解完工时间: 1889
2025-04-08 05:25:11,227 - DEBUG - 
更新概率模型:
2025-04-08 05:25:11,227 - DEBUG - 多样性指标: 0.0441
2025-04-08 05:25:11,227 - DEBUG - 自适应学习率: 0.8414
2025-04-08 05:25:11,227 - DEBUG - 第48代概率模型更新完成
2025-04-08 05:25:11,227 - DEBUG - 第48代完成，当前最优解完工时间: 1915，历史最优解完工时间: 1889
2025-04-08 05:25:11,681 - DEBUG - 
更新概率模型:
2025-04-08 05:25:11,681 - DEBUG - 多样性指标: 0.0385
2025-04-08 05:25:11,681 - DEBUG - 自适应学习率: 0.8284
2025-04-08 05:25:11,681 - DEBUG - 第49代概率模型更新完成
2025-04-08 05:25:11,681 - DEBUG - 第49代完成，当前最优解完工时间: 1962，历史最优解完工时间: 1889
2025-04-08 05:25:12,141 - DEBUG - 
更新概率模型:
2025-04-08 05:25:12,141 - DEBUG - 多样性指标: 0.0412
2025-04-08 05:25:12,141 - DEBUG - 自适应学习率: 0.8337
2025-04-08 05:25:12,141 - DEBUG - 第50代概率模型更新完成
2025-04-08 05:25:12,141 - DEBUG - 第50代完成，当前最优解完工时间: 1942，历史最优解完工时间: 1889
2025-04-08 05:25:12,597 - DEBUG - 
更新概率模型:
2025-04-08 05:25:12,597 - DEBUG - 多样性指标: 0.0482
2025-04-08 05:25:12,597 - DEBUG - 自适应学习率: 0.8336
2025-04-08 05:25:12,597 - DEBUG - 第51代概率模型更新完成
2025-04-08 05:25:12,597 - DEBUG - 第51代完成，当前最优解完工时间: 1949，历史最优解完工时间: 1889
2025-04-08 05:25:13,062 - DEBUG - 
更新概率模型:
2025-04-08 05:25:13,062 - DEBUG - 多样性指标: 0.0387
2025-04-08 05:25:13,062 - DEBUG - 自适应学习率: 0.8272
2025-04-08 05:25:13,062 - DEBUG - 第52代概率模型更新完成
2025-04-08 05:25:13,062 - DEBUG - 第52代完成，当前最优解完工时间: 1962，历史最优解完工时间: 1889
2025-04-08 05:25:13,534 - DEBUG - 
更新概率模型:
2025-04-08 05:25:13,534 - DEBUG - 多样性指标: 0.0407
2025-04-08 05:25:13,534 - DEBUG - 自适应学习率: 0.8336
2025-04-08 05:25:13,534 - DEBUG - 第53代概率模型更新完成
2025-04-08 05:25:13,534 - DEBUG - 第53代完成，当前最优解完工时间: 1944，历史最优解完工时间: 1889
2025-04-08 05:25:14,002 - DEBUG - 
更新概率模型:
2025-04-08 05:25:14,002 - DEBUG - 多样性指标: 0.0430
2025-04-08 05:25:14,002 - DEBUG - 自适应学习率: 0.8303
2025-04-08 05:25:14,002 - DEBUG - 第54代概率模型更新完成
2025-04-08 05:25:14,002 - DEBUG - 第54代完成，当前最优解完工时间: 1955，历史最优解完工时间: 1889
2025-04-08 05:25:14,517 - DEBUG - 
更新概率模型:
2025-04-08 05:25:14,518 - DEBUG - 多样性指标: 0.0385
2025-04-08 05:25:14,518 - DEBUG - 自适应学习率: 0.8305
2025-04-08 05:25:14,518 - DEBUG - 第55代概率模型更新完成
2025-04-08 05:25:14,518 - DEBUG - 第55代完成，当前最优解完工时间: 1954，历史最优解完工时间: 1889
2025-04-08 05:25:14,999 - DEBUG - 
更新概率模型:
2025-04-08 05:25:14,999 - DEBUG - 多样性指标: 0.0404
2025-04-08 05:25:14,999 - DEBUG - 自适应学习率: 0.8323
2025-04-08 05:25:14,999 - DEBUG - 第56代概率模型更新完成
2025-04-08 05:25:14,999 - DEBUG - 第56代完成，当前最优解完工时间: 1952，历史最优解完工时间: 1889
2025-04-08 05:25:15,451 - DEBUG - 
更新概率模型:
2025-04-08 05:25:15,451 - DEBUG - 多样性指标: 0.0380
2025-04-08 05:25:15,451 - DEBUG - 自适应学习率: 0.8321
2025-04-08 05:25:15,451 - DEBUG - 第57代概率模型更新完成
2025-04-08 05:25:15,451 - DEBUG - 第57代完成，当前最优解完工时间: 1928，历史最优解完工时间: 1889
2025-04-08 05:25:15,913 - DEBUG - 
更新概率模型:
2025-04-08 05:25:15,913 - DEBUG - 多样性指标: 0.0387
2025-04-08 05:25:15,913 - DEBUG - 自适应学习率: 0.8336
2025-04-08 05:25:15,913 - DEBUG - 第58代概率模型更新完成
2025-04-08 05:25:15,913 - DEBUG - 第58代完成，当前最优解完工时间: 1940，历史最优解完工时间: 1889
2025-04-08 05:25:16,374 - DEBUG - 
更新概率模型:
2025-04-08 05:25:16,374 - DEBUG - 多样性指标: 0.0434
2025-04-08 05:25:16,374 - DEBUG - 自适应学习率: 0.8380
2025-04-08 05:25:16,374 - DEBUG - 第59代概率模型更新完成
2025-04-08 05:25:16,374 - DEBUG - 第59代完成，当前最优解完工时间: 1925，历史最优解完工时间: 1889
2025-04-08 05:25:16,833 - DEBUG - 
更新概率模型:
2025-04-08 05:25:16,833 - DEBUG - 多样性指标: 0.0410
2025-04-08 05:25:16,833 - DEBUG - 自适应学习率: 0.8339
2025-04-08 05:25:16,833 - DEBUG - 第60代概率模型更新完成
2025-04-08 05:25:16,833 - DEBUG - 第60代完成，当前最优解完工时间: 1950，历史最优解完工时间: 1889
2025-04-08 05:25:17,291 - DEBUG - 
更新概率模型:
2025-04-08 05:25:17,291 - DEBUG - 多样性指标: 0.0438
2025-04-08 05:25:17,291 - DEBUG - 自适应学习率: 0.8310
2025-04-08 05:25:17,291 - DEBUG - 第61代概率模型更新完成
2025-04-08 05:25:17,291 - DEBUG - 第61代完成，当前最优解完工时间: 1945，历史最优解完工时间: 1889
2025-04-08 05:25:17,746 - DEBUG - 
更新概率模型:
2025-04-08 05:25:17,746 - DEBUG - 多样性指标: 0.0416
2025-04-08 05:25:17,746 - DEBUG - 自适应学习率: 0.8338
2025-04-08 05:25:17,746 - DEBUG - 第62代概率模型更新完成
2025-04-08 05:25:17,746 - DEBUG - 第62代完成，当前最优解完工时间: 1944，历史最优解完工时间: 1889
2025-04-08 05:25:18,190 - DEBUG - 
更新概率模型:
2025-04-08 05:25:18,190 - DEBUG - 多样性指标: 0.0432
2025-04-08 05:25:18,190 - DEBUG - 自适应学习率: 0.8298
2025-04-08 05:25:18,190 - DEBUG - 第63代概率模型更新完成
2025-04-08 05:25:18,192 - DEBUG - 第63代完成，当前最优解完工时间: 1962，历史最优解完工时间: 1889
2025-04-08 05:25:18,640 - DEBUG - 
更新概率模型:
2025-04-08 05:25:18,640 - DEBUG - 多样性指标: 0.0388
2025-04-08 05:25:18,640 - DEBUG - 自适应学习率: 0.8342
2025-04-08 05:25:18,640 - DEBUG - 第64代概率模型更新完成
2025-04-08 05:25:18,640 - DEBUG - 第64代完成，当前最优解完工时间: 1951，历史最优解完工时间: 1889
2025-04-08 05:25:19,090 - DEBUG - 
更新概率模型:
2025-04-08 05:25:19,090 - DEBUG - 多样性指标: 0.0448
2025-04-08 05:25:19,090 - DEBUG - 自适应学习率: 0.8382
2025-04-08 05:25:19,090 - DEBUG - 第65代概率模型更新完成
2025-04-08 05:25:19,090 - DEBUG - 第65代完成，当前最优解完工时间: 1924，历史最优解完工时间: 1889
2025-04-08 05:25:19,546 - DEBUG - 
更新概率模型:
2025-04-08 05:25:19,546 - DEBUG - 多样性指标: 0.0390
2025-04-08 05:25:19,546 - DEBUG - 自适应学习率: 0.8349
2025-04-08 05:25:19,546 - DEBUG - 第66代概率模型更新完成
2025-04-08 05:25:19,547 - DEBUG - 第66代完成，当前最优解完工时间: 1933，历史最优解完工时间: 1889
2025-04-08 05:25:19,997 - DEBUG - 
更新概率模型:
2025-04-08 05:25:19,997 - DEBUG - 多样性指标: 0.0470
2025-04-08 05:25:19,997 - DEBUG - 自适应学习率: 0.8422
2025-04-08 05:25:19,997 - DEBUG - 第67代概率模型更新完成
2025-04-08 05:25:19,997 - DEBUG - 第67代完成，当前最优解完工时间: 1904，历史最优解完工时间: 1889
2025-04-08 05:25:20,454 - DEBUG - 
更新概率模型:
2025-04-08 05:25:20,454 - DEBUG - 多样性指标: 0.0429
2025-04-08 05:25:20,454 - DEBUG - 自适应学习率: 0.8316
2025-04-08 05:25:20,454 - DEBUG - 第68代概率模型更新完成
2025-04-08 05:25:20,454 - DEBUG - 第68代完成，当前最优解完工时间: 1948，历史最优解完工时间: 1889
2025-04-08 05:25:20,905 - DEBUG - 
更新概率模型:
2025-04-08 05:25:20,905 - DEBUG - 多样性指标: 0.0354
2025-04-08 05:25:20,905 - DEBUG - 自适应学习率: 0.8352
2025-04-08 05:25:20,905 - DEBUG - 第69代概率模型更新完成
2025-04-08 05:25:20,905 - DEBUG - 第69代完成，当前最优解完工时间: 1926，历史最优解完工时间: 1889
2025-04-08 05:25:21,353 - DEBUG - 
更新概率模型:
2025-04-08 05:25:21,353 - DEBUG - 多样性指标: 0.0338
2025-04-08 05:25:21,353 - DEBUG - 自适应学习率: 0.8254
2025-04-08 05:25:21,353 - DEBUG - 第70代概率模型更新完成
2025-04-08 05:25:21,353 - DEBUG - 第70代完成，当前最优解完工时间: 1963，历史最优解完工时间: 1889
2025-04-08 05:25:21,812 - DEBUG - 
更新概率模型:
2025-04-08 05:25:21,812 - DEBUG - 多样性指标: 0.0375
2025-04-08 05:25:21,812 - DEBUG - 自适应学习率: 0.8331
2025-04-08 05:25:21,812 - DEBUG - 第71代概率模型更新完成
2025-04-08 05:25:21,812 - DEBUG - 第71代完成，当前最优解完工时间: 1933，历史最优解完工时间: 1889
2025-04-08 05:25:22,279 - DEBUG - 
更新概率模型:
2025-04-08 05:25:22,279 - DEBUG - 多样性指标: 0.0358
2025-04-08 05:25:22,279 - DEBUG - 自适应学习率: 0.8319
2025-04-08 05:25:22,279 - DEBUG - 第72代概率模型更新完成
2025-04-08 05:25:22,279 - DEBUG - 第72代完成，当前最优解完工时间: 1937，历史最优解完工时间: 1889
2025-04-08 05:25:22,730 - DEBUG - 
更新概率模型:
2025-04-08 05:25:22,730 - DEBUG - 多样性指标: 0.0425
2025-04-08 05:25:22,730 - DEBUG - 自适应学习率: 0.8321
2025-04-08 05:25:22,730 - DEBUG - 第73代概率模型更新完成
2025-04-08 05:25:22,730 - DEBUG - 第73代完成，当前最优解完工时间: 1954，历史最优解完工时间: 1889
2025-04-08 05:25:23,176 - DEBUG - 
更新概率模型:
2025-04-08 05:25:23,176 - DEBUG - 多样性指标: 0.0480
2025-04-08 05:25:23,176 - DEBUG - 自适应学习率: 0.8343
2025-04-08 05:25:23,176 - DEBUG - 第74代概率模型更新完成
2025-04-08 05:25:23,176 - DEBUG - 第74代完成，当前最优解完工时间: 1937，历史最优解完工时间: 1889
2025-04-08 05:25:23,624 - DEBUG - 
更新概率模型:
2025-04-08 05:25:23,624 - DEBUG - 多样性指标: 0.0351
2025-04-08 05:25:23,624 - DEBUG - 自适应学习率: 0.8334
2025-04-08 05:25:23,624 - DEBUG - 第75代概率模型更新完成
2025-04-08 05:25:23,624 - DEBUG - 第75代完成，当前最优解完工时间: 1930，历史最优解完工时间: 1889
2025-04-08 05:25:24,088 - DEBUG - 
更新概率模型:
2025-04-08 05:25:24,088 - DEBUG - 多样性指标: 0.0384
2025-04-08 05:25:24,088 - DEBUG - 自适应学习率: 0.8294
2025-04-08 05:25:24,088 - DEBUG - 第76代概率模型更新完成
2025-04-08 05:25:24,088 - DEBUG - 第76代完成，当前最优解完工时间: 1950，历史最优解完工时间: 1889
2025-04-08 05:25:24,535 - DEBUG - 
更新概率模型:
2025-04-08 05:25:24,535 - DEBUG - 多样性指标: 0.0421
2025-04-08 05:25:24,535 - DEBUG - 自适应学习率: 0.8409
2025-04-08 05:25:24,535 - DEBUG - 第77代概率模型更新完成
2025-04-08 05:25:24,535 - DEBUG - 第77代完成，当前最优解完工时间: 1906，历史最优解完工时间: 1889
2025-04-08 05:25:24,989 - DEBUG - 
更新概率模型:
2025-04-08 05:25:24,989 - DEBUG - 多样性指标: 0.0439
2025-04-08 05:25:24,989 - DEBUG - 自适应学习率: 0.8323
2025-04-08 05:25:24,989 - DEBUG - 第78代概率模型更新完成
2025-04-08 05:25:24,989 - DEBUG - 第78代完成，当前最优解完工时间: 1951，历史最优解完工时间: 1889
2025-04-08 05:25:25,455 - DEBUG - 
更新概率模型:
2025-04-08 05:25:25,455 - DEBUG - 多样性指标: 0.0406
2025-04-08 05:25:25,455 - DEBUG - 自适应学习率: 0.8360
2025-04-08 05:25:25,455 - DEBUG - 第79代概率模型更新完成
2025-04-08 05:25:25,455 - DEBUG - 第79代完成，当前最优解完工时间: 1931，历史最优解完工时间: 1889
2025-04-08 05:25:25,912 - DEBUG - 
更新概率模型:
2025-04-08 05:25:25,912 - DEBUG - 多样性指标: 0.0378
2025-04-08 05:25:25,912 - DEBUG - 自适应学习率: 0.8325
2025-04-08 05:25:25,912 - DEBUG - 第80代概率模型更新完成
2025-04-08 05:25:25,912 - DEBUG - 第80代完成，当前最优解完工时间: 1943，历史最优解完工时间: 1889
2025-04-08 05:25:26,375 - DEBUG - 
更新概率模型:
2025-04-08 05:25:26,376 - DEBUG - 多样性指标: 0.0408
2025-04-08 05:25:26,376 - DEBUG - 自适应学习率: 0.8391
2025-04-08 05:25:26,376 - DEBUG - 第81代概率模型更新完成
2025-04-08 05:25:26,376 - DEBUG - 第81代完成，当前最优解完工时间: 1909，历史最优解完工时间: 1889
2025-04-08 05:25:26,900 - DEBUG - 
更新概率模型:
2025-04-08 05:25:26,901 - DEBUG - 多样性指标: 0.0426
2025-04-08 05:25:26,901 - DEBUG - 自适应学习率: 0.8341
2025-04-08 05:25:26,901 - DEBUG - 第82代概率模型更新完成
2025-04-08 05:25:26,901 - DEBUG - 第82代完成，当前最优解完工时间: 1931，历史最优解完工时间: 1889
2025-04-08 05:25:27,380 - DEBUG - 
更新概率模型:
2025-04-08 05:25:27,380 - DEBUG - 多样性指标: 0.0424
2025-04-08 05:25:27,380 - DEBUG - 自适应学习率: 0.8382
2025-04-08 05:25:27,380 - DEBUG - 第83代概率模型更新完成
2025-04-08 05:25:27,380 - DEBUG - 第83代完成，当前最优解完工时间: 1920，历史最优解完工时间: 1889
2025-04-08 05:25:27,856 - DEBUG - 
更新概率模型:
2025-04-08 05:25:27,856 - DEBUG - 多样性指标: 0.0436
2025-04-08 05:25:27,856 - DEBUG - 自适应学习率: 0.8310
2025-04-08 05:25:27,856 - DEBUG - 第84代概率模型更新完成
2025-04-08 05:25:27,856 - DEBUG - 第84代完成，当前最优解完工时间: 1941，历史最优解完工时间: 1889
2025-04-08 05:25:28,328 - DEBUG - 
更新概率模型:
2025-04-08 05:25:28,328 - DEBUG - 多样性指标: 0.0445
2025-04-08 05:25:28,328 - DEBUG - 自适应学习率: 0.8404
2025-04-08 05:25:28,328 - DEBUG - 第85代概率模型更新完成
2025-04-08 05:25:28,328 - DEBUG - 第85代完成，当前最优解完工时间: 1907，历史最优解完工时间: 1889
2025-04-08 05:25:28,775 - DEBUG - 
更新概率模型:
2025-04-08 05:25:28,775 - DEBUG - 多样性指标: 0.0392
2025-04-08 05:25:28,775 - DEBUG - 自适应学习率: 0.8378
2025-04-08 05:25:28,775 - DEBUG - 第86代概率模型更新完成
2025-04-08 05:25:28,775 - DEBUG - 第86代完成，当前最优解完工时间: 1918，历史最优解完工时间: 1889
2025-04-08 05:25:29,230 - DEBUG - 
更新概率模型:
2025-04-08 05:25:29,230 - DEBUG - 多样性指标: 0.0405
2025-04-08 05:25:29,230 - DEBUG - 自适应学习率: 0.8313
2025-04-08 05:25:29,230 - DEBUG - 第87代概率模型更新完成
2025-04-08 05:25:29,230 - DEBUG - 第87代完成，当前最优解完工时间: 1939，历史最优解完工时间: 1889
2025-04-08 05:25:29,708 - DEBUG - 
更新概率模型:
2025-04-08 05:25:29,708 - DEBUG - 多样性指标: 0.0404
2025-04-08 05:25:29,708 - DEBUG - 自适应学习率: 0.8355
2025-04-08 05:25:29,708 - DEBUG - 第88代概率模型更新完成
2025-04-08 05:25:29,708 - DEBUG - 第88代完成，当前最优解完工时间: 1921，历史最优解完工时间: 1889
2025-04-08 05:25:30,192 - DEBUG - 
更新概率模型:
2025-04-08 05:25:30,192 - DEBUG - 多样性指标: 0.0416
2025-04-08 05:25:30,192 - DEBUG - 自适应学习率: 0.8274
2025-04-08 05:25:30,192 - DEBUG - 第89代概率模型更新完成
2025-04-08 05:25:30,192 - DEBUG - 第89代完成，当前最优解完工时间: 1965，历史最优解完工时间: 1889
2025-04-08 05:25:30,644 - DEBUG - 
更新概率模型:
2025-04-08 05:25:30,644 - DEBUG - 多样性指标: 0.0411
2025-04-08 05:25:30,644 - DEBUG - 自适应学习率: 0.8389
2025-04-08 05:25:30,644 - DEBUG - 第90代概率模型更新完成
2025-04-08 05:25:30,644 - DEBUG - 第90代完成，当前最优解完工时间: 1899，历史最优解完工时间: 1889
2025-04-08 05:25:31,093 - DEBUG - 
更新概率模型:
2025-04-08 05:25:31,093 - DEBUG - 多样性指标: 0.0363
2025-04-08 05:25:31,093 - DEBUG - 自适应学习率: 0.8294
2025-04-08 05:25:31,093 - DEBUG - 第91代概率模型更新完成
2025-04-08 05:25:31,093 - DEBUG - 第91代完成，当前最优解完工时间: 1957，历史最优解完工时间: 1889
2025-04-08 05:25:31,564 - DEBUG - 
更新概率模型:
2025-04-08 05:25:31,564 - DEBUG - 多样性指标: 0.0441
2025-04-08 05:25:31,564 - DEBUG - 自适应学习率: 0.8389
2025-04-08 05:25:31,564 - DEBUG - 第92代概率模型更新完成
2025-04-08 05:25:31,564 - DEBUG - 第92代完成，当前最优解完工时间: 1904，历史最优解完工时间: 1889
2025-04-08 05:25:32,022 - DEBUG - 
更新概率模型:
2025-04-08 05:25:32,022 - DEBUG - 多样性指标: 0.0383
2025-04-08 05:25:32,022 - DEBUG - 自适应学习率: 0.8333
2025-04-08 05:25:32,022 - DEBUG - 第93代概率模型更新完成
2025-04-08 05:25:32,022 - DEBUG - 第93代完成，当前最优解完工时间: 1936，历史最优解完工时间: 1889
2025-04-08 05:25:32,491 - DEBUG - 
更新概率模型:
2025-04-08 05:25:32,491 - DEBUG - 多样性指标: 0.0446
2025-04-08 05:25:32,491 - DEBUG - 自适应学习率: 0.8323
2025-04-08 05:25:32,491 - DEBUG - 第94代概率模型更新完成
2025-04-08 05:25:32,491 - DEBUG - 第94代完成，当前最优解完工时间: 1942，历史最优解完工时间: 1889
2025-04-08 05:25:32,997 - DEBUG - 
更新概率模型:
2025-04-08 05:25:32,997 - DEBUG - 多样性指标: 0.0386
2025-04-08 05:25:32,997 - DEBUG - 自适应学习率: 0.8331
2025-04-08 05:25:32,997 - DEBUG - 第95代概率模型更新完成
2025-04-08 05:25:32,997 - DEBUG - 第95代完成，当前最优解完工时间: 1925，历史最优解完工时间: 1889
2025-04-08 05:25:33,482 - DEBUG - 
更新概率模型:
2025-04-08 05:25:33,482 - DEBUG - 多样性指标: 0.0445
2025-04-08 05:25:33,482 - DEBUG - 自适应学习率: 0.8348
2025-04-08 05:25:33,482 - DEBUG - 第96代概率模型更新完成
2025-04-08 05:25:33,482 - DEBUG - 第96代完成，当前最优解完工时间: 1920，历史最优解完工时间: 1889
2025-04-08 05:25:33,948 - DEBUG - 
更新概率模型:
2025-04-08 05:25:33,948 - DEBUG - 多样性指标: 0.0432
2025-04-08 05:25:33,948 - DEBUG - 自适应学习率: 0.8347
2025-04-08 05:25:33,948 - DEBUG - 第97代概率模型更新完成
2025-04-08 05:25:33,948 - DEBUG - 第97代完成，当前最优解完工时间: 1926，历史最优解完工时间: 1889
2025-04-08 05:25:34,444 - DEBUG - 
更新概率模型:
2025-04-08 05:25:34,444 - DEBUG - 多样性指标: 0.0450
2025-04-08 05:25:34,444 - DEBUG - 自适应学习率: 0.8357
2025-04-08 05:25:34,444 - DEBUG - 第98代概率模型更新完成
2025-04-08 05:25:34,444 - DEBUG - 第98代完成，当前最优解完工时间: 1936，历史最优解完工时间: 1889
2025-04-08 05:25:34,897 - DEBUG - 
更新概率模型:
2025-04-08 05:25:34,897 - DEBUG - 多样性指标: 0.0457
2025-04-08 05:25:34,897 - DEBUG - 自适应学习率: 0.8285
2025-04-08 05:25:34,897 - DEBUG - 第99代概率模型更新完成
2025-04-08 05:25:34,897 - DEBUG - 第99代完成，当前最优解完工时间: 1954，历史最优解完工时间: 1889
2025-04-08 05:25:34,897 - INFO - Total time: 47.12s
2025-04-08 05:25:35,054 - INFO - ==================================================
2025-04-08 05:25:35,054 - INFO - Best solution found with makespan: 1889.00s at generation 10
2025-04-08 05:25:35,054 - INFO - Total time: 47.12s
2025-04-08 05:25:35,054 - INFO - Results saved to: sl_output
2025-04-08 05:25:35,054 - INFO - Convergence curve saved to: sl_output\sl_convergence.png
2025-04-08 05:25:35,054 - INFO - Detailed log saved to: d:\Amelia\bi_learning_FJSP\logs\sl_log_20250408_052447.log
