2025-04-08 04:40:39,247 - INFO - Initialization probability model completed.
2025-04-08 04:40:39,247 - INFO - In generation 1，New best makespan: 1983.00
2025-04-08 04:40:39,247 - DEBUG - 第0代完成，当前最优解完工时间: 1983，历史最优解完工时间: 1983
2025-04-08 04:40:39,724 - DEBUG - 
更新概率模型:
2025-04-08 04:40:39,724 - DEBUG - 多样性指标: 0.0409
2025-04-08 04:40:39,724 - DEBUG - 自适应学习率: 0.8436
2025-04-08 04:40:39,724 - DEBUG - 第1代概率模型更新完成
2025-04-08 04:40:39,724 - INFO - In generation 2，New best makespan: 1952.00
2025-04-08 04:40:39,725 - DEBUG - 第1代完成，当前最优解完工时间: 1952，历史最优解完工时间: 1952
2025-04-08 04:40:40,214 - DEBUG - 
更新概率模型:
2025-04-08 04:40:40,214 - DEBUG - 多样性指标: 0.0429
2025-04-08 04:40:40,214 - DEBUG - 自适应学习率: 0.8353
2025-04-08 04:40:40,214 - DEBUG - 第2代概率模型更新完成
2025-04-08 04:40:40,214 - DEBUG - 第2代完成，当前最优解完工时间: 2014，历史最优解完工时间: 1952
2025-04-08 04:40:40,685 - DEBUG - 
更新概率模型:
2025-04-08 04:40:40,685 - DEBUG - 多样性指标: 0.0416
2025-04-08 04:40:40,685 - DEBUG - 自适应学习率: 0.8370
2025-04-08 04:40:40,685 - DEBUG - 第3代概率模型更新完成
2025-04-08 04:40:40,685 - DEBUG - 第3代完成，当前最优解完工时间: 1982，历史最优解完工时间: 1952
2025-04-08 04:40:41,146 - DEBUG - 
更新概率模型:
2025-04-08 04:40:41,146 - DEBUG - 多样性指标: 0.0396
2025-04-08 04:40:41,146 - DEBUG - 自适应学习率: 0.8319
2025-04-08 04:40:41,146 - DEBUG - 第4代概率模型更新完成
2025-04-08 04:40:41,146 - DEBUG - 第4代完成，当前最优解完工时间: 2004，历史最优解完工时间: 1952
2025-04-08 04:40:41,597 - DEBUG - 
更新概率模型:
2025-04-08 04:40:41,597 - DEBUG - 多样性指标: 0.0382
2025-04-08 04:40:41,597 - DEBUG - 自适应学习率: 0.8314
2025-04-08 04:40:41,597 - DEBUG - 第5代概率模型更新完成
2025-04-08 04:40:41,597 - DEBUG - 第5代完成，当前最优解完工时间: 2006，历史最优解完工时间: 1952
2025-04-08 04:40:42,052 - DEBUG - 
更新概率模型:
2025-04-08 04:40:42,053 - DEBUG - 多样性指标: 0.0457
2025-04-08 04:40:42,053 - DEBUG - 自适应学习率: 0.8416
2025-04-08 04:40:42,053 - DEBUG - 第6代概率模型更新完成
2025-04-08 04:40:42,053 - DEBUG - 第6代完成，当前最优解完工时间: 1959，历史最优解完工时间: 1952
2025-04-08 04:40:42,507 - DEBUG - 
更新概率模型:
2025-04-08 04:40:42,507 - DEBUG - 多样性指标: 0.0421
2025-04-08 04:40:42,507 - DEBUG - 自适应学习率: 0.8370
2025-04-08 04:40:42,507 - DEBUG - 第7代概率模型更新完成
2025-04-08 04:40:42,507 - DEBUG - 第7代完成，当前最优解完工时间: 1974，历史最优解完工时间: 1952
2025-04-08 04:40:42,958 - DEBUG - 
更新概率模型:
2025-04-08 04:40:42,958 - DEBUG - 多样性指标: 0.0441
2025-04-08 04:40:42,958 - DEBUG - 自适应学习率: 0.8412
2025-04-08 04:40:42,958 - DEBUG - 第8代概率模型更新完成
2025-04-08 04:40:42,958 - DEBUG - 第8代完成，当前最优解完工时间: 1958，历史最优解完工时间: 1952
2025-04-08 04:40:43,412 - DEBUG - 
更新概率模型:
2025-04-08 04:40:43,412 - DEBUG - 多样性指标: 0.0413
2025-04-08 04:40:43,412 - DEBUG - 自适应学习率: 0.8345
2025-04-08 04:40:43,412 - DEBUG - 第9代概率模型更新完成
2025-04-08 04:40:43,412 - DEBUG - 第9代完成，当前最优解完工时间: 1994，历史最优解完工时间: 1952
2025-04-08 04:40:43,864 - DEBUG - 
更新概率模型:
2025-04-08 04:40:43,865 - DEBUG - 多样性指标: 0.0406
2025-04-08 04:40:43,865 - DEBUG - 自适应学习率: 0.8526
2025-04-08 04:40:43,865 - DEBUG - 第10代概率模型更新完成
2025-04-08 04:40:43,865 - INFO - In generation 11，New best makespan: 1896.00
2025-04-08 04:40:43,865 - DEBUG - 第10代完成，当前最优解完工时间: 1896，历史最优解完工时间: 1896
2025-04-08 04:40:44,317 - DEBUG - 
更新概率模型:
2025-04-08 04:40:44,317 - DEBUG - 多样性指标: 0.0378
2025-04-08 04:40:44,317 - DEBUG - 自适应学习率: 0.8413
2025-04-08 04:40:44,317 - DEBUG - 第11代概率模型更新完成
2025-04-08 04:40:44,317 - DEBUG - 第11代完成，当前最优解完工时间: 1939，历史最优解完工时间: 1896
2025-04-08 04:40:44,772 - DEBUG - 
更新概率模型:
2025-04-08 04:40:44,772 - DEBUG - 多样性指标: 0.0482
2025-04-08 04:40:44,772 - DEBUG - 自适应学习率: 0.8485
2025-04-08 04:40:44,773 - DEBUG - 第12代概率模型更新完成
2025-04-08 04:40:44,773 - DEBUG - 第12代完成，当前最优解完工时间: 1926，历史最优解完工时间: 1896
2025-04-08 04:40:45,220 - DEBUG - 
更新概率模型:
2025-04-08 04:40:45,220 - DEBUG - 多样性指标: 0.0463
2025-04-08 04:40:45,220 - DEBUG - 自适应学习率: 0.8484
2025-04-08 04:40:45,220 - DEBUG - 第13代概率模型更新完成
2025-04-08 04:40:45,220 - DEBUG - 第13代完成，当前最优解完工时间: 1939，历史最优解完工时间: 1896
2025-04-08 04:40:45,670 - DEBUG - 
更新概率模型:
2025-04-08 04:40:45,670 - DEBUG - 多样性指标: 0.0428
2025-04-08 04:40:45,670 - DEBUG - 自适应学习率: 0.8455
2025-04-08 04:40:45,670 - DEBUG - 第14代概率模型更新完成
2025-04-08 04:40:45,670 - DEBUG - 第14代完成，当前最优解完工时间: 1929，历史最优解完工时间: 1896
2025-04-08 04:40:46,127 - DEBUG - 
更新概率模型:
2025-04-08 04:40:46,127 - DEBUG - 多样性指标: 0.0467
2025-04-08 04:40:46,127 - DEBUG - 自适应学习率: 0.8357
2025-04-08 04:40:46,127 - DEBUG - 第15代概率模型更新完成
2025-04-08 04:40:46,127 - DEBUG - 第15代完成，当前最优解完工时间: 1986，历史最优解完工时间: 1896
2025-04-08 04:40:46,576 - DEBUG - 
更新概率模型:
2025-04-08 04:40:46,576 - DEBUG - 多样性指标: 0.0415
2025-04-08 04:40:46,578 - DEBUG - 自适应学习率: 0.8456
2025-04-08 04:40:46,578 - DEBUG - 第16代概率模型更新完成
2025-04-08 04:40:46,578 - DEBUG - 第16代完成，当前最优解完工时间: 1932，历史最优解完工时间: 1896
2025-04-08 04:40:47,033 - DEBUG - 
更新概率模型:
2025-04-08 04:40:47,033 - DEBUG - 多样性指标: 0.0484
2025-04-08 04:40:47,033 - DEBUG - 自适应学习率: 0.8396
2025-04-08 04:40:47,033 - DEBUG - 第17代概率模型更新完成
2025-04-08 04:40:47,033 - DEBUG - 第17代完成，当前最优解完工时间: 1976，历史最优解完工时间: 1896
2025-04-08 04:40:47,505 - DEBUG - 
更新概率模型:
2025-04-08 04:40:47,505 - DEBUG - 多样性指标: 0.0388
2025-04-08 04:40:47,505 - DEBUG - 自适应学习率: 0.8334
2025-04-08 04:40:47,505 - DEBUG - 第18代概率模型更新完成
2025-04-08 04:40:47,505 - DEBUG - 第18代完成，当前最优解完工时间: 1982，历史最优解完工时间: 1896
2025-04-08 04:40:47,973 - DEBUG - 
更新概率模型:
2025-04-08 04:40:47,973 - DEBUG - 多样性指标: 0.0421
2025-04-08 04:40:47,973 - DEBUG - 自适应学习率: 0.8423
2025-04-08 04:40:47,973 - DEBUG - 第19代概率模型更新完成
2025-04-08 04:40:47,973 - DEBUG - 第19代完成，当前最优解完工时间: 1945，历史最优解完工时间: 1896
2025-04-08 04:40:48,437 - DEBUG - 
更新概率模型:
2025-04-08 04:40:48,437 - DEBUG - 多样性指标: 0.0422
2025-04-08 04:40:48,437 - DEBUG - 自适应学习率: 0.8411
2025-04-08 04:40:48,437 - DEBUG - 第20代概率模型更新完成
2025-04-08 04:40:48,437 - DEBUG - 第20代完成，当前最优解完工时间: 1957，历史最优解完工时间: 1896
2025-04-08 04:40:48,914 - DEBUG - 
更新概率模型:
2025-04-08 04:40:48,914 - DEBUG - 多样性指标: 0.0364
2025-04-08 04:40:48,914 - DEBUG - 自适应学习率: 0.8269
2025-04-08 04:40:48,914 - DEBUG - 第21代概率模型更新完成
2025-04-08 04:40:48,914 - DEBUG - 第21代完成，当前最优解完工时间: 2016，历史最优解完工时间: 1896
2025-04-08 04:40:49,414 - DEBUG - 
更新概率模型:
2025-04-08 04:40:49,414 - DEBUG - 多样性指标: 0.0450
2025-04-08 04:40:49,414 - DEBUG - 自适应学习率: 0.8379
2025-04-08 04:40:49,414 - DEBUG - 第22代概率模型更新完成
2025-04-08 04:40:49,414 - DEBUG - 第22代完成，当前最优解完工时间: 1965，历史最优解完工时间: 1896
2025-04-08 04:40:49,893 - DEBUG - 
更新概率模型:
2025-04-08 04:40:49,893 - DEBUG - 多样性指标: 0.0406
2025-04-08 04:40:49,893 - DEBUG - 自适应学习率: 0.8346
2025-04-08 04:40:49,893 - DEBUG - 第23代概率模型更新完成
2025-04-08 04:40:49,893 - DEBUG - 第23代完成，当前最优解完工时间: 1982，历史最优解完工时间: 1896
2025-04-08 04:40:50,362 - DEBUG - 
更新概率模型:
2025-04-08 04:40:50,362 - DEBUG - 多样性指标: 0.0437
2025-04-08 04:40:50,362 - DEBUG - 自适应学习率: 0.8298
2025-04-08 04:40:50,362 - DEBUG - 第24代概率模型更新完成
2025-04-08 04:40:50,362 - DEBUG - 第24代完成，当前最优解完工时间: 2008，历史最优解完工时间: 1896
2025-04-08 04:40:50,837 - DEBUG - 
更新概率模型:
2025-04-08 04:40:50,837 - DEBUG - 多样性指标: 0.0433
2025-04-08 04:40:50,837 - DEBUG - 自适应学习率: 0.8389
2025-04-08 04:40:50,837 - DEBUG - 第25代概率模型更新完成
2025-04-08 04:40:50,837 - DEBUG - 第25代完成，当前最优解完工时间: 1955，历史最优解完工时间: 1896
2025-04-08 04:40:51,319 - DEBUG - 
更新概率模型:
2025-04-08 04:40:51,319 - DEBUG - 多样性指标: 0.0396
2025-04-08 04:40:51,319 - DEBUG - 自适应学习率: 0.8333
2025-04-08 04:40:51,319 - DEBUG - 第26代概率模型更新完成
2025-04-08 04:40:51,319 - DEBUG - 第26代完成，当前最优解完工时间: 1975，历史最优解完工时间: 1896
2025-04-08 04:40:51,787 - DEBUG - 
更新概率模型:
2025-04-08 04:40:51,789 - DEBUG - 多样性指标: 0.0396
2025-04-08 04:40:51,789 - DEBUG - 自适应学习率: 0.8353
2025-04-08 04:40:51,789 - DEBUG - 第27代概率模型更新完成
2025-04-08 04:40:51,789 - DEBUG - 第27代完成，当前最优解完工时间: 1963，历史最优解完工时间: 1896
2025-04-08 04:40:52,259 - DEBUG - 
更新概率模型:
2025-04-08 04:40:52,259 - DEBUG - 多样性指标: 0.0473
2025-04-08 04:40:52,259 - DEBUG - 自适应学习率: 0.8417
2025-04-08 04:40:52,259 - DEBUG - 第28代概率模型更新完成
2025-04-08 04:40:52,259 - DEBUG - 第28代完成，当前最优解完工时间: 1954，历史最优解完工时间: 1896
2025-04-08 04:40:52,755 - DEBUG - 
更新概率模型:
2025-04-08 04:40:52,755 - DEBUG - 多样性指标: 0.0445
2025-04-08 04:40:52,755 - DEBUG - 自适应学习率: 0.8435
2025-04-08 04:40:52,756 - DEBUG - 第29代概率模型更新完成
2025-04-08 04:40:52,756 - DEBUG - 第29代完成，当前最优解完工时间: 1943，历史最优解完工时间: 1896
2025-04-08 04:40:53,223 - DEBUG - 
更新概率模型:
2025-04-08 04:40:53,223 - DEBUG - 多样性指标: 0.0409
2025-04-08 04:40:53,223 - DEBUG - 自适应学习率: 0.8378
2025-04-08 04:40:53,223 - DEBUG - 第30代概率模型更新完成
2025-04-08 04:40:53,223 - DEBUG - 第30代完成，当前最优解完工时间: 1962，历史最优解完工时间: 1896
2025-04-08 04:40:53,675 - DEBUG - 
更新概率模型:
2025-04-08 04:40:53,675 - DEBUG - 多样性指标: 0.0429
2025-04-08 04:40:53,675 - DEBUG - 自适应学习率: 0.8367
2025-04-08 04:40:53,676 - DEBUG - 第31代概率模型更新完成
2025-04-08 04:40:53,676 - DEBUG - 第31代完成，当前最优解完工时间: 1971，历史最优解完工时间: 1896
2025-04-08 04:40:54,128 - DEBUG - 
更新概率模型:
2025-04-08 04:40:54,128 - DEBUG - 多样性指标: 0.0394
2025-04-08 04:40:54,128 - DEBUG - 自适应学习率: 0.8268
2025-04-08 04:40:54,128 - DEBUG - 第32代概率模型更新完成
2025-04-08 04:40:54,128 - DEBUG - 第32代完成，当前最优解完工时间: 2004，历史最优解完工时间: 1896
2025-04-08 04:40:54,594 - DEBUG - 
更新概率模型:
2025-04-08 04:40:54,594 - DEBUG - 多样性指标: 0.0472
2025-04-08 04:40:54,594 - DEBUG - 自适应学习率: 0.8370
2025-04-08 04:40:54,594 - DEBUG - 第33代概率模型更新完成
2025-04-08 04:40:54,594 - DEBUG - 第33代完成，当前最优解完工时间: 1991，历史最优解完工时间: 1896
2025-04-08 04:40:55,052 - DEBUG - 
更新概率模型:
2025-04-08 04:40:55,052 - DEBUG - 多样性指标: 0.0409
2025-04-08 04:40:55,052 - DEBUG - 自适应学习率: 0.8341
2025-04-08 04:40:55,052 - DEBUG - 第34代概率模型更新完成
2025-04-08 04:40:55,052 - DEBUG - 第34代完成，当前最优解完工时间: 1978，历史最优解完工时间: 1896
2025-04-08 04:40:55,505 - DEBUG - 
更新概率模型:
2025-04-08 04:40:55,506 - DEBUG - 多样性指标: 0.0385
2025-04-08 04:40:55,506 - DEBUG - 自适应学习率: 0.8439
2025-04-08 04:40:55,506 - DEBUG - 第35代概率模型更新完成
2025-04-08 04:40:55,506 - DEBUG - 第35代完成，当前最优解完工时间: 1944，历史最优解完工时间: 1896
2025-04-08 04:40:55,973 - DEBUG - 
更新概率模型:
2025-04-08 04:40:55,973 - DEBUG - 多样性指标: 0.0415
2025-04-08 04:40:55,973 - DEBUG - 自适应学习率: 0.8325
2025-04-08 04:40:55,973 - DEBUG - 第36代概率模型更新完成
2025-04-08 04:40:55,975 - DEBUG - 第36代完成，当前最优解完工时间: 1996，历史最优解完工时间: 1896
2025-04-08 04:40:56,426 - DEBUG - 
更新概率模型:
2025-04-08 04:40:56,426 - DEBUG - 多样性指标: 0.0426
2025-04-08 04:40:56,426 - DEBUG - 自适应学习率: 0.8340
2025-04-08 04:40:56,426 - DEBUG - 第37代概率模型更新完成
2025-04-08 04:40:56,426 - DEBUG - 第37代完成，当前最优解完工时间: 2007，历史最优解完工时间: 1896
2025-04-08 04:40:56,876 - DEBUG - 
更新概率模型:
2025-04-08 04:40:56,876 - DEBUG - 多样性指标: 0.0439
2025-04-08 04:40:56,876 - DEBUG - 自适应学习率: 0.8384
2025-04-08 04:40:56,876 - DEBUG - 第38代概率模型更新完成
2025-04-08 04:40:56,876 - DEBUG - 第38代完成，当前最优解完工时间: 1972，历史最优解完工时间: 1896
2025-04-08 04:40:57,349 - DEBUG - 
更新概率模型:
2025-04-08 04:40:57,349 - DEBUG - 多样性指标: 0.0367
2025-04-08 04:40:57,349 - DEBUG - 自适应学习率: 0.8387
2025-04-08 04:40:57,349 - DEBUG - 第39代概率模型更新完成
2025-04-08 04:40:57,349 - DEBUG - 第39代完成，当前最优解完工时间: 1967，历史最优解完工时间: 1896
2025-04-08 04:40:57,803 - DEBUG - 
更新概率模型:
2025-04-08 04:40:57,803 - DEBUG - 多样性指标: 0.0413
2025-04-08 04:40:57,803 - DEBUG - 自适应学习率: 0.8436
2025-04-08 04:40:57,803 - DEBUG - 第40代概率模型更新完成
2025-04-08 04:40:57,803 - DEBUG - 第40代完成，当前最优解完工时间: 1940，历史最优解完工时间: 1896
2025-04-08 04:40:58,258 - DEBUG - 
更新概率模型:
2025-04-08 04:40:58,258 - DEBUG - 多样性指标: 0.0426
2025-04-08 04:40:58,258 - DEBUG - 自适应学习率: 0.8332
2025-04-08 04:40:58,258 - DEBUG - 第41代概率模型更新完成
2025-04-08 04:40:58,258 - DEBUG - 第41代完成，当前最优解完工时间: 1976，历史最优解完工时间: 1896
2025-04-08 04:40:58,710 - DEBUG - 
更新概率模型:
2025-04-08 04:40:58,710 - DEBUG - 多样性指标: 0.0390
2025-04-08 04:40:58,710 - DEBUG - 自适应学习率: 0.8358
2025-04-08 04:40:58,710 - DEBUG - 第42代概率模型更新完成
2025-04-08 04:40:58,710 - DEBUG - 第42代完成，当前最优解完工时间: 1953，历史最优解完工时间: 1896
2025-04-08 04:40:59,167 - DEBUG - 
更新概率模型:
2025-04-08 04:40:59,167 - DEBUG - 多样性指标: 0.0407
2025-04-08 04:40:59,167 - DEBUG - 自适应学习率: 0.8426
2025-04-08 04:40:59,167 - DEBUG - 第43代概率模型更新完成
2025-04-08 04:40:59,167 - DEBUG - 第43代完成，当前最优解完工时间: 1958，历史最优解完工时间: 1896
2025-04-08 04:40:59,624 - DEBUG - 
更新概率模型:
2025-04-08 04:40:59,624 - DEBUG - 多样性指标: 0.0439
2025-04-08 04:40:59,624 - DEBUG - 自适应学习率: 0.8400
2025-04-08 04:40:59,624 - DEBUG - 第44代概率模型更新完成
2025-04-08 04:40:59,624 - DEBUG - 第44代完成，当前最优解完工时间: 1956，历史最优解完工时间: 1896
2025-04-08 04:41:00,079 - DEBUG - 
更新概率模型:
2025-04-08 04:41:00,079 - DEBUG - 多样性指标: 0.0391
2025-04-08 04:41:00,079 - DEBUG - 自适应学习率: 0.8342
2025-04-08 04:41:00,079 - DEBUG - 第45代概率模型更新完成
2025-04-08 04:41:00,080 - DEBUG - 第45代完成，当前最优解完工时间: 1978，历史最优解完工时间: 1896
2025-04-08 04:41:00,529 - DEBUG - 
更新概率模型:
2025-04-08 04:41:00,529 - DEBUG - 多样性指标: 0.0450
2025-04-08 04:41:00,529 - DEBUG - 自适应学习率: 0.8391
2025-04-08 04:41:00,530 - DEBUG - 第46代概率模型更新完成
2025-04-08 04:41:00,530 - DEBUG - 第46代完成，当前最优解完工时间: 1973，历史最优解完工时间: 1896
2025-04-08 04:41:00,988 - DEBUG - 
更新概率模型:
2025-04-08 04:41:00,988 - DEBUG - 多样性指标: 0.0408
2025-04-08 04:41:00,988 - DEBUG - 自适应学习率: 0.8370
2025-04-08 04:41:00,988 - DEBUG - 第47代概率模型更新完成
2025-04-08 04:41:00,988 - DEBUG - 第47代完成，当前最优解完工时间: 1991，历史最优解完工时间: 1896
2025-04-08 04:41:01,446 - DEBUG - 
更新概率模型:
2025-04-08 04:41:01,446 - DEBUG - 多样性指标: 0.0397
2025-04-08 04:41:01,446 - DEBUG - 自适应学习率: 0.8355
2025-04-08 04:41:01,446 - DEBUG - 第48代概率模型更新完成
2025-04-08 04:41:01,446 - DEBUG - 第48代完成，当前最优解完工时间: 1986，历史最优解完工时间: 1896
2025-04-08 04:41:01,897 - DEBUG - 
更新概率模型:
2025-04-08 04:41:01,897 - DEBUG - 多样性指标: 0.0386
2025-04-08 04:41:01,897 - DEBUG - 自适应学习率: 0.8289
2025-04-08 04:41:01,897 - DEBUG - 第49代概率模型更新完成
2025-04-08 04:41:01,897 - DEBUG - 第49代完成，当前最优解完工时间: 2007，历史最优解完工时间: 1896
2025-04-08 04:41:02,365 - DEBUG - 
更新概率模型:
2025-04-08 04:41:02,365 - DEBUG - 多样性指标: 0.0426
2025-04-08 04:41:02,365 - DEBUG - 自适应学习率: 0.8455
2025-04-08 04:41:02,365 - DEBUG - 第50代概率模型更新完成
2025-04-08 04:41:02,365 - DEBUG - 第50代完成，当前最优解完工时间: 1939，历史最优解完工时间: 1896
2025-04-08 04:41:02,820 - DEBUG - 
更新概率模型:
2025-04-08 04:41:02,820 - DEBUG - 多样性指标: 0.0399
2025-04-08 04:41:02,820 - DEBUG - 自适应学习率: 0.8403
2025-04-08 04:41:02,820 - DEBUG - 第51代概率模型更新完成
2025-04-08 04:41:02,821 - DEBUG - 第51代完成，当前最优解完工时间: 1945，历史最优解完工时间: 1896
2025-04-08 04:41:03,287 - DEBUG - 
更新概率模型:
2025-04-08 04:41:03,287 - DEBUG - 多样性指标: 0.0400
2025-04-08 04:41:03,287 - DEBUG - 自适应学习率: 0.8442
2025-04-08 04:41:03,287 - DEBUG - 第52代概率模型更新完成
2025-04-08 04:41:03,287 - DEBUG - 第52代完成，当前最优解完工时间: 1943，历史最优解完工时间: 1896
2025-04-08 04:41:03,763 - DEBUG - 
更新概率模型:
2025-04-08 04:41:03,763 - DEBUG - 多样性指标: 0.0408
2025-04-08 04:41:03,763 - DEBUG - 自适应学习率: 0.8352
2025-04-08 04:41:03,763 - DEBUG - 第53代概率模型更新完成
2025-04-08 04:41:03,764 - DEBUG - 第53代完成，当前最优解完工时间: 1990，历史最优解完工时间: 1896
2025-04-08 04:41:04,245 - DEBUG - 
更新概率模型:
2025-04-08 04:41:04,245 - DEBUG - 多样性指标: 0.0385
2025-04-08 04:41:04,245 - DEBUG - 自适应学习率: 0.8386
2025-04-08 04:41:04,245 - DEBUG - 第54代概率模型更新完成
2025-04-08 04:41:04,245 - DEBUG - 第54代完成，当前最优解完工时间: 1964，历史最优解完工时间: 1896
2025-04-08 04:41:04,712 - DEBUG - 
更新概率模型:
2025-04-08 04:41:04,712 - DEBUG - 多样性指标: 0.0383
2025-04-08 04:41:04,712 - DEBUG - 自适应学习率: 0.8428
2025-04-08 04:41:04,712 - DEBUG - 第55代概率模型更新完成
2025-04-08 04:41:04,712 - DEBUG - 第55代完成，当前最优解完工时间: 1936，历史最优解完工时间: 1896
2025-04-08 04:41:05,188 - DEBUG - 
更新概率模型:
2025-04-08 04:41:05,188 - DEBUG - 多样性指标: 0.0407
2025-04-08 04:41:05,188 - DEBUG - 自适应学习率: 0.8348
2025-04-08 04:41:05,189 - DEBUG - 第56代概率模型更新完成
2025-04-08 04:41:05,189 - DEBUG - 第56代完成，当前最优解完工时间: 1983，历史最优解完工时间: 1896
2025-04-08 04:41:05,647 - DEBUG - 
更新概率模型:
2025-04-08 04:41:05,647 - DEBUG - 多样性指标: 0.0430
2025-04-08 04:41:05,647 - DEBUG - 自适应学习率: 0.8363
2025-04-08 04:41:05,647 - DEBUG - 第57代概率模型更新完成
2025-04-08 04:41:05,647 - DEBUG - 第57代完成，当前最优解完工时间: 1975，历史最优解完工时间: 1896
2025-04-08 04:41:06,103 - DEBUG - 
更新概率模型:
2025-04-08 04:41:06,103 - DEBUG - 多样性指标: 0.0406
2025-04-08 04:41:06,103 - DEBUG - 自适应学习率: 0.8421
2025-04-08 04:41:06,103 - DEBUG - 第58代概率模型更新完成
2025-04-08 04:41:06,103 - DEBUG - 第58代完成，当前最优解完工时间: 1942，历史最优解完工时间: 1896
2025-04-08 04:41:06,575 - DEBUG - 
更新概率模型:
2025-04-08 04:41:06,575 - DEBUG - 多样性指标: 0.0472
2025-04-08 04:41:06,575 - DEBUG - 自适应学习率: 0.8432
2025-04-08 04:41:06,575 - DEBUG - 第59代概率模型更新完成
2025-04-08 04:41:06,575 - DEBUG - 第59代完成，当前最优解完工时间: 1940，历史最优解完工时间: 1896
2025-04-08 04:41:07,058 - DEBUG - 
更新概率模型:
2025-04-08 04:41:07,058 - DEBUG - 多样性指标: 0.0454
2025-04-08 04:41:07,058 - DEBUG - 自适应学习率: 0.8340
2025-04-08 04:41:07,058 - DEBUG - 第60代概率模型更新完成
2025-04-08 04:41:07,058 - DEBUG - 第60代完成，当前最优解完工时间: 1986，历史最优解完工时间: 1896
2025-04-08 04:41:07,539 - DEBUG - 
更新概率模型:
2025-04-08 04:41:07,539 - DEBUG - 多样性指标: 0.0442
2025-04-08 04:41:07,539 - DEBUG - 自适应学习率: 0.8366
2025-04-08 04:41:07,539 - DEBUG - 第61代概率模型更新完成
2025-04-08 04:41:07,539 - DEBUG - 第61代完成，当前最优解完工时间: 1983，历史最优解完工时间: 1896
2025-04-08 04:41:08,025 - DEBUG - 
更新概率模型:
2025-04-08 04:41:08,027 - DEBUG - 多样性指标: 0.0455
2025-04-08 04:41:08,027 - DEBUG - 自适应学习率: 0.8348
2025-04-08 04:41:08,027 - DEBUG - 第62代概率模型更新完成
2025-04-08 04:41:08,027 - DEBUG - 第62代完成，当前最优解完工时间: 1981，历史最优解完工时间: 1896
2025-04-08 04:41:08,519 - DEBUG - 
更新概率模型:
2025-04-08 04:41:08,521 - DEBUG - 多样性指标: 0.0486
2025-04-08 04:41:08,521 - DEBUG - 自适应学习率: 0.8422
2025-04-08 04:41:08,521 - DEBUG - 第63代概率模型更新完成
2025-04-08 04:41:08,521 - DEBUG - 第63代完成，当前最优解完工时间: 1953，历史最优解完工时间: 1896
2025-04-08 04:41:08,987 - DEBUG - 
更新概率模型:
2025-04-08 04:41:08,987 - DEBUG - 多样性指标: 0.0457
2025-04-08 04:41:08,987 - DEBUG - 自适应学习率: 0.8432
2025-04-08 04:41:08,987 - DEBUG - 第64代概率模型更新完成
2025-04-08 04:41:08,987 - DEBUG - 第64代完成，当前最优解完工时间: 1952，历史最优解完工时间: 1896
2025-04-08 04:41:09,441 - DEBUG - 
更新概率模型:
2025-04-08 04:41:09,441 - DEBUG - 多样性指标: 0.0374
2025-04-08 04:41:09,441 - DEBUG - 自适应学习率: 0.8386
2025-04-08 04:41:09,441 - DEBUG - 第65代概率模型更新完成
2025-04-08 04:41:09,441 - DEBUG - 第65代完成，当前最优解完工时间: 1961，历史最优解完工时间: 1896
2025-04-08 04:41:09,902 - DEBUG - 
更新概率模型:
2025-04-08 04:41:09,902 - DEBUG - 多样性指标: 0.0386
2025-04-08 04:41:09,902 - DEBUG - 自适应学习率: 0.8387
2025-04-08 04:41:09,902 - DEBUG - 第66代概率模型更新完成
2025-04-08 04:41:09,902 - DEBUG - 第66代完成，当前最优解完工时间: 1966，历史最优解完工时间: 1896
2025-04-08 04:41:10,363 - DEBUG - 
更新概率模型:
2025-04-08 04:41:10,363 - DEBUG - 多样性指标: 0.0435
2025-04-08 04:41:10,363 - DEBUG - 自适应学习率: 0.8433
2025-04-08 04:41:10,363 - DEBUG - 第67代概率模型更新完成
2025-04-08 04:41:10,363 - DEBUG - 第67代完成，当前最优解完工时间: 1967，历史最优解完工时间: 1896
2025-04-08 04:41:10,830 - DEBUG - 
更新概率模型:
2025-04-08 04:41:10,830 - DEBUG - 多样性指标: 0.0458
2025-04-08 04:41:10,830 - DEBUG - 自适应学习率: 0.8403
2025-04-08 04:41:10,830 - DEBUG - 第68代概率模型更新完成
2025-04-08 04:41:10,830 - DEBUG - 第68代完成，当前最优解完工时间: 1965，历史最优解完工时间: 1896
2025-04-08 04:41:11,288 - DEBUG - 
更新概率模型:
2025-04-08 04:41:11,289 - DEBUG - 多样性指标: 0.0423
2025-04-08 04:41:11,289 - DEBUG - 自适应学习率: 0.8425
2025-04-08 04:41:11,289 - DEBUG - 第69代概率模型更新完成
2025-04-08 04:41:11,289 - DEBUG - 第69代完成，当前最优解完工时间: 1953，历史最优解完工时间: 1896
2025-04-08 04:41:11,740 - DEBUG - 
更新概率模型:
2025-04-08 04:41:11,740 - DEBUG - 多样性指标: 0.0428
2025-04-08 04:41:11,740 - DEBUG - 自适应学习率: 0.8422
2025-04-08 04:41:11,740 - DEBUG - 第70代概率模型更新完成
2025-04-08 04:41:11,740 - DEBUG - 第70代完成，当前最优解完工时间: 1960，历史最优解完工时间: 1896
2025-04-08 04:41:12,195 - DEBUG - 
更新概率模型:
2025-04-08 04:41:12,195 - DEBUG - 多样性指标: 0.0468
2025-04-08 04:41:12,195 - DEBUG - 自适应学习率: 0.8470
2025-04-08 04:41:12,195 - DEBUG - 第71代概率模型更新完成
2025-04-08 04:41:12,195 - DEBUG - 第71代完成，当前最优解完工时间: 1930，历史最优解完工时间: 1896
2025-04-08 04:41:12,657 - DEBUG - 
更新概率模型:
2025-04-08 04:41:12,657 - DEBUG - 多样性指标: 0.0398
2025-04-08 04:41:12,657 - DEBUG - 自适应学习率: 0.8307
2025-04-08 04:41:12,657 - DEBUG - 第72代概率模型更新完成
2025-04-08 04:41:12,657 - DEBUG - 第72代完成，当前最优解完工时间: 2012，历史最优解完工时间: 1896
2025-04-08 04:41:13,109 - DEBUG - 
更新概率模型:
2025-04-08 04:41:13,110 - DEBUG - 多样性指标: 0.0396
2025-04-08 04:41:13,110 - DEBUG - 自适应学习率: 0.8341
2025-04-08 04:41:13,110 - DEBUG - 第73代概率模型更新完成
2025-04-08 04:41:13,110 - DEBUG - 第73代完成，当前最优解完工时间: 1980，历史最优解完工时间: 1896
2025-04-08 04:41:13,565 - DEBUG - 
更新概率模型:
2025-04-08 04:41:13,565 - DEBUG - 多样性指标: 0.0450
2025-04-08 04:41:13,565 - DEBUG - 自适应学习率: 0.8366
2025-04-08 04:41:13,565 - DEBUG - 第74代概率模型更新完成
2025-04-08 04:41:13,565 - DEBUG - 第74代完成，当前最优解完工时间: 1997，历史最优解完工时间: 1896
2025-04-08 04:41:14,017 - DEBUG - 
更新概率模型:
2025-04-08 04:41:14,017 - DEBUG - 多样性指标: 0.0389
2025-04-08 04:41:14,017 - DEBUG - 自适应学习率: 0.8425
2025-04-08 04:41:14,017 - DEBUG - 第75代概率模型更新完成
2025-04-08 04:41:14,017 - DEBUG - 第75代完成，当前最优解完工时间: 1942，历史最优解完工时间: 1896
2025-04-08 04:41:14,476 - DEBUG - 
更新概率模型:
2025-04-08 04:41:14,476 - DEBUG - 多样性指标: 0.0377
2025-04-08 04:41:14,476 - DEBUG - 自适应学习率: 0.8342
2025-04-08 04:41:14,476 - DEBUG - 第76代概率模型更新完成
2025-04-08 04:41:14,476 - DEBUG - 第76代完成，当前最优解完工时间: 1988，历史最优解完工时间: 1896
2025-04-08 04:41:14,924 - DEBUG - 
更新概率模型:
2025-04-08 04:41:14,924 - DEBUG - 多样性指标: 0.0407
2025-04-08 04:41:14,924 - DEBUG - 自适应学习率: 0.8344
2025-04-08 04:41:14,924 - DEBUG - 第77代概率模型更新完成
2025-04-08 04:41:14,924 - DEBUG - 第77代完成，当前最优解完工时间: 1992，历史最优解完工时间: 1896
2025-04-08 04:41:15,373 - DEBUG - 
更新概率模型:
2025-04-08 04:41:15,373 - DEBUG - 多样性指标: 0.0477
2025-04-08 04:41:15,373 - DEBUG - 自适应学习率: 0.8426
2025-04-08 04:41:15,373 - DEBUG - 第78代概率模型更新完成
2025-04-08 04:41:15,373 - DEBUG - 第78代完成，当前最优解完工时间: 1942，历史最优解完工时间: 1896
2025-04-08 04:41:15,831 - DEBUG - 
更新概率模型:
2025-04-08 04:41:15,831 - DEBUG - 多样性指标: 0.0440
2025-04-08 04:41:15,831 - DEBUG - 自适应学习率: 0.8412
2025-04-08 04:41:15,831 - DEBUG - 第79代概率模型更新完成
2025-04-08 04:41:15,831 - DEBUG - 第79代完成，当前最优解完工时间: 1963，历史最优解完工时间: 1896
2025-04-08 04:41:16,286 - DEBUG - 
更新概率模型:
2025-04-08 04:41:16,286 - DEBUG - 多样性指标: 0.0444
2025-04-08 04:41:16,286 - DEBUG - 自适应学习率: 0.8449
2025-04-08 04:41:16,286 - DEBUG - 第80代概率模型更新完成
2025-04-08 04:41:16,286 - DEBUG - 第80代完成，当前最优解完工时间: 1932，历史最优解完工时间: 1896
2025-04-08 04:41:16,746 - DEBUG - 
更新概率模型:
2025-04-08 04:41:16,747 - DEBUG - 多样性指标: 0.0416
2025-04-08 04:41:16,747 - DEBUG - 自适应学习率: 0.8362
2025-04-08 04:41:16,747 - DEBUG - 第81代概率模型更新完成
2025-04-08 04:41:16,747 - DEBUG - 第81代完成，当前最优解完工时间: 1978，历史最优解完工时间: 1896
2025-04-08 04:41:17,232 - DEBUG - 
更新概率模型:
2025-04-08 04:41:17,232 - DEBUG - 多样性指标: 0.0404
2025-04-08 04:41:17,232 - DEBUG - 自适应学习率: 0.8397
2025-04-08 04:41:17,232 - DEBUG - 第82代概率模型更新完成
2025-04-08 04:41:17,232 - DEBUG - 第82代完成，当前最优解完工时间: 1944，历史最优解完工时间: 1896
2025-04-08 04:41:17,691 - DEBUG - 
更新概率模型:
2025-04-08 04:41:17,691 - DEBUG - 多样性指标: 0.0459
2025-04-08 04:41:17,691 - DEBUG - 自适应学习率: 0.8453
2025-04-08 04:41:17,691 - DEBUG - 第83代概率模型更新完成
2025-04-08 04:41:17,691 - DEBUG - 第83代完成，当前最优解完工时间: 1943，历史最优解完工时间: 1896
2025-04-08 04:41:18,144 - DEBUG - 
更新概率模型:
2025-04-08 04:41:18,144 - DEBUG - 多样性指标: 0.0420
2025-04-08 04:41:18,144 - DEBUG - 自适应学习率: 0.8334
2025-04-08 04:41:18,144 - DEBUG - 第84代概率模型更新完成
2025-04-08 04:41:18,144 - DEBUG - 第84代完成，当前最优解完工时间: 1989，历史最优解完工时间: 1896
2025-04-08 04:41:18,599 - DEBUG - 
更新概率模型:
2025-04-08 04:41:18,599 - DEBUG - 多样性指标: 0.0374
2025-04-08 04:41:18,599 - DEBUG - 自适应学习率: 0.8367
2025-04-08 04:41:18,599 - DEBUG - 第85代概率模型更新完成
2025-04-08 04:41:18,599 - DEBUG - 第85代完成，当前最优解完工时间: 1970，历史最优解完工时间: 1896
2025-04-08 04:41:19,058 - DEBUG - 
更新概率模型:
2025-04-08 04:41:19,058 - DEBUG - 多样性指标: 0.0445
2025-04-08 04:41:19,058 - DEBUG - 自适应学习率: 0.8332
2025-04-08 04:41:19,058 - DEBUG - 第86代概率模型更新完成
2025-04-08 04:41:19,058 - DEBUG - 第86代完成，当前最优解完工时间: 1993，历史最优解完工时间: 1896
2025-04-08 04:41:19,516 - DEBUG - 
更新概率模型:
2025-04-08 04:41:19,516 - DEBUG - 多样性指标: 0.0439
2025-04-08 04:41:19,516 - DEBUG - 自适应学习率: 0.8349
2025-04-08 04:41:19,516 - DEBUG - 第87代概率模型更新完成
2025-04-08 04:41:19,517 - DEBUG - 第87代完成，当前最优解完工时间: 1990，历史最优解完工时间: 1896
2025-04-08 04:41:19,975 - DEBUG - 
更新概率模型:
2025-04-08 04:41:19,975 - DEBUG - 多样性指标: 0.0437
2025-04-08 04:41:19,975 - DEBUG - 自适应学习率: 0.8544
2025-04-08 04:41:19,975 - DEBUG - 第88代概率模型更新完成
2025-04-08 04:41:19,975 - DEBUG - 第88代完成，当前最优解完工时间: 1908，历史最优解完工时间: 1896
2025-04-08 04:41:20,437 - DEBUG - 
更新概率模型:
2025-04-08 04:41:20,437 - DEBUG - 多样性指标: 0.0430
2025-04-08 04:41:20,437 - DEBUG - 自适应学习率: 0.8382
2025-04-08 04:41:20,437 - DEBUG - 第89代概率模型更新完成
2025-04-08 04:41:20,437 - DEBUG - 第89代完成，当前最优解完工时间: 1966，历史最优解完工时间: 1896
2025-04-08 04:41:20,891 - DEBUG - 
更新概率模型:
2025-04-08 04:41:20,891 - DEBUG - 多样性指标: 0.0401
2025-04-08 04:41:20,891 - DEBUG - 自适应学习率: 0.8412
2025-04-08 04:41:20,891 - DEBUG - 第90代概率模型更新完成
2025-04-08 04:41:20,891 - DEBUG - 第90代完成，当前最优解完工时间: 1950，历史最优解完工时间: 1896
2025-04-08 04:41:21,347 - DEBUG - 
更新概率模型:
2025-04-08 04:41:21,347 - DEBUG - 多样性指标: 0.0389
2025-04-08 04:41:21,347 - DEBUG - 自适应学习率: 0.8382
2025-04-08 04:41:21,347 - DEBUG - 第91代概率模型更新完成
2025-04-08 04:41:21,347 - DEBUG - 第91代完成，当前最优解完工时间: 1976，历史最优解完工时间: 1896
2025-04-08 04:41:21,800 - DEBUG - 
更新概率模型:
2025-04-08 04:41:21,800 - DEBUG - 多样性指标: 0.0376
2025-04-08 04:41:21,800 - DEBUG - 自适应学习率: 0.8318
2025-04-08 04:41:21,800 - DEBUG - 第92代概率模型更新完成
2025-04-08 04:41:21,800 - DEBUG - 第92代完成，当前最优解完工时间: 1987，历史最优解完工时间: 1896
2025-04-08 04:41:22,255 - DEBUG - 
更新概率模型:
2025-04-08 04:41:22,255 - DEBUG - 多样性指标: 0.0439
2025-04-08 04:41:22,255 - DEBUG - 自适应学习率: 0.8424
2025-04-08 04:41:22,255 - DEBUG - 第93代概率模型更新完成
2025-04-08 04:41:22,255 - DEBUG - 第93代完成，当前最优解完工时间: 1948，历史最优解完工时间: 1896
2025-04-08 04:41:22,730 - DEBUG - 
更新概率模型:
2025-04-08 04:41:22,730 - DEBUG - 多样性指标: 0.0498
2025-04-08 04:41:22,730 - DEBUG - 自适应学习率: 0.8369
2025-04-08 04:41:22,730 - DEBUG - 第94代概率模型更新完成
2025-04-08 04:41:22,730 - DEBUG - 第94代完成，当前最优解完工时间: 1982，历史最优解完工时间: 1896
2025-04-08 04:41:23,214 - DEBUG - 
更新概率模型:
2025-04-08 04:41:23,215 - DEBUG - 多样性指标: 0.0474
2025-04-08 04:41:23,215 - DEBUG - 自适应学习率: 0.8387
2025-04-08 04:41:23,215 - DEBUG - 第95代概率模型更新完成
2025-04-08 04:41:23,215 - DEBUG - 第95代完成，当前最优解完工时间: 1961，历史最优解完工时间: 1896
2025-04-08 04:41:23,680 - DEBUG - 
更新概率模型:
2025-04-08 04:41:23,680 - DEBUG - 多样性指标: 0.0415
2025-04-08 04:41:23,680 - DEBUG - 自适应学习率: 0.8475
2025-04-08 04:41:23,680 - DEBUG - 第96代概率模型更新完成
2025-04-08 04:41:23,680 - DEBUG - 第96代完成，当前最优解完工时间: 1909，历史最优解完工时间: 1896
2025-04-08 04:41:24,148 - DEBUG - 
更新概率模型:
2025-04-08 04:41:24,148 - DEBUG - 多样性指标: 0.0466
2025-04-08 04:41:24,148 - DEBUG - 自适应学习率: 0.8403
2025-04-08 04:41:24,148 - DEBUG - 第97代概率模型更新完成
2025-04-08 04:41:24,148 - DEBUG - 第97代完成，当前最优解完工时间: 1959，历史最优解完工时间: 1896
2025-04-08 04:41:24,614 - DEBUG - 
更新概率模型:
2025-04-08 04:41:24,614 - DEBUG - 多样性指标: 0.0452
2025-04-08 04:41:24,614 - DEBUG - 自适应学习率: 0.8354
2025-04-08 04:41:24,614 - DEBUG - 第98代概率模型更新完成
2025-04-08 04:41:24,614 - DEBUG - 第98代完成，当前最优解完工时间: 1979，历史最优解完工时间: 1896
2025-04-08 04:41:25,089 - DEBUG - 
更新概率模型:
2025-04-08 04:41:25,090 - DEBUG - 多样性指标: 0.0432
2025-04-08 04:41:25,090 - DEBUG - 自适应学习率: 0.8354
2025-04-08 04:41:25,090 - DEBUG - 第99代概率模型更新完成
2025-04-08 04:41:25,090 - DEBUG - 第99代完成，当前最优解完工时间: 1985，历史最优解完工时间: 1896
2025-04-08 04:41:25,090 - INFO - Total time: 46.30s
2025-04-08 04:41:25,240 - INFO - ==================================================
2025-04-08 04:41:25,240 - INFO - Best solution found with makespan: 1896.00s at generation 10
2025-04-08 04:41:25,240 - INFO - Total time: 46.30s
2025-04-08 04:41:25,240 - INFO - Results saved to: sl_output
2025-04-08 04:41:25,240 - INFO - Convergence curve saved to: sl_output\sl_convergence.png
2025-04-08 04:41:25,240 - INFO - Detailed log saved to: d:\Amelia\bi_learning_FJSP\logs\sl_log_20250408_044038.log
