2025-04-08 05:12:23,162 - INFO - Initialization probability model completed.
2025-04-08 05:12:23,163 - INFO - In generation 1，New best makespan: 1969.00
2025-04-08 05:12:23,163 - DEBUG - 第0代完成，当前最优解完工时间: 1969，历史最优解完工时间: 1969
2025-04-08 05:12:23,628 - DEBUG - 
更新概率模型:
2025-04-08 05:12:23,628 - DEBUG - 多样性指标: 0.0510
2025-04-08 05:12:23,628 - DEBUG - 自适应学习率: 0.8521
2025-04-08 05:12:23,628 - DEBUG - 第1代概率模型更新完成
2025-04-08 05:12:23,628 - DEBUG - 第1代完成，当前最优解完工时间: 2065，历史最优解完工时间: 1969
2025-04-08 05:12:24,102 - DEBUG - 
更新概率模型:
2025-04-08 05:12:24,104 - DEBUG - 多样性指标: 0.0470
2025-04-08 05:12:24,104 - DEBUG - 自适应学习率: 0.8445
2025-04-08 05:12:24,104 - DEBUG - 第2代概率模型更新完成
2025-04-08 05:12:24,104 - DEBUG - 第2代完成，当前最优解完工时间: 2086，历史最优解完工时间: 1969
2025-04-08 05:12:24,581 - DEBUG - 
更新概率模型:
2025-04-08 05:12:24,581 - DEBUG - 多样性指标: 0.0566
2025-04-08 05:12:24,581 - DEBUG - 自适应学习率: 0.8524
2025-04-08 05:12:24,581 - DEBUG - 第3代概率模型更新完成
2025-04-08 05:12:24,581 - DEBUG - 第3代完成，当前最优解完工时间: 2033，历史最优解完工时间: 1969
2025-04-08 05:12:25,039 - DEBUG - 
更新概率模型:
2025-04-08 05:12:25,039 - DEBUG - 多样性指标: 0.0494
2025-04-08 05:12:25,039 - DEBUG - 自适应学习率: 0.8515
2025-04-08 05:12:25,039 - DEBUG - 第4代概率模型更新完成
2025-04-08 05:12:25,039 - DEBUG - 第4代完成，当前最优解完工时间: 2053，历史最优解完工时间: 1969
2025-04-08 05:12:25,510 - DEBUG - 
更新概率模型:
2025-04-08 05:12:25,510 - DEBUG - 多样性指标: 0.0506
2025-04-08 05:12:25,510 - DEBUG - 自适应学习率: 0.8487
2025-04-08 05:12:25,510 - DEBUG - 第5代概率模型更新完成
2025-04-08 05:12:25,510 - DEBUG - 第5代完成，当前最优解完工时间: 2035，历史最优解完工时间: 1969
2025-04-08 05:12:25,984 - DEBUG - 
更新概率模型:
2025-04-08 05:12:25,985 - DEBUG - 多样性指标: 0.0492
2025-04-08 05:12:25,985 - DEBUG - 自适应学习率: 0.8446
2025-04-08 05:12:25,985 - DEBUG - 第6代概率模型更新完成
2025-04-08 05:12:25,985 - DEBUG - 第6代完成，当前最优解完工时间: 2069，历史最优解完工时间: 1969
2025-04-08 05:12:26,452 - DEBUG - 
更新概率模型:
2025-04-08 05:12:26,452 - DEBUG - 多样性指标: 0.0534
2025-04-08 05:12:26,452 - DEBUG - 自适应学习率: 0.8529
2025-04-08 05:12:26,452 - DEBUG - 第7代概率模型更新完成
2025-04-08 05:12:26,452 - DEBUG - 第7代完成，当前最优解完工时间: 2024，历史最优解完工时间: 1969
2025-04-08 05:12:26,907 - DEBUG - 
更新概率模型:
2025-04-08 05:12:26,907 - DEBUG - 多样性指标: 0.0534
2025-04-08 05:12:26,907 - DEBUG - 自适应学习率: 0.8577
2025-04-08 05:12:26,907 - DEBUG - 第8代概率模型更新完成
2025-04-08 05:12:26,907 - DEBUG - 第8代完成，当前最优解完工时间: 1992，历史最优解完工时间: 1969
2025-04-08 05:12:27,363 - DEBUG - 
更新概率模型:
2025-04-08 05:12:27,363 - DEBUG - 多样性指标: 0.0556
2025-04-08 05:12:27,363 - DEBUG - 自适应学习率: 0.8493
2025-04-08 05:12:27,363 - DEBUG - 第9代概率模型更新完成
2025-04-08 05:12:27,363 - DEBUG - 第9代完成，当前最优解完工时间: 2032，历史最优解完工时间: 1969
2025-04-08 05:12:27,823 - DEBUG - 
更新概率模型:
2025-04-08 05:12:27,823 - DEBUG - 多样性指标: 0.0600
2025-04-08 05:12:27,823 - DEBUG - 自适应学习率: 0.8581
2025-04-08 05:12:27,823 - DEBUG - 第10代概率模型更新完成
2025-04-08 05:12:27,823 - DEBUG - 第10代完成，当前最优解完工时间: 2014，历史最优解完工时间: 1969
2025-04-08 05:12:28,273 - DEBUG - 
更新概率模型:
2025-04-08 05:12:28,273 - DEBUG - 多样性指标: 0.0501
2025-04-08 05:12:28,273 - DEBUG - 自适应学习率: 0.8562
2025-04-08 05:12:28,273 - DEBUG - 第11代概率模型更新完成
2025-04-08 05:12:28,273 - DEBUG - 第11代完成，当前最优解完工时间: 2013，历史最优解完工时间: 1969
2025-04-08 05:12:28,732 - DEBUG - 
更新概率模型:
2025-04-08 05:12:28,732 - DEBUG - 多样性指标: 0.0587
2025-04-08 05:12:28,732 - DEBUG - 自适应学习率: 0.8615
2025-04-08 05:12:28,732 - DEBUG - 第12代概率模型更新完成
2025-04-08 05:12:28,732 - DEBUG - 第12代完成，当前最优解完工时间: 1981，历史最优解完工时间: 1969
2025-04-08 05:12:29,191 - DEBUG - 
更新概率模型:
2025-04-08 05:12:29,191 - DEBUG - 多样性指标: 0.0535
2025-04-08 05:12:29,191 - DEBUG - 自适应学习率: 0.8618
2025-04-08 05:12:29,191 - DEBUG - 第13代概率模型更新完成
2025-04-08 05:12:29,191 - DEBUG - 第13代完成，当前最优解完工时间: 1980，历史最优解完工时间: 1969
2025-04-08 05:12:29,666 - DEBUG - 
更新概率模型:
2025-04-08 05:12:29,666 - DEBUG - 多样性指标: 0.0435
2025-04-08 05:12:29,666 - DEBUG - 自适应学习率: 0.8492
2025-04-08 05:12:29,666 - DEBUG - 第14代概率模型更新完成
2025-04-08 05:12:29,666 - DEBUG - 第14代完成，当前最优解完工时间: 2043，历史最优解完工时间: 1969
2025-04-08 05:12:30,134 - DEBUG - 
更新概率模型:
2025-04-08 05:12:30,134 - DEBUG - 多样性指标: 0.0502
2025-04-08 05:12:30,134 - DEBUG - 自适应学习率: 0.8716
2025-04-08 05:12:30,134 - DEBUG - 第15代概率模型更新完成
2025-04-08 05:12:30,134 - INFO - In generation 16，New best makespan: 1929.00
2025-04-08 05:12:30,135 - DEBUG - 第15代完成，当前最优解完工时间: 1929，历史最优解完工时间: 1929
2025-04-08 05:12:30,608 - DEBUG - 
更新概率模型:
2025-04-08 05:12:30,608 - DEBUG - 多样性指标: 0.0534
2025-04-08 05:12:30,608 - DEBUG - 自适应学习率: 0.8536
2025-04-08 05:12:30,608 - DEBUG - 第16代概率模型更新完成
2025-04-08 05:12:30,608 - DEBUG - 第16代完成，当前最优解完工时间: 2026，历史最优解完工时间: 1929
2025-04-08 05:12:31,082 - DEBUG - 
更新概率模型:
2025-04-08 05:12:31,082 - DEBUG - 多样性指标: 0.0562
2025-04-08 05:12:31,082 - DEBUG - 自适应学习率: 0.8596
2025-04-08 05:12:31,082 - DEBUG - 第17代概率模型更新完成
2025-04-08 05:12:31,082 - DEBUG - 第17代完成，当前最优解完工时间: 1978，历史最优解完工时间: 1929
2025-04-08 05:12:31,551 - DEBUG - 
更新概率模型:
2025-04-08 05:12:31,551 - DEBUG - 多样性指标: 0.0576
2025-04-08 05:12:31,551 - DEBUG - 自适应学习率: 0.8587
2025-04-08 05:12:31,551 - DEBUG - 第18代概率模型更新完成
2025-04-08 05:12:31,551 - DEBUG - 第18代完成，当前最优解完工时间: 1981，历史最优解完工时间: 1929
2025-04-08 05:12:32,013 - DEBUG - 
更新概率模型:
2025-04-08 05:12:32,013 - DEBUG - 多样性指标: 0.0513
2025-04-08 05:12:32,013 - DEBUG - 自适应学习率: 0.8487
2025-04-08 05:12:32,013 - DEBUG - 第19代概率模型更新完成
2025-04-08 05:12:32,014 - DEBUG - 第19代完成，当前最优解完工时间: 2045，历史最优解完工时间: 1929
2025-04-08 05:12:32,478 - DEBUG - 
更新概率模型:
2025-04-08 05:12:32,478 - DEBUG - 多样性指标: 0.0536
2025-04-08 05:12:32,478 - DEBUG - 自适应学习率: 0.8470
2025-04-08 05:12:32,478 - DEBUG - 第20代概率模型更新完成
2025-04-08 05:12:32,478 - DEBUG - 第20代完成，当前最优解完工时间: 2039，历史最优解完工时间: 1929
2025-04-08 05:12:32,985 - DEBUG - 
更新概率模型:
2025-04-08 05:12:32,985 - DEBUG - 多样性指标: 0.0568
2025-04-08 05:12:32,985 - DEBUG - 自适应学习率: 0.8519
2025-04-08 05:12:32,985 - DEBUG - 第21代概率模型更新完成
2025-04-08 05:12:32,985 - DEBUG - 第21代完成，当前最优解完工时间: 2031，历史最优解完工时间: 1929
2025-04-08 05:12:33,477 - DEBUG - 
更新概率模型:
2025-04-08 05:12:33,477 - DEBUG - 多样性指标: 0.0517
2025-04-08 05:12:33,477 - DEBUG - 自适应学习率: 0.8593
2025-04-08 05:12:33,477 - DEBUG - 第22代概率模型更新完成
2025-04-08 05:12:33,477 - DEBUG - 第22代完成，当前最优解完工时间: 2003，历史最优解完工时间: 1929
2025-04-08 05:12:33,961 - DEBUG - 
更新概率模型:
2025-04-08 05:12:33,961 - DEBUG - 多样性指标: 0.0575
2025-04-08 05:12:33,961 - DEBUG - 自适应学习率: 0.8552
2025-04-08 05:12:33,961 - DEBUG - 第23代概率模型更新完成
2025-04-08 05:12:33,961 - DEBUG - 第23代完成，当前最优解完工时间: 2013，历史最优解完工时间: 1929
2025-04-08 05:12:34,464 - DEBUG - 
更新概率模型:
2025-04-08 05:12:34,464 - DEBUG - 多样性指标: 0.0585
2025-04-08 05:12:34,464 - DEBUG - 自适应学习率: 0.8655
2025-04-08 05:12:34,464 - DEBUG - 第24代概率模型更新完成
2025-04-08 05:12:34,464 - DEBUG - 第24代完成，当前最优解完工时间: 1959，历史最优解完工时间: 1929
2025-04-08 05:12:34,947 - DEBUG - 
更新概率模型:
2025-04-08 05:12:34,947 - DEBUG - 多样性指标: 0.0550
2025-04-08 05:12:34,947 - DEBUG - 自适应学习率: 0.8512
2025-04-08 05:12:34,947 - DEBUG - 第25代概率模型更新完成
2025-04-08 05:12:34,947 - DEBUG - 第25代完成，当前最优解完工时间: 2039，历史最优解完工时间: 1929
2025-04-08 05:12:35,436 - DEBUG - 
更新概率模型:
2025-04-08 05:12:35,436 - DEBUG - 多样性指标: 0.0559
2025-04-08 05:12:35,436 - DEBUG - 自适应学习率: 0.8633
2025-04-08 05:12:35,436 - DEBUG - 第26代概率模型更新完成
2025-04-08 05:12:35,436 - DEBUG - 第26代完成，当前最优解完工时间: 1981，历史最优解完工时间: 1929
2025-04-08 05:12:35,946 - DEBUG - 
更新概率模型:
2025-04-08 05:12:35,946 - DEBUG - 多样性指标: 0.0550
2025-04-08 05:12:35,946 - DEBUG - 自适应学习率: 0.8602
2025-04-08 05:12:35,946 - DEBUG - 第27代概率模型更新完成
2025-04-08 05:12:35,946 - DEBUG - 第27代完成，当前最优解完工时间: 1987，历史最优解完工时间: 1929
2025-04-08 05:12:36,434 - DEBUG - 
更新概率模型:
2025-04-08 05:12:36,434 - DEBUG - 多样性指标: 0.0544
2025-04-08 05:12:36,434 - DEBUG - 自适应学习率: 0.8586
2025-04-08 05:12:36,434 - DEBUG - 第28代概率模型更新完成
2025-04-08 05:12:36,434 - DEBUG - 第28代完成，当前最优解完工时间: 1998，历史最优解完工时间: 1929
2025-04-08 05:12:36,918 - DEBUG - 
更新概率模型:
2025-04-08 05:12:36,918 - DEBUG - 多样性指标: 0.0519
2025-04-08 05:12:36,918 - DEBUG - 自适应学习率: 0.8471
2025-04-08 05:12:36,918 - DEBUG - 第29代概率模型更新完成
2025-04-08 05:12:36,918 - DEBUG - 第29代完成，当前最优解完工时间: 2070，历史最优解完工时间: 1929
2025-04-08 05:12:37,370 - DEBUG - 
更新概率模型:
2025-04-08 05:12:37,370 - DEBUG - 多样性指标: 0.0611
2025-04-08 05:12:37,370 - DEBUG - 自适应学习率: 0.8637
2025-04-08 05:12:37,370 - DEBUG - 第30代概率模型更新完成
2025-04-08 05:12:37,370 - DEBUG - 第30代完成，当前最优解完工时间: 1986，历史最优解完工时间: 1929
2025-04-08 05:12:37,825 - DEBUG - 
更新概率模型:
2025-04-08 05:12:37,825 - DEBUG - 多样性指标: 0.0581
2025-04-08 05:12:37,825 - DEBUG - 自适应学习率: 0.8587
2025-04-08 05:12:37,825 - DEBUG - 第31代概率模型更新完成
2025-04-08 05:12:37,825 - DEBUG - 第31代完成，当前最优解完工时间: 2019，历史最优解完工时间: 1929
2025-04-08 05:12:38,275 - DEBUG - 
更新概率模型:
2025-04-08 05:12:38,275 - DEBUG - 多样性指标: 0.0570
2025-04-08 05:12:38,275 - DEBUG - 自适应学习率: 0.8695
2025-04-08 05:12:38,275 - DEBUG - 第32代概率模型更新完成
2025-04-08 05:12:38,275 - DEBUG - 第32代完成，当前最优解完工时间: 1933，历史最优解完工时间: 1929
2025-04-08 05:12:38,746 - DEBUG - 
更新概率模型:
2025-04-08 05:12:38,746 - DEBUG - 多样性指标: 0.0462
2025-04-08 05:12:38,746 - DEBUG - 自适应学习率: 0.8544
2025-04-08 05:12:38,746 - DEBUG - 第33代概率模型更新完成
2025-04-08 05:12:38,746 - DEBUG - 第33代完成，当前最优解完工时间: 2040，历史最优解完工时间: 1929
2025-04-08 05:12:39,205 - DEBUG - 
更新概率模型:
2025-04-08 05:12:39,206 - DEBUG - 多样性指标: 0.0509
2025-04-08 05:12:39,206 - DEBUG - 自适应学习率: 0.8530
2025-04-08 05:12:39,206 - DEBUG - 第34代概率模型更新完成
2025-04-08 05:12:39,206 - DEBUG - 第34代完成，当前最优解完工时间: 2024，历史最优解完工时间: 1929
2025-04-08 05:12:39,656 - DEBUG - 
更新概率模型:
2025-04-08 05:12:39,656 - DEBUG - 多样性指标: 0.0551
2025-04-08 05:12:39,656 - DEBUG - 自适应学习率: 0.8561
2025-04-08 05:12:39,656 - DEBUG - 第35代概率模型更新完成
2025-04-08 05:12:39,656 - DEBUG - 第35代完成，当前最优解完工时间: 2004，历史最优解完工时间: 1929
2025-04-08 05:12:40,112 - DEBUG - 
更新概率模型:
2025-04-08 05:12:40,112 - DEBUG - 多样性指标: 0.0524
2025-04-08 05:12:40,112 - DEBUG - 自适应学习率: 0.8510
2025-04-08 05:12:40,112 - DEBUG - 第36代概率模型更新完成
2025-04-08 05:12:40,112 - DEBUG - 第36代完成，当前最优解完工时间: 2050，历史最优解完工时间: 1929
2025-04-08 05:12:40,564 - DEBUG - 
更新概率模型:
2025-04-08 05:12:40,564 - DEBUG - 多样性指标: 0.0582
2025-04-08 05:12:40,564 - DEBUG - 自适应学习率: 0.8536
2025-04-08 05:12:40,564 - DEBUG - 第37代概率模型更新完成
2025-04-08 05:12:40,564 - DEBUG - 第37代完成，当前最优解完工时间: 2053，历史最优解完工时间: 1929
2025-04-08 05:12:41,019 - DEBUG - 
更新概率模型:
2025-04-08 05:12:41,019 - DEBUG - 多样性指标: 0.0477
2025-04-08 05:12:41,019 - DEBUG - 自适应学习率: 0.8465
2025-04-08 05:12:41,019 - DEBUG - 第38代概率模型更新完成
2025-04-08 05:12:41,019 - DEBUG - 第38代完成，当前最优解完工时间: 2054，历史最优解完工时间: 1929
2025-04-08 05:12:41,470 - DEBUG - 
更新概率模型:
2025-04-08 05:12:41,470 - DEBUG - 多样性指标: 0.0538
2025-04-08 05:12:41,470 - DEBUG - 自适应学习率: 0.8580
2025-04-08 05:12:41,470 - DEBUG - 第39代概率模型更新完成
2025-04-08 05:12:41,470 - DEBUG - 第39代完成，当前最优解完工时间: 2008，历史最优解完工时间: 1929
2025-04-08 05:12:41,921 - DEBUG - 
更新概率模型:
2025-04-08 05:12:41,921 - DEBUG - 多样性指标: 0.0512
2025-04-08 05:12:41,921 - DEBUG - 自适应学习率: 0.8490
2025-04-08 05:12:41,921 - DEBUG - 第40代概率模型更新完成
2025-04-08 05:12:41,921 - DEBUG - 第40代完成，当前最优解完工时间: 2057，历史最优解完工时间: 1929
2025-04-08 05:12:42,369 - DEBUG - 
更新概率模型:
2025-04-08 05:12:42,370 - DEBUG - 多样性指标: 0.0486
2025-04-08 05:12:42,370 - DEBUG - 自适应学习率: 0.8560
2025-04-08 05:12:42,370 - DEBUG - 第41代概率模型更新完成
2025-04-08 05:12:42,370 - DEBUG - 第41代完成，当前最优解完工时间: 2015，历史最优解完工时间: 1929
2025-04-08 05:12:42,838 - DEBUG - 
更新概率模型:
2025-04-08 05:12:42,838 - DEBUG - 多样性指标: 0.0611
2025-04-08 05:12:42,838 - DEBUG - 自适应学习率: 0.8506
2025-04-08 05:12:42,838 - DEBUG - 第42代概率模型更新完成
2025-04-08 05:12:42,838 - DEBUG - 第42代完成，当前最优解完工时间: 2045，历史最优解完工时间: 1929
2025-04-08 05:12:43,298 - DEBUG - 
更新概率模型:
2025-04-08 05:12:43,298 - DEBUG - 多样性指标: 0.0545
2025-04-08 05:12:43,298 - DEBUG - 自适应学习率: 0.8515
2025-04-08 05:12:43,298 - DEBUG - 第43代概率模型更新完成
2025-04-08 05:12:43,298 - DEBUG - 第43代完成，当前最优解完工时间: 2040，历史最优解完工时间: 1929
2025-04-08 05:12:43,762 - DEBUG - 
更新概率模型:
2025-04-08 05:12:43,762 - DEBUG - 多样性指标: 0.0536
2025-04-08 05:12:43,762 - DEBUG - 自适应学习率: 0.8657
2025-04-08 05:12:43,762 - DEBUG - 第44代概率模型更新完成
2025-04-08 05:12:43,762 - DEBUG - 第44代完成，当前最优解完工时间: 1959，历史最优解完工时间: 1929
2025-04-08 05:12:44,222 - DEBUG - 
更新概率模型:
2025-04-08 05:12:44,222 - DEBUG - 多样性指标: 0.0489
2025-04-08 05:12:44,222 - DEBUG - 自适应学习率: 0.8430
2025-04-08 05:12:44,222 - DEBUG - 第45代概率模型更新完成
2025-04-08 05:12:44,222 - DEBUG - 第45代完成，当前最优解完工时间: 2053，历史最优解完工时间: 1929
2025-04-08 05:12:44,682 - DEBUG - 
更新概率模型:
2025-04-08 05:12:44,682 - DEBUG - 多样性指标: 0.0565
2025-04-08 05:12:44,682 - DEBUG - 自适应学习率: 0.8624
2025-04-08 05:12:44,682 - DEBUG - 第46代概率模型更新完成
2025-04-08 05:12:44,682 - DEBUG - 第46代完成，当前最优解完工时间: 1970，历史最优解完工时间: 1929
2025-04-08 05:12:45,141 - DEBUG - 
更新概率模型:
2025-04-08 05:12:45,141 - DEBUG - 多样性指标: 0.0505
2025-04-08 05:12:45,141 - DEBUG - 自适应学习率: 0.8459
2025-04-08 05:12:45,141 - DEBUG - 第47代概率模型更新完成
2025-04-08 05:12:45,141 - DEBUG - 第47代完成，当前最优解完工时间: 2066，历史最优解完工时间: 1929
2025-04-08 05:12:45,603 - DEBUG - 
更新概率模型:
2025-04-08 05:12:45,603 - DEBUG - 多样性指标: 0.0535
2025-04-08 05:12:45,603 - DEBUG - 自适应学习率: 0.8547
2025-04-08 05:12:45,603 - DEBUG - 第48代概率模型更新完成
2025-04-08 05:12:45,603 - DEBUG - 第48代完成，当前最优解完工时间: 1995，历史最优解完工时间: 1929
2025-04-08 05:12:46,062 - DEBUG - 
更新概率模型:
2025-04-08 05:12:46,062 - DEBUG - 多样性指标: 0.0511
2025-04-08 05:12:46,062 - DEBUG - 自适应学习率: 0.8413
2025-04-08 05:12:46,062 - DEBUG - 第49代概率模型更新完成
2025-04-08 05:12:46,062 - DEBUG - 第49代完成，当前最优解完工时间: 2083，历史最优解完工时间: 1929
2025-04-08 05:12:46,522 - DEBUG - 
更新概率模型:
2025-04-08 05:12:46,522 - DEBUG - 多样性指标: 0.0522
2025-04-08 05:12:46,522 - DEBUG - 自适应学习率: 0.8623
2025-04-08 05:12:46,522 - DEBUG - 第50代概率模型更新完成
2025-04-08 05:12:46,522 - DEBUG - 第50代完成，当前最优解完工时间: 1976，历史最优解完工时间: 1929
2025-04-08 05:12:46,974 - DEBUG - 
更新概率模型:
2025-04-08 05:12:46,974 - DEBUG - 多样性指标: 0.0533
2025-04-08 05:12:46,974 - DEBUG - 自适应学习率: 0.8645
2025-04-08 05:12:46,974 - DEBUG - 第51代概率模型更新完成
2025-04-08 05:12:46,974 - DEBUG - 第51代完成，当前最优解完工时间: 1958，历史最优解完工时间: 1929
2025-04-08 05:12:47,437 - DEBUG - 
更新概率模型:
2025-04-08 05:12:47,437 - DEBUG - 多样性指标: 0.0548
2025-04-08 05:12:47,437 - DEBUG - 自适应学习率: 0.8578
2025-04-08 05:12:47,437 - DEBUG - 第52代概率模型更新完成
2025-04-08 05:12:47,437 - DEBUG - 第52代完成，当前最优解完工时间: 2008，历史最优解完工时间: 1929
2025-04-08 05:12:47,900 - DEBUG - 
更新概率模型:
2025-04-08 05:12:47,900 - DEBUG - 多样性指标: 0.0602
2025-04-08 05:12:47,900 - DEBUG - 自适应学习率: 0.8590
2025-04-08 05:12:47,900 - DEBUG - 第53代概率模型更新完成
2025-04-08 05:12:47,900 - DEBUG - 第53代完成，当前最优解完工时间: 2013，历史最优解完工时间: 1929
2025-04-08 05:12:48,354 - DEBUG - 
更新概率模型:
2025-04-08 05:12:48,354 - DEBUG - 多样性指标: 0.0433
2025-04-08 05:12:48,354 - DEBUG - 自适应学习率: 0.8543
2025-04-08 05:12:48,354 - DEBUG - 第54代概率模型更新完成
2025-04-08 05:12:48,355 - DEBUG - 第54代完成，当前最优解完工时间: 2008，历史最优解完工时间: 1929
2025-04-08 05:12:48,813 - DEBUG - 
更新概率模型:
2025-04-08 05:12:48,813 - DEBUG - 多样性指标: 0.0531
2025-04-08 05:12:48,813 - DEBUG - 自适应学习率: 0.8505
2025-04-08 05:12:48,813 - DEBUG - 第55代概率模型更新完成
2025-04-08 05:12:48,813 - DEBUG - 第55代完成，当前最优解完工时间: 2038，历史最优解完工时间: 1929
2025-04-08 05:12:49,266 - DEBUG - 
更新概率模型:
2025-04-08 05:12:49,266 - DEBUG - 多样性指标: 0.0473
2025-04-08 05:12:49,266 - DEBUG - 自适应学习率: 0.8583
2025-04-08 05:12:49,266 - DEBUG - 第56代概率模型更新完成
2025-04-08 05:12:49,266 - DEBUG - 第56代完成，当前最优解完工时间: 1974，历史最优解完工时间: 1929
2025-04-08 05:12:49,721 - DEBUG - 
更新概率模型:
2025-04-08 05:12:49,721 - DEBUG - 多样性指标: 0.0522
2025-04-08 05:12:49,721 - DEBUG - 自适应学习率: 0.8559
2025-04-08 05:12:49,721 - DEBUG - 第57代概率模型更新完成
2025-04-08 05:12:49,721 - DEBUG - 第57代完成，当前最优解完工时间: 2010，历史最优解完工时间: 1929
2025-04-08 05:12:50,171 - DEBUG - 
更新概率模型:
2025-04-08 05:12:50,171 - DEBUG - 多样性指标: 0.0523
2025-04-08 05:12:50,171 - DEBUG - 自适应学习率: 0.8443
2025-04-08 05:12:50,171 - DEBUG - 第58代概率模型更新完成
2025-04-08 05:12:50,171 - DEBUG - 第58代完成，当前最优解完工时间: 2074，历史最优解完工时间: 1929
2025-04-08 05:12:50,623 - DEBUG - 
更新概率模型:
2025-04-08 05:12:50,623 - DEBUG - 多样性指标: 0.0477
2025-04-08 05:12:50,623 - DEBUG - 自适应学习率: 0.8559
2025-04-08 05:12:50,623 - DEBUG - 第59代概率模型更新完成
2025-04-08 05:12:50,623 - DEBUG - 第59代完成，当前最优解完工时间: 2019，历史最优解完工时间: 1929
2025-04-08 05:12:51,079 - DEBUG - 
更新概率模型:
2025-04-08 05:12:51,079 - DEBUG - 多样性指标: 0.0535
2025-04-08 05:12:51,079 - DEBUG - 自适应学习率: 0.8437
2025-04-08 05:12:51,079 - DEBUG - 第60代概率模型更新完成
2025-04-08 05:12:51,079 - DEBUG - 第60代完成，当前最优解完工时间: 2063，历史最优解完工时间: 1929
2025-04-08 05:12:51,529 - DEBUG - 
更新概率模型:
2025-04-08 05:12:51,529 - DEBUG - 多样性指标: 0.0507
2025-04-08 05:12:51,529 - DEBUG - 自适应学习率: 0.8437
2025-04-08 05:12:51,529 - DEBUG - 第61代概率模型更新完成
2025-04-08 05:12:51,529 - DEBUG - 第61代完成，当前最优解完工时间: 2075，历史最优解完工时间: 1929
2025-04-08 05:12:51,984 - DEBUG - 
更新概率模型:
2025-04-08 05:12:51,984 - DEBUG - 多样性指标: 0.0550
2025-04-08 05:12:51,984 - DEBUG - 自适应学习率: 0.8510
2025-04-08 05:12:51,984 - DEBUG - 第62代概率模型更新完成
2025-04-08 05:12:51,984 - DEBUG - 第62代完成，当前最优解完工时间: 2040，历史最优解完工时间: 1929
2025-04-08 05:12:52,437 - DEBUG - 
更新概率模型:
2025-04-08 05:12:52,437 - DEBUG - 多样性指标: 0.0583
2025-04-08 05:12:52,437 - DEBUG - 自适应学习率: 0.8667
2025-04-08 05:12:52,437 - DEBUG - 第63代概率模型更新完成
2025-04-08 05:12:52,437 - DEBUG - 第63代完成，当前最优解完工时间: 1959，历史最优解完工时间: 1929
2025-04-08 05:12:52,893 - DEBUG - 
更新概率模型:
2025-04-08 05:12:52,893 - DEBUG - 多样性指标: 0.0556
2025-04-08 05:12:52,893 - DEBUG - 自适应学习率: 0.8572
2025-04-08 05:12:52,893 - DEBUG - 第64代概率模型更新完成
2025-04-08 05:12:52,893 - DEBUG - 第64代完成，当前最优解完工时间: 1998，历史最优解完工时间: 1929
2025-04-08 05:12:53,344 - DEBUG - 
更新概率模型:
2025-04-08 05:12:53,344 - DEBUG - 多样性指标: 0.0626
2025-04-08 05:12:53,344 - DEBUG - 自适应学习率: 0.8566
2025-04-08 05:12:53,344 - DEBUG - 第65代概率模型更新完成
2025-04-08 05:12:53,344 - DEBUG - 第65代完成，当前最优解完工时间: 2020，历史最优解完工时间: 1929
2025-04-08 05:12:53,795 - DEBUG - 
更新概率模型:
2025-04-08 05:12:53,795 - DEBUG - 多样性指标: 0.0504
2025-04-08 05:12:53,795 - DEBUG - 自适应学习率: 0.8442
2025-04-08 05:12:53,795 - DEBUG - 第66代概率模型更新完成
2025-04-08 05:12:53,795 - DEBUG - 第66代完成，当前最优解完工时间: 2073，历史最优解完工时间: 1929
2025-04-08 05:12:54,247 - DEBUG - 
更新概率模型:
2025-04-08 05:12:54,247 - DEBUG - 多样性指标: 0.0465
2025-04-08 05:12:54,247 - DEBUG - 自适应学习率: 0.8492
2025-04-08 05:12:54,247 - DEBUG - 第67代概率模型更新完成
2025-04-08 05:12:54,247 - DEBUG - 第67代完成，当前最优解完工时间: 2046，历史最优解完工时间: 1929
2025-04-08 05:12:54,698 - DEBUG - 
更新概率模型:
2025-04-08 05:12:54,698 - DEBUG - 多样性指标: 0.0516
2025-04-08 05:12:54,698 - DEBUG - 自适应学习率: 0.8464
2025-04-08 05:12:54,698 - DEBUG - 第68代概率模型更新完成
2025-04-08 05:12:54,698 - DEBUG - 第68代完成，当前最优解完工时间: 2055，历史最优解完工时间: 1929
2025-04-08 05:12:55,145 - DEBUG - 
更新概率模型:
2025-04-08 05:12:55,146 - DEBUG - 多样性指标: 0.0523
2025-04-08 05:12:55,146 - DEBUG - 自适应学习率: 0.8577
2025-04-08 05:12:55,146 - DEBUG - 第69代概率模型更新完成
2025-04-08 05:12:55,146 - DEBUG - 第69代完成，当前最优解完工时间: 1996，历史最优解完工时间: 1929
2025-04-08 05:12:55,593 - DEBUG - 
更新概率模型:
2025-04-08 05:12:55,594 - DEBUG - 多样性指标: 0.0498
2025-04-08 05:12:55,594 - DEBUG - 自适应学习率: 0.8430
2025-04-08 05:12:55,594 - DEBUG - 第70代概率模型更新完成
2025-04-08 05:12:55,594 - DEBUG - 第70代完成，当前最优解完工时间: 2084，历史最优解完工时间: 1929
2025-04-08 05:12:56,049 - DEBUG - 
更新概率模型:
2025-04-08 05:12:56,049 - DEBUG - 多样性指标: 0.0525
2025-04-08 05:12:56,049 - DEBUG - 自适应学习率: 0.8511
2025-04-08 05:12:56,049 - DEBUG - 第71代概率模型更新完成
2025-04-08 05:12:56,049 - DEBUG - 第71代完成，当前最优解完工时间: 2035，历史最优解完工时间: 1929
2025-04-08 05:12:56,503 - DEBUG - 
更新概率模型:
2025-04-08 05:12:56,504 - DEBUG - 多样性指标: 0.0573
2025-04-08 05:12:56,504 - DEBUG - 自适应学习率: 0.8565
2025-04-08 05:12:56,504 - DEBUG - 第72代概率模型更新完成
2025-04-08 05:12:56,504 - DEBUG - 第72代完成，当前最优解完工时间: 1993，历史最优解完工时间: 1929
2025-04-08 05:12:56,961 - DEBUG - 
更新概率模型:
2025-04-08 05:12:56,961 - DEBUG - 多样性指标: 0.0548
2025-04-08 05:12:56,961 - DEBUG - 自适应学习率: 0.8426
2025-04-08 05:12:56,961 - DEBUG - 第73代概率模型更新完成
2025-04-08 05:12:56,961 - DEBUG - 第73代完成，当前最优解完工时间: 2079，历史最优解完工时间: 1929
2025-04-08 05:12:57,415 - DEBUG - 
更新概率模型:
2025-04-08 05:12:57,415 - DEBUG - 多样性指标: 0.0539
2025-04-08 05:12:57,415 - DEBUG - 自适应学习率: 0.8464
2025-04-08 05:12:57,415 - DEBUG - 第74代概率模型更新完成
2025-04-08 05:12:57,415 - DEBUG - 第74代完成，当前最优解完工时间: 2062，历史最优解完工时间: 1929
2025-04-08 05:12:57,866 - DEBUG - 
更新概率模型:
2025-04-08 05:12:57,866 - DEBUG - 多样性指标: 0.0550
2025-04-08 05:12:57,866 - DEBUG - 自适应学习率: 0.8561
2025-04-08 05:12:57,866 - DEBUG - 第75代概率模型更新完成
2025-04-08 05:12:57,866 - DEBUG - 第75代完成，当前最优解完工时间: 2003，历史最优解完工时间: 1929
2025-04-08 05:12:58,321 - DEBUG - 
更新概率模型:
2025-04-08 05:12:58,321 - DEBUG - 多样性指标: 0.0508
2025-04-08 05:12:58,321 - DEBUG - 自适应学习率: 0.8526
2025-04-08 05:12:58,321 - DEBUG - 第76代概率模型更新完成
2025-04-08 05:12:58,321 - DEBUG - 第76代完成，当前最优解完工时间: 2031，历史最优解完工时间: 1929
2025-04-08 05:12:58,773 - DEBUG - 
更新概率模型:
2025-04-08 05:12:58,773 - DEBUG - 多样性指标: 0.0519
2025-04-08 05:12:58,773 - DEBUG - 自适应学习率: 0.8510
2025-04-08 05:12:58,773 - DEBUG - 第77代概率模型更新完成
2025-04-08 05:12:58,773 - DEBUG - 第77代完成，当前最优解完工时间: 2026，历史最优解完工时间: 1929
2025-04-08 05:12:59,238 - DEBUG - 
更新概率模型:
2025-04-08 05:12:59,238 - DEBUG - 多样性指标: 0.0459
2025-04-08 05:12:59,238 - DEBUG - 自适应学习率: 0.8433
2025-04-08 05:12:59,238 - DEBUG - 第78代概率模型更新完成
2025-04-08 05:12:59,238 - DEBUG - 第78代完成，当前最优解完工时间: 2084，历史最优解完工时间: 1929
2025-04-08 05:12:59,684 - DEBUG - 
更新概率模型:
2025-04-08 05:12:59,684 - DEBUG - 多样性指标: 0.0547
2025-04-08 05:12:59,684 - DEBUG - 自适应学习率: 0.8480
2025-04-08 05:12:59,684 - DEBUG - 第79代概率模型更新完成
2025-04-08 05:12:59,684 - DEBUG - 第79代完成，当前最优解完工时间: 2054，历史最优解完工时间: 1929
2025-04-08 05:13:00,155 - DEBUG - 
更新概率模型:
2025-04-08 05:13:00,155 - DEBUG - 多样性指标: 0.0473
2025-04-08 05:13:00,155 - DEBUG - 自适应学习率: 0.8516
2025-04-08 05:13:00,155 - DEBUG - 第80代概率模型更新完成
2025-04-08 05:13:00,155 - DEBUG - 第80代完成，当前最优解完工时间: 2014，历史最优解完工时间: 1929
2025-04-08 05:13:00,637 - DEBUG - 
更新概率模型:
2025-04-08 05:13:00,637 - DEBUG - 多样性指标: 0.0566
2025-04-08 05:13:00,638 - DEBUG - 自适应学习率: 0.8460
2025-04-08 05:13:00,638 - DEBUG - 第81代概率模型更新完成
2025-04-08 05:13:00,638 - DEBUG - 第81代完成，当前最优解完工时间: 2080，历史最优解完工时间: 1929
2025-04-08 05:13:01,118 - DEBUG - 
更新概率模型:
2025-04-08 05:13:01,118 - DEBUG - 多样性指标: 0.0584
2025-04-08 05:13:01,118 - DEBUG - 自适应学习率: 0.8598
2025-04-08 05:13:01,118 - DEBUG - 第82代概率模型更新完成
2025-04-08 05:13:01,118 - DEBUG - 第82代完成，当前最优解完工时间: 2009，历史最优解完工时间: 1929
2025-04-08 05:13:01,617 - DEBUG - 
更新概率模型:
2025-04-08 05:13:01,617 - DEBUG - 多样性指标: 0.0594
2025-04-08 05:13:01,617 - DEBUG - 自适应学习率: 0.8466
2025-04-08 05:13:01,617 - DEBUG - 第83代概率模型更新完成
2025-04-08 05:13:01,617 - DEBUG - 第83代完成，当前最优解完工时间: 2066，历史最优解完工时间: 1929
2025-04-08 05:13:02,094 - DEBUG - 
更新概率模型:
2025-04-08 05:13:02,094 - DEBUG - 多样性指标: 0.0522
2025-04-08 05:13:02,094 - DEBUG - 自适应学习率: 0.8624
2025-04-08 05:13:02,094 - DEBUG - 第84代概率模型更新完成
2025-04-08 05:13:02,094 - DEBUG - 第84代完成，当前最优解完工时间: 1988，历史最优解完工时间: 1929
2025-04-08 05:13:02,553 - DEBUG - 
更新概率模型:
2025-04-08 05:13:02,553 - DEBUG - 多样性指标: 0.0611
2025-04-08 05:13:02,553 - DEBUG - 自适应学习率: 0.8674
2025-04-08 05:13:02,553 - DEBUG - 第85代概率模型更新完成
2025-04-08 05:13:02,553 - DEBUG - 第85代完成，当前最优解完工时间: 1958，历史最优解完工时间: 1929
2025-04-08 05:13:03,007 - DEBUG - 
更新概率模型:
2025-04-08 05:13:03,008 - DEBUG - 多样性指标: 0.0520
2025-04-08 05:13:03,008 - DEBUG - 自适应学习率: 0.8492
2025-04-08 05:13:03,008 - DEBUG - 第86代概率模型更新完成
2025-04-08 05:13:03,008 - DEBUG - 第86代完成，当前最优解完工时间: 2062，历史最优解完工时间: 1929
2025-04-08 05:13:03,464 - DEBUG - 
更新概率模型:
2025-04-08 05:13:03,464 - DEBUG - 多样性指标: 0.0460
2025-04-08 05:13:03,464 - DEBUG - 自适应学习率: 0.8517
2025-04-08 05:13:03,464 - DEBUG - 第87代概率模型更新完成
2025-04-08 05:13:03,464 - DEBUG - 第87代完成，当前最优解完工时间: 2037，历史最优解完工时间: 1929
2025-04-08 05:13:03,923 - DEBUG - 
更新概率模型:
2025-04-08 05:13:03,923 - DEBUG - 多样性指标: 0.0592
2025-04-08 05:13:03,923 - DEBUG - 自适应学习率: 0.8553
2025-04-08 05:13:03,923 - DEBUG - 第88代概率模型更新完成
2025-04-08 05:13:03,923 - DEBUG - 第88代完成，当前最优解完工时间: 2012，历史最优解完工时间: 1929
2025-04-08 05:13:04,383 - DEBUG - 
更新概率模型:
2025-04-08 05:13:04,383 - DEBUG - 多样性指标: 0.0542
2025-04-08 05:13:04,383 - DEBUG - 自适应学习率: 0.8568
2025-04-08 05:13:04,383 - DEBUG - 第89代概率模型更新完成
2025-04-08 05:13:04,383 - DEBUG - 第89代完成，当前最优解完工时间: 2009，历史最优解完工时间: 1929
2025-04-08 05:13:04,846 - DEBUG - 
更新概率模型:
2025-04-08 05:13:04,846 - DEBUG - 多样性指标: 0.0580
2025-04-08 05:13:04,846 - DEBUG - 自适应学习率: 0.8611
2025-04-08 05:13:04,846 - DEBUG - 第90代概率模型更新完成
2025-04-08 05:13:04,846 - DEBUG - 第90代完成，当前最优解完工时间: 1994，历史最优解完工时间: 1929
2025-04-08 05:13:05,327 - DEBUG - 
更新概率模型:
2025-04-08 05:13:05,327 - DEBUG - 多样性指标: 0.0507
2025-04-08 05:13:05,327 - DEBUG - 自适应学习率: 0.8527
2025-04-08 05:13:05,328 - DEBUG - 第91代概率模型更新完成
2025-04-08 05:13:05,328 - DEBUG - 第91代完成，当前最优解完工时间: 2024，历史最优解完工时间: 1929
2025-04-08 05:13:05,803 - DEBUG - 
更新概率模型:
2025-04-08 05:13:05,803 - DEBUG - 多样性指标: 0.0537
2025-04-08 05:13:05,803 - DEBUG - 自适应学习率: 0.8635
2025-04-08 05:13:05,803 - DEBUG - 第92代概率模型更新完成
2025-04-08 05:13:05,803 - DEBUG - 第92代完成，当前最优解完工时间: 1983，历史最优解完工时间: 1929
2025-04-08 05:13:06,284 - DEBUG - 
更新概率模型:
2025-04-08 05:13:06,284 - DEBUG - 多样性指标: 0.0569
2025-04-08 05:13:06,284 - DEBUG - 自适应学习率: 0.8507
2025-04-08 05:13:06,284 - DEBUG - 第93代概率模型更新完成
2025-04-08 05:13:06,284 - DEBUG - 第93代完成，当前最优解完工时间: 2051，历史最优解完工时间: 1929
2025-04-08 05:13:06,738 - DEBUG - 
更新概率模型:
2025-04-08 05:13:06,738 - DEBUG - 多样性指标: 0.0501
2025-04-08 05:13:06,738 - DEBUG - 自适应学习率: 0.8558
2025-04-08 05:13:06,738 - DEBUG - 第94代概率模型更新完成
2025-04-08 05:13:06,738 - DEBUG - 第94代完成，当前最优解完工时间: 2008，历史最优解完工时间: 1929
2025-04-08 05:13:07,188 - DEBUG - 
更新概率模型:
2025-04-08 05:13:07,188 - DEBUG - 多样性指标: 0.0532
2025-04-08 05:13:07,188 - DEBUG - 自适应学习率: 0.8619
2025-04-08 05:13:07,190 - DEBUG - 第95代概率模型更新完成
2025-04-08 05:13:07,190 - DEBUG - 第95代完成，当前最优解完工时间: 1983，历史最优解完工时间: 1929
2025-04-08 05:13:07,641 - DEBUG - 
更新概率模型:
2025-04-08 05:13:07,641 - DEBUG - 多样性指标: 0.0516
2025-04-08 05:13:07,641 - DEBUG - 自适应学习率: 0.8473
2025-04-08 05:13:07,641 - DEBUG - 第96代概率模型更新完成
2025-04-08 05:13:07,641 - DEBUG - 第96代完成，当前最优解完工时间: 2053，历史最优解完工时间: 1929
2025-04-08 05:13:08,137 - DEBUG - 
更新概率模型:
2025-04-08 05:13:08,137 - DEBUG - 多样性指标: 0.0493
2025-04-08 05:13:08,137 - DEBUG - 自适应学习率: 0.8504
2025-04-08 05:13:08,137 - DEBUG - 第97代概率模型更新完成
2025-04-08 05:13:08,137 - DEBUG - 第97代完成，当前最优解完工时间: 2047，历史最优解完工时间: 1929
2025-04-08 05:13:08,647 - DEBUG - 
更新概率模型:
2025-04-08 05:13:08,647 - DEBUG - 多样性指标: 0.0513
2025-04-08 05:13:08,647 - DEBUG - 自适应学习率: 0.8586
2025-04-08 05:13:08,647 - DEBUG - 第98代概率模型更新完成
2025-04-08 05:13:08,647 - DEBUG - 第98代完成，当前最优解完工时间: 1990，历史最优解完工时间: 1929
2025-04-08 05:13:09,155 - DEBUG - 
更新概率模型:
2025-04-08 05:13:09,156 - DEBUG - 多样性指标: 0.0500
2025-04-08 05:13:09,156 - DEBUG - 自适应学习率: 0.8545
2025-04-08 05:13:09,156 - DEBUG - 第99代概率模型更新完成
2025-04-08 05:13:09,156 - DEBUG - 第99代完成，当前最优解完工时间: 2003，历史最优解完工时间: 1929
2025-04-08 05:13:09,157 - INFO - Total time: 46.46s
2025-04-08 05:13:09,316 - INFO - ==================================================
2025-04-08 05:13:09,316 - INFO - Best solution found with makespan: 1929.00s at generation 15
2025-04-08 05:13:09,316 - INFO - Total time: 46.46s
2025-04-08 05:13:09,316 - INFO - Results saved to: sl_output
2025-04-08 05:13:09,316 - INFO - Convergence curve saved to: sl_output\sl_convergence.png
2025-04-08 05:13:09,316 - INFO - Detailed log saved to: d:\Amelia\bi_learning_FJSP\logs\sl_log_20250408_051222.log
