2025-04-08 11:29:28,708 - INFO - Initialization probability model completed.
2025-04-08 11:29:28,708 - INFO - In generation 1，New best makespan: 1917.00
2025-04-08 11:29:28,708 - DEBUG - 第0代完成，当前最优解完工时间: 1917，历史最优解完工时间: 1917
2025-04-08 11:29:29,162 - DEBUG - 
更新概率模型:
2025-04-08 11:29:29,162 - DEBUG - 多样性指标: 0.0448
2025-04-08 11:29:29,162 - DEBUG - 自适应学习率: 0.8337
2025-04-08 11:29:29,162 - DEBUG - 第1代概率模型更新完成
2025-04-08 11:29:29,164 - DEBUG - 第1代完成，当前最优解完工时间: 1953，历史最优解完工时间: 1917
2025-04-08 11:29:29,621 - DEBUG - 
更新概率模型:
2025-04-08 11:29:29,623 - DEBUG - 多样性指标: 0.0387
2025-04-08 11:29:29,623 - DEBUG - 自适应学习率: 0.8337
2025-04-08 11:29:29,623 - DEBUG - 第2代概率模型更新完成
2025-04-08 11:29:29,623 - DEBUG - 第2代完成，当前最优解完工时间: 1941，历史最优解完工时间: 1917
2025-04-08 11:29:30,068 - DEBUG - 
更新概率模型:
2025-04-08 11:29:30,068 - DEBUG - 多样性指标: 0.0447
2025-04-08 11:29:30,068 - DEBUG - 自适应学习率: 0.8437
2025-04-08 11:29:30,068 - DEBUG - 第3代概率模型更新完成
2025-04-08 11:29:30,068 - INFO - In generation 4，New best makespan: 1910.00
2025-04-08 11:29:30,068 - DEBUG - 第3代完成，当前最优解完工时间: 1910，历史最优解完工时间: 1910
2025-04-08 11:29:30,522 - DEBUG - 
更新概率模型:
2025-04-08 11:29:30,522 - DEBUG - 多样性指标: 0.0441
2025-04-08 11:29:30,522 - DEBUG - 自适应学习率: 0.8393
2025-04-08 11:29:30,522 - DEBUG - 第4代概率模型更新完成
2025-04-08 11:29:30,522 - DEBUG - 第4代完成，当前最优解完工时间: 1924，历史最优解完工时间: 1910
2025-04-08 11:29:30,968 - DEBUG - 
更新概率模型:
2025-04-08 11:29:30,968 - DEBUG - 多样性指标: 0.0428
2025-04-08 11:29:30,968 - DEBUG - 自适应学习率: 0.8385
2025-04-08 11:29:30,968 - DEBUG - 第5代概率模型更新完成
2025-04-08 11:29:30,968 - DEBUG - 第5代完成，当前最优解完工时间: 1923，历史最优解完工时间: 1910
2025-04-08 11:29:31,416 - DEBUG - 
更新概率模型:
2025-04-08 11:29:31,416 - DEBUG - 多样性指标: 0.0366
2025-04-08 11:29:31,416 - DEBUG - 自适应学习率: 0.8365
2025-04-08 11:29:31,416 - DEBUG - 第6代概率模型更新完成
2025-04-08 11:29:31,416 - DEBUG - 第6代完成，当前最优解完工时间: 1931，历史最优解完工时间: 1910
2025-04-08 11:29:31,860 - DEBUG - 
更新概率模型:
2025-04-08 11:29:31,861 - DEBUG - 多样性指标: 0.0460
2025-04-08 11:29:31,861 - DEBUG - 自适应学习率: 0.8328
2025-04-08 11:29:31,861 - DEBUG - 第7代概率模型更新完成
2025-04-08 11:29:31,861 - DEBUG - 第7代完成，当前最优解完工时间: 1956，历史最优解完工时间: 1910
2025-04-08 11:29:32,311 - DEBUG - 
更新概率模型:
2025-04-08 11:29:32,311 - DEBUG - 多样性指标: 0.0400
2025-04-08 11:29:32,311 - DEBUG - 自适应学习率: 0.8327
2025-04-08 11:29:32,311 - DEBUG - 第8代概率模型更新完成
2025-04-08 11:29:32,311 - DEBUG - 第8代完成，当前最优解完工时间: 1948，历史最优解完工时间: 1910
2025-04-08 11:29:32,753 - DEBUG - 
更新概率模型:
2025-04-08 11:29:32,753 - DEBUG - 多样性指标: 0.0414
2025-04-08 11:29:32,753 - DEBUG - 自适应学习率: 0.8313
2025-04-08 11:29:32,753 - DEBUG - 第9代概率模型更新完成
2025-04-08 11:29:32,753 - DEBUG - 第9代完成，当前最优解完工时间: 1943，历史最优解完工时间: 1910
2025-04-08 11:29:33,196 - DEBUG - 
更新概率模型:
2025-04-08 11:29:33,196 - DEBUG - 多样性指标: 0.0406
2025-04-08 11:29:33,196 - DEBUG - 自适应学习率: 0.8405
2025-04-08 11:29:33,196 - DEBUG - 第10代概率模型更新完成
2025-04-08 11:29:33,196 - INFO - In generation 11，New best makespan: 1905.00
2025-04-08 11:29:33,196 - DEBUG - 第10代完成，当前最优解完工时间: 1905，历史最优解完工时间: 1905
2025-04-08 11:29:33,643 - DEBUG - 
更新概率模型:
2025-04-08 11:29:33,643 - DEBUG - 多样性指标: 0.0457
2025-04-08 11:29:33,643 - DEBUG - 自适应学习率: 0.8321
2025-04-08 11:29:33,643 - DEBUG - 第11代概率模型更新完成
2025-04-08 11:29:33,643 - DEBUG - 第11代完成，当前最优解完工时间: 1945，历史最优解完工时间: 1905
2025-04-08 11:29:34,093 - DEBUG - 
更新概率模型:
2025-04-08 11:29:34,093 - DEBUG - 多样性指标: 0.0454
2025-04-08 11:29:34,093 - DEBUG - 自适应学习率: 0.8339
2025-04-08 11:29:34,093 - DEBUG - 第12代概率模型更新完成
2025-04-08 11:29:34,093 - DEBUG - 第12代完成，当前最优解完工时间: 1941，历史最优解完工时间: 1905
2025-04-08 11:29:34,539 - DEBUG - 
更新概率模型:
2025-04-08 11:29:34,540 - DEBUG - 多样性指标: 0.0423
2025-04-08 11:29:34,540 - DEBUG - 自适应学习率: 0.8316
2025-04-08 11:29:34,540 - DEBUG - 第13代概率模型更新完成
2025-04-08 11:29:34,540 - DEBUG - 第13代完成，当前最优解完工时间: 1960，历史最优解完工时间: 1905
2025-04-08 11:29:34,983 - DEBUG - 
更新概率模型:
2025-04-08 11:29:34,983 - DEBUG - 多样性指标: 0.0439
2025-04-08 11:29:34,983 - DEBUG - 自适应学习率: 0.8339
2025-04-08 11:29:34,983 - DEBUG - 第14代概率模型更新完成
2025-04-08 11:29:34,983 - DEBUG - 第14代完成，当前最优解完工时间: 1946，历史最优解完工时间: 1905
2025-04-08 11:29:35,436 - DEBUG - 
更新概率模型:
2025-04-08 11:29:35,436 - DEBUG - 多样性指标: 0.0440
2025-04-08 11:29:35,436 - DEBUG - 自适应学习率: 0.8361
2025-04-08 11:29:35,436 - DEBUG - 第15代概率模型更新完成
2025-04-08 11:29:35,436 - DEBUG - 第15代完成，当前最优解完工时间: 1924，历史最优解完工时间: 1905
2025-04-08 11:29:35,888 - DEBUG - 
更新概率模型:
2025-04-08 11:29:35,888 - DEBUG - 多样性指标: 0.0395
2025-04-08 11:29:35,888 - DEBUG - 自适应学习率: 0.8298
2025-04-08 11:29:35,888 - DEBUG - 第16代概率模型更新完成
2025-04-08 11:29:35,888 - DEBUG - 第16代完成，当前最优解完工时间: 1949，历史最优解完工时间: 1905
2025-04-08 11:29:36,340 - DEBUG - 
更新概率模型:
2025-04-08 11:29:36,340 - DEBUG - 多样性指标: 0.0357
2025-04-08 11:29:36,340 - DEBUG - 自适应学习率: 0.8317
2025-04-08 11:29:36,340 - DEBUG - 第17代概率模型更新完成
2025-04-08 11:29:36,340 - DEBUG - 第17代完成，当前最优解完工时间: 1942，历史最优解完工时间: 1905
2025-04-08 11:29:36,789 - DEBUG - 
更新概率模型:
2025-04-08 11:29:36,789 - DEBUG - 多样性指标: 0.0408
2025-04-08 11:29:36,789 - DEBUG - 自适应学习率: 0.8384
2025-04-08 11:29:36,789 - DEBUG - 第18代概率模型更新完成
2025-04-08 11:29:36,789 - DEBUG - 第18代完成，当前最优解完工时间: 1918，历史最优解完工时间: 1905
2025-04-08 11:29:37,237 - DEBUG - 
更新概率模型:
2025-04-08 11:29:37,237 - DEBUG - 多样性指标: 0.0440
2025-04-08 11:29:37,237 - DEBUG - 自适应学习率: 0.8322
2025-04-08 11:29:37,237 - DEBUG - 第19代概率模型更新完成
2025-04-08 11:29:37,237 - DEBUG - 第19代完成，当前最优解完工时间: 1942，历史最优解完工时间: 1905
2025-04-08 11:29:37,684 - DEBUG - 
更新概率模型:
2025-04-08 11:29:37,684 - DEBUG - 多样性指标: 0.0432
2025-04-08 11:29:37,684 - DEBUG - 自适应学习率: 0.8343
2025-04-08 11:29:37,684 - DEBUG - 第20代概率模型更新完成
2025-04-08 11:29:37,684 - DEBUG - 第20代完成，当前最优解完工时间: 1936，历史最优解完工时间: 1905
2025-04-08 11:29:38,129 - DEBUG - 
更新概率模型:
2025-04-08 11:29:38,129 - DEBUG - 多样性指标: 0.0442
2025-04-08 11:29:38,129 - DEBUG - 自适应学习率: 0.8294
2025-04-08 11:29:38,129 - DEBUG - 第21代概率模型更新完成
2025-04-08 11:29:38,129 - DEBUG - 第21代完成，当前最优解完工时间: 1950，历史最优解完工时间: 1905
2025-04-08 11:29:38,579 - DEBUG - 
更新概率模型:
2025-04-08 11:29:38,579 - DEBUG - 多样性指标: 0.0446
2025-04-08 11:29:38,579 - DEBUG - 自适应学习率: 0.8412
2025-04-08 11:29:38,579 - DEBUG - 第22代概率模型更新完成
2025-04-08 11:29:38,579 - INFO - In generation 23，New best makespan: 1904.00
2025-04-08 11:29:38,579 - DEBUG - 第22代完成，当前最优解完工时间: 1904，历史最优解完工时间: 1904
2025-04-08 11:29:39,024 - DEBUG - 
更新概率模型:
2025-04-08 11:29:39,024 - DEBUG - 多样性指标: 0.0370
2025-04-08 11:29:39,024 - DEBUG - 自适应学习率: 0.8284
2025-04-08 11:29:39,024 - DEBUG - 第23代概率模型更新完成
2025-04-08 11:29:39,024 - DEBUG - 第23代完成，当前最优解完工时间: 1947，历史最优解完工时间: 1904
2025-04-08 11:29:39,475 - DEBUG - 
更新概率模型:
2025-04-08 11:29:39,475 - DEBUG - 多样性指标: 0.0436
2025-04-08 11:29:39,475 - DEBUG - 自适应学习率: 0.8311
2025-04-08 11:29:39,475 - DEBUG - 第24代概率模型更新完成
2025-04-08 11:29:39,475 - DEBUG - 第24代完成，当前最优解完工时间: 1949，历史最优解完工时间: 1904
2025-04-08 11:29:39,919 - DEBUG - 
更新概率模型:
2025-04-08 11:29:39,919 - DEBUG - 多样性指标: 0.0373
2025-04-08 11:29:39,919 - DEBUG - 自适应学习率: 0.8379
2025-04-08 11:29:39,919 - DEBUG - 第25代概率模型更新完成
2025-04-08 11:29:39,920 - INFO - In generation 26，New best makespan: 1897.00
2025-04-08 11:29:39,920 - DEBUG - 第25代完成，当前最优解完工时间: 1897，历史最优解完工时间: 1897
2025-04-08 11:29:40,372 - DEBUG - 
更新概率模型:
2025-04-08 11:29:40,372 - DEBUG - 多样性指标: 0.0390
2025-04-08 11:29:40,372 - DEBUG - 自适应学习率: 0.8261
2025-04-08 11:29:40,372 - DEBUG - 第26代概率模型更新完成
2025-04-08 11:29:40,372 - DEBUG - 第26代完成，当前最优解完工时间: 1972，历史最优解完工时间: 1897
2025-04-08 11:29:40,815 - DEBUG - 
更新概率模型:
2025-04-08 11:29:40,815 - DEBUG - 多样性指标: 0.0359
2025-04-08 11:29:40,815 - DEBUG - 自适应学习率: 0.8286
2025-04-08 11:29:40,815 - DEBUG - 第27代概率模型更新完成
2025-04-08 11:29:40,815 - DEBUG - 第27代完成，当前最优解完工时间: 1942，历史最优解完工时间: 1897
2025-04-08 11:29:41,264 - DEBUG - 
更新概率模型:
2025-04-08 11:29:41,264 - DEBUG - 多样性指标: 0.0427
2025-04-08 11:29:41,264 - DEBUG - 自适应学习率: 0.8391
2025-04-08 11:29:41,264 - DEBUG - 第28代概率模型更新完成
2025-04-08 11:29:41,264 - DEBUG - 第28代完成，当前最优解完工时间: 1911，历史最优解完工时间: 1897
2025-04-08 11:29:41,714 - DEBUG - 
更新概率模型:
2025-04-08 11:29:41,714 - DEBUG - 多样性指标: 0.0402
2025-04-08 11:29:41,714 - DEBUG - 自适应学习率: 0.8407
2025-04-08 11:29:41,714 - DEBUG - 第29代概率模型更新完成
2025-04-08 11:29:41,714 - DEBUG - 第29代完成，当前最优解完工时间: 1910，历史最优解完工时间: 1897
2025-04-08 11:29:42,159 - DEBUG - 
更新概率模型:
2025-04-08 11:29:42,159 - DEBUG - 多样性指标: 0.0364
2025-04-08 11:29:42,159 - DEBUG - 自适应学习率: 0.8277
2025-04-08 11:29:42,159 - DEBUG - 第30代概率模型更新完成
2025-04-08 11:29:42,159 - DEBUG - 第30代完成，当前最优解完工时间: 1963，历史最优解完工时间: 1897
2025-04-08 11:29:42,607 - DEBUG - 
更新概率模型:
2025-04-08 11:29:42,607 - DEBUG - 多样性指标: 0.0395
2025-04-08 11:29:42,607 - DEBUG - 自适应学习率: 0.8321
2025-04-08 11:29:42,607 - DEBUG - 第31代概率模型更新完成
2025-04-08 11:29:42,607 - DEBUG - 第31代完成，当前最优解完工时间: 1933，历史最优解完工时间: 1897
2025-04-08 11:29:43,055 - DEBUG - 
更新概率模型:
2025-04-08 11:29:43,055 - DEBUG - 多样性指标: 0.0392
2025-04-08 11:29:43,055 - DEBUG - 自适应学习率: 0.8509
2025-04-08 11:29:43,055 - DEBUG - 第32代概率模型更新完成
2025-04-08 11:29:43,055 - INFO - In generation 33，New best makespan: 1853.00
2025-04-08 11:29:43,056 - DEBUG - 第32代完成，当前最优解完工时间: 1853，历史最优解完工时间: 1853
2025-04-08 11:29:43,500 - DEBUG - 
更新概率模型:
2025-04-08 11:29:43,500 - DEBUG - 多样性指标: 0.0426
2025-04-08 11:29:43,500 - DEBUG - 自适应学习率: 0.8350
2025-04-08 11:29:43,500 - DEBUG - 第33代概率模型更新完成
2025-04-08 11:29:43,500 - DEBUG - 第33代完成，当前最优解完工时间: 1930，历史最优解完工时间: 1853
2025-04-08 11:29:43,951 - DEBUG - 
更新概率模型:
2025-04-08 11:29:43,951 - DEBUG - 多样性指标: 0.0434
2025-04-08 11:29:43,951 - DEBUG - 自适应学习率: 0.8348
2025-04-08 11:29:43,951 - DEBUG - 第34代概率模型更新完成
2025-04-08 11:29:43,951 - DEBUG - 第34代完成，当前最优解完工时间: 1923，历史最优解完工时间: 1853
2025-04-08 11:29:44,399 - DEBUG - 
更新概率模型:
2025-04-08 11:29:44,399 - DEBUG - 多样性指标: 0.0392
2025-04-08 11:29:44,399 - DEBUG - 自适应学习率: 0.8372
2025-04-08 11:29:44,399 - DEBUG - 第35代概率模型更新完成
2025-04-08 11:29:44,399 - DEBUG - 第35代完成，当前最优解完工时间: 1914，历史最优解完工时间: 1853
2025-04-08 11:29:44,852 - DEBUG - 
更新概率模型:
2025-04-08 11:29:44,852 - DEBUG - 多样性指标: 0.0426
2025-04-08 11:29:44,852 - DEBUG - 自适应学习率: 0.8320
2025-04-08 11:29:44,852 - DEBUG - 第36代概率模型更新完成
2025-04-08 11:29:44,852 - DEBUG - 第36代完成，当前最优解完工时间: 1952，历史最优解完工时间: 1853
2025-04-08 11:29:45,296 - DEBUG - 
更新概率模型:
2025-04-08 11:29:45,296 - DEBUG - 多样性指标: 0.0401
2025-04-08 11:29:45,296 - DEBUG - 自适应学习率: 0.8372
2025-04-08 11:29:45,296 - DEBUG - 第37代概率模型更新完成
2025-04-08 11:29:45,296 - DEBUG - 第37代完成，当前最优解完工时间: 1913，历史最优解完工时间: 1853
2025-04-08 11:29:45,745 - DEBUG - 
更新概率模型:
2025-04-08 11:29:45,745 - DEBUG - 多样性指标: 0.0363
2025-04-08 11:29:45,745 - DEBUG - 自适应学习率: 0.8324
2025-04-08 11:29:45,745 - DEBUG - 第38代概率模型更新完成
2025-04-08 11:29:45,745 - DEBUG - 第38代完成，当前最优解完工时间: 1933，历史最优解完工时间: 1853
2025-04-08 11:29:46,187 - DEBUG - 
更新概率模型:
2025-04-08 11:29:46,187 - DEBUG - 多样性指标: 0.0463
2025-04-08 11:29:46,187 - DEBUG - 自适应学习率: 0.8410
2025-04-08 11:29:46,187 - DEBUG - 第39代概率模型更新完成
2025-04-08 11:29:46,187 - DEBUG - 第39代完成，当前最优解完工时间: 1917，历史最优解完工时间: 1853
2025-04-08 11:29:46,634 - DEBUG - 
更新概率模型:
2025-04-08 11:29:46,634 - DEBUG - 多样性指标: 0.0384
2025-04-08 11:29:46,634 - DEBUG - 自适应学习率: 0.8312
2025-04-08 11:29:46,634 - DEBUG - 第40代概率模型更新完成
2025-04-08 11:29:46,634 - DEBUG - 第40代完成，当前最优解完工时间: 1940，历史最优解完工时间: 1853
2025-04-08 11:29:47,076 - DEBUG - 
更新概率模型:
2025-04-08 11:29:47,076 - DEBUG - 多样性指标: 0.0378
2025-04-08 11:29:47,076 - DEBUG - 自适应学习率: 0.8286
2025-04-08 11:29:47,076 - DEBUG - 第41代概率模型更新完成
2025-04-08 11:29:47,076 - DEBUG - 第41代完成，当前最优解完工时间: 1948，历史最优解完工时间: 1853
2025-04-08 11:29:47,544 - DEBUG - 
更新概率模型:
2025-04-08 11:29:47,544 - DEBUG - 多样性指标: 0.0407
2025-04-08 11:29:47,544 - DEBUG - 自适应学习率: 0.8326
2025-04-08 11:29:47,544 - DEBUG - 第42代概率模型更新完成
2025-04-08 11:29:47,544 - DEBUG - 第42代完成，当前最优解完工时间: 1926，历史最优解完工时间: 1853
2025-04-08 11:29:47,997 - DEBUG - 
更新概率模型:
2025-04-08 11:29:47,997 - DEBUG - 多样性指标: 0.0421
2025-04-08 11:29:47,997 - DEBUG - 自适应学习率: 0.8373
2025-04-08 11:29:47,997 - DEBUG - 第43代概率模型更新完成
2025-04-08 11:29:47,997 - DEBUG - 第43代完成，当前最优解完工时间: 1904，历史最优解完工时间: 1853
2025-04-08 11:29:48,461 - DEBUG - 
更新概率模型:
2025-04-08 11:29:48,461 - DEBUG - 多样性指标: 0.0419
2025-04-08 11:29:48,461 - DEBUG - 自适应学习率: 0.8365
2025-04-08 11:29:48,461 - DEBUG - 第44代概率模型更新完成
2025-04-08 11:29:48,461 - DEBUG - 第44代完成，当前最优解完工时间: 1924，历史最优解完工时间: 1853
2025-04-08 11:29:48,912 - DEBUG - 
更新概率模型:
2025-04-08 11:29:48,912 - DEBUG - 多样性指标: 0.0449
2025-04-08 11:29:48,912 - DEBUG - 自适应学习率: 0.8327
2025-04-08 11:29:48,912 - DEBUG - 第45代概率模型更新完成
2025-04-08 11:29:48,912 - DEBUG - 第45代完成，当前最优解完工时间: 1936，历史最优解完工时间: 1853
2025-04-08 11:29:49,373 - DEBUG - 
更新概率模型:
2025-04-08 11:29:49,373 - DEBUG - 多样性指标: 0.0385
2025-04-08 11:29:49,373 - DEBUG - 自适应学习率: 0.8315
2025-04-08 11:29:49,373 - DEBUG - 第46代概率模型更新完成
2025-04-08 11:29:49,373 - DEBUG - 第46代完成，当前最优解完工时间: 1947，历史最优解完工时间: 1853
2025-04-08 11:29:49,816 - DEBUG - 
更新概率模型:
2025-04-08 11:29:49,816 - DEBUG - 多样性指标: 0.0407
2025-04-08 11:29:49,816 - DEBUG - 自适应学习率: 0.8321
2025-04-08 11:29:49,816 - DEBUG - 第47代概率模型更新完成
2025-04-08 11:29:49,816 - DEBUG - 第47代完成，当前最优解完工时间: 1949，历史最优解完工时间: 1853
2025-04-08 11:29:50,275 - DEBUG - 
更新概率模型:
2025-04-08 11:29:50,276 - DEBUG - 多样性指标: 0.0485
2025-04-08 11:29:50,276 - DEBUG - 自适应学习率: 0.8345
2025-04-08 11:29:50,276 - DEBUG - 第48代概率模型更新完成
2025-04-08 11:29:50,276 - DEBUG - 第48代完成，当前最优解完工时间: 1933，历史最优解完工时间: 1853
2025-04-08 11:29:50,737 - DEBUG - 
更新概率模型:
2025-04-08 11:29:50,737 - DEBUG - 多样性指标: 0.0366
2025-04-08 11:29:50,737 - DEBUG - 自适应学习率: 0.8255
2025-04-08 11:29:50,737 - DEBUG - 第49代概率模型更新完成
2025-04-08 11:29:50,738 - DEBUG - 第49代完成，当前最优解完工时间: 1962，历史最优解完工时间: 1853
2025-04-08 11:29:51,201 - DEBUG - 
更新概率模型:
2025-04-08 11:29:51,201 - DEBUG - 多样性指标: 0.0389
2025-04-08 11:29:51,201 - DEBUG - 自适应学习率: 0.8318
2025-04-08 11:29:51,201 - DEBUG - 第50代概率模型更新完成
2025-04-08 11:29:51,201 - DEBUG - 第50代完成，当前最优解完工时间: 1932，历史最优解完工时间: 1853
2025-04-08 11:29:51,649 - DEBUG - 
更新概率模型:
2025-04-08 11:29:51,649 - DEBUG - 多样性指标: 0.0412
2025-04-08 11:29:51,649 - DEBUG - 自适应学习率: 0.8319
2025-04-08 11:29:51,649 - DEBUG - 第51代概率模型更新完成
2025-04-08 11:29:51,649 - DEBUG - 第51代完成，当前最优解完工时间: 1932，历史最优解完工时间: 1853
2025-04-08 11:29:52,107 - DEBUG - 
更新概率模型:
2025-04-08 11:29:52,107 - DEBUG - 多样性指标: 0.0439
2025-04-08 11:29:52,107 - DEBUG - 自适应学习率: 0.8334
2025-04-08 11:29:52,107 - DEBUG - 第52代概率模型更新完成
2025-04-08 11:29:52,107 - DEBUG - 第52代完成，当前最优解完工时间: 1943，历史最优解完工时间: 1853
2025-04-08 11:29:52,554 - DEBUG - 
更新概率模型:
2025-04-08 11:29:52,554 - DEBUG - 多样性指标: 0.0412
2025-04-08 11:29:52,554 - DEBUG - 自适应学习率: 0.8286
2025-04-08 11:29:52,554 - DEBUG - 第53代概率模型更新完成
2025-04-08 11:29:52,554 - DEBUG - 第53代完成，当前最优解完工时间: 1948，历史最优解完工时间: 1853
2025-04-08 11:29:53,002 - DEBUG - 
更新概率模型:
2025-04-08 11:29:53,002 - DEBUG - 多样性指标: 0.0430
2025-04-08 11:29:53,002 - DEBUG - 自适应学习率: 0.8388
2025-04-08 11:29:53,002 - DEBUG - 第54代概率模型更新完成
2025-04-08 11:29:53,002 - DEBUG - 第54代完成，当前最优解完工时间: 1910，历史最优解完工时间: 1853
2025-04-08 11:29:53,447 - DEBUG - 
更新概率模型:
2025-04-08 11:29:53,449 - DEBUG - 多样性指标: 0.0372
2025-04-08 11:29:53,449 - DEBUG - 自适应学习率: 0.8345
2025-04-08 11:29:53,449 - DEBUG - 第55代概率模型更新完成
2025-04-08 11:29:53,449 - DEBUG - 第55代完成，当前最优解完工时间: 1922，历史最优解完工时间: 1853
2025-04-08 11:29:53,890 - DEBUG - 
更新概率模型:
2025-04-08 11:29:53,890 - DEBUG - 多样性指标: 0.0411
2025-04-08 11:29:53,890 - DEBUG - 自适应学习率: 0.8359
2025-04-08 11:29:53,890 - DEBUG - 第56代概率模型更新完成
2025-04-08 11:29:53,890 - DEBUG - 第56代完成，当前最优解完工时间: 1924，历史最优解完工时间: 1853
2025-04-08 11:29:54,337 - DEBUG - 
更新概率模型:
2025-04-08 11:29:54,337 - DEBUG - 多样性指标: 0.0342
2025-04-08 11:29:54,337 - DEBUG - 自适应学习率: 0.8254
2025-04-08 11:29:54,337 - DEBUG - 第57代概率模型更新完成
2025-04-08 11:29:54,337 - DEBUG - 第57代完成，当前最优解完工时间: 1971，历史最优解完工时间: 1853
2025-04-08 11:29:54,784 - DEBUG - 
更新概率模型:
2025-04-08 11:29:54,784 - DEBUG - 多样性指标: 0.0450
2025-04-08 11:29:54,784 - DEBUG - 自适应学习率: 0.8317
2025-04-08 11:29:54,784 - DEBUG - 第58代概率模型更新完成
2025-04-08 11:29:54,784 - DEBUG - 第58代完成，当前最优解完工时间: 1945，历史最优解完工时间: 1853
2025-04-08 11:29:55,230 - DEBUG - 
更新概率模型:
2025-04-08 11:29:55,230 - DEBUG - 多样性指标: 0.0423
2025-04-08 11:29:55,230 - DEBUG - 自适应学习率: 0.8384
2025-04-08 11:29:55,230 - DEBUG - 第59代概率模型更新完成
2025-04-08 11:29:55,230 - DEBUG - 第59代完成，当前最优解完工时间: 1905，历史最优解完工时间: 1853
2025-04-08 11:29:55,678 - DEBUG - 
更新概率模型:
2025-04-08 11:29:55,678 - DEBUG - 多样性指标: 0.0417
2025-04-08 11:29:55,678 - DEBUG - 自适应学习率: 0.8322
2025-04-08 11:29:55,678 - DEBUG - 第60代概率模型更新完成
2025-04-08 11:29:55,679 - DEBUG - 第60代完成，当前最优解完工时间: 1937，历史最优解完工时间: 1853
2025-04-08 11:29:56,128 - DEBUG - 
更新概率模型:
2025-04-08 11:29:56,128 - DEBUG - 多样性指标: 0.0476
2025-04-08 11:29:56,128 - DEBUG - 自适应学习率: 0.8418
2025-04-08 11:29:56,128 - DEBUG - 第61代概率模型更新完成
2025-04-08 11:29:56,128 - DEBUG - 第61代完成，当前最优解完工时间: 1898，历史最优解完工时间: 1853
2025-04-08 11:29:56,575 - DEBUG - 
更新概率模型:
2025-04-08 11:29:56,575 - DEBUG - 多样性指标: 0.0438
2025-04-08 11:29:56,575 - DEBUG - 自适应学习率: 0.8352
2025-04-08 11:29:56,575 - DEBUG - 第62代概率模型更新完成
2025-04-08 11:29:56,575 - DEBUG - 第62代完成，当前最优解完工时间: 1934，历史最优解完工时间: 1853
2025-04-08 11:29:57,021 - DEBUG - 
更新概率模型:
2025-04-08 11:29:57,021 - DEBUG - 多样性指标: 0.0449
2025-04-08 11:29:57,021 - DEBUG - 自适应学习率: 0.8300
2025-04-08 11:29:57,022 - DEBUG - 第63代概率模型更新完成
2025-04-08 11:29:57,022 - DEBUG - 第63代完成，当前最优解完工时间: 1947，历史最优解完工时间: 1853
2025-04-08 11:29:57,470 - DEBUG - 
更新概率模型:
2025-04-08 11:29:57,470 - DEBUG - 多样性指标: 0.0478
2025-04-08 11:29:57,470 - DEBUG - 自适应学习率: 0.8354
2025-04-08 11:29:57,470 - DEBUG - 第64代概率模型更新完成
2025-04-08 11:29:57,470 - DEBUG - 第64代完成，当前最优解完工时间: 1925，历史最优解完工时间: 1853
2025-04-08 11:29:57,914 - DEBUG - 
更新概率模型:
2025-04-08 11:29:57,914 - DEBUG - 多样性指标: 0.0415
2025-04-08 11:29:57,914 - DEBUG - 自适应学习率: 0.8351
2025-04-08 11:29:57,914 - DEBUG - 第65代概率模型更新完成
2025-04-08 11:29:57,914 - DEBUG - 第65代完成，当前最优解完工时间: 1940，历史最优解完工时间: 1853
2025-04-08 11:29:58,366 - DEBUG - 
更新概率模型:
2025-04-08 11:29:58,366 - DEBUG - 多样性指标: 0.0461
2025-04-08 11:29:58,366 - DEBUG - 自适应学习率: 0.8364
2025-04-08 11:29:58,366 - DEBUG - 第66代概率模型更新完成
2025-04-08 11:29:58,366 - DEBUG - 第66代完成，当前最优解完工时间: 1924，历史最优解完工时间: 1853
2025-04-08 11:29:58,812 - DEBUG - 
更新概率模型:
2025-04-08 11:29:58,812 - DEBUG - 多样性指标: 0.0384
2025-04-08 11:29:58,812 - DEBUG - 自适应学习率: 0.8291
2025-04-08 11:29:58,812 - DEBUG - 第67代概率模型更新完成
2025-04-08 11:29:58,812 - DEBUG - 第67代完成，当前最优解完工时间: 1941，历史最优解完工时间: 1853
2025-04-08 11:29:59,258 - DEBUG - 
更新概率模型:
2025-04-08 11:29:59,258 - DEBUG - 多样性指标: 0.0395
2025-04-08 11:29:59,258 - DEBUG - 自适应学习率: 0.8314
2025-04-08 11:29:59,258 - DEBUG - 第68代概率模型更新完成
2025-04-08 11:29:59,258 - DEBUG - 第68代完成，当前最优解完工时间: 1963，历史最优解完工时间: 1853
2025-04-08 11:29:59,707 - DEBUG - 
更新概率模型:
2025-04-08 11:29:59,707 - DEBUG - 多样性指标: 0.0469
2025-04-08 11:29:59,707 - DEBUG - 自适应学习率: 0.8364
2025-04-08 11:29:59,707 - DEBUG - 第69代概率模型更新完成
2025-04-08 11:29:59,707 - DEBUG - 第69代完成，当前最优解完工时间: 1925，历史最优解完工时间: 1853
2025-04-08 11:30:00,153 - DEBUG - 
更新概率模型:
2025-04-08 11:30:00,153 - DEBUG - 多样性指标: 0.0408
2025-04-08 11:30:00,153 - DEBUG - 自适应学习率: 0.8362
2025-04-08 11:30:00,153 - DEBUG - 第70代概率模型更新完成
2025-04-08 11:30:00,153 - DEBUG - 第70代完成，当前最优解完工时间: 1926，历史最优解完工时间: 1853
2025-04-08 11:30:00,606 - DEBUG - 
更新概率模型:
2025-04-08 11:30:00,606 - DEBUG - 多样性指标: 0.0406
2025-04-08 11:30:00,606 - DEBUG - 自适应学习率: 0.8301
2025-04-08 11:30:00,606 - DEBUG - 第71代概率模型更新完成
2025-04-08 11:30:00,606 - DEBUG - 第71代完成，当前最优解完工时间: 1943，历史最优解完工时间: 1853
2025-04-08 11:30:01,053 - DEBUG - 
更新概率模型:
2025-04-08 11:30:01,053 - DEBUG - 多样性指标: 0.0392
2025-04-08 11:30:01,053 - DEBUG - 自适应学习率: 0.8291
2025-04-08 11:30:01,053 - DEBUG - 第72代概率模型更新完成
2025-04-08 11:30:01,053 - DEBUG - 第72代完成，当前最优解完工时间: 1960，历史最优解完工时间: 1853
2025-04-08 11:30:01,501 - DEBUG - 
更新概率模型:
2025-04-08 11:30:01,501 - DEBUG - 多样性指标: 0.0441
2025-04-08 11:30:01,501 - DEBUG - 自适应学习率: 0.8431
2025-04-08 11:30:01,501 - DEBUG - 第73代概率模型更新完成
2025-04-08 11:30:01,501 - DEBUG - 第73代完成，当前最优解完工时间: 1891，历史最优解完工时间: 1853
2025-04-08 11:30:01,951 - DEBUG - 
更新概率模型:
2025-04-08 11:30:01,951 - DEBUG - 多样性指标: 0.0410
2025-04-08 11:30:01,951 - DEBUG - 自适应学习率: 0.8317
2025-04-08 11:30:01,951 - DEBUG - 第74代概率模型更新完成
2025-04-08 11:30:01,951 - DEBUG - 第74代完成，当前最优解完工时间: 1939，历史最优解完工时间: 1853
2025-04-08 11:30:02,414 - DEBUG - 
更新概率模型:
2025-04-08 11:30:02,414 - DEBUG - 多样性指标: 0.0417
2025-04-08 11:30:02,414 - DEBUG - 自适应学习率: 0.8365
2025-04-08 11:30:02,414 - DEBUG - 第75代概率模型更新完成
2025-04-08 11:30:02,414 - DEBUG - 第75代完成，当前最优解完工时间: 1936，历史最优解完工时间: 1853
2025-04-08 11:30:02,862 - DEBUG - 
更新概率模型:
2025-04-08 11:30:02,862 - DEBUG - 多样性指标: 0.0398
2025-04-08 11:30:02,862 - DEBUG - 自适应学习率: 0.8383
2025-04-08 11:30:02,862 - DEBUG - 第76代概率模型更新完成
2025-04-08 11:30:02,862 - DEBUG - 第76代完成，当前最优解完工时间: 1912，历史最优解完工时间: 1853
2025-04-08 11:30:03,310 - DEBUG - 
更新概率模型:
2025-04-08 11:30:03,310 - DEBUG - 多样性指标: 0.0403
2025-04-08 11:30:03,310 - DEBUG - 自适应学习率: 0.8310
2025-04-08 11:30:03,310 - DEBUG - 第77代概率模型更新完成
2025-04-08 11:30:03,310 - DEBUG - 第77代完成，当前最优解完工时间: 1955，历史最优解完工时间: 1853
2025-04-08 11:30:03,762 - DEBUG - 
更新概率模型:
2025-04-08 11:30:03,762 - DEBUG - 多样性指标: 0.0391
2025-04-08 11:30:03,762 - DEBUG - 自适应学习率: 0.8277
2025-04-08 11:30:03,762 - DEBUG - 第78代概率模型更新完成
2025-04-08 11:30:03,762 - DEBUG - 第78代完成，当前最优解完工时间: 1959，历史最优解完工时间: 1853
2025-04-08 11:30:04,212 - DEBUG - 
更新概率模型:
2025-04-08 11:30:04,212 - DEBUG - 多样性指标: 0.0388
2025-04-08 11:30:04,212 - DEBUG - 自适应学习率: 0.8342
2025-04-08 11:30:04,212 - DEBUG - 第79代概率模型更新完成
2025-04-08 11:30:04,212 - DEBUG - 第79代完成，当前最优解完工时间: 1934，历史最优解完工时间: 1853
2025-04-08 11:30:04,664 - DEBUG - 
更新概率模型:
2025-04-08 11:30:04,664 - DEBUG - 多样性指标: 0.0396
2025-04-08 11:30:04,664 - DEBUG - 自适应学习率: 0.8286
2025-04-08 11:30:04,664 - DEBUG - 第80代概率模型更新完成
2025-04-08 11:30:04,664 - DEBUG - 第80代完成，当前最优解完工时间: 1962，历史最优解完工时间: 1853
2025-04-08 11:30:05,111 - DEBUG - 
更新概率模型:
2025-04-08 11:30:05,111 - DEBUG - 多样性指标: 0.0390
2025-04-08 11:30:05,111 - DEBUG - 自适应学习率: 0.8280
2025-04-08 11:30:05,111 - DEBUG - 第81代概率模型更新完成
2025-04-08 11:30:05,111 - DEBUG - 第81代完成，当前最优解完工时间: 1961，历史最优解完工时间: 1853
2025-04-08 11:30:05,564 - DEBUG - 
更新概率模型:
2025-04-08 11:30:05,564 - DEBUG - 多样性指标: 0.0379
2025-04-08 11:30:05,564 - DEBUG - 自适应学习率: 0.8365
2025-04-08 11:30:05,564 - DEBUG - 第82代概率模型更新完成
2025-04-08 11:30:05,564 - DEBUG - 第82代完成，当前最优解完工时间: 1920，历史最优解完工时间: 1853
2025-04-08 11:30:06,009 - DEBUG - 
更新概率模型:
2025-04-08 11:30:06,009 - DEBUG - 多样性指标: 0.0447
2025-04-08 11:30:06,009 - DEBUG - 自适应学习率: 0.8347
2025-04-08 11:30:06,009 - DEBUG - 第83代概率模型更新完成
2025-04-08 11:30:06,009 - DEBUG - 第83代完成，当前最优解完工时间: 1928，历史最优解完工时间: 1853
2025-04-08 11:30:06,457 - DEBUG - 
更新概率模型:
2025-04-08 11:30:06,457 - DEBUG - 多样性指标: 0.0436
2025-04-08 11:30:06,457 - DEBUG - 自适应学习率: 0.8340
2025-04-08 11:30:06,457 - DEBUG - 第84代概率模型更新完成
2025-04-08 11:30:06,457 - DEBUG - 第84代完成，当前最优解完工时间: 1935，历史最优解完工时间: 1853
2025-04-08 11:30:06,905 - DEBUG - 
更新概率模型:
2025-04-08 11:30:06,905 - DEBUG - 多样性指标: 0.0443
2025-04-08 11:30:06,905 - DEBUG - 自适应学习率: 0.8391
2025-04-08 11:30:06,905 - DEBUG - 第85代概率模型更新完成
2025-04-08 11:30:06,905 - DEBUG - 第85代完成，当前最优解完工时间: 1900，历史最优解完工时间: 1853
2025-04-08 11:30:07,357 - DEBUG - 
更新概率模型:
2025-04-08 11:30:07,357 - DEBUG - 多样性指标: 0.0429
2025-04-08 11:30:07,357 - DEBUG - 自适应学习率: 0.8306
2025-04-08 11:30:07,357 - DEBUG - 第86代概率模型更新完成
2025-04-08 11:30:07,357 - DEBUG - 第86代完成，当前最优解完工时间: 1944，历史最优解完工时间: 1853
2025-04-08 11:30:07,807 - DEBUG - 
更新概率模型:
2025-04-08 11:30:07,807 - DEBUG - 多样性指标: 0.0455
2025-04-08 11:30:07,807 - DEBUG - 自适应学习率: 0.8355
2025-04-08 11:30:07,807 - DEBUG - 第87代概率模型更新完成
2025-04-08 11:30:07,807 - DEBUG - 第87代完成，当前最优解完工时间: 1946，历史最优解完工时间: 1853
2025-04-08 11:30:08,254 - DEBUG - 
更新概率模型:
2025-04-08 11:30:08,256 - DEBUG - 多样性指标: 0.0405
2025-04-08 11:30:08,256 - DEBUG - 自适应学习率: 0.8388
2025-04-08 11:30:08,256 - DEBUG - 第88代概率模型更新完成
2025-04-08 11:30:08,256 - DEBUG - 第88代完成，当前最优解完工时间: 1909，历史最优解完工时间: 1853
2025-04-08 11:30:08,704 - DEBUG - 
更新概率模型:
2025-04-08 11:30:08,704 - DEBUG - 多样性指标: 0.0368
2025-04-08 11:30:08,704 - DEBUG - 自适应学习率: 0.8342
2025-04-08 11:30:08,704 - DEBUG - 第89代概率模型更新完成
2025-04-08 11:30:08,704 - DEBUG - 第89代完成，当前最优解完工时间: 1922，历史最优解完工时间: 1853
2025-04-08 11:30:09,147 - DEBUG - 
更新概率模型:
2025-04-08 11:30:09,147 - DEBUG - 多样性指标: 0.0391
2025-04-08 11:30:09,147 - DEBUG - 自适应学习率: 0.8358
2025-04-08 11:30:09,147 - DEBUG - 第90代概率模型更新完成
2025-04-08 11:30:09,147 - DEBUG - 第90代完成，当前最优解完工时间: 1926，历史最优解完工时间: 1853
2025-04-08 11:30:09,602 - DEBUG - 
更新概率模型:
2025-04-08 11:30:09,603 - DEBUG - 多样性指标: 0.0413
2025-04-08 11:30:09,603 - DEBUG - 自适应学习率: 0.8264
2025-04-08 11:30:09,603 - DEBUG - 第91代概率模型更新完成
2025-04-08 11:30:09,603 - DEBUG - 第91代完成，当前最优解完工时间: 1945，历史最优解完工时间: 1853
2025-04-08 11:30:10,048 - DEBUG - 
更新概率模型:
2025-04-08 11:30:10,048 - DEBUG - 多样性指标: 0.0446
2025-04-08 11:30:10,048 - DEBUG - 自适应学习率: 0.8404
2025-04-08 11:30:10,048 - DEBUG - 第92代概率模型更新完成
2025-04-08 11:30:10,048 - DEBUG - 第92代完成，当前最优解完工时间: 1905，历史最优解完工时间: 1853
2025-04-08 11:30:10,501 - DEBUG - 
更新概率模型:
2025-04-08 11:30:10,501 - DEBUG - 多样性指标: 0.0465
2025-04-08 11:30:10,501 - DEBUG - 自适应学习率: 0.8354
2025-04-08 11:30:10,501 - DEBUG - 第93代概率模型更新完成
2025-04-08 11:30:10,501 - DEBUG - 第93代完成，当前最优解完工时间: 1919，历史最优解完工时间: 1853
2025-04-08 11:30:10,947 - DEBUG - 
更新概率模型:
2025-04-08 11:30:10,947 - DEBUG - 多样性指标: 0.0463
2025-04-08 11:30:10,947 - DEBUG - 自适应学习率: 0.8381
2025-04-08 11:30:10,947 - DEBUG - 第94代概率模型更新完成
2025-04-08 11:30:10,947 - DEBUG - 第94代完成，当前最优解完工时间: 1910，历史最优解完工时间: 1853
2025-04-08 11:30:11,397 - DEBUG - 
更新概率模型:
2025-04-08 11:30:11,397 - DEBUG - 多样性指标: 0.0401
2025-04-08 11:30:11,397 - DEBUG - 自适应学习率: 0.8427
2025-04-08 11:30:11,397 - DEBUG - 第95代概率模型更新完成
2025-04-08 11:30:11,397 - DEBUG - 第95代完成，当前最优解完工时间: 1886，历史最优解完工时间: 1853
2025-04-08 11:30:11,844 - DEBUG - 
更新概率模型:
2025-04-08 11:30:11,844 - DEBUG - 多样性指标: 0.0426
2025-04-08 11:30:11,844 - DEBUG - 自适应学习率: 0.8357
2025-04-08 11:30:11,844 - DEBUG - 第96代概率模型更新完成
2025-04-08 11:30:11,844 - DEBUG - 第96代完成，当前最优解完工时间: 1920，历史最优解完工时间: 1853
2025-04-08 11:30:12,294 - DEBUG - 
更新概率模型:
2025-04-08 11:30:12,294 - DEBUG - 多样性指标: 0.0408
2025-04-08 11:30:12,294 - DEBUG - 自适应学习率: 0.8328
2025-04-08 11:30:12,294 - DEBUG - 第97代概率模型更新完成
2025-04-08 11:30:12,294 - DEBUG - 第97代完成，当前最优解完工时间: 1929，历史最优解完工时间: 1853
2025-04-08 11:30:12,745 - DEBUG - 
更新概率模型:
2025-04-08 11:30:12,745 - DEBUG - 多样性指标: 0.0453
2025-04-08 11:30:12,745 - DEBUG - 自适应学习率: 0.8401
2025-04-08 11:30:12,745 - DEBUG - 第98代概率模型更新完成
2025-04-08 11:30:12,745 - DEBUG - 第98代完成，当前最优解完工时间: 1919，历史最优解完工时间: 1853
2025-04-08 11:30:13,193 - DEBUG - 
更新概率模型:
2025-04-08 11:30:13,193 - DEBUG - 多样性指标: 0.0427
2025-04-08 11:30:13,193 - DEBUG - 自适应学习率: 0.8401
2025-04-08 11:30:13,193 - DEBUG - 第99代概率模型更新完成
2025-04-08 11:30:13,193 - DEBUG - 第99代完成，当前最优解完工时间: 1903，历史最优解完工时间: 1853
2025-04-08 11:30:13,643 - INFO - Initialization probability model completed.
2025-04-08 11:30:13,644 - INFO - In generation 1，New best makespan: 1924.00
2025-04-08 11:30:13,645 - DEBUG - 第0代完成，当前最优解完工时间: 1924，历史最优解完工时间: 1924
2025-04-08 11:30:14,099 - DEBUG - 
更新概率模型:
2025-04-08 11:30:14,099 - DEBUG - 多样性指标: 0.0399
2025-04-08 11:30:14,099 - DEBUG - 自适应学习率: 0.8355
2025-04-08 11:30:14,099 - DEBUG - 第1代概率模型更新完成
2025-04-08 11:30:14,099 - DEBUG - 第1代完成，当前最优解完工时间: 1943，历史最优解完工时间: 1924
2025-04-08 11:30:14,557 - DEBUG - 
更新概率模型:
2025-04-08 11:30:14,558 - DEBUG - 多样性指标: 0.0442
2025-04-08 11:30:14,558 - DEBUG - 自适应学习率: 0.8319
2025-04-08 11:30:14,558 - DEBUG - 第2代概率模型更新完成
2025-04-08 11:30:14,558 - DEBUG - 第2代完成，当前最优解完工时间: 1961，历史最优解完工时间: 1924
2025-04-08 11:30:15,002 - DEBUG - 
更新概率模型:
2025-04-08 11:30:15,002 - DEBUG - 多样性指标: 0.0462
2025-04-08 11:30:15,002 - DEBUG - 自适应学习率: 0.8397
2025-04-08 11:30:15,002 - DEBUG - 第3代概率模型更新完成
2025-04-08 11:30:15,002 - DEBUG - 第3代完成，当前最优解完工时间: 1928，历史最优解完工时间: 1924
2025-04-08 11:30:15,451 - DEBUG - 
更新概率模型:
2025-04-08 11:30:15,451 - DEBUG - 多样性指标: 0.0474
2025-04-08 11:30:15,452 - DEBUG - 自适应学习率: 0.8400
2025-04-08 11:30:15,452 - DEBUG - 第4代概率模型更新完成
2025-04-08 11:30:15,452 - DEBUG - 第4代完成，当前最优解完工时间: 1930，历史最优解完工时间: 1924
2025-04-08 11:30:15,900 - DEBUG - 
更新概率模型:
2025-04-08 11:30:15,900 - DEBUG - 多样性指标: 0.0417
2025-04-08 11:30:15,900 - DEBUG - 自适应学习率: 0.8358
2025-04-08 11:30:15,900 - DEBUG - 第5代概率模型更新完成
2025-04-08 11:30:15,900 - INFO - In generation 6，New best makespan: 1920.00
2025-04-08 11:30:15,901 - DEBUG - 第5代完成，当前最优解完工时间: 1920，历史最优解完工时间: 1920
2025-04-08 11:30:16,354 - DEBUG - 
更新概率模型:
2025-04-08 11:30:16,354 - DEBUG - 多样性指标: 0.0456
2025-04-08 11:30:16,354 - DEBUG - 自适应学习率: 0.8347
2025-04-08 11:30:16,354 - DEBUG - 第6代概率模型更新完成
2025-04-08 11:30:16,354 - DEBUG - 第6代完成，当前最优解完工时间: 1942，历史最优解完工时间: 1920
2025-04-08 11:30:16,801 - DEBUG - 
更新概率模型:
2025-04-08 11:30:16,801 - DEBUG - 多样性指标: 0.0460
2025-04-08 11:30:16,801 - DEBUG - 自适应学习率: 0.8343
2025-04-08 11:30:16,801 - DEBUG - 第7代概率模型更新完成
2025-04-08 11:30:16,801 - DEBUG - 第7代完成，当前最优解完工时间: 1941，历史最优解完工时间: 1920
2025-04-08 11:30:17,247 - DEBUG - 
更新概率模型:
2025-04-08 11:30:17,247 - DEBUG - 多样性指标: 0.0421
2025-04-08 11:30:17,247 - DEBUG - 自适应学习率: 0.8422
2025-04-08 11:30:17,247 - DEBUG - 第8代概率模型更新完成
2025-04-08 11:30:17,247 - INFO - In generation 9，New best makespan: 1916.00
2025-04-08 11:30:17,249 - DEBUG - 第8代完成，当前最优解完工时间: 1916，历史最优解完工时间: 1916
2025-04-08 11:30:17,695 - DEBUG - 
更新概率模型:
2025-04-08 11:30:17,695 - DEBUG - 多样性指标: 0.0364
2025-04-08 11:30:17,695 - DEBUG - 自适应学习率: 0.8255
2025-04-08 11:30:17,695 - DEBUG - 第9代概率模型更新完成
2025-04-08 11:30:17,695 - DEBUG - 第9代完成，当前最优解完工时间: 1959，历史最优解完工时间: 1916
2025-04-08 11:30:18,143 - DEBUG - 
更新概率模型:
2025-04-08 11:30:18,143 - DEBUG - 多样性指标: 0.0393
2025-04-08 11:30:18,143 - DEBUG - 自适应学习率: 0.8434
2025-04-08 11:30:18,143 - DEBUG - 第10代概率模型更新完成
2025-04-08 11:30:18,143 - INFO - In generation 11，New best makespan: 1887.00
2025-04-08 11:30:18,144 - DEBUG - 第10代完成，当前最优解完工时间: 1887，历史最优解完工时间: 1887
2025-04-08 11:30:18,594 - DEBUG - 
更新概率模型:
2025-04-08 11:30:18,594 - DEBUG - 多样性指标: 0.0421
2025-04-08 11:30:18,594 - DEBUG - 自适应学习率: 0.8299
2025-04-08 11:30:18,594 - DEBUG - 第11代概率模型更新完成
2025-04-08 11:30:18,594 - DEBUG - 第11代完成，当前最优解完工时间: 1947，历史最优解完工时间: 1887
2025-04-08 11:30:19,043 - DEBUG - 
更新概率模型:
2025-04-08 11:30:19,043 - DEBUG - 多样性指标: 0.0415
2025-04-08 11:30:19,043 - DEBUG - 自适应学习率: 0.8337
2025-04-08 11:30:19,043 - DEBUG - 第12代概率模型更新完成
2025-04-08 11:30:19,043 - DEBUG - 第12代完成，当前最优解完工时间: 1939，历史最优解完工时间: 1887
2025-04-08 11:30:19,493 - DEBUG - 
更新概率模型:
2025-04-08 11:30:19,493 - DEBUG - 多样性指标: 0.0368
2025-04-08 11:30:19,493 - DEBUG - 自适应学习率: 0.8310
2025-04-08 11:30:19,493 - DEBUG - 第13代概率模型更新完成
2025-04-08 11:30:19,493 - DEBUG - 第13代完成，当前最优解完工时间: 1943，历史最优解完工时间: 1887
2025-04-08 11:30:19,940 - DEBUG - 
更新概率模型:
2025-04-08 11:30:19,940 - DEBUG - 多样性指标: 0.0475
2025-04-08 11:30:19,940 - DEBUG - 自适应学习率: 0.8338
2025-04-08 11:30:19,940 - DEBUG - 第14代概率模型更新完成
2025-04-08 11:30:19,940 - DEBUG - 第14代完成，当前最优解完工时间: 1948，历史最优解完工时间: 1887
2025-04-08 11:30:20,386 - DEBUG - 
更新概率模型:
2025-04-08 11:30:20,386 - DEBUG - 多样性指标: 0.0475
2025-04-08 11:30:20,386 - DEBUG - 自适应学习率: 0.8338
2025-04-08 11:30:20,386 - DEBUG - 第15代概率模型更新完成
2025-04-08 11:30:20,386 - DEBUG - 第15代完成，当前最优解完工时间: 1951，历史最优解完工时间: 1887
2025-04-08 11:30:20,837 - DEBUG - 
更新概率模型:
2025-04-08 11:30:20,837 - DEBUG - 多样性指标: 0.0390
2025-04-08 11:30:20,837 - DEBUG - 自适应学习率: 0.8294
2025-04-08 11:30:20,837 - DEBUG - 第16代概率模型更新完成
2025-04-08 11:30:20,837 - DEBUG - 第16代完成，当前最优解完工时间: 1956，历史最优解完工时间: 1887
2025-04-08 11:30:21,285 - DEBUG - 
更新概率模型:
2025-04-08 11:30:21,285 - DEBUG - 多样性指标: 0.0430
2025-04-08 11:30:21,285 - DEBUG - 自适应学习率: 0.8343
2025-04-08 11:30:21,285 - DEBUG - 第17代概率模型更新完成
2025-04-08 11:30:21,285 - DEBUG - 第17代完成，当前最优解完工时间: 1940，历史最优解完工时间: 1887
2025-04-08 11:30:21,738 - DEBUG - 
更新概率模型:
2025-04-08 11:30:21,738 - DEBUG - 多样性指标: 0.0401
2025-04-08 11:30:21,738 - DEBUG - 自适应学习率: 0.8384
2025-04-08 11:30:21,738 - DEBUG - 第18代概率模型更新完成
2025-04-08 11:30:21,738 - DEBUG - 第18代完成，当前最优解完工时间: 1917，历史最优解完工时间: 1887
2025-04-08 11:30:22,189 - DEBUG - 
更新概率模型:
2025-04-08 11:30:22,189 - DEBUG - 多样性指标: 0.0423
2025-04-08 11:30:22,189 - DEBUG - 自适应学习率: 0.8378
2025-04-08 11:30:22,189 - DEBUG - 第19代概率模型更新完成
2025-04-08 11:30:22,189 - DEBUG - 第19代完成，当前最优解完工时间: 1931，历史最优解完工时间: 1887
2025-04-08 11:30:22,646 - DEBUG - 
更新概率模型:
2025-04-08 11:30:22,646 - DEBUG - 多样性指标: 0.0396
2025-04-08 11:30:22,646 - DEBUG - 自适应学习率: 0.8283
2025-04-08 11:30:22,646 - DEBUG - 第20代概率模型更新完成
2025-04-08 11:30:22,646 - DEBUG - 第20代完成，当前最优解完工时间: 1955，历史最优解完工时间: 1887
2025-04-08 11:30:23,114 - DEBUG - 
更新概率模型:
2025-04-08 11:30:23,114 - DEBUG - 多样性指标: 0.0339
2025-04-08 11:30:23,114 - DEBUG - 自适应学习率: 0.8290
2025-04-08 11:30:23,114 - DEBUG - 第21代概率模型更新完成
2025-04-08 11:30:23,114 - DEBUG - 第21代完成，当前最优解完工时间: 1942，历史最优解完工时间: 1887
2025-04-08 11:30:23,570 - DEBUG - 
更新概率模型:
2025-04-08 11:30:23,570 - DEBUG - 多样性指标: 0.0372
2025-04-08 11:30:23,570 - DEBUG - 自适应学习率: 0.8340
2025-04-08 11:30:23,570 - DEBUG - 第22代概率模型更新完成
2025-04-08 11:30:23,570 - DEBUG - 第22代完成，当前最优解完工时间: 1937，历史最优解完工时间: 1887
2025-04-08 11:30:24,017 - DEBUG - 
更新概率模型:
2025-04-08 11:30:24,017 - DEBUG - 多样性指标: 0.0431
2025-04-08 11:30:24,017 - DEBUG - 自适应学习率: 0.8348
2025-04-08 11:30:24,017 - DEBUG - 第23代概率模型更新完成
2025-04-08 11:30:24,017 - DEBUG - 第23代完成，当前最优解完工时间: 1939，历史最优解完工时间: 1887
2025-04-08 11:30:24,469 - DEBUG - 
更新概率模型:
2025-04-08 11:30:24,469 - DEBUG - 多样性指标: 0.0358
2025-04-08 11:30:24,469 - DEBUG - 自适应学习率: 0.8299
2025-04-08 11:30:24,469 - DEBUG - 第24代概率模型更新完成
2025-04-08 11:30:24,469 - DEBUG - 第24代完成，当前最优解完工时间: 1952，历史最优解完工时间: 1887
2025-04-08 11:30:24,916 - DEBUG - 
更新概率模型:
2025-04-08 11:30:24,916 - DEBUG - 多样性指标: 0.0402
2025-04-08 11:30:24,916 - DEBUG - 自适应学习率: 0.8335
2025-04-08 11:30:24,916 - DEBUG - 第25代概率模型更新完成
2025-04-08 11:30:24,916 - DEBUG - 第25代完成，当前最优解完工时间: 1939，历史最优解完工时间: 1887
2025-04-08 11:30:25,367 - DEBUG - 
更新概率模型:
2025-04-08 11:30:25,368 - DEBUG - 多样性指标: 0.0436
2025-04-08 11:30:25,368 - DEBUG - 自适应学习率: 0.8340
2025-04-08 11:30:25,368 - DEBUG - 第26代概率模型更新完成
2025-04-08 11:30:25,368 - DEBUG - 第26代完成，当前最优解完工时间: 1940，历史最优解完工时间: 1887
2025-04-08 11:30:25,810 - DEBUG - 
更新概率模型:
2025-04-08 11:30:25,812 - DEBUG - 多样性指标: 0.0452
2025-04-08 11:30:25,812 - DEBUG - 自适应学习率: 0.8351
2025-04-08 11:30:25,812 - DEBUG - 第27代概率模型更新完成
2025-04-08 11:30:25,812 - DEBUG - 第27代完成，当前最优解完工时间: 1936，历史最优解完工时间: 1887
2025-04-08 11:30:26,257 - DEBUG - 
更新概率模型:
2025-04-08 11:30:26,257 - DEBUG - 多样性指标: 0.0421
2025-04-08 11:30:26,257 - DEBUG - 自适应学习率: 0.8301
2025-04-08 11:30:26,257 - DEBUG - 第28代概率模型更新完成
2025-04-08 11:30:26,257 - DEBUG - 第28代完成，当前最优解完工时间: 1957，历史最优解完工时间: 1887
2025-04-08 11:30:26,699 - DEBUG - 
更新概率模型:
2025-04-08 11:30:26,700 - DEBUG - 多样性指标: 0.0387
2025-04-08 11:30:26,700 - DEBUG - 自适应学习率: 0.8332
2025-04-08 11:30:26,700 - DEBUG - 第29代概率模型更新完成
2025-04-08 11:30:26,700 - DEBUG - 第29代完成，当前最优解完工时间: 1935，历史最优解完工时间: 1887
2025-04-08 11:30:27,145 - DEBUG - 
更新概率模型:
2025-04-08 11:30:27,145 - DEBUG - 多样性指标: 0.0394
2025-04-08 11:30:27,145 - DEBUG - 自适应学习率: 0.8325
2025-04-08 11:30:27,145 - DEBUG - 第30代概率模型更新完成
2025-04-08 11:30:27,145 - DEBUG - 第30代完成，当前最优解完工时间: 1942，历史最优解完工时间: 1887
2025-04-08 11:30:27,595 - DEBUG - 
更新概率模型:
2025-04-08 11:30:27,595 - DEBUG - 多样性指标: 0.0395
2025-04-08 11:30:27,595 - DEBUG - 自适应学习率: 0.8331
2025-04-08 11:30:27,595 - DEBUG - 第31代概率模型更新完成
2025-04-08 11:30:27,595 - DEBUG - 第31代完成，当前最优解完工时间: 1918，历史最优解完工时间: 1887
2025-04-08 11:30:28,042 - DEBUG - 
更新概率模型:
2025-04-08 11:30:28,042 - DEBUG - 多样性指标: 0.0365
2025-04-08 11:30:28,042 - DEBUG - 自适应学习率: 0.8333
2025-04-08 11:30:28,042 - DEBUG - 第32代概率模型更新完成
2025-04-08 11:30:28,042 - DEBUG - 第32代完成，当前最优解完工时间: 1925，历史最优解完工时间: 1887
2025-04-08 11:30:28,489 - DEBUG - 
更新概率模型:
2025-04-08 11:30:28,489 - DEBUG - 多样性指标: 0.0409
2025-04-08 11:30:28,489 - DEBUG - 自适应学习率: 0.8298
2025-04-08 11:30:28,489 - DEBUG - 第33代概率模型更新完成
2025-04-08 11:30:28,489 - DEBUG - 第33代完成，当前最优解完工时间: 1940，历史最优解完工时间: 1887
2025-04-08 11:30:28,947 - DEBUG - 
更新概率模型:
2025-04-08 11:30:28,947 - DEBUG - 多样性指标: 0.0402
2025-04-08 11:30:28,947 - DEBUG - 自适应学习率: 0.8324
2025-04-08 11:30:28,947 - DEBUG - 第34代概率模型更新完成
2025-04-08 11:30:28,947 - DEBUG - 第34代完成，当前最优解完工时间: 1942，历史最优解完工时间: 1887
2025-04-08 11:30:29,394 - DEBUG - 
更新概率模型:
2025-04-08 11:30:29,394 - DEBUG - 多样性指标: 0.0398
2025-04-08 11:30:29,394 - DEBUG - 自适应学习率: 0.8432
2025-04-08 11:30:29,394 - DEBUG - 第35代概率模型更新完成
2025-04-08 11:30:29,394 - DEBUG - 第35代完成，当前最优解完工时间: 1888，历史最优解完工时间: 1887
2025-04-08 11:30:29,844 - DEBUG - 
更新概率模型:
2025-04-08 11:30:29,844 - DEBUG - 多样性指标: 0.0419
2025-04-08 11:30:29,844 - DEBUG - 自适应学习率: 0.8309
2025-04-08 11:30:29,844 - DEBUG - 第36代概率模型更新完成
2025-04-08 11:30:29,845 - DEBUG - 第36代完成，当前最优解完工时间: 1940，历史最优解完工时间: 1887
2025-04-08 11:30:30,289 - DEBUG - 
更新概率模型:
2025-04-08 11:30:30,289 - DEBUG - 多样性指标: 0.0408
2025-04-08 11:30:30,289 - DEBUG - 自适应学习率: 0.8353
2025-04-08 11:30:30,289 - DEBUG - 第37代概率模型更新完成
2025-04-08 11:30:30,289 - DEBUG - 第37代完成，当前最优解完工时间: 1929，历史最优解完工时间: 1887
2025-04-08 11:30:30,739 - DEBUG - 
更新概率模型:
2025-04-08 11:30:30,739 - DEBUG - 多样性指标: 0.0361
2025-04-08 11:30:30,739 - DEBUG - 自适应学习率: 0.8317
2025-04-08 11:30:30,739 - DEBUG - 第38代概率模型更新完成
2025-04-08 11:30:30,739 - DEBUG - 第38代完成，当前最优解完工时间: 1942，历史最优解完工时间: 1887
2025-04-08 11:30:31,185 - DEBUG - 
更新概率模型:
2025-04-08 11:30:31,185 - DEBUG - 多样性指标: 0.0386
2025-04-08 11:30:31,185 - DEBUG - 自适应学习率: 0.8268
2025-04-08 11:30:31,185 - DEBUG - 第39代概率模型更新完成
2025-04-08 11:30:31,185 - DEBUG - 第39代完成，当前最优解完工时间: 1961，历史最优解完工时间: 1887
2025-04-08 11:30:31,634 - DEBUG - 
更新概率模型:
2025-04-08 11:30:31,634 - DEBUG - 多样性指标: 0.0451
2025-04-08 11:30:31,634 - DEBUG - 自适应学习率: 0.8331
2025-04-08 11:30:31,634 - DEBUG - 第40代概率模型更新完成
2025-04-08 11:30:31,634 - DEBUG - 第40代完成，当前最优解完工时间: 1948，历史最优解完工时间: 1887
2025-04-08 11:30:32,082 - DEBUG - 
更新概率模型:
2025-04-08 11:30:32,082 - DEBUG - 多样性指标: 0.0396
2025-04-08 11:30:32,082 - DEBUG - 自适应学习率: 0.8309
2025-04-08 11:30:32,082 - DEBUG - 第41代概率模型更新完成
2025-04-08 11:30:32,082 - DEBUG - 第41代完成，当前最优解完工时间: 1953，历史最优解完工时间: 1887
2025-04-08 11:30:32,534 - DEBUG - 
更新概率模型:
2025-04-08 11:30:32,534 - DEBUG - 多样性指标: 0.0421
2025-04-08 11:30:32,534 - DEBUG - 自适应学习率: 0.8288
2025-04-08 11:30:32,534 - DEBUG - 第42代概率模型更新完成
2025-04-08 11:30:32,534 - DEBUG - 第42代完成，当前最优解完工时间: 1964，历史最优解完工时间: 1887
2025-04-08 11:30:32,977 - DEBUG - 
更新概率模型:
2025-04-08 11:30:32,977 - DEBUG - 多样性指标: 0.0400
2025-04-08 11:30:32,977 - DEBUG - 自适应学习率: 0.8319
2025-04-08 11:30:32,978 - DEBUG - 第43代概率模型更新完成
2025-04-08 11:30:32,978 - DEBUG - 第43代完成，当前最优解完工时间: 1947，历史最优解完工时间: 1887
2025-04-08 11:30:33,428 - DEBUG - 
更新概率模型:
2025-04-08 11:30:33,428 - DEBUG - 多样性指标: 0.0431
2025-04-08 11:30:33,428 - DEBUG - 自适应学习率: 0.8302
2025-04-08 11:30:33,428 - DEBUG - 第44代概率模型更新完成
2025-04-08 11:30:33,428 - DEBUG - 第44代完成，当前最优解完工时间: 1952，历史最优解完工时间: 1887
2025-04-08 11:30:33,870 - DEBUG - 
更新概率模型:
2025-04-08 11:30:33,870 - DEBUG - 多样性指标: 0.0354
2025-04-08 11:30:33,870 - DEBUG - 自适应学习率: 0.8280
2025-04-08 11:30:33,870 - DEBUG - 第45代概率模型更新完成
2025-04-08 11:30:33,870 - DEBUG - 第45代完成，当前最优解完工时间: 1967，历史最优解完工时间: 1887
2025-04-08 11:30:34,314 - DEBUG - 
更新概率模型:
2025-04-08 11:30:34,314 - DEBUG - 多样性指标: 0.0438
2025-04-08 11:30:34,314 - DEBUG - 自适应学习率: 0.8409
2025-04-08 11:30:34,314 - DEBUG - 第46代概率模型更新完成
2025-04-08 11:30:34,314 - DEBUG - 第46代完成，当前最优解完工时间: 1895，历史最优解完工时间: 1887
2025-04-08 11:30:34,760 - DEBUG - 
更新概率模型:
2025-04-08 11:30:34,760 - DEBUG - 多样性指标: 0.0401
2025-04-08 11:30:34,760 - DEBUG - 自适应学习率: 0.8301
2025-04-08 11:30:34,760 - DEBUG - 第47代概率模型更新完成
2025-04-08 11:30:34,760 - DEBUG - 第47代完成，当前最优解完工时间: 1964，历史最优解完工时间: 1887
2025-04-08 11:30:35,204 - DEBUG - 
更新概率模型:
2025-04-08 11:30:35,204 - DEBUG - 多样性指标: 0.0440
2025-04-08 11:30:35,204 - DEBUG - 自适应学习率: 0.8375
2025-04-08 11:30:35,204 - DEBUG - 第48代概率模型更新完成
2025-04-08 11:30:35,204 - DEBUG - 第48代完成，当前最优解完工时间: 1920，历史最优解完工时间: 1887
2025-04-08 11:30:35,649 - DEBUG - 
更新概率模型:
2025-04-08 11:30:35,649 - DEBUG - 多样性指标: 0.0445
2025-04-08 11:30:35,649 - DEBUG - 自适应学习率: 0.8311
2025-04-08 11:30:35,649 - DEBUG - 第49代概率模型更新完成
2025-04-08 11:30:35,649 - DEBUG - 第49代完成，当前最优解完工时间: 1945，历史最优解完工时间: 1887
2025-04-08 11:30:36,100 - DEBUG - 
更新概率模型:
2025-04-08 11:30:36,100 - DEBUG - 多样性指标: 0.0362
2025-04-08 11:30:36,100 - DEBUG - 自适应学习率: 0.8342
2025-04-08 11:30:36,100 - DEBUG - 第50代概率模型更新完成
2025-04-08 11:30:36,100 - DEBUG - 第50代完成，当前最优解完工时间: 1919，历史最优解完工时间: 1887
2025-04-08 11:30:36,552 - DEBUG - 
更新概率模型:
2025-04-08 11:30:36,552 - DEBUG - 多样性指标: 0.0430
2025-04-08 11:30:36,552 - DEBUG - 自适应学习率: 0.8351
2025-04-08 11:30:36,552 - DEBUG - 第51代概率模型更新完成
2025-04-08 11:30:36,552 - DEBUG - 第51代完成，当前最优解完工时间: 1938，历史最优解完工时间: 1887
2025-04-08 11:30:36,999 - DEBUG - 
更新概率模型:
2025-04-08 11:30:36,999 - DEBUG - 多样性指标: 0.0432
2025-04-08 11:30:36,999 - DEBUG - 自适应学习率: 0.8383
2025-04-08 11:30:36,999 - DEBUG - 第52代概率模型更新完成
2025-04-08 11:30:36,999 - DEBUG - 第52代完成，当前最优解完工时间: 1918，历史最优解完工时间: 1887
2025-04-08 11:30:37,444 - DEBUG - 
更新概率模型:
2025-04-08 11:30:37,444 - DEBUG - 多样性指标: 0.0400
2025-04-08 11:30:37,444 - DEBUG - 自适应学习率: 0.8281
2025-04-08 11:30:37,444 - DEBUG - 第53代概率模型更新完成
2025-04-08 11:30:37,444 - DEBUG - 第53代完成，当前最优解完工时间: 1966，历史最优解完工时间: 1887
2025-04-08 11:30:37,887 - DEBUG - 
更新概率模型:
2025-04-08 11:30:37,887 - DEBUG - 多样性指标: 0.0393
2025-04-08 11:30:37,887 - DEBUG - 自适应学习率: 0.8394
2025-04-08 11:30:37,887 - DEBUG - 第54代概率模型更新完成
2025-04-08 11:30:37,887 - DEBUG - 第54代完成，当前最优解完工时间: 1910，历史最优解完工时间: 1887
2025-04-08 11:30:38,331 - DEBUG - 
更新概率模型:
2025-04-08 11:30:38,331 - DEBUG - 多样性指标: 0.0445
2025-04-08 11:30:38,331 - DEBUG - 自适应学习率: 0.8360
2025-04-08 11:30:38,331 - DEBUG - 第55代概率模型更新完成
2025-04-08 11:30:38,331 - DEBUG - 第55代完成，当前最优解完工时间: 1927，历史最优解完工时间: 1887
2025-04-08 11:30:38,779 - DEBUG - 
更新概率模型:
2025-04-08 11:30:38,779 - DEBUG - 多样性指标: 0.0418
2025-04-08 11:30:38,779 - DEBUG - 自适应学习率: 0.8343
2025-04-08 11:30:38,779 - DEBUG - 第56代概率模型更新完成
2025-04-08 11:30:38,779 - DEBUG - 第56代完成，当前最优解完工时间: 1934，历史最优解完工时间: 1887
2025-04-08 11:30:39,220 - DEBUG - 
更新概率模型:
2025-04-08 11:30:39,220 - DEBUG - 多样性指标: 0.0464
2025-04-08 11:30:39,220 - DEBUG - 自适应学习率: 0.8356
2025-04-08 11:30:39,220 - DEBUG - 第57代概率模型更新完成
2025-04-08 11:30:39,220 - DEBUG - 第57代完成，当前最优解完工时间: 1921，历史最优解完工时间: 1887
2025-04-08 11:30:39,667 - DEBUG - 
更新概率模型:
2025-04-08 11:30:39,667 - DEBUG - 多样性指标: 0.0457
2025-04-08 11:30:39,667 - DEBUG - 自适应学习率: 0.8348
2025-04-08 11:30:39,667 - DEBUG - 第58代概率模型更新完成
2025-04-08 11:30:39,667 - DEBUG - 第58代完成，当前最优解完工时间: 1930，历史最优解完工时间: 1887
2025-04-08 11:30:40,112 - DEBUG - 
更新概率模型:
2025-04-08 11:30:40,113 - DEBUG - 多样性指标: 0.0423
2025-04-08 11:30:40,113 - DEBUG - 自适应学习率: 0.8340
2025-04-08 11:30:40,113 - DEBUG - 第59代概率模型更新完成
2025-04-08 11:30:40,113 - DEBUG - 第59代完成，当前最优解完工时间: 1946，历史最优解完工时间: 1887
2025-04-08 11:30:40,558 - DEBUG - 
更新概率模型:
2025-04-08 11:30:40,558 - DEBUG - 多样性指标: 0.0390
2025-04-08 11:30:40,558 - DEBUG - 自适应学习率: 0.8355
2025-04-08 11:30:40,558 - DEBUG - 第60代概率模型更新完成
2025-04-08 11:30:40,558 - DEBUG - 第60代完成，当前最优解完工时间: 1924，历史最优解完工时间: 1887
2025-04-08 11:30:41,003 - DEBUG - 
更新概率模型:
2025-04-08 11:30:41,003 - DEBUG - 多样性指标: 0.0382
2025-04-08 11:30:41,003 - DEBUG - 自适应学习率: 0.8315
2025-04-08 11:30:41,003 - DEBUG - 第61代概率模型更新完成
2025-04-08 11:30:41,003 - DEBUG - 第61代完成，当前最优解完工时间: 1940，历史最优解完工时间: 1887
2025-04-08 11:30:41,447 - DEBUG - 
更新概率模型:
2025-04-08 11:30:41,447 - DEBUG - 多样性指标: 0.0448
2025-04-08 11:30:41,447 - DEBUG - 自适应学习率: 0.8385
2025-04-08 11:30:41,447 - DEBUG - 第62代概率模型更新完成
2025-04-08 11:30:41,447 - DEBUG - 第62代完成，当前最优解完工时间: 1918，历史最优解完工时间: 1887
2025-04-08 11:30:41,893 - DEBUG - 
更新概率模型:
2025-04-08 11:30:41,893 - DEBUG - 多样性指标: 0.0415
2025-04-08 11:30:41,893 - DEBUG - 自适应学习率: 0.8349
2025-04-08 11:30:41,893 - DEBUG - 第63代概率模型更新完成
2025-04-08 11:30:41,894 - DEBUG - 第63代完成，当前最优解完工时间: 1928，历史最优解完工时间: 1887
2025-04-08 11:30:42,337 - DEBUG - 
更新概率模型:
2025-04-08 11:30:42,337 - DEBUG - 多样性指标: 0.0413
2025-04-08 11:30:42,337 - DEBUG - 自适应学习率: 0.8331
2025-04-08 11:30:42,337 - DEBUG - 第64代概率模型更新完成
2025-04-08 11:30:42,337 - DEBUG - 第64代完成，当前最优解完工时间: 1940，历史最优解完工时间: 1887
2025-04-08 11:30:42,789 - DEBUG - 
更新概率模型:
2025-04-08 11:30:42,789 - DEBUG - 多样性指标: 0.0398
2025-04-08 11:30:42,789 - DEBUG - 自适应学习率: 0.8334
2025-04-08 11:30:42,789 - DEBUG - 第65代概率模型更新完成
2025-04-08 11:30:42,789 - DEBUG - 第65代完成，当前最优解完工时间: 1950，历史最优解完工时间: 1887
2025-04-08 11:30:43,233 - DEBUG - 
更新概率模型:
2025-04-08 11:30:43,234 - DEBUG - 多样性指标: 0.0376
2025-04-08 11:30:43,234 - DEBUG - 自适应学习率: 0.8291
2025-04-08 11:30:43,234 - DEBUG - 第66代概率模型更新完成
2025-04-08 11:30:43,234 - DEBUG - 第66代完成，当前最优解完工时间: 1954，历史最优解完工时间: 1887
2025-04-08 11:30:43,680 - DEBUG - 
更新概率模型:
2025-04-08 11:30:43,680 - DEBUG - 多样性指标: 0.0403
2025-04-08 11:30:43,680 - DEBUG - 自适应学习率: 0.8344
2025-04-08 11:30:43,680 - DEBUG - 第67代概率模型更新完成
2025-04-08 11:30:43,680 - DEBUG - 第67代完成，当前最优解完工时间: 1920，历史最优解完工时间: 1887
2025-04-08 11:30:44,128 - DEBUG - 
更新概率模型:
2025-04-08 11:30:44,128 - DEBUG - 多样性指标: 0.0378
2025-04-08 11:30:44,128 - DEBUG - 自适应学习率: 0.8271
2025-04-08 11:30:44,128 - DEBUG - 第68代概率模型更新完成
2025-04-08 11:30:44,128 - DEBUG - 第68代完成，当前最优解完工时间: 1964，历史最优解完工时间: 1887
2025-04-08 11:30:44,572 - DEBUG - 
更新概率模型:
2025-04-08 11:30:44,572 - DEBUG - 多样性指标: 0.0397
2025-04-08 11:30:44,572 - DEBUG - 自适应学习率: 0.8437
2025-04-08 11:30:44,572 - DEBUG - 第69代概率模型更新完成
2025-04-08 11:30:44,572 - INFO - In generation 70，New best makespan: 1871.00
2025-04-08 11:30:44,573 - DEBUG - 第69代完成，当前最优解完工时间: 1871，历史最优解完工时间: 1871
2025-04-08 11:30:45,023 - DEBUG - 
更新概率模型:
2025-04-08 11:30:45,023 - DEBUG - 多样性指标: 0.0386
2025-04-08 11:30:45,023 - DEBUG - 自适应学习率: 0.8289
2025-04-08 11:30:45,023 - DEBUG - 第70代概率模型更新完成
2025-04-08 11:30:45,023 - DEBUG - 第70代完成，当前最优解完工时间: 1953，历史最优解完工时间: 1871
2025-04-08 11:30:45,475 - DEBUG - 
更新概率模型:
2025-04-08 11:30:45,475 - DEBUG - 多样性指标: 0.0449
2025-04-08 11:30:45,475 - DEBUG - 自适应学习率: 0.8361
2025-04-08 11:30:45,475 - DEBUG - 第71代概率模型更新完成
2025-04-08 11:30:45,475 - DEBUG - 第71代完成，当前最优解完工时间: 1915，历史最优解完工时间: 1871
2025-04-08 11:30:45,921 - DEBUG - 
更新概率模型:
2025-04-08 11:30:45,921 - DEBUG - 多样性指标: 0.0450
2025-04-08 11:30:45,921 - DEBUG - 自适应学习率: 0.8368
2025-04-08 11:30:45,921 - DEBUG - 第72代概率模型更新完成
2025-04-08 11:30:45,921 - DEBUG - 第72代完成，当前最优解完工时间: 1936，历史最优解完工时间: 1871
2025-04-08 11:30:46,371 - DEBUG - 
更新概率模型:
2025-04-08 11:30:46,371 - DEBUG - 多样性指标: 0.0366
2025-04-08 11:30:46,371 - DEBUG - 自适应学习率: 0.8407
2025-04-08 11:30:46,371 - DEBUG - 第73代概率模型更新完成
2025-04-08 11:30:46,371 - DEBUG - 第73代完成，当前最优解完工时间: 1898，历史最优解完工时间: 1871
2025-04-08 11:30:46,816 - DEBUG - 
更新概率模型:
2025-04-08 11:30:46,816 - DEBUG - 多样性指标: 0.0404
2025-04-08 11:30:46,816 - DEBUG - 自适应学习率: 0.8316
2025-04-08 11:30:46,816 - DEBUG - 第74代概率模型更新完成
2025-04-08 11:30:46,816 - DEBUG - 第74代完成，当前最优解完工时间: 1944，历史最优解完工时间: 1871
2025-04-08 11:30:47,267 - DEBUG - 
更新概率模型:
2025-04-08 11:30:47,267 - DEBUG - 多样性指标: 0.0446
2025-04-08 11:30:47,267 - DEBUG - 自适应学习率: 0.8433
2025-04-08 11:30:47,267 - DEBUG - 第75代概率模型更新完成
2025-04-08 11:30:47,267 - DEBUG - 第75代完成，当前最优解完工时间: 1892，历史最优解完工时间: 1871
2025-04-08 11:30:47,710 - DEBUG - 
更新概率模型:
2025-04-08 11:30:47,710 - DEBUG - 多样性指标: 0.0470
2025-04-08 11:30:47,710 - DEBUG - 自适应学习率: 0.8393
2025-04-08 11:30:47,710 - DEBUG - 第76代概率模型更新完成
2025-04-08 11:30:47,710 - DEBUG - 第76代完成，当前最优解完工时间: 1918，历史最优解完工时间: 1871
2025-04-08 11:30:48,153 - DEBUG - 
更新概率模型:
2025-04-08 11:30:48,153 - DEBUG - 多样性指标: 0.0415
2025-04-08 11:30:48,153 - DEBUG - 自适应学习率: 0.8328
2025-04-08 11:30:48,153 - DEBUG - 第77代概率模型更新完成
2025-04-08 11:30:48,153 - DEBUG - 第77代完成，当前最优解完工时间: 1942，历史最优解完工时间: 1871
2025-04-08 11:30:48,602 - DEBUG - 
更新概率模型:
2025-04-08 11:30:48,602 - DEBUG - 多样性指标: 0.0431
2025-04-08 11:30:48,602 - DEBUG - 自适应学习率: 0.8357
2025-04-08 11:30:48,602 - DEBUG - 第78代概率模型更新完成
2025-04-08 11:30:48,602 - DEBUG - 第78代完成，当前最优解完工时间: 1931，历史最优解完工时间: 1871
2025-04-08 11:30:49,045 - DEBUG - 
更新概率模型:
2025-04-08 11:30:49,045 - DEBUG - 多样性指标: 0.0374
2025-04-08 11:30:49,045 - DEBUG - 自适应学习率: 0.8309
2025-04-08 11:30:49,045 - DEBUG - 第79代概率模型更新完成
2025-04-08 11:30:49,045 - DEBUG - 第79代完成，当前最优解完工时间: 1947，历史最优解完工时间: 1871
2025-04-08 11:30:49,496 - DEBUG - 
更新概率模型:
2025-04-08 11:30:49,496 - DEBUG - 多样性指标: 0.0460
2025-04-08 11:30:49,496 - DEBUG - 自适应学习率: 0.8424
2025-04-08 11:30:49,496 - DEBUG - 第80代概率模型更新完成
2025-04-08 11:30:49,496 - DEBUG - 第80代完成，当前最优解完工时间: 1897，历史最优解完工时间: 1871
2025-04-08 11:30:49,947 - DEBUG - 
更新概率模型:
2025-04-08 11:30:49,947 - DEBUG - 多样性指标: 0.0450
2025-04-08 11:30:49,947 - DEBUG - 自适应学习率: 0.8331
2025-04-08 11:30:49,947 - DEBUG - 第81代概率模型更新完成
2025-04-08 11:30:49,947 - DEBUG - 第81代完成，当前最优解完工时间: 1946，历史最优解完工时间: 1871
2025-04-08 11:30:50,397 - DEBUG - 
更新概率模型:
2025-04-08 11:30:50,397 - DEBUG - 多样性指标: 0.0448
2025-04-08 11:30:50,397 - DEBUG - 自适应学习率: 0.8310
2025-04-08 11:30:50,397 - DEBUG - 第82代概率模型更新完成
2025-04-08 11:30:50,397 - DEBUG - 第82代完成，当前最优解完工时间: 1958，历史最优解完工时间: 1871
2025-04-08 11:30:50,851 - DEBUG - 
更新概率模型:
2025-04-08 11:30:50,851 - DEBUG - 多样性指标: 0.0422
2025-04-08 11:30:50,851 - DEBUG - 自适应学习率: 0.8279
2025-04-08 11:30:50,851 - DEBUG - 第83代概率模型更新完成
2025-04-08 11:30:50,851 - DEBUG - 第83代完成，当前最优解完工时间: 1958，历史最优解完工时间: 1871
2025-04-08 11:30:51,299 - DEBUG - 
更新概率模型:
2025-04-08 11:30:51,299 - DEBUG - 多样性指标: 0.0424
2025-04-08 11:30:51,299 - DEBUG - 自适应学习率: 0.8314
2025-04-08 11:30:51,299 - DEBUG - 第84代概率模型更新完成
2025-04-08 11:30:51,299 - DEBUG - 第84代完成，当前最优解完工时间: 1953，历史最优解完工时间: 1871
2025-04-08 11:30:51,745 - DEBUG - 
更新概率模型:
2025-04-08 11:30:51,745 - DEBUG - 多样性指标: 0.0429
2025-04-08 11:30:51,745 - DEBUG - 自适应学习率: 0.8394
2025-04-08 11:30:51,745 - DEBUG - 第85代概率模型更新完成
2025-04-08 11:30:51,745 - DEBUG - 第85代完成，当前最优解完工时间: 1916，历史最优解完工时间: 1871
2025-04-08 11:30:52,191 - DEBUG - 
更新概率模型:
2025-04-08 11:30:52,191 - DEBUG - 多样性指标: 0.0364
2025-04-08 11:30:52,191 - DEBUG - 自适应学习率: 0.8305
2025-04-08 11:30:52,192 - DEBUG - 第86代概率模型更新完成
2025-04-08 11:30:52,192 - DEBUG - 第86代完成，当前最优解完工时间: 1952，历史最优解完工时间: 1871
2025-04-08 11:30:52,637 - DEBUG - 
更新概率模型:
2025-04-08 11:30:52,637 - DEBUG - 多样性指标: 0.0442
2025-04-08 11:30:52,637 - DEBUG - 自适应学习率: 0.8357
2025-04-08 11:30:52,637 - DEBUG - 第87代概率模型更新完成
2025-04-08 11:30:52,637 - DEBUG - 第87代完成，当前最优解完工时间: 1937，历史最优解完工时间: 1871
2025-04-08 11:30:53,085 - DEBUG - 
更新概率模型:
2025-04-08 11:30:53,085 - DEBUG - 多样性指标: 0.0395
2025-04-08 11:30:53,085 - DEBUG - 自适应学习率: 0.8378
2025-04-08 11:30:53,085 - DEBUG - 第88代概率模型更新完成
2025-04-08 11:30:53,085 - DEBUG - 第88代完成，当前最优解完工时间: 1921，历史最优解完工时间: 1871
2025-04-08 11:30:53,550 - DEBUG - 
更新概率模型:
2025-04-08 11:30:53,550 - DEBUG - 多样性指标: 0.0332
2025-04-08 11:30:53,550 - DEBUG - 自适应学习率: 0.8291
2025-04-08 11:30:53,550 - DEBUG - 第89代概率模型更新完成
2025-04-08 11:30:53,550 - DEBUG - 第89代完成，当前最优解完工时间: 1940，历史最优解完工时间: 1871
2025-04-08 11:30:54,007 - DEBUG - 
更新概率模型:
2025-04-08 11:30:54,007 - DEBUG - 多样性指标: 0.0388
2025-04-08 11:30:54,007 - DEBUG - 自适应学习率: 0.8304
2025-04-08 11:30:54,007 - DEBUG - 第90代概率模型更新完成
2025-04-08 11:30:54,007 - DEBUG - 第90代完成，当前最优解完工时间: 1952，历史最优解完工时间: 1871
2025-04-08 11:30:54,471 - DEBUG - 
更新概率模型:
2025-04-08 11:30:54,471 - DEBUG - 多样性指标: 0.0399
2025-04-08 11:30:54,471 - DEBUG - 自适应学习率: 0.8393
2025-04-08 11:30:54,471 - DEBUG - 第91代概率模型更新完成
2025-04-08 11:30:54,471 - DEBUG - 第91代完成，当前最优解完工时间: 1924，历史最优解完工时间: 1871
2025-04-08 11:30:54,921 - DEBUG - 
更新概率模型:
2025-04-08 11:30:54,921 - DEBUG - 多样性指标: 0.0426
2025-04-08 11:30:54,921 - DEBUG - 自适应学习率: 0.8301
2025-04-08 11:30:54,921 - DEBUG - 第92代概率模型更新完成
2025-04-08 11:30:54,921 - DEBUG - 第92代完成，当前最优解完工时间: 1957，历史最优解完工时间: 1871
2025-04-08 11:30:55,383 - DEBUG - 
更新概率模型:
2025-04-08 11:30:55,383 - DEBUG - 多样性指标: 0.0401
2025-04-08 11:30:55,383 - DEBUG - 自适应学习率: 0.8303
2025-04-08 11:30:55,383 - DEBUG - 第93代概率模型更新完成
2025-04-08 11:30:55,383 - DEBUG - 第93代完成，当前最优解完工时间: 1951，历史最优解完工时间: 1871
2025-04-08 11:30:55,847 - DEBUG - 
更新概率模型:
2025-04-08 11:30:55,847 - DEBUG - 多样性指标: 0.0388
2025-04-08 11:30:55,847 - DEBUG - 自适应学习率: 0.8350
2025-04-08 11:30:55,847 - DEBUG - 第94代概率模型更新完成
2025-04-08 11:30:55,847 - DEBUG - 第94代完成，当前最优解完工时间: 1931，历史最优解完工时间: 1871
2025-04-08 11:30:56,300 - DEBUG - 
更新概率模型:
2025-04-08 11:30:56,300 - DEBUG - 多样性指标: 0.0370
2025-04-08 11:30:56,300 - DEBUG - 自适应学习率: 0.8284
2025-04-08 11:30:56,300 - DEBUG - 第95代概率模型更新完成
2025-04-08 11:30:56,300 - DEBUG - 第95代完成，当前最优解完工时间: 1957，历史最优解完工时间: 1871
2025-04-08 11:30:56,765 - DEBUG - 
更新概率模型:
2025-04-08 11:30:56,765 - DEBUG - 多样性指标: 0.0379
2025-04-08 11:30:56,765 - DEBUG - 自适应学习率: 0.8298
2025-04-08 11:30:56,765 - DEBUG - 第96代概率模型更新完成
2025-04-08 11:30:56,765 - DEBUG - 第96代完成，当前最优解完工时间: 1953，历史最优解完工时间: 1871
2025-04-08 11:30:57,226 - DEBUG - 
更新概率模型:
2025-04-08 11:30:57,226 - DEBUG - 多样性指标: 0.0382
2025-04-08 11:30:57,226 - DEBUG - 自适应学习率: 0.8284
2025-04-08 11:30:57,226 - DEBUG - 第97代概率模型更新完成
2025-04-08 11:30:57,226 - DEBUG - 第97代完成，当前最优解完工时间: 1958，历史最优解完工时间: 1871
2025-04-08 11:30:57,672 - DEBUG - 
更新概率模型:
2025-04-08 11:30:57,672 - DEBUG - 多样性指标: 0.0406
2025-04-08 11:30:57,672 - DEBUG - 自适应学习率: 0.8354
2025-04-08 11:30:57,672 - DEBUG - 第98代概率模型更新完成
2025-04-08 11:30:57,672 - DEBUG - 第98代完成，当前最优解完工时间: 1928，历史最优解完工时间: 1871
2025-04-08 11:30:58,140 - DEBUG - 
更新概率模型:
2025-04-08 11:30:58,140 - DEBUG - 多样性指标: 0.0388
2025-04-08 11:30:58,140 - DEBUG - 自适应学习率: 0.8370
2025-04-08 11:30:58,140 - DEBUG - 第99代概率模型更新完成
2025-04-08 11:30:58,140 - DEBUG - 第99代完成，当前最优解完工时间: 1922，历史最优解完工时间: 1871
