2025-04-30 01:07:31,459 - INFO - Initialization probability model completed.
2025-04-30 01:07:31,459 - INFO - In generation 1，New best makespan: 2005.00
2025-04-30 01:07:31,459 - DEBUG - 第0代完成，当前最优解完工时间: 2005，历史最优解完工时间: 2005
2025-04-30 01:07:33,697 - DEBUG - 
更新概率模型:
2025-04-30 01:07:33,699 - DEBUG - 多样性指标: 0.0454
2025-04-30 01:07:33,699 - DEBUG - 自适应学习率: 0.8361
2025-04-30 01:07:33,699 - DEBUG - 第1代概率模型更新完成
2025-04-30 01:07:33,699 - INFO - In generation 2，New best makespan: 1941.00
2025-04-30 01:07:33,699 - DEBUG - 第1代完成，当前最优解完工时间: 1941，历史最优解完工时间: 1941
2025-04-30 01:07:35,869 - DEBUG - 
更新概率模型:
2025-04-30 01:07:35,869 - DEBUG - 多样性指标: 0.1617
2025-04-30 01:07:35,869 - DEBUG - 自适应学习率: 0.9000
2025-04-30 01:07:35,869 - DEBUG - 第2代概率模型更新完成
2025-04-30 01:07:35,869 - DEBUG - 第2代完成，当前最优解完工时间: 1968，历史最优解完工时间: 1941
2025-04-30 01:07:38,181 - DEBUG - 
更新概率模型:
2025-04-30 01:07:38,181 - DEBUG - 多样性指标: 0.1552
2025-04-30 01:07:38,181 - DEBUG - 自适应学习率: 0.9000
2025-04-30 01:07:38,181 - DEBUG - 第3代概率模型更新完成
2025-04-30 01:07:38,181 - DEBUG - 第3代完成，当前最优解完工时间: 2015，历史最优解完工时间: 1941
2025-04-30 01:07:40,575 - DEBUG - 
更新概率模型:
2025-04-30 01:07:40,575 - DEBUG - 多样性指标: 0.1901
2025-04-30 01:07:40,575 - DEBUG - 自适应学习率: 0.9000
2025-04-30 01:07:40,575 - DEBUG - 第4代概率模型更新完成
2025-04-30 01:07:40,575 - DEBUG - 第4代完成，当前最优解完工时间: 1992，历史最优解完工时间: 1941
2025-04-30 01:07:43,105 - DEBUG - 
更新概率模型:
2025-04-30 01:07:43,105 - DEBUG - 多样性指标: 0.2206
2025-04-30 01:07:43,105 - DEBUG - 自适应学习率: 0.9000
2025-04-30 01:07:43,105 - DEBUG - 第5代概率模型更新完成
2025-04-30 01:07:43,105 - DEBUG - 第5代完成，当前最优解完工时间: 1943，历史最优解完工时间: 1941
2025-04-30 01:07:45,688 - DEBUG - 
更新概率模型:
2025-04-30 01:07:45,688 - DEBUG - 多样性指标: 0.2197
2025-04-30 01:07:45,688 - DEBUG - 自适应学习率: 0.9000
2025-04-30 01:07:45,688 - DEBUG - 第6代概率模型更新完成
2025-04-30 01:07:45,689 - DEBUG - 第6代完成，当前最优解完工时间: 2001，历史最优解完工时间: 1941
2025-04-30 01:07:48,115 - DEBUG - 
更新概率模型:
2025-04-30 01:07:48,115 - DEBUG - 多样性指标: 0.2488
2025-04-30 01:07:48,115 - DEBUG - 自适应学习率: 0.9000
2025-04-30 01:07:48,115 - DEBUG - 第7代概率模型更新完成
2025-04-30 01:07:48,115 - INFO - In generation 8，New best makespan: 1907.00
2025-04-30 01:07:48,116 - DEBUG - 第7代完成，当前最优解完工时间: 1907，历史最优解完工时间: 1907
2025-04-30 01:07:50,357 - DEBUG - 
更新概率模型:
2025-04-30 01:07:50,357 - DEBUG - 多样性指标: 0.2089
2025-04-30 01:07:50,357 - DEBUG - 自适应学习率: 0.9000
2025-04-30 01:07:50,357 - DEBUG - 第8代概率模型更新完成
2025-04-30 01:07:50,358 - DEBUG - 第8代完成，当前最优解完工时间: 1959，历史最优解完工时间: 1907
2025-04-30 01:07:52,594 - DEBUG - 
更新概率模型:
2025-04-30 01:07:52,594 - DEBUG - 多样性指标: 0.2226
2025-04-30 01:07:52,594 - DEBUG - 自适应学习率: 0.9000
2025-04-30 01:07:52,594 - DEBUG - 第9代概率模型更新完成
2025-04-30 01:07:52,594 - DEBUG - 第9代完成，当前最优解完工时间: 1965，历史最优解完工时间: 1907
2025-04-30 01:07:54,922 - DEBUG - 
更新概率模型:
2025-04-30 01:07:54,922 - DEBUG - 多样性指标: 0.1939
2025-04-30 01:07:54,922 - DEBUG - 自适应学习率: 0.9000
2025-04-30 01:07:54,922 - DEBUG - 第10代概率模型更新完成
2025-04-30 01:07:54,922 - DEBUG - 第10代完成，当前最优解完工时间: 1994，历史最优解完工时间: 1907
2025-04-30 01:07:57,101 - DEBUG - 
更新概率模型:
2025-04-30 01:07:57,101 - DEBUG - 多样性指标: 0.2220
2025-04-30 01:07:57,101 - DEBUG - 自适应学习率: 0.9000
2025-04-30 01:07:57,101 - DEBUG - 第11代概率模型更新完成
2025-04-30 01:07:57,101 - DEBUG - 第11代完成，当前最优解完工时间: 2001，历史最优解完工时间: 1907
2025-04-30 01:07:59,270 - DEBUG - 
更新概率模型:
2025-04-30 01:07:59,270 - DEBUG - 多样性指标: 0.2287
2025-04-30 01:07:59,270 - DEBUG - 自适应学习率: 0.9000
2025-04-30 01:07:59,270 - DEBUG - 第12代概率模型更新完成
2025-04-30 01:07:59,270 - DEBUG - 第12代完成，当前最优解完工时间: 1946，历史最优解完工时间: 1907
2025-04-30 01:08:01,455 - DEBUG - 
更新概率模型:
2025-04-30 01:08:01,455 - DEBUG - 多样性指标: 0.2306
2025-04-30 01:08:01,455 - DEBUG - 自适应学习率: 0.9000
2025-04-30 01:08:01,455 - DEBUG - 第13代概率模型更新完成
2025-04-30 01:08:01,455 - DEBUG - 第13代完成，当前最优解完工时间: 1964，历史最优解完工时间: 1907
2025-04-30 01:08:03,720 - DEBUG - 
更新概率模型:
2025-04-30 01:08:03,720 - DEBUG - 多样性指标: 0.1931
2025-04-30 01:08:03,720 - DEBUG - 自适应学习率: 0.9000
2025-04-30 01:08:03,721 - DEBUG - 第14代概率模型更新完成
2025-04-30 01:08:03,721 - DEBUG - 第14代完成，当前最优解完工时间: 1990，历史最优解完工时间: 1907
2025-04-30 01:08:05,963 - DEBUG - 
更新概率模型:
2025-04-30 01:08:05,963 - DEBUG - 多样性指标: 0.2058
2025-04-30 01:08:05,963 - DEBUG - 自适应学习率: 0.9000
2025-04-30 01:08:05,963 - DEBUG - 第15代概率模型更新完成
2025-04-30 01:08:05,963 - DEBUG - 第15代完成，当前最优解完工时间: 1980，历史最优解完工时间: 1907
2025-04-30 01:08:08,092 - DEBUG - 
更新概率模型:
2025-04-30 01:08:08,092 - DEBUG - 多样性指标: 0.2330
2025-04-30 01:08:08,092 - DEBUG - 自适应学习率: 0.9000
2025-04-30 01:08:08,092 - DEBUG - 第16代概率模型更新完成
2025-04-30 01:08:08,092 - DEBUG - 第16代完成，当前最优解完工时间: 1946，历史最优解完工时间: 1907
2025-04-30 01:08:10,382 - DEBUG - 
更新概率模型:
2025-04-30 01:08:10,382 - DEBUG - 多样性指标: 0.1797
2025-04-30 01:08:10,382 - DEBUG - 自适应学习率: 0.9000
2025-04-30 01:08:10,382 - DEBUG - 第17代概率模型更新完成
2025-04-30 01:08:10,382 - DEBUG - 第17代完成，当前最优解完工时间: 1938，历史最优解完工时间: 1907
2025-04-30 01:08:12,606 - DEBUG - 
更新概率模型:
2025-04-30 01:08:12,606 - DEBUG - 多样性指标: 0.1989
2025-04-30 01:08:12,606 - DEBUG - 自适应学习率: 0.9000
2025-04-30 01:08:12,606 - DEBUG - 第18代概率模型更新完成
2025-04-30 01:08:12,606 - DEBUG - 第18代完成，当前最优解完工时间: 2046，历史最优解完工时间: 1907
2025-04-30 01:08:14,737 - DEBUG - 
更新概率模型:
2025-04-30 01:08:14,737 - DEBUG - 多样性指标: 0.2217
2025-04-30 01:08:14,737 - DEBUG - 自适应学习率: 0.9000
2025-04-30 01:08:14,737 - DEBUG - 第19代概率模型更新完成
2025-04-30 01:08:14,737 - DEBUG - 第19代完成，当前最优解完工时间: 1922，历史最优解完工时间: 1907
2025-04-30 01:08:16,921 - DEBUG - 
更新概率模型:
2025-04-30 01:08:16,921 - DEBUG - 多样性指标: 0.2138
2025-04-30 01:08:16,921 - DEBUG - 自适应学习率: 0.9000
2025-04-30 01:08:16,921 - DEBUG - 第20代概率模型更新完成
2025-04-30 01:08:16,921 - DEBUG - 第20代完成，当前最优解完工时间: 1999，历史最优解完工时间: 1907
2025-04-30 01:08:19,182 - DEBUG - 
更新概率模型:
2025-04-30 01:08:19,182 - DEBUG - 多样性指标: 0.1727
2025-04-30 01:08:19,182 - DEBUG - 自适应学习率: 0.9000
2025-04-30 01:08:19,182 - DEBUG - 第21代概率模型更新完成
2025-04-30 01:08:19,182 - DEBUG - 第21代完成，当前最优解完工时间: 2013，历史最优解完工时间: 1907
2025-04-30 01:08:21,388 - DEBUG - 
更新概率模型:
2025-04-30 01:08:21,388 - DEBUG - 多样性指标: 0.2144
2025-04-30 01:08:21,388 - DEBUG - 自适应学习率: 0.9000
2025-04-30 01:08:21,388 - DEBUG - 第22代概率模型更新完成
2025-04-30 01:08:21,389 - DEBUG - 第22代完成，当前最优解完工时间: 1992，历史最优解完工时间: 1907
2025-04-30 01:08:23,658 - DEBUG - 
更新概率模型:
2025-04-30 01:08:23,658 - DEBUG - 多样性指标: 0.1951
2025-04-30 01:08:23,659 - DEBUG - 自适应学习率: 0.9000
2025-04-30 01:08:23,659 - DEBUG - 第23代概率模型更新完成
2025-04-30 01:08:23,659 - DEBUG - 第23代完成，当前最优解完工时间: 1980，历史最优解完工时间: 1907
2025-04-30 01:08:25,768 - DEBUG - 
更新概率模型:
2025-04-30 01:08:25,768 - DEBUG - 多样性指标: 0.2482
2025-04-30 01:08:25,768 - DEBUG - 自适应学习率: 0.9000
2025-04-30 01:08:25,768 - DEBUG - 第24代概率模型更新完成
2025-04-30 01:08:25,768 - DEBUG - 第24代完成，当前最优解完工时间: 1931，历史最优解完工时间: 1907
2025-04-30 01:08:27,993 - DEBUG - 
更新概率模型:
2025-04-30 01:08:27,993 - DEBUG - 多样性指标: 0.1828
2025-04-30 01:08:27,993 - DEBUG - 自适应学习率: 0.9000
2025-04-30 01:08:27,993 - DEBUG - 第25代概率模型更新完成
2025-04-30 01:08:27,993 - DEBUG - 第25代完成，当前最优解完工时间: 1986，历史最优解完工时间: 1907
2025-04-30 01:08:30,261 - DEBUG - 
更新概率模型:
2025-04-30 01:08:30,263 - DEBUG - 多样性指标: 0.1949
2025-04-30 01:08:30,263 - DEBUG - 自适应学习率: 0.9000
2025-04-30 01:08:30,263 - DEBUG - 第26代概率模型更新完成
2025-04-30 01:08:30,263 - DEBUG - 第26代完成，当前最优解完工时间: 1914，历史最优解完工时间: 1907
2025-04-30 01:08:32,524 - DEBUG - 
更新概率模型:
2025-04-30 01:08:32,524 - DEBUG - 多样性指标: 0.2032
2025-04-30 01:08:32,524 - DEBUG - 自适应学习率: 0.9000
2025-04-30 01:08:32,524 - DEBUG - 第27代概率模型更新完成
2025-04-30 01:08:32,524 - DEBUG - 第27代完成，当前最优解完工时间: 1976，历史最优解完工时间: 1907
2025-04-30 01:08:34,863 - DEBUG - 
更新概率模型:
2025-04-30 01:08:34,863 - DEBUG - 多样性指标: 0.2140
2025-04-30 01:08:34,863 - DEBUG - 自适应学习率: 0.9000
2025-04-30 01:08:34,863 - DEBUG - 第28代概率模型更新完成
2025-04-30 01:08:34,863 - DEBUG - 第28代完成，当前最优解完工时间: 1966，历史最优解完工时间: 1907
2025-04-30 01:08:37,115 - DEBUG - 
更新概率模型:
2025-04-30 01:08:37,115 - DEBUG - 多样性指标: 0.2024
2025-04-30 01:08:37,115 - DEBUG - 自适应学习率: 0.9000
2025-04-30 01:08:37,115 - DEBUG - 第29代概率模型更新完成
2025-04-30 01:08:37,115 - DEBUG - 第29代完成，当前最优解完工时间: 2010，历史最优解完工时间: 1907
2025-04-30 01:08:39,495 - DEBUG - 
更新概率模型:
2025-04-30 01:08:39,495 - DEBUG - 多样性指标: 0.1918
2025-04-30 01:08:39,495 - DEBUG - 自适应学习率: 0.9000
2025-04-30 01:08:39,495 - DEBUG - 第30代概率模型更新完成
2025-04-30 01:08:39,495 - DEBUG - 第30代完成，当前最优解完工时间: 1981，历史最优解完工时间: 1907
2025-04-30 01:08:41,905 - DEBUG - 
更新概率模型:
2025-04-30 01:08:41,905 - DEBUG - 多样性指标: 0.1862
2025-04-30 01:08:41,905 - DEBUG - 自适应学习率: 0.9000
2025-04-30 01:08:41,905 - DEBUG - 第31代概率模型更新完成
2025-04-30 01:08:41,905 - DEBUG - 第31代完成，当前最优解完工时间: 1982，历史最优解完工时间: 1907
2025-04-30 01:08:44,215 - DEBUG - 
更新概率模型:
2025-04-30 01:08:44,215 - DEBUG - 多样性指标: 0.2162
2025-04-30 01:08:44,215 - DEBUG - 自适应学习率: 0.9000
2025-04-30 01:08:44,215 - DEBUG - 第32代概率模型更新完成
2025-04-30 01:08:44,215 - DEBUG - 第32代完成，当前最优解完工时间: 1972，历史最优解完工时间: 1907
2025-04-30 01:08:46,889 - DEBUG - 
更新概率模型:
2025-04-30 01:08:46,889 - DEBUG - 多样性指标: 0.2166
2025-04-30 01:08:46,889 - DEBUG - 自适应学习率: 0.9000
2025-04-30 01:08:46,889 - DEBUG - 第33代概率模型更新完成
2025-04-30 01:08:46,889 - DEBUG - 第33代完成，当前最优解完工时间: 1946，历史最优解完工时间: 1907
2025-04-30 01:08:49,462 - DEBUG - 
更新概率模型:
2025-04-30 01:08:49,462 - DEBUG - 多样性指标: 0.1875
2025-04-30 01:08:49,462 - DEBUG - 自适应学习率: 0.9000
2025-04-30 01:08:49,462 - DEBUG - 第34代概率模型更新完成
2025-04-30 01:08:49,462 - DEBUG - 第34代完成，当前最优解完工时间: 1994，历史最优解完工时间: 1907
2025-04-30 01:08:52,017 - DEBUG - 
更新概率模型:
2025-04-30 01:08:52,017 - DEBUG - 多样性指标: 0.2028
2025-04-30 01:08:52,017 - DEBUG - 自适应学习率: 0.9000
2025-04-30 01:08:52,017 - DEBUG - 第35代概率模型更新完成
2025-04-30 01:08:52,017 - DEBUG - 第35代完成，当前最优解完工时间: 1973，历史最优解完工时间: 1907
2025-04-30 01:08:54,733 - DEBUG - 
更新概率模型:
2025-04-30 01:08:54,734 - DEBUG - 多样性指标: 0.1999
2025-04-30 01:08:54,734 - DEBUG - 自适应学习率: 0.9000
2025-04-30 01:08:54,734 - DEBUG - 第36代概率模型更新完成
2025-04-30 01:08:54,734 - DEBUG - 第36代完成，当前最优解完工时间: 1948，历史最优解完工时间: 1907
2025-04-30 01:08:57,307 - DEBUG - 
更新概率模型:
2025-04-30 01:08:57,307 - DEBUG - 多样性指标: 0.2021
2025-04-30 01:08:57,307 - DEBUG - 自适应学习率: 0.9000
2025-04-30 01:08:57,307 - DEBUG - 第37代概率模型更新完成
2025-04-30 01:08:57,307 - DEBUG - 第37代完成，当前最优解完工时间: 1962，历史最优解完工时间: 1907
2025-04-30 01:08:59,826 - DEBUG - 
更新概率模型:
2025-04-30 01:08:59,826 - DEBUG - 多样性指标: 0.1958
2025-04-30 01:08:59,826 - DEBUG - 自适应学习率: 0.9000
2025-04-30 01:08:59,826 - DEBUG - 第38代概率模型更新完成
2025-04-30 01:08:59,826 - DEBUG - 第38代完成，当前最优解完工时间: 1916，历史最优解完工时间: 1907
2025-04-30 01:09:02,447 - DEBUG - 
更新概率模型:
2025-04-30 01:09:02,447 - DEBUG - 多样性指标: 0.2326
2025-04-30 01:09:02,447 - DEBUG - 自适应学习率: 0.9000
2025-04-30 01:09:02,447 - DEBUG - 第39代概率模型更新完成
2025-04-30 01:09:02,447 - DEBUG - 第39代完成，当前最优解完工时间: 1954，历史最优解完工时间: 1907
2025-04-30 01:09:05,004 - DEBUG - 
更新概率模型:
2025-04-30 01:09:05,004 - DEBUG - 多样性指标: 0.1879
2025-04-30 01:09:05,004 - DEBUG - 自适应学习率: 0.9000
2025-04-30 01:09:05,004 - DEBUG - 第40代概率模型更新完成
2025-04-30 01:09:05,004 - DEBUG - 第40代完成，当前最优解完工时间: 1956，历史最优解完工时间: 1907
2025-04-30 01:09:07,330 - DEBUG - 
更新概率模型:
2025-04-30 01:09:07,330 - DEBUG - 多样性指标: 0.2139
2025-04-30 01:09:07,330 - DEBUG - 自适应学习率: 0.9000
2025-04-30 01:09:07,330 - DEBUG - 第41代概率模型更新完成
2025-04-30 01:09:07,330 - DEBUG - 第41代完成，当前最优解完工时间: 1970，历史最优解完工时间: 1907
2025-04-30 01:09:09,739 - DEBUG - 
更新概率模型:
2025-04-30 01:09:09,739 - DEBUG - 多样性指标: 0.1858
2025-04-30 01:09:09,739 - DEBUG - 自适应学习率: 0.9000
2025-04-30 01:09:09,739 - DEBUG - 第42代概率模型更新完成
2025-04-30 01:09:09,739 - DEBUG - 第42代完成，当前最优解完工时间: 1962，历史最优解完工时间: 1907
2025-04-30 01:09:12,060 - DEBUG - 
更新概率模型:
2025-04-30 01:09:12,060 - DEBUG - 多样性指标: 0.2299
2025-04-30 01:09:12,060 - DEBUG - 自适应学习率: 0.9000
2025-04-30 01:09:12,060 - DEBUG - 第43代概率模型更新完成
2025-04-30 01:09:12,060 - DEBUG - 第43代完成，当前最优解完工时间: 1943，历史最优解完工时间: 1907
2025-04-30 01:09:14,500 - DEBUG - 
更新概率模型:
2025-04-30 01:09:14,500 - DEBUG - 多样性指标: 0.1958
2025-04-30 01:09:14,500 - DEBUG - 自适应学习率: 0.9000
2025-04-30 01:09:14,500 - DEBUG - 第44代概率模型更新完成
2025-04-30 01:09:14,501 - DEBUG - 第44代完成，当前最优解完工时间: 1988，历史最优解完工时间: 1907
2025-04-30 01:09:16,822 - DEBUG - 
更新概率模型:
2025-04-30 01:09:16,822 - DEBUG - 多样性指标: 0.1980
2025-04-30 01:09:16,822 - DEBUG - 自适应学习率: 0.9000
2025-04-30 01:09:16,822 - DEBUG - 第45代概率模型更新完成
2025-04-30 01:09:16,822 - DEBUG - 第45代完成，当前最优解完工时间: 1943，历史最优解完工时间: 1907
2025-04-30 01:09:19,123 - DEBUG - 
更新概率模型:
2025-04-30 01:09:19,123 - DEBUG - 多样性指标: 0.2013
2025-04-30 01:09:19,123 - DEBUG - 自适应学习率: 0.9000
2025-04-30 01:09:19,123 - DEBUG - 第46代概率模型更新完成
2025-04-30 01:09:19,123 - DEBUG - 第46代完成，当前最优解完工时间: 1924，历史最优解完工时间: 1907
2025-04-30 01:09:21,272 - DEBUG - 
更新概率模型:
2025-04-30 01:09:21,272 - DEBUG - 多样性指标: 0.2185
2025-04-30 01:09:21,272 - DEBUG - 自适应学习率: 0.9000
2025-04-30 01:09:21,272 - DEBUG - 第47代概率模型更新完成
2025-04-30 01:09:21,272 - DEBUG - 第47代完成，当前最优解完工时间: 1956，历史最优解完工时间: 1907
2025-04-30 01:09:23,478 - DEBUG - 
更新概率模型:
2025-04-30 01:09:23,478 - DEBUG - 多样性指标: 0.1831
2025-04-30 01:09:23,478 - DEBUG - 自适应学习率: 0.9000
2025-04-30 01:09:23,478 - DEBUG - 第48代概率模型更新完成
2025-04-30 01:09:23,478 - DEBUG - 第48代完成，当前最优解完工时间: 1986，历史最优解完工时间: 1907
2025-04-30 01:09:25,808 - DEBUG - 
更新概率模型:
2025-04-30 01:09:25,808 - DEBUG - 多样性指标: 0.1670
2025-04-30 01:09:25,808 - DEBUG - 自适应学习率: 0.9000
2025-04-30 01:09:25,808 - DEBUG - 第49代概率模型更新完成
2025-04-30 01:09:25,808 - DEBUG - 第49代完成，当前最优解完工时间: 1998，历史最优解完工时间: 1907
2025-04-30 01:09:27,919 - DEBUG - 
更新概率模型:
2025-04-30 01:09:27,919 - DEBUG - 多样性指标: 0.2286
2025-04-30 01:09:27,919 - DEBUG - 自适应学习率: 0.9000
2025-04-30 01:09:27,919 - DEBUG - 第50代概率模型更新完成
2025-04-30 01:09:27,919 - DEBUG - 第50代完成，当前最优解完工时间: 1931，历史最优解完工时间: 1907
2025-04-30 01:09:30,204 - DEBUG - 
更新概率模型:
2025-04-30 01:09:30,204 - DEBUG - 多样性指标: 0.1888
2025-04-30 01:09:30,204 - DEBUG - 自适应学习率: 0.9000
2025-04-30 01:09:30,204 - DEBUG - 第51代概率模型更新完成
2025-04-30 01:09:30,205 - DEBUG - 第51代完成，当前最优解完工时间: 1951，历史最优解完工时间: 1907
2025-04-30 01:09:32,377 - DEBUG - 
更新概率模型:
2025-04-30 01:09:32,377 - DEBUG - 多样性指标: 0.2072
2025-04-30 01:09:32,377 - DEBUG - 自适应学习率: 0.9000
2025-04-30 01:09:32,377 - DEBUG - 第52代概率模型更新完成
2025-04-30 01:09:32,377 - DEBUG - 第52代完成，当前最优解完工时间: 2014，历史最优解完工时间: 1907
2025-04-30 01:09:34,586 - DEBUG - 
更新概率模型:
2025-04-30 01:09:34,587 - DEBUG - 多样性指标: 0.2011
2025-04-30 01:09:34,587 - DEBUG - 自适应学习率: 0.9000
2025-04-30 01:09:34,587 - DEBUG - 第53代概率模型更新完成
2025-04-30 01:09:34,587 - DEBUG - 第53代完成，当前最优解完工时间: 1982，历史最优解完工时间: 1907
2025-04-30 01:09:36,817 - DEBUG - 
更新概率模型:
2025-04-30 01:09:36,817 - DEBUG - 多样性指标: 0.2044
2025-04-30 01:09:36,817 - DEBUG - 自适应学习率: 0.9000
2025-04-30 01:09:36,817 - DEBUG - 第54代概率模型更新完成
2025-04-30 01:09:36,817 - DEBUG - 第54代完成，当前最优解完工时间: 1960，历史最优解完工时间: 1907
2025-04-30 01:09:39,118 - DEBUG - 
更新概率模型:
2025-04-30 01:09:39,118 - DEBUG - 多样性指标: 0.1727
2025-04-30 01:09:39,118 - DEBUG - 自适应学习率: 0.9000
2025-04-30 01:09:39,118 - DEBUG - 第55代概率模型更新完成
2025-04-30 01:09:39,118 - DEBUG - 第55代完成，当前最优解完工时间: 2001，历史最优解完工时间: 1907
2025-04-30 01:09:41,349 - DEBUG - 
更新概率模型:
2025-04-30 01:09:41,349 - DEBUG - 多样性指标: 0.2188
2025-04-30 01:09:41,349 - DEBUG - 自适应学习率: 0.9000
2025-04-30 01:09:41,349 - DEBUG - 第56代概率模型更新完成
2025-04-30 01:09:41,349 - DEBUG - 第56代完成，当前最优解完工时间: 1987，历史最优解完工时间: 1907
2025-04-30 01:09:43,573 - DEBUG - 
更新概率模型:
2025-04-30 01:09:43,573 - DEBUG - 多样性指标: 0.2090
2025-04-30 01:09:43,573 - DEBUG - 自适应学习率: 0.9000
2025-04-30 01:09:43,573 - DEBUG - 第57代概率模型更新完成
2025-04-30 01:09:43,573 - DEBUG - 第57代完成，当前最优解完工时间: 1970，历史最优解完工时间: 1907
2025-04-30 01:09:45,825 - DEBUG - 
更新概率模型:
2025-04-30 01:09:45,825 - DEBUG - 多样性指标: 0.1871
2025-04-30 01:09:45,825 - DEBUG - 自适应学习率: 0.9000
2025-04-30 01:09:45,825 - DEBUG - 第58代概率模型更新完成
2025-04-30 01:09:45,825 - DEBUG - 第58代完成，当前最优解完工时间: 1988，历史最优解完工时间: 1907
2025-04-30 01:09:48,014 - DEBUG - 
更新概率模型:
2025-04-30 01:09:48,014 - DEBUG - 多样性指标: 0.2142
2025-04-30 01:09:48,014 - DEBUG - 自适应学习率: 0.9000
2025-04-30 01:09:48,015 - DEBUG - 第59代概率模型更新完成
2025-04-30 01:09:48,015 - DEBUG - 第59代完成，当前最优解完工时间: 1958，历史最优解完工时间: 1907
2025-04-30 01:09:50,125 - DEBUG - 
更新概率模型:
2025-04-30 01:09:50,125 - DEBUG - 多样性指标: 0.2423
2025-04-30 01:09:50,125 - DEBUG - 自适应学习率: 0.9000
2025-04-30 01:09:50,125 - DEBUG - 第60代概率模型更新完成
2025-04-30 01:09:50,125 - DEBUG - 第60代完成，当前最优解完工时间: 1931，历史最优解完工时间: 1907
2025-04-30 01:09:52,405 - DEBUG - 
更新概率模型:
2025-04-30 01:09:52,405 - DEBUG - 多样性指标: 0.1923
2025-04-30 01:09:52,405 - DEBUG - 自适应学习率: 0.9000
2025-04-30 01:09:52,405 - DEBUG - 第61代概率模型更新完成
2025-04-30 01:09:52,405 - DEBUG - 第61代完成，当前最优解完工时间: 1979，历史最优解完工时间: 1907
2025-04-30 01:09:54,684 - DEBUG - 
更新概率模型:
2025-04-30 01:09:54,684 - DEBUG - 多样性指标: 0.1943
2025-04-30 01:09:54,684 - DEBUG - 自适应学习率: 0.9000
2025-04-30 01:09:54,684 - DEBUG - 第62代概率模型更新完成
2025-04-30 01:09:54,684 - DEBUG - 第62代完成，当前最优解完工时间: 1989，历史最优解完工时间: 1907
2025-04-30 01:09:57,065 - DEBUG - 
更新概率模型:
2025-04-30 01:09:57,065 - DEBUG - 多样性指标: 0.2107
2025-04-30 01:09:57,065 - DEBUG - 自适应学习率: 0.9000
2025-04-30 01:09:57,065 - DEBUG - 第63代概率模型更新完成
2025-04-30 01:09:57,065 - DEBUG - 第63代完成，当前最优解完工时间: 1962，历史最优解完工时间: 1907
2025-04-30 01:09:59,220 - DEBUG - 
更新概率模型:
2025-04-30 01:09:59,220 - DEBUG - 多样性指标: 0.2192
2025-04-30 01:09:59,220 - DEBUG - 自适应学习率: 0.9000
2025-04-30 01:09:59,220 - DEBUG - 第64代概率模型更新完成
2025-04-30 01:09:59,220 - DEBUG - 第64代完成，当前最优解完工时间: 1954，历史最优解完工时间: 1907
2025-04-30 01:10:01,539 - DEBUG - 
更新概率模型:
2025-04-30 01:10:01,539 - DEBUG - 多样性指标: 0.1857
2025-04-30 01:10:01,539 - DEBUG - 自适应学习率: 0.9000
2025-04-30 01:10:01,539 - DEBUG - 第65代概率模型更新完成
2025-04-30 01:10:01,539 - DEBUG - 第65代完成，当前最优解完工时间: 1967，历史最优解完工时间: 1907
2025-04-30 01:10:03,874 - DEBUG - 
更新概率模型:
2025-04-30 01:10:03,874 - DEBUG - 多样性指标: 0.1943
2025-04-30 01:10:03,874 - DEBUG - 自适应学习率: 0.9000
2025-04-30 01:10:03,874 - DEBUG - 第66代概率模型更新完成
2025-04-30 01:10:03,874 - DEBUG - 第66代完成，当前最优解完工时间: 1920，历史最优解完工时间: 1907
2025-04-30 01:10:06,313 - DEBUG - 
更新概率模型:
2025-04-30 01:10:06,313 - DEBUG - 多样性指标: 0.1590
2025-04-30 01:10:06,313 - DEBUG - 自适应学习率: 0.9000
2025-04-30 01:10:06,313 - DEBUG - 第67代概率模型更新完成
2025-04-30 01:10:06,313 - DEBUG - 第67代完成，当前最优解完工时间: 1939，历史最优解完工时间: 1907
2025-04-30 01:10:08,566 - DEBUG - 
更新概率模型:
2025-04-30 01:10:08,567 - DEBUG - 多样性指标: 0.1924
2025-04-30 01:10:08,567 - DEBUG - 自适应学习率: 0.9000
2025-04-30 01:10:08,567 - DEBUG - 第68代概率模型更新完成
2025-04-30 01:10:08,567 - DEBUG - 第68代完成，当前最优解完工时间: 1965，历史最优解完工时间: 1907
2025-04-30 01:10:10,705 - DEBUG - 
更新概率模型:
2025-04-30 01:10:10,705 - DEBUG - 多样性指标: 0.2107
2025-04-30 01:10:10,705 - DEBUG - 自适应学习率: 0.9000
2025-04-30 01:10:10,705 - DEBUG - 第69代概率模型更新完成
2025-04-30 01:10:10,705 - DEBUG - 第69代完成，当前最优解完工时间: 1997，历史最优解完工时间: 1907
2025-04-30 01:10:12,838 - DEBUG - 
更新概率模型:
2025-04-30 01:10:12,838 - DEBUG - 多样性指标: 0.2044
2025-04-30 01:10:12,838 - DEBUG - 自适应学习率: 0.9000
2025-04-30 01:10:12,838 - DEBUG - 第70代概率模型更新完成
2025-04-30 01:10:12,838 - DEBUG - 第70代完成，当前最优解完工时间: 1986，历史最优解完工时间: 1907
2025-04-30 01:10:15,028 - DEBUG - 
更新概率模型:
2025-04-30 01:10:15,028 - DEBUG - 多样性指标: 0.1931
2025-04-30 01:10:15,028 - DEBUG - 自适应学习率: 0.9000
2025-04-30 01:10:15,028 - DEBUG - 第71代概率模型更新完成
2025-04-30 01:10:15,028 - DEBUG - 第71代完成，当前最优解完工时间: 1944，历史最优解完工时间: 1907
2025-04-30 01:10:17,214 - DEBUG - 
更新概率模型:
2025-04-30 01:10:17,214 - DEBUG - 多样性指标: 0.2178
2025-04-30 01:10:17,214 - DEBUG - 自适应学习率: 0.9000
2025-04-30 01:10:17,214 - DEBUG - 第72代概率模型更新完成
2025-04-30 01:10:17,214 - DEBUG - 第72代完成，当前最优解完工时间: 1933，历史最优解完工时间: 1907
2025-04-30 01:10:19,484 - DEBUG - 
更新概率模型:
2025-04-30 01:10:19,484 - DEBUG - 多样性指标: 0.1789
2025-04-30 01:10:19,484 - DEBUG - 自适应学习率: 0.9000
2025-04-30 01:10:19,485 - DEBUG - 第73代概率模型更新完成
2025-04-30 01:10:19,485 - DEBUG - 第73代完成，当前最优解完工时间: 1950，历史最优解完工时间: 1907
2025-04-30 01:10:21,705 - DEBUG - 
更新概率模型:
2025-04-30 01:10:21,705 - DEBUG - 多样性指标: 0.1788
2025-04-30 01:10:21,705 - DEBUG - 自适应学习率: 0.9000
2025-04-30 01:10:21,705 - DEBUG - 第74代概率模型更新完成
2025-04-30 01:10:21,705 - DEBUG - 第74代完成，当前最优解完工时间: 1955，历史最优解完工时间: 1907
2025-04-30 01:10:24,027 - DEBUG - 
更新概率模型:
2025-04-30 01:10:24,027 - DEBUG - 多样性指标: 0.1686
2025-04-30 01:10:24,027 - DEBUG - 自适应学习率: 0.9000
2025-04-30 01:10:24,027 - DEBUG - 第75代概率模型更新完成
2025-04-30 01:10:24,028 - DEBUG - 第75代完成，当前最优解完工时间: 2008，历史最优解完工时间: 1907
2025-04-30 01:10:26,189 - DEBUG - 
更新概率模型:
2025-04-30 01:10:26,189 - DEBUG - 多样性指标: 0.2236
2025-04-30 01:10:26,189 - DEBUG - 自适应学习率: 0.9000
2025-04-30 01:10:26,189 - DEBUG - 第76代概率模型更新完成
2025-04-30 01:10:26,189 - DEBUG - 第76代完成，当前最优解完工时间: 1951，历史最优解完工时间: 1907
2025-04-30 01:10:28,259 - DEBUG - 
更新概率模型:
2025-04-30 01:10:28,259 - DEBUG - 多样性指标: 0.2347
2025-04-30 01:10:28,259 - DEBUG - 自适应学习率: 0.9000
2025-04-30 01:10:28,259 - DEBUG - 第77代概率模型更新完成
2025-04-30 01:10:28,259 - DEBUG - 第77代完成，当前最优解完工时间: 1939，历史最优解完工时间: 1907
2025-04-30 01:10:30,457 - DEBUG - 
更新概率模型:
2025-04-30 01:10:30,457 - DEBUG - 多样性指标: 0.2068
2025-04-30 01:10:30,457 - DEBUG - 自适应学习率: 0.9000
2025-04-30 01:10:30,457 - DEBUG - 第78代概率模型更新完成
2025-04-30 01:10:30,457 - DEBUG - 第78代完成，当前最优解完工时间: 1974，历史最优解完工时间: 1907
2025-04-30 01:10:32,636 - DEBUG - 
更新概率模型:
2025-04-30 01:10:32,637 - DEBUG - 多样性指标: 0.2015
2025-04-30 01:10:32,637 - DEBUG - 自适应学习率: 0.9000
2025-04-30 01:10:32,637 - DEBUG - 第79代概率模型更新完成
2025-04-30 01:10:32,637 - DEBUG - 第79代完成，当前最优解完工时间: 1962，历史最优解完工时间: 1907
2025-04-30 01:10:34,855 - DEBUG - 
更新概率模型:
2025-04-30 01:10:34,855 - DEBUG - 多样性指标: 0.1839
2025-04-30 01:10:34,855 - DEBUG - 自适应学习率: 0.9000
2025-04-30 01:10:34,855 - DEBUG - 第80代概率模型更新完成
2025-04-30 01:10:34,855 - DEBUG - 第80代完成，当前最优解完工时间: 1958，历史最优解完工时间: 1907
2025-04-30 01:10:36,959 - DEBUG - 
更新概率模型:
2025-04-30 01:10:36,959 - DEBUG - 多样性指标: 0.2269
2025-04-30 01:10:36,959 - DEBUG - 自适应学习率: 0.9000
2025-04-30 01:10:36,959 - DEBUG - 第81代概率模型更新完成
2025-04-30 01:10:36,959 - DEBUG - 第81代完成，当前最优解完工时间: 1938，历史最优解完工时间: 1907
2025-04-30 01:10:39,132 - DEBUG - 
更新概率模型:
2025-04-30 01:10:39,132 - DEBUG - 多样性指标: 0.1887
2025-04-30 01:10:39,132 - DEBUG - 自适应学习率: 0.9000
2025-04-30 01:10:39,132 - DEBUG - 第82代概率模型更新完成
2025-04-30 01:10:39,132 - DEBUG - 第82代完成，当前最优解完工时间: 1969，历史最优解完工时间: 1907
2025-04-30 01:10:41,345 - DEBUG - 
更新概率模型:
2025-04-30 01:10:41,345 - DEBUG - 多样性指标: 0.1778
2025-04-30 01:10:41,345 - DEBUG - 自适应学习率: 0.9000
2025-04-30 01:10:41,345 - DEBUG - 第83代概率模型更新完成
2025-04-30 01:10:41,345 - DEBUG - 第83代完成，当前最优解完工时间: 1961，历史最优解完工时间: 1907
2025-04-30 01:10:43,467 - DEBUG - 
更新概率模型:
2025-04-30 01:10:43,467 - DEBUG - 多样性指标: 0.2216
2025-04-30 01:10:43,467 - DEBUG - 自适应学习率: 0.9000
2025-04-30 01:10:43,467 - DEBUG - 第84代概率模型更新完成
2025-04-30 01:10:43,467 - DEBUG - 第84代完成，当前最优解完工时间: 1948，历史最优解完工时间: 1907
2025-04-30 01:10:45,677 - DEBUG - 
更新概率模型:
2025-04-30 01:10:45,677 - DEBUG - 多样性指标: 0.1881
2025-04-30 01:10:45,677 - DEBUG - 自适应学习率: 0.9000
2025-04-30 01:10:45,677 - DEBUG - 第85代概率模型更新完成
2025-04-30 01:10:45,677 - DEBUG - 第85代完成，当前最优解完工时间: 1983，历史最优解完工时间: 1907
2025-04-30 01:10:48,004 - DEBUG - 
更新概率模型:
2025-04-30 01:10:48,004 - DEBUG - 多样性指标: 0.1938
2025-04-30 01:10:48,005 - DEBUG - 自适应学习率: 0.9000
2025-04-30 01:10:48,005 - DEBUG - 第86代概率模型更新完成
2025-04-30 01:10:48,005 - DEBUG - 第86代完成，当前最优解完工时间: 1946，历史最优解完工时间: 1907
2025-04-30 01:10:50,196 - DEBUG - 
更新概率模型:
2025-04-30 01:10:50,196 - DEBUG - 多样性指标: 0.2189
2025-04-30 01:10:50,196 - DEBUG - 自适应学习率: 0.9000
2025-04-30 01:10:50,196 - DEBUG - 第87代概率模型更新完成
2025-04-30 01:10:50,196 - DEBUG - 第87代完成，当前最优解完工时间: 1995，历史最优解完工时间: 1907
2025-04-30 01:10:52,455 - DEBUG - 
更新概率模型:
2025-04-30 01:10:52,456 - DEBUG - 多样性指标: 0.2124
2025-04-30 01:10:52,456 - DEBUG - 自适应学习率: 0.9000
2025-04-30 01:10:52,456 - DEBUG - 第88代概率模型更新完成
2025-04-30 01:10:52,456 - DEBUG - 第88代完成，当前最优解完工时间: 1967，历史最优解完工时间: 1907
2025-04-30 01:10:54,705 - DEBUG - 
更新概率模型:
2025-04-30 01:10:54,705 - DEBUG - 多样性指标: 0.2004
2025-04-30 01:10:54,705 - DEBUG - 自适应学习率: 0.9000
2025-04-30 01:10:54,705 - DEBUG - 第89代概率模型更新完成
2025-04-30 01:10:54,705 - DEBUG - 第89代完成，当前最优解完工时间: 1964，历史最优解完工时间: 1907
2025-04-30 01:10:56,973 - DEBUG - 
更新概率模型:
2025-04-30 01:10:56,973 - DEBUG - 多样性指标: 0.2072
2025-04-30 01:10:56,973 - DEBUG - 自适应学习率: 0.9000
2025-04-30 01:10:56,973 - DEBUG - 第90代概率模型更新完成
2025-04-30 01:10:56,973 - DEBUG - 第90代完成，当前最优解完工时间: 1966，历史最优解完工时间: 1907
2025-04-30 01:10:59,255 - DEBUG - 
更新概率模型:
2025-04-30 01:10:59,255 - DEBUG - 多样性指标: 0.2003
2025-04-30 01:10:59,255 - DEBUG - 自适应学习率: 0.9000
2025-04-30 01:10:59,255 - DEBUG - 第91代概率模型更新完成
2025-04-30 01:10:59,255 - DEBUG - 第91代完成，当前最优解完工时间: 1948，历史最优解完工时间: 1907
2025-04-30 01:11:01,446 - DEBUG - 
更新概率模型:
2025-04-30 01:11:01,446 - DEBUG - 多样性指标: 0.2071
2025-04-30 01:11:01,446 - DEBUG - 自适应学习率: 0.9000
2025-04-30 01:11:01,446 - DEBUG - 第92代概率模型更新完成
2025-04-30 01:11:01,446 - DEBUG - 第92代完成，当前最优解完工时间: 1965，历史最优解完工时间: 1907
2025-04-30 01:11:03,634 - DEBUG - 
更新概率模型:
2025-04-30 01:11:03,634 - DEBUG - 多样性指标: 0.1979
2025-04-30 01:11:03,634 - DEBUG - 自适应学习率: 0.9000
2025-04-30 01:11:03,634 - DEBUG - 第93代概率模型更新完成
2025-04-30 01:11:03,634 - DEBUG - 第93代完成，当前最优解完工时间: 1914，历史最优解完工时间: 1907
2025-04-30 01:11:05,707 - DEBUG - 
更新概率模型:
2025-04-30 01:11:05,707 - DEBUG - 多样性指标: 0.2369
2025-04-30 01:11:05,707 - DEBUG - 自适应学习率: 0.9000
2025-04-30 01:11:05,707 - DEBUG - 第94代概率模型更新完成
2025-04-30 01:11:05,707 - DEBUG - 第94代完成，当前最优解完工时间: 1986，历史最优解完工时间: 1907
2025-04-30 01:11:07,834 - DEBUG - 
更新概率模型:
2025-04-30 01:11:07,834 - DEBUG - 多样性指标: 0.2155
2025-04-30 01:11:07,834 - DEBUG - 自适应学习率: 0.9000
2025-04-30 01:11:07,834 - DEBUG - 第95代概率模型更新完成
2025-04-30 01:11:07,834 - DEBUG - 第95代完成，当前最优解完工时间: 1974，历史最优解完工时间: 1907
2025-04-30 01:11:09,997 - DEBUG - 
更新概率模型:
2025-04-30 01:11:09,997 - DEBUG - 多样性指标: 0.2105
2025-04-30 01:11:09,997 - DEBUG - 自适应学习率: 0.9000
2025-04-30 01:11:09,997 - DEBUG - 第96代概率模型更新完成
2025-04-30 01:11:09,997 - DEBUG - 第96代完成，当前最优解完工时间: 1955，历史最优解完工时间: 1907
2025-04-30 01:11:12,141 - DEBUG - 
更新概率模型:
2025-04-30 01:11:12,141 - DEBUG - 多样性指标: 0.2172
2025-04-30 01:11:12,141 - DEBUG - 自适应学习率: 0.9000
2025-04-30 01:11:12,141 - DEBUG - 第97代概率模型更新完成
2025-04-30 01:11:12,141 - DEBUG - 第97代完成，当前最优解完工时间: 1941，历史最优解完工时间: 1907
2025-04-30 01:11:14,261 - DEBUG - 
更新概率模型:
2025-04-30 01:11:14,261 - DEBUG - 多样性指标: 0.2222
2025-04-30 01:11:14,261 - DEBUG - 自适应学习率: 0.9000
2025-04-30 01:11:14,261 - DEBUG - 第98代概率模型更新完成
2025-04-30 01:11:14,261 - DEBUG - 第98代完成，当前最优解完工时间: 1971，历史最优解完工时间: 1907
2025-04-30 01:11:16,407 - DEBUG - 
更新概率模型:
2025-04-30 01:11:16,407 - DEBUG - 多样性指标: 0.2209
2025-04-30 01:11:16,407 - DEBUG - 自适应学习率: 0.9000
2025-04-30 01:11:16,407 - DEBUG - 第99代概率模型更新完成
2025-04-30 01:11:16,407 - DEBUG - 第99代完成，当前最优解完工时间: 1978，历史最优解完工时间: 1907
2025-04-30 01:11:16,407 - INFO - Total time: 226.09s
2025-04-30 01:11:18,492 - INFO - ==================================================
2025-04-30 01:11:18,492 - INFO - Best solution found with makespan: 1907.00s at generation 7
2025-04-30 01:11:18,492 - INFO - Total time: 226.09s
2025-04-30 01:11:18,492 - INFO - Results saved to: sl_output
2025-04-30 01:11:18,493 - INFO - Convergence curve saved to: sl_output\sl_convergence.png
2025-04-30 01:11:18,493 - INFO - Detailed log saved to: d:\Amelia\SOFJSPT_0428\logs\sl_log_20250430_010730.log
