2025-04-30 01:15:12,039 - INFO - Initialization probability model completed.
2025-04-30 01:15:12,040 - INFO - In generation 1，New best makespan: 1956.00
2025-04-30 01:15:12,040 - DEBUG - 第0代完成，当前最优解完工时间: 1956，历史最优解完工时间: 1956
2025-04-30 01:15:14,321 - DEBUG - 
更新概率模型:
2025-04-30 01:15:14,321 - DEBUG - 多样性指标: 0.0428
2025-04-30 01:15:14,321 - DEBUG - 自适应学习率: 0.8321
2025-04-30 01:15:14,321 - DEBUG - 第1代概率模型更新完成
2025-04-30 01:15:14,321 - DEBUG - 第1代完成，当前最优解完工时间: 1958，历史最优解完工时间: 1956
2025-04-30 01:15:16,500 - DEBUG - 
更新概率模型:
2025-04-30 01:15:16,502 - DEBUG - 多样性指标: 0.0453
2025-04-30 01:15:16,502 - DEBUG - 自适应学习率: 0.8346
2025-04-30 01:15:16,502 - DEBUG - 第2代概率模型更新完成
2025-04-30 01:15:16,502 - INFO - In generation 3，New best makespan: 1931.00
2025-04-30 01:15:16,502 - DEBUG - 第2代完成，当前最优解完工时间: 1931，历史最优解完工时间: 1931
2025-04-30 01:15:18,665 - DEBUG - 
更新概率模型:
2025-04-30 01:15:18,665 - DEBUG - 多样性指标: 0.0384
2025-04-30 01:15:18,665 - DEBUG - 自适应学习率: 0.8373
2025-04-30 01:15:18,665 - DEBUG - 第3代概率模型更新完成
2025-04-30 01:15:18,665 - INFO - In generation 4，New best makespan: 1907.00
2025-04-30 01:15:18,665 - DEBUG - 第3代完成，当前最优解完工时间: 1907，历史最优解完工时间: 1907
2025-04-30 01:15:20,855 - DEBUG - 
更新概率模型:
2025-04-30 01:15:20,855 - DEBUG - 多样性指标: 0.0416
2025-04-30 01:15:20,855 - DEBUG - 自适应学习率: 0.8293
2025-04-30 01:15:20,855 - DEBUG - 第4代概率模型更新完成
2025-04-30 01:15:20,855 - DEBUG - 第4代完成，当前最优解完工时间: 1958，历史最优解完工时间: 1907
2025-04-30 01:15:22,999 - DEBUG - 
更新概率模型:
2025-04-30 01:15:22,999 - DEBUG - 多样性指标: 0.0374
2025-04-30 01:15:22,999 - DEBUG - 自适应学习率: 0.8327
2025-04-30 01:15:22,999 - DEBUG - 第5代概率模型更新完成
2025-04-30 01:15:22,999 - DEBUG - 第5代完成，当前最优解完工时间: 1929，历史最优解完工时间: 1907
2025-04-30 01:15:25,184 - DEBUG - 
更新概率模型:
2025-04-30 01:15:25,184 - DEBUG - 多样性指标: 0.0434
2025-04-30 01:15:25,184 - DEBUG - 自适应学习率: 0.8420
2025-04-30 01:15:25,184 - DEBUG - 第6代概率模型更新完成
2025-04-30 01:15:25,184 - INFO - In generation 7，New best makespan: 1881.00
2025-04-30 01:15:25,184 - DEBUG - 第6代完成，当前最优解完工时间: 1881，历史最优解完工时间: 1881
2025-04-30 01:15:27,407 - DEBUG - 
更新概率模型:
2025-04-30 01:15:27,407 - DEBUG - 多样性指标: 0.0384
2025-04-30 01:15:27,407 - DEBUG - 自适应学习率: 0.8387
2025-04-30 01:15:27,407 - DEBUG - 第7代概率模型更新完成
2025-04-30 01:15:27,407 - DEBUG - 第7代完成，当前最优解完工时间: 1904，历史最优解完工时间: 1881
2025-04-30 01:15:29,701 - DEBUG - 
更新概率模型:
2025-04-30 01:15:29,702 - DEBUG - 多样性指标: 0.0411
2025-04-30 01:15:29,702 - DEBUG - 自适应学习率: 0.8300
2025-04-30 01:15:29,702 - DEBUG - 第8代概率模型更新完成
2025-04-30 01:15:29,702 - DEBUG - 第8代完成，当前最优解完工时间: 1940，历史最优解完工时间: 1881
2025-04-30 01:15:31,940 - DEBUG - 
更新概率模型:
2025-04-30 01:15:31,940 - DEBUG - 多样性指标: 0.0378
2025-04-30 01:15:31,940 - DEBUG - 自适应学习率: 0.8349
2025-04-30 01:15:31,940 - DEBUG - 第9代概率模型更新完成
2025-04-30 01:15:31,940 - DEBUG - 第9代完成，当前最优解完工时间: 1918，历史最优解完工时间: 1881
2025-04-30 01:15:34,145 - DEBUG - 
更新概率模型:
2025-04-30 01:15:34,145 - DEBUG - 多样性指标: 0.0424
2025-04-30 01:15:34,145 - DEBUG - 自适应学习率: 0.8386
2025-04-30 01:15:34,145 - DEBUG - 第10代概率模型更新完成
2025-04-30 01:15:34,145 - DEBUG - 第10代完成，当前最优解完工时间: 1900，历史最优解完工时间: 1881
2025-04-30 01:15:36,554 - DEBUG - 
更新概率模型:
2025-04-30 01:15:36,554 - DEBUG - 多样性指标: 0.0367
2025-04-30 01:15:36,555 - DEBUG - 自适应学习率: 0.8304
2025-04-30 01:15:36,555 - DEBUG - 第11代概率模型更新完成
2025-04-30 01:15:36,555 - DEBUG - 第11代完成，当前最优解完工时间: 1934，历史最优解完工时间: 1881
2025-04-30 01:15:38,952 - DEBUG - 
更新概率模型:
2025-04-30 01:15:38,952 - DEBUG - 多样性指标: 0.0391
2025-04-30 01:15:38,952 - DEBUG - 自适应学习率: 0.8305
2025-04-30 01:15:38,952 - DEBUG - 第12代概率模型更新完成
2025-04-30 01:15:38,952 - DEBUG - 第12代完成，当前最优解完工时间: 1945，历史最优解完工时间: 1881
2025-04-30 01:15:41,318 - DEBUG - 
更新概率模型:
2025-04-30 01:15:41,318 - DEBUG - 多样性指标: 0.0434
2025-04-30 01:15:41,318 - DEBUG - 自适应学习率: 0.8330
2025-04-30 01:15:41,318 - DEBUG - 第13代概率模型更新完成
2025-04-30 01:15:41,318 - DEBUG - 第13代完成，当前最优解完工时间: 1940，历史最优解完工时间: 1881
2025-04-30 01:15:43,646 - DEBUG - 
更新概率模型:
2025-04-30 01:15:43,647 - DEBUG - 多样性指标: 0.0394
2025-04-30 01:15:43,647 - DEBUG - 自适应学习率: 0.8379
2025-04-30 01:15:43,647 - DEBUG - 第14代概率模型更新完成
2025-04-30 01:15:43,647 - DEBUG - 第14代完成，当前最优解完工时间: 1912，历史最优解完工时间: 1881
2025-04-30 01:15:45,910 - DEBUG - 
更新概率模型:
2025-04-30 01:15:45,910 - DEBUG - 多样性指标: 0.0431
2025-04-30 01:15:45,910 - DEBUG - 自适应学习率: 0.8333
2025-04-30 01:15:45,910 - DEBUG - 第15代概率模型更新完成
2025-04-30 01:15:45,910 - DEBUG - 第15代完成，当前最优解完工时间: 1926，历史最优解完工时间: 1881
2025-04-30 01:15:48,115 - DEBUG - 
更新概率模型:
2025-04-30 01:15:48,115 - DEBUG - 多样性指标: 0.0389
2025-04-30 01:15:48,115 - DEBUG - 自适应学习率: 0.8262
2025-04-30 01:15:48,115 - DEBUG - 第16代概率模型更新完成
2025-04-30 01:15:48,115 - DEBUG - 第16代完成，当前最优解完工时间: 1955，历史最优解完工时间: 1881
2025-04-30 01:15:50,465 - DEBUG - 
更新概率模型:
2025-04-30 01:15:50,465 - DEBUG - 多样性指标: 0.0444
2025-04-30 01:15:50,465 - DEBUG - 自适应学习率: 0.8338
2025-04-30 01:15:50,466 - DEBUG - 第17代概率模型更新完成
2025-04-30 01:15:50,466 - DEBUG - 第17代完成，当前最优解完工时间: 1933，历史最优解完工时间: 1881
2025-04-30 01:15:52,648 - DEBUG - 
更新概率模型:
2025-04-30 01:15:52,648 - DEBUG - 多样性指标: 0.0410
2025-04-30 01:15:52,648 - DEBUG - 自适应学习率: 0.8281
2025-04-30 01:15:52,648 - DEBUG - 第18代概率模型更新完成
2025-04-30 01:15:52,648 - DEBUG - 第18代完成，当前最优解完工时间: 1957，历史最优解完工时间: 1881
2025-04-30 01:15:54,841 - DEBUG - 
更新概率模型:
2025-04-30 01:15:54,841 - DEBUG - 多样性指标: 0.0421
2025-04-30 01:15:54,841 - DEBUG - 自适应学习率: 0.8440
2025-04-30 01:15:54,841 - DEBUG - 第19代概率模型更新完成
2025-04-30 01:15:54,841 - DEBUG - 第19代完成，当前最优解完工时间: 1889，历史最优解完工时间: 1881
2025-04-30 01:15:57,153 - DEBUG - 
更新概率模型:
2025-04-30 01:15:57,153 - DEBUG - 多样性指标: 0.0393
2025-04-30 01:15:57,153 - DEBUG - 自适应学习率: 0.8337
2025-04-30 01:15:57,153 - DEBUG - 第20代概率模型更新完成
2025-04-30 01:15:57,153 - DEBUG - 第20代完成，当前最优解完工时间: 1924，历史最优解完工时间: 1881
2025-04-30 01:15:59,343 - DEBUG - 
更新概率模型:
2025-04-30 01:15:59,344 - DEBUG - 多样性指标: 0.0380
2025-04-30 01:15:59,344 - DEBUG - 自适应学习率: 0.8384
2025-04-30 01:15:59,344 - DEBUG - 第21代概率模型更新完成
2025-04-30 01:15:59,344 - DEBUG - 第21代完成，当前最优解完工时间: 1919，历史最优解完工时间: 1881
2025-04-30 01:16:01,515 - DEBUG - 
更新概率模型:
2025-04-30 01:16:01,515 - DEBUG - 多样性指标: 0.0439
2025-04-30 01:16:01,515 - DEBUG - 自适应学习率: 0.8334
2025-04-30 01:16:01,515 - DEBUG - 第22代概率模型更新完成
2025-04-30 01:16:01,515 - DEBUG - 第22代完成，当前最优解完工时间: 1916，历史最优解完工时间: 1881
2025-04-30 01:16:03,861 - DEBUG - 
更新概率模型:
2025-04-30 01:16:03,862 - DEBUG - 多样性指标: 0.0422
2025-04-30 01:16:03,862 - DEBUG - 自适应学习率: 0.8313
2025-04-30 01:16:03,862 - DEBUG - 第23代概率模型更新完成
2025-04-30 01:16:03,862 - DEBUG - 第23代完成，当前最优解完工时间: 1950，历史最优解完工时间: 1881
2025-04-30 01:16:06,277 - DEBUG - 
更新概率模型:
2025-04-30 01:16:06,277 - DEBUG - 多样性指标: 0.0399
2025-04-30 01:16:06,277 - DEBUG - 自适应学习率: 0.8301
2025-04-30 01:16:06,277 - DEBUG - 第24代概率模型更新完成
2025-04-30 01:16:06,277 - DEBUG - 第24代完成，当前最优解完工时间: 1944，历史最优解完工时间: 1881
2025-04-30 01:16:08,551 - DEBUG - 
更新概率模型:
2025-04-30 01:16:08,551 - DEBUG - 多样性指标: 0.0433
2025-04-30 01:16:08,551 - DEBUG - 自适应学习率: 0.8318
2025-04-30 01:16:08,551 - DEBUG - 第25代概率模型更新完成
2025-04-30 01:16:08,551 - DEBUG - 第25代完成，当前最优解完工时间: 1939，历史最优解完工时间: 1881
2025-04-30 01:16:10,825 - DEBUG - 
更新概率模型:
2025-04-30 01:16:10,827 - DEBUG - 多样性指标: 0.0442
2025-04-30 01:16:10,827 - DEBUG - 自适应学习率: 0.8333
2025-04-30 01:16:10,827 - DEBUG - 第26代概率模型更新完成
2025-04-30 01:16:10,827 - DEBUG - 第26代完成，当前最优解完工时间: 1934，历史最优解完工时间: 1881
2025-04-30 01:16:13,280 - DEBUG - 
更新概率模型:
2025-04-30 01:16:13,280 - DEBUG - 多样性指标: 0.0423
2025-04-30 01:16:13,280 - DEBUG - 自适应学习率: 0.8354
2025-04-30 01:16:13,280 - DEBUG - 第27代概率模型更新完成
2025-04-30 01:16:13,280 - DEBUG - 第27代完成，当前最优解完工时间: 1923，历史最优解完工时间: 1881
2025-04-30 01:16:15,682 - DEBUG - 
更新概率模型:
2025-04-30 01:16:15,682 - DEBUG - 多样性指标: 0.0426
2025-04-30 01:16:15,682 - DEBUG - 自适应学习率: 0.8399
2025-04-30 01:16:15,682 - DEBUG - 第28代概率模型更新完成
2025-04-30 01:16:15,682 - DEBUG - 第28代完成，当前最优解完工时间: 1889，历史最优解完工时间: 1881
2025-04-30 01:16:17,867 - DEBUG - 
更新概率模型:
2025-04-30 01:16:17,867 - DEBUG - 多样性指标: 0.0432
2025-04-30 01:16:17,867 - DEBUG - 自适应学习率: 0.8325
2025-04-30 01:16:17,867 - DEBUG - 第29代概率模型更新完成
2025-04-30 01:16:17,867 - DEBUG - 第29代完成，当前最优解完工时间: 1933，历史最优解完工时间: 1881
2025-04-30 01:16:20,050 - DEBUG - 
更新概率模型:
2025-04-30 01:16:20,050 - DEBUG - 多样性指标: 0.0397
2025-04-30 01:16:20,050 - DEBUG - 自适应学习率: 0.8295
2025-04-30 01:16:20,050 - DEBUG - 第30代概率模型更新完成
2025-04-30 01:16:20,051 - DEBUG - 第30代完成，当前最优解完工时间: 1953，历史最优解完工时间: 1881
2025-04-30 01:16:22,201 - DEBUG - 
更新概率模型:
2025-04-30 01:16:22,202 - DEBUG - 多样性指标: 0.0361
2025-04-30 01:16:22,202 - DEBUG - 自适应学习率: 0.8286
2025-04-30 01:16:22,202 - DEBUG - 第31代概率模型更新完成
2025-04-30 01:16:22,202 - DEBUG - 第31代完成，当前最优解完工时间: 1937，历史最优解完工时间: 1881
2025-04-30 01:16:24,537 - DEBUG - 
更新概率模型:
2025-04-30 01:16:24,537 - DEBUG - 多样性指标: 0.0381
2025-04-30 01:16:24,537 - DEBUG - 自适应学习率: 0.8317
2025-04-30 01:16:24,537 - DEBUG - 第32代概率模型更新完成
2025-04-30 01:16:24,537 - DEBUG - 第32代完成，当前最优解完工时间: 1933，历史最优解完工时间: 1881
2025-04-30 01:16:26,767 - DEBUG - 
更新概率模型:
2025-04-30 01:16:26,768 - DEBUG - 多样性指标: 0.0348
2025-04-30 01:16:26,768 - DEBUG - 自适应学习率: 0.8300
2025-04-30 01:16:26,768 - DEBUG - 第33代概率模型更新完成
2025-04-30 01:16:26,768 - DEBUG - 第33代完成，当前最优解完工时间: 1931，历史最优解完工时间: 1881
2025-04-30 01:16:28,884 - DEBUG - 
更新概率模型:
2025-04-30 01:16:28,885 - DEBUG - 多样性指标: 0.0413
2025-04-30 01:16:28,885 - DEBUG - 自适应学习率: 0.8276
2025-04-30 01:16:28,885 - DEBUG - 第34代概率模型更新完成
2025-04-30 01:16:28,885 - DEBUG - 第34代完成，当前最优解完工时间: 1948，历史最优解完工时间: 1881
2025-04-30 01:16:31,182 - DEBUG - 
更新概率模型:
2025-04-30 01:16:31,182 - DEBUG - 多样性指标: 0.0394
2025-04-30 01:16:31,182 - DEBUG - 自适应学习率: 0.8354
2025-04-30 01:16:31,182 - DEBUG - 第35代概率模型更新完成
2025-04-30 01:16:31,182 - DEBUG - 第35代完成，当前最优解完工时间: 1926，历史最优解完工时间: 1881
2025-04-30 01:16:33,492 - DEBUG - 
更新概率模型:
2025-04-30 01:16:33,492 - DEBUG - 多样性指标: 0.0406
2025-04-30 01:16:33,492 - DEBUG - 自适应学习率: 0.8427
2025-04-30 01:16:33,492 - DEBUG - 第36代概率模型更新完成
2025-04-30 01:16:33,492 - DEBUG - 第36代完成，当前最优解完工时间: 1882，历史最优解完工时间: 1881
2025-04-30 01:16:35,899 - DEBUG - 
更新概率模型:
2025-04-30 01:16:35,899 - DEBUG - 多样性指标: 0.0406
2025-04-30 01:16:35,899 - DEBUG - 自适应学习率: 0.8318
2025-04-30 01:16:35,899 - DEBUG - 第37代概率模型更新完成
2025-04-30 01:16:35,899 - DEBUG - 第37代完成，当前最优解完工时间: 1935，历史最优解完工时间: 1881
2025-04-30 01:16:38,102 - DEBUG - 
更新概率模型:
2025-04-30 01:16:38,102 - DEBUG - 多样性指标: 0.0362
2025-04-30 01:16:38,102 - DEBUG - 自适应学习率: 0.8298
2025-04-30 01:16:38,102 - DEBUG - 第38代概率模型更新完成
2025-04-30 01:16:38,102 - DEBUG - 第38代完成，当前最优解完工时间: 1932，历史最优解完工时间: 1881
2025-04-30 01:16:40,555 - DEBUG - 
更新概率模型:
2025-04-30 01:16:40,555 - DEBUG - 多样性指标: 0.0367
2025-04-30 01:16:40,555 - DEBUG - 自适应学习率: 0.8376
2025-04-30 01:16:40,555 - DEBUG - 第39代概率模型更新完成
2025-04-30 01:16:40,555 - DEBUG - 第39代完成，当前最优解完工时间: 1910，历史最优解完工时间: 1881
2025-04-30 01:16:42,793 - DEBUG - 
更新概率模型:
2025-04-30 01:16:42,794 - DEBUG - 多样性指标: 0.0355
2025-04-30 01:16:42,794 - DEBUG - 自适应学习率: 0.8260
2025-04-30 01:16:42,794 - DEBUG - 第40代概率模型更新完成
2025-04-30 01:16:42,794 - DEBUG - 第40代完成，当前最优解完工时间: 1965，历史最优解完工时间: 1881
2025-04-30 01:16:45,187 - DEBUG - 
更新概率模型:
2025-04-30 01:16:45,188 - DEBUG - 多样性指标: 0.0403
2025-04-30 01:16:45,188 - DEBUG - 自适应学习率: 0.8288
2025-04-30 01:16:45,188 - DEBUG - 第41代概率模型更新完成
2025-04-30 01:16:45,188 - DEBUG - 第41代完成，当前最优解完工时间: 1957，历史最优解完工时间: 1881
2025-04-30 01:16:47,609 - DEBUG - 
更新概率模型:
2025-04-30 01:16:47,609 - DEBUG - 多样性指标: 0.0380
2025-04-30 01:16:47,609 - DEBUG - 自适应学习率: 0.8273
2025-04-30 01:16:47,609 - DEBUG - 第42代概率模型更新完成
2025-04-30 01:16:47,609 - DEBUG - 第42代完成，当前最优解完工时间: 1959，历史最优解完工时间: 1881
2025-04-30 01:16:49,771 - DEBUG - 
更新概率模型:
2025-04-30 01:16:49,771 - DEBUG - 多样性指标: 0.0401
2025-04-30 01:16:49,771 - DEBUG - 自适应学习率: 0.8335
2025-04-30 01:16:49,771 - DEBUG - 第43代概率模型更新完成
2025-04-30 01:16:49,771 - DEBUG - 第43代完成，当前最优解完工时间: 1927，历史最优解完工时间: 1881
2025-04-30 01:16:52,021 - DEBUG - 
更新概率模型:
2025-04-30 01:16:52,022 - DEBUG - 多样性指标: 0.0390
2025-04-30 01:16:52,022 - DEBUG - 自适应学习率: 0.8346
2025-04-30 01:16:52,022 - DEBUG - 第44代概率模型更新完成
2025-04-30 01:16:52,022 - DEBUG - 第44代完成，当前最优解完工时间: 1926，历史最优解完工时间: 1881
2025-04-30 01:16:54,324 - DEBUG - 
更新概率模型:
2025-04-30 01:16:54,324 - DEBUG - 多样性指标: 0.0448
2025-04-30 01:16:54,324 - DEBUG - 自适应学习率: 0.8317
2025-04-30 01:16:54,324 - DEBUG - 第45代概率模型更新完成
2025-04-30 01:16:54,324 - DEBUG - 第45代完成，当前最优解完工时间: 1945，历史最优解完工时间: 1881
2025-04-30 01:16:56,552 - DEBUG - 
更新概率模型:
2025-04-30 01:16:56,552 - DEBUG - 多样性指标: 0.0407
2025-04-30 01:16:56,552 - DEBUG - 自适应学习率: 0.8342
2025-04-30 01:16:56,552 - DEBUG - 第46代概率模型更新完成
2025-04-30 01:16:56,552 - DEBUG - 第46代完成，当前最优解完工时间: 1935，历史最优解完工时间: 1881
2025-04-30 01:16:58,830 - DEBUG - 
更新概率模型:
2025-04-30 01:16:58,830 - DEBUG - 多样性指标: 0.0443
2025-04-30 01:16:58,830 - DEBUG - 自适应学习率: 0.8352
2025-04-30 01:16:58,830 - DEBUG - 第47代概率模型更新完成
2025-04-30 01:16:58,830 - DEBUG - 第47代完成，当前最优解完工时间: 1943，历史最优解完工时间: 1881
2025-04-30 01:17:01,033 - DEBUG - 
更新概率模型:
2025-04-30 01:17:01,033 - DEBUG - 多样性指标: 0.0379
2025-04-30 01:17:01,033 - DEBUG - 自适应学习率: 0.8301
2025-04-30 01:17:01,033 - DEBUG - 第48代概率模型更新完成
2025-04-30 01:17:01,035 - DEBUG - 第48代完成，当前最优解完工时间: 1928，历史最优解完工时间: 1881
2025-04-30 01:17:03,128 - DEBUG - 
更新概率模型:
2025-04-30 01:17:03,128 - DEBUG - 多样性指标: 0.0423
2025-04-30 01:17:03,128 - DEBUG - 自适应学习率: 0.8237
2025-04-30 01:17:03,128 - DEBUG - 第49代概率模型更新完成
2025-04-30 01:17:03,128 - DEBUG - 第49代完成，当前最优解完工时间: 1968，历史最优解完工时间: 1881
2025-04-30 01:17:05,457 - DEBUG - 
更新概率模型:
2025-04-30 01:17:05,457 - DEBUG - 多样性指标: 0.0428
2025-04-30 01:17:05,457 - DEBUG - 自适应学习率: 0.8381
2025-04-30 01:17:05,457 - DEBUG - 第50代概率模型更新完成
2025-04-30 01:17:05,457 - DEBUG - 第50代完成，当前最优解完工时间: 1919，历史最优解完工时间: 1881
2025-04-30 01:17:07,692 - DEBUG - 
更新概率模型:
2025-04-30 01:17:07,692 - DEBUG - 多样性指标: 0.0397
2025-04-30 01:17:07,693 - DEBUG - 自适应学习率: 0.8304
2025-04-30 01:17:07,693 - DEBUG - 第51代概率模型更新完成
2025-04-30 01:17:07,693 - DEBUG - 第51代完成，当前最优解完工时间: 1935，历史最优解完工时间: 1881
2025-04-30 01:17:09,958 - DEBUG - 
更新概率模型:
2025-04-30 01:17:09,958 - DEBUG - 多样性指标: 0.0371
2025-04-30 01:17:09,958 - DEBUG - 自适应学习率: 0.8320
2025-04-30 01:17:09,958 - DEBUG - 第52代概率模型更新完成
2025-04-30 01:17:09,958 - DEBUG - 第52代完成，当前最优解完工时间: 1926，历史最优解完工时间: 1881
2025-04-30 01:17:12,156 - DEBUG - 
更新概率模型:
2025-04-30 01:17:12,156 - DEBUG - 多样性指标: 0.0381
2025-04-30 01:17:12,156 - DEBUG - 自适应学习率: 0.8299
2025-04-30 01:17:12,156 - DEBUG - 第53代概率模型更新完成
2025-04-30 01:17:12,156 - DEBUG - 第53代完成，当前最优解完工时间: 1940，历史最优解完工时间: 1881
2025-04-30 01:17:14,435 - DEBUG - 
更新概率模型:
2025-04-30 01:17:14,435 - DEBUG - 多样性指标: 0.0384
2025-04-30 01:17:14,435 - DEBUG - 自适应学习率: 0.8324
2025-04-30 01:17:14,435 - DEBUG - 第54代概率模型更新完成
2025-04-30 01:17:14,435 - DEBUG - 第54代完成，当前最优解完工时间: 1929，历史最优解完工时间: 1881
2025-04-30 01:17:16,681 - DEBUG - 
更新概率模型:
2025-04-30 01:17:16,681 - DEBUG - 多样性指标: 0.0376
2025-04-30 01:17:16,681 - DEBUG - 自适应学习率: 0.8256
2025-04-30 01:17:16,681 - DEBUG - 第55代概率模型更新完成
2025-04-30 01:17:16,681 - DEBUG - 第55代完成，当前最优解完工时间: 1962，历史最优解完工时间: 1881
2025-04-30 01:17:19,207 - DEBUG - 
更新概率模型:
2025-04-30 01:17:19,208 - DEBUG - 多样性指标: 0.0367
2025-04-30 01:17:19,208 - DEBUG - 自适应学习率: 0.8342
2025-04-30 01:17:19,208 - DEBUG - 第56代概率模型更新完成
2025-04-30 01:17:19,208 - DEBUG - 第56代完成，当前最优解完工时间: 1910，历史最优解完工时间: 1881
2025-04-30 01:17:21,536 - DEBUG - 
更新概率模型:
2025-04-30 01:17:21,536 - DEBUG - 多样性指标: 0.0425
2025-04-30 01:17:21,536 - DEBUG - 自适应学习率: 0.8346
2025-04-30 01:17:21,536 - DEBUG - 第57代概率模型更新完成
2025-04-30 01:17:21,536 - DEBUG - 第57代完成，当前最优解完工时间: 1921，历史最优解完工时间: 1881
2025-04-30 01:17:23,889 - DEBUG - 
更新概率模型:
2025-04-30 01:17:23,889 - DEBUG - 多样性指标: 0.0419
2025-04-30 01:17:23,889 - DEBUG - 自适应学习率: 0.8350
2025-04-30 01:17:23,889 - DEBUG - 第58代概率模型更新完成
2025-04-30 01:17:23,889 - DEBUG - 第58代完成，当前最优解完工时间: 1917，历史最优解完工时间: 1881
2025-04-30 01:17:26,213 - DEBUG - 
更新概率模型:
2025-04-30 01:17:26,213 - DEBUG - 多样性指标: 0.0420
2025-04-30 01:17:26,213 - DEBUG - 自适应学习率: 0.8338
2025-04-30 01:17:26,213 - DEBUG - 第59代概率模型更新完成
2025-04-30 01:17:26,214 - DEBUG - 第59代完成，当前最优解完工时间: 1916，历史最优解完工时间: 1881
2025-04-30 01:17:28,326 - DEBUG - 
更新概率模型:
2025-04-30 01:17:28,328 - DEBUG - 多样性指标: 0.0404
2025-04-30 01:17:28,328 - DEBUG - 自适应学习率: 0.8342
2025-04-30 01:17:28,328 - DEBUG - 第60代概率模型更新完成
2025-04-30 01:17:28,328 - DEBUG - 第60代完成，当前最优解完工时间: 1914，历史最优解完工时间: 1881
2025-04-30 01:17:30,450 - DEBUG - 
更新概率模型:
2025-04-30 01:17:30,450 - DEBUG - 多样性指标: 0.0410
2025-04-30 01:17:30,450 - DEBUG - 自适应学习率: 0.8359
2025-04-30 01:17:30,450 - DEBUG - 第61代概率模型更新完成
2025-04-30 01:17:30,450 - DEBUG - 第61代完成，当前最优解完工时间: 1937，历史最优解完工时间: 1881
2025-04-30 01:17:32,671 - DEBUG - 
更新概率模型:
2025-04-30 01:17:32,671 - DEBUG - 多样性指标: 0.0439
2025-04-30 01:17:32,672 - DEBUG - 自适应学习率: 0.8333
2025-04-30 01:17:32,672 - DEBUG - 第62代概率模型更新完成
2025-04-30 01:17:32,672 - DEBUG - 第62代完成，当前最优解完工时间: 1940，历史最优解完工时间: 1881
2025-04-30 01:17:34,838 - DEBUG - 
更新概率模型:
2025-04-30 01:17:34,838 - DEBUG - 多样性指标: 0.0432
2025-04-30 01:17:34,838 - DEBUG - 自适应学习率: 0.8318
2025-04-30 01:17:34,838 - DEBUG - 第63代概率模型更新完成
2025-04-30 01:17:34,838 - DEBUG - 第63代完成，当前最优解完工时间: 1940，历史最优解完工时间: 1881
2025-04-30 01:17:37,037 - DEBUG - 
更新概率模型:
2025-04-30 01:17:37,037 - DEBUG - 多样性指标: 0.0405
2025-04-30 01:17:37,037 - DEBUG - 自适应学习率: 0.8343
2025-04-30 01:17:37,037 - DEBUG - 第64代概率模型更新完成
2025-04-30 01:17:37,037 - DEBUG - 第64代完成，当前最优解完工时间: 1917，历史最优解完工时间: 1881
2025-04-30 01:17:39,251 - DEBUG - 
更新概率模型:
2025-04-30 01:17:39,251 - DEBUG - 多样性指标: 0.0460
2025-04-30 01:17:39,251 - DEBUG - 自适应学习率: 0.8440
2025-04-30 01:17:39,251 - DEBUG - 第65代概率模型更新完成
2025-04-30 01:17:39,251 - DEBUG - 第65代完成，当前最优解完工时间: 1886，历史最优解完工时间: 1881
2025-04-30 01:17:41,493 - DEBUG - 
更新概率模型:
2025-04-30 01:17:41,493 - DEBUG - 多样性指标: 0.0393
2025-04-30 01:17:41,493 - DEBUG - 自适应学习率: 0.8423
2025-04-30 01:17:41,493 - DEBUG - 第66代概率模型更新完成
2025-04-30 01:17:41,493 - DEBUG - 第66代完成，当前最优解完工时间: 1890，历史最优解完工时间: 1881
2025-04-30 01:17:43,810 - DEBUG - 
更新概率模型:
2025-04-30 01:17:43,810 - DEBUG - 多样性指标: 0.0398
2025-04-30 01:17:43,810 - DEBUG - 自适应学习率: 0.8349
2025-04-30 01:17:43,810 - DEBUG - 第67代概率模型更新完成
2025-04-30 01:17:43,810 - DEBUG - 第67代完成，当前最优解完工时间: 1913，历史最优解完工时间: 1881
2025-04-30 01:17:46,105 - DEBUG - 
更新概率模型:
2025-04-30 01:17:46,105 - DEBUG - 多样性指标: 0.0389
2025-04-30 01:17:46,105 - DEBUG - 自适应学习率: 0.8329
2025-04-30 01:17:46,105 - DEBUG - 第68代概率模型更新完成
2025-04-30 01:17:46,105 - DEBUG - 第68代完成，当前最优解完工时间: 1922，历史最优解完工时间: 1881
2025-04-30 01:17:48,429 - DEBUG - 
更新概率模型:
2025-04-30 01:17:48,429 - DEBUG - 多样性指标: 0.0326
2025-04-30 01:17:48,429 - DEBUG - 自适应学习率: 0.8269
2025-04-30 01:17:48,429 - DEBUG - 第69代概率模型更新完成
2025-04-30 01:17:48,429 - DEBUG - 第69代完成，当前最优解完工时间: 1939，历史最优解完工时间: 1881
2025-04-30 01:17:50,705 - DEBUG - 
更新概率模型:
2025-04-30 01:17:50,705 - DEBUG - 多样性指标: 0.0451
2025-04-30 01:17:50,705 - DEBUG - 自适应学习率: 0.8293
2025-04-30 01:17:50,705 - DEBUG - 第70代概率模型更新完成
2025-04-30 01:17:50,705 - DEBUG - 第70代完成，当前最优解完工时间: 1954，历史最优解完工时间: 1881
2025-04-30 01:17:53,036 - DEBUG - 
更新概率模型:
2025-04-30 01:17:53,036 - DEBUG - 多样性指标: 0.0393
2025-04-30 01:17:53,036 - DEBUG - 自适应学习率: 0.8241
2025-04-30 01:17:53,036 - DEBUG - 第71代概率模型更新完成
2025-04-30 01:17:53,036 - DEBUG - 第71代完成，当前最优解完工时间: 1967，历史最优解完工时间: 1881
2025-04-30 01:17:55,493 - DEBUG - 
更新概率模型:
2025-04-30 01:17:55,493 - DEBUG - 多样性指标: 0.0425
2025-04-30 01:17:55,493 - DEBUG - 自适应学习率: 0.8391
2025-04-30 01:17:55,493 - DEBUG - 第72代概率模型更新完成
2025-04-30 01:17:55,493 - DEBUG - 第72代完成，当前最优解完工时间: 1910，历史最优解完工时间: 1881
2025-04-30 01:17:57,761 - DEBUG - 
更新概率模型:
2025-04-30 01:17:57,761 - DEBUG - 多样性指标: 0.0399
2025-04-30 01:17:57,761 - DEBUG - 自适应学习率: 0.8321
2025-04-30 01:17:57,761 - DEBUG - 第73代概率模型更新完成
2025-04-30 01:17:57,761 - DEBUG - 第73代完成，当前最优解完工时间: 1948，历史最优解完工时间: 1881
2025-04-30 01:18:00,074 - DEBUG - 
更新概率模型:
2025-04-30 01:18:00,074 - DEBUG - 多样性指标: 0.0326
2025-04-30 01:18:00,074 - DEBUG - 自适应学习率: 0.8313
2025-04-30 01:18:00,074 - DEBUG - 第74代概率模型更新完成
2025-04-30 01:18:00,074 - DEBUG - 第74代完成，当前最优解完工时间: 1945，历史最优解完工时间: 1881
2025-04-30 01:18:02,387 - DEBUG - 
更新概率模型:
2025-04-30 01:18:02,387 - DEBUG - 多样性指标: 0.0409
2025-04-30 01:18:02,387 - DEBUG - 自适应学习率: 0.8298
2025-04-30 01:18:02,387 - DEBUG - 第75代概率模型更新完成
2025-04-30 01:18:02,387 - DEBUG - 第75代完成，当前最优解完工时间: 1934，历史最优解完工时间: 1881
2025-04-30 01:18:04,652 - DEBUG - 
更新概率模型:
2025-04-30 01:18:04,652 - DEBUG - 多样性指标: 0.0420
2025-04-30 01:18:04,652 - DEBUG - 自适应学习率: 0.8360
2025-04-30 01:18:04,652 - DEBUG - 第76代概率模型更新完成
2025-04-30 01:18:04,653 - DEBUG - 第76代完成，当前最优解完工时间: 1915，历史最优解完工时间: 1881
2025-04-30 01:18:06,856 - DEBUG - 
更新概率模型:
2025-04-30 01:18:06,856 - DEBUG - 多样性指标: 0.0436
2025-04-30 01:18:06,856 - DEBUG - 自适应学习率: 0.8343
2025-04-30 01:18:06,856 - DEBUG - 第77代概率模型更新完成
2025-04-30 01:18:06,856 - DEBUG - 第77代完成，当前最优解完工时间: 1928，历史最优解完工时间: 1881
2025-04-30 01:18:08,998 - DEBUG - 
更新概率模型:
2025-04-30 01:18:08,998 - DEBUG - 多样性指标: 0.0379
2025-04-30 01:18:08,998 - DEBUG - 自适应学习率: 0.8359
2025-04-30 01:18:08,998 - DEBUG - 第78代概率模型更新完成
2025-04-30 01:18:08,998 - DEBUG - 第78代完成，当前最优解完工时间: 1917，历史最优解完工时间: 1881
2025-04-30 01:18:11,180 - DEBUG - 
更新概率模型:
2025-04-30 01:18:11,180 - DEBUG - 多样性指标: 0.0398
2025-04-30 01:18:11,180 - DEBUG - 自适应学习率: 0.8309
2025-04-30 01:18:11,180 - DEBUG - 第79代概率模型更新完成
2025-04-30 01:18:11,180 - DEBUG - 第79代完成，当前最优解完工时间: 1946，历史最优解完工时间: 1881
2025-04-30 01:18:13,201 - DEBUG - 
更新概率模型:
2025-04-30 01:18:13,201 - DEBUG - 多样性指标: 0.0427
2025-04-30 01:18:13,201 - DEBUG - 自适应学习率: 0.8346
2025-04-30 01:18:13,201 - DEBUG - 第80代概率模型更新完成
2025-04-30 01:18:13,201 - DEBUG - 第80代完成，当前最优解完工时间: 1929，历史最优解完工时间: 1881
2025-04-30 01:18:15,407 - DEBUG - 
更新概率模型:
2025-04-30 01:18:15,407 - DEBUG - 多样性指标: 0.0372
2025-04-30 01:18:15,407 - DEBUG - 自适应学习率: 0.8327
2025-04-30 01:18:15,407 - DEBUG - 第81代概率模型更新完成
2025-04-30 01:18:15,407 - DEBUG - 第81代完成，当前最优解完工时间: 1910，历史最优解完工时间: 1881
2025-04-30 01:18:17,573 - DEBUG - 
更新概率模型:
2025-04-30 01:18:17,573 - DEBUG - 多样性指标: 0.0423
2025-04-30 01:18:17,573 - DEBUG - 自适应学习率: 0.8308
2025-04-30 01:18:17,573 - DEBUG - 第82代概率模型更新完成
2025-04-30 01:18:17,573 - DEBUG - 第82代完成，当前最优解完工时间: 1946，历史最优解完工时间: 1881
2025-04-30 01:18:19,902 - DEBUG - 
更新概率模型:
2025-04-30 01:18:19,902 - DEBUG - 多样性指标: 0.0405
2025-04-30 01:18:19,902 - DEBUG - 自适应学习率: 0.8364
2025-04-30 01:18:19,902 - DEBUG - 第83代概率模型更新完成
2025-04-30 01:18:19,902 - DEBUG - 第83代完成，当前最优解完工时间: 1909，历史最优解完工时间: 1881
2025-04-30 01:18:22,088 - DEBUG - 
更新概率模型:
2025-04-30 01:18:22,089 - DEBUG - 多样性指标: 0.0481
2025-04-30 01:18:22,089 - DEBUG - 自适应学习率: 0.8327
2025-04-30 01:18:22,089 - DEBUG - 第84代概率模型更新完成
2025-04-30 01:18:22,089 - DEBUG - 第84代完成，当前最优解完工时间: 1930，历史最优解完工时间: 1881
2025-04-30 01:18:24,206 - DEBUG - 
更新概率模型:
2025-04-30 01:18:24,206 - DEBUG - 多样性指标: 0.0393
2025-04-30 01:18:24,206 - DEBUG - 自适应学习率: 0.8328
2025-04-30 01:18:24,206 - DEBUG - 第85代概率模型更新完成
2025-04-30 01:18:24,206 - DEBUG - 第85代完成，当前最优解完工时间: 1924，历史最优解完工时间: 1881
2025-04-30 01:18:26,778 - DEBUG - 
更新概率模型:
2025-04-30 01:18:26,778 - DEBUG - 多样性指标: 0.0389
2025-04-30 01:18:26,778 - DEBUG - 自适应学习率: 0.8311
2025-04-30 01:18:26,778 - DEBUG - 第86代概率模型更新完成
2025-04-30 01:18:26,778 - DEBUG - 第86代完成，当前最优解完工时间: 1923，历史最优解完工时间: 1881
2025-04-30 01:18:29,098 - DEBUG - 
更新概率模型:
2025-04-30 01:18:29,098 - DEBUG - 多样性指标: 0.0408
2025-04-30 01:18:29,098 - DEBUG - 自适应学习率: 0.8351
2025-04-30 01:18:29,098 - DEBUG - 第87代概率模型更新完成
2025-04-30 01:18:29,098 - DEBUG - 第87代完成，当前最优解完工时间: 1918，历史最优解完工时间: 1881
2025-04-30 01:18:31,535 - DEBUG - 
更新概率模型:
2025-04-30 01:18:31,535 - DEBUG - 多样性指标: 0.0398
2025-04-30 01:18:31,535 - DEBUG - 自适应学习率: 0.8406
2025-04-30 01:18:31,535 - DEBUG - 第88代概率模型更新完成
2025-04-30 01:18:31,535 - DEBUG - 第88代完成，当前最优解完工时间: 1891，历史最优解完工时间: 1881
2025-04-30 01:18:33,967 - DEBUG - 
更新概率模型:
2025-04-30 01:18:33,967 - DEBUG - 多样性指标: 0.0407
2025-04-30 01:18:33,967 - DEBUG - 自适应学习率: 0.8361
2025-04-30 01:18:33,967 - DEBUG - 第89代概率模型更新完成
2025-04-30 01:18:33,967 - DEBUG - 第89代完成，当前最优解完工时间: 1922，历史最优解完工时间: 1881
2025-04-30 01:18:36,507 - DEBUG - 
更新概率模型:
2025-04-30 01:18:36,507 - DEBUG - 多样性指标: 0.0433
2025-04-30 01:18:36,507 - DEBUG - 自适应学习率: 0.8329
2025-04-30 01:18:36,507 - DEBUG - 第90代概率模型更新完成
2025-04-30 01:18:36,507 - DEBUG - 第90代完成，当前最优解完工时间: 1927，历史最优解完工时间: 1881
2025-04-30 01:18:39,091 - DEBUG - 
更新概率模型:
2025-04-30 01:18:39,091 - DEBUG - 多样性指标: 0.0451
2025-04-30 01:18:39,091 - DEBUG - 自适应学习率: 0.8252
2025-04-30 01:18:39,091 - DEBUG - 第91代概率模型更新完成
2025-04-30 01:18:39,091 - DEBUG - 第91代完成，当前最优解完工时间: 1961，历史最优解完工时间: 1881
2025-04-30 01:18:41,594 - DEBUG - 
更新概率模型:
2025-04-30 01:18:41,594 - DEBUG - 多样性指标: 0.0363
2025-04-30 01:18:41,594 - DEBUG - 自适应学习率: 0.8380
2025-04-30 01:18:41,594 - DEBUG - 第92代概率模型更新完成
2025-04-30 01:18:41,595 - DEBUG - 第92代完成，当前最优解完工时间: 1904，历史最优解完工时间: 1881
2025-04-30 01:18:44,056 - DEBUG - 
更新概率模型:
2025-04-30 01:18:44,056 - DEBUG - 多样性指标: 0.0400
2025-04-30 01:18:44,056 - DEBUG - 自适应学习率: 0.8345
2025-04-30 01:18:44,056 - DEBUG - 第93代概率模型更新完成
2025-04-30 01:18:44,056 - DEBUG - 第93代完成，当前最优解完工时间: 1913，历史最优解完工时间: 1881
2025-04-30 01:18:46,476 - DEBUG - 
更新概率模型:
2025-04-30 01:18:46,476 - DEBUG - 多样性指标: 0.0416
2025-04-30 01:18:46,476 - DEBUG - 自适应学习率: 0.8379
2025-04-30 01:18:46,476 - DEBUG - 第94代概率模型更新完成
2025-04-30 01:18:46,476 - DEBUG - 第94代完成，当前最优解完工时间: 1902，历史最优解完工时间: 1881
2025-04-30 01:18:48,904 - DEBUG - 
更新概率模型:
2025-04-30 01:18:48,904 - DEBUG - 多样性指标: 0.0406
2025-04-30 01:18:48,904 - DEBUG - 自适应学习率: 0.8334
2025-04-30 01:18:48,904 - DEBUG - 第95代概率模型更新完成
2025-04-30 01:18:48,904 - DEBUG - 第95代完成，当前最优解完工时间: 1919，历史最优解完工时间: 1881
2025-04-30 01:18:51,295 - DEBUG - 
更新概率模型:
2025-04-30 01:18:51,295 - DEBUG - 多样性指标: 0.0362
2025-04-30 01:18:51,295 - DEBUG - 自适应学习率: 0.8299
2025-04-30 01:18:51,295 - DEBUG - 第96代概率模型更新完成
2025-04-30 01:18:51,295 - DEBUG - 第96代完成，当前最优解完工时间: 1936，历史最优解完工时间: 1881
2025-04-30 01:18:53,838 - DEBUG - 
更新概率模型:
2025-04-30 01:18:53,838 - DEBUG - 多样性指标: 0.0411
2025-04-30 01:18:53,838 - DEBUG - 自适应学习率: 0.8436
2025-04-30 01:18:53,838 - DEBUG - 第97代概率模型更新完成
2025-04-30 01:18:53,838 - INFO - In generation 98，New best makespan: 1867.00
2025-04-30 01:18:53,838 - DEBUG - 第97代完成，当前最优解完工时间: 1867，历史最优解完工时间: 1867
2025-04-30 01:18:56,280 - DEBUG - 
更新概率模型:
2025-04-30 01:18:56,280 - DEBUG - 多样性指标: 0.0404
2025-04-30 01:18:56,280 - DEBUG - 自适应学习率: 0.8337
2025-04-30 01:18:56,280 - DEBUG - 第98代概率模型更新完成
2025-04-30 01:18:56,280 - DEBUG - 第98代完成，当前最优解完工时间: 1923，历史最优解完工时间: 1867
2025-04-30 01:18:58,782 - DEBUG - 
更新概率模型:
2025-04-30 01:18:58,782 - DEBUG - 多样性指标: 0.0417
2025-04-30 01:18:58,782 - DEBUG - 自适应学习率: 0.8335
2025-04-30 01:18:58,782 - DEBUG - 第99代概率模型更新完成
2025-04-30 01:18:58,782 - DEBUG - 第99代完成，当前最优解完工时间: 1927，历史最优解完工时间: 1867
2025-04-30 01:18:58,782 - INFO - Total time: 227.91s
2025-04-30 01:18:59,001 - INFO - ==================================================
2025-04-30 01:18:59,001 - INFO - Best solution found with makespan: 1867.00s at generation 97
2025-04-30 01:18:59,001 - INFO - Total time: 227.91s
2025-04-30 01:18:59,001 - INFO - Results saved to: sl_output
2025-04-30 01:18:59,002 - INFO - Convergence curve saved to: sl_output\sl_convergence.png
2025-04-30 01:18:59,002 - INFO - Detailed log saved to: d:\Amelia\SOFJSPT_0428\logs\sl_log_20250430_011510.log
