2025-04-30 01:17:03,367 - INFO - Initialization probability model completed.
2025-04-30 01:17:03,368 - INFO - In generation 1，New best makespan: 1972.00
2025-04-30 01:17:03,368 - DEBUG - 第0代完成，当前最优解完工时间: 1972，历史最优解完工时间: 1972
2025-04-30 01:17:05,698 - DEBUG - 第1代概率模型更新完成
2025-04-30 01:17:05,699 - INFO - In generation 2，New best makespan: 1961.00
2025-04-30 01:17:05,699 - DEBUG - 第1代完成，当前最优解完工时间: 1961，历史最优解完工时间: 1961
2025-04-30 01:17:07,948 - DEBUG - 第2代概率模型更新完成
2025-04-30 01:17:07,948 - INFO - In generation 3，New best makespan: 1956.00
2025-04-30 01:17:07,948 - DEBUG - 第2代完成，当前最优解完工时间: 1956，历史最优解完工时间: 1956
2025-04-30 01:17:10,224 - DEBUG - 第3代概率模型更新完成
2025-04-30 01:17:10,224 - INFO - In generation 4，New best makespan: 1902.00
2025-04-30 01:17:10,224 - DEBUG - 第3代完成，当前最优解完工时间: 1902，历史最优解完工时间: 1902
2025-04-30 01:17:12,547 - DEBUG - 第4代概率模型更新完成
2025-04-30 01:17:12,547 - DEBUG - 第4代完成，当前最优解完工时间: 1934，历史最优解完工时间: 1902
2025-04-30 01:17:14,699 - DEBUG - 第5代概率模型更新完成
2025-04-30 01:17:14,699 - DEBUG - 第5代完成，当前最优解完工时间: 1954，历史最优解完工时间: 1902
2025-04-30 01:17:17,077 - DEBUG - 第6代概率模型更新完成
2025-04-30 01:17:17,077 - DEBUG - 第6代完成，当前最优解完工时间: 1944，历史最优解完工时间: 1902
2025-04-30 01:17:19,466 - DEBUG - 第7代概率模型更新完成
2025-04-30 01:17:19,466 - DEBUG - 第7代完成，当前最优解完工时间: 1933，历史最优解完工时间: 1902
2025-04-30 01:17:21,821 - DEBUG - 第8代概率模型更新完成
2025-04-30 01:17:21,821 - DEBUG - 第8代完成，当前最优解完工时间: 1958，历史最优解完工时间: 1902
2025-04-30 01:17:24,127 - DEBUG - 第9代概率模型更新完成
2025-04-30 01:17:24,127 - DEBUG - 第9代完成，当前最优解完工时间: 1936，历史最优解完工时间: 1902
2025-04-30 01:17:26,449 - DEBUG - 第10代概率模型更新完成
2025-04-30 01:17:26,449 - DEBUG - 第10代完成，当前最优解完工时间: 1934，历史最优解完工时间: 1902
2025-04-30 01:17:28,678 - DEBUG - 第11代概率模型更新完成
2025-04-30 01:17:28,678 - DEBUG - 第11代完成，当前最优解完工时间: 1944，历史最优解完工时间: 1902
2025-04-30 01:17:30,803 - DEBUG - 第12代概率模型更新完成
2025-04-30 01:17:30,803 - DEBUG - 第12代完成，当前最优解完工时间: 1902，历史最优解完工时间: 1902
2025-04-30 01:17:33,033 - DEBUG - 第13代概率模型更新完成
2025-04-30 01:17:33,033 - DEBUG - 第13代完成，当前最优解完工时间: 1943，历史最优解完工时间: 1902
2025-04-30 01:17:35,272 - DEBUG - 第14代概率模型更新完成
2025-04-30 01:17:35,273 - DEBUG - 第14代完成，当前最优解完工时间: 1926，历史最优解完工时间: 1902
2025-04-30 01:17:37,608 - DEBUG - 第15代概率模型更新完成
2025-04-30 01:17:37,608 - DEBUG - 第15代完成，当前最优解完工时间: 1930，历史最优解完工时间: 1902
2025-04-30 01:17:39,750 - DEBUG - 第16代概率模型更新完成
2025-04-30 01:17:39,751 - DEBUG - 第16代完成，当前最优解完工时间: 1919，历史最优解完工时间: 1902
2025-04-30 01:17:42,045 - DEBUG - 第17代概率模型更新完成
2025-04-30 01:17:42,045 - DEBUG - 第17代完成，当前最优解完工时间: 1914，历史最优解完工时间: 1902
2025-04-30 01:17:44,293 - DEBUG - 第18代概率模型更新完成
2025-04-30 01:17:44,293 - DEBUG - 第18代完成，当前最优解完工时间: 1943，历史最优解完工时间: 1902
2025-04-30 01:17:46,482 - DEBUG - 第19代概率模型更新完成
2025-04-30 01:17:46,482 - DEBUG - 第19代完成，当前最优解完工时间: 1952，历史最优解完工时间: 1902
2025-04-30 01:17:48,866 - DEBUG - 第20代概率模型更新完成
2025-04-30 01:17:48,866 - DEBUG - 第20代完成，当前最优解完工时间: 1937，历史最优解完工时间: 1902
2025-04-30 01:17:51,095 - DEBUG - 第21代概率模型更新完成
2025-04-30 01:17:51,095 - DEBUG - 第21代完成，当前最优解完工时间: 1919，历史最优解完工时间: 1902
2025-04-30 01:17:53,564 - DEBUG - 第22代概率模型更新完成
2025-04-30 01:17:53,564 - DEBUG - 第22代完成，当前最优解完工时间: 1953，历史最优解完工时间: 1902
2025-04-30 01:17:55,870 - DEBUG - 第23代概率模型更新完成
2025-04-30 01:17:55,870 - DEBUG - 第23代完成，当前最优解完工时间: 1927，历史最优解完工时间: 1902
2025-04-30 01:17:58,142 - DEBUG - 第24代概率模型更新完成
2025-04-30 01:17:58,143 - DEBUG - 第24代完成，当前最优解完工时间: 1944，历史最优解完工时间: 1902
2025-04-30 01:18:00,440 - DEBUG - 第25代概率模型更新完成
2025-04-30 01:18:00,440 - DEBUG - 第25代完成，当前最优解完工时间: 1946，历史最优解完工时间: 1902
2025-04-30 01:18:02,782 - DEBUG - 第26代概率模型更新完成
2025-04-30 01:18:02,782 - DEBUG - 第26代完成，当前最优解完工时间: 1923，历史最优解完工时间: 1902
2025-04-30 01:18:05,154 - DEBUG - 第27代概率模型更新完成
2025-04-30 01:18:05,154 - DEBUG - 第27代完成，当前最优解完工时间: 1924，历史最优解完工时间: 1902
2025-04-30 01:18:07,294 - DEBUG - 第28代概率模型更新完成
2025-04-30 01:18:07,294 - DEBUG - 第28代完成，当前最优解完工时间: 1925，历史最优解完工时间: 1902
2025-04-30 01:18:09,547 - DEBUG - 第29代概率模型更新完成
2025-04-30 01:18:09,547 - DEBUG - 第29代完成，当前最优解完工时间: 1962，历史最优解完工时间: 1902
2025-04-30 01:18:11,728 - DEBUG - 第30代概率模型更新完成
2025-04-30 01:18:11,728 - DEBUG - 第30代完成，当前最优解完工时间: 1936，历史最优解完工时间: 1902
2025-04-30 01:18:13,943 - DEBUG - 第31代概率模型更新完成
2025-04-30 01:18:13,943 - DEBUG - 第31代完成，当前最优解完工时间: 1943，历史最优解完工时间: 1902
2025-04-30 01:18:16,148 - DEBUG - 第32代概率模型更新完成
2025-04-30 01:18:16,148 - DEBUG - 第32代完成，当前最优解完工时间: 1968，历史最优解完工时间: 1902
2025-04-30 01:18:18,365 - DEBUG - 第33代概率模型更新完成
2025-04-30 01:18:18,365 - DEBUG - 第33代完成，当前最优解完工时间: 1941，历史最优解完工时间: 1902
2025-04-30 01:18:20,598 - DEBUG - 第34代概率模型更新完成
2025-04-30 01:18:20,598 - DEBUG - 第34代完成，当前最优解完工时间: 1944，历史最优解完工时间: 1902
2025-04-30 01:18:22,740 - DEBUG - 第35代概率模型更新完成
2025-04-30 01:18:22,740 - DEBUG - 第35代完成，当前最优解完工时间: 1913，历史最优解完工时间: 1902
2025-04-30 01:18:25,157 - DEBUG - 第36代概率模型更新完成
2025-04-30 01:18:25,157 - DEBUG - 第36代完成，当前最优解完工时间: 1947，历史最优解完工时间: 1902
2025-04-30 01:18:27,637 - DEBUG - 第37代概率模型更新完成
2025-04-30 01:18:27,638 - DEBUG - 第37代完成，当前最优解完工时间: 1958，历史最优解完工时间: 1902
2025-04-30 01:18:29,990 - DEBUG - 第38代概率模型更新完成
2025-04-30 01:18:29,990 - DEBUG - 第38代完成，当前最优解完工时间: 1952，历史最优解完工时间: 1902
2025-04-30 01:18:32,525 - DEBUG - 第39代概率模型更新完成
2025-04-30 01:18:32,525 - DEBUG - 第39代完成，当前最优解完工时间: 1916，历史最优解完工时间: 1902
2025-04-30 01:18:34,869 - DEBUG - 第40代概率模型更新完成
2025-04-30 01:18:34,869 - DEBUG - 第40代完成，当前最优解完工时间: 1915，历史最优解完工时间: 1902
2025-04-30 01:18:37,196 - DEBUG - 第41代概率模型更新完成
2025-04-30 01:18:37,196 - DEBUG - 第41代完成，当前最优解完工时间: 1943，历史最优解完工时间: 1902
2025-04-30 01:18:39,649 - DEBUG - 第42代概率模型更新完成
2025-04-30 01:18:39,649 - DEBUG - 第42代完成，当前最优解完工时间: 1921，历史最优解完工时间: 1902
2025-04-30 01:18:42,089 - DEBUG - 第43代概率模型更新完成
2025-04-30 01:18:42,089 - DEBUG - 第43代完成，当前最优解完工时间: 1905，历史最优解完工时间: 1902
2025-04-30 01:18:44,568 - DEBUG - 第44代概率模型更新完成
2025-04-30 01:18:44,568 - DEBUG - 第44代完成，当前最优解完工时间: 1937，历史最优解完工时间: 1902
2025-04-30 01:18:46,993 - DEBUG - 第45代概率模型更新完成
2025-04-30 01:18:46,993 - INFO - In generation 46，New best makespan: 1894.00
2025-04-30 01:18:46,993 - DEBUG - 第45代完成，当前最优解完工时间: 1894，历史最优解完工时间: 1894
2025-04-30 01:18:49,530 - DEBUG - 第46代概率模型更新完成
2025-04-30 01:18:49,530 - DEBUG - 第46代完成，当前最优解完工时间: 1948，历史最优解完工时间: 1894
2025-04-30 01:18:52,272 - DEBUG - 第47代概率模型更新完成
2025-04-30 01:18:52,272 - DEBUG - 第47代完成，当前最优解完工时间: 1917，历史最优解完工时间: 1894
2025-04-30 01:18:54,978 - DEBUG - 第48代概率模型更新完成
2025-04-30 01:18:54,978 - DEBUG - 第48代完成，当前最优解完工时间: 1946，历史最优解完工时间: 1894
2025-04-30 01:18:57,424 - DEBUG - 第49代概率模型更新完成
2025-04-30 01:18:57,424 - DEBUG - 第49代完成，当前最优解完工时间: 1936，历史最优解完工时间: 1894
2025-04-30 01:18:59,918 - DEBUG - 第50代概率模型更新完成
2025-04-30 01:18:59,918 - DEBUG - 第50代完成，当前最优解完工时间: 1913，历史最优解完工时间: 1894
2025-04-30 01:19:02,309 - DEBUG - 第51代概率模型更新完成
2025-04-30 01:19:02,309 - DEBUG - 第51代完成，当前最优解完工时间: 1911，历史最优解完工时间: 1894
2025-04-30 01:19:04,578 - DEBUG - 第52代概率模型更新完成
2025-04-30 01:19:04,578 - DEBUG - 第52代完成，当前最优解完工时间: 1930，历史最优解完工时间: 1894
2025-04-30 01:19:06,999 - DEBUG - 第53代概率模型更新完成
2025-04-30 01:19:07,000 - DEBUG - 第53代完成，当前最优解完工时间: 1949，历史最优解完工时间: 1894
2025-04-30 01:19:09,402 - DEBUG - 第54代概率模型更新完成
2025-04-30 01:19:09,402 - DEBUG - 第54代完成，当前最优解完工时间: 1905，历史最优解完工时间: 1894
2025-04-30 01:19:11,792 - DEBUG - 第55代概率模型更新完成
2025-04-30 01:19:11,792 - INFO - In generation 56，New best makespan: 1890.00
2025-04-30 01:19:11,792 - DEBUG - 第55代完成，当前最优解完工时间: 1890，历史最优解完工时间: 1890
2025-04-30 01:19:14,168 - DEBUG - 第56代概率模型更新完成
2025-04-30 01:19:14,168 - DEBUG - 第56代完成，当前最优解完工时间: 1933，历史最优解完工时间: 1890
2025-04-30 01:19:16,388 - DEBUG - 第57代概率模型更新完成
2025-04-30 01:19:16,388 - DEBUG - 第57代完成，当前最优解完工时间: 1942，历史最优解完工时间: 1890
2025-04-30 01:19:18,726 - DEBUG - 第58代概率模型更新完成
2025-04-30 01:19:18,726 - DEBUG - 第58代完成，当前最优解完工时间: 1929，历史最优解完工时间: 1890
2025-04-30 01:19:21,027 - DEBUG - 第59代概率模型更新完成
2025-04-30 01:19:21,027 - DEBUG - 第59代完成，当前最优解完工时间: 1940，历史最优解完工时间: 1890
2025-04-30 01:19:23,458 - DEBUG - 第60代概率模型更新完成
2025-04-30 01:19:23,458 - DEBUG - 第60代完成，当前最优解完工时间: 1934，历史最优解完工时间: 1890
2025-04-30 01:19:25,693 - DEBUG - 第61代概率模型更新完成
2025-04-30 01:19:25,693 - DEBUG - 第61代完成，当前最优解完工时间: 1936，历史最优解完工时间: 1890
2025-04-30 01:19:28,025 - DEBUG - 第62代概率模型更新完成
2025-04-30 01:19:28,025 - DEBUG - 第62代完成，当前最优解完工时间: 1915，历史最优解完工时间: 1890
2025-04-30 01:19:30,464 - DEBUG - 第63代概率模型更新完成
2025-04-30 01:19:30,464 - DEBUG - 第63代完成，当前最优解完工时间: 1946，历史最优解完工时间: 1890
2025-04-30 01:19:32,891 - DEBUG - 第64代概率模型更新完成
2025-04-30 01:19:32,891 - DEBUG - 第64代完成，当前最优解完工时间: 1946，历史最优解完工时间: 1890
2025-04-30 01:19:35,373 - DEBUG - 第65代概率模型更新完成
2025-04-30 01:19:35,373 - DEBUG - 第65代完成，当前最优解完工时间: 1944，历史最优解完工时间: 1890
2025-04-30 01:19:37,925 - DEBUG - 第66代概率模型更新完成
2025-04-30 01:19:37,925 - DEBUG - 第66代完成，当前最优解完工时间: 1963，历史最优解完工时间: 1890
2025-04-30 01:19:40,598 - DEBUG - 第67代概率模型更新完成
2025-04-30 01:19:40,598 - DEBUG - 第67代完成，当前最优解完工时间: 1923，历史最优解完工时间: 1890
2025-04-30 01:19:42,955 - DEBUG - 第68代概率模型更新完成
2025-04-30 01:19:42,955 - DEBUG - 第68代完成，当前最优解完工时间: 1906，历史最优解完工时间: 1890
2025-04-30 01:19:45,348 - DEBUG - 第69代概率模型更新完成
2025-04-30 01:19:45,348 - DEBUG - 第69代完成，当前最优解完工时间: 1942，历史最优解完工时间: 1890
2025-04-30 01:19:47,723 - DEBUG - 第70代概率模型更新完成
2025-04-30 01:19:47,723 - DEBUG - 第70代完成，当前最优解完工时间: 1926，历史最优解完工时间: 1890
2025-04-30 01:19:50,243 - DEBUG - 第71代概率模型更新完成
2025-04-30 01:19:50,243 - DEBUG - 第71代完成，当前最优解完工时间: 1952，历史最优解完工时间: 1890
2025-04-30 01:19:52,611 - DEBUG - 第72代概率模型更新完成
2025-04-30 01:19:52,611 - DEBUG - 第72代完成，当前最优解完工时间: 1909，历史最优解完工时间: 1890
2025-04-30 01:19:54,914 - DEBUG - 第73代概率模型更新完成
2025-04-30 01:19:54,914 - DEBUG - 第73代完成，当前最优解完工时间: 1952，历史最优解完工时间: 1890
2025-04-30 01:19:57,154 - DEBUG - 第74代概率模型更新完成
2025-04-30 01:19:57,154 - DEBUG - 第74代完成，当前最优解完工时间: 1939，历史最优解完工时间: 1890
2025-04-30 01:19:59,434 - DEBUG - 第75代概率模型更新完成
2025-04-30 01:19:59,434 - DEBUG - 第75代完成，当前最优解完工时间: 1934，历史最优解完工时间: 1890
2025-04-30 01:20:01,672 - DEBUG - 第76代概率模型更新完成
2025-04-30 01:20:01,672 - DEBUG - 第76代完成，当前最优解完工时间: 1938，历史最优解完工时间: 1890
2025-04-30 01:20:03,834 - DEBUG - 第77代概率模型更新完成
2025-04-30 01:20:03,834 - DEBUG - 第77代完成，当前最优解完工时间: 1916，历史最优解完工时间: 1890
2025-04-30 01:20:06,086 - DEBUG - 第78代概率模型更新完成
2025-04-30 01:20:06,086 - DEBUG - 第78代完成，当前最优解完工时间: 1946，历史最优解完工时间: 1890
2025-04-30 01:20:08,403 - DEBUG - 第79代概率模型更新完成
2025-04-30 01:20:08,403 - DEBUG - 第79代完成，当前最优解完工时间: 1933，历史最优解完工时间: 1890
2025-04-30 01:20:10,611 - DEBUG - 第80代概率模型更新完成
2025-04-30 01:20:10,611 - DEBUG - 第80代完成，当前最优解完工时间: 1948，历史最优解完工时间: 1890
2025-04-30 01:20:12,797 - DEBUG - 第81代概率模型更新完成
2025-04-30 01:20:12,798 - DEBUG - 第81代完成，当前最优解完工时间: 1929，历史最优解完工时间: 1890
2025-04-30 01:20:14,965 - DEBUG - 第82代概率模型更新完成
2025-04-30 01:20:14,965 - DEBUG - 第82代完成，当前最优解完工时间: 1899，历史最优解完工时间: 1890
2025-04-30 01:20:17,197 - DEBUG - 第83代概率模型更新完成
2025-04-30 01:20:17,197 - DEBUG - 第83代完成，当前最优解完工时间: 1932，历史最优解完工时间: 1890
2025-04-30 01:20:19,224 - DEBUG - 第84代概率模型更新完成
2025-04-30 01:20:19,224 - DEBUG - 第84代完成，当前最优解完工时间: 1955，历史最优解完工时间: 1890
2025-04-30 01:20:21,389 - DEBUG - 第85代概率模型更新完成
2025-04-30 01:20:21,389 - DEBUG - 第85代完成，当前最优解完工时间: 1900，历史最优解完工时间: 1890
2025-04-30 01:20:23,585 - DEBUG - 第86代概率模型更新完成
2025-04-30 01:20:23,585 - DEBUG - 第86代完成，当前最优解完工时间: 1890，历史最优解完工时间: 1890
2025-04-30 01:20:25,732 - DEBUG - 第87代概率模型更新完成
2025-04-30 01:20:25,732 - DEBUG - 第87代完成，当前最优解完工时间: 1943，历史最优解完工时间: 1890
2025-04-30 01:20:27,871 - DEBUG - 第88代概率模型更新完成
2025-04-30 01:20:27,871 - DEBUG - 第88代完成，当前最优解完工时间: 1932，历史最优解完工时间: 1890
2025-04-30 01:20:30,065 - DEBUG - 第89代概率模型更新完成
2025-04-30 01:20:30,065 - DEBUG - 第89代完成，当前最优解完工时间: 1910，历史最优解完工时间: 1890
2025-04-30 01:20:32,142 - DEBUG - 第90代概率模型更新完成
2025-04-30 01:20:32,142 - DEBUG - 第90代完成，当前最优解完工时间: 1905，历史最优解完工时间: 1890
2025-04-30 01:20:34,447 - DEBUG - 第91代概率模型更新完成
2025-04-30 01:20:34,447 - DEBUG - 第91代完成，当前最优解完工时间: 1927，历史最优解完工时间: 1890
2025-04-30 01:20:36,681 - DEBUG - 第92代概率模型更新完成
2025-04-30 01:20:36,681 - DEBUG - 第92代完成，当前最优解完工时间: 1919，历史最优解完工时间: 1890
2025-04-30 01:20:38,904 - DEBUG - 第93代概率模型更新完成
2025-04-30 01:20:38,906 - DEBUG - 第93代完成，当前最优解完工时间: 1928，历史最优解完工时间: 1890
2025-04-30 01:20:41,083 - DEBUG - 第94代概率模型更新完成
2025-04-30 01:20:41,083 - DEBUG - 第94代完成，当前最优解完工时间: 1906，历史最优解完工时间: 1890
2025-04-30 01:20:43,337 - DEBUG - 第95代概率模型更新完成
2025-04-30 01:20:43,337 - DEBUG - 第95代完成，当前最优解完工时间: 1940，历史最优解完工时间: 1890
2025-04-30 01:20:45,521 - DEBUG - 第96代概率模型更新完成
2025-04-30 01:20:45,521 - DEBUG - 第96代完成，当前最优解完工时间: 1947，历史最优解完工时间: 1890
2025-04-30 01:20:47,918 - DEBUG - 第97代概率模型更新完成
2025-04-30 01:20:47,918 - DEBUG - 第97代完成，当前最优解完工时间: 1922，历史最优解完工时间: 1890
2025-04-30 01:20:50,195 - DEBUG - 第98代概率模型更新完成
2025-04-30 01:20:50,196 - DEBUG - 第98代完成，当前最优解完工时间: 1923，历史最优解完工时间: 1890
2025-04-30 01:20:52,445 - DEBUG - 第99代概率模型更新完成
2025-04-30 01:20:52,445 - DEBUG - 第99代完成，当前最优解完工时间: 1921，历史最优解完工时间: 1890
2025-04-30 01:20:52,445 - INFO - Total time: 230.29s
2025-04-30 01:20:52,632 - INFO - ==================================================
2025-04-30 01:20:52,632 - INFO - Best solution found with makespan: 1890.00s at generation 55
2025-04-30 01:20:52,632 - INFO - Total time: 230.29s
2025-04-30 01:20:52,632 - INFO - Results saved to: sl_output
2025-04-30 01:20:52,632 - INFO - Convergence curve saved to: sl_output\sl_convergence.png
2025-04-30 01:20:52,632 - INFO - Detailed log saved to: d:\Amelia\SOFJSPT_0428\logs\sl_log_20250430_011702.log
