2025-04-08 11:35:51,408 - INFO - Initialization probability model completed.
2025-04-08 11:35:51,409 - INFO - In generation 1，New best makespan: 1940.00
2025-04-08 11:35:51,409 - DEBUG - 第0代完成，当前最优解完工时间: 1940，历史最优解完工时间: 1940
2025-04-08 11:35:51,879 - DEBUG - 
更新概率模型:
2025-04-08 11:35:51,879 - DEBUG - 多样性指标: 0.0422
2025-04-08 11:35:51,879 - DEBUG - 自适应学习率: 0.8324
2025-04-08 11:35:51,879 - DEBUG - 第1代概率模型更新完成
2025-04-08 11:35:51,879 - DEBUG - 第1代完成，当前最优解完工时间: 1952，历史最优解完工时间: 1940
2025-04-08 11:35:52,370 - DEBUG - 
更新概率模型:
2025-04-08 11:35:52,372 - DEBUG - 多样性指标: 0.0435
2025-04-08 11:35:52,372 - DEBUG - 自适应学习率: 0.8390
2025-04-08 11:35:52,372 - DEBUG - 第2代概率模型更新完成
2025-04-08 11:35:52,372 - INFO - In generation 3，New best makespan: 1920.00
2025-04-08 11:35:52,373 - DEBUG - 第2代完成，当前最优解完工时间: 1920，历史最优解完工时间: 1920
2025-04-08 11:35:52,842 - DEBUG - 
更新概率模型:
2025-04-08 11:35:52,842 - DEBUG - 多样性指标: 0.0427
2025-04-08 11:35:52,842 - DEBUG - 自适应学习率: 0.8473
2025-04-08 11:35:52,842 - DEBUG - 第3代概率模型更新完成
2025-04-08 11:35:52,842 - INFO - In generation 4，New best makespan: 1884.00
2025-04-08 11:35:52,842 - DEBUG - 第3代完成，当前最优解完工时间: 1884，历史最优解完工时间: 1884
2025-04-08 11:35:53,310 - DEBUG - 
更新概率模型:
2025-04-08 11:35:53,310 - DEBUG - 多样性指标: 0.0407
2025-04-08 11:35:53,310 - DEBUG - 自适应学习率: 0.8272
2025-04-08 11:35:53,310 - DEBUG - 第4代概率模型更新完成
2025-04-08 11:35:53,310 - DEBUG - 第4代完成，当前最优解完工时间: 1967，历史最优解完工时间: 1884
2025-04-08 11:35:53,769 - DEBUG - 
更新概率模型:
2025-04-08 11:35:53,769 - DEBUG - 多样性指标: 0.0362
2025-04-08 11:35:53,769 - DEBUG - 自适应学习率: 0.8301
2025-04-08 11:35:53,769 - DEBUG - 第5代概率模型更新完成
2025-04-08 11:35:53,769 - DEBUG - 第5代完成，当前最优解完工时间: 1956，历史最优解完工时间: 1884
2025-04-08 11:35:54,216 - DEBUG - 
更新概率模型:
2025-04-08 11:35:54,216 - DEBUG - 多样性指标: 0.0389
2025-04-08 11:35:54,216 - DEBUG - 自适应学习率: 0.8300
2025-04-08 11:35:54,216 - DEBUG - 第6代概率模型更新完成
2025-04-08 11:35:54,216 - DEBUG - 第6代完成，当前最优解完工时间: 1961，历史最优解完工时间: 1884
2025-04-08 11:35:54,670 - DEBUG - 
更新概率模型:
2025-04-08 11:35:54,670 - DEBUG - 多样性指标: 0.0447
2025-04-08 11:35:54,670 - DEBUG - 自适应学习率: 0.8358
2025-04-08 11:35:54,670 - DEBUG - 第7代概率模型更新完成
2025-04-08 11:35:54,670 - DEBUG - 第7代完成，当前最优解完工时间: 1939，历史最优解完工时间: 1884
2025-04-08 11:35:55,118 - DEBUG - 
更新概率模型:
2025-04-08 11:35:55,119 - DEBUG - 多样性指标: 0.0403
2025-04-08 11:35:55,119 - DEBUG - 自适应学习率: 0.8383
2025-04-08 11:35:55,119 - DEBUG - 第8代概率模型更新完成
2025-04-08 11:35:55,119 - DEBUG - 第8代完成，当前最优解完工时间: 1913，历史最优解完工时间: 1884
2025-04-08 11:35:55,570 - DEBUG - 
更新概率模型:
2025-04-08 11:35:55,570 - DEBUG - 多样性指标: 0.0375
2025-04-08 11:35:55,570 - DEBUG - 自适应学习率: 0.8331
2025-04-08 11:35:55,570 - DEBUG - 第9代概率模型更新完成
2025-04-08 11:35:55,570 - DEBUG - 第9代完成，当前最优解完工时间: 1938，历史最优解完工时间: 1884
2025-04-08 11:35:56,025 - DEBUG - 
更新概率模型:
2025-04-08 11:35:56,025 - DEBUG - 多样性指标: 0.0460
2025-04-08 11:35:56,025 - DEBUG - 自适应学习率: 0.8375
2025-04-08 11:35:56,025 - DEBUG - 第10代概率模型更新完成
2025-04-08 11:35:56,025 - DEBUG - 第10代完成，当前最优解完工时间: 1926，历史最优解完工时间: 1884
2025-04-08 11:35:56,476 - DEBUG - 
更新概率模型:
2025-04-08 11:35:56,476 - DEBUG - 多样性指标: 0.0421
2025-04-08 11:35:56,477 - DEBUG - 自适应学习率: 0.8279
2025-04-08 11:35:56,477 - DEBUG - 第11代概率模型更新完成
2025-04-08 11:35:56,477 - DEBUG - 第11代完成，当前最优解完工时间: 1967，历史最优解完工时间: 1884
2025-04-08 11:35:56,925 - DEBUG - 
更新概率模型:
2025-04-08 11:35:56,925 - DEBUG - 多样性指标: 0.0375
2025-04-08 11:35:56,925 - DEBUG - 自适应学习率: 0.8436
2025-04-08 11:35:56,925 - DEBUG - 第12代概率模型更新完成
2025-04-08 11:35:56,925 - INFO - In generation 13，New best makespan: 1883.00
2025-04-08 11:35:56,925 - DEBUG - 第12代完成，当前最优解完工时间: 1883，历史最优解完工时间: 1883
2025-04-08 11:35:57,378 - DEBUG - 
更新概率模型:
2025-04-08 11:35:57,378 - DEBUG - 多样性指标: 0.0367
2025-04-08 11:35:57,378 - DEBUG - 自适应学习率: 0.8259
2025-04-08 11:35:57,378 - DEBUG - 第13代概率模型更新完成
2025-04-08 11:35:57,378 - DEBUG - 第13代完成，当前最优解完工时间: 1972，历史最优解完工时间: 1883
2025-04-08 11:35:57,830 - DEBUG - 
更新概率模型:
2025-04-08 11:35:57,830 - DEBUG - 多样性指标: 0.0438
2025-04-08 11:35:57,830 - DEBUG - 自适应学习率: 0.8346
2025-04-08 11:35:57,830 - DEBUG - 第14代概率模型更新完成
2025-04-08 11:35:57,830 - DEBUG - 第14代完成，当前最优解完工时间: 1941，历史最优解完工时间: 1883
2025-04-08 11:35:58,280 - DEBUG - 
更新概率模型:
2025-04-08 11:35:58,280 - DEBUG - 多样性指标: 0.0403
2025-04-08 11:35:58,280 - DEBUG - 自适应学习率: 0.8268
2025-04-08 11:35:58,280 - DEBUG - 第15代概率模型更新完成
2025-04-08 11:35:58,280 - DEBUG - 第15代完成，当前最优解完工时间: 1963，历史最优解完工时间: 1883
2025-04-08 11:35:58,734 - DEBUG - 
更新概率模型:
2025-04-08 11:35:58,734 - DEBUG - 多样性指标: 0.0380
2025-04-08 11:35:58,734 - DEBUG - 自适应学习率: 0.8280
2025-04-08 11:35:58,734 - DEBUG - 第16代概率模型更新完成
2025-04-08 11:35:58,734 - DEBUG - 第16代完成，当前最优解完工时间: 1959，历史最优解完工时间: 1883
2025-04-08 11:35:59,182 - DEBUG - 
更新概率模型:
2025-04-08 11:35:59,183 - DEBUG - 多样性指标: 0.0404
2025-04-08 11:35:59,183 - DEBUG - 自适应学习率: 0.8346
2025-04-08 11:35:59,183 - DEBUG - 第17代概率模型更新完成
2025-04-08 11:35:59,183 - DEBUG - 第17代完成，当前最优解完工时间: 1938，历史最优解完工时间: 1883
2025-04-08 11:35:59,631 - DEBUG - 
更新概率模型:
2025-04-08 11:35:59,631 - DEBUG - 多样性指标: 0.0431
2025-04-08 11:35:59,631 - DEBUG - 自适应学习率: 0.8328
2025-04-08 11:35:59,631 - DEBUG - 第18代概率模型更新完成
2025-04-08 11:35:59,631 - DEBUG - 第18代完成，当前最优解完工时间: 1946，历史最优解完工时间: 1883
2025-04-08 11:36:00,081 - DEBUG - 
更新概率模型:
2025-04-08 11:36:00,081 - DEBUG - 多样性指标: 0.0454
2025-04-08 11:36:00,081 - DEBUG - 自适应学习率: 0.8340
2025-04-08 11:36:00,081 - DEBUG - 第19代概率模型更新完成
2025-04-08 11:36:00,081 - DEBUG - 第19代完成，当前最优解完工时间: 1948，历史最优解完工时间: 1883
2025-04-08 11:36:00,533 - DEBUG - 
更新概率模型:
2025-04-08 11:36:00,533 - DEBUG - 多样性指标: 0.0446
2025-04-08 11:36:00,533 - DEBUG - 自适应学习率: 0.8392
2025-04-08 11:36:00,533 - DEBUG - 第20代概率模型更新完成
2025-04-08 11:36:00,533 - DEBUG - 第20代完成，当前最优解完工时间: 1920，历史最优解完工时间: 1883
2025-04-08 11:36:00,985 - DEBUG - 
更新概率模型:
2025-04-08 11:36:00,985 - DEBUG - 多样性指标: 0.0365
2025-04-08 11:36:00,985 - DEBUG - 自适应学习率: 0.8275
2025-04-08 11:36:00,985 - DEBUG - 第21代概率模型更新完成
2025-04-08 11:36:00,985 - DEBUG - 第21代完成，当前最优解完工时间: 1942，历史最优解完工时间: 1883
2025-04-08 11:36:01,439 - DEBUG - 
更新概率模型:
2025-04-08 11:36:01,439 - DEBUG - 多样性指标: 0.0415
2025-04-08 11:36:01,439 - DEBUG - 自适应学习率: 0.8412
2025-04-08 11:36:01,439 - DEBUG - 第22代概率模型更新完成
2025-04-08 11:36:01,439 - DEBUG - 第22代完成，当前最优解完工时间: 1901，历史最优解完工时间: 1883
2025-04-08 11:36:01,888 - DEBUG - 
更新概率模型:
2025-04-08 11:36:01,888 - DEBUG - 多样性指标: 0.0395
2025-04-08 11:36:01,888 - DEBUG - 自适应学习率: 0.8339
2025-04-08 11:36:01,888 - DEBUG - 第23代概率模型更新完成
2025-04-08 11:36:01,890 - DEBUG - 第23代完成，当前最优解完工时间: 1935，历史最优解完工时间: 1883
2025-04-08 11:36:02,337 - DEBUG - 
更新概率模型:
2025-04-08 11:36:02,337 - DEBUG - 多样性指标: 0.0398
2025-04-08 11:36:02,337 - DEBUG - 自适应学习率: 0.8374
2025-04-08 11:36:02,337 - DEBUG - 第24代概率模型更新完成
2025-04-08 11:36:02,337 - DEBUG - 第24代完成，当前最优解完工时间: 1922，历史最优解完工时间: 1883
2025-04-08 11:36:02,786 - DEBUG - 
更新概率模型:
2025-04-08 11:36:02,786 - DEBUG - 多样性指标: 0.0403
2025-04-08 11:36:02,786 - DEBUG - 自适应学习率: 0.8298
2025-04-08 11:36:02,786 - DEBUG - 第25代概率模型更新完成
2025-04-08 11:36:02,786 - DEBUG - 第25代完成，当前最优解完工时间: 1943，历史最优解完工时间: 1883
2025-04-08 11:36:03,236 - DEBUG - 
更新概率模型:
2025-04-08 11:36:03,236 - DEBUG - 多样性指标: 0.0396
2025-04-08 11:36:03,236 - DEBUG - 自适应学习率: 0.8339
2025-04-08 11:36:03,236 - DEBUG - 第26代概率模型更新完成
2025-04-08 11:36:03,236 - DEBUG - 第26代完成，当前最优解完工时间: 1930，历史最优解完工时间: 1883
2025-04-08 11:36:03,687 - DEBUG - 
更新概率模型:
2025-04-08 11:36:03,687 - DEBUG - 多样性指标: 0.0426
2025-04-08 11:36:03,687 - DEBUG - 自适应学习率: 0.8353
2025-04-08 11:36:03,687 - DEBUG - 第27代概率模型更新完成
2025-04-08 11:36:03,687 - DEBUG - 第27代完成，当前最优解完工时间: 1940，历史最优解完工时间: 1883
2025-04-08 11:36:04,136 - DEBUG - 
更新概率模型:
2025-04-08 11:36:04,136 - DEBUG - 多样性指标: 0.0356
2025-04-08 11:36:04,136 - DEBUG - 自适应学习率: 0.8332
2025-04-08 11:36:04,136 - DEBUG - 第28代概率模型更新完成
2025-04-08 11:36:04,136 - DEBUG - 第28代完成，当前最优解完工时间: 1944，历史最优解完工时间: 1883
2025-04-08 11:36:04,582 - DEBUG - 
更新概率模型:
2025-04-08 11:36:04,582 - DEBUG - 多样性指标: 0.0412
2025-04-08 11:36:04,582 - DEBUG - 自适应学习率: 0.8284
2025-04-08 11:36:04,582 - DEBUG - 第29代概率模型更新完成
2025-04-08 11:36:04,582 - DEBUG - 第29代完成，当前最优解完工时间: 1965，历史最优解完工时间: 1883
2025-04-08 11:36:05,032 - DEBUG - 
更新概率模型:
2025-04-08 11:36:05,032 - DEBUG - 多样性指标: 0.0445
2025-04-08 11:36:05,032 - DEBUG - 自适应学习率: 0.8312
2025-04-08 11:36:05,032 - DEBUG - 第30代概率模型更新完成
2025-04-08 11:36:05,032 - DEBUG - 第30代完成，当前最优解完工时间: 1935，历史最优解完工时间: 1883
2025-04-08 11:36:05,479 - DEBUG - 
更新概率模型:
2025-04-08 11:36:05,479 - DEBUG - 多样性指标: 0.0412
2025-04-08 11:36:05,479 - DEBUG - 自适应学习率: 0.8386
2025-04-08 11:36:05,480 - DEBUG - 第31代概率模型更新完成
2025-04-08 11:36:05,480 - DEBUG - 第31代完成，当前最优解完工时间: 1911，历史最优解完工时间: 1883
2025-04-08 11:36:05,933 - DEBUG - 
更新概率模型:
2025-04-08 11:36:05,933 - DEBUG - 多样性指标: 0.0409
2025-04-08 11:36:05,933 - DEBUG - 自适应学习率: 0.8340
2025-04-08 11:36:05,933 - DEBUG - 第32代概率模型更新完成
2025-04-08 11:36:05,933 - DEBUG - 第32代完成，当前最优解完工时间: 1924，历史最优解完工时间: 1883
2025-04-08 11:36:06,383 - DEBUG - 
更新概率模型:
2025-04-08 11:36:06,383 - DEBUG - 多样性指标: 0.0433
2025-04-08 11:36:06,383 - DEBUG - 自适应学习率: 0.8325
2025-04-08 11:36:06,383 - DEBUG - 第33代概率模型更新完成
2025-04-08 11:36:06,383 - DEBUG - 第33代完成，当前最优解完工时间: 1939，历史最优解完工时间: 1883
2025-04-08 11:36:06,848 - DEBUG - 
更新概率模型:
2025-04-08 11:36:06,848 - DEBUG - 多样性指标: 0.0425
2025-04-08 11:36:06,848 - DEBUG - 自适应学习率: 0.8361
2025-04-08 11:36:06,848 - DEBUG - 第34代概率模型更新完成
2025-04-08 11:36:06,848 - DEBUG - 第34代完成，当前最优解完工时间: 1923，历史最优解完工时间: 1883
2025-04-08 11:36:07,300 - DEBUG - 
更新概率模型:
2025-04-08 11:36:07,300 - DEBUG - 多样性指标: 0.0397
2025-04-08 11:36:07,300 - DEBUG - 自适应学习率: 0.8304
2025-04-08 11:36:07,300 - DEBUG - 第35代概率模型更新完成
2025-04-08 11:36:07,300 - DEBUG - 第35代完成，当前最优解完工时间: 1944，历史最优解完工时间: 1883
2025-04-08 11:36:07,768 - DEBUG - 
更新概率模型:
2025-04-08 11:36:07,768 - DEBUG - 多样性指标: 0.0415
2025-04-08 11:36:07,768 - DEBUG - 自适应学习率: 0.8334
2025-04-08 11:36:07,768 - DEBUG - 第36代概率模型更新完成
2025-04-08 11:36:07,768 - DEBUG - 第36代完成，当前最优解完工时间: 1937，历史最优解完工时间: 1883
2025-04-08 11:36:08,212 - DEBUG - 
更新概率模型:
2025-04-08 11:36:08,212 - DEBUG - 多样性指标: 0.0414
2025-04-08 11:36:08,212 - DEBUG - 自适应学习率: 0.8343
2025-04-08 11:36:08,212 - DEBUG - 第37代概率模型更新完成
2025-04-08 11:36:08,212 - DEBUG - 第37代完成，当前最优解完工时间: 1934，历史最优解完工时间: 1883
2025-04-08 11:36:08,664 - DEBUG - 
更新概率模型:
2025-04-08 11:36:08,664 - DEBUG - 多样性指标: 0.0395
2025-04-08 11:36:08,664 - DEBUG - 自适应学习率: 0.8309
2025-04-08 11:36:08,664 - DEBUG - 第38代概率模型更新完成
2025-04-08 11:36:08,664 - DEBUG - 第38代完成，当前最优解完工时间: 1942，历史最优解完工时间: 1883
2025-04-08 11:36:09,114 - DEBUG - 
更新概率模型:
2025-04-08 11:36:09,114 - DEBUG - 多样性指标: 0.0379
2025-04-08 11:36:09,114 - DEBUG - 自适应学习率: 0.8341
2025-04-08 11:36:09,114 - DEBUG - 第39代概率模型更新完成
2025-04-08 11:36:09,114 - DEBUG - 第39代完成，当前最优解完工时间: 1941，历史最优解完工时间: 1883
2025-04-08 11:36:09,566 - DEBUG - 
更新概率模型:
2025-04-08 11:36:09,566 - DEBUG - 多样性指标: 0.0398
2025-04-08 11:36:09,566 - DEBUG - 自适应学习率: 0.8429
2025-04-08 11:36:09,566 - DEBUG - 第40代概率模型更新完成
2025-04-08 11:36:09,566 - DEBUG - 第40代完成，当前最优解完工时间: 1891，历史最优解完工时间: 1883
2025-04-08 11:36:10,019 - DEBUG - 
更新概率模型:
2025-04-08 11:36:10,019 - DEBUG - 多样性指标: 0.0405
2025-04-08 11:36:10,019 - DEBUG - 自适应学习率: 0.8300
2025-04-08 11:36:10,019 - DEBUG - 第41代概率模型更新完成
2025-04-08 11:36:10,019 - DEBUG - 第41代完成，当前最优解完工时间: 1946，历史最优解完工时间: 1883
2025-04-08 11:36:10,468 - DEBUG - 
更新概率模型:
2025-04-08 11:36:10,468 - DEBUG - 多样性指标: 0.0445
2025-04-08 11:36:10,468 - DEBUG - 自适应学习率: 0.8322
2025-04-08 11:36:10,468 - DEBUG - 第42代概率模型更新完成
2025-04-08 11:36:10,468 - DEBUG - 第42代完成，当前最优解完工时间: 1934，历史最优解完工时间: 1883
2025-04-08 11:36:10,922 - DEBUG - 
更新概率模型:
2025-04-08 11:36:10,923 - DEBUG - 多样性指标: 0.0378
2025-04-08 11:36:10,923 - DEBUG - 自适应学习率: 0.8301
2025-04-08 11:36:10,923 - DEBUG - 第43代概率模型更新完成
2025-04-08 11:36:10,923 - DEBUG - 第43代完成，当前最优解完工时间: 1942，历史最优解完工时间: 1883
2025-04-08 11:36:11,371 - DEBUG - 
更新概率模型:
2025-04-08 11:36:11,371 - DEBUG - 多样性指标: 0.0388
2025-04-08 11:36:11,374 - DEBUG - 自适应学习率: 0.8343
2025-04-08 11:36:11,374 - DEBUG - 第44代概率模型更新完成
2025-04-08 11:36:11,374 - DEBUG - 第44代完成，当前最优解完工时间: 1923，历史最优解完工时间: 1883
2025-04-08 11:36:11,829 - DEBUG - 
更新概率模型:
2025-04-08 11:36:11,829 - DEBUG - 多样性指标: 0.0476
2025-04-08 11:36:11,829 - DEBUG - 自适应学习率: 0.8329
2025-04-08 11:36:11,829 - DEBUG - 第45代概率模型更新完成
2025-04-08 11:36:11,829 - DEBUG - 第45代完成，当前最优解完工时间: 1959，历史最优解完工时间: 1883
2025-04-08 11:36:12,279 - DEBUG - 
更新概率模型:
2025-04-08 11:36:12,279 - DEBUG - 多样性指标: 0.0370
2025-04-08 11:36:12,279 - DEBUG - 自适应学习率: 0.8276
2025-04-08 11:36:12,279 - DEBUG - 第46代概率模型更新完成
2025-04-08 11:36:12,279 - DEBUG - 第46代完成，当前最优解完工时间: 1966，历史最优解完工时间: 1883
2025-04-08 11:36:12,733 - DEBUG - 
更新概率模型:
2025-04-08 11:36:12,733 - DEBUG - 多样性指标: 0.0413
2025-04-08 11:36:12,733 - DEBUG - 自适应学习率: 0.8357
2025-04-08 11:36:12,733 - DEBUG - 第47代概率模型更新完成
2025-04-08 11:36:12,733 - DEBUG - 第47代完成，当前最优解完工时间: 1911，历史最优解完工时间: 1883
2025-04-08 11:36:13,180 - DEBUG - 
更新概率模型:
2025-04-08 11:36:13,180 - DEBUG - 多样性指标: 0.0376
2025-04-08 11:36:13,180 - DEBUG - 自适应学习率: 0.8342
2025-04-08 11:36:13,180 - DEBUG - 第48代概率模型更新完成
2025-04-08 11:36:13,180 - DEBUG - 第48代完成，当前最优解完工时间: 1928，历史最优解完工时间: 1883
2025-04-08 11:36:13,631 - DEBUG - 
更新概率模型:
2025-04-08 11:36:13,631 - DEBUG - 多样性指标: 0.0444
2025-04-08 11:36:13,631 - DEBUG - 自适应学习率: 0.8351
2025-04-08 11:36:13,631 - DEBUG - 第49代概率模型更新完成
2025-04-08 11:36:13,631 - DEBUG - 第49代完成，当前最优解完工时间: 1923，历史最优解完工时间: 1883
2025-04-08 11:36:14,077 - DEBUG - 
更新概率模型:
2025-04-08 11:36:14,077 - DEBUG - 多样性指标: 0.0385
2025-04-08 11:36:14,077 - DEBUG - 自适应学习率: 0.8325
2025-04-08 11:36:14,077 - DEBUG - 第50代概率模型更新完成
2025-04-08 11:36:14,077 - DEBUG - 第50代完成，当前最优解完工时间: 1943，历史最优解完工时间: 1883
2025-04-08 11:36:14,530 - DEBUG - 
更新概率模型:
2025-04-08 11:36:14,530 - DEBUG - 多样性指标: 0.0433
2025-04-08 11:36:14,530 - DEBUG - 自适应学习率: 0.8309
2025-04-08 11:36:14,530 - DEBUG - 第51代概率模型更新完成
2025-04-08 11:36:14,530 - DEBUG - 第51代完成，当前最优解完工时间: 1957，历史最优解完工时间: 1883
2025-04-08 11:36:14,978 - DEBUG - 
更新概率模型:
2025-04-08 11:36:14,978 - DEBUG - 多样性指标: 0.0428
2025-04-08 11:36:14,978 - DEBUG - 自适应学习率: 0.8339
2025-04-08 11:36:14,978 - DEBUG - 第52代概率模型更新完成
2025-04-08 11:36:14,978 - DEBUG - 第52代完成，当前最优解完工时间: 1922，历史最优解完工时间: 1883
2025-04-08 11:36:15,427 - DEBUG - 
更新概率模型:
2025-04-08 11:36:15,427 - DEBUG - 多样性指标: 0.0374
2025-04-08 11:36:15,427 - DEBUG - 自适应学习率: 0.8387
2025-04-08 11:36:15,427 - DEBUG - 第53代概率模型更新完成
2025-04-08 11:36:15,427 - DEBUG - 第53代完成，当前最优解完工时间: 1910，历史最优解完工时间: 1883
2025-04-08 11:36:15,875 - DEBUG - 
更新概率模型:
2025-04-08 11:36:15,876 - DEBUG - 多样性指标: 0.0467
2025-04-08 11:36:15,876 - DEBUG - 自适应学习率: 0.8326
2025-04-08 11:36:15,876 - DEBUG - 第54代概率模型更新完成
2025-04-08 11:36:15,876 - DEBUG - 第54代完成，当前最优解完工时间: 1929，历史最优解完工时间: 1883
2025-04-08 11:36:16,326 - DEBUG - 
更新概率模型:
2025-04-08 11:36:16,326 - DEBUG - 多样性指标: 0.0386
2025-04-08 11:36:16,326 - DEBUG - 自适应学习率: 0.8268
2025-04-08 11:36:16,326 - DEBUG - 第55代概率模型更新完成
2025-04-08 11:36:16,326 - DEBUG - 第55代完成，当前最优解完工时间: 1948，历史最优解完工时间: 1883
2025-04-08 11:36:16,778 - DEBUG - 
更新概率模型:
2025-04-08 11:36:16,778 - DEBUG - 多样性指标: 0.0426
2025-04-08 11:36:16,779 - DEBUG - 自适应学习率: 0.8323
2025-04-08 11:36:16,779 - DEBUG - 第56代概率模型更新完成
2025-04-08 11:36:16,779 - DEBUG - 第56代完成，当前最优解完工时间: 1927，历史最优解完工时间: 1883
2025-04-08 11:36:17,225 - DEBUG - 
更新概率模型:
2025-04-08 11:36:17,225 - DEBUG - 多样性指标: 0.0398
2025-04-08 11:36:17,225 - DEBUG - 自适应学习率: 0.8338
2025-04-08 11:36:17,225 - DEBUG - 第57代概率模型更新完成
2025-04-08 11:36:17,225 - DEBUG - 第57代完成，当前最优解完工时间: 1939，历史最优解完工时间: 1883
2025-04-08 11:36:17,678 - DEBUG - 
更新概率模型:
2025-04-08 11:36:17,678 - DEBUG - 多样性指标: 0.0388
2025-04-08 11:36:17,678 - DEBUG - 自适应学习率: 0.8429
2025-04-08 11:36:17,678 - DEBUG - 第58代概率模型更新完成
2025-04-08 11:36:17,678 - DEBUG - 第58代完成，当前最优解完工时间: 1883，历史最优解完工时间: 1883
2025-04-08 11:36:18,123 - DEBUG - 
更新概率模型:
2025-04-08 11:36:18,123 - DEBUG - 多样性指标: 0.0439
2025-04-08 11:36:18,123 - DEBUG - 自适应学习率: 0.8361
2025-04-08 11:36:18,124 - DEBUG - 第59代概率模型更新完成
2025-04-08 11:36:18,124 - DEBUG - 第59代完成，当前最优解完工时间: 1940，历史最优解完工时间: 1883
2025-04-08 11:36:18,570 - DEBUG - 
更新概率模型:
2025-04-08 11:36:18,570 - DEBUG - 多样性指标: 0.0418
2025-04-08 11:36:18,570 - DEBUG - 自适应学习率: 0.8340
2025-04-08 11:36:18,570 - DEBUG - 第60代概率模型更新完成
2025-04-08 11:36:18,570 - DEBUG - 第60代完成，当前最优解完工时间: 1938，历史最优解完工时间: 1883
2025-04-08 11:36:19,021 - DEBUG - 
更新概率模型:
2025-04-08 11:36:19,022 - DEBUG - 多样性指标: 0.0403
2025-04-08 11:36:19,022 - DEBUG - 自适应学习率: 0.8319
2025-04-08 11:36:19,022 - DEBUG - 第61代概率模型更新完成
2025-04-08 11:36:19,022 - DEBUG - 第61代完成，当前最优解完工时间: 1950，历史最优解完工时间: 1883
2025-04-08 11:36:19,470 - DEBUG - 
更新概率模型:
2025-04-08 11:36:19,470 - DEBUG - 多样性指标: 0.0445
2025-04-08 11:36:19,470 - DEBUG - 自适应学习率: 0.8317
2025-04-08 11:36:19,470 - DEBUG - 第62代概率模型更新完成
2025-04-08 11:36:19,470 - DEBUG - 第62代完成，当前最优解完工时间: 1938，历史最优解完工时间: 1883
2025-04-08 11:36:19,922 - DEBUG - 
更新概率模型:
2025-04-08 11:36:19,922 - DEBUG - 多样性指标: 0.0375
2025-04-08 11:36:19,922 - DEBUG - 自适应学习率: 0.8304
2025-04-08 11:36:19,922 - DEBUG - 第63代概率模型更新完成
2025-04-08 11:36:19,922 - DEBUG - 第63代完成，当前最优解完工时间: 1931，历史最优解完工时间: 1883
2025-04-08 11:36:20,371 - DEBUG - 
更新概率模型:
2025-04-08 11:36:20,371 - DEBUG - 多样性指标: 0.0393
2025-04-08 11:36:20,371 - DEBUG - 自适应学习率: 0.8333
2025-04-08 11:36:20,371 - DEBUG - 第64代概率模型更新完成
2025-04-08 11:36:20,371 - DEBUG - 第64代完成，当前最优解完工时间: 1934，历史最优解完工时间: 1883
2025-04-08 11:36:20,826 - DEBUG - 
更新概率模型:
2025-04-08 11:36:20,826 - DEBUG - 多样性指标: 0.0380
2025-04-08 11:36:20,826 - DEBUG - 自适应学习率: 0.8379
2025-04-08 11:36:20,826 - DEBUG - 第65代概率模型更新完成
2025-04-08 11:36:20,826 - DEBUG - 第65代完成，当前最优解完工时间: 1904，历史最优解完工时间: 1883
2025-04-08 11:36:21,277 - DEBUG - 
更新概率模型:
2025-04-08 11:36:21,277 - DEBUG - 多样性指标: 0.0362
2025-04-08 11:36:21,277 - DEBUG - 自适应学习率: 0.8245
2025-04-08 11:36:21,277 - DEBUG - 第66代概率模型更新完成
2025-04-08 11:36:21,277 - DEBUG - 第66代完成，当前最优解完工时间: 1980，历史最优解完工时间: 1883
2025-04-08 11:36:21,730 - DEBUG - 
更新概率模型:
2025-04-08 11:36:21,730 - DEBUG - 多样性指标: 0.0387
2025-04-08 11:36:21,730 - DEBUG - 自适应学习率: 0.8339
2025-04-08 11:36:21,730 - DEBUG - 第67代概率模型更新完成
2025-04-08 11:36:21,730 - DEBUG - 第67代完成，当前最优解完工时间: 1947，历史最优解完工时间: 1883
2025-04-08 11:36:22,178 - DEBUG - 
更新概率模型:
2025-04-08 11:36:22,179 - DEBUG - 多样性指标: 0.0443
2025-04-08 11:36:22,179 - DEBUG - 自适应学习率: 0.8373
2025-04-08 11:36:22,179 - DEBUG - 第68代概率模型更新完成
2025-04-08 11:36:22,179 - DEBUG - 第68代完成，当前最优解完工时间: 1936，历史最优解完工时间: 1883
2025-04-08 11:36:22,626 - DEBUG - 
更新概率模型:
2025-04-08 11:36:22,626 - DEBUG - 多样性指标: 0.0397
2025-04-08 11:36:22,626 - DEBUG - 自适应学习率: 0.8279
2025-04-08 11:36:22,626 - DEBUG - 第69代概率模型更新完成
2025-04-08 11:36:22,626 - DEBUG - 第69代完成，当前最优解完工时间: 1955，历史最优解完工时间: 1883
2025-04-08 11:36:23,075 - DEBUG - 
更新概率模型:
2025-04-08 11:36:23,075 - DEBUG - 多样性指标: 0.0385
2025-04-08 11:36:23,075 - DEBUG - 自适应学习率: 0.8349
2025-04-08 11:36:23,075 - DEBUG - 第70代概率模型更新完成
2025-04-08 11:36:23,075 - DEBUG - 第70代完成，当前最优解完工时间: 1916，历史最优解完工时间: 1883
2025-04-08 11:36:23,534 - DEBUG - 
更新概率模型:
2025-04-08 11:36:23,534 - DEBUG - 多样性指标: 0.0384
2025-04-08 11:36:23,534 - DEBUG - 自适应学习率: 0.8372
2025-04-08 11:36:23,534 - DEBUG - 第71代概率模型更新完成
2025-04-08 11:36:23,534 - DEBUG - 第71代完成，当前最优解完工时间: 1916，历史最优解完工时间: 1883
2025-04-08 11:36:23,999 - DEBUG - 
更新概率模型:
2025-04-08 11:36:23,999 - DEBUG - 多样性指标: 0.0435
2025-04-08 11:36:23,999 - DEBUG - 自适应学习率: 0.8351
2025-04-08 11:36:23,999 - DEBUG - 第72代概率模型更新完成
2025-04-08 11:36:24,001 - DEBUG - 第72代完成，当前最优解完工时间: 1921，历史最优解完工时间: 1883
2025-04-08 11:36:24,462 - DEBUG - 
更新概率模型:
2025-04-08 11:36:24,462 - DEBUG - 多样性指标: 0.0416
2025-04-08 11:36:24,462 - DEBUG - 自适应学习率: 0.8340
2025-04-08 11:36:24,462 - DEBUG - 第73代概率模型更新完成
2025-04-08 11:36:24,462 - DEBUG - 第73代完成，当前最优解完工时间: 1929，历史最优解完工时间: 1883
2025-04-08 11:36:24,922 - DEBUG - 
更新概率模型:
2025-04-08 11:36:24,922 - DEBUG - 多样性指标: 0.0413
2025-04-08 11:36:24,922 - DEBUG - 自适应学习率: 0.8297
2025-04-08 11:36:24,922 - DEBUG - 第74代概率模型更新完成
2025-04-08 11:36:24,922 - DEBUG - 第74代完成，当前最优解完工时间: 1950，历史最优解完工时间: 1883
2025-04-08 11:36:25,377 - DEBUG - 
更新概率模型:
2025-04-08 11:36:25,378 - DEBUG - 多样性指标: 0.0404
2025-04-08 11:36:25,378 - DEBUG - 自适应学习率: 0.8384
2025-04-08 11:36:25,378 - DEBUG - 第75代概率模型更新完成
2025-04-08 11:36:25,378 - DEBUG - 第75代完成，当前最优解完工时间: 1904，历史最优解完工时间: 1883
2025-04-08 11:36:25,826 - DEBUG - 
更新概率模型:
2025-04-08 11:36:25,826 - DEBUG - 多样性指标: 0.0408
2025-04-08 11:36:25,826 - DEBUG - 自适应学习率: 0.8356
2025-04-08 11:36:25,826 - DEBUG - 第76代概率模型更新完成
2025-04-08 11:36:25,826 - DEBUG - 第76代完成，当前最优解完工时间: 1917，历史最优解完工时间: 1883
2025-04-08 11:36:26,285 - DEBUG - 
更新概率模型:
2025-04-08 11:36:26,285 - DEBUG - 多样性指标: 0.0375
2025-04-08 11:36:26,285 - DEBUG - 自适应学习率: 0.8369
2025-04-08 11:36:26,285 - DEBUG - 第77代概率模型更新完成
2025-04-08 11:36:26,285 - DEBUG - 第77代完成，当前最优解完工时间: 1915，历史最优解完工时间: 1883
2025-04-08 11:36:26,749 - DEBUG - 
更新概率模型:
2025-04-08 11:36:26,749 - DEBUG - 多样性指标: 0.0387
2025-04-08 11:36:26,749 - DEBUG - 自适应学习率: 0.8347
2025-04-08 11:36:26,749 - DEBUG - 第78代概率模型更新完成
2025-04-08 11:36:26,749 - DEBUG - 第78代完成，当前最优解完工时间: 1920，历史最优解完工时间: 1883
2025-04-08 11:36:27,208 - DEBUG - 
更新概率模型:
2025-04-08 11:36:27,208 - DEBUG - 多样性指标: 0.0405
2025-04-08 11:36:27,208 - DEBUG - 自适应学习率: 0.8342
2025-04-08 11:36:27,208 - DEBUG - 第79代概率模型更新完成
2025-04-08 11:36:27,208 - DEBUG - 第79代完成，当前最优解完工时间: 1938，历史最优解完工时间: 1883
2025-04-08 11:36:27,657 - DEBUG - 
更新概率模型:
2025-04-08 11:36:27,657 - DEBUG - 多样性指标: 0.0388
2025-04-08 11:36:27,657 - DEBUG - 自适应学习率: 0.8337
2025-04-08 11:36:27,657 - DEBUG - 第80代概率模型更新完成
2025-04-08 11:36:27,657 - DEBUG - 第80代完成，当前最优解完工时间: 1934，历史最优解完工时间: 1883
2025-04-08 11:36:28,106 - DEBUG - 
更新概率模型:
2025-04-08 11:36:28,108 - DEBUG - 多样性指标: 0.0379
2025-04-08 11:36:28,108 - DEBUG - 自适应学习率: 0.8348
2025-04-08 11:36:28,108 - DEBUG - 第81代概率模型更新完成
2025-04-08 11:36:28,108 - DEBUG - 第81代完成，当前最优解完工时间: 1919，历史最优解完工时间: 1883
2025-04-08 11:36:28,568 - DEBUG - 
更新概率模型:
2025-04-08 11:36:28,568 - DEBUG - 多样性指标: 0.0453
2025-04-08 11:36:28,568 - DEBUG - 自适应学习率: 0.8361
2025-04-08 11:36:28,568 - DEBUG - 第82代概率模型更新完成
2025-04-08 11:36:28,568 - DEBUG - 第82代完成，当前最优解完工时间: 1925，历史最优解完工时间: 1883
2025-04-08 11:36:29,016 - DEBUG - 
更新概率模型:
2025-04-08 11:36:29,016 - DEBUG - 多样性指标: 0.0427
2025-04-08 11:36:29,016 - DEBUG - 自适应学习率: 0.8309
2025-04-08 11:36:29,016 - DEBUG - 第83代概率模型更新完成
2025-04-08 11:36:29,016 - DEBUG - 第83代完成，当前最优解完工时间: 1949，历史最优解完工时间: 1883
2025-04-08 11:36:29,475 - DEBUG - 
更新概率模型:
2025-04-08 11:36:29,475 - DEBUG - 多样性指标: 0.0468
2025-04-08 11:36:29,475 - DEBUG - 自适应学习率: 0.8395
2025-04-08 11:36:29,475 - DEBUG - 第84代概率模型更新完成
2025-04-08 11:36:29,475 - DEBUG - 第84代完成，当前最优解完工时间: 1928，历史最优解完工时间: 1883
2025-04-08 11:36:29,924 - DEBUG - 
更新概率模型:
2025-04-08 11:36:29,924 - DEBUG - 多样性指标: 0.0378
2025-04-08 11:36:29,925 - DEBUG - 自适应学习率: 0.8319
2025-04-08 11:36:29,925 - DEBUG - 第85代概率模型更新完成
2025-04-08 11:36:29,925 - DEBUG - 第85代完成，当前最优解完工时间: 1954，历史最优解完工时间: 1883
2025-04-08 11:36:30,371 - DEBUG - 
更新概率模型:
2025-04-08 11:36:30,371 - DEBUG - 多样性指标: 0.0428
2025-04-08 11:36:30,371 - DEBUG - 自适应学习率: 0.8346
2025-04-08 11:36:30,371 - DEBUG - 第86代概率模型更新完成
2025-04-08 11:36:30,371 - DEBUG - 第86代完成，当前最优解完工时间: 1940，历史最优解完工时间: 1883
2025-04-08 11:36:30,818 - DEBUG - 
更新概率模型:
2025-04-08 11:36:30,819 - DEBUG - 多样性指标: 0.0366
2025-04-08 11:36:30,819 - DEBUG - 自适应学习率: 0.8333
2025-04-08 11:36:30,819 - DEBUG - 第87代概率模型更新完成
2025-04-08 11:36:30,819 - DEBUG - 第87代完成，当前最优解完工时间: 1924，历史最优解完工时间: 1883
2025-04-08 11:36:31,266 - DEBUG - 
更新概率模型:
2025-04-08 11:36:31,266 - DEBUG - 多样性指标: 0.0461
2025-04-08 11:36:31,266 - DEBUG - 自适应学习率: 0.8395
2025-04-08 11:36:31,266 - DEBUG - 第88代概率模型更新完成
2025-04-08 11:36:31,266 - DEBUG - 第88代完成，当前最优解完工时间: 1913，历史最优解完工时间: 1883
2025-04-08 11:36:31,714 - DEBUG - 
更新概率模型:
2025-04-08 11:36:31,714 - DEBUG - 多样性指标: 0.0382
2025-04-08 11:36:31,714 - DEBUG - 自适应学习率: 0.8391
2025-04-08 11:36:31,714 - DEBUG - 第89代概率模型更新完成
2025-04-08 11:36:31,714 - DEBUG - 第89代完成，当前最优解完工时间: 1893，历史最优解完工时间: 1883
2025-04-08 11:36:32,159 - DEBUG - 
更新概率模型:
2025-04-08 11:36:32,159 - DEBUG - 多样性指标: 0.0414
2025-04-08 11:36:32,159 - DEBUG - 自适应学习率: 0.8319
2025-04-08 11:36:32,159 - DEBUG - 第90代概率模型更新完成
2025-04-08 11:36:32,159 - DEBUG - 第90代完成，当前最优解完工时间: 1947，历史最优解完工时间: 1883
2025-04-08 11:36:32,606 - DEBUG - 
更新概率模型:
2025-04-08 11:36:32,606 - DEBUG - 多样性指标: 0.0413
2025-04-08 11:36:32,606 - DEBUG - 自适应学习率: 0.8342
2025-04-08 11:36:32,606 - DEBUG - 第91代概率模型更新完成
2025-04-08 11:36:32,606 - DEBUG - 第91代完成，当前最优解完工时间: 1942，历史最优解完工时间: 1883
2025-04-08 11:36:33,056 - DEBUG - 
更新概率模型:
2025-04-08 11:36:33,056 - DEBUG - 多样性指标: 0.0388
2025-04-08 11:36:33,056 - DEBUG - 自适应学习率: 0.8349
2025-04-08 11:36:33,056 - DEBUG - 第92代概率模型更新完成
2025-04-08 11:36:33,057 - DEBUG - 第92代完成，当前最优解完工时间: 1913，历史最优解完工时间: 1883
2025-04-08 11:36:33,502 - DEBUG - 
更新概率模型:
2025-04-08 11:36:33,502 - DEBUG - 多样性指标: 0.0424
2025-04-08 11:36:33,502 - DEBUG - 自适应学习率: 0.8292
2025-04-08 11:36:33,502 - DEBUG - 第93代概率模型更新完成
2025-04-08 11:36:33,502 - DEBUG - 第93代完成，当前最优解完工时间: 1953，历史最优解完工时间: 1883
2025-04-08 11:36:33,951 - DEBUG - 
更新概率模型:
2025-04-08 11:36:33,951 - DEBUG - 多样性指标: 0.0438
2025-04-08 11:36:33,951 - DEBUG - 自适应学习率: 0.8358
2025-04-08 11:36:33,951 - DEBUG - 第94代概率模型更新完成
2025-04-08 11:36:33,951 - DEBUG - 第94代完成，当前最优解完工时间: 1907，历史最优解完工时间: 1883
2025-04-08 11:36:34,409 - DEBUG - 
更新概率模型:
2025-04-08 11:36:34,409 - DEBUG - 多样性指标: 0.0403
2025-04-08 11:36:34,409 - DEBUG - 自适应学习率: 0.8337
2025-04-08 11:36:34,409 - DEBUG - 第95代概率模型更新完成
2025-04-08 11:36:34,409 - DEBUG - 第95代完成，当前最优解完工时间: 1926，历史最优解完工时间: 1883
2025-04-08 11:36:34,875 - DEBUG - 
更新概率模型:
2025-04-08 11:36:34,875 - DEBUG - 多样性指标: 0.0398
2025-04-08 11:36:34,875 - DEBUG - 自适应学习率: 0.8284
2025-04-08 11:36:34,875 - DEBUG - 第96代概率模型更新完成
2025-04-08 11:36:34,875 - DEBUG - 第96代完成，当前最优解完工时间: 1954，历史最优解完工时间: 1883
2025-04-08 11:36:35,328 - DEBUG - 
更新概率模型:
2025-04-08 11:36:35,328 - DEBUG - 多样性指标: 0.0478
2025-04-08 11:36:35,328 - DEBUG - 自适应学习率: 0.8394
2025-04-08 11:36:35,328 - DEBUG - 第97代概率模型更新完成
2025-04-08 11:36:35,328 - DEBUG - 第97代完成，当前最优解完工时间: 1919，历史最优解完工时间: 1883
2025-04-08 11:36:35,783 - DEBUG - 
更新概率模型:
2025-04-08 11:36:35,783 - DEBUG - 多样性指标: 0.0432
2025-04-08 11:36:35,783 - DEBUG - 自适应学习率: 0.8289
2025-04-08 11:36:35,783 - DEBUG - 第98代概率模型更新完成
2025-04-08 11:36:35,783 - DEBUG - 第98代完成，当前最优解完工时间: 1947，历史最优解完工时间: 1883
2025-04-08 11:36:36,260 - DEBUG - 
更新概率模型:
2025-04-08 11:36:36,260 - DEBUG - 多样性指标: 0.0409
2025-04-08 11:36:36,260 - DEBUG - 自适应学习率: 0.8341
2025-04-08 11:36:36,260 - DEBUG - 第99代概率模型更新完成
2025-04-08 11:36:36,260 - DEBUG - 第99代完成，当前最优解完工时间: 1921，历史最优解完工时间: 1883
2025-04-08 11:36:36,716 - INFO - Initialization probability model completed.
2025-04-08 11:36:36,716 - INFO - In generation 1，New best makespan: 1941.00
2025-04-08 11:36:36,718 - DEBUG - 第0代完成，当前最优解完工时间: 1941，历史最优解完工时间: 1941
2025-04-08 11:36:37,182 - DEBUG - 
更新概率模型:
2025-04-08 11:36:37,182 - DEBUG - 多样性指标: 0.0417
2025-04-08 11:36:37,182 - DEBUG - 自适应学习率: 0.8353
2025-04-08 11:36:37,183 - DEBUG - 第1代概率模型更新完成
2025-04-08 11:36:37,183 - DEBUG - 第1代完成，当前最优解完工时间: 1948，历史最优解完工时间: 1941
2025-04-08 11:36:37,641 - DEBUG - 
更新概率模型:
2025-04-08 11:36:37,641 - DEBUG - 多样性指标: 0.0393
2025-04-08 11:36:37,641 - DEBUG - 自适应学习率: 0.8332
2025-04-08 11:36:37,641 - DEBUG - 第2代概率模型更新完成
2025-04-08 11:36:37,641 - DEBUG - 第2代完成，当前最优解完工时间: 1960，历史最优解完工时间: 1941
2025-04-08 11:36:38,093 - DEBUG - 
更新概率模型:
2025-04-08 11:36:38,093 - DEBUG - 多样性指标: 0.0428
2025-04-08 11:36:38,093 - DEBUG - 自适应学习率: 0.8359
2025-04-08 11:36:38,093 - DEBUG - 第3代概率模型更新完成
2025-04-08 11:36:38,093 - INFO - In generation 4，New best makespan: 1937.00
2025-04-08 11:36:38,093 - DEBUG - 第3代完成，当前最优解完工时间: 1937，历史最优解完工时间: 1937
2025-04-08 11:36:38,547 - DEBUG - 
更新概率模型:
2025-04-08 11:36:38,547 - DEBUG - 多样性指标: 0.0441
2025-04-08 11:36:38,547 - DEBUG - 自适应学习率: 0.8332
2025-04-08 11:36:38,547 - DEBUG - 第4代概率模型更新完成
2025-04-08 11:36:38,547 - DEBUG - 第4代完成，当前最优解完工时间: 1941，历史最优解完工时间: 1937
2025-04-08 11:36:39,002 - DEBUG - 
更新概率模型:
2025-04-08 11:36:39,002 - DEBUG - 多样性指标: 0.0413
2025-04-08 11:36:39,002 - DEBUG - 自适应学习率: 0.8428
2025-04-08 11:36:39,002 - DEBUG - 第5代概率模型更新完成
2025-04-08 11:36:39,002 - INFO - In generation 6，New best makespan: 1908.00
2025-04-08 11:36:39,003 - DEBUG - 第5代完成，当前最优解完工时间: 1908，历史最优解完工时间: 1908
2025-04-08 11:36:39,456 - DEBUG - 
更新概率模型:
2025-04-08 11:36:39,456 - DEBUG - 多样性指标: 0.0422
2025-04-08 11:36:39,456 - DEBUG - 自适应学习率: 0.8335
2025-04-08 11:36:39,456 - DEBUG - 第6代概率模型更新完成
2025-04-08 11:36:39,456 - DEBUG - 第6代完成，当前最优解完工时间: 1944，历史最优解完工时间: 1908
2025-04-08 11:36:39,907 - DEBUG - 
更新概率模型:
2025-04-08 11:36:39,907 - DEBUG - 多样性指标: 0.0425
2025-04-08 11:36:39,907 - DEBUG - 自适应学习率: 0.8375
2025-04-08 11:36:39,907 - DEBUG - 第7代概率模型更新完成
2025-04-08 11:36:39,907 - DEBUG - 第7代完成，当前最优解完工时间: 1916，历史最优解完工时间: 1908
2025-04-08 11:36:40,359 - DEBUG - 
更新概率模型:
2025-04-08 11:36:40,359 - DEBUG - 多样性指标: 0.0423
2025-04-08 11:36:40,359 - DEBUG - 自适应学习率: 0.8352
2025-04-08 11:36:40,359 - DEBUG - 第8代概率模型更新完成
2025-04-08 11:36:40,359 - DEBUG - 第8代完成，当前最优解完工时间: 1935，历史最优解完工时间: 1908
2025-04-08 11:36:40,811 - DEBUG - 
更新概率模型:
2025-04-08 11:36:40,812 - DEBUG - 多样性指标: 0.0350
2025-04-08 11:36:40,812 - DEBUG - 自适应学习率: 0.8333
2025-04-08 11:36:40,812 - DEBUG - 第9代概率模型更新完成
2025-04-08 11:36:40,812 - DEBUG - 第9代完成，当前最优解完工时间: 1938，历史最优解完工时间: 1908
2025-04-08 11:36:41,262 - DEBUG - 
更新概率模型:
2025-04-08 11:36:41,262 - DEBUG - 多样性指标: 0.0378
2025-04-08 11:36:41,262 - DEBUG - 自适应学习率: 0.8276
2025-04-08 11:36:41,262 - DEBUG - 第10代概率模型更新完成
2025-04-08 11:36:41,262 - DEBUG - 第10代完成，当前最优解完工时间: 1959，历史最优解完工时间: 1908
2025-04-08 11:36:41,712 - DEBUG - 
更新概率模型:
2025-04-08 11:36:41,712 - DEBUG - 多样性指标: 0.0445
2025-04-08 11:36:41,712 - DEBUG - 自适应学习率: 0.8319
2025-04-08 11:36:41,712 - DEBUG - 第11代概率模型更新完成
2025-04-08 11:36:41,712 - DEBUG - 第11代完成，当前最优解完工时间: 1948，历史最优解完工时间: 1908
2025-04-08 11:36:42,162 - DEBUG - 
更新概率模型:
2025-04-08 11:36:42,162 - DEBUG - 多样性指标: 0.0442
2025-04-08 11:36:42,162 - DEBUG - 自适应学习率: 0.8418
2025-04-08 11:36:42,162 - DEBUG - 第12代概率模型更新完成
2025-04-08 11:36:42,162 - INFO - In generation 13，New best makespan: 1891.00
2025-04-08 11:36:42,162 - DEBUG - 第12代完成，当前最优解完工时间: 1891，历史最优解完工时间: 1891
2025-04-08 11:36:42,610 - DEBUG - 
更新概率模型:
2025-04-08 11:36:42,610 - DEBUG - 多样性指标: 0.0469
2025-04-08 11:36:42,610 - DEBUG - 自适应学习率: 0.8367
2025-04-08 11:36:42,610 - DEBUG - 第13代概率模型更新完成
2025-04-08 11:36:42,610 - DEBUG - 第13代完成，当前最优解完工时间: 1916，历史最优解完工时间: 1891
2025-04-08 11:36:43,066 - DEBUG - 
更新概率模型:
2025-04-08 11:36:43,066 - DEBUG - 多样性指标: 0.0427
2025-04-08 11:36:43,066 - DEBUG - 自适应学习率: 0.8389
2025-04-08 11:36:43,066 - DEBUG - 第14代概率模型更新完成
2025-04-08 11:36:43,067 - DEBUG - 第14代完成，当前最优解完工时间: 1910，历史最优解完工时间: 1891
2025-04-08 11:36:43,510 - DEBUG - 
更新概率模型:
2025-04-08 11:36:43,510 - DEBUG - 多样性指标: 0.0388
2025-04-08 11:36:43,510 - DEBUG - 自适应学习率: 0.8398
2025-04-08 11:36:43,510 - DEBUG - 第15代概率模型更新完成
2025-04-08 11:36:43,510 - DEBUG - 第15代完成，当前最优解完工时间: 1902，历史最优解完工时间: 1891
2025-04-08 11:36:43,967 - DEBUG - 
更新概率模型:
2025-04-08 11:36:43,967 - DEBUG - 多样性指标: 0.0414
2025-04-08 11:36:43,967 - DEBUG - 自适应学习率: 0.8363
2025-04-08 11:36:43,967 - DEBUG - 第16代概率模型更新完成
2025-04-08 11:36:43,967 - DEBUG - 第16代完成，当前最优解完工时间: 1929，历史最优解完工时间: 1891
2025-04-08 11:36:44,412 - DEBUG - 
更新概率模型:
2025-04-08 11:36:44,412 - DEBUG - 多样性指标: 0.0453
2025-04-08 11:36:44,412 - DEBUG - 自适应学习率: 0.8386
2025-04-08 11:36:44,412 - DEBUG - 第17代概率模型更新完成
2025-04-08 11:36:44,412 - DEBUG - 第17代完成，当前最优解完工时间: 1916，历史最优解完工时间: 1891
2025-04-08 11:36:44,865 - DEBUG - 
更新概率模型:
2025-04-08 11:36:44,865 - DEBUG - 多样性指标: 0.0404
2025-04-08 11:36:44,865 - DEBUG - 自适应学习率: 0.8347
2025-04-08 11:36:44,865 - DEBUG - 第18代概率模型更新完成
2025-04-08 11:36:44,865 - DEBUG - 第18代完成，当前最优解完工时间: 1925，历史最优解完工时间: 1891
2025-04-08 11:36:45,327 - DEBUG - 
更新概率模型:
2025-04-08 11:36:45,327 - DEBUG - 多样性指标: 0.0397
2025-04-08 11:36:45,327 - DEBUG - 自适应学习率: 0.8430
2025-04-08 11:36:45,327 - DEBUG - 第19代概率模型更新完成
2025-04-08 11:36:45,327 - INFO - In generation 20，New best makespan: 1876.00
2025-04-08 11:36:45,327 - DEBUG - 第19代完成，当前最优解完工时间: 1876，历史最优解完工时间: 1876
2025-04-08 11:36:45,779 - DEBUG - 
更新概率模型:
2025-04-08 11:36:45,779 - DEBUG - 多样性指标: 0.0460
2025-04-08 11:36:45,779 - DEBUG - 自适应学习率: 0.8408
2025-04-08 11:36:45,779 - DEBUG - 第20代概率模型更新完成
2025-04-08 11:36:45,779 - DEBUG - 第20代完成，当前最优解完工时间: 1908，历史最优解完工时间: 1876
2025-04-08 11:36:46,228 - DEBUG - 
更新概率模型:
2025-04-08 11:36:46,228 - DEBUG - 多样性指标: 0.0453
2025-04-08 11:36:46,228 - DEBUG - 自适应学习率: 0.8398
2025-04-08 11:36:46,228 - DEBUG - 第21代概率模型更新完成
2025-04-08 11:36:46,228 - DEBUG - 第21代完成，当前最优解完工时间: 1913，历史最优解完工时间: 1876
2025-04-08 11:36:46,681 - DEBUG - 
更新概率模型:
2025-04-08 11:36:46,681 - DEBUG - 多样性指标: 0.0441
2025-04-08 11:36:46,681 - DEBUG - 自适应学习率: 0.8401
2025-04-08 11:36:46,681 - DEBUG - 第22代概率模型更新完成
2025-04-08 11:36:46,681 - DEBUG - 第22代完成，当前最优解完工时间: 1904，历史最优解完工时间: 1876
2025-04-08 11:36:47,130 - DEBUG - 
更新概率模型:
2025-04-08 11:36:47,130 - DEBUG - 多样性指标: 0.0420
2025-04-08 11:36:47,130 - DEBUG - 自适应学习率: 0.8312
2025-04-08 11:36:47,130 - DEBUG - 第23代概率模型更新完成
2025-04-08 11:36:47,130 - DEBUG - 第23代完成，当前最优解完工时间: 1943，历史最优解完工时间: 1876
2025-04-08 11:36:47,582 - DEBUG - 
更新概率模型:
2025-04-08 11:36:47,582 - DEBUG - 多样性指标: 0.0382
2025-04-08 11:36:47,582 - DEBUG - 自适应学习率: 0.8317
2025-04-08 11:36:47,582 - DEBUG - 第24代概率模型更新完成
2025-04-08 11:36:47,582 - DEBUG - 第24代完成，当前最优解完工时间: 1937，历史最优解完工时间: 1876
2025-04-08 11:36:48,035 - DEBUG - 
更新概率模型:
2025-04-08 11:36:48,035 - DEBUG - 多样性指标: 0.0415
2025-04-08 11:36:48,035 - DEBUG - 自适应学习率: 0.8360
2025-04-08 11:36:48,035 - DEBUG - 第25代概率模型更新完成
2025-04-08 11:36:48,035 - DEBUG - 第25代完成，当前最优解完工时间: 1927，历史最优解完工时间: 1876
2025-04-08 11:36:48,484 - DEBUG - 
更新概率模型:
2025-04-08 11:36:48,484 - DEBUG - 多样性指标: 0.0423
2025-04-08 11:36:48,484 - DEBUG - 自适应学习率: 0.8356
2025-04-08 11:36:48,484 - DEBUG - 第26代概率模型更新完成
2025-04-08 11:36:48,484 - DEBUG - 第26代完成，当前最优解完工时间: 1911，历史最优解完工时间: 1876
2025-04-08 11:36:48,931 - DEBUG - 
更新概率模型:
2025-04-08 11:36:48,931 - DEBUG - 多样性指标: 0.0417
2025-04-08 11:36:48,931 - DEBUG - 自适应学习率: 0.8310
2025-04-08 11:36:48,931 - DEBUG - 第27代概率模型更新完成
2025-04-08 11:36:48,931 - DEBUG - 第27代完成，当前最优解完工时间: 1945，历史最优解完工时间: 1876
2025-04-08 11:36:49,383 - DEBUG - 
更新概率模型:
2025-04-08 11:36:49,383 - DEBUG - 多样性指标: 0.0419
2025-04-08 11:36:49,383 - DEBUG - 自适应学习率: 0.8331
2025-04-08 11:36:49,383 - DEBUG - 第28代概率模型更新完成
2025-04-08 11:36:49,383 - DEBUG - 第28代完成，当前最优解完工时间: 1939，历史最优解完工时间: 1876
2025-04-08 11:36:49,831 - DEBUG - 
更新概率模型:
2025-04-08 11:36:49,831 - DEBUG - 多样性指标: 0.0422
2025-04-08 11:36:49,831 - DEBUG - 自适应学习率: 0.8368
2025-04-08 11:36:49,832 - DEBUG - 第29代概率模型更新完成
2025-04-08 11:36:49,832 - DEBUG - 第29代完成，当前最优解完工时间: 1926，历史最优解完工时间: 1876
2025-04-08 11:36:50,289 - DEBUG - 
更新概率模型:
2025-04-08 11:36:50,289 - DEBUG - 多样性指标: 0.0333
2025-04-08 11:36:50,289 - DEBUG - 自适应学习率: 0.8323
2025-04-08 11:36:50,289 - DEBUG - 第30代概率模型更新完成
2025-04-08 11:36:50,289 - DEBUG - 第30代完成，当前最优解完工时间: 1935，历史最优解完工时间: 1876
2025-04-08 11:36:50,735 - DEBUG - 
更新概率模型:
2025-04-08 11:36:50,735 - DEBUG - 多样性指标: 0.0474
2025-04-08 11:36:50,735 - DEBUG - 自适应学习率: 0.8416
2025-04-08 11:36:50,735 - DEBUG - 第31代概率模型更新完成
2025-04-08 11:36:50,735 - DEBUG - 第31代完成，当前最优解完工时间: 1904，历史最优解完工时间: 1876
2025-04-08 11:36:51,185 - DEBUG - 
更新概率模型:
2025-04-08 11:36:51,185 - DEBUG - 多样性指标: 0.0349
2025-04-08 11:36:51,185 - DEBUG - 自适应学习率: 0.8320
2025-04-08 11:36:51,185 - DEBUG - 第32代概率模型更新完成
2025-04-08 11:36:51,185 - DEBUG - 第32代完成，当前最优解完工时间: 1935，历史最优解完工时间: 1876
2025-04-08 11:36:51,634 - DEBUG - 
更新概率模型:
2025-04-08 11:36:51,634 - DEBUG - 多样性指标: 0.0430
2025-04-08 11:36:51,634 - DEBUG - 自适应学习率: 0.8438
2025-04-08 11:36:51,634 - DEBUG - 第33代概率模型更新完成
2025-04-08 11:36:51,634 - DEBUG - 第33代完成，当前最优解完工时间: 1882，历史最优解完工时间: 1876
2025-04-08 11:36:52,082 - DEBUG - 
更新概率模型:
2025-04-08 11:36:52,082 - DEBUG - 多样性指标: 0.0415
2025-04-08 11:36:52,082 - DEBUG - 自适应学习率: 0.8311
2025-04-08 11:36:52,083 - DEBUG - 第34代概率模型更新完成
2025-04-08 11:36:52,083 - DEBUG - 第34代完成，当前最优解完工时间: 1941，历史最优解完工时间: 1876
2025-04-08 11:36:52,532 - DEBUG - 
更新概率模型:
2025-04-08 11:36:52,533 - DEBUG - 多样性指标: 0.0399
2025-04-08 11:36:52,533 - DEBUG - 自适应学习率: 0.8333
2025-04-08 11:36:52,533 - DEBUG - 第35代概率模型更新完成
2025-04-08 11:36:52,533 - DEBUG - 第35代完成，当前最优解完工时间: 1943，历史最优解完工时间: 1876
2025-04-08 11:36:52,990 - DEBUG - 
更新概率模型:
2025-04-08 11:36:52,990 - DEBUG - 多样性指标: 0.0423
2025-04-08 11:36:52,990 - DEBUG - 自适应学习率: 0.8348
2025-04-08 11:36:52,990 - DEBUG - 第36代概率模型更新完成
2025-04-08 11:36:52,990 - DEBUG - 第36代完成，当前最优解完工时间: 1944，历史最优解完工时间: 1876
2025-04-08 11:36:53,436 - DEBUG - 
更新概率模型:
2025-04-08 11:36:53,436 - DEBUG - 多样性指标: 0.0410
2025-04-08 11:36:53,436 - DEBUG - 自适应学习率: 0.8334
2025-04-08 11:36:53,436 - DEBUG - 第37代概率模型更新完成
2025-04-08 11:36:53,436 - DEBUG - 第37代完成，当前最优解完工时间: 1930，历史最优解完工时间: 1876
2025-04-08 11:36:53,886 - DEBUG - 
更新概率模型:
2025-04-08 11:36:53,887 - DEBUG - 多样性指标: 0.0357
2025-04-08 11:36:53,887 - DEBUG - 自适应学习率: 0.8325
2025-04-08 11:36:53,887 - DEBUG - 第38代概率模型更新完成
2025-04-08 11:36:53,887 - DEBUG - 第38代完成，当前最优解完工时间: 1934，历史最优解完工时间: 1876
2025-04-08 11:36:54,332 - DEBUG - 
更新概率模型:
2025-04-08 11:36:54,332 - DEBUG - 多样性指标: 0.0412
2025-04-08 11:36:54,332 - DEBUG - 自适应学习率: 0.8371
2025-04-08 11:36:54,332 - DEBUG - 第39代概率模型更新完成
2025-04-08 11:36:54,332 - DEBUG - 第39代完成，当前最优解完工时间: 1936，历史最优解完工时间: 1876
2025-04-08 11:36:54,783 - DEBUG - 
更新概率模型:
2025-04-08 11:36:54,783 - DEBUG - 多样性指标: 0.0466
2025-04-08 11:36:54,783 - DEBUG - 自适应学习率: 0.8328
2025-04-08 11:36:54,783 - DEBUG - 第40代概率模型更新完成
2025-04-08 11:36:54,783 - DEBUG - 第40代完成，当前最优解完工时间: 1959，历史最优解完工时间: 1876
2025-04-08 11:36:55,234 - DEBUG - 
更新概率模型:
2025-04-08 11:36:55,234 - DEBUG - 多样性指标: 0.0354
2025-04-08 11:36:55,234 - DEBUG - 自适应学习率: 0.8348
2025-04-08 11:36:55,234 - DEBUG - 第41代概率模型更新完成
2025-04-08 11:36:55,234 - DEBUG - 第41代完成，当前最优解完工时间: 1936，历史最优解完工时间: 1876
2025-04-08 11:36:55,684 - DEBUG - 
更新概率模型:
2025-04-08 11:36:55,684 - DEBUG - 多样性指标: 0.0358
2025-04-08 11:36:55,684 - DEBUG - 自适应学习率: 0.8330
2025-04-08 11:36:55,684 - DEBUG - 第42代概率模型更新完成
2025-04-08 11:36:55,684 - DEBUG - 第42代完成，当前最优解完工时间: 1932，历史最优解完工时间: 1876
2025-04-08 11:36:56,129 - DEBUG - 
更新概率模型:
2025-04-08 11:36:56,129 - DEBUG - 多样性指标: 0.0385
2025-04-08 11:36:56,129 - DEBUG - 自适应学习率: 0.8312
2025-04-08 11:36:56,129 - DEBUG - 第43代概率模型更新完成
2025-04-08 11:36:56,129 - DEBUG - 第43代完成，当前最优解完工时间: 1942，历史最优解完工时间: 1876
2025-04-08 11:36:56,574 - DEBUG - 
更新概率模型:
2025-04-08 11:36:56,574 - DEBUG - 多样性指标: 0.0424
2025-04-08 11:36:56,574 - DEBUG - 自适应学习率: 0.8288
2025-04-08 11:36:56,574 - DEBUG - 第44代概率模型更新完成
2025-04-08 11:36:56,574 - DEBUG - 第44代完成，当前最优解完工时间: 1961，历史最优解完工时间: 1876
2025-04-08 11:36:57,023 - DEBUG - 
更新概率模型:
2025-04-08 11:36:57,023 - DEBUG - 多样性指标: 0.0410
2025-04-08 11:36:57,023 - DEBUG - 自适应学习率: 0.8426
2025-04-08 11:36:57,023 - DEBUG - 第45代概率模型更新完成
2025-04-08 11:36:57,023 - DEBUG - 第45代完成，当前最优解完工时间: 1888，历史最优解完工时间: 1876
2025-04-08 11:36:57,470 - DEBUG - 
更新概率模型:
2025-04-08 11:36:57,470 - DEBUG - 多样性指标: 0.0454
2025-04-08 11:36:57,470 - DEBUG - 自适应学习率: 0.8380
2025-04-08 11:36:57,470 - DEBUG - 第46代概率模型更新完成
2025-04-08 11:36:57,470 - DEBUG - 第46代完成，当前最优解完工时间: 1920，历史最优解完工时间: 1876
2025-04-08 11:36:57,925 - DEBUG - 
更新概率模型:
2025-04-08 11:36:57,925 - DEBUG - 多样性指标: 0.0374
2025-04-08 11:36:57,925 - DEBUG - 自适应学习率: 0.8348
2025-04-08 11:36:57,925 - DEBUG - 第47代概率模型更新完成
2025-04-08 11:36:57,925 - DEBUG - 第47代完成，当前最优解完工时间: 1924，历史最优解完工时间: 1876
2025-04-08 11:36:58,373 - DEBUG - 
更新概率模型:
2025-04-08 11:36:58,374 - DEBUG - 多样性指标: 0.0448
2025-04-08 11:36:58,374 - DEBUG - 自适应学习率: 0.8384
2025-04-08 11:36:58,374 - DEBUG - 第48代概率模型更新完成
2025-04-08 11:36:58,374 - DEBUG - 第48代完成，当前最优解完工时间: 1921，历史最优解完工时间: 1876
2025-04-08 11:36:58,821 - DEBUG - 
更新概率模型:
2025-04-08 11:36:58,821 - DEBUG - 多样性指标: 0.0385
2025-04-08 11:36:58,821 - DEBUG - 自适应学习率: 0.8319
2025-04-08 11:36:58,821 - DEBUG - 第49代概率模型更新完成
2025-04-08 11:36:58,821 - DEBUG - 第49代完成，当前最优解完工时间: 1938，历史最优解完工时间: 1876
2025-04-08 11:36:59,269 - DEBUG - 
更新概率模型:
2025-04-08 11:36:59,269 - DEBUG - 多样性指标: 0.0382
2025-04-08 11:36:59,269 - DEBUG - 自适应学习率: 0.8343
2025-04-08 11:36:59,269 - DEBUG - 第50代概率模型更新完成
2025-04-08 11:36:59,269 - DEBUG - 第50代完成，当前最优解完工时间: 1930，历史最优解完工时间: 1876
2025-04-08 11:36:59,717 - DEBUG - 
更新概率模型:
2025-04-08 11:36:59,717 - DEBUG - 多样性指标: 0.0403
2025-04-08 11:36:59,717 - DEBUG - 自适应学习率: 0.8314
2025-04-08 11:36:59,717 - DEBUG - 第51代概率模型更新完成
2025-04-08 11:36:59,717 - DEBUG - 第51代完成，当前最优解完工时间: 1939，历史最优解完工时间: 1876
2025-04-08 11:37:00,166 - DEBUG - 
更新概率模型:
2025-04-08 11:37:00,166 - DEBUG - 多样性指标: 0.0419
2025-04-08 11:37:00,166 - DEBUG - 自适应学习率: 0.8407
2025-04-08 11:37:00,166 - DEBUG - 第52代概率模型更新完成
2025-04-08 11:37:00,166 - DEBUG - 第52代完成，当前最优解完工时间: 1910，历史最优解完工时间: 1876
2025-04-08 11:37:00,619 - DEBUG - 
更新概率模型:
2025-04-08 11:37:00,619 - DEBUG - 多样性指标: 0.0380
2025-04-08 11:37:00,620 - DEBUG - 自适应学习率: 0.8333
2025-04-08 11:37:00,620 - DEBUG - 第53代概率模型更新完成
2025-04-08 11:37:00,620 - DEBUG - 第53代完成，当前最优解完工时间: 1935，历史最优解完工时间: 1876
2025-04-08 11:37:01,076 - DEBUG - 
更新概率模型:
2025-04-08 11:37:01,078 - DEBUG - 多样性指标: 0.0438
2025-04-08 11:37:01,078 - DEBUG - 自适应学习率: 0.8361
2025-04-08 11:37:01,078 - DEBUG - 第54代概率模型更新完成
2025-04-08 11:37:01,078 - DEBUG - 第54代完成，当前最优解完工时间: 1922，历史最优解完工时间: 1876
2025-04-08 11:37:01,520 - DEBUG - 
更新概率模型:
2025-04-08 11:37:01,520 - DEBUG - 多样性指标: 0.0443
2025-04-08 11:37:01,520 - DEBUG - 自适应学习率: 0.8294
2025-04-08 11:37:01,520 - DEBUG - 第55代概率模型更新完成
2025-04-08 11:37:01,520 - DEBUG - 第55代完成，当前最优解完工时间: 1960，历史最优解完工时间: 1876
2025-04-08 11:37:01,966 - DEBUG - 
更新概率模型:
2025-04-08 11:37:01,966 - DEBUG - 多样性指标: 0.0399
2025-04-08 11:37:01,966 - DEBUG - 自适应学习率: 0.8351
2025-04-08 11:37:01,966 - DEBUG - 第56代概率模型更新完成
2025-04-08 11:37:01,966 - DEBUG - 第56代完成，当前最优解完工时间: 1923，历史最优解完工时间: 1876
2025-04-08 11:37:02,414 - DEBUG - 
更新概率模型:
2025-04-08 11:37:02,415 - DEBUG - 多样性指标: 0.0384
2025-04-08 11:37:02,415 - DEBUG - 自适应学习率: 0.8289
2025-04-08 11:37:02,415 - DEBUG - 第57代概率模型更新完成
2025-04-08 11:37:02,415 - DEBUG - 第57代完成，当前最优解完工时间: 1947，历史最优解完工时间: 1876
2025-04-08 11:37:02,864 - DEBUG - 
更新概率模型:
2025-04-08 11:37:02,864 - DEBUG - 多样性指标: 0.0436
2025-04-08 11:37:02,864 - DEBUG - 自适应学习率: 0.8345
2025-04-08 11:37:02,864 - DEBUG - 第58代概率模型更新完成
2025-04-08 11:37:02,864 - DEBUG - 第58代完成，当前最优解完工时间: 1942，历史最优解完工时间: 1876
2025-04-08 11:37:03,312 - DEBUG - 
更新概率模型:
2025-04-08 11:37:03,312 - DEBUG - 多样性指标: 0.0409
2025-04-08 11:37:03,312 - DEBUG - 自适应学习率: 0.8430
2025-04-08 11:37:03,312 - DEBUG - 第59代概率模型更新完成
2025-04-08 11:37:03,312 - INFO - In generation 60，New best makespan: 1872.00
2025-04-08 11:37:03,314 - DEBUG - 第59代完成，当前最优解完工时间: 1872，历史最优解完工时间: 1872
2025-04-08 11:37:03,771 - DEBUG - 
更新概率模型:
2025-04-08 11:37:03,771 - DEBUG - 多样性指标: 0.0406
2025-04-08 11:37:03,771 - DEBUG - 自适应学习率: 0.8338
2025-04-08 11:37:03,771 - DEBUG - 第60代概率模型更新完成
2025-04-08 11:37:03,771 - DEBUG - 第60代完成，当前最优解完工时间: 1938，历史最优解完工时间: 1872
2025-04-08 11:37:04,217 - DEBUG - 
更新概率模型:
2025-04-08 11:37:04,217 - DEBUG - 多样性指标: 0.0402
2025-04-08 11:37:04,217 - DEBUG - 自适应学习率: 0.8302
2025-04-08 11:37:04,217 - DEBUG - 第61代概率模型更新完成
2025-04-08 11:37:04,217 - DEBUG - 第61代完成，当前最优解完工时间: 1958，历史最优解完工时间: 1872
2025-04-08 11:37:04,672 - DEBUG - 
更新概率模型:
2025-04-08 11:37:04,673 - DEBUG - 多样性指标: 0.0393
2025-04-08 11:37:04,673 - DEBUG - 自适应学习率: 0.8310
2025-04-08 11:37:04,673 - DEBUG - 第62代概率模型更新完成
2025-04-08 11:37:04,673 - DEBUG - 第62代完成，当前最优解完工时间: 1953，历史最优解完工时间: 1872
2025-04-08 11:37:05,120 - DEBUG - 
更新概率模型:
2025-04-08 11:37:05,120 - DEBUG - 多样性指标: 0.0412
2025-04-08 11:37:05,120 - DEBUG - 自适应学习率: 0.8380
2025-04-08 11:37:05,120 - DEBUG - 第63代概率模型更新完成
2025-04-08 11:37:05,120 - DEBUG - 第63代完成，当前最优解完工时间: 1910，历史最优解完工时间: 1872
2025-04-08 11:37:05,568 - DEBUG - 
更新概率模型:
2025-04-08 11:37:05,568 - DEBUG - 多样性指标: 0.0396
2025-04-08 11:37:05,568 - DEBUG - 自适应学习率: 0.8295
2025-04-08 11:37:05,568 - DEBUG - 第64代概率模型更新完成
2025-04-08 11:37:05,568 - DEBUG - 第64代完成，当前最优解完工时间: 1954，历史最优解完工时间: 1872
2025-04-08 11:37:06,020 - DEBUG - 
更新概率模型:
2025-04-08 11:37:06,020 - DEBUG - 多样性指标: 0.0339
2025-04-08 11:37:06,020 - DEBUG - 自适应学习率: 0.8299
2025-04-08 11:37:06,020 - DEBUG - 第65代概率模型更新完成
2025-04-08 11:37:06,020 - DEBUG - 第65代完成，当前最优解完工时间: 1960，历史最优解完工时间: 1872
2025-04-08 11:37:06,470 - DEBUG - 
更新概率模型:
2025-04-08 11:37:06,470 - DEBUG - 多样性指标: 0.0402
2025-04-08 11:37:06,470 - DEBUG - 自适应学习率: 0.8400
2025-04-08 11:37:06,470 - DEBUG - 第66代概率模型更新完成
2025-04-08 11:37:06,470 - DEBUG - 第66代完成，当前最优解完工时间: 1919，历史最优解完工时间: 1872
2025-04-08 11:37:06,915 - DEBUG - 
更新概率模型:
2025-04-08 11:37:06,916 - DEBUG - 多样性指标: 0.0481
2025-04-08 11:37:06,916 - DEBUG - 自适应学习率: 0.8337
2025-04-08 11:37:06,916 - DEBUG - 第67代概率模型更新完成
2025-04-08 11:37:06,916 - DEBUG - 第67代完成，当前最优解完工时间: 1947，历史最优解完工时间: 1872
2025-04-08 11:37:07,369 - DEBUG - 
更新概率模型:
2025-04-08 11:37:07,369 - DEBUG - 多样性指标: 0.0380
2025-04-08 11:37:07,369 - DEBUG - 自适应学习率: 0.8284
2025-04-08 11:37:07,369 - DEBUG - 第68代概率模型更新完成
2025-04-08 11:37:07,369 - DEBUG - 第68代完成，当前最优解完工时间: 1962，历史最优解完工时间: 1872
2025-04-08 11:37:07,819 - DEBUG - 
更新概率模型:
2025-04-08 11:37:07,819 - DEBUG - 多样性指标: 0.0446
2025-04-08 11:37:07,819 - DEBUG - 自适应学习率: 0.8362
2025-04-08 11:37:07,819 - DEBUG - 第69代概率模型更新完成
2025-04-08 11:37:07,819 - DEBUG - 第69代完成，当前最优解完工时间: 1928，历史最优解完工时间: 1872
2025-04-08 11:37:08,270 - DEBUG - 
更新概率模型:
2025-04-08 11:37:08,270 - DEBUG - 多样性指标: 0.0365
2025-04-08 11:37:08,270 - DEBUG - 自适应学习率: 0.8291
2025-04-08 11:37:08,270 - DEBUG - 第70代概率模型更新完成
2025-04-08 11:37:08,270 - DEBUG - 第70代完成，当前最优解完工时间: 1950，历史最优解完工时间: 1872
2025-04-08 11:37:08,714 - DEBUG - 
更新概率模型:
2025-04-08 11:37:08,714 - DEBUG - 多样性指标: 0.0422
2025-04-08 11:37:08,714 - DEBUG - 自适应学习率: 0.8331
2025-04-08 11:37:08,714 - DEBUG - 第71代概率模型更新完成
2025-04-08 11:37:08,714 - DEBUG - 第71代完成，当前最优解完工时间: 1913，历史最优解完工时间: 1872
2025-04-08 11:37:09,160 - DEBUG - 
更新概率模型:
2025-04-08 11:37:09,160 - DEBUG - 多样性指标: 0.0392
2025-04-08 11:37:09,160 - DEBUG - 自适应学习率: 0.8313
2025-04-08 11:37:09,161 - DEBUG - 第72代概率模型更新完成
2025-04-08 11:37:09,161 - DEBUG - 第72代完成，当前最优解完工时间: 1946，历史最优解完工时间: 1872
2025-04-08 11:37:09,605 - DEBUG - 
更新概率模型:
2025-04-08 11:37:09,605 - DEBUG - 多样性指标: 0.0435
2025-04-08 11:37:09,605 - DEBUG - 自适应学习率: 0.8317
2025-04-08 11:37:09,605 - DEBUG - 第73代概率模型更新完成
2025-04-08 11:37:09,605 - DEBUG - 第73代完成，当前最优解完工时间: 1943，历史最优解完工时间: 1872
2025-04-08 11:37:10,058 - DEBUG - 
更新概率模型:
2025-04-08 11:37:10,058 - DEBUG - 多样性指标: 0.0453
2025-04-08 11:37:10,058 - DEBUG - 自适应学习率: 0.8344
2025-04-08 11:37:10,058 - DEBUG - 第74代概率模型更新完成
2025-04-08 11:37:10,058 - DEBUG - 第74代完成，当前最优解完工时间: 1924，历史最优解完工时间: 1872
2025-04-08 11:37:10,505 - DEBUG - 
更新概率模型:
2025-04-08 11:37:10,505 - DEBUG - 多样性指标: 0.0474
2025-04-08 11:37:10,505 - DEBUG - 自适应学习率: 0.8328
2025-04-08 11:37:10,505 - DEBUG - 第75代概率模型更新完成
2025-04-08 11:37:10,505 - DEBUG - 第75代完成，当前最优解完工时间: 1945，历史最优解完工时间: 1872
2025-04-08 11:37:10,957 - DEBUG - 
更新概率模型:
2025-04-08 11:37:10,957 - DEBUG - 多样性指标: 0.0377
2025-04-08 11:37:10,957 - DEBUG - 自适应学习率: 0.8318
2025-04-08 11:37:10,957 - DEBUG - 第76代概率模型更新完成
2025-04-08 11:37:10,957 - DEBUG - 第76代完成，当前最优解完工时间: 1953，历史最优解完工时间: 1872
2025-04-08 11:37:11,404 - DEBUG - 
更新概率模型:
2025-04-08 11:37:11,404 - DEBUG - 多样性指标: 0.0422
2025-04-08 11:37:11,404 - DEBUG - 自适应学习率: 0.8290
2025-04-08 11:37:11,404 - DEBUG - 第77代概率模型更新完成
2025-04-08 11:37:11,404 - DEBUG - 第77代完成，当前最优解完工时间: 1951，历史最优解完工时间: 1872
2025-04-08 11:37:11,859 - DEBUG - 
更新概率模型:
2025-04-08 11:37:11,859 - DEBUG - 多样性指标: 0.0448
2025-04-08 11:37:11,859 - DEBUG - 自适应学习率: 0.8362
2025-04-08 11:37:11,859 - DEBUG - 第78代概率模型更新完成
2025-04-08 11:37:11,859 - DEBUG - 第78代完成，当前最优解完工时间: 1920，历史最优解完工时间: 1872
2025-04-08 11:37:12,307 - DEBUG - 
更新概率模型:
2025-04-08 11:37:12,307 - DEBUG - 多样性指标: 0.0435
2025-04-08 11:37:12,307 - DEBUG - 自适应学习率: 0.8383
2025-04-08 11:37:12,307 - DEBUG - 第79代概率模型更新完成
2025-04-08 11:37:12,307 - DEBUG - 第79代完成，当前最优解完工时间: 1915，历史最优解完工时间: 1872
2025-04-08 11:37:12,762 - DEBUG - 
更新概率模型:
2025-04-08 11:37:12,762 - DEBUG - 多样性指标: 0.0456
2025-04-08 11:37:12,762 - DEBUG - 自适应学习率: 0.8360
2025-04-08 11:37:12,762 - DEBUG - 第80代概率模型更新完成
2025-04-08 11:37:12,762 - DEBUG - 第80代完成，当前最优解完工时间: 1934，历史最优解完工时间: 1872
2025-04-08 11:37:13,209 - DEBUG - 
更新概率模型:
2025-04-08 11:37:13,210 - DEBUG - 多样性指标: 0.0406
2025-04-08 11:37:13,210 - DEBUG - 自适应学习率: 0.8368
2025-04-08 11:37:13,210 - DEBUG - 第81代概率模型更新完成
2025-04-08 11:37:13,210 - DEBUG - 第81代完成，当前最优解完工时间: 1923，历史最优解完工时间: 1872
2025-04-08 11:37:13,667 - DEBUG - 
更新概率模型:
2025-04-08 11:37:13,667 - DEBUG - 多样性指标: 0.0438
2025-04-08 11:37:13,667 - DEBUG - 自适应学习率: 0.8317
2025-04-08 11:37:13,667 - DEBUG - 第82代概率模型更新完成
2025-04-08 11:37:13,667 - DEBUG - 第82代完成，当前最优解完工时间: 1939，历史最优解完工时间: 1872
2025-04-08 11:37:14,121 - DEBUG - 
更新概率模型:
2025-04-08 11:37:14,121 - DEBUG - 多样性指标: 0.0366
2025-04-08 11:37:14,121 - DEBUG - 自适应学习率: 0.8318
2025-04-08 11:37:14,121 - DEBUG - 第83代概率模型更新完成
2025-04-08 11:37:14,121 - DEBUG - 第83代完成，当前最优解完工时间: 1930，历史最优解完工时间: 1872
2025-04-08 11:37:14,566 - DEBUG - 
更新概率模型:
2025-04-08 11:37:14,566 - DEBUG - 多样性指标: 0.0397
2025-04-08 11:37:14,566 - DEBUG - 自适应学习率: 0.8325
2025-04-08 11:37:14,566 - DEBUG - 第84代概率模型更新完成
2025-04-08 11:37:14,566 - DEBUG - 第84代完成，当前最优解完工时间: 1931，历史最优解完工时间: 1872
2025-04-08 11:37:15,014 - DEBUG - 
更新概率模型:
2025-04-08 11:37:15,014 - DEBUG - 多样性指标: 0.0455
2025-04-08 11:37:15,014 - DEBUG - 自适应学习率: 0.8317
2025-04-08 11:37:15,014 - DEBUG - 第85代概率模型更新完成
2025-04-08 11:37:15,014 - DEBUG - 第85代完成，当前最优解完工时间: 1936，历史最优解完工时间: 1872
2025-04-08 11:37:15,462 - DEBUG - 
更新概率模型:
2025-04-08 11:37:15,462 - DEBUG - 多样性指标: 0.0414
2025-04-08 11:37:15,462 - DEBUG - 自适应学习率: 0.8337
2025-04-08 11:37:15,462 - DEBUG - 第86代概率模型更新完成
2025-04-08 11:37:15,462 - DEBUG - 第86代完成，当前最优解完工时间: 1932，历史最优解完工时间: 1872
2025-04-08 11:37:15,911 - DEBUG - 
更新概率模型:
2025-04-08 11:37:15,911 - DEBUG - 多样性指标: 0.0390
2025-04-08 11:37:15,911 - DEBUG - 自适应学习率: 0.8325
2025-04-08 11:37:15,911 - DEBUG - 第87代概率模型更新完成
2025-04-08 11:37:15,911 - DEBUG - 第87代完成，当前最优解完工时间: 1920，历史最优解完工时间: 1872
2025-04-08 11:37:16,360 - DEBUG - 
更新概率模型:
2025-04-08 11:37:16,360 - DEBUG - 多样性指标: 0.0393
2025-04-08 11:37:16,360 - DEBUG - 自适应学习率: 0.8346
2025-04-08 11:37:16,360 - DEBUG - 第88代概率模型更新完成
2025-04-08 11:37:16,360 - DEBUG - 第88代完成，当前最优解完工时间: 1922，历史最优解完工时间: 1872
2025-04-08 11:37:16,809 - DEBUG - 
更新概率模型:
2025-04-08 11:37:16,809 - DEBUG - 多样性指标: 0.0393
2025-04-08 11:37:16,809 - DEBUG - 自适应学习率: 0.8330
2025-04-08 11:37:16,809 - DEBUG - 第89代概率模型更新完成
2025-04-08 11:37:16,809 - DEBUG - 第89代完成，当前最优解完工时间: 1935，历史最优解完工时间: 1872
2025-04-08 11:37:17,260 - DEBUG - 
更新概率模型:
2025-04-08 11:37:17,260 - DEBUG - 多样性指标: 0.0459
2025-04-08 11:37:17,260 - DEBUG - 自适应学习率: 0.8385
2025-04-08 11:37:17,260 - DEBUG - 第90代概率模型更新完成
2025-04-08 11:37:17,260 - DEBUG - 第90代完成，当前最优解完工时间: 1919，历史最优解完工时间: 1872
2025-04-08 11:37:17,711 - DEBUG - 
更新概率模型:
2025-04-08 11:37:17,711 - DEBUG - 多样性指标: 0.0449
2025-04-08 11:37:17,711 - DEBUG - 自适应学习率: 0.8388
2025-04-08 11:37:17,711 - DEBUG - 第91代概率模型更新完成
2025-04-08 11:37:17,711 - DEBUG - 第91代完成，当前最优解完工时间: 1908，历史最优解完工时间: 1872
2025-04-08 11:37:18,155 - DEBUG - 
更新概率模型:
2025-04-08 11:37:18,155 - DEBUG - 多样性指标: 0.0435
2025-04-08 11:37:18,155 - DEBUG - 自适应学习率: 0.8329
2025-04-08 11:37:18,156 - DEBUG - 第92代概率模型更新完成
2025-04-08 11:37:18,156 - DEBUG - 第92代完成，当前最优解完工时间: 1942，历史最优解完工时间: 1872
2025-04-08 11:37:18,603 - DEBUG - 
更新概率模型:
2025-04-08 11:37:18,604 - DEBUG - 多样性指标: 0.0365
2025-04-08 11:37:18,604 - DEBUG - 自适应学习率: 0.8299
2025-04-08 11:37:18,604 - DEBUG - 第93代概率模型更新完成
2025-04-08 11:37:18,604 - DEBUG - 第93代完成，当前最优解完工时间: 1950，历史最优解完工时间: 1872
2025-04-08 11:37:19,058 - DEBUG - 
更新概率模型:
2025-04-08 11:37:19,058 - DEBUG - 多样性指标: 0.0418
2025-04-08 11:37:19,058 - DEBUG - 自适应学习率: 0.8308
2025-04-08 11:37:19,058 - DEBUG - 第94代概率模型更新完成
2025-04-08 11:37:19,058 - DEBUG - 第94代完成，当前最优解完工时间: 1955，历史最优解完工时间: 1872
2025-04-08 11:37:19,505 - DEBUG - 
更新概率模型:
2025-04-08 11:37:19,505 - DEBUG - 多样性指标: 0.0413
2025-04-08 11:37:19,505 - DEBUG - 自适应学习率: 0.8321
2025-04-08 11:37:19,505 - DEBUG - 第95代概率模型更新完成
2025-04-08 11:37:19,505 - DEBUG - 第95代完成，当前最优解完工时间: 1931，历史最优解完工时间: 1872
2025-04-08 11:37:19,959 - DEBUG - 
更新概率模型:
2025-04-08 11:37:19,959 - DEBUG - 多样性指标: 0.0397
2025-04-08 11:37:19,959 - DEBUG - 自适应学习率: 0.8387
2025-04-08 11:37:19,959 - DEBUG - 第96代概率模型更新完成
2025-04-08 11:37:19,959 - DEBUG - 第96代完成，当前最优解完工时间: 1911，历史最优解完工时间: 1872
2025-04-08 11:37:20,405 - DEBUG - 
更新概率模型:
2025-04-08 11:37:20,405 - DEBUG - 多样性指标: 0.0394
2025-04-08 11:37:20,406 - DEBUG - 自适应学习率: 0.8360
2025-04-08 11:37:20,406 - DEBUG - 第97代概率模型更新完成
2025-04-08 11:37:20,406 - DEBUG - 第97代完成，当前最优解完工时间: 1927，历史最优解完工时间: 1872
2025-04-08 11:37:20,858 - DEBUG - 
更新概率模型:
2025-04-08 11:37:20,858 - DEBUG - 多样性指标: 0.0423
2025-04-08 11:37:20,858 - DEBUG - 自适应学习率: 0.8362
2025-04-08 11:37:20,858 - DEBUG - 第98代概率模型更新完成
2025-04-08 11:37:20,858 - DEBUG - 第98代完成，当前最优解完工时间: 1917，历史最优解完工时间: 1872
2025-04-08 11:37:21,307 - DEBUG - 
更新概率模型:
2025-04-08 11:37:21,307 - DEBUG - 多样性指标: 0.0483
2025-04-08 11:37:21,307 - DEBUG - 自适应学习率: 0.8369
2025-04-08 11:37:21,307 - DEBUG - 第99代概率模型更新完成
2025-04-08 11:37:21,307 - DEBUG - 第99代完成，当前最优解完工时间: 1925，历史最优解完工时间: 1872
2025-04-08 11:40:25,960 - DEBUG - 
更新概率模型:
2025-04-08 11:40:25,960 - DEBUG - 多样性指标: 0.0482
2025-04-08 11:40:25,960 - DEBUG - 自适应学习率: 0.8393
2025-04-08 11:40:26,410 - DEBUG - 
更新概率模型:
2025-04-08 11:40:26,410 - DEBUG - 多样性指标: 0.0434
2025-04-08 11:40:26,410 - DEBUG - 自适应学习率: 0.8351
2025-04-08 11:40:26,867 - DEBUG - 
更新概率模型:
2025-04-08 11:40:26,867 - DEBUG - 多样性指标: 0.0436
2025-04-08 11:40:26,867 - DEBUG - 自适应学习率: 0.8332
2025-04-08 11:40:27,336 - DEBUG - 
更新概率模型:
2025-04-08 11:40:27,336 - DEBUG - 多样性指标: 0.0453
2025-04-08 11:40:27,336 - DEBUG - 自适应学习率: 0.8375
2025-04-08 11:40:27,807 - DEBUG - 
更新概率模型:
2025-04-08 11:40:27,807 - DEBUG - 多样性指标: 0.0422
2025-04-08 11:40:27,807 - DEBUG - 自适应学习率: 0.8339
2025-04-08 11:40:28,262 - DEBUG - 
更新概率模型:
2025-04-08 11:40:28,262 - DEBUG - 多样性指标: 0.0411
2025-04-08 11:40:28,262 - DEBUG - 自适应学习率: 0.8395
2025-04-08 11:40:28,720 - DEBUG - 
更新概率模型:
2025-04-08 11:40:28,720 - DEBUG - 多样性指标: 0.0417
2025-04-08 11:40:28,720 - DEBUG - 自适应学习率: 0.8313
2025-04-08 11:40:29,179 - DEBUG - 
更新概率模型:
2025-04-08 11:40:29,179 - DEBUG - 多样性指标: 0.0410
2025-04-08 11:40:29,179 - DEBUG - 自适应学习率: 0.8333
2025-04-08 11:40:29,630 - DEBUG - 
更新概率模型:
2025-04-08 11:40:29,631 - DEBUG - 多样性指标: 0.0445
2025-04-08 11:40:29,631 - DEBUG - 自适应学习率: 0.8363
2025-04-08 11:40:30,084 - DEBUG - 
更新概率模型:
2025-04-08 11:40:30,084 - DEBUG - 多样性指标: 0.0367
2025-04-08 11:40:30,084 - DEBUG - 自适应学习率: 0.8548
2025-04-08 11:40:30,547 - DEBUG - 
更新概率模型:
2025-04-08 11:40:30,547 - DEBUG - 多样性指标: 0.0387
2025-04-08 11:40:30,547 - DEBUG - 自适应学习率: 0.8325
2025-04-08 11:40:31,000 - DEBUG - 
更新概率模型:
2025-04-08 11:40:31,000 - DEBUG - 多样性指标: 0.0380
2025-04-08 11:40:31,000 - DEBUG - 自适应学习率: 0.8309
2025-04-08 11:40:31,449 - DEBUG - 
更新概率模型:
2025-04-08 11:40:31,449 - DEBUG - 多样性指标: 0.0474
2025-04-08 11:40:31,449 - DEBUG - 自适应学习率: 0.8367
2025-04-08 11:40:31,897 - DEBUG - 
更新概率模型:
2025-04-08 11:40:31,897 - DEBUG - 多样性指标: 0.0428
2025-04-08 11:40:31,897 - DEBUG - 自适应学习率: 0.8296
2025-04-08 11:40:32,345 - DEBUG - 
更新概率模型:
2025-04-08 11:40:32,345 - DEBUG - 多样性指标: 0.0448
2025-04-08 11:40:32,345 - DEBUG - 自适应学习率: 0.8476
2025-04-08 11:40:32,795 - DEBUG - 
更新概率模型:
2025-04-08 11:40:32,795 - DEBUG - 多样性指标: 0.0401
2025-04-08 11:40:32,795 - DEBUG - 自适应学习率: 0.8321
2025-04-08 11:40:33,253 - DEBUG - 
更新概率模型:
2025-04-08 11:40:33,253 - DEBUG - 多样性指标: 0.0336
2025-04-08 11:40:33,253 - DEBUG - 自适应学习率: 0.8291
2025-04-08 11:40:33,700 - DEBUG - 
更新概率模型:
2025-04-08 11:40:33,700 - DEBUG - 多样性指标: 0.0418
2025-04-08 11:40:33,700 - DEBUG - 自适应学习率: 0.8337
2025-04-08 11:40:34,155 - DEBUG - 
更新概率模型:
2025-04-08 11:40:34,156 - DEBUG - 多样性指标: 0.0422
2025-04-08 11:40:34,156 - DEBUG - 自适应学习率: 0.8315
2025-04-08 11:40:34,602 - DEBUG - 
更新概率模型:
2025-04-08 11:40:34,602 - DEBUG - 多样性指标: 0.0380
2025-04-08 11:40:34,602 - DEBUG - 自适应学习率: 0.8364
2025-04-08 11:40:35,060 - DEBUG - 
更新概率模型:
2025-04-08 11:40:35,060 - DEBUG - 多样性指标: 0.0447
2025-04-08 11:40:35,060 - DEBUG - 自适应学习率: 0.8335
2025-04-08 11:40:35,512 - DEBUG - 
更新概率模型:
2025-04-08 11:40:35,512 - DEBUG - 多样性指标: 0.0426
2025-04-08 11:40:35,512 - DEBUG - 自适应学习率: 0.8294
2025-04-08 11:40:35,975 - DEBUG - 
更新概率模型:
2025-04-08 11:40:35,975 - DEBUG - 多样性指标: 0.0389
2025-04-08 11:40:35,975 - DEBUG - 自适应学习率: 0.8347
2025-04-08 11:40:36,427 - DEBUG - 
更新概率模型:
2025-04-08 11:40:36,427 - DEBUG - 多样性指标: 0.0424
2025-04-08 11:40:36,427 - DEBUG - 自适应学习率: 0.8385
2025-04-08 11:40:36,879 - DEBUG - 
更新概率模型:
2025-04-08 11:40:36,879 - DEBUG - 多样性指标: 0.0388
2025-04-08 11:40:36,879 - DEBUG - 自适应学习率: 0.8292
2025-04-08 11:40:37,328 - DEBUG - 
更新概率模型:
2025-04-08 11:40:37,328 - DEBUG - 多样性指标: 0.0419
2025-04-08 11:40:37,328 - DEBUG - 自适应学习率: 0.8373
2025-04-08 11:40:37,780 - DEBUG - 
更新概率模型:
2025-04-08 11:40:37,780 - DEBUG - 多样性指标: 0.0376
2025-04-08 11:40:37,780 - DEBUG - 自适应学习率: 0.8367
2025-04-08 11:40:38,233 - DEBUG - 
更新概率模型:
2025-04-08 11:40:38,233 - DEBUG - 多样性指标: 0.0369
2025-04-08 11:40:38,233 - DEBUG - 自适应学习率: 0.8261
2025-04-08 11:40:38,683 - DEBUG - 
更新概率模型:
2025-04-08 11:40:38,683 - DEBUG - 多样性指标: 0.0469
2025-04-08 11:40:38,683 - DEBUG - 自适应学习率: 0.8394
2025-04-08 11:40:39,183 - DEBUG - 
更新概率模型:
2025-04-08 11:40:39,183 - DEBUG - 多样性指标: 0.0417
2025-04-08 11:40:39,183 - DEBUG - 自适应学习率: 0.8323
2025-04-08 11:40:39,678 - DEBUG - 
更新概率模型:
2025-04-08 11:40:39,678 - DEBUG - 多样性指标: 0.0397
2025-04-08 11:40:39,678 - DEBUG - 自适应学习率: 0.8323
2025-04-08 11:40:40,193 - DEBUG - 
更新概率模型:
2025-04-08 11:40:40,193 - DEBUG - 多样性指标: 0.0397
2025-04-08 11:40:40,193 - DEBUG - 自适应学习率: 0.8319
2025-04-08 11:40:40,686 - DEBUG - 
更新概率模型:
2025-04-08 11:40:40,686 - DEBUG - 多样性指标: 0.0404
2025-04-08 11:40:40,686 - DEBUG - 自适应学习率: 0.8378
2025-04-08 11:40:41,199 - DEBUG - 
更新概率模型:
2025-04-08 11:40:41,199 - DEBUG - 多样性指标: 0.0378
2025-04-08 11:40:41,199 - DEBUG - 自适应学习率: 0.8362
2025-04-08 11:40:41,720 - DEBUG - 
更新概率模型:
2025-04-08 11:40:41,720 - DEBUG - 多样性指标: 0.0419
2025-04-08 11:40:41,720 - DEBUG - 自适应学习率: 0.8385
2025-04-08 11:40:42,261 - DEBUG - 
更新概率模型:
2025-04-08 11:40:42,261 - DEBUG - 多样性指标: 0.0416
2025-04-08 11:40:42,261 - DEBUG - 自适应学习率: 0.8371
2025-04-08 11:40:42,785 - DEBUG - 
更新概率模型:
2025-04-08 11:40:42,785 - DEBUG - 多样性指标: 0.0379
2025-04-08 11:40:42,785 - DEBUG - 自适应学习率: 0.8408
2025-04-08 11:40:43,302 - DEBUG - 
更新概率模型:
2025-04-08 11:40:43,303 - DEBUG - 多样性指标: 0.0394
2025-04-08 11:40:43,303 - DEBUG - 自适应学习率: 0.8405
2025-04-08 11:40:43,801 - DEBUG - 
更新概率模型:
2025-04-08 11:40:43,801 - DEBUG - 多样性指标: 0.0479
2025-04-08 11:40:43,801 - DEBUG - 自适应学习率: 0.8474
2025-04-08 11:40:44,299 - DEBUG - 
更新概率模型:
2025-04-08 11:40:44,299 - DEBUG - 多样性指标: 0.0459
2025-04-08 11:40:44,299 - DEBUG - 自适应学习率: 0.8493
2025-04-08 11:40:44,803 - DEBUG - 
更新概率模型:
2025-04-08 11:40:44,803 - DEBUG - 多样性指标: 0.0404
2025-04-08 11:40:44,803 - DEBUG - 自适应学习率: 0.8461
2025-04-08 11:40:45,306 - DEBUG - 
更新概率模型:
2025-04-08 11:40:45,306 - DEBUG - 多样性指标: 0.0478
2025-04-08 11:40:45,306 - DEBUG - 自适应学习率: 0.8494
2025-04-08 11:40:45,802 - DEBUG - 
更新概率模型:
2025-04-08 11:40:45,802 - DEBUG - 多样性指标: 0.0430
2025-04-08 11:40:45,802 - DEBUG - 自适应学习率: 0.8465
2025-04-08 11:40:46,299 - DEBUG - 
更新概率模型:
2025-04-08 11:40:46,299 - DEBUG - 多样性指标: 0.0438
2025-04-08 11:40:46,299 - DEBUG - 自适应学习率: 0.8479
2025-04-08 11:40:46,814 - DEBUG - 
更新概率模型:
2025-04-08 11:40:46,814 - DEBUG - 多样性指标: 0.0423
2025-04-08 11:40:46,814 - DEBUG - 自适应学习率: 0.8481
2025-04-08 11:40:47,321 - DEBUG - 
更新概率模型:
2025-04-08 11:40:47,321 - DEBUG - 多样性指标: 0.0393
2025-04-08 11:40:47,321 - DEBUG - 自适应学习率: 0.8475
2025-04-08 11:40:47,826 - DEBUG - 
更新概率模型:
2025-04-08 11:40:47,826 - DEBUG - 多样性指标: 0.0427
2025-04-08 11:40:47,826 - DEBUG - 自适应学习率: 0.8518
2025-04-08 11:40:48,337 - DEBUG - 
更新概率模型:
2025-04-08 11:40:48,337 - DEBUG - 多样性指标: 0.0412
2025-04-08 11:40:48,338 - DEBUG - 自适应学习率: 0.8477
2025-04-08 11:40:48,847 - DEBUG - 
更新概率模型:
2025-04-08 11:40:48,847 - DEBUG - 多样性指标: 0.0457
2025-04-08 11:40:48,847 - DEBUG - 自适应学习率: 0.8496
2025-04-08 11:40:49,352 - DEBUG - 
更新概率模型:
2025-04-08 11:40:49,352 - DEBUG - 多样性指标: 0.0450
2025-04-08 11:40:49,352 - DEBUG - 自适应学习率: 0.8532
2025-04-08 11:40:49,858 - DEBUG - 
更新概率模型:
2025-04-08 11:40:49,858 - DEBUG - 多样性指标: 0.0406
2025-04-08 11:40:49,858 - DEBUG - 自适应学习率: 0.8495
2025-04-08 11:40:50,372 - DEBUG - 
更新概率模型:
2025-04-08 11:40:50,373 - DEBUG - 多样性指标: 0.0414
2025-04-08 11:40:50,373 - DEBUG - 自适应学习率: 0.8497
2025-04-08 11:40:50,869 - DEBUG - 
更新概率模型:
2025-04-08 11:40:50,869 - DEBUG - 多样性指标: 0.0444
2025-04-08 11:40:50,869 - DEBUG - 自适应学习率: 0.8505
2025-04-08 11:40:51,383 - DEBUG - 
更新概率模型:
2025-04-08 11:40:51,383 - DEBUG - 多样性指标: 0.0480
2025-04-08 11:40:51,383 - DEBUG - 自适应学习率: 0.8536
2025-04-08 11:40:51,905 - DEBUG - 
更新概率模型:
2025-04-08 11:40:51,905 - DEBUG - 多样性指标: 0.0409
2025-04-08 11:40:51,905 - DEBUG - 自适应学习率: 0.8501
2025-04-08 11:40:52,407 - DEBUG - 
更新概率模型:
2025-04-08 11:40:52,407 - DEBUG - 多样性指标: 0.0401
2025-04-08 11:40:52,407 - DEBUG - 自适应学习率: 0.8452
2025-04-08 11:40:52,918 - DEBUG - 
更新概率模型:
2025-04-08 11:40:52,918 - DEBUG - 多样性指标: 0.0447
2025-04-08 11:40:52,918 - DEBUG - 自适应学习率: 0.8523
2025-04-08 11:40:53,428 - DEBUG - 
更新概率模型:
2025-04-08 11:40:53,428 - DEBUG - 多样性指标: 0.0421
2025-04-08 11:40:53,428 - DEBUG - 自适应学习率: 0.8515
2025-04-08 11:40:53,942 - DEBUG - 
更新概率模型:
2025-04-08 11:40:53,942 - DEBUG - 多样性指标: 0.0413
2025-04-08 11:40:53,942 - DEBUG - 自适应学习率: 0.8548
2025-04-08 11:40:54,430 - DEBUG - 
更新概率模型:
2025-04-08 11:40:54,430 - DEBUG - 多样性指标: 0.0451
2025-04-08 11:40:54,430 - DEBUG - 自适应学习率: 0.8517
2025-04-08 11:40:54,931 - DEBUG - 
更新概率模型:
2025-04-08 11:40:54,931 - DEBUG - 多样性指标: 0.0386
2025-04-08 11:40:54,931 - DEBUG - 自适应学习率: 0.8501
2025-04-08 11:40:55,420 - DEBUG - 
更新概率模型:
2025-04-08 11:40:55,420 - DEBUG - 多样性指标: 0.0435
2025-04-08 11:40:55,420 - DEBUG - 自适应学习率: 0.8492
2025-04-08 11:40:55,926 - DEBUG - 
更新概率模型:
2025-04-08 11:40:55,926 - DEBUG - 多样性指标: 0.0457
2025-04-08 11:40:55,926 - DEBUG - 自适应学习率: 0.8531
2025-04-08 11:40:56,431 - DEBUG - 
更新概率模型:
2025-04-08 11:40:56,431 - DEBUG - 多样性指标: 0.0400
2025-04-08 11:40:56,431 - DEBUG - 自适应学习率: 0.8509
2025-04-08 11:40:56,932 - DEBUG - 
更新概率模型:
2025-04-08 11:40:56,932 - DEBUG - 多样性指标: 0.0414
2025-04-08 11:40:56,932 - DEBUG - 自适应学习率: 0.8524
2025-04-08 11:40:57,439 - DEBUG - 
更新概率模型:
2025-04-08 11:40:57,439 - DEBUG - 多样性指标: 0.0440
2025-04-08 11:40:57,439 - DEBUG - 自适应学习率: 0.8558
2025-04-08 11:40:57,942 - DEBUG - 
更新概率模型:
2025-04-08 11:40:57,943 - DEBUG - 多样性指标: 0.0420
2025-04-08 11:40:57,943 - DEBUG - 自适应学习率: 0.8514
2025-04-08 11:40:58,442 - DEBUG - 
更新概率模型:
2025-04-08 11:40:58,442 - DEBUG - 多样性指标: 0.0423
2025-04-08 11:40:58,442 - DEBUG - 自适应学习率: 0.8514
2025-04-08 11:40:58,949 - DEBUG - 
更新概率模型:
2025-04-08 11:40:58,949 - DEBUG - 多样性指标: 0.0433
2025-04-08 11:40:58,949 - DEBUG - 自适应学习率: 0.8522
2025-04-08 11:40:59,458 - DEBUG - 
更新概率模型:
2025-04-08 11:40:59,458 - DEBUG - 多样性指标: 0.0489
2025-04-08 11:40:59,458 - DEBUG - 自适应学习率: 0.8546
2025-04-08 11:40:59,965 - DEBUG - 
更新概率模型:
2025-04-08 11:40:59,965 - DEBUG - 多样性指标: 0.0421
2025-04-08 11:40:59,965 - DEBUG - 自适应学习率: 0.8512
2025-04-08 11:41:00,461 - DEBUG - 
更新概率模型:
2025-04-08 11:41:00,461 - DEBUG - 多样性指标: 0.0463
2025-04-08 11:41:00,461 - DEBUG - 自适应学习率: 0.8509
2025-04-08 11:41:00,966 - DEBUG - 
更新概率模型:
2025-04-08 11:41:00,966 - DEBUG - 多样性指标: 0.0409
2025-04-08 11:41:00,966 - DEBUG - 自适应学习率: 0.8519
2025-04-08 11:41:01,460 - DEBUG - 
更新概率模型:
2025-04-08 11:41:01,460 - DEBUG - 多样性指标: 0.0447
2025-04-08 11:41:01,460 - DEBUG - 自适应学习率: 0.8495
2025-04-08 11:41:01,951 - DEBUG - 
更新概率模型:
2025-04-08 11:41:01,951 - DEBUG - 多样性指标: 0.0429
2025-04-08 11:41:01,951 - DEBUG - 自适应学习率: 0.8500
2025-04-08 11:41:02,450 - DEBUG - 
更新概率模型:
2025-04-08 11:41:02,450 - DEBUG - 多样性指标: 0.0442
2025-04-08 11:41:02,450 - DEBUG - 自适应学习率: 0.8512
2025-04-08 11:41:02,961 - DEBUG - 
更新概率模型:
2025-04-08 11:41:02,961 - DEBUG - 多样性指标: 0.0466
2025-04-08 11:41:02,961 - DEBUG - 自适应学习率: 0.8508
2025-04-08 11:41:03,455 - DEBUG - 
更新概率模型:
2025-04-08 11:41:03,455 - DEBUG - 多样性指标: 0.0395
2025-04-08 11:41:03,455 - DEBUG - 自适应学习率: 0.8488
2025-04-08 11:41:03,947 - DEBUG - 
更新概率模型:
2025-04-08 11:41:03,947 - DEBUG - 多样性指标: 0.0423
2025-04-08 11:41:03,947 - DEBUG - 自适应学习率: 0.8503
2025-04-08 11:41:04,454 - DEBUG - 
更新概率模型:
2025-04-08 11:41:04,454 - DEBUG - 多样性指标: 0.0492
2025-04-08 11:41:04,454 - DEBUG - 自适应学习率: 0.8551
2025-04-08 11:41:04,946 - DEBUG - 
更新概率模型:
2025-04-08 11:41:04,946 - DEBUG - 多样性指标: 0.0429
2025-04-08 11:41:04,946 - DEBUG - 自适应学习率: 0.8508
2025-04-08 11:41:05,445 - DEBUG - 
更新概率模型:
2025-04-08 11:41:05,445 - DEBUG - 多样性指标: 0.0513
2025-04-08 11:41:05,445 - DEBUG - 自适应学习率: 0.8548
2025-04-08 11:41:05,954 - DEBUG - 
更新概率模型:
2025-04-08 11:41:05,954 - DEBUG - 多样性指标: 0.0442
2025-04-08 11:41:05,954 - DEBUG - 自适应学习率: 0.8530
2025-04-08 11:41:06,444 - DEBUG - 
更新概率模型:
2025-04-08 11:41:06,444 - DEBUG - 多样性指标: 0.0438
2025-04-08 11:41:06,444 - DEBUG - 自适应学习率: 0.8525
2025-04-08 11:41:06,957 - DEBUG - 
更新概率模型:
2025-04-08 11:41:06,957 - DEBUG - 多样性指标: 0.0417
2025-04-08 11:41:06,957 - DEBUG - 自适应学习率: 0.8513
2025-04-08 11:41:07,455 - DEBUG - 
更新概率模型:
2025-04-08 11:41:07,455 - DEBUG - 多样性指标: 0.0412
2025-04-08 11:41:07,455 - DEBUG - 自适应学习率: 0.8538
2025-04-08 11:41:07,958 - DEBUG - 
更新概率模型:
2025-04-08 11:41:07,958 - DEBUG - 多样性指标: 0.0461
2025-04-08 11:41:07,958 - DEBUG - 自适应学习率: 0.8548
2025-04-08 11:41:08,447 - DEBUG - 
更新概率模型:
2025-04-08 11:41:08,447 - DEBUG - 多样性指标: 0.0414
2025-04-08 11:41:08,447 - DEBUG - 自适应学习率: 0.8537
2025-04-08 11:41:08,947 - DEBUG - 
更新概率模型:
2025-04-08 11:41:08,947 - DEBUG - 多样性指标: 0.0486
2025-04-08 11:41:08,947 - DEBUG - 自适应学习率: 0.8573
2025-04-08 11:41:09,449 - DEBUG - 
更新概率模型:
2025-04-08 11:41:09,450 - DEBUG - 多样性指标: 0.0456
2025-04-08 11:41:09,450 - DEBUG - 自适应学习率: 0.8550
2025-04-08 11:41:10,002 - DEBUG - 
更新概率模型:
2025-04-08 11:41:10,002 - DEBUG - 多样性指标: 0.0425
2025-04-08 11:41:10,002 - DEBUG - 自适应学习率: 0.8511
2025-04-08 11:41:10,550 - DEBUG - 
更新概率模型:
2025-04-08 11:41:10,550 - DEBUG - 多样性指标: 0.0445
2025-04-08 11:41:10,550 - DEBUG - 自适应学习率: 0.8509
2025-04-08 11:41:11,109 - DEBUG - 
更新概率模型:
2025-04-08 11:41:11,109 - DEBUG - 多样性指标: 0.0437
2025-04-08 11:41:11,109 - DEBUG - 自适应学习率: 0.8537
2025-04-08 11:41:11,654 - DEBUG - 
更新概率模型:
2025-04-08 11:41:11,654 - DEBUG - 多样性指标: 0.0440
2025-04-08 11:41:11,654 - DEBUG - 自适应学习率: 0.8535
2025-04-08 11:41:12,206 - DEBUG - 
更新概率模型:
2025-04-08 11:41:12,206 - DEBUG - 多样性指标: 0.0410
2025-04-08 11:41:12,206 - DEBUG - 自适应学习率: 0.8497
2025-04-08 11:41:12,794 - DEBUG - 
更新概率模型:
2025-04-08 11:41:12,794 - DEBUG - 多样性指标: 0.0488
2025-04-08 11:41:12,794 - DEBUG - 自适应学习率: 0.8540
2025-04-08 11:41:13,391 - DEBUG - 
更新概率模型:
2025-04-08 11:41:13,391 - DEBUG - 多样性指标: 0.0436
2025-04-08 11:41:13,391 - DEBUG - 自适应学习率: 0.8523
2025-04-08 11:41:13,994 - DEBUG - 
更新概率模型:
2025-04-08 11:41:13,994 - DEBUG - 多样性指标: 0.0460
2025-04-08 11:41:13,994 - DEBUG - 自适应学习率: 0.8540
2025-04-08 11:41:14,614 - DEBUG - 
更新概率模型:
2025-04-08 11:41:14,614 - DEBUG - 多样性指标: 0.0464
2025-04-08 11:41:14,614 - DEBUG - 自适应学习率: 0.8523
2025-04-08 11:41:15,797 - DEBUG - 
更新概率模型:
2025-04-08 11:41:15,797 - DEBUG - 多样性指标: 0.0405
2025-04-08 11:41:15,797 - DEBUG - 自适应学习率: 0.8308
2025-04-08 11:41:16,252 - DEBUG - 
更新概率模型:
2025-04-08 11:41:16,252 - DEBUG - 多样性指标: 0.0429
2025-04-08 11:41:16,252 - DEBUG - 自适应学习率: 0.8273
2025-04-08 11:41:16,707 - DEBUG - 
更新概率模型:
2025-04-08 11:41:16,707 - DEBUG - 多样性指标: 0.0444
2025-04-08 11:41:16,707 - DEBUG - 自适应学习率: 0.8348
2025-04-08 11:41:17,163 - DEBUG - 
更新概率模型:
2025-04-08 11:41:17,163 - DEBUG - 多样性指标: 0.0427
2025-04-08 11:41:17,163 - DEBUG - 自适应学习率: 0.8312
2025-04-08 11:41:17,612 - DEBUG - 
更新概率模型:
2025-04-08 11:41:17,614 - DEBUG - 多样性指标: 0.0409
2025-04-08 11:41:17,614 - DEBUG - 自适应学习率: 0.8272
2025-04-08 11:41:18,073 - DEBUG - 
更新概率模型:
2025-04-08 11:41:18,073 - DEBUG - 多样性指标: 0.0400
2025-04-08 11:41:18,073 - DEBUG - 自适应学习率: 0.8330
2025-04-08 11:41:18,524 - DEBUG - 
更新概率模型:
2025-04-08 11:41:18,524 - DEBUG - 多样性指标: 0.0430
2025-04-08 11:41:18,524 - DEBUG - 自适应学习率: 0.8350
2025-04-08 11:41:18,983 - DEBUG - 
更新概率模型:
2025-04-08 11:41:18,983 - DEBUG - 多样性指标: 0.0436
2025-04-08 11:41:18,983 - DEBUG - 自适应学习率: 0.8360
2025-04-08 11:41:19,436 - DEBUG - 
更新概率模型:
2025-04-08 11:41:19,436 - DEBUG - 多样性指标: 0.0424
2025-04-08 11:41:19,436 - DEBUG - 自适应学习率: 0.8363
2025-04-08 11:41:19,905 - DEBUG - 
更新概率模型:
2025-04-08 11:41:19,905 - DEBUG - 多样性指标: 0.0420
2025-04-08 11:41:19,905 - DEBUG - 自适应学习率: 0.8419
2025-04-08 11:41:20,363 - DEBUG - 
更新概率模型:
2025-04-08 11:41:20,363 - DEBUG - 多样性指标: 0.0448
2025-04-08 11:41:20,363 - DEBUG - 自适应学习率: 0.8408
2025-04-08 11:41:20,823 - DEBUG - 
更新概率模型:
2025-04-08 11:41:20,823 - DEBUG - 多样性指标: 0.0395
2025-04-08 11:41:20,823 - DEBUG - 自适应学习率: 0.8322
2025-04-08 11:41:21,270 - DEBUG - 
更新概率模型:
2025-04-08 11:41:21,270 - DEBUG - 多样性指标: 0.0432
2025-04-08 11:41:21,270 - DEBUG - 自适应学习率: 0.8410
2025-04-08 11:41:21,721 - DEBUG - 
更新概率模型:
2025-04-08 11:41:21,721 - DEBUG - 多样性指标: 0.0388
2025-04-08 11:41:21,721 - DEBUG - 自适应学习率: 0.8337
2025-04-08 11:41:22,175 - DEBUG - 
更新概率模型:
2025-04-08 11:41:22,175 - DEBUG - 多样性指标: 0.0478
2025-04-08 11:41:22,175 - DEBUG - 自适应学习率: 0.8375
2025-04-08 11:41:22,633 - DEBUG - 
更新概率模型:
2025-04-08 11:41:22,633 - DEBUG - 多样性指标: 0.0377
2025-04-08 11:41:22,633 - DEBUG - 自适应学习率: 0.8346
2025-04-08 11:41:23,089 - DEBUG - 
更新概率模型:
2025-04-08 11:41:23,089 - DEBUG - 多样性指标: 0.0469
2025-04-08 11:41:23,089 - DEBUG - 自适应学习率: 0.8367
2025-04-08 11:41:23,547 - DEBUG - 
更新概率模型:
2025-04-08 11:41:23,547 - DEBUG - 多样性指标: 0.0396
2025-04-08 11:41:23,547 - DEBUG - 自适应学习率: 0.8333
2025-04-08 11:41:24,002 - DEBUG - 
更新概率模型:
2025-04-08 11:41:24,002 - DEBUG - 多样性指标: 0.0371
2025-04-08 11:41:24,002 - DEBUG - 自适应学习率: 0.8302
2025-04-08 11:41:24,454 - DEBUG - 
更新概率模型:
2025-04-08 11:41:24,454 - DEBUG - 多样性指标: 0.0402
2025-04-08 11:41:24,454 - DEBUG - 自适应学习率: 0.8334
2025-04-08 11:41:24,906 - DEBUG - 
更新概率模型:
2025-04-08 11:41:24,906 - DEBUG - 多样性指标: 0.0433
2025-04-08 11:41:24,906 - DEBUG - 自适应学习率: 0.8346
2025-04-08 11:41:25,359 - DEBUG - 
更新概率模型:
2025-04-08 11:41:25,359 - DEBUG - 多样性指标: 0.0433
2025-04-08 11:41:25,359 - DEBUG - 自适应学习率: 0.8361
2025-04-08 11:41:25,816 - DEBUG - 
更新概率模型:
2025-04-08 11:41:25,816 - DEBUG - 多样性指标: 0.0406
2025-04-08 11:41:25,816 - DEBUG - 自适应学习率: 0.8342
2025-04-08 11:41:26,262 - DEBUG - 
更新概率模型:
2025-04-08 11:41:26,262 - DEBUG - 多样性指标: 0.0451
2025-04-08 11:41:26,262 - DEBUG - 自适应学习率: 0.8361
2025-04-08 11:41:26,715 - DEBUG - 
更新概率模型:
2025-04-08 11:41:26,715 - DEBUG - 多样性指标: 0.0442
2025-04-08 11:41:26,715 - DEBUG - 自适应学习率: 0.8341
2025-04-08 11:41:27,175 - DEBUG - 
更新概率模型:
2025-04-08 11:41:27,175 - DEBUG - 多样性指标: 0.0339
2025-04-08 11:41:27,175 - DEBUG - 自适应学习率: 0.8269
2025-04-08 11:41:27,631 - DEBUG - 
更新概率模型:
2025-04-08 11:41:27,631 - DEBUG - 多样性指标: 0.0419
2025-04-08 11:41:27,631 - DEBUG - 自适应学习率: 0.8318
2025-04-08 11:41:28,086 - DEBUG - 
更新概率模型:
2025-04-08 11:41:28,086 - DEBUG - 多样性指标: 0.0421
2025-04-08 11:41:28,086 - DEBUG - 自适应学习率: 0.8347
2025-04-08 11:41:28,537 - DEBUG - 
更新概率模型:
2025-04-08 11:41:28,537 - DEBUG - 多样性指标: 0.0392
2025-04-08 11:41:28,537 - DEBUG - 自适应学习率: 0.8301
2025-04-08 11:41:29,049 - DEBUG - 
更新概率模型:
2025-04-08 11:41:29,049 - DEBUG - 多样性指标: 0.0434
2025-04-08 11:41:29,049 - DEBUG - 自适应学习率: 0.8352
2025-04-08 11:41:29,557 - DEBUG - 
更新概率模型:
2025-04-08 11:41:29,557 - DEBUG - 多样性指标: 0.0453
2025-04-08 11:41:29,557 - DEBUG - 自适应学习率: 0.8375
2025-04-08 11:41:30,066 - DEBUG - 
更新概率模型:
2025-04-08 11:41:30,066 - DEBUG - 多样性指标: 0.0490
2025-04-08 11:41:30,066 - DEBUG - 自适应学习率: 0.8384
2025-04-08 11:41:30,575 - DEBUG - 
更新概率模型:
2025-04-08 11:41:30,575 - DEBUG - 多样性指标: 0.0412
2025-04-08 11:41:30,575 - DEBUG - 自适应学习率: 0.8409
2025-04-08 11:41:31,079 - DEBUG - 
更新概率模型:
2025-04-08 11:41:31,079 - DEBUG - 多样性指标: 0.0431
2025-04-08 11:41:31,079 - DEBUG - 自适应学习率: 0.8403
2025-04-08 11:41:31,584 - DEBUG - 
更新概率模型:
2025-04-08 11:41:31,584 - DEBUG - 多样性指标: 0.0404
2025-04-08 11:41:31,584 - DEBUG - 自适应学习率: 0.8417
2025-04-08 11:41:32,085 - DEBUG - 
更新概率模型:
2025-04-08 11:41:32,085 - DEBUG - 多样性指标: 0.0425
2025-04-08 11:41:32,085 - DEBUG - 自适应学习率: 0.8421
2025-04-08 11:41:32,593 - DEBUG - 
更新概率模型:
2025-04-08 11:41:32,593 - DEBUG - 多样性指标: 0.0422
2025-04-08 11:41:32,593 - DEBUG - 自适应学习率: 0.8444
2025-04-08 11:41:33,142 - DEBUG - 
更新概率模型:
2025-04-08 11:41:33,142 - DEBUG - 多样性指标: 0.0457
2025-04-08 11:41:33,143 - DEBUG - 自适应学习率: 0.8406
2025-04-08 11:41:33,695 - DEBUG - 
更新概率模型:
2025-04-08 11:41:33,695 - DEBUG - 多样性指标: 0.0397
2025-04-08 11:41:33,695 - DEBUG - 自适应学习率: 0.8415
2025-04-08 11:41:34,254 - DEBUG - 
更新概率模型:
2025-04-08 11:41:34,254 - DEBUG - 多样性指标: 0.0391
2025-04-08 11:41:34,254 - DEBUG - 自适应学习率: 0.8393
2025-04-08 11:41:34,801 - DEBUG - 
更新概率模型:
2025-04-08 11:41:34,801 - DEBUG - 多样性指标: 0.0438
2025-04-08 11:41:34,801 - DEBUG - 自适应学习率: 0.8396
2025-04-08 11:41:35,353 - DEBUG - 
更新概率模型:
2025-04-08 11:41:35,353 - DEBUG - 多样性指标: 0.0484
2025-04-08 11:41:35,353 - DEBUG - 自适应学习率: 0.8414
2025-04-08 11:41:35,970 - DEBUG - 
更新概率模型:
2025-04-08 11:41:35,970 - DEBUG - 多样性指标: 0.0440
2025-04-08 11:41:35,970 - DEBUG - 自适应学习率: 0.8382
2025-04-08 11:41:36,595 - DEBUG - 
更新概率模型:
2025-04-08 11:41:36,595 - DEBUG - 多样性指标: 0.0449
2025-04-08 11:41:36,595 - DEBUG - 自适应学习率: 0.8406
2025-04-08 11:41:37,202 - DEBUG - 
更新概率模型:
2025-04-08 11:41:37,202 - DEBUG - 多样性指标: 0.0515
2025-04-08 11:41:37,202 - DEBUG - 自适应学习率: 0.8418
2025-04-08 11:41:37,784 - DEBUG - 
更新概率模型:
2025-04-08 11:41:37,784 - DEBUG - 多样性指标: 0.0399
2025-04-08 11:41:37,784 - DEBUG - 自适应学习率: 0.8386
2025-04-08 11:41:38,378 - DEBUG - 
更新概率模型:
2025-04-08 11:41:38,379 - DEBUG - 多样性指标: 0.0489
2025-04-08 11:41:38,379 - DEBUG - 自适应学习率: 0.8422
2025-04-08 11:41:39,034 - DEBUG - 
更新概率模型:
2025-04-08 11:41:39,034 - DEBUG - 多样性指标: 0.0478
2025-04-08 11:41:39,035 - DEBUG - 自适应学习率: 0.8419
2025-04-08 11:41:39,667 - DEBUG - 
更新概率模型:
2025-04-08 11:41:39,667 - DEBUG - 多样性指标: 0.0420
2025-04-08 11:41:39,667 - DEBUG - 自适应学习率: 0.8387
2025-04-08 11:41:40,306 - DEBUG - 
更新概率模型:
2025-04-08 11:41:40,306 - DEBUG - 多样性指标: 0.0509
2025-04-08 11:41:40,306 - DEBUG - 自适应学习率: 0.8410
2025-04-08 11:41:40,948 - DEBUG - 
更新概率模型:
2025-04-08 11:41:40,948 - DEBUG - 多样性指标: 0.0566
2025-04-08 11:41:40,948 - DEBUG - 自适应学习率: 0.8427
2025-04-08 11:41:41,594 - DEBUG - 
更新概率模型:
2025-04-08 11:41:41,594 - DEBUG - 多样性指标: 0.0409
2025-04-08 11:41:41,594 - DEBUG - 自适应学习率: 0.8434
2025-04-08 11:41:42,274 - DEBUG - 
更新概率模型:
2025-04-08 11:41:42,274 - DEBUG - 多样性指标: 0.0513
2025-04-08 11:41:42,274 - DEBUG - 自适应学习率: 0.8447
2025-04-08 11:41:42,964 - DEBUG - 
更新概率模型:
2025-04-08 11:41:42,964 - DEBUG - 多样性指标: 0.0407
2025-04-08 11:41:42,964 - DEBUG - 自适应学习率: 0.8407
2025-04-08 11:41:43,646 - DEBUG - 
更新概率模型:
2025-04-08 11:41:43,646 - DEBUG - 多样性指标: 0.0458
2025-04-08 11:41:43,646 - DEBUG - 自适应学习率: 0.8435
2025-04-08 11:41:44,350 - DEBUG - 
更新概率模型:
2025-04-08 11:41:44,350 - DEBUG - 多样性指标: 0.0460
2025-04-08 11:41:44,350 - DEBUG - 自适应学习率: 0.8431
2025-04-08 11:41:45,032 - DEBUG - 
更新概率模型:
2025-04-08 11:41:45,032 - DEBUG - 多样性指标: 0.0476
2025-04-08 11:41:45,032 - DEBUG - 自适应学习率: 0.8457
2025-04-08 11:41:45,760 - DEBUG - 
更新概率模型:
2025-04-08 11:41:45,760 - DEBUG - 多样性指标: 0.0526
2025-04-08 11:41:45,760 - DEBUG - 自适应学习率: 0.8413
2025-04-08 11:41:46,486 - DEBUG - 
更新概率模型:
2025-04-08 11:41:46,486 - DEBUG - 多样性指标: 0.0568
2025-04-08 11:41:46,486 - DEBUG - 自适应学习率: 0.8442
2025-04-08 11:41:47,230 - DEBUG - 
更新概率模型:
2025-04-08 11:41:47,230 - DEBUG - 多样性指标: 0.0492
2025-04-08 11:41:47,230 - DEBUG - 自适应学习率: 0.8409
2025-04-08 11:41:47,962 - DEBUG - 
更新概率模型:
2025-04-08 11:41:47,962 - DEBUG - 多样性指标: 0.0451
2025-04-08 11:41:47,962 - DEBUG - 自适应学习率: 0.8424
2025-04-08 11:41:48,706 - DEBUG - 
更新概率模型:
2025-04-08 11:41:48,706 - DEBUG - 多样性指标: 0.0533
2025-04-08 11:41:48,706 - DEBUG - 自适应学习率: 0.8459
2025-04-08 11:41:49,478 - DEBUG - 
更新概率模型:
2025-04-08 11:41:49,478 - DEBUG - 多样性指标: 0.0555
2025-04-08 11:41:49,478 - DEBUG - 自适应学习率: 0.8428
2025-04-08 11:41:50,266 - DEBUG - 
更新概率模型:
2025-04-08 11:41:50,266 - DEBUG - 多样性指标: 0.0612
2025-04-08 11:41:50,266 - DEBUG - 自适应学习率: 0.8438
2025-04-08 11:41:51,040 - DEBUG - 
更新概率模型:
2025-04-08 11:41:51,040 - DEBUG - 多样性指标: 0.0591
2025-04-08 11:41:51,040 - DEBUG - 自适应学习率: 0.8417
2025-04-08 11:41:51,831 - DEBUG - 
更新概率模型:
2025-04-08 11:41:51,831 - DEBUG - 多样性指标: 0.0561
2025-04-08 11:41:51,831 - DEBUG - 自适应学习率: 0.8437
2025-04-08 11:41:52,604 - DEBUG - 
更新概率模型:
2025-04-08 11:41:52,604 - DEBUG - 多样性指标: 0.0568
2025-04-08 11:41:52,604 - DEBUG - 自适应学习率: 0.8442
2025-04-08 11:41:53,457 - DEBUG - 
更新概率模型:
2025-04-08 11:41:53,457 - DEBUG - 多样性指标: 0.0595
2025-04-08 11:41:53,457 - DEBUG - 自适应学习率: 0.8418
2025-04-08 11:41:54,287 - DEBUG - 
更新概率模型:
2025-04-08 11:41:54,287 - DEBUG - 多样性指标: 0.0799
2025-04-08 11:41:54,287 - DEBUG - 自适应学习率: 0.8489
2025-04-08 11:41:55,118 - DEBUG - 
更新概率模型:
2025-04-08 11:41:55,118 - DEBUG - 多样性指标: 0.0602
2025-04-08 11:41:55,118 - DEBUG - 自适应学习率: 0.8396
2025-04-08 11:41:56,043 - DEBUG - 
更新概率模型:
2025-04-08 11:41:56,043 - DEBUG - 多样性指标: 0.0674
2025-04-08 11:41:56,043 - DEBUG - 自适应学习率: 0.8452
2025-04-08 11:41:56,888 - DEBUG - 
更新概率模型:
2025-04-08 11:41:56,888 - DEBUG - 多样性指标: 0.0639
2025-04-08 11:41:56,888 - DEBUG - 自适应学习率: 0.8406
2025-04-08 11:41:57,804 - DEBUG - 
更新概率模型:
2025-04-08 11:41:57,804 - DEBUG - 多样性指标: 0.0724
2025-04-08 11:41:57,804 - DEBUG - 自适应学习率: 0.8365
2025-04-08 11:41:58,679 - DEBUG - 
更新概率模型:
2025-04-08 11:41:58,679 - DEBUG - 多样性指标: 0.0765
2025-04-08 11:41:58,679 - DEBUG - 自适应学习率: 0.8370
2025-04-08 11:41:59,617 - DEBUG - 
更新概率模型:
2025-04-08 11:41:59,617 - DEBUG - 多样性指标: 0.0768
2025-04-08 11:41:59,617 - DEBUG - 自适应学习率: 0.8393
2025-04-08 11:42:00,480 - DEBUG - 
更新概率模型:
2025-04-08 11:42:00,480 - DEBUG - 多样性指标: 0.0631
2025-04-08 11:42:00,480 - DEBUG - 自适应学习率: 0.8331
2025-04-08 11:42:01,359 - DEBUG - 
更新概率模型:
2025-04-08 11:42:01,359 - DEBUG - 多样性指标: 0.0747
2025-04-08 11:42:01,359 - DEBUG - 自适应学习率: 0.8366
2025-04-08 11:42:02,237 - DEBUG - 
更新概率模型:
2025-04-08 11:42:02,237 - DEBUG - 多样性指标: 0.0687
2025-04-08 11:42:02,237 - DEBUG - 自适应学习率: 0.8321
2025-04-08 11:42:03,084 - DEBUG - 
更新概率模型:
2025-04-08 11:42:03,084 - DEBUG - 多样性指标: 0.0762
2025-04-08 11:42:03,084 - DEBUG - 自适应学习率: 0.8362
2025-04-08 11:42:03,977 - DEBUG - 
更新概率模型:
2025-04-08 11:42:03,977 - DEBUG - 多样性指标: 0.0705
2025-04-08 11:42:03,977 - DEBUG - 自适应学习率: 0.8350
2025-04-08 11:42:04,868 - DEBUG - 
更新概率模型:
2025-04-08 11:42:04,868 - DEBUG - 多样性指标: 0.0689
2025-04-08 11:42:04,868 - DEBUG - 自适应学习率: 0.8323
2025-04-08 11:42:05,756 - DEBUG - 
更新概率模型:
2025-04-08 11:42:05,756 - DEBUG - 多样性指标: 0.0829
2025-04-08 11:42:05,756 - DEBUG - 自适应学习率: 0.8412
2025-04-08 11:42:06,634 - DEBUG - 
更新概率模型:
2025-04-08 11:42:06,634 - DEBUG - 多样性指标: 0.0736
2025-04-08 11:42:06,634 - DEBUG - 自适应学习率: 0.8359
2025-04-08 11:42:07,527 - DEBUG - 
更新概率模型:
2025-04-08 11:42:07,527 - DEBUG - 多样性指标: 0.0968
2025-04-08 11:42:07,527 - DEBUG - 自适应学习率: 0.8444
2025-04-08 11:42:08,401 - DEBUG - 
更新概率模型:
2025-04-08 11:42:08,401 - DEBUG - 多样性指标: 0.0845
2025-04-08 11:42:08,401 - DEBUG - 自适应学习率: 0.8392
2025-04-08 11:42:09,262 - DEBUG - 
更新概率模型:
2025-04-08 11:42:09,262 - DEBUG - 多样性指标: 0.0832
2025-04-08 11:42:09,262 - DEBUG - 自适应学习率: 0.8406
2025-04-08 11:42:10,100 - DEBUG - 
更新概率模型:
2025-04-08 11:42:10,100 - DEBUG - 多样性指标: 0.0868
2025-04-08 11:42:10,100 - DEBUG - 自适应学习率: 0.8404
2025-04-08 11:42:10,970 - DEBUG - 
更新概率模型:
2025-04-08 11:42:10,970 - DEBUG - 多样性指标: 0.0763
2025-04-08 11:42:10,970 - DEBUG - 自适应学习率: 0.8353
2025-04-08 11:42:11,836 - DEBUG - 
更新概率模型:
2025-04-08 11:42:11,836 - DEBUG - 多样性指标: 0.0798
2025-04-08 11:42:11,836 - DEBUG - 自适应学习率: 0.8389
2025-04-08 11:42:12,724 - DEBUG - 
更新概率模型:
2025-04-08 11:42:12,724 - DEBUG - 多样性指标: 0.0781
2025-04-08 11:42:12,724 - DEBUG - 自适应学习率: 0.8380
2025-04-08 11:42:13,588 - DEBUG - 
更新概率模型:
2025-04-08 11:42:13,588 - DEBUG - 多样性指标: 0.1029
2025-04-08 11:42:13,588 - DEBUG - 自适应学习率: 0.8476
2025-04-08 11:42:14,466 - DEBUG - 
更新概率模型:
2025-04-08 11:42:14,466 - DEBUG - 多样性指标: 0.0924
2025-04-08 11:42:14,468 - DEBUG - 自适应学习率: 0.8451
2025-04-08 11:42:15,316 - DEBUG - 
更新概率模型:
2025-04-08 11:42:15,316 - DEBUG - 多样性指标: 0.0928
2025-04-08 11:42:15,316 - DEBUG - 自适应学习率: 0.8456
2025-04-08 11:42:16,204 - DEBUG - 
更新概率模型:
2025-04-08 11:42:16,204 - DEBUG - 多样性指标: 0.0970
2025-04-08 11:42:16,204 - DEBUG - 自适应学习率: 0.8447
2025-04-08 11:42:17,101 - DEBUG - 
更新概率模型:
2025-04-08 11:42:17,101 - DEBUG - 多样性指标: 0.0805
2025-04-08 11:42:17,101 - DEBUG - 自适应学习率: 0.8385
2025-04-08 11:42:17,980 - DEBUG - 
更新概率模型:
2025-04-08 11:42:17,980 - DEBUG - 多样性指标: 0.0835
2025-04-08 11:42:17,980 - DEBUG - 自适应学习率: 0.8398
2025-04-08 11:42:18,870 - DEBUG - 
更新概率模型:
2025-04-08 11:42:18,870 - DEBUG - 多样性指标: 0.0888
2025-04-08 11:42:18,870 - DEBUG - 自适应学习率: 0.8412
2025-04-08 11:42:19,745 - DEBUG - 
更新概率模型:
2025-04-08 11:42:19,745 - DEBUG - 多样性指标: 0.0871
2025-04-08 11:42:19,745 - DEBUG - 自适应学习率: 0.8392
2025-04-08 11:42:20,637 - DEBUG - 
更新概率模型:
2025-04-08 11:42:20,637 - DEBUG - 多样性指标: 0.0722
2025-04-08 11:42:20,637 - DEBUG - 自适应学习率: 0.8331
