2025-04-08 12:59:53,230 - INFO - Initialization probability model completed.
2025-04-08 12:59:53,230 - INFO - In generation 1，New best makespan: 1904.00
2025-04-08 12:59:53,230 - DEBUG - 第0代完成，当前最优解完工时间: 1904，历史最优解完工时间: 1904
2025-04-08 12:59:53,697 - DEBUG - 
更新概率模型:
2025-04-08 12:59:53,697 - DEBUG - 多样性指标: 0.0413
2025-04-08 12:59:53,697 - DEBUG - 自适应学习率: 0.8361
2025-04-08 12:59:53,697 - DEBUG - 第1代概率模型更新完成
2025-04-08 12:59:53,697 - DEBUG - 第1代完成，当前最优解完工时间: 1937，历史最优解完工时间: 1904
2025-04-08 12:59:54,157 - DEBUG - 
更新概率模型:
2025-04-08 12:59:54,159 - DEBUG - 多样性指标: 0.0444
2025-04-08 12:59:54,159 - DEBUG - 自适应学习率: 0.8283
2025-04-08 12:59:54,159 - DEBUG - 第2代概率模型更新完成
2025-04-08 12:59:54,159 - DEBUG - 第2代完成，当前最优解完工时间: 1977，历史最优解完工时间: 1904
2025-04-08 12:59:54,615 - DEBUG - 
更新概率模型:
2025-04-08 12:59:54,615 - DEBUG - 多样性指标: 0.0432
2025-04-08 12:59:54,615 - DEBUG - 自适应学习率: 0.8367
2025-04-08 12:59:54,615 - DEBUG - 第3代概率模型更新完成
2025-04-08 12:59:54,615 - DEBUG - 第3代完成，当前最优解完工时间: 1948，历史最优解完工时间: 1904
2025-04-08 12:59:55,064 - DEBUG - 
更新概率模型:
2025-04-08 12:59:55,064 - DEBUG - 多样性指标: 0.0462
2025-04-08 12:59:55,064 - DEBUG - 自适应学习率: 0.8344
2025-04-08 12:59:55,064 - DEBUG - 第4代概率模型更新完成
2025-04-08 12:59:55,064 - DEBUG - 第4代完成，当前最优解完工时间: 1950，历史最优解完工时间: 1904
2025-04-08 12:59:55,538 - DEBUG - 
更新概率模型:
2025-04-08 12:59:55,538 - DEBUG - 多样性指标: 0.0367
2025-04-08 12:59:55,538 - DEBUG - 自适应学习率: 0.8306
2025-04-08 12:59:55,538 - DEBUG - 第5代概率模型更新完成
2025-04-08 12:59:55,538 - DEBUG - 第5代完成，当前最优解完工时间: 1944，历史最优解完工时间: 1904
2025-04-08 12:59:56,012 - DEBUG - 
更新概率模型:
2025-04-08 12:59:56,012 - DEBUG - 多样性指标: 0.0448
2025-04-08 12:59:56,012 - DEBUG - 自适应学习率: 0.8336
2025-04-08 12:59:56,012 - DEBUG - 第6代概率模型更新完成
2025-04-08 12:59:56,012 - DEBUG - 第6代完成，当前最优解完工时间: 1967，历史最优解完工时间: 1904
2025-04-08 12:59:56,487 - DEBUG - 
更新概率模型:
2025-04-08 12:59:56,487 - DEBUG - 多样性指标: 0.0428
2025-04-08 12:59:56,487 - DEBUG - 自适应学习率: 0.8319
2025-04-08 12:59:56,487 - DEBUG - 第7代概率模型更新完成
2025-04-08 12:59:56,487 - DEBUG - 第7代完成，当前最优解完工时间: 1948，历史最优解完工时间: 1904
2025-04-08 12:59:56,976 - DEBUG - 
更新概率模型:
2025-04-08 12:59:56,976 - DEBUG - 多样性指标: 0.0458
2025-04-08 12:59:56,976 - DEBUG - 自适应学习率: 0.8439
2025-04-08 12:59:56,976 - DEBUG - 第8代概率模型更新完成
2025-04-08 12:59:56,976 - DEBUG - 第8代完成，当前最优解完工时间: 1907，历史最优解完工时间: 1904
2025-04-08 12:59:57,448 - DEBUG - 
更新概率模型:
2025-04-08 12:59:57,448 - DEBUG - 多样性指标: 0.0389
2025-04-08 12:59:57,448 - DEBUG - 自适应学习率: 0.8322
2025-04-08 12:59:57,448 - DEBUG - 第9代概率模型更新完成
2025-04-08 12:59:57,448 - DEBUG - 第9代完成，当前最优解完工时间: 1962，历史最优解完工时间: 1904
2025-04-08 12:59:57,909 - DEBUG - 
更新概率模型:
2025-04-08 12:59:57,909 - DEBUG - 多样性指标: 0.0424
2025-04-08 12:59:57,909 - DEBUG - 自适应学习率: 0.8398
2025-04-08 12:59:57,909 - DEBUG - 第10代概率模型更新完成
2025-04-08 12:59:57,909 - DEBUG - 第10代完成，当前最优解完工时间: 1913，历史最优解完工时间: 1904
2025-04-08 12:59:58,410 - DEBUG - 
更新概率模型:
2025-04-08 12:59:58,410 - DEBUG - 多样性指标: 0.0417
2025-04-08 12:59:58,410 - DEBUG - 自适应学习率: 0.8384
2025-04-08 12:59:58,410 - DEBUG - 第11代概率模型更新完成
2025-04-08 12:59:58,412 - DEBUG - 第11代完成，当前最优解完工时间: 1926，历史最优解完工时间: 1904
2025-04-08 12:59:58,877 - DEBUG - 
更新概率模型:
2025-04-08 12:59:58,877 - DEBUG - 多样性指标: 0.0488
2025-04-08 12:59:58,877 - DEBUG - 自适应学习率: 0.8350
2025-04-08 12:59:58,877 - DEBUG - 第12代概率模型更新完成
2025-04-08 12:59:58,877 - DEBUG - 第12代完成，当前最优解完工时间: 1943，历史最优解完工时间: 1904
2025-04-08 12:59:59,350 - DEBUG - 
更新概率模型:
2025-04-08 12:59:59,350 - DEBUG - 多样性指标: 0.0433
2025-04-08 12:59:59,350 - DEBUG - 自适应学习率: 0.8304
2025-04-08 12:59:59,350 - DEBUG - 第13代概率模型更新完成
2025-04-08 12:59:59,350 - DEBUG - 第13代完成，当前最优解完工时间: 1953，历史最优解完工时间: 1904
2025-04-08 12:59:59,844 - DEBUG - 
更新概率模型:
2025-04-08 12:59:59,844 - DEBUG - 多样性指标: 0.0382
2025-04-08 12:59:59,844 - DEBUG - 自适应学习率: 0.8290
2025-04-08 12:59:59,844 - DEBUG - 第14代概率模型更新完成
2025-04-08 12:59:59,845 - DEBUG - 第14代完成，当前最优解完工时间: 1972，历史最优解完工时间: 1904
2025-04-08 13:00:00,311 - DEBUG - 
更新概率模型:
2025-04-08 13:00:00,311 - DEBUG - 多样性指标: 0.0394
2025-04-08 13:00:00,311 - DEBUG - 自适应学习率: 0.8280
2025-04-08 13:00:00,311 - DEBUG - 第15代概率模型更新完成
2025-04-08 13:00:00,311 - DEBUG - 第15代完成，当前最优解完工时间: 1953，历史最优解完工时间: 1904
2025-04-08 13:00:00,768 - DEBUG - 
更新概率模型:
2025-04-08 13:00:00,768 - DEBUG - 多样性指标: 0.0417
2025-04-08 13:00:00,768 - DEBUG - 自适应学习率: 0.8275
2025-04-08 13:00:00,768 - DEBUG - 第16代概率模型更新完成
2025-04-08 13:00:00,768 - DEBUG - 第16代完成，当前最优解完工时间: 1958，历史最优解完工时间: 1904
2025-04-08 13:00:01,226 - DEBUG - 
更新概率模型:
2025-04-08 13:00:01,226 - DEBUG - 多样性指标: 0.0467
2025-04-08 13:00:01,226 - DEBUG - 自适应学习率: 0.8340
2025-04-08 13:00:01,226 - DEBUG - 第17代概率模型更新完成
2025-04-08 13:00:01,226 - DEBUG - 第17代完成，当前最优解完工时间: 1935，历史最优解完工时间: 1904
2025-04-08 13:00:01,697 - DEBUG - 
更新概率模型:
2025-04-08 13:00:01,697 - DEBUG - 多样性指标: 0.0427
2025-04-08 13:00:01,697 - DEBUG - 自适应学习率: 0.8325
2025-04-08 13:00:01,697 - DEBUG - 第18代概率模型更新完成
2025-04-08 13:00:01,697 - DEBUG - 第18代完成，当前最优解完工时间: 1930，历史最优解完工时间: 1904
2025-04-08 13:00:02,169 - DEBUG - 
更新概率模型:
2025-04-08 13:00:02,169 - DEBUG - 多样性指标: 0.0446
2025-04-08 13:00:02,169 - DEBUG - 自适应学习率: 0.8346
2025-04-08 13:00:02,169 - DEBUG - 第19代概率模型更新完成
2025-04-08 13:00:02,169 - DEBUG - 第19代完成，当前最优解完工时间: 1938，历史最优解完工时间: 1904
2025-04-08 13:00:02,629 - DEBUG - 
更新概率模型:
2025-04-08 13:00:02,630 - DEBUG - 多样性指标: 0.0424
2025-04-08 13:00:02,630 - DEBUG - 自适应学习率: 0.8302
2025-04-08 13:00:02,630 - DEBUG - 第20代概率模型更新完成
2025-04-08 13:00:02,630 - DEBUG - 第20代完成，当前最优解完工时间: 1945，历史最优解完工时间: 1904
2025-04-08 13:00:03,084 - DEBUG - 
更新概率模型:
2025-04-08 13:00:03,084 - DEBUG - 多样性指标: 0.0380
2025-04-08 13:00:03,084 - DEBUG - 自适应学习率: 0.8334
2025-04-08 13:00:03,084 - DEBUG - 第21代概率模型更新完成
2025-04-08 13:00:03,084 - DEBUG - 第21代完成，当前最优解完工时间: 1923，历史最优解完工时间: 1904
2025-04-08 13:00:03,534 - DEBUG - 
更新概率模型:
2025-04-08 13:00:03,534 - DEBUG - 多样性指标: 0.0318
2025-04-08 13:00:03,534 - DEBUG - 自适应学习率: 0.8245
2025-04-08 13:00:03,534 - DEBUG - 第22代概率模型更新完成
2025-04-08 13:00:03,534 - DEBUG - 第22代完成，当前最优解完工时间: 1967，历史最优解完工时间: 1904
2025-04-08 13:00:03,991 - DEBUG - 
更新概率模型:
2025-04-08 13:00:03,991 - DEBUG - 多样性指标: 0.0461
2025-04-08 13:00:03,991 - DEBUG - 自适应学习率: 0.8351
2025-04-08 13:00:03,991 - DEBUG - 第23代概率模型更新完成
2025-04-08 13:00:03,991 - DEBUG - 第23代完成，当前最优解完工时间: 1930，历史最优解完工时间: 1904
2025-04-08 13:00:04,436 - DEBUG - 
更新概率模型:
2025-04-08 13:00:04,436 - DEBUG - 多样性指标: 0.0412
2025-04-08 13:00:04,436 - DEBUG - 自适应学习率: 0.8429
2025-04-08 13:00:04,436 - DEBUG - 第24代概率模型更新完成
2025-04-08 13:00:04,436 - INFO - In generation 25，New best makespan: 1892.00
2025-04-08 13:00:04,436 - DEBUG - 第24代完成，当前最优解完工时间: 1892，历史最优解完工时间: 1892
2025-04-08 13:00:04,894 - DEBUG - 
更新概率模型:
2025-04-08 13:00:04,894 - DEBUG - 多样性指标: 0.0444
2025-04-08 13:00:04,894 - DEBUG - 自适应学习率: 0.8416
2025-04-08 13:00:04,894 - DEBUG - 第25代概率模型更新完成
2025-04-08 13:00:04,894 - INFO - In generation 26，New best makespan: 1890.00
2025-04-08 13:00:04,894 - DEBUG - 第25代完成，当前最优解完工时间: 1890，历史最优解完工时间: 1890
2025-04-08 13:00:05,373 - DEBUG - 
更新概率模型:
2025-04-08 13:00:05,373 - DEBUG - 多样性指标: 0.0427
2025-04-08 13:00:05,373 - DEBUG - 自适应学习率: 0.8373
2025-04-08 13:00:05,373 - DEBUG - 第26代概率模型更新完成
2025-04-08 13:00:05,374 - DEBUG - 第26代完成，当前最优解完工时间: 1917，历史最优解完工时间: 1890
2025-04-08 13:00:05,847 - DEBUG - 
更新概率模型:
2025-04-08 13:00:05,847 - DEBUG - 多样性指标: 0.0518
2025-04-08 13:00:05,847 - DEBUG - 自适应学习率: 0.8391
2025-04-08 13:00:05,847 - DEBUG - 第27代概率模型更新完成
2025-04-08 13:00:05,847 - DEBUG - 第27代完成，当前最优解完工时间: 1922，历史最优解完工时间: 1890
2025-04-08 13:00:06,325 - DEBUG - 
更新概率模型:
2025-04-08 13:00:06,325 - DEBUG - 多样性指标: 0.0448
2025-04-08 13:00:06,325 - DEBUG - 自适应学习率: 0.8373
2025-04-08 13:00:06,325 - DEBUG - 第28代概率模型更新完成
2025-04-08 13:00:06,325 - DEBUG - 第28代完成，当前最优解完工时间: 1922，历史最优解完工时间: 1890
2025-04-08 13:00:06,803 - DEBUG - 
更新概率模型:
2025-04-08 13:00:06,804 - DEBUG - 多样性指标: 0.0380
2025-04-08 13:00:06,804 - DEBUG - 自适应学习率: 0.8321
2025-04-08 13:00:06,804 - DEBUG - 第29代概率模型更新完成
2025-04-08 13:00:06,804 - DEBUG - 第29代完成，当前最优解完工时间: 1940，历史最优解完工时间: 1890
2025-04-08 13:00:07,254 - DEBUG - 
更新概率模型:
2025-04-08 13:00:07,254 - DEBUG - 多样性指标: 0.0370
2025-04-08 13:00:07,254 - DEBUG - 自适应学习率: 0.8332
2025-04-08 13:00:07,255 - DEBUG - 第30代概率模型更新完成
2025-04-08 13:00:07,255 - DEBUG - 第30代完成，当前最优解完工时间: 1930，历史最优解完工时间: 1890
2025-04-08 13:00:07,727 - DEBUG - 
更新概率模型:
2025-04-08 13:00:07,727 - DEBUG - 多样性指标: 0.0442
2025-04-08 13:00:07,727 - DEBUG - 自适应学习率: 0.8473
2025-04-08 13:00:07,727 - DEBUG - 第31代概率模型更新完成
2025-04-08 13:00:07,727 - INFO - In generation 32，New best makespan: 1872.00
2025-04-08 13:00:07,727 - DEBUG - 第31代完成，当前最优解完工时间: 1872，历史最优解完工时间: 1872
2025-04-08 13:00:08,192 - DEBUG - 
更新概率模型:
2025-04-08 13:00:08,192 - DEBUG - 多样性指标: 0.0424
2025-04-08 13:00:08,192 - DEBUG - 自适应学习率: 0.8374
2025-04-08 13:00:08,192 - DEBUG - 第32代概率模型更新完成
2025-04-08 13:00:08,192 - DEBUG - 第32代完成，当前最优解完工时间: 1924，历史最优解完工时间: 1872
2025-04-08 13:00:08,676 - DEBUG - 
更新概率模型:
2025-04-08 13:00:08,676 - DEBUG - 多样性指标: 0.0483
2025-04-08 13:00:08,676 - DEBUG - 自适应学习率: 0.8313
2025-04-08 13:00:08,676 - DEBUG - 第33代概率模型更新完成
2025-04-08 13:00:08,676 - DEBUG - 第33代完成，当前最优解完工时间: 1950，历史最优解完工时间: 1872
2025-04-08 13:00:09,147 - DEBUG - 
更新概率模型:
2025-04-08 13:00:09,149 - DEBUG - 多样性指标: 0.0386
2025-04-08 13:00:09,149 - DEBUG - 自适应学习率: 0.8308
2025-04-08 13:00:09,149 - DEBUG - 第34代概率模型更新完成
2025-04-08 13:00:09,149 - DEBUG - 第34代完成，当前最优解完工时间: 1952，历史最优解完工时间: 1872
2025-04-08 13:00:09,609 - DEBUG - 
更新概率模型:
2025-04-08 13:00:09,609 - DEBUG - 多样性指标: 0.0449
2025-04-08 13:00:09,609 - DEBUG - 自适应学习率: 0.8374
2025-04-08 13:00:09,609 - DEBUG - 第35代概率模型更新完成
2025-04-08 13:00:09,609 - DEBUG - 第35代完成，当前最优解完工时间: 1920，历史最优解完工时间: 1872
2025-04-08 13:00:10,074 - DEBUG - 
更新概率模型:
2025-04-08 13:00:10,074 - DEBUG - 多样性指标: 0.0404
2025-04-08 13:00:10,074 - DEBUG - 自适应学习率: 0.8370
2025-04-08 13:00:10,074 - DEBUG - 第36代概率模型更新完成
2025-04-08 13:00:10,074 - DEBUG - 第36代完成，当前最优解完工时间: 1922，历史最优解完工时间: 1872
2025-04-08 13:00:10,535 - DEBUG - 
更新概率模型:
2025-04-08 13:00:10,535 - DEBUG - 多样性指标: 0.0402
2025-04-08 13:00:10,535 - DEBUG - 自适应学习率: 0.8262
2025-04-08 13:00:10,535 - DEBUG - 第37代概率模型更新完成
2025-04-08 13:00:10,535 - DEBUG - 第37代完成，当前最优解完工时间: 1965，历史最优解完工时间: 1872
2025-04-08 13:00:10,991 - DEBUG - 
更新概率模型:
2025-04-08 13:00:10,991 - DEBUG - 多样性指标: 0.0360
2025-04-08 13:00:10,991 - DEBUG - 自适应学习率: 0.8287
2025-04-08 13:00:10,991 - DEBUG - 第38代概率模型更新完成
2025-04-08 13:00:10,991 - DEBUG - 第38代完成，当前最优解完工时间: 1953，历史最优解完工时间: 1872
2025-04-08 13:00:11,447 - DEBUG - 
更新概率模型:
2025-04-08 13:00:11,447 - DEBUG - 多样性指标: 0.0412
2025-04-08 13:00:11,447 - DEBUG - 自适应学习率: 0.8384
2025-04-08 13:00:11,447 - DEBUG - 第39代概率模型更新完成
2025-04-08 13:00:11,447 - DEBUG - 第39代完成，当前最优解完工时间: 1912，历史最优解完工时间: 1872
2025-04-08 13:00:11,904 - DEBUG - 
更新概率模型:
2025-04-08 13:00:11,904 - DEBUG - 多样性指标: 0.0406
2025-04-08 13:00:11,904 - DEBUG - 自适应学习率: 0.8356
2025-04-08 13:00:11,904 - DEBUG - 第40代概率模型更新完成
2025-04-08 13:00:11,904 - DEBUG - 第40代完成，当前最优解完工时间: 1917，历史最优解完工时间: 1872
2025-04-08 13:00:12,354 - DEBUG - 
更新概率模型:
2025-04-08 13:00:12,354 - DEBUG - 多样性指标: 0.0437
2025-04-08 13:00:12,354 - DEBUG - 自适应学习率: 0.8350
2025-04-08 13:00:12,354 - DEBUG - 第41代概率模型更新完成
2025-04-08 13:00:12,354 - DEBUG - 第41代完成，当前最优解完工时间: 1937，历史最优解完工时间: 1872
2025-04-08 13:00:12,807 - DEBUG - 
更新概率模型:
2025-04-08 13:00:12,807 - DEBUG - 多样性指标: 0.0494
2025-04-08 13:00:12,807 - DEBUG - 自适应学习率: 0.8377
2025-04-08 13:00:12,807 - DEBUG - 第42代概率模型更新完成
2025-04-08 13:00:12,807 - DEBUG - 第42代完成，当前最优解完工时间: 1920，历史最优解完工时间: 1872
2025-04-08 13:00:13,294 - DEBUG - 
更新概率模型:
2025-04-08 13:00:13,294 - DEBUG - 多样性指标: 0.0432
2025-04-08 13:00:13,294 - DEBUG - 自适应学习率: 0.8294
2025-04-08 13:00:13,294 - DEBUG - 第43代概率模型更新完成
2025-04-08 13:00:13,294 - DEBUG - 第43代完成，当前最优解完工时间: 1950，历史最优解完工时间: 1872
2025-04-08 13:00:13,785 - DEBUG - 
更新概率模型:
2025-04-08 13:00:13,785 - DEBUG - 多样性指标: 0.0483
2025-04-08 13:00:13,785 - DEBUG - 自适应学习率: 0.8341
2025-04-08 13:00:13,785 - DEBUG - 第44代概率模型更新完成
2025-04-08 13:00:13,785 - DEBUG - 第44代完成，当前最优解完工时间: 1931，历史最优解完工时间: 1872
2025-04-08 13:00:14,259 - DEBUG - 
更新概率模型:
2025-04-08 13:00:14,259 - DEBUG - 多样性指标: 0.0393
2025-04-08 13:00:14,259 - DEBUG - 自适应学习率: 0.8334
2025-04-08 13:00:14,259 - DEBUG - 第45代概率模型更新完成
2025-04-08 13:00:14,259 - DEBUG - 第45代完成，当前最优解完工时间: 1936，历史最优解完工时间: 1872
2025-04-08 13:00:14,724 - DEBUG - 
更新概率模型:
2025-04-08 13:00:14,724 - DEBUG - 多样性指标: 0.0350
2025-04-08 13:00:14,724 - DEBUG - 自适应学习率: 0.8284
2025-04-08 13:00:14,724 - DEBUG - 第46代概率模型更新完成
2025-04-08 13:00:14,724 - DEBUG - 第46代完成，当前最优解完工时间: 1951，历史最优解完工时间: 1872
2025-04-08 13:00:15,197 - DEBUG - 
更新概率模型:
2025-04-08 13:00:15,197 - DEBUG - 多样性指标: 0.0419
2025-04-08 13:00:15,197 - DEBUG - 自适应学习率: 0.8332
2025-04-08 13:00:15,197 - DEBUG - 第47代概率模型更新完成
2025-04-08 13:00:15,197 - DEBUG - 第47代完成，当前最优解完工时间: 1947，历史最优解完工时间: 1872
2025-04-08 13:00:15,697 - DEBUG - 
更新概率模型:
2025-04-08 13:00:15,697 - DEBUG - 多样性指标: 0.0431
2025-04-08 13:00:15,697 - DEBUG - 自适应学习率: 0.8365
2025-04-08 13:00:15,697 - DEBUG - 第48代概率模型更新完成
2025-04-08 13:00:15,697 - DEBUG - 第48代完成，当前最优解完工时间: 1928，历史最优解完工时间: 1872
2025-04-08 13:00:16,205 - DEBUG - 
更新概率模型:
2025-04-08 13:00:16,205 - DEBUG - 多样性指标: 0.0448
2025-04-08 13:00:16,205 - DEBUG - 自适应学习率: 0.8398
2025-04-08 13:00:16,205 - DEBUG - 第49代概率模型更新完成
2025-04-08 13:00:16,205 - DEBUG - 第49代完成，当前最优解完工时间: 1912，历史最优解完工时间: 1872
2025-04-08 13:00:16,688 - DEBUG - 
更新概率模型:
2025-04-08 13:00:16,688 - DEBUG - 多样性指标: 0.0421
2025-04-08 13:00:16,688 - DEBUG - 自适应学习率: 0.8354
2025-04-08 13:00:16,688 - DEBUG - 第50代概率模型更新完成
2025-04-08 13:00:16,688 - DEBUG - 第50代完成，当前最优解完工时间: 1921，历史最优解完工时间: 1872
2025-04-08 13:00:17,162 - DEBUG - 
更新概率模型:
2025-04-08 13:00:17,162 - DEBUG - 多样性指标: 0.0449
2025-04-08 13:00:17,162 - DEBUG - 自适应学习率: 0.8345
2025-04-08 13:00:17,162 - DEBUG - 第51代概率模型更新完成
2025-04-08 13:00:17,162 - DEBUG - 第51代完成，当前最优解完工时间: 1924，历史最优解完工时间: 1872
2025-04-08 13:00:17,628 - DEBUG - 
更新概率模型:
2025-04-08 13:00:17,628 - DEBUG - 多样性指标: 0.0489
2025-04-08 13:00:17,628 - DEBUG - 自适应学习率: 0.8317
2025-04-08 13:00:17,628 - DEBUG - 第52代概率模型更新完成
2025-04-08 13:00:17,628 - DEBUG - 第52代完成，当前最优解完工时间: 1948，历史最优解完工时间: 1872
2025-04-08 13:00:18,091 - DEBUG - 
更新概率模型:
2025-04-08 13:00:18,092 - DEBUG - 多样性指标: 0.0368
2025-04-08 13:00:18,092 - DEBUG - 自适应学习率: 0.8371
2025-04-08 13:00:18,092 - DEBUG - 第53代概率模型更新完成
2025-04-08 13:00:18,092 - DEBUG - 第53代完成，当前最优解完工时间: 1905，历史最优解完工时间: 1872
2025-04-08 13:00:18,568 - DEBUG - 
更新概率模型:
2025-04-08 13:00:18,568 - DEBUG - 多样性指标: 0.0389
2025-04-08 13:00:18,568 - DEBUG - 自适应学习率: 0.8336
2025-04-08 13:00:18,568 - DEBUG - 第54代概率模型更新完成
2025-04-08 13:00:18,568 - DEBUG - 第54代完成，当前最优解完工时间: 1927，历史最优解完工时间: 1872
2025-04-08 13:00:19,047 - DEBUG - 
更新概率模型:
2025-04-08 13:00:19,047 - DEBUG - 多样性指标: 0.0389
2025-04-08 13:00:19,047 - DEBUG - 自适应学习率: 0.8351
2025-04-08 13:00:19,047 - DEBUG - 第55代概率模型更新完成
2025-04-08 13:00:19,047 - DEBUG - 第55代完成，当前最优解完工时间: 1923，历史最优解完工时间: 1872
