2025-04-08 16:28:44,742 - INFO - Initialization probability model completed.
2025-04-08 16:28:44,742 - INFO - In generation 1，New best makespan: 1945.00
2025-04-08 16:28:44,742 - DEBUG - 第0代完成，当前最优解完工时间: 1945，历史最优解完工时间: 1945
2025-04-08 16:28:45,204 - DEBUG - 
更新概率模型:
2025-04-08 16:28:45,205 - DEBUG - 多样性指标: 0.0425
2025-04-08 16:28:45,205 - DEBUG - 自适应学习率: 0.8374
2025-04-08 16:28:45,205 - DEBUG - 第1代概率模型更新完成
2025-04-08 16:28:45,205 - INFO - In generation 2，New best makespan: 1930.00
2025-04-08 16:28:45,205 - DEBUG - 第1代完成，当前最优解完工时间: 1930，历史最优解完工时间: 1930
2025-04-08 16:28:45,692 - DEBUG - 
更新概率模型:
2025-04-08 16:28:45,693 - DEBUG - 多样性指标: 0.0450
2025-04-08 16:28:45,693 - DEBUG - 自适应学习率: 0.8344
2025-04-08 16:28:45,693 - DEBUG - 第2代概率模型更新完成
2025-04-08 16:28:45,693 - DEBUG - 第2代完成，当前最优解完工时间: 1965，历史最优解完工时间: 1930
2025-04-08 16:28:46,165 - DEBUG - 
更新概率模型:
2025-04-08 16:28:46,165 - DEBUG - 多样性指标: 0.0410
2025-04-08 16:28:46,165 - DEBUG - 自适应学习率: 0.8347
2025-04-08 16:28:46,165 - DEBUG - 第3代概率模型更新完成
2025-04-08 16:28:46,165 - DEBUG - 第3代完成，当前最优解完工时间: 1930，历史最优解完工时间: 1930
2025-04-08 16:28:46,632 - DEBUG - 
更新概率模型:
2025-04-08 16:28:46,632 - DEBUG - 多样性指标: 0.0418
2025-04-08 16:28:46,632 - DEBUG - 自适应学习率: 0.8421
2025-04-08 16:28:46,633 - DEBUG - 第4代概率模型更新完成
2025-04-08 16:28:46,633 - INFO - In generation 5，New best makespan: 1907.00
2025-04-08 16:28:46,633 - DEBUG - 第4代完成，当前最优解完工时间: 1907，历史最优解完工时间: 1907
2025-04-08 16:28:47,100 - DEBUG - 
更新概率模型:
2025-04-08 16:28:47,101 - DEBUG - 多样性指标: 0.0373
2025-04-08 16:28:47,101 - DEBUG - 自适应学习率: 0.8318
2025-04-08 16:28:47,101 - DEBUG - 第5代概率模型更新完成
2025-04-08 16:28:47,101 - DEBUG - 第5代完成，当前最优解完工时间: 1947，历史最优解完工时间: 1907
2025-04-08 16:28:47,578 - DEBUG - 
更新概率模型:
2025-04-08 16:28:47,578 - DEBUG - 多样性指标: 0.0437
2025-04-08 16:28:47,578 - DEBUG - 自适应学习率: 0.8318
2025-04-08 16:28:47,578 - DEBUG - 第6代概率模型更新完成
2025-04-08 16:28:47,578 - DEBUG - 第6代完成，当前最优解完工时间: 1952，历史最优解完工时间: 1907
2025-04-08 16:28:48,056 - DEBUG - 
更新概率模型:
2025-04-08 16:28:48,057 - DEBUG - 多样性指标: 0.0374
2025-04-08 16:28:48,057 - DEBUG - 自适应学习率: 0.8339
2025-04-08 16:28:48,057 - DEBUG - 第7代概率模型更新完成
2025-04-08 16:28:48,057 - DEBUG - 第7代完成，当前最优解完工时间: 1939，历史最优解完工时间: 1907
2025-04-08 16:28:48,525 - DEBUG - 
更新概率模型:
2025-04-08 16:28:48,525 - DEBUG - 多样性指标: 0.0446
2025-04-08 16:28:48,525 - DEBUG - 自适应学习率: 0.8380
2025-04-08 16:28:48,525 - DEBUG - 第8代概率模型更新完成
2025-04-08 16:28:48,527 - DEBUG - 第8代完成，当前最优解完工时间: 1928，历史最优解完工时间: 1907
2025-04-08 16:28:48,993 - DEBUG - 
更新概率模型:
2025-04-08 16:28:48,993 - DEBUG - 多样性指标: 0.0471
2025-04-08 16:28:48,993 - DEBUG - 自适应学习率: 0.8382
2025-04-08 16:28:48,993 - DEBUG - 第9代概率模型更新完成
2025-04-08 16:28:48,993 - DEBUG - 第9代完成，当前最优解完工时间: 1935，历史最优解完工时间: 1907
2025-04-08 16:28:49,455 - DEBUG - 
更新概率模型:
2025-04-08 16:28:49,455 - DEBUG - 多样性指标: 0.0445
2025-04-08 16:28:49,455 - DEBUG - 自适应学习率: 0.8374
2025-04-08 16:28:49,455 - DEBUG - 第10代概率模型更新完成
2025-04-08 16:28:49,455 - DEBUG - 第10代完成，当前最优解完工时间: 1910，历史最优解完工时间: 1907
2025-04-08 16:28:49,933 - DEBUG - 
更新概率模型:
2025-04-08 16:28:49,933 - DEBUG - 多样性指标: 0.0382
2025-04-08 16:28:49,933 - DEBUG - 自适应学习率: 0.8300
2025-04-08 16:28:49,933 - DEBUG - 第11代概率模型更新完成
2025-04-08 16:28:49,933 - DEBUG - 第11代完成，当前最优解完工时间: 1941，历史最优解完工时间: 1907
2025-04-08 16:28:50,409 - DEBUG - 
更新概率模型:
2025-04-08 16:28:50,409 - DEBUG - 多样性指标: 0.0412
2025-04-08 16:28:50,409 - DEBUG - 自适应学习率: 0.8335
2025-04-08 16:28:50,409 - DEBUG - 第12代概率模型更新完成
2025-04-08 16:28:50,409 - DEBUG - 第12代完成，当前最优解完工时间: 1932，历史最优解完工时间: 1907
2025-04-08 16:28:50,872 - DEBUG - 
更新概率模型:
2025-04-08 16:28:50,872 - DEBUG - 多样性指标: 0.0423
2025-04-08 16:28:50,872 - DEBUG - 自适应学习率: 0.8327
2025-04-08 16:28:50,872 - DEBUG - 第13代概率模型更新完成
2025-04-08 16:28:50,872 - DEBUG - 第13代完成，当前最优解完工时间: 1941，历史最优解完工时间: 1907
2025-04-08 16:28:51,338 - DEBUG - 
更新概率模型:
2025-04-08 16:28:51,338 - DEBUG - 多样性指标: 0.0411
2025-04-08 16:28:51,338 - DEBUG - 自适应学习率: 0.8359
2025-04-08 16:28:51,338 - DEBUG - 第14代概率模型更新完成
2025-04-08 16:28:51,338 - DEBUG - 第14代完成，当前最优解完工时间: 1927，历史最优解完工时间: 1907
2025-04-08 16:28:51,803 - DEBUG - 
更新概率模型:
2025-04-08 16:28:51,804 - DEBUG - 多样性指标: 0.0458
2025-04-08 16:28:51,804 - DEBUG - 自适应学习率: 0.8373
2025-04-08 16:28:51,804 - DEBUG - 第15代概率模型更新完成
2025-04-08 16:28:51,804 - DEBUG - 第15代完成，当前最优解完工时间: 1924，历史最优解完工时间: 1907
2025-04-08 16:28:52,271 - DEBUG - 
更新概率模型:
2025-04-08 16:28:52,271 - DEBUG - 多样性指标: 0.0412
2025-04-08 16:28:52,271 - DEBUG - 自适应学习率: 0.8321
2025-04-08 16:28:52,271 - DEBUG - 第16代概率模型更新完成
2025-04-08 16:28:52,271 - DEBUG - 第16代完成，当前最优解完工时间: 1937，历史最优解完工时间: 1907
2025-04-08 16:28:52,735 - DEBUG - 
更新概率模型:
2025-04-08 16:28:52,735 - DEBUG - 多样性指标: 0.0389
2025-04-08 16:28:52,735 - DEBUG - 自适应学习率: 0.8401
2025-04-08 16:28:52,735 - DEBUG - 第17代概率模型更新完成
2025-04-08 16:28:52,735 - DEBUG - 第17代完成，当前最优解完工时间: 1912，历史最优解完工时间: 1907
2025-04-08 16:28:53,205 - DEBUG - 
更新概率模型:
2025-04-08 16:28:53,205 - DEBUG - 多样性指标: 0.0406
2025-04-08 16:28:53,205 - DEBUG - 自适应学习率: 0.8357
2025-04-08 16:28:53,205 - DEBUG - 第18代概率模型更新完成
2025-04-08 16:28:53,205 - DEBUG - 第18代完成，当前最优解完工时间: 1927，历史最优解完工时间: 1907
2025-04-08 16:28:53,667 - DEBUG - 
更新概率模型:
2025-04-08 16:28:53,667 - DEBUG - 多样性指标: 0.0488
2025-04-08 16:28:53,667 - DEBUG - 自适应学习率: 0.8360
2025-04-08 16:28:53,667 - DEBUG - 第19代概率模型更新完成
2025-04-08 16:28:53,667 - DEBUG - 第19代完成，当前最优解完工时间: 1917，历史最优解完工时间: 1907
2025-04-08 16:28:54,137 - DEBUG - 
更新概率模型:
2025-04-08 16:28:54,137 - DEBUG - 多样性指标: 0.0415
2025-04-08 16:28:54,137 - DEBUG - 自适应学习率: 0.8311
2025-04-08 16:28:54,137 - DEBUG - 第20代概率模型更新完成
2025-04-08 16:28:54,137 - DEBUG - 第20代完成，当前最优解完工时间: 1962，历史最优解完工时间: 1907
2025-04-08 16:28:54,595 - DEBUG - 
更新概率模型:
2025-04-08 16:28:54,595 - DEBUG - 多样性指标: 0.0444
2025-04-08 16:28:54,595 - DEBUG - 自适应学习率: 0.8341
2025-04-08 16:28:54,595 - DEBUG - 第21代概率模型更新完成
2025-04-08 16:28:54,595 - DEBUG - 第21代完成，当前最优解完工时间: 1936，历史最优解完工时间: 1907
2025-04-08 16:28:55,062 - DEBUG - 
更新概率模型:
2025-04-08 16:28:55,062 - DEBUG - 多样性指标: 0.0435
2025-04-08 16:28:55,062 - DEBUG - 自适应学习率: 0.8301
2025-04-08 16:28:55,062 - DEBUG - 第22代概率模型更新完成
2025-04-08 16:28:55,062 - DEBUG - 第22代完成，当前最优解完工时间: 1964，历史最优解完工时间: 1907
2025-04-08 16:28:55,522 - DEBUG - 
更新概率模型:
2025-04-08 16:28:55,522 - DEBUG - 多样性指标: 0.0453
2025-04-08 16:28:55,522 - DEBUG - 自适应学习率: 0.8363
2025-04-08 16:28:55,522 - DEBUG - 第23代概率模型更新完成
2025-04-08 16:28:55,522 - DEBUG - 第23代完成，当前最优解完工时间: 1920，历史最优解完工时间: 1907
2025-04-08 16:28:55,985 - DEBUG - 
更新概率模型:
2025-04-08 16:28:55,986 - DEBUG - 多样性指标: 0.0414
2025-04-08 16:28:55,986 - DEBUG - 自适应学习率: 0.8318
2025-04-08 16:28:55,986 - DEBUG - 第24代概率模型更新完成
2025-04-08 16:28:55,986 - DEBUG - 第24代完成，当前最优解完工时间: 1943，历史最优解完工时间: 1907
2025-04-08 16:28:56,443 - DEBUG - 
更新概率模型:
2025-04-08 16:28:56,443 - DEBUG - 多样性指标: 0.0349
2025-04-08 16:28:56,443 - DEBUG - 自适应学习率: 0.8283
2025-04-08 16:28:56,443 - DEBUG - 第25代概率模型更新完成
2025-04-08 16:28:56,443 - DEBUG - 第25代完成，当前最优解完工时间: 1949，历史最优解完工时间: 1907
2025-04-08 16:28:56,910 - DEBUG - 
更新概率模型:
2025-04-08 16:28:56,910 - DEBUG - 多样性指标: 0.0387
2025-04-08 16:28:56,910 - DEBUG - 自适应学习率: 0.8408
2025-04-08 16:28:56,910 - DEBUG - 第26代概率模型更新完成
2025-04-08 16:28:56,910 - INFO - In generation 27，New best makespan: 1896.00
2025-04-08 16:28:56,912 - DEBUG - 第26代完成，当前最优解完工时间: 1896，历史最优解完工时间: 1896
2025-04-08 16:28:57,374 - DEBUG - 
更新概率模型:
2025-04-08 16:28:57,374 - DEBUG - 多样性指标: 0.0383
2025-04-08 16:28:57,374 - DEBUG - 自适应学习率: 0.8259
2025-04-08 16:28:57,374 - DEBUG - 第27代概率模型更新完成
2025-04-08 16:28:57,374 - DEBUG - 第27代完成，当前最优解完工时间: 1959，历史最优解完工时间: 1896
2025-04-08 16:28:57,844 - DEBUG - 
更新概率模型:
2025-04-08 16:28:57,844 - DEBUG - 多样性指标: 0.0444
2025-04-08 16:28:57,844 - DEBUG - 自适应学习率: 0.8426
2025-04-08 16:28:57,844 - DEBUG - 第28代概率模型更新完成
2025-04-08 16:28:57,845 - DEBUG - 第28代完成，当前最优解完工时间: 1902，历史最优解完工时间: 1896
2025-04-08 16:28:58,319 - DEBUG - 
更新概率模型:
2025-04-08 16:28:58,319 - DEBUG - 多样性指标: 0.0468
2025-04-08 16:28:58,319 - DEBUG - 自适应学习率: 0.8430
2025-04-08 16:28:58,319 - DEBUG - 第29代概率模型更新完成
2025-04-08 16:28:58,319 - DEBUG - 第29代完成，当前最优解完工时间: 1899，历史最优解完工时间: 1896
2025-04-08 16:28:58,790 - DEBUG - 
更新概率模型:
2025-04-08 16:28:58,791 - DEBUG - 多样性指标: 0.0428
2025-04-08 16:28:58,791 - DEBUG - 自适应学习率: 0.8340
2025-04-08 16:28:58,791 - DEBUG - 第30代概率模型更新完成
2025-04-08 16:28:58,791 - DEBUG - 第30代完成，当前最优解完工时间: 1952，历史最优解完工时间: 1896
2025-04-08 16:28:59,258 - DEBUG - 
更新概率模型:
2025-04-08 16:28:59,258 - DEBUG - 多样性指标: 0.0435
2025-04-08 16:28:59,258 - DEBUG - 自适应学习率: 0.8368
2025-04-08 16:28:59,258 - DEBUG - 第31代概率模型更新完成
2025-04-08 16:28:59,258 - DEBUG - 第31代完成，当前最优解完工时间: 1940，历史最优解完工时间: 1896
2025-04-08 16:28:59,726 - DEBUG - 
更新概率模型:
2025-04-08 16:28:59,727 - DEBUG - 多样性指标: 0.0471
2025-04-08 16:28:59,727 - DEBUG - 自适应学习率: 0.8341
2025-04-08 16:28:59,727 - DEBUG - 第32代概率模型更新完成
2025-04-08 16:28:59,727 - DEBUG - 第32代完成，当前最优解完工时间: 1946，历史最优解完工时间: 1896
2025-04-08 16:29:00,196 - DEBUG - 
更新概率模型:
2025-04-08 16:29:00,196 - DEBUG - 多样性指标: 0.0360
2025-04-08 16:29:00,196 - DEBUG - 自适应学习率: 0.8247
2025-04-08 16:29:00,196 - DEBUG - 第33代概率模型更新完成
2025-04-08 16:29:00,196 - DEBUG - 第33代完成，当前最优解完工时间: 1981，历史最优解完工时间: 1896
2025-04-08 16:29:00,665 - DEBUG - 
更新概率模型:
2025-04-08 16:29:00,665 - DEBUG - 多样性指标: 0.0433
2025-04-08 16:29:00,665 - DEBUG - 自适应学习率: 0.8331
2025-04-08 16:29:00,665 - DEBUG - 第34代概率模型更新完成
2025-04-08 16:29:00,665 - DEBUG - 第34代完成，当前最优解完工时间: 1940，历史最优解完工时间: 1896
2025-04-08 16:29:01,129 - DEBUG - 
更新概率模型:
2025-04-08 16:29:01,129 - DEBUG - 多样性指标: 0.0386
2025-04-08 16:29:01,129 - DEBUG - 自适应学习率: 0.8327
2025-04-08 16:29:01,129 - DEBUG - 第35代概率模型更新完成
2025-04-08 16:29:01,129 - DEBUG - 第35代完成，当前最优解完工时间: 1940，历史最优解完工时间: 1896
2025-04-08 16:29:01,603 - DEBUG - 
更新概率模型:
2025-04-08 16:29:01,603 - DEBUG - 多样性指标: 0.0407
2025-04-08 16:29:01,603 - DEBUG - 自适应学习率: 0.8344
2025-04-08 16:29:01,603 - DEBUG - 第36代概率模型更新完成
2025-04-08 16:29:01,603 - DEBUG - 第36代完成，当前最优解完工时间: 1934，历史最优解完工时间: 1896
2025-04-08 16:29:02,060 - DEBUG - 
更新概率模型:
2025-04-08 16:29:02,060 - DEBUG - 多样性指标: 0.0443
2025-04-08 16:29:02,060 - DEBUG - 自适应学习率: 0.8365
2025-04-08 16:29:02,060 - DEBUG - 第37代概率模型更新完成
2025-04-08 16:29:02,060 - DEBUG - 第37代完成，当前最优解完工时间: 1928，历史最优解完工时间: 1896
2025-04-08 16:29:02,529 - DEBUG - 
更新概率模型:
2025-04-08 16:29:02,529 - DEBUG - 多样性指标: 0.0424
2025-04-08 16:29:02,529 - DEBUG - 自适应学习率: 0.8306
2025-04-08 16:29:02,529 - DEBUG - 第38代概率模型更新完成
2025-04-08 16:29:02,529 - DEBUG - 第38代完成，当前最优解完工时间: 1954，历史最优解完工时间: 1896
2025-04-08 16:29:02,994 - DEBUG - 
更新概率模型:
2025-04-08 16:29:02,994 - DEBUG - 多样性指标: 0.0448
2025-04-08 16:29:02,994 - DEBUG - 自适应学习率: 0.8386
2025-04-08 16:29:02,994 - DEBUG - 第39代概率模型更新完成
2025-04-08 16:29:02,994 - DEBUG - 第39代完成，当前最优解完工时间: 1914，历史最优解完工时间: 1896
2025-04-08 16:29:03,459 - DEBUG - 
更新概率模型:
2025-04-08 16:29:03,459 - DEBUG - 多样性指标: 0.0360
2025-04-08 16:29:03,459 - DEBUG - 自适应学习率: 0.8290
2025-04-08 16:29:03,459 - DEBUG - 第40代概率模型更新完成
2025-04-08 16:29:03,459 - DEBUG - 第40代完成，当前最优解完工时间: 1950，历史最优解完工时间: 1896
2025-04-08 16:29:03,923 - DEBUG - 
更新概率模型:
2025-04-08 16:29:03,923 - DEBUG - 多样性指标: 0.0384
2025-04-08 16:29:03,923 - DEBUG - 自适应学习率: 0.8287
2025-04-08 16:29:03,923 - DEBUG - 第41代概率模型更新完成
2025-04-08 16:29:03,923 - DEBUG - 第41代完成，当前最优解完工时间: 1959，历史最优解完工时间: 1896
2025-04-08 16:29:04,391 - DEBUG - 
更新概率模型:
2025-04-08 16:29:04,391 - DEBUG - 多样性指标: 0.0409
2025-04-08 16:29:04,391 - DEBUG - 自适应学习率: 0.8312
2025-04-08 16:29:04,391 - DEBUG - 第42代概率模型更新完成
2025-04-08 16:29:04,391 - DEBUG - 第42代完成，当前最优解完工时间: 1940，历史最优解完工时间: 1896
2025-04-08 16:29:04,856 - DEBUG - 
更新概率模型:
2025-04-08 16:29:04,856 - DEBUG - 多样性指标: 0.0376
2025-04-08 16:29:04,856 - DEBUG - 自适应学习率: 0.8371
2025-04-08 16:29:04,856 - DEBUG - 第43代概率模型更新完成
2025-04-08 16:29:04,856 - DEBUG - 第43代完成，当前最优解完工时间: 1924，历史最优解完工时间: 1896
2025-04-08 16:29:05,324 - DEBUG - 
更新概率模型:
2025-04-08 16:29:05,324 - DEBUG - 多样性指标: 0.0483
2025-04-08 16:29:05,325 - DEBUG - 自适应学习率: 0.8473
2025-04-08 16:29:05,325 - DEBUG - 第44代概率模型更新完成
2025-04-08 16:29:05,325 - INFO - In generation 45，New best makespan: 1874.00
2025-04-08 16:29:05,325 - DEBUG - 第44代完成，当前最优解完工时间: 1874，历史最优解完工时间: 1874
2025-04-08 16:29:05,799 - DEBUG - 
更新概率模型:
2025-04-08 16:29:05,799 - DEBUG - 多样性指标: 0.0419
2025-04-08 16:29:05,799 - DEBUG - 自适应学习率: 0.8392
2025-04-08 16:29:05,799 - DEBUG - 第45代概率模型更新完成
2025-04-08 16:29:05,799 - DEBUG - 第45代完成，当前最优解完工时间: 1913，历史最优解完工时间: 1874
2025-04-08 16:29:06,285 - DEBUG - 
更新概率模型:
2025-04-08 16:29:06,286 - DEBUG - 多样性指标: 0.0414
2025-04-08 16:29:06,286 - DEBUG - 自适应学习率: 0.8315
2025-04-08 16:29:06,286 - DEBUG - 第46代概率模型更新完成
2025-04-08 16:29:06,286 - DEBUG - 第46代完成，当前最优解完工时间: 1944，历史最优解完工时间: 1874
2025-04-08 16:29:06,775 - DEBUG - 
更新概率模型:
2025-04-08 16:29:06,775 - DEBUG - 多样性指标: 0.0456
2025-04-08 16:29:06,775 - DEBUG - 自适应学习率: 0.8361
2025-04-08 16:29:06,775 - DEBUG - 第47代概率模型更新完成
2025-04-08 16:29:06,775 - DEBUG - 第47代完成，当前最优解完工时间: 1932，历史最优解完工时间: 1874
2025-04-08 16:29:07,250 - DEBUG - 
更新概率模型:
2025-04-08 16:29:07,250 - DEBUG - 多样性指标: 0.0405
2025-04-08 16:29:07,250 - DEBUG - 自适应学习率: 0.8300
2025-04-08 16:29:07,250 - DEBUG - 第48代概率模型更新完成
2025-04-08 16:29:07,250 - DEBUG - 第48代完成，当前最优解完工时间: 1950，历史最优解完工时间: 1874
2025-04-08 16:29:07,726 - DEBUG - 
更新概率模型:
2025-04-08 16:29:07,726 - DEBUG - 多样性指标: 0.0410
2025-04-08 16:29:07,726 - DEBUG - 自适应学习率: 0.8309
2025-04-08 16:29:07,726 - DEBUG - 第49代概率模型更新完成
2025-04-08 16:29:07,726 - DEBUG - 第49代完成，当前最优解完工时间: 1953，历史最优解完工时间: 1874
2025-04-08 16:29:08,204 - DEBUG - 
更新概率模型:
2025-04-08 16:29:08,204 - DEBUG - 多样性指标: 0.0395
2025-04-08 16:29:08,204 - DEBUG - 自适应学习率: 0.8327
2025-04-08 16:29:08,204 - DEBUG - 第50代概率模型更新完成
2025-04-08 16:29:08,204 - DEBUG - 第50代完成，当前最优解完工时间: 1934，历史最优解完工时间: 1874
2025-04-08 16:29:08,679 - DEBUG - 
更新概率模型:
2025-04-08 16:29:08,679 - DEBUG - 多样性指标: 0.0390
2025-04-08 16:29:08,679 - DEBUG - 自适应学习率: 0.8263
2025-04-08 16:29:08,679 - DEBUG - 第51代概率模型更新完成
2025-04-08 16:29:08,679 - DEBUG - 第51代完成，当前最优解完工时间: 1966，历史最优解完工时间: 1874
2025-04-08 16:29:09,180 - DEBUG - 
更新概率模型:
2025-04-08 16:29:09,180 - DEBUG - 多样性指标: 0.0473
2025-04-08 16:29:09,180 - DEBUG - 自适应学习率: 0.8310
2025-04-08 16:29:09,180 - DEBUG - 第52代概率模型更新完成
2025-04-08 16:29:09,180 - DEBUG - 第52代完成，当前最优解完工时间: 1956，历史最优解完工时间: 1874
2025-04-08 16:29:09,665 - DEBUG - 
更新概率模型:
2025-04-08 16:29:09,665 - DEBUG - 多样性指标: 0.0419
2025-04-08 16:29:09,665 - DEBUG - 自适应学习率: 0.8401
2025-04-08 16:29:09,665 - DEBUG - 第53代概率模型更新完成
2025-04-08 16:29:09,665 - DEBUG - 第53代完成，当前最优解完工时间: 1902，历史最优解完工时间: 1874
2025-04-08 16:29:10,154 - DEBUG - 
更新概率模型:
2025-04-08 16:29:10,154 - DEBUG - 多样性指标: 0.0385
2025-04-08 16:29:10,154 - DEBUG - 自适应学习率: 0.8289
2025-04-08 16:29:10,154 - DEBUG - 第54代概率模型更新完成
2025-04-08 16:29:10,154 - DEBUG - 第54代完成，当前最优解完工时间: 1949，历史最优解完工时间: 1874
2025-04-08 16:29:10,620 - DEBUG - 
更新概率模型:
2025-04-08 16:29:10,620 - DEBUG - 多样性指标: 0.0430
2025-04-08 16:29:10,621 - DEBUG - 自适应学习率: 0.8352
2025-04-08 16:29:10,621 - DEBUG - 第55代概率模型更新完成
2025-04-08 16:29:10,621 - DEBUG - 第55代完成，当前最优解完工时间: 1926，历史最优解完工时间: 1874
2025-04-08 16:29:11,092 - DEBUG - 
更新概率模型:
2025-04-08 16:29:11,092 - DEBUG - 多样性指标: 0.0443
2025-04-08 16:29:11,092 - DEBUG - 自适应学习率: 0.8331
2025-04-08 16:29:11,092 - DEBUG - 第56代概率模型更新完成
2025-04-08 16:29:11,092 - DEBUG - 第56代完成，当前最优解完工时间: 1942，历史最优解完工时间: 1874
2025-04-08 16:29:11,566 - DEBUG - 
更新概率模型:
2025-04-08 16:29:11,566 - DEBUG - 多样性指标: 0.0405
2025-04-08 16:29:11,566 - DEBUG - 自适应学习率: 0.8377
2025-04-08 16:29:11,568 - DEBUG - 第57代概率模型更新完成
2025-04-08 16:29:11,568 - DEBUG - 第57代完成，当前最优解完工时间: 1908，历史最优解完工时间: 1874
2025-04-08 16:29:12,039 - DEBUG - 
更新概率模型:
2025-04-08 16:29:12,039 - DEBUG - 多样性指标: 0.0433
2025-04-08 16:29:12,039 - DEBUG - 自适应学习率: 0.8349
2025-04-08 16:29:12,039 - DEBUG - 第58代概率模型更新完成
2025-04-08 16:29:12,039 - DEBUG - 第58代完成，当前最优解完工时间: 1933，历史最优解完工时间: 1874
2025-04-08 16:29:12,510 - DEBUG - 
更新概率模型:
2025-04-08 16:29:12,510 - DEBUG - 多样性指标: 0.0443
2025-04-08 16:29:12,510 - DEBUG - 自适应学习率: 0.8352
2025-04-08 16:29:12,510 - DEBUG - 第59代概率模型更新完成
2025-04-08 16:29:12,510 - DEBUG - 第59代完成，当前最优解完工时间: 1933，历史最优解完工时间: 1874
2025-04-08 16:29:12,986 - DEBUG - 
更新概率模型:
2025-04-08 16:29:12,986 - DEBUG - 多样性指标: 0.0401
2025-04-08 16:29:12,986 - DEBUG - 自适应学习率: 0.8335
2025-04-08 16:29:12,986 - DEBUG - 第60代概率模型更新完成
2025-04-08 16:29:12,986 - DEBUG - 第60代完成，当前最优解完工时间: 1937，历史最优解完工时间: 1874
2025-04-08 16:29:13,460 - DEBUG - 
更新概率模型:
2025-04-08 16:29:13,460 - DEBUG - 多样性指标: 0.0410
2025-04-08 16:29:13,460 - DEBUG - 自适应学习率: 0.8383
2025-04-08 16:29:13,460 - DEBUG - 第61代概率模型更新完成
2025-04-08 16:29:13,460 - DEBUG - 第61代完成，当前最优解完工时间: 1904，历史最优解完工时间: 1874
2025-04-08 16:29:13,935 - DEBUG - 
更新概率模型:
2025-04-08 16:29:13,935 - DEBUG - 多样性指标: 0.0419
2025-04-08 16:29:13,935 - DEBUG - 自适应学习率: 0.8308
2025-04-08 16:29:13,935 - DEBUG - 第62代概率模型更新完成
2025-04-08 16:29:13,935 - DEBUG - 第62代完成，当前最优解完工时间: 1947，历史最优解完工时间: 1874
2025-04-08 16:29:14,405 - DEBUG - 
更新概率模型:
2025-04-08 16:29:14,406 - DEBUG - 多样性指标: 0.0447
2025-04-08 16:29:14,406 - DEBUG - 自适应学习率: 0.8321
2025-04-08 16:29:14,406 - DEBUG - 第63代概率模型更新完成
2025-04-08 16:29:14,406 - DEBUG - 第63代完成，当前最优解完工时间: 1944，历史最优解完工时间: 1874
2025-04-08 16:29:14,881 - DEBUG - 
更新概率模型:
2025-04-08 16:29:14,881 - DEBUG - 多样性指标: 0.0444
2025-04-08 16:29:14,881 - DEBUG - 自适应学习率: 0.8376
2025-04-08 16:29:14,881 - DEBUG - 第64代概率模型更新完成
2025-04-08 16:29:14,881 - DEBUG - 第64代完成，当前最优解完工时间: 1921，历史最优解完工时间: 1874
2025-04-08 16:29:15,362 - DEBUG - 
更新概率模型:
2025-04-08 16:29:15,362 - DEBUG - 多样性指标: 0.0401
2025-04-08 16:29:15,362 - DEBUG - 自适应学习率: 0.8296
2025-04-08 16:29:15,362 - DEBUG - 第65代概率模型更新完成
2025-04-08 16:29:15,362 - DEBUG - 第65代完成，当前最优解完工时间: 1956，历史最优解完工时间: 1874
2025-04-08 16:29:15,834 - DEBUG - 
更新概率模型:
2025-04-08 16:29:15,834 - DEBUG - 多样性指标: 0.0403
2025-04-08 16:29:15,834 - DEBUG - 自适应学习率: 0.8321
2025-04-08 16:29:15,834 - DEBUG - 第66代概率模型更新完成
2025-04-08 16:29:15,834 - DEBUG - 第66代完成，当前最优解完工时间: 1934，历史最优解完工时间: 1874
2025-04-08 16:29:16,311 - DEBUG - 
更新概率模型:
2025-04-08 16:29:16,311 - DEBUG - 多样性指标: 0.0410
2025-04-08 16:29:16,311 - DEBUG - 自适应学习率: 0.8341
2025-04-08 16:29:16,311 - DEBUG - 第67代概率模型更新完成
2025-04-08 16:29:16,311 - DEBUG - 第67代完成，当前最优解完工时间: 1928，历史最优解完工时间: 1874
2025-04-08 16:29:16,795 - DEBUG - 
更新概率模型:
2025-04-08 16:29:16,795 - DEBUG - 多样性指标: 0.0402
2025-04-08 16:29:16,795 - DEBUG - 自适应学习率: 0.8264
2025-04-08 16:29:16,795 - DEBUG - 第68代概率模型更新完成
2025-04-08 16:29:16,795 - DEBUG - 第68代完成，当前最优解完工时间: 1966，历史最优解完工时间: 1874
2025-04-08 16:29:17,280 - DEBUG - 
更新概率模型:
2025-04-08 16:29:17,280 - DEBUG - 多样性指标: 0.0417
2025-04-08 16:29:17,280 - DEBUG - 自适应学习率: 0.8298
2025-04-08 16:29:17,280 - DEBUG - 第69代概率模型更新完成
2025-04-08 16:29:17,281 - DEBUG - 第69代完成，当前最优解完工时间: 1946，历史最优解完工时间: 1874
2025-04-08 16:29:17,754 - DEBUG - 
更新概率模型:
2025-04-08 16:29:17,754 - DEBUG - 多样性指标: 0.0421
2025-04-08 16:29:17,754 - DEBUG - 自适应学习率: 0.8296
2025-04-08 16:29:17,754 - DEBUG - 第70代概率模型更新完成
2025-04-08 16:29:17,754 - DEBUG - 第70代完成，当前最优解完工时间: 1944，历史最优解完工时间: 1874
2025-04-08 16:29:18,243 - DEBUG - 
更新概率模型:
2025-04-08 16:29:18,243 - DEBUG - 多样性指标: 0.0398
2025-04-08 16:29:18,243 - DEBUG - 自适应学习率: 0.8310
2025-04-08 16:29:18,243 - DEBUG - 第71代概率模型更新完成
2025-04-08 16:29:18,243 - DEBUG - 第71代完成，当前最优解完工时间: 1937，历史最优解完工时间: 1874
2025-04-08 16:29:18,745 - DEBUG - 
更新概率模型:
2025-04-08 16:29:18,745 - DEBUG - 多样性指标: 0.0406
2025-04-08 16:29:18,745 - DEBUG - 自适应学习率: 0.8379
2025-04-08 16:29:18,745 - DEBUG - 第72代概率模型更新完成
2025-04-08 16:29:18,745 - DEBUG - 第72代完成，当前最优解完工时间: 1910，历史最优解完工时间: 1874
2025-04-08 16:29:19,231 - DEBUG - 
更新概率模型:
2025-04-08 16:29:19,231 - DEBUG - 多样性指标: 0.0370
2025-04-08 16:29:19,231 - DEBUG - 自适应学习率: 0.8270
2025-04-08 16:29:19,231 - DEBUG - 第73代概率模型更新完成
2025-04-08 16:29:19,231 - DEBUG - 第73代完成，当前最优解完工时间: 1957，历史最优解完工时间: 1874
2025-04-08 16:29:19,735 - DEBUG - 
更新概率模型:
2025-04-08 16:29:19,735 - DEBUG - 多样性指标: 0.0420
2025-04-08 16:29:19,735 - DEBUG - 自适应学习率: 0.8341
2025-04-08 16:29:19,736 - DEBUG - 第74代概率模型更新完成
2025-04-08 16:29:19,736 - DEBUG - 第74代完成，当前最优解完工时间: 1926，历史最优解完工时间: 1874
2025-04-08 16:29:20,222 - DEBUG - 
更新概率模型:
2025-04-08 16:29:20,223 - DEBUG - 多样性指标: 0.0441
2025-04-08 16:29:20,223 - DEBUG - 自适应学习率: 0.8410
2025-04-08 16:29:20,223 - DEBUG - 第75代概率模型更新完成
2025-04-08 16:29:20,223 - DEBUG - 第75代完成，当前最优解完工时间: 1914，历史最优解完工时间: 1874
2025-04-08 16:29:20,703 - DEBUG - 
更新概率模型:
2025-04-08 16:29:20,704 - DEBUG - 多样性指标: 0.0399
2025-04-08 16:29:20,704 - DEBUG - 自适应学习率: 0.8408
2025-04-08 16:29:20,704 - DEBUG - 第76代概率模型更新完成
2025-04-08 16:29:20,704 - DEBUG - 第76代完成，当前最优解完工时间: 1904，历史最优解完工时间: 1874
2025-04-08 16:29:21,184 - DEBUG - 
更新概率模型:
2025-04-08 16:29:21,184 - DEBUG - 多样性指标: 0.0400
2025-04-08 16:29:21,184 - DEBUG - 自适应学习率: 0.8289
2025-04-08 16:29:21,184 - DEBUG - 第77代概率模型更新完成
2025-04-08 16:29:21,184 - DEBUG - 第77代完成，当前最优解完工时间: 1963，历史最优解完工时间: 1874
2025-04-08 16:29:21,656 - DEBUG - 
更新概率模型:
2025-04-08 16:29:21,656 - DEBUG - 多样性指标: 0.0387
2025-04-08 16:29:21,656 - DEBUG - 自适应学习率: 0.8276
2025-04-08 16:29:21,656 - DEBUG - 第78代概率模型更新完成
2025-04-08 16:29:21,656 - DEBUG - 第78代完成，当前最优解完工时间: 1962，历史最优解完工时间: 1874
2025-04-08 16:29:22,120 - DEBUG - 
更新概率模型:
2025-04-08 16:29:22,120 - DEBUG - 多样性指标: 0.0396
2025-04-08 16:29:22,120 - DEBUG - 自适应学习率: 0.8305
2025-04-08 16:29:22,120 - DEBUG - 第79代概率模型更新完成
2025-04-08 16:29:22,120 - DEBUG - 第79代完成，当前最优解完工时间: 1937，历史最优解完工时间: 1874
2025-04-08 16:29:22,589 - DEBUG - 
更新概率模型:
2025-04-08 16:29:22,589 - DEBUG - 多样性指标: 0.0392
2025-04-08 16:29:22,589 - DEBUG - 自适应学习率: 0.8264
2025-04-08 16:29:22,589 - DEBUG - 第80代概率模型更新完成
2025-04-08 16:29:22,589 - DEBUG - 第80代完成，当前最优解完工时间: 1963，历史最优解完工时间: 1874
2025-04-08 16:29:23,056 - DEBUG - 
更新概率模型:
2025-04-08 16:29:23,056 - DEBUG - 多样性指标: 0.0458
2025-04-08 16:29:23,056 - DEBUG - 自适应学习率: 0.8357
2025-04-08 16:29:23,057 - DEBUG - 第81代概率模型更新完成
2025-04-08 16:29:23,057 - DEBUG - 第81代完成，当前最优解完工时间: 1932，历史最优解完工时间: 1874
2025-04-08 16:29:23,521 - DEBUG - 
更新概率模型:
2025-04-08 16:29:23,521 - DEBUG - 多样性指标: 0.0436
2025-04-08 16:29:23,521 - DEBUG - 自适应学习率: 0.8339
2025-04-08 16:29:23,521 - DEBUG - 第82代概率模型更新完成
2025-04-08 16:29:23,521 - DEBUG - 第82代完成，当前最优解完工时间: 1944，历史最优解完工时间: 1874
2025-04-08 16:29:23,997 - DEBUG - 
更新概率模型:
2025-04-08 16:29:23,997 - DEBUG - 多样性指标: 0.0388
2025-04-08 16:29:23,997 - DEBUG - 自适应学习率: 0.8277
2025-04-08 16:29:23,997 - DEBUG - 第83代概率模型更新完成
2025-04-08 16:29:23,997 - DEBUG - 第83代完成，当前最优解完工时间: 1956，历史最优解完工时间: 1874
2025-04-08 16:29:24,495 - DEBUG - 
更新概率模型:
2025-04-08 16:29:24,495 - DEBUG - 多样性指标: 0.0466
2025-04-08 16:29:24,495 - DEBUG - 自适应学习率: 0.8387
2025-04-08 16:29:24,495 - DEBUG - 第84代概率模型更新完成
2025-04-08 16:29:24,495 - DEBUG - 第84代完成，当前最优解完工时间: 1912，历史最优解完工时间: 1874
2025-04-08 16:29:24,975 - DEBUG - 
更新概率模型:
2025-04-08 16:29:24,976 - DEBUG - 多样性指标: 0.0384
2025-04-08 16:29:24,976 - DEBUG - 自适应学习率: 0.8397
2025-04-08 16:29:24,976 - DEBUG - 第85代概率模型更新完成
2025-04-08 16:29:24,976 - DEBUG - 第85代完成，当前最优解完工时间: 1917，历史最优解完工时间: 1874
2025-04-08 16:29:25,463 - DEBUG - 
更新概率模型:
2025-04-08 16:29:25,463 - DEBUG - 多样性指标: 0.0394
2025-04-08 16:29:25,463 - DEBUG - 自适应学习率: 0.8288
2025-04-08 16:29:25,463 - DEBUG - 第86代概率模型更新完成
2025-04-08 16:29:25,463 - DEBUG - 第86代完成，当前最优解完工时间: 1950，历史最优解完工时间: 1874
2025-04-08 16:29:25,943 - DEBUG - 
更新概率模型:
2025-04-08 16:29:25,943 - DEBUG - 多样性指标: 0.0389
2025-04-08 16:29:25,943 - DEBUG - 自适应学习率: 0.8338
2025-04-08 16:29:25,943 - DEBUG - 第87代概率模型更新完成
2025-04-08 16:29:25,943 - DEBUG - 第87代完成，当前最优解完工时间: 1930，历史最优解完工时间: 1874
2025-04-08 16:29:26,419 - DEBUG - 
更新概率模型:
2025-04-08 16:29:26,419 - DEBUG - 多样性指标: 0.0400
2025-04-08 16:29:26,419 - DEBUG - 自适应学习率: 0.8265
2025-04-08 16:29:26,419 - DEBUG - 第88代概率模型更新完成
2025-04-08 16:29:26,419 - DEBUG - 第88代完成，当前最优解完工时间: 1972，历史最优解完工时间: 1874
2025-04-08 16:29:26,912 - DEBUG - 
更新概率模型:
2025-04-08 16:29:26,912 - DEBUG - 多样性指标: 0.0375
2025-04-08 16:29:26,912 - DEBUG - 自适应学习率: 0.8372
2025-04-08 16:29:26,912 - DEBUG - 第89代概率模型更新完成
2025-04-08 16:29:26,912 - DEBUG - 第89代完成，当前最优解完工时间: 1906，历史最优解完工时间: 1874
2025-04-08 16:29:27,417 - DEBUG - 
更新概率模型:
2025-04-08 16:29:27,417 - DEBUG - 多样性指标: 0.0383
2025-04-08 16:29:27,417 - DEBUG - 自适应学习率: 0.8295
2025-04-08 16:29:27,417 - DEBUG - 第90代概率模型更新完成
2025-04-08 16:29:27,417 - DEBUG - 第90代完成，当前最优解完工时间: 1940，历史最优解完工时间: 1874
2025-04-08 16:29:27,897 - DEBUG - 
更新概率模型:
2025-04-08 16:29:27,897 - DEBUG - 多样性指标: 0.0478
2025-04-08 16:29:27,897 - DEBUG - 自适应学习率: 0.8309
2025-04-08 16:29:27,897 - DEBUG - 第91代概率模型更新完成
2025-04-08 16:29:27,897 - DEBUG - 第91代完成，当前最优解完工时间: 1953，历史最优解完工时间: 1874
2025-04-08 16:29:28,372 - DEBUG - 
更新概率模型:
2025-04-08 16:29:28,372 - DEBUG - 多样性指标: 0.0475
2025-04-08 16:29:28,372 - DEBUG - 自适应学习率: 0.8362
2025-04-08 16:29:28,372 - DEBUG - 第92代概率模型更新完成
2025-04-08 16:29:28,372 - DEBUG - 第92代完成，当前最优解完工时间: 1927，历史最优解完工时间: 1874
2025-04-08 16:29:28,845 - DEBUG - 
更新概率模型:
2025-04-08 16:29:28,845 - DEBUG - 多样性指标: 0.0382
2025-04-08 16:29:28,845 - DEBUG - 自适应学习率: 0.8272
2025-04-08 16:29:28,845 - DEBUG - 第93代概率模型更新完成
2025-04-08 16:29:28,845 - DEBUG - 第93代完成，当前最优解完工时间: 1969，历史最优解完工时间: 1874
2025-04-08 16:29:29,342 - DEBUG - 
更新概率模型:
2025-04-08 16:29:29,343 - DEBUG - 多样性指标: 0.0397
2025-04-08 16:29:29,343 - DEBUG - 自适应学习率: 0.8327
2025-04-08 16:29:29,343 - DEBUG - 第94代概率模型更新完成
2025-04-08 16:29:29,343 - DEBUG - 第94代完成，当前最优解完工时间: 1932，历史最优解完工时间: 1874
2025-04-08 16:29:29,825 - DEBUG - 
更新概率模型:
2025-04-08 16:29:29,825 - DEBUG - 多样性指标: 0.0406
2025-04-08 16:29:29,825 - DEBUG - 自适应学习率: 0.8269
2025-04-08 16:29:29,825 - DEBUG - 第95代概率模型更新完成
2025-04-08 16:29:29,825 - DEBUG - 第95代完成，当前最优解完工时间: 1964，历史最优解完工时间: 1874
2025-04-08 16:29:30,303 - DEBUG - 
更新概率模型:
2025-04-08 16:29:30,304 - DEBUG - 多样性指标: 0.0390
2025-04-08 16:29:30,304 - DEBUG - 自适应学习率: 0.8308
2025-04-08 16:29:30,304 - DEBUG - 第96代概率模型更新完成
2025-04-08 16:29:30,304 - DEBUG - 第96代完成，当前最优解完工时间: 1956，历史最优解完工时间: 1874
2025-04-08 16:29:30,768 - DEBUG - 
更新概率模型:
2025-04-08 16:29:30,768 - DEBUG - 多样性指标: 0.0409
2025-04-08 16:29:30,768 - DEBUG - 自适应学习率: 0.8382
2025-04-08 16:29:30,768 - DEBUG - 第97代概率模型更新完成
2025-04-08 16:29:30,768 - DEBUG - 第97代完成，当前最优解完工时间: 1916，历史最优解完工时间: 1874
2025-04-08 16:29:31,235 - DEBUG - 
更新概率模型:
2025-04-08 16:29:31,235 - DEBUG - 多样性指标: 0.0401
2025-04-08 16:29:31,235 - DEBUG - 自适应学习率: 0.8369
2025-04-08 16:29:31,235 - DEBUG - 第98代概率模型更新完成
2025-04-08 16:29:31,235 - DEBUG - 第98代完成，当前最优解完工时间: 1922，历史最优解完工时间: 1874
2025-04-08 16:29:31,714 - DEBUG - 
更新概率模型:
2025-04-08 16:29:31,714 - DEBUG - 多样性指标: 0.0440
2025-04-08 16:29:31,714 - DEBUG - 自适应学习率: 0.8354
2025-04-08 16:29:31,714 - DEBUG - 第99代概率模型更新完成
2025-04-08 16:29:31,714 - DEBUG - 第99代完成，当前最优解完工时间: 1924，历史最优解完工时间: 1874
2025-04-08 16:29:32,198 - INFO - Initialization probability model completed.
2025-04-08 16:29:32,198 - INFO - In generation 1，New best makespan: 1900.00
2025-04-08 16:29:32,199 - DEBUG - 第0代完成，当前最优解完工时间: 1900，历史最优解完工时间: 1900
2025-04-08 16:29:32,683 - DEBUG - 
更新概率模型:
2025-04-08 16:29:32,683 - DEBUG - 多样性指标: 0.0387
2025-04-08 16:29:32,683 - DEBUG - 自适应学习率: 0.8377
2025-04-08 16:29:32,683 - DEBUG - 第1代概率模型更新完成
2025-04-08 16:29:32,683 - DEBUG - 第1代完成，当前最优解完工时间: 1947，历史最优解完工时间: 1900
2025-04-08 16:29:33,169 - DEBUG - 
更新概率模型:
2025-04-08 16:29:33,170 - DEBUG - 多样性指标: 0.0396
2025-04-08 16:29:33,170 - DEBUG - 自适应学习率: 0.8355
2025-04-08 16:29:33,170 - DEBUG - 第2代概率模型更新完成
2025-04-08 16:29:33,170 - DEBUG - 第2代完成，当前最优解完工时间: 1946，历史最优解完工时间: 1900
2025-04-08 16:29:33,651 - DEBUG - 
更新概率模型:
2025-04-08 16:29:33,652 - DEBUG - 多样性指标: 0.0468
2025-04-08 16:29:33,652 - DEBUG - 自适应学习率: 0.8396
2025-04-08 16:29:33,652 - DEBUG - 第3代概率模型更新完成
2025-04-08 16:29:33,652 - DEBUG - 第3代完成，当前最优解完工时间: 1916，历史最优解完工时间: 1900
2025-04-08 16:29:34,121 - DEBUG - 
更新概率模型:
2025-04-08 16:29:34,121 - DEBUG - 多样性指标: 0.0417
2025-04-08 16:29:34,121 - DEBUG - 自适应学习率: 0.8319
2025-04-08 16:29:34,121 - DEBUG - 第4代概率模型更新完成
2025-04-08 16:29:34,121 - DEBUG - 第4代完成，当前最优解完工时间: 1965，历史最优解完工时间: 1900
2025-04-08 16:29:34,588 - DEBUG - 
更新概率模型:
2025-04-08 16:29:34,588 - DEBUG - 多样性指标: 0.0423
2025-04-08 16:29:34,588 - DEBUG - 自适应学习率: 0.8348
2025-04-08 16:29:34,588 - DEBUG - 第5代概率模型更新完成
2025-04-08 16:29:34,588 - DEBUG - 第5代完成，当前最优解完工时间: 1926，历史最优解完工时间: 1900
2025-04-08 16:29:35,072 - DEBUG - 
更新概率模型:
2025-04-08 16:29:35,072 - DEBUG - 多样性指标: 0.0436
2025-04-08 16:29:35,072 - DEBUG - 自适应学习率: 0.8363
2025-04-08 16:29:35,072 - DEBUG - 第6代概率模型更新完成
2025-04-08 16:29:35,072 - DEBUG - 第6代完成，当前最优解完工时间: 1934，历史最优解完工时间: 1900
2025-04-08 16:29:35,547 - DEBUG - 
更新概率模型:
2025-04-08 16:29:35,547 - DEBUG - 多样性指标: 0.0348
2025-04-08 16:29:35,547 - DEBUG - 自适应学习率: 0.8279
2025-04-08 16:29:35,547 - DEBUG - 第7代概率模型更新完成
2025-04-08 16:29:35,547 - DEBUG - 第7代完成，当前最优解完工时间: 1957，历史最优解完工时间: 1900
2025-04-08 16:29:36,017 - DEBUG - 
更新概率模型:
2025-04-08 16:29:36,017 - DEBUG - 多样性指标: 0.0393
2025-04-08 16:29:36,017 - DEBUG - 自适应学习率: 0.8272
2025-04-08 16:29:36,017 - DEBUG - 第8代概率模型更新完成
2025-04-08 16:29:36,017 - DEBUG - 第8代完成，当前最优解完工时间: 1955，历史最优解完工时间: 1900
2025-04-08 16:29:36,487 - DEBUG - 
更新概率模型:
2025-04-08 16:29:36,487 - DEBUG - 多样性指标: 0.0392
2025-04-08 16:29:36,487 - DEBUG - 自适应学习率: 0.8334
2025-04-08 16:29:36,487 - DEBUG - 第9代概率模型更新完成
2025-04-08 16:29:36,487 - DEBUG - 第9代完成，当前最优解完工时间: 1933，历史最优解完工时间: 1900
2025-04-08 16:29:36,957 - DEBUG - 
更新概率模型:
2025-04-08 16:29:36,957 - DEBUG - 多样性指标: 0.0496
2025-04-08 16:29:36,957 - DEBUG - 自适应学习率: 0.8380
2025-04-08 16:29:36,957 - DEBUG - 第10代概率模型更新完成
2025-04-08 16:29:36,957 - DEBUG - 第10代完成，当前最优解完工时间: 1916，历史最优解完工时间: 1900
2025-04-08 16:29:37,437 - DEBUG - 
更新概率模型:
2025-04-08 16:29:37,437 - DEBUG - 多样性指标: 0.0438
2025-04-08 16:29:37,437 - DEBUG - 自适应学习率: 0.8287
2025-04-08 16:29:37,437 - DEBUG - 第11代概率模型更新完成
2025-04-08 16:29:37,437 - DEBUG - 第11代完成，当前最优解完工时间: 1964，历史最优解完工时间: 1900
2025-04-08 16:29:37,923 - DEBUG - 
更新概率模型:
2025-04-08 16:29:37,923 - DEBUG - 多样性指标: 0.0372
2025-04-08 16:29:37,923 - DEBUG - 自适应学习率: 0.8377
2025-04-08 16:29:37,923 - DEBUG - 第12代概率模型更新完成
2025-04-08 16:29:37,923 - DEBUG - 第12代完成，当前最优解完工时间: 1904，历史最优解完工时间: 1900
2025-04-08 16:29:38,410 - DEBUG - 
更新概率模型:
2025-04-08 16:29:38,410 - DEBUG - 多样性指标: 0.0441
2025-04-08 16:29:38,410 - DEBUG - 自适应学习率: 0.8347
2025-04-08 16:29:38,410 - DEBUG - 第13代概率模型更新完成
2025-04-08 16:29:38,410 - DEBUG - 第13代完成，当前最优解完工时间: 1936，历史最优解完工时间: 1900
2025-04-08 16:29:38,899 - DEBUG - 
更新概率模型:
2025-04-08 16:29:38,899 - DEBUG - 多样性指标: 0.0436
2025-04-08 16:29:38,899 - DEBUG - 自适应学习率: 0.8317
2025-04-08 16:29:38,899 - DEBUG - 第14代概率模型更新完成
2025-04-08 16:29:38,899 - DEBUG - 第14代完成，当前最优解完工时间: 1946，历史最优解完工时间: 1900
2025-04-08 16:29:39,375 - DEBUG - 
更新概率模型:
2025-04-08 16:29:39,375 - DEBUG - 多样性指标: 0.0393
2025-04-08 16:29:39,375 - DEBUG - 自适应学习率: 0.8409
2025-04-08 16:29:39,375 - DEBUG - 第15代概率模型更新完成
2025-04-08 16:29:39,375 - INFO - In generation 16，New best makespan: 1891.00
2025-04-08 16:29:39,376 - DEBUG - 第15代完成，当前最优解完工时间: 1891，历史最优解完工时间: 1891
2025-04-08 16:29:39,870 - DEBUG - 
更新概率模型:
2025-04-08 16:29:39,870 - DEBUG - 多样性指标: 0.0409
2025-04-08 16:29:39,870 - DEBUG - 自适应学习率: 0.8316
2025-04-08 16:29:39,870 - DEBUG - 第16代概率模型更新完成
2025-04-08 16:29:39,871 - DEBUG - 第16代完成，当前最优解完工时间: 1945，历史最优解完工时间: 1891
2025-04-08 16:29:40,351 - DEBUG - 
更新概率模型:
2025-04-08 16:29:40,351 - DEBUG - 多样性指标: 0.0364
2025-04-08 16:29:40,351 - DEBUG - 自适应学习率: 0.8304
2025-04-08 16:29:40,351 - DEBUG - 第17代概率模型更新完成
2025-04-08 16:29:40,351 - DEBUG - 第17代完成，当前最优解完工时间: 1946，历史最优解完工时间: 1891
2025-04-08 16:29:40,831 - DEBUG - 
更新概率模型:
2025-04-08 16:29:40,831 - DEBUG - 多样性指标: 0.0417
2025-04-08 16:29:40,831 - DEBUG - 自适应学习率: 0.8377
2025-04-08 16:29:40,831 - DEBUG - 第18代概率模型更新完成
2025-04-08 16:29:40,831 - DEBUG - 第18代完成，当前最优解完工时间: 1916，历史最优解完工时间: 1891
2025-04-08 16:29:41,304 - DEBUG - 
更新概率模型:
2025-04-08 16:29:41,304 - DEBUG - 多样性指标: 0.0428
2025-04-08 16:29:41,304 - DEBUG - 自适应学习率: 0.8346
2025-04-08 16:29:41,304 - DEBUG - 第19代概率模型更新完成
2025-04-08 16:29:41,304 - DEBUG - 第19代完成，当前最优解完工时间: 1930，历史最优解完工时间: 1891
2025-04-08 16:29:41,771 - DEBUG - 
更新概率模型:
2025-04-08 16:29:41,771 - DEBUG - 多样性指标: 0.0433
2025-04-08 16:29:41,771 - DEBUG - 自适应学习率: 0.8356
2025-04-08 16:29:41,771 - DEBUG - 第20代概率模型更新完成
2025-04-08 16:29:41,771 - DEBUG - 第20代完成，当前最优解完工时间: 1918，历史最优解完工时间: 1891
2025-04-08 16:29:42,242 - DEBUG - 
更新概率模型:
2025-04-08 16:29:42,243 - DEBUG - 多样性指标: 0.0471
2025-04-08 16:29:42,243 - DEBUG - 自适应学习率: 0.8396
2025-04-08 16:29:42,243 - DEBUG - 第21代概率模型更新完成
2025-04-08 16:29:42,243 - DEBUG - 第21代完成，当前最优解完工时间: 1911，历史最优解完工时间: 1891
2025-04-08 16:29:42,712 - DEBUG - 
更新概率模型:
2025-04-08 16:29:42,714 - DEBUG - 多样性指标: 0.0372
2025-04-08 16:29:42,714 - DEBUG - 自适应学习率: 0.8302
2025-04-08 16:29:42,714 - DEBUG - 第22代概率模型更新完成
2025-04-08 16:29:42,714 - DEBUG - 第22代完成，当前最优解完工时间: 1927，历史最优解完工时间: 1891
2025-04-08 16:29:43,208 - DEBUG - 
更新概率模型:
2025-04-08 16:29:43,208 - DEBUG - 多样性指标: 0.0360
2025-04-08 16:29:43,208 - DEBUG - 自适应学习率: 0.8284
2025-04-08 16:29:43,208 - DEBUG - 第23代概率模型更新完成
2025-04-08 16:29:43,208 - DEBUG - 第23代完成，当前最优解完工时间: 1953，历史最优解完工时间: 1891
2025-04-08 16:29:43,684 - DEBUG - 
更新概率模型:
2025-04-08 16:29:43,684 - DEBUG - 多样性指标: 0.0418
2025-04-08 16:29:43,684 - DEBUG - 自适应学习率: 0.8313
2025-04-08 16:29:43,684 - DEBUG - 第24代概率模型更新完成
2025-04-08 16:29:43,684 - DEBUG - 第24代完成，当前最优解完工时间: 1964，历史最优解完工时间: 1891
2025-04-08 16:29:44,162 - DEBUG - 
更新概率模型:
2025-04-08 16:29:44,162 - DEBUG - 多样性指标: 0.0393
2025-04-08 16:29:44,162 - DEBUG - 自适应学习率: 0.8332
2025-04-08 16:29:44,162 - DEBUG - 第25代概率模型更新完成
2025-04-08 16:29:44,162 - DEBUG - 第25代完成，当前最优解完工时间: 1932，历史最优解完工时间: 1891
2025-04-08 16:29:44,625 - DEBUG - 
更新概率模型:
2025-04-08 16:29:44,625 - DEBUG - 多样性指标: 0.0415
2025-04-08 16:29:44,625 - DEBUG - 自适应学习率: 0.8351
2025-04-08 16:29:44,625 - DEBUG - 第26代概率模型更新完成
2025-04-08 16:29:44,625 - DEBUG - 第26代完成，当前最优解完工时间: 1930，历史最优解完工时间: 1891
2025-04-08 16:29:45,097 - DEBUG - 
更新概率模型:
2025-04-08 16:29:45,097 - DEBUG - 多样性指标: 0.0446
2025-04-08 16:29:45,097 - DEBUG - 自适应学习率: 0.8352
2025-04-08 16:29:45,097 - DEBUG - 第27代概率模型更新完成
2025-04-08 16:29:45,097 - DEBUG - 第27代完成，当前最优解完工时间: 1927，历史最优解完工时间: 1891
2025-04-08 16:29:45,565 - DEBUG - 
更新概率模型:
2025-04-08 16:29:45,565 - DEBUG - 多样性指标: 0.0374
2025-04-08 16:29:45,565 - DEBUG - 自适应学习率: 0.8264
2025-04-08 16:29:45,565 - DEBUG - 第28代概率模型更新完成
2025-04-08 16:29:45,565 - DEBUG - 第28代完成，当前最优解完工时间: 1969，历史最优解完工时间: 1891
2025-04-08 16:29:46,042 - DEBUG - 
更新概率模型:
2025-04-08 16:29:46,042 - DEBUG - 多样性指标: 0.0373
2025-04-08 16:29:46,042 - DEBUG - 自适应学习率: 0.8324
2025-04-08 16:29:46,042 - DEBUG - 第29代概率模型更新完成
2025-04-08 16:29:46,043 - DEBUG - 第29代完成，当前最优解完工时间: 1940，历史最优解完工时间: 1891
2025-04-08 16:29:46,512 - DEBUG - 
更新概率模型:
2025-04-08 16:29:46,512 - DEBUG - 多样性指标: 0.0469
2025-04-08 16:29:46,512 - DEBUG - 自适应学习率: 0.8292
2025-04-08 16:29:46,512 - DEBUG - 第30代概率模型更新完成
2025-04-08 16:29:46,512 - DEBUG - 第30代完成，当前最优解完工时间: 1965，历史最优解完工时间: 1891
2025-04-08 16:29:46,982 - DEBUG - 
更新概率模型:
2025-04-08 16:29:46,982 - DEBUG - 多样性指标: 0.0490
2025-04-08 16:29:46,982 - DEBUG - 自适应学习率: 0.8356
2025-04-08 16:29:46,982 - DEBUG - 第31代概率模型更新完成
2025-04-08 16:29:46,982 - DEBUG - 第31代完成，当前最优解完工时间: 1935，历史最优解完工时间: 1891
2025-04-08 16:29:47,449 - DEBUG - 
更新概率模型:
2025-04-08 16:29:47,449 - DEBUG - 多样性指标: 0.0360
2025-04-08 16:29:47,449 - DEBUG - 自适应学习率: 0.8347
2025-04-08 16:29:47,449 - DEBUG - 第32代概率模型更新完成
2025-04-08 16:29:47,449 - DEBUG - 第32代完成，当前最优解完工时间: 1923，历史最优解完工时间: 1891
2025-04-08 16:29:47,926 - DEBUG - 
更新概率模型:
2025-04-08 16:29:47,926 - DEBUG - 多样性指标: 0.0403
2025-04-08 16:29:47,926 - DEBUG - 自适应学习率: 0.8358
2025-04-08 16:29:47,926 - DEBUG - 第33代概率模型更新完成
2025-04-08 16:29:47,926 - DEBUG - 第33代完成，当前最优解完工时间: 1932，历史最优解完工时间: 1891
2025-04-08 16:29:48,400 - DEBUG - 
更新概率模型:
2025-04-08 16:29:48,400 - DEBUG - 多样性指标: 0.0446
2025-04-08 16:29:48,400 - DEBUG - 自适应学习率: 0.8395
2025-04-08 16:29:48,400 - DEBUG - 第34代概率模型更新完成
2025-04-08 16:29:48,400 - DEBUG - 第34代完成，当前最优解完工时间: 1925，历史最优解完工时间: 1891
2025-04-08 16:29:48,865 - DEBUG - 
更新概率模型:
2025-04-08 16:29:48,866 - DEBUG - 多样性指标: 0.0416
2025-04-08 16:29:48,866 - DEBUG - 自适应学习率: 0.8324
2025-04-08 16:29:48,866 - DEBUG - 第35代概率模型更新完成
2025-04-08 16:29:48,866 - DEBUG - 第35代完成，当前最优解完工时间: 1938，历史最优解完工时间: 1891
2025-04-08 16:29:49,341 - DEBUG - 
更新概率模型:
2025-04-08 16:29:49,341 - DEBUG - 多样性指标: 0.0387
2025-04-08 16:29:49,342 - DEBUG - 自适应学习率: 0.8344
2025-04-08 16:29:49,342 - DEBUG - 第36代概率模型更新完成
2025-04-08 16:29:49,342 - DEBUG - 第36代完成，当前最优解完工时间: 1930，历史最优解完工时间: 1891
2025-04-08 16:29:49,809 - DEBUG - 
更新概率模型:
2025-04-08 16:29:49,809 - DEBUG - 多样性指标: 0.0410
2025-04-08 16:29:49,809 - DEBUG - 自适应学习率: 0.8313
2025-04-08 16:29:49,809 - DEBUG - 第37代概率模型更新完成
2025-04-08 16:29:49,809 - DEBUG - 第37代完成，当前最优解完工时间: 1939，历史最优解完工时间: 1891
2025-04-08 16:29:50,278 - DEBUG - 
更新概率模型:
2025-04-08 16:29:50,278 - DEBUG - 多样性指标: 0.0383
2025-04-08 16:29:50,278 - DEBUG - 自适应学习率: 0.8307
2025-04-08 16:29:50,278 - DEBUG - 第38代概率模型更新完成
2025-04-08 16:29:50,278 - DEBUG - 第38代完成，当前最优解完工时间: 1952，历史最优解完工时间: 1891
2025-04-08 16:29:50,751 - DEBUG - 
更新概率模型:
2025-04-08 16:29:50,751 - DEBUG - 多样性指标: 0.0412
2025-04-08 16:29:50,751 - DEBUG - 自适应学习率: 0.8329
2025-04-08 16:29:50,751 - DEBUG - 第39代概率模型更新完成
2025-04-08 16:29:50,751 - DEBUG - 第39代完成，当前最优解完工时间: 1938，历史最优解完工时间: 1891
2025-04-08 16:29:51,220 - DEBUG - 
更新概率模型:
2025-04-08 16:29:51,220 - DEBUG - 多样性指标: 0.0419
2025-04-08 16:29:51,220 - DEBUG - 自适应学习率: 0.8311
2025-04-08 16:29:51,220 - DEBUG - 第40代概率模型更新完成
2025-04-08 16:29:51,220 - DEBUG - 第40代完成，当前最优解完工时间: 1948，历史最优解完工时间: 1891
2025-04-08 16:29:51,687 - DEBUG - 
更新概率模型:
2025-04-08 16:29:51,687 - DEBUG - 多样性指标: 0.0465
2025-04-08 16:29:51,687 - DEBUG - 自适应学习率: 0.8373
2025-04-08 16:29:51,687 - DEBUG - 第41代概率模型更新完成
2025-04-08 16:29:51,687 - DEBUG - 第41代完成，当前最优解完工时间: 1910，历史最优解完工时间: 1891
2025-04-08 16:29:52,156 - DEBUG - 
更新概率模型:
2025-04-08 16:29:52,156 - DEBUG - 多样性指标: 0.0380
2025-04-08 16:29:52,156 - DEBUG - 自适应学习率: 0.8420
2025-04-08 16:29:52,156 - DEBUG - 第42代概率模型更新完成
2025-04-08 16:29:52,156 - DEBUG - 第42代完成，当前最优解完工时间: 1896，历史最优解完工时间: 1891
2025-04-08 16:29:52,622 - DEBUG - 
更新概率模型:
2025-04-08 16:29:52,622 - DEBUG - 多样性指标: 0.0443
2025-04-08 16:29:52,622 - DEBUG - 自适应学习率: 0.8372
2025-04-08 16:29:52,622 - DEBUG - 第43代概率模型更新完成
2025-04-08 16:29:52,622 - DEBUG - 第43代完成，当前最优解完工时间: 1920，历史最优解完工时间: 1891
2025-04-08 16:29:53,082 - DEBUG - 
更新概率模型:
2025-04-08 16:29:53,082 - DEBUG - 多样性指标: 0.0392
2025-04-08 16:29:53,082 - DEBUG - 自适应学习率: 0.8351
2025-04-08 16:29:53,082 - DEBUG - 第44代概率模型更新完成
2025-04-08 16:29:53,082 - DEBUG - 第44代完成，当前最优解完工时间: 1924，历史最优解完工时间: 1891
2025-04-08 16:29:53,543 - DEBUG - 
更新概率模型:
2025-04-08 16:29:53,543 - DEBUG - 多样性指标: 0.0394
2025-04-08 16:29:53,543 - DEBUG - 自适应学习率: 0.8318
2025-04-08 16:29:53,543 - DEBUG - 第45代概率模型更新完成
2025-04-08 16:29:53,543 - DEBUG - 第45代完成，当前最优解完工时间: 1946，历史最优解完工时间: 1891
2025-04-08 16:29:54,007 - DEBUG - 
更新概率模型:
2025-04-08 16:29:54,008 - DEBUG - 多样性指标: 0.0420
2025-04-08 16:29:54,008 - DEBUG - 自适应学习率: 0.8386
2025-04-08 16:29:54,008 - DEBUG - 第46代概率模型更新完成
2025-04-08 16:29:54,008 - DEBUG - 第46代完成，当前最优解完工时间: 1910，历史最优解完工时间: 1891
2025-04-08 16:29:54,468 - DEBUG - 
更新概率模型:
2025-04-08 16:29:54,468 - DEBUG - 多样性指标: 0.0418
2025-04-08 16:29:54,468 - DEBUG - 自适应学习率: 0.8379
2025-04-08 16:29:54,468 - DEBUG - 第47代概率模型更新完成
2025-04-08 16:29:54,468 - DEBUG - 第47代完成，当前最优解完工时间: 1908，历史最优解完工时间: 1891
2025-04-08 16:29:54,929 - DEBUG - 
更新概率模型:
2025-04-08 16:29:54,929 - DEBUG - 多样性指标: 0.0430
2025-04-08 16:29:54,929 - DEBUG - 自适应学习率: 0.8401
2025-04-08 16:29:54,929 - DEBUG - 第48代概率模型更新完成
2025-04-08 16:29:54,929 - DEBUG - 第48代完成，当前最优解完工时间: 1920，历史最优解完工时间: 1891
2025-04-08 16:29:55,400 - DEBUG - 
更新概率模型:
2025-04-08 16:29:55,400 - DEBUG - 多样性指标: 0.0388
2025-04-08 16:29:55,400 - DEBUG - 自适应学习率: 0.8322
2025-04-08 16:29:55,400 - DEBUG - 第49代概率模型更新完成
2025-04-08 16:29:55,400 - DEBUG - 第49代完成，当前最优解完工时间: 1936，历史最优解完工时间: 1891
2025-04-08 16:29:55,862 - DEBUG - 
更新概率模型:
2025-04-08 16:29:55,862 - DEBUG - 多样性指标: 0.0440
2025-04-08 16:29:55,862 - DEBUG - 自适应学习率: 0.8393
2025-04-08 16:29:55,862 - DEBUG - 第50代概率模型更新完成
2025-04-08 16:29:55,862 - DEBUG - 第50代完成，当前最优解完工时间: 1915，历史最优解完工时间: 1891
2025-04-08 16:29:56,325 - DEBUG - 
更新概率模型:
2025-04-08 16:29:56,325 - DEBUG - 多样性指标: 0.0356
2025-04-08 16:29:56,325 - DEBUG - 自适应学习率: 0.8352
2025-04-08 16:29:56,325 - DEBUG - 第51代概率模型更新完成
2025-04-08 16:29:56,325 - DEBUG - 第51代完成，当前最优解完工时间: 1917，历史最优解完工时间: 1891
2025-04-08 16:29:56,790 - DEBUG - 
更新概率模型:
2025-04-08 16:29:56,790 - DEBUG - 多样性指标: 0.0485
2025-04-08 16:29:56,790 - DEBUG - 自适应学习率: 0.8427
2025-04-08 16:29:56,790 - DEBUG - 第52代概率模型更新完成
2025-04-08 16:29:56,791 - DEBUG - 第52代完成，当前最优解完工时间: 1905，历史最优解完工时间: 1891
2025-04-08 16:29:57,260 - DEBUG - 
更新概率模型:
2025-04-08 16:29:57,260 - DEBUG - 多样性指标: 0.0407
2025-04-08 16:29:57,260 - DEBUG - 自适应学习率: 0.8389
2025-04-08 16:29:57,260 - DEBUG - 第53代概率模型更新完成
2025-04-08 16:29:57,260 - DEBUG - 第53代完成，当前最优解完工时间: 1908，历史最优解完工时间: 1891
2025-04-08 16:29:57,722 - DEBUG - 
更新概率模型:
2025-04-08 16:29:57,722 - DEBUG - 多样性指标: 0.0412
2025-04-08 16:29:57,722 - DEBUG - 自适应学习率: 0.8352
2025-04-08 16:29:57,722 - DEBUG - 第54代概率模型更新完成
2025-04-08 16:29:57,722 - DEBUG - 第54代完成，当前最优解完工时间: 1934，历史最优解完工时间: 1891
2025-04-08 16:29:58,190 - DEBUG - 
更新概率模型:
2025-04-08 16:29:58,191 - DEBUG - 多样性指标: 0.0420
2025-04-08 16:29:58,191 - DEBUG - 自适应学习率: 0.8335
2025-04-08 16:29:58,191 - DEBUG - 第55代概率模型更新完成
2025-04-08 16:29:58,191 - DEBUG - 第55代完成，当前最优解完工时间: 1934，历史最优解完工时间: 1891
2025-04-08 16:29:58,655 - DEBUG - 
更新概率模型:
2025-04-08 16:29:58,655 - DEBUG - 多样性指标: 0.0386
2025-04-08 16:29:58,655 - DEBUG - 自适应学习率: 0.8305
2025-04-08 16:29:58,655 - DEBUG - 第56代概率模型更新完成
2025-04-08 16:29:58,655 - DEBUG - 第56代完成，当前最优解完工时间: 1952，历史最优解完工时间: 1891
2025-04-08 16:29:59,122 - DEBUG - 
更新概率模型:
2025-04-08 16:29:59,122 - DEBUG - 多样性指标: 0.0412
2025-04-08 16:29:59,122 - DEBUG - 自适应学习率: 0.8316
2025-04-08 16:29:59,122 - DEBUG - 第57代概率模型更新完成
2025-04-08 16:29:59,123 - DEBUG - 第57代完成，当前最优解完工时间: 1948，历史最优解完工时间: 1891
2025-04-08 16:29:59,584 - DEBUG - 
更新概率模型:
2025-04-08 16:29:59,584 - DEBUG - 多样性指标: 0.0483
2025-04-08 16:29:59,584 - DEBUG - 自适应学习率: 0.8385
2025-04-08 16:29:59,584 - DEBUG - 第58代概率模型更新完成
2025-04-08 16:29:59,584 - DEBUG - 第58代完成，当前最优解完工时间: 1913，历史最优解完工时间: 1891
2025-04-08 16:30:00,053 - DEBUG - 
更新概率模型:
2025-04-08 16:30:00,053 - DEBUG - 多样性指标: 0.0417
2025-04-08 16:30:00,053 - DEBUG - 自适应学习率: 0.8296
2025-04-08 16:30:00,053 - DEBUG - 第59代概率模型更新完成
2025-04-08 16:30:00,053 - DEBUG - 第59代完成，当前最优解完工时间: 1943，历史最优解完工时间: 1891
2025-04-08 16:30:00,516 - DEBUG - 
更新概率模型:
2025-04-08 16:30:00,516 - DEBUG - 多样性指标: 0.0385
2025-04-08 16:30:00,516 - DEBUG - 自适应学习率: 0.8333
2025-04-08 16:30:00,516 - DEBUG - 第60代概率模型更新完成
2025-04-08 16:30:00,516 - DEBUG - 第60代完成，当前最优解完工时间: 1926，历史最优解完工时间: 1891
2025-04-08 16:30:00,985 - DEBUG - 
更新概率模型:
2025-04-08 16:30:00,986 - DEBUG - 多样性指标: 0.0429
2025-04-08 16:30:00,986 - DEBUG - 自适应学习率: 0.8360
2025-04-08 16:30:00,986 - DEBUG - 第61代概率模型更新完成
2025-04-08 16:30:00,986 - DEBUG - 第61代完成，当前最优解完工时间: 1941，历史最优解完工时间: 1891
2025-04-08 16:30:01,458 - DEBUG - 
更新概率模型:
2025-04-08 16:30:01,459 - DEBUG - 多样性指标: 0.0397
2025-04-08 16:30:01,459 - DEBUG - 自适应学习率: 0.8319
2025-04-08 16:30:01,459 - DEBUG - 第62代概率模型更新完成
2025-04-08 16:30:01,459 - DEBUG - 第62代完成，当前最优解完工时间: 1951，历史最优解完工时间: 1891
2025-04-08 16:30:01,923 - DEBUG - 
更新概率模型:
2025-04-08 16:30:01,924 - DEBUG - 多样性指标: 0.0412
2025-04-08 16:30:01,924 - DEBUG - 自适应学习率: 0.8349
2025-04-08 16:30:01,924 - DEBUG - 第63代概率模型更新完成
2025-04-08 16:30:01,924 - DEBUG - 第63代完成，当前最优解完工时间: 1930，历史最优解完工时间: 1891
2025-04-08 16:30:02,391 - DEBUG - 
更新概率模型:
2025-04-08 16:30:02,391 - DEBUG - 多样性指标: 0.0408
2025-04-08 16:30:02,391 - DEBUG - 自适应学习率: 0.8372
2025-04-08 16:30:02,391 - DEBUG - 第64代概率模型更新完成
2025-04-08 16:30:02,391 - DEBUG - 第64代完成，当前最优解完工时间: 1925，历史最优解完工时间: 1891
2025-04-08 16:30:02,855 - DEBUG - 
更新概率模型:
2025-04-08 16:30:02,855 - DEBUG - 多样性指标: 0.0461
2025-04-08 16:30:02,855 - DEBUG - 自适应学习率: 0.8330
2025-04-08 16:30:02,855 - DEBUG - 第65代概率模型更新完成
2025-04-08 16:30:02,855 - DEBUG - 第65代完成，当前最优解完工时间: 1943，历史最优解完工时间: 1891
2025-04-08 16:30:03,319 - DEBUG - 
更新概率模型:
2025-04-08 16:30:03,319 - DEBUG - 多样性指标: 0.0459
2025-04-08 16:30:03,319 - DEBUG - 自适应学习率: 0.8365
2025-04-08 16:30:03,319 - DEBUG - 第66代概率模型更新完成
2025-04-08 16:30:03,319 - DEBUG - 第66代完成，当前最优解完工时间: 1935，历史最优解完工时间: 1891
2025-04-08 16:30:03,784 - DEBUG - 
更新概率模型:
2025-04-08 16:30:03,784 - DEBUG - 多样性指标: 0.0426
2025-04-08 16:30:03,784 - DEBUG - 自适应学习率: 0.8319
2025-04-08 16:30:03,784 - DEBUG - 第67代概率模型更新完成
2025-04-08 16:30:03,784 - DEBUG - 第67代完成，当前最优解完工时间: 1946，历史最优解完工时间: 1891
2025-04-08 16:30:04,249 - DEBUG - 
更新概率模型:
2025-04-08 16:30:04,249 - DEBUG - 多样性指标: 0.0427
2025-04-08 16:30:04,249 - DEBUG - 自适应学习率: 0.8314
2025-04-08 16:30:04,249 - DEBUG - 第68代概率模型更新完成
2025-04-08 16:30:04,249 - DEBUG - 第68代完成，当前最优解完工时间: 1967，历史最优解完工时间: 1891
2025-04-08 16:30:04,716 - DEBUG - 
更新概率模型:
2025-04-08 16:30:04,716 - DEBUG - 多样性指标: 0.0402
2025-04-08 16:30:04,716 - DEBUG - 自适应学习率: 0.8308
2025-04-08 16:30:04,716 - DEBUG - 第69代概率模型更新完成
2025-04-08 16:30:04,716 - DEBUG - 第69代完成，当前最优解完工时间: 1958，历史最优解完工时间: 1891
2025-04-08 16:30:05,180 - DEBUG - 
更新概率模型:
2025-04-08 16:30:05,180 - DEBUG - 多样性指标: 0.0387
2025-04-08 16:30:05,180 - DEBUG - 自适应学习率: 0.8329
2025-04-08 16:30:05,180 - DEBUG - 第70代概率模型更新完成
2025-04-08 16:30:05,180 - DEBUG - 第70代完成，当前最优解完工时间: 1951，历史最优解完工时间: 1891
2025-04-08 16:30:05,641 - DEBUG - 
更新概率模型:
2025-04-08 16:30:05,642 - DEBUG - 多样性指标: 0.0366
2025-04-08 16:30:05,642 - DEBUG - 自适应学习率: 0.8331
2025-04-08 16:30:05,642 - DEBUG - 第71代概率模型更新完成
2025-04-08 16:30:05,642 - DEBUG - 第71代完成，当前最优解完工时间: 1927，历史最优解完工时间: 1891
2025-04-08 16:30:06,105 - DEBUG - 
更新概率模型:
2025-04-08 16:30:06,105 - DEBUG - 多样性指标: 0.0355
2025-04-08 16:30:06,105 - DEBUG - 自适应学习率: 0.8282
2025-04-08 16:30:06,105 - DEBUG - 第72代概率模型更新完成
2025-04-08 16:30:06,105 - DEBUG - 第72代完成，当前最优解完工时间: 1946，历史最优解完工时间: 1891
2025-04-08 16:30:06,565 - DEBUG - 
更新概率模型:
2025-04-08 16:30:06,565 - DEBUG - 多样性指标: 0.0413
2025-04-08 16:30:06,565 - DEBUG - 自适应学习率: 0.8361
2025-04-08 16:30:06,565 - DEBUG - 第73代概率模型更新完成
2025-04-08 16:30:06,565 - DEBUG - 第73代完成，当前最优解完工时间: 1933，历史最优解完工时间: 1891
2025-04-08 16:30:07,030 - DEBUG - 
更新概率模型:
2025-04-08 16:30:07,030 - DEBUG - 多样性指标: 0.0397
2025-04-08 16:30:07,030 - DEBUG - 自适应学习率: 0.8372
2025-04-08 16:30:07,030 - DEBUG - 第74代概率模型更新完成
2025-04-08 16:30:07,030 - DEBUG - 第74代完成，当前最优解完工时间: 1917，历史最优解完工时间: 1891
2025-04-08 16:30:07,494 - DEBUG - 
更新概率模型:
2025-04-08 16:30:07,494 - DEBUG - 多样性指标: 0.0367
2025-04-08 16:30:07,494 - DEBUG - 自适应学习率: 0.8348
2025-04-08 16:30:07,494 - DEBUG - 第75代概率模型更新完成
2025-04-08 16:30:07,494 - DEBUG - 第75代完成，当前最优解完工时间: 1930，历史最优解完工时间: 1891
2025-04-08 16:30:07,957 - DEBUG - 
更新概率模型:
2025-04-08 16:30:07,957 - DEBUG - 多样性指标: 0.0412
2025-04-08 16:30:07,957 - DEBUG - 自适应学习率: 0.8287
2025-04-08 16:30:07,957 - DEBUG - 第76代概率模型更新完成
2025-04-08 16:30:07,957 - DEBUG - 第76代完成，当前最优解完工时间: 1947，历史最优解完工时间: 1891
2025-04-08 16:30:08,421 - DEBUG - 
更新概率模型:
2025-04-08 16:30:08,421 - DEBUG - 多样性指标: 0.0394
2025-04-08 16:30:08,421 - DEBUG - 自适应学习率: 0.8330
2025-04-08 16:30:08,421 - DEBUG - 第77代概率模型更新完成
2025-04-08 16:30:08,421 - DEBUG - 第77代完成，当前最优解完工时间: 1931，历史最优解完工时间: 1891
2025-04-08 16:30:08,887 - DEBUG - 
更新概率模型:
2025-04-08 16:30:08,887 - DEBUG - 多样性指标: 0.0415
2025-04-08 16:30:08,887 - DEBUG - 自适应学习率: 0.8348
2025-04-08 16:30:08,887 - DEBUG - 第78代概率模型更新完成
2025-04-08 16:30:08,887 - DEBUG - 第78代完成，当前最优解完工时间: 1928，历史最优解完工时间: 1891
2025-04-08 16:30:09,346 - DEBUG - 
更新概率模型:
2025-04-08 16:30:09,346 - DEBUG - 多样性指标: 0.0405
2025-04-08 16:30:09,346 - DEBUG - 自适应学习率: 0.8365
2025-04-08 16:30:09,346 - DEBUG - 第79代概率模型更新完成
2025-04-08 16:30:09,346 - DEBUG - 第79代完成，当前最优解完工时间: 1907，历史最优解完工时间: 1891
2025-04-08 16:30:09,809 - DEBUG - 
更新概率模型:
2025-04-08 16:30:09,809 - DEBUG - 多样性指标: 0.0469
2025-04-08 16:30:09,809 - DEBUG - 自适应学习率: 0.8388
2025-04-08 16:30:09,809 - DEBUG - 第80代概率模型更新完成
2025-04-08 16:30:09,809 - DEBUG - 第80代完成，当前最优解完工时间: 1920，历史最优解完工时间: 1891
2025-04-08 16:30:10,275 - DEBUG - 
更新概率模型:
2025-04-08 16:30:10,275 - DEBUG - 多样性指标: 0.0395
2025-04-08 16:30:10,275 - DEBUG - 自适应学习率: 0.8370
2025-04-08 16:30:10,275 - DEBUG - 第81代概率模型更新完成
2025-04-08 16:30:10,275 - DEBUG - 第81代完成，当前最优解完工时间: 1921，历史最优解完工时间: 1891
2025-04-08 16:30:10,739 - DEBUG - 
更新概率模型:
2025-04-08 16:30:10,739 - DEBUG - 多样性指标: 0.0398
2025-04-08 16:30:10,739 - DEBUG - 自适应学习率: 0.8369
2025-04-08 16:30:10,739 - DEBUG - 第82代概率模型更新完成
2025-04-08 16:30:10,739 - DEBUG - 第82代完成，当前最优解完工时间: 1917，历史最优解完工时间: 1891
2025-04-08 16:30:11,207 - DEBUG - 
更新概率模型:
2025-04-08 16:30:11,207 - DEBUG - 多样性指标: 0.0406
2025-04-08 16:30:11,207 - DEBUG - 自适应学习率: 0.8365
2025-04-08 16:30:11,207 - DEBUG - 第83代概率模型更新完成
2025-04-08 16:30:11,207 - DEBUG - 第83代完成，当前最优解完工时间: 1925，历史最优解完工时间: 1891
2025-04-08 16:30:11,691 - DEBUG - 
更新概率模型:
2025-04-08 16:30:11,691 - DEBUG - 多样性指标: 0.0400
2025-04-08 16:30:11,691 - DEBUG - 自适应学习率: 0.8313
2025-04-08 16:30:11,691 - DEBUG - 第84代概率模型更新完成
2025-04-08 16:30:11,691 - DEBUG - 第84代完成，当前最优解完工时间: 1940，历史最优解完工时间: 1891
2025-04-08 16:30:12,162 - DEBUG - 
更新概率模型:
2025-04-08 16:30:12,162 - DEBUG - 多样性指标: 0.0388
2025-04-08 16:30:12,162 - DEBUG - 自适应学习率: 0.8329
2025-04-08 16:30:12,162 - DEBUG - 第85代概率模型更新完成
2025-04-08 16:30:12,162 - DEBUG - 第85代完成，当前最优解完工时间: 1933，历史最优解完工时间: 1891
2025-04-08 16:30:12,639 - DEBUG - 
更新概率模型:
2025-04-08 16:30:12,639 - DEBUG - 多样性指标: 0.0378
2025-04-08 16:30:12,640 - DEBUG - 自适应学习率: 0.8343
2025-04-08 16:30:12,640 - DEBUG - 第86代概率模型更新完成
2025-04-08 16:30:12,640 - DEBUG - 第86代完成，当前最优解完工时间: 1918，历史最优解完工时间: 1891
2025-04-08 16:30:13,106 - DEBUG - 
更新概率模型:
2025-04-08 16:30:13,106 - DEBUG - 多样性指标: 0.0432
2025-04-08 16:30:13,106 - DEBUG - 自适应学习率: 0.8410
2025-04-08 16:30:13,106 - DEBUG - 第87代概率模型更新完成
2025-04-08 16:30:13,106 - DEBUG - 第87代完成，当前最优解完工时间: 1904，历史最优解完工时间: 1891
2025-04-08 16:30:13,579 - DEBUG - 
更新概率模型:
2025-04-08 16:30:13,580 - DEBUG - 多样性指标: 0.0446
2025-04-08 16:30:13,580 - DEBUG - 自适应学习率: 0.8360
2025-04-08 16:30:13,580 - DEBUG - 第88代概率模型更新完成
2025-04-08 16:30:13,580 - DEBUG - 第88代完成，当前最优解完工时间: 1925，历史最优解完工时间: 1891
2025-04-08 16:30:14,065 - DEBUG - 
更新概率模型:
2025-04-08 16:30:14,065 - DEBUG - 多样性指标: 0.0390
2025-04-08 16:30:14,065 - DEBUG - 自适应学习率: 0.8326
2025-04-08 16:30:14,065 - DEBUG - 第89代概率模型更新完成
2025-04-08 16:30:14,066 - DEBUG - 第89代完成，当前最优解完工时间: 1928，历史最优解完工时间: 1891
2025-04-08 16:30:14,531 - DEBUG - 
更新概率模型:
2025-04-08 16:30:14,531 - DEBUG - 多样性指标: 0.0401
2025-04-08 16:30:14,531 - DEBUG - 自适应学习率: 0.8401
2025-04-08 16:30:14,532 - DEBUG - 第90代概率模型更新完成
2025-04-08 16:30:14,532 - DEBUG - 第90代完成，当前最优解完工时间: 1907，历史最优解完工时间: 1891
2025-04-08 16:30:15,003 - DEBUG - 
更新概率模型:
2025-04-08 16:30:15,003 - DEBUG - 多样性指标: 0.0417
2025-04-08 16:30:15,003 - DEBUG - 自适应学习率: 0.8340
2025-04-08 16:30:15,003 - DEBUG - 第91代概率模型更新完成
2025-04-08 16:30:15,003 - DEBUG - 第91代完成，当前最优解完工时间: 1941，历史最优解完工时间: 1891
2025-04-08 16:30:15,474 - DEBUG - 
更新概率模型:
2025-04-08 16:30:15,474 - DEBUG - 多样性指标: 0.0409
2025-04-08 16:30:15,474 - DEBUG - 自适应学习率: 0.8359
2025-04-08 16:30:15,474 - DEBUG - 第92代概率模型更新完成
2025-04-08 16:30:15,474 - DEBUG - 第92代完成，当前最优解完工时间: 1937，历史最优解完工时间: 1891
2025-04-08 16:30:15,940 - DEBUG - 
更新概率模型:
2025-04-08 16:30:15,940 - DEBUG - 多样性指标: 0.0418
2025-04-08 16:30:15,940 - DEBUG - 自适应学习率: 0.8365
2025-04-08 16:30:15,940 - DEBUG - 第93代概率模型更新完成
2025-04-08 16:30:15,940 - DEBUG - 第93代完成，当前最优解完工时间: 1934，历史最优解完工时间: 1891
2025-04-08 16:30:16,413 - DEBUG - 
更新概率模型:
2025-04-08 16:30:16,413 - DEBUG - 多样性指标: 0.0422
2025-04-08 16:30:16,413 - DEBUG - 自适应学习率: 0.8328
2025-04-08 16:30:16,413 - DEBUG - 第94代概率模型更新完成
2025-04-08 16:30:16,413 - DEBUG - 第94代完成，当前最优解完工时间: 1944，历史最优解完工时间: 1891
2025-04-08 16:30:16,874 - DEBUG - 
更新概率模型:
2025-04-08 16:30:16,875 - DEBUG - 多样性指标: 0.0419
2025-04-08 16:30:16,875 - DEBUG - 自适应学习率: 0.8301
2025-04-08 16:30:16,875 - DEBUG - 第95代概率模型更新完成
2025-04-08 16:30:16,875 - DEBUG - 第95代完成，当前最优解完工时间: 1952，历史最优解完工时间: 1891
2025-04-08 16:30:17,341 - DEBUG - 
更新概率模型:
2025-04-08 16:30:17,341 - DEBUG - 多样性指标: 0.0401
2025-04-08 16:30:17,341 - DEBUG - 自适应学习率: 0.8441
2025-04-08 16:30:17,341 - DEBUG - 第96代概率模型更新完成
2025-04-08 16:30:17,341 - DEBUG - 第96代完成，当前最优解完工时间: 1892，历史最优解完工时间: 1891
2025-04-08 16:30:17,798 - DEBUG - 
更新概率模型:
2025-04-08 16:30:17,798 - DEBUG - 多样性指标: 0.0390
2025-04-08 16:30:17,798 - DEBUG - 自适应学习率: 0.8301
2025-04-08 16:30:17,798 - DEBUG - 第97代概率模型更新完成
2025-04-08 16:30:17,798 - DEBUG - 第97代完成，当前最优解完工时间: 1944，历史最优解完工时间: 1891
2025-04-08 16:30:18,268 - DEBUG - 
更新概率模型:
2025-04-08 16:30:18,268 - DEBUG - 多样性指标: 0.0439
2025-04-08 16:30:18,268 - DEBUG - 自适应学习率: 0.8342
2025-04-08 16:30:18,268 - DEBUG - 第98代概率模型更新完成
2025-04-08 16:30:18,268 - DEBUG - 第98代完成，当前最优解完工时间: 1942，历史最优解完工时间: 1891
2025-04-08 16:30:18,726 - DEBUG - 
更新概率模型:
2025-04-08 16:30:18,726 - DEBUG - 多样性指标: 0.0412
2025-04-08 16:30:18,726 - DEBUG - 自适应学习率: 0.8362
2025-04-08 16:30:18,726 - DEBUG - 第99代概率模型更新完成
2025-04-08 16:30:18,726 - DEBUG - 第99代完成，当前最优解完工时间: 1945，历史最优解完工时间: 1891
2025-04-08 16:33:22,984 - DEBUG - 
更新概率模型:
2025-04-08 16:33:22,984 - DEBUG - 多样性指标: 0.0439
2025-04-08 16:33:22,984 - DEBUG - 自适应学习率: 0.8358
2025-04-08 16:33:23,474 - DEBUG - 
更新概率模型:
2025-04-08 16:33:23,474 - DEBUG - 多样性指标: 0.0459
2025-04-08 16:33:23,474 - DEBUG - 自适应学习率: 0.8382
2025-04-08 16:33:23,966 - DEBUG - 
更新概率模型:
2025-04-08 16:33:23,968 - DEBUG - 多样性指标: 0.0408
2025-04-08 16:33:23,968 - DEBUG - 自适应学习率: 0.8279
2025-04-08 16:33:24,454 - DEBUG - 
更新概率模型:
2025-04-08 16:33:24,454 - DEBUG - 多样性指标: 0.0486
2025-04-08 16:33:24,454 - DEBUG - 自适应学习率: 0.8411
2025-04-08 16:33:24,951 - DEBUG - 
更新概率模型:
2025-04-08 16:33:24,951 - DEBUG - 多样性指标: 0.0414
2025-04-08 16:33:24,951 - DEBUG - 自适应学习率: 0.8394
2025-04-08 16:33:25,450 - DEBUG - 
更新概率模型:
2025-04-08 16:33:25,450 - DEBUG - 多样性指标: 0.0406
2025-04-08 16:33:25,450 - DEBUG - 自适应学习率: 0.8320
2025-04-08 16:33:25,952 - DEBUG - 
更新概率模型:
2025-04-08 16:33:25,952 - DEBUG - 多样性指标: 0.0419
2025-04-08 16:33:25,952 - DEBUG - 自适应学习率: 0.8354
2025-04-08 16:33:26,443 - DEBUG - 
更新概率模型:
2025-04-08 16:33:26,443 - DEBUG - 多样性指标: 0.0430
2025-04-08 16:33:26,443 - DEBUG - 自适应学习率: 0.8460
2025-04-08 16:33:26,929 - DEBUG - 
更新概率模型:
2025-04-08 16:33:26,930 - DEBUG - 多样性指标: 0.0392
2025-04-08 16:33:26,930 - DEBUG - 自适应学习率: 0.8281
2025-04-08 16:33:27,422 - DEBUG - 
更新概率模型:
2025-04-08 16:33:27,422 - DEBUG - 多样性指标: 0.0401
2025-04-08 16:33:27,422 - DEBUG - 自适应学习率: 0.8323
2025-04-08 16:33:27,915 - DEBUG - 
更新概率模型:
2025-04-08 16:33:27,915 - DEBUG - 多样性指标: 0.0380
2025-04-08 16:33:27,915 - DEBUG - 自适应学习率: 0.8280
2025-04-08 16:33:28,395 - DEBUG - 
更新概率模型:
2025-04-08 16:33:28,395 - DEBUG - 多样性指标: 0.0406
2025-04-08 16:33:28,395 - DEBUG - 自适应学习率: 0.8301
2025-04-08 16:33:28,875 - DEBUG - 
更新概率模型:
2025-04-08 16:33:28,875 - DEBUG - 多样性指标: 0.0396
2025-04-08 16:33:28,875 - DEBUG - 自适应学习率: 0.8376
2025-04-08 16:33:29,372 - DEBUG - 
更新概率模型:
2025-04-08 16:33:29,372 - DEBUG - 多样性指标: 0.0456
2025-04-08 16:33:29,372 - DEBUG - 自适应学习率: 0.8327
2025-04-08 16:33:29,880 - DEBUG - 
更新概率模型:
2025-04-08 16:33:29,880 - DEBUG - 多样性指标: 0.0415
2025-04-08 16:33:29,880 - DEBUG - 自适应学习率: 0.8327
2025-04-08 16:33:30,373 - DEBUG - 
更新概率模型:
2025-04-08 16:33:30,373 - DEBUG - 多样性指标: 0.0433
2025-04-08 16:33:30,373 - DEBUG - 自适应学习率: 0.8337
2025-04-08 16:33:30,852 - DEBUG - 
更新概率模型:
2025-04-08 16:33:30,852 - DEBUG - 多样性指标: 0.0420
2025-04-08 16:33:30,852 - DEBUG - 自适应学习率: 0.8286
2025-04-08 16:33:31,334 - DEBUG - 
更新概率模型:
2025-04-08 16:33:31,334 - DEBUG - 多样性指标: 0.0502
2025-04-08 16:33:31,334 - DEBUG - 自适应学习率: 0.8483
2025-04-08 16:33:31,821 - DEBUG - 
更新概率模型:
2025-04-08 16:33:31,821 - DEBUG - 多样性指标: 0.0373
2025-04-08 16:33:31,821 - DEBUG - 自适应学习率: 0.8301
2025-04-08 16:33:32,310 - DEBUG - 
更新概率模型:
2025-04-08 16:33:32,310 - DEBUG - 多样性指标: 0.0410
2025-04-08 16:33:32,310 - DEBUG - 自适应学习率: 0.8376
2025-04-08 16:33:32,779 - DEBUG - 
更新概率模型:
2025-04-08 16:33:32,779 - DEBUG - 多样性指标: 0.0384
2025-04-08 16:33:32,779 - DEBUG - 自适应学习率: 0.8352
2025-04-08 16:33:33,257 - DEBUG - 
更新概率模型:
2025-04-08 16:33:33,257 - DEBUG - 多样性指标: 0.0443
2025-04-08 16:33:33,257 - DEBUG - 自适应学习率: 0.8376
2025-04-08 16:33:33,722 - DEBUG - 
更新概率模型:
2025-04-08 16:33:33,723 - DEBUG - 多样性指标: 0.0491
2025-04-08 16:33:33,723 - DEBUG - 自适应学习率: 0.8313
2025-04-08 16:33:34,201 - DEBUG - 
更新概率模型:
2025-04-08 16:33:34,201 - DEBUG - 多样性指标: 0.0405
2025-04-08 16:33:34,201 - DEBUG - 自适应学习率: 0.8308
2025-04-08 16:33:34,680 - DEBUG - 
更新概率模型:
2025-04-08 16:33:34,680 - DEBUG - 多样性指标: 0.0441
2025-04-08 16:33:34,680 - DEBUG - 自适应学习率: 0.8337
2025-04-08 16:33:35,148 - DEBUG - 
更新概率模型:
2025-04-08 16:33:35,148 - DEBUG - 多样性指标: 0.0382
2025-04-08 16:33:35,148 - DEBUG - 自适应学习率: 0.8276
2025-04-08 16:33:35,612 - DEBUG - 
更新概率模型:
2025-04-08 16:33:35,612 - DEBUG - 多样性指标: 0.0416
2025-04-08 16:33:35,612 - DEBUG - 自适应学习率: 0.8353
2025-04-08 16:33:36,128 - DEBUG - 
更新概率模型:
2025-04-08 16:33:36,128 - DEBUG - 多样性指标: 0.0392
2025-04-08 16:33:36,128 - DEBUG - 自适应学习率: 0.8321
2025-04-08 16:33:36,638 - DEBUG - 
更新概率模型:
2025-04-08 16:33:36,638 - DEBUG - 多样性指标: 0.0464
2025-04-08 16:33:36,638 - DEBUG - 自适应学习率: 0.8376
2025-04-08 16:33:37,147 - DEBUG - 
更新概率模型:
2025-04-08 16:33:37,147 - DEBUG - 多样性指标: 0.0405
2025-04-08 16:33:37,147 - DEBUG - 自适应学习率: 0.8359
2025-04-08 16:33:37,644 - DEBUG - 
更新概率模型:
2025-04-08 16:33:37,644 - DEBUG - 多样性指标: 0.0408
2025-04-08 16:33:37,644 - DEBUG - 自适应学习率: 0.8367
2025-04-08 16:33:38,150 - DEBUG - 
更新概率模型:
2025-04-08 16:33:38,150 - DEBUG - 多样性指标: 0.0436
2025-04-08 16:33:38,150 - DEBUG - 自适应学习率: 0.8391
2025-04-08 16:33:38,657 - DEBUG - 
更新概率模型:
2025-04-08 16:33:38,657 - DEBUG - 多样性指标: 0.0477
2025-04-08 16:33:38,657 - DEBUG - 自适应学习率: 0.8381
2025-04-08 16:33:39,162 - DEBUG - 
更新概率模型:
2025-04-08 16:33:39,162 - DEBUG - 多样性指标: 0.0422
2025-04-08 16:33:39,162 - DEBUG - 自适应学习率: 0.8359
2025-04-08 16:33:39,665 - DEBUG - 
更新概率模型:
2025-04-08 16:33:39,665 - DEBUG - 多样性指标: 0.0466
2025-04-08 16:33:39,665 - DEBUG - 自适应学习率: 0.8392
2025-04-08 16:33:40,175 - DEBUG - 
更新概率模型:
2025-04-08 16:33:40,175 - DEBUG - 多样性指标: 0.0454
2025-04-08 16:33:40,175 - DEBUG - 自适应学习率: 0.8389
2025-04-08 16:33:40,676 - DEBUG - 
更新概率模型:
2025-04-08 16:33:40,676 - DEBUG - 多样性指标: 0.0408
2025-04-08 16:33:40,676 - DEBUG - 自适应学习率: 0.8353
2025-04-08 16:33:41,181 - DEBUG - 
更新概率模型:
2025-04-08 16:33:41,181 - DEBUG - 多样性指标: 0.0458
2025-04-08 16:33:41,181 - DEBUG - 自适应学习率: 0.8360
2025-04-08 16:33:41,686 - DEBUG - 
更新概率模型:
2025-04-08 16:33:41,687 - DEBUG - 多样性指标: 0.0398
2025-04-08 16:33:41,687 - DEBUG - 自适应学习率: 0.8373
2025-04-08 16:33:42,194 - DEBUG - 
更新概率模型:
2025-04-08 16:33:42,194 - DEBUG - 多样性指标: 0.0428
2025-04-08 16:33:42,194 - DEBUG - 自适应学习率: 0.8392
2025-04-08 16:33:42,697 - DEBUG - 
更新概率模型:
2025-04-08 16:33:42,697 - DEBUG - 多样性指标: 0.0450
2025-04-08 16:33:42,697 - DEBUG - 自适应学习率: 0.8391
2025-04-08 16:33:43,204 - DEBUG - 
更新概率模型:
2025-04-08 16:33:43,204 - DEBUG - 多样性指标: 0.0434
2025-04-08 16:33:43,204 - DEBUG - 自适应学习率: 0.8401
2025-04-08 16:33:43,698 - DEBUG - 
更新概率模型:
2025-04-08 16:33:43,698 - DEBUG - 多样性指标: 0.0448
2025-04-08 16:33:43,698 - DEBUG - 自适应学习率: 0.8381
2025-04-08 16:33:44,214 - DEBUG - 
更新概率模型:
2025-04-08 16:33:44,214 - DEBUG - 多样性指标: 0.0468
2025-04-08 16:33:44,214 - DEBUG - 自适应学习率: 0.8420
2025-04-08 16:33:44,732 - DEBUG - 
更新概率模型:
2025-04-08 16:33:44,732 - DEBUG - 多样性指标: 0.0436
2025-04-08 16:33:44,732 - DEBUG - 自适应学习率: 0.8394
2025-04-08 16:33:45,247 - DEBUG - 
更新概率模型:
2025-04-08 16:33:45,247 - DEBUG - 多样性指标: 0.0439
2025-04-08 16:33:45,247 - DEBUG - 自适应学习率: 0.8405
2025-04-08 16:33:45,747 - DEBUG - 
更新概率模型:
2025-04-08 16:33:45,747 - DEBUG - 多样性指标: 0.0433
2025-04-08 16:33:45,747 - DEBUG - 自适应学习率: 0.8372
2025-04-08 16:33:46,255 - DEBUG - 
更新概率模型:
2025-04-08 16:33:46,256 - DEBUG - 多样性指标: 0.0455
2025-04-08 16:33:46,256 - DEBUG - 自适应学习率: 0.8401
2025-04-08 16:33:46,754 - DEBUG - 
更新概率模型:
2025-04-08 16:33:46,754 - DEBUG - 多样性指标: 0.0400
2025-04-08 16:33:46,754 - DEBUG - 自适应学习率: 0.8386
2025-04-08 16:33:47,256 - DEBUG - 
更新概率模型:
2025-04-08 16:33:47,256 - DEBUG - 多样性指标: 0.0430
2025-04-08 16:33:47,256 - DEBUG - 自适应学习率: 0.8382
2025-04-08 16:33:47,758 - DEBUG - 
更新概率模型:
2025-04-08 16:33:47,758 - DEBUG - 多样性指标: 0.0443
2025-04-08 16:33:47,758 - DEBUG - 自适应学习率: 0.8401
2025-04-08 16:33:48,260 - DEBUG - 
更新概率模型:
2025-04-08 16:33:48,260 - DEBUG - 多样性指标: 0.0378
2025-04-08 16:33:48,260 - DEBUG - 自适应学习率: 0.8387
2025-04-08 16:33:48,758 - DEBUG - 
更新概率模型:
2025-04-08 16:33:48,758 - DEBUG - 多样性指标: 0.0455
2025-04-08 16:33:48,758 - DEBUG - 自适应学习率: 0.8398
2025-04-08 16:33:49,265 - DEBUG - 
更新概率模型:
2025-04-08 16:33:49,265 - DEBUG - 多样性指标: 0.0392
2025-04-08 16:33:49,265 - DEBUG - 自适应学习率: 0.8374
2025-04-08 16:33:49,762 - DEBUG - 
更新概率模型:
2025-04-08 16:33:49,762 - DEBUG - 多样性指标: 0.0438
2025-04-08 16:33:49,762 - DEBUG - 自适应学习率: 0.8411
2025-04-08 16:33:50,264 - DEBUG - 
更新概率模型:
2025-04-08 16:33:50,264 - DEBUG - 多样性指标: 0.0407
2025-04-08 16:33:50,264 - DEBUG - 自适应学习率: 0.8392
2025-04-08 16:33:50,758 - DEBUG - 
更新概率模型:
2025-04-08 16:33:50,758 - DEBUG - 多样性指标: 0.0435
2025-04-08 16:33:50,758 - DEBUG - 自适应学习率: 0.8415
2025-04-08 16:33:51,261 - DEBUG - 
更新概率模型:
2025-04-08 16:33:51,261 - DEBUG - 多样性指标: 0.0424
2025-04-08 16:33:51,261 - DEBUG - 自适应学习率: 0.8427
2025-04-08 16:33:51,759 - DEBUG - 
更新概率模型:
2025-04-08 16:33:51,759 - DEBUG - 多样性指标: 0.0408
2025-04-08 16:33:51,759 - DEBUG - 自适应学习率: 0.8396
2025-04-08 16:33:52,263 - DEBUG - 
更新概率模型:
2025-04-08 16:33:52,264 - DEBUG - 多样性指标: 0.0435
2025-04-08 16:33:52,264 - DEBUG - 自适应学习率: 0.8424
2025-04-08 16:33:52,758 - DEBUG - 
更新概率模型:
2025-04-08 16:33:52,758 - DEBUG - 多样性指标: 0.0434
2025-04-08 16:33:52,758 - DEBUG - 自适应学习率: 0.8435
2025-04-08 16:33:53,262 - DEBUG - 
更新概率模型:
2025-04-08 16:33:53,262 - DEBUG - 多样性指标: 0.0406
2025-04-08 16:33:53,262 - DEBUG - 自适应学习率: 0.8412
2025-04-08 16:33:53,757 - DEBUG - 
更新概率模型:
2025-04-08 16:33:53,757 - DEBUG - 多样性指标: 0.0397
2025-04-08 16:33:53,757 - DEBUG - 自适应学习率: 0.8424
2025-04-08 16:33:54,255 - DEBUG - 
更新概率模型:
2025-04-08 16:33:54,255 - DEBUG - 多样性指标: 0.0430
2025-04-08 16:33:54,255 - DEBUG - 自适应学习率: 0.8417
2025-04-08 16:33:54,780 - DEBUG - 
更新概率模型:
2025-04-08 16:33:54,780 - DEBUG - 多样性指标: 0.0385
2025-04-08 16:33:54,780 - DEBUG - 自适应学习率: 0.8434
2025-04-08 16:33:55,286 - DEBUG - 
更新概率模型:
2025-04-08 16:33:55,286 - DEBUG - 多样性指标: 0.0426
2025-04-08 16:33:55,286 - DEBUG - 自适应学习率: 0.8464
2025-04-08 16:33:55,799 - DEBUG - 
更新概率模型:
2025-04-08 16:33:55,799 - DEBUG - 多样性指标: 0.0429
2025-04-08 16:33:55,799 - DEBUG - 自适应学习率: 0.8478
2025-04-08 16:33:56,314 - DEBUG - 
更新概率模型:
2025-04-08 16:33:56,314 - DEBUG - 多样性指标: 0.0466
2025-04-08 16:33:56,315 - DEBUG - 自适应学习率: 0.8489
2025-04-08 16:33:56,823 - DEBUG - 
更新概率模型:
2025-04-08 16:33:56,823 - DEBUG - 多样性指标: 0.0433
2025-04-08 16:33:56,823 - DEBUG - 自适应学习率: 0.8479
2025-04-08 16:33:57,325 - DEBUG - 
更新概率模型:
2025-04-08 16:33:57,325 - DEBUG - 多样性指标: 0.0506
2025-04-08 16:33:57,325 - DEBUG - 自适应学习率: 0.8483
2025-04-08 16:33:57,825 - DEBUG - 
更新概率模型:
2025-04-08 16:33:57,825 - DEBUG - 多样性指标: 0.0487
2025-04-08 16:33:57,825 - DEBUG - 自适应学习率: 0.8463
2025-04-08 16:33:58,335 - DEBUG - 
更新概率模型:
2025-04-08 16:33:58,335 - DEBUG - 多样性指标: 0.0451
2025-04-08 16:33:58,335 - DEBUG - 自适应学习率: 0.8493
2025-04-08 16:33:58,838 - DEBUG - 
更新概率模型:
2025-04-08 16:33:58,838 - DEBUG - 多样性指标: 0.0394
2025-04-08 16:33:58,838 - DEBUG - 自适应学习率: 0.8434
2025-04-08 16:33:59,346 - DEBUG - 
更新概率模型:
2025-04-08 16:33:59,346 - DEBUG - 多样性指标: 0.0452
2025-04-08 16:33:59,346 - DEBUG - 自适应学习率: 0.8461
2025-04-08 16:33:59,853 - DEBUG - 
更新概率模型:
2025-04-08 16:33:59,853 - DEBUG - 多样性指标: 0.0400
2025-04-08 16:33:59,853 - DEBUG - 自适应学习率: 0.8442
2025-04-08 16:34:00,361 - DEBUG - 
更新概率模型:
2025-04-08 16:34:00,361 - DEBUG - 多样性指标: 0.0464
2025-04-08 16:34:00,361 - DEBUG - 自适应学习率: 0.8478
2025-04-08 16:34:00,865 - DEBUG - 
更新概率模型:
2025-04-08 16:34:00,865 - DEBUG - 多样性指标: 0.0398
2025-04-08 16:34:00,865 - DEBUG - 自适应学习率: 0.8466
2025-04-08 16:34:01,380 - DEBUG - 
更新概率模型:
2025-04-08 16:34:01,380 - DEBUG - 多样性指标: 0.0450
2025-04-08 16:34:01,381 - DEBUG - 自适应学习率: 0.8439
2025-04-08 16:34:01,885 - DEBUG - 
更新概率模型:
2025-04-08 16:34:01,885 - DEBUG - 多样性指标: 0.0433
2025-04-08 16:34:01,885 - DEBUG - 自适应学习率: 0.8439
2025-04-08 16:34:02,386 - DEBUG - 
更新概率模型:
2025-04-08 16:34:02,386 - DEBUG - 多样性指标: 0.0479
2025-04-08 16:34:02,386 - DEBUG - 自适应学习率: 0.8481
2025-04-08 16:34:02,902 - DEBUG - 
更新概率模型:
2025-04-08 16:34:02,902 - DEBUG - 多样性指标: 0.0462
2025-04-08 16:34:02,902 - DEBUG - 自适应学习率: 0.8465
2025-04-08 16:34:03,413 - DEBUG - 
更新概率模型:
2025-04-08 16:34:03,413 - DEBUG - 多样性指标: 0.0478
2025-04-08 16:34:03,413 - DEBUG - 自适应学习率: 0.8474
2025-04-08 16:34:03,925 - DEBUG - 
更新概率模型:
2025-04-08 16:34:03,925 - DEBUG - 多样性指标: 0.0432
2025-04-08 16:34:03,925 - DEBUG - 自适应学习率: 0.8459
2025-04-08 16:34:04,451 - DEBUG - 
更新概率模型:
2025-04-08 16:34:04,451 - DEBUG - 多样性指标: 0.0432
2025-04-08 16:34:04,451 - DEBUG - 自适应学习率: 0.8449
2025-04-08 16:34:04,963 - DEBUG - 
更新概率模型:
2025-04-08 16:34:04,963 - DEBUG - 多样性指标: 0.0474
2025-04-08 16:34:04,963 - DEBUG - 自适应学习率: 0.8478
2025-04-08 16:34:05,474 - DEBUG - 
更新概率模型:
2025-04-08 16:34:05,474 - DEBUG - 多样性指标: 0.0419
2025-04-08 16:34:05,474 - DEBUG - 自适应学习率: 0.8477
2025-04-08 16:34:05,983 - DEBUG - 
更新概率模型:
2025-04-08 16:34:05,983 - DEBUG - 多样性指标: 0.0462
2025-04-08 16:34:05,983 - DEBUG - 自适应学习率: 0.8488
2025-04-08 16:34:06,492 - DEBUG - 
更新概率模型:
2025-04-08 16:34:06,492 - DEBUG - 多样性指标: 0.0421
2025-04-08 16:34:06,492 - DEBUG - 自适应学习率: 0.8478
2025-04-08 16:34:07,019 - DEBUG - 
更新概率模型:
2025-04-08 16:34:07,019 - DEBUG - 多样性指标: 0.0478
2025-04-08 16:34:07,019 - DEBUG - 自适应学习率: 0.8510
2025-04-08 16:34:07,526 - DEBUG - 
更新概率模型:
2025-04-08 16:34:07,526 - DEBUG - 多样性指标: 0.0501
2025-04-08 16:34:07,526 - DEBUG - 自适应学习率: 0.8482
2025-04-08 16:34:08,082 - DEBUG - 
更新概率模型:
2025-04-08 16:34:08,082 - DEBUG - 多样性指标: 0.0468
2025-04-08 16:34:08,082 - DEBUG - 自适应学习率: 0.8502
2025-04-08 16:34:08,655 - DEBUG - 
更新概率模型:
2025-04-08 16:34:08,655 - DEBUG - 多样性指标: 0.0396
2025-04-08 16:34:08,655 - DEBUG - 自适应学习率: 0.8447
2025-04-08 16:34:09,256 - DEBUG - 
更新概率模型:
2025-04-08 16:34:09,256 - DEBUG - 多样性指标: 0.0449
2025-04-08 16:34:09,256 - DEBUG - 自适应学习率: 0.8467
2025-04-08 16:34:09,864 - DEBUG - 
更新概率模型:
2025-04-08 16:34:09,864 - DEBUG - 多样性指标: 0.0477
2025-04-08 16:34:09,864 - DEBUG - 自适应学习率: 0.8473
2025-04-08 16:34:10,497 - DEBUG - 
更新概率模型:
2025-04-08 16:34:10,497 - DEBUG - 多样性指标: 0.0462
2025-04-08 16:34:10,497 - DEBUG - 自适应学习率: 0.8470
2025-04-08 16:34:11,144 - DEBUG - 
更新概率模型:
2025-04-08 16:34:11,144 - DEBUG - 多样性指标: 0.0491
2025-04-08 16:34:11,144 - DEBUG - 自适应学习率: 0.8473
2025-04-08 16:34:11,798 - DEBUG - 
更新概率模型:
2025-04-08 16:34:11,798 - DEBUG - 多样性指标: 0.0449
2025-04-08 16:34:11,798 - DEBUG - 自适应学习率: 0.8456
2025-04-08 16:34:12,433 - DEBUG - 
更新概率模型:
2025-04-08 16:34:12,433 - DEBUG - 多样性指标: 0.0481
2025-04-08 16:34:12,433 - DEBUG - 自适应学习率: 0.8461
2025-04-08 16:34:13,065 - DEBUG - 
更新概率模型:
2025-04-08 16:34:13,065 - DEBUG - 多样性指标: 0.0499
2025-04-08 16:34:13,065 - DEBUG - 自适应学习率: 0.8475
2025-04-08 16:34:14,277 - DEBUG - 
更新概率模型:
2025-04-08 16:34:14,277 - DEBUG - 多样性指标: 0.0440
2025-04-08 16:34:14,277 - DEBUG - 自适应学习率: 0.8326
2025-04-08 16:34:14,764 - DEBUG - 
更新概率模型:
2025-04-08 16:34:14,764 - DEBUG - 多样性指标: 0.0429
2025-04-08 16:34:14,764 - DEBUG - 自适应学习率: 0.8360
2025-04-08 16:34:15,242 - DEBUG - 
更新概率模型:
2025-04-08 16:34:15,242 - DEBUG - 多样性指标: 0.0431
2025-04-08 16:34:15,243 - DEBUG - 自适应学习率: 0.8325
2025-04-08 16:34:15,710 - DEBUG - 
更新概率模型:
2025-04-08 16:34:15,710 - DEBUG - 多样性指标: 0.0440
2025-04-08 16:34:15,710 - DEBUG - 自适应学习率: 0.8351
2025-04-08 16:34:16,173 - DEBUG - 
更新概率模型:
2025-04-08 16:34:16,173 - DEBUG - 多样性指标: 0.0453
2025-04-08 16:34:16,173 - DEBUG - 自适应学习率: 0.8409
2025-04-08 16:34:16,636 - DEBUG - 
更新概率模型:
2025-04-08 16:34:16,636 - DEBUG - 多样性指标: 0.0461
2025-04-08 16:34:16,636 - DEBUG - 自适应学习率: 0.8336
2025-04-08 16:34:17,100 - DEBUG - 
更新概率模型:
2025-04-08 16:34:17,100 - DEBUG - 多样性指标: 0.0428
2025-04-08 16:34:17,100 - DEBUG - 自适应学习率: 0.8288
2025-04-08 16:34:17,574 - DEBUG - 
更新概率模型:
2025-04-08 16:34:17,574 - DEBUG - 多样性指标: 0.0428
2025-04-08 16:34:17,574 - DEBUG - 自适应学习率: 0.8305
2025-04-08 16:34:18,043 - DEBUG - 
更新概率模型:
2025-04-08 16:34:18,043 - DEBUG - 多样性指标: 0.0350
2025-04-08 16:34:18,043 - DEBUG - 自适应学习率: 0.8391
2025-04-08 16:34:18,505 - DEBUG - 
更新概率模型:
2025-04-08 16:34:18,505 - DEBUG - 多样性指标: 0.0454
2025-04-08 16:34:18,505 - DEBUG - 自适应学习率: 0.8363
2025-04-08 16:34:18,972 - DEBUG - 
更新概率模型:
2025-04-08 16:34:18,972 - DEBUG - 多样性指标: 0.0427
2025-04-08 16:34:18,972 - DEBUG - 自适应学习率: 0.8421
2025-04-08 16:34:19,436 - DEBUG - 
更新概率模型:
2025-04-08 16:34:19,436 - DEBUG - 多样性指标: 0.0356
2025-04-08 16:34:19,436 - DEBUG - 自适应学习率: 0.8304
2025-04-08 16:34:19,900 - DEBUG - 
更新概率模型:
2025-04-08 16:34:19,900 - DEBUG - 多样性指标: 0.0393
2025-04-08 16:34:19,900 - DEBUG - 自适应学习率: 0.8282
2025-04-08 16:34:20,367 - DEBUG - 
更新概率模型:
2025-04-08 16:34:20,367 - DEBUG - 多样性指标: 0.0478
2025-04-08 16:34:20,367 - DEBUG - 自适应学习率: 0.8400
2025-04-08 16:34:20,837 - DEBUG - 
更新概率模型:
2025-04-08 16:34:20,837 - DEBUG - 多样性指标: 0.0425
2025-04-08 16:34:20,837 - DEBUG - 自适应学习率: 0.8375
2025-04-08 16:34:21,306 - DEBUG - 
更新概率模型:
2025-04-08 16:34:21,306 - DEBUG - 多样性指标: 0.0464
2025-04-08 16:34:21,306 - DEBUG - 自适应学习率: 0.8370
2025-04-08 16:34:21,770 - DEBUG - 
更新概率模型:
2025-04-08 16:34:21,770 - DEBUG - 多样性指标: 0.0448
2025-04-08 16:34:21,770 - DEBUG - 自适应学习率: 0.8334
2025-04-08 16:34:22,238 - DEBUG - 
更新概率模型:
2025-04-08 16:34:22,238 - DEBUG - 多样性指标: 0.0388
2025-04-08 16:34:22,238 - DEBUG - 自适应学习率: 0.8292
2025-04-08 16:34:22,704 - DEBUG - 
更新概率模型:
2025-04-08 16:34:22,704 - DEBUG - 多样性指标: 0.0422
2025-04-08 16:34:22,704 - DEBUG - 自适应学习率: 0.8392
2025-04-08 16:34:23,175 - DEBUG - 
更新概率模型:
2025-04-08 16:34:23,175 - DEBUG - 多样性指标: 0.0440
2025-04-08 16:34:23,175 - DEBUG - 自适应学习率: 0.8377
2025-04-08 16:34:23,689 - DEBUG - 
更新概率模型:
2025-04-08 16:34:23,689 - DEBUG - 多样性指标: 0.0387
2025-04-08 16:34:23,689 - DEBUG - 自适应学习率: 0.8313
2025-04-08 16:34:24,220 - DEBUG - 
更新概率模型:
2025-04-08 16:34:24,220 - DEBUG - 多样性指标: 0.0416
2025-04-08 16:34:24,220 - DEBUG - 自适应学习率: 0.8337
2025-04-08 16:34:24,744 - DEBUG - 
更新概率模型:
2025-04-08 16:34:24,744 - DEBUG - 多样性指标: 0.0450
2025-04-08 16:34:24,744 - DEBUG - 自适应学习率: 0.8363
2025-04-08 16:34:25,248 - DEBUG - 
更新概率模型:
2025-04-08 16:34:25,248 - DEBUG - 多样性指标: 0.0417
2025-04-08 16:34:25,248 - DEBUG - 自适应学习率: 0.8341
2025-04-08 16:34:25,765 - DEBUG - 
更新概率模型:
2025-04-08 16:34:25,765 - DEBUG - 多样性指标: 0.0409
2025-04-08 16:34:25,765 - DEBUG - 自适应学习率: 0.8380
2025-04-08 16:34:26,283 - DEBUG - 
更新概率模型:
2025-04-08 16:34:26,283 - DEBUG - 多样性指标: 0.0413
2025-04-08 16:34:26,283 - DEBUG - 自适应学习率: 0.8345
2025-04-08 16:34:26,776 - DEBUG - 
更新概率模型:
2025-04-08 16:34:26,776 - DEBUG - 多样性指标: 0.0437
2025-04-08 16:34:26,776 - DEBUG - 自适应学习率: 0.8370
2025-04-08 16:34:27,289 - DEBUG - 
更新概率模型:
2025-04-08 16:34:27,289 - DEBUG - 多样性指标: 0.0462
2025-04-08 16:34:27,289 - DEBUG - 自适应学习率: 0.8378
2025-04-08 16:34:27,784 - DEBUG - 
更新概率模型:
2025-04-08 16:34:27,784 - DEBUG - 多样性指标: 0.0406
2025-04-08 16:34:27,784 - DEBUG - 自适应学习率: 0.8379
2025-04-08 16:34:28,291 - DEBUG - 
更新概率模型:
2025-04-08 16:34:28,291 - DEBUG - 多样性指标: 0.0425
2025-04-08 16:34:28,291 - DEBUG - 自适应学习率: 0.8392
2025-04-08 16:34:28,797 - DEBUG - 
更新概率模型:
2025-04-08 16:34:28,797 - DEBUG - 多样性指标: 0.0393
2025-04-08 16:34:28,797 - DEBUG - 自适应学习率: 0.8392
2025-04-08 16:34:29,304 - DEBUG - 
更新概率模型:
2025-04-08 16:34:29,304 - DEBUG - 多样性指标: 0.0419
2025-04-08 16:34:29,304 - DEBUG - 自适应学习率: 0.8370
2025-04-08 16:34:29,806 - DEBUG - 
更新概率模型:
2025-04-08 16:34:29,806 - DEBUG - 多样性指标: 0.0383
2025-04-08 16:34:29,806 - DEBUG - 自适应学习率: 0.8381
2025-04-08 16:34:30,310 - DEBUG - 
更新概率模型:
2025-04-08 16:34:30,310 - DEBUG - 多样性指标: 0.0458
2025-04-08 16:34:30,310 - DEBUG - 自适应学习率: 0.8398
2025-04-08 16:34:30,799 - DEBUG - 
更新概率模型:
2025-04-08 16:34:30,799 - DEBUG - 多样性指标: 0.0455
2025-04-08 16:34:30,799 - DEBUG - 自适应学习率: 0.8436
2025-04-08 16:34:31,307 - DEBUG - 
更新概率模型:
2025-04-08 16:34:31,307 - DEBUG - 多样性指标: 0.0424
2025-04-08 16:34:31,307 - DEBUG - 自适应学习率: 0.8421
2025-04-08 16:34:31,806 - DEBUG - 
更新概率模型:
2025-04-08 16:34:31,806 - DEBUG - 多样性指标: 0.0456
2025-04-08 16:34:31,806 - DEBUG - 自适应学习率: 0.8397
2025-04-08 16:34:32,305 - DEBUG - 
更新概率模型:
2025-04-08 16:34:32,305 - DEBUG - 多样性指标: 0.0383
2025-04-08 16:34:32,305 - DEBUG - 自适应学习率: 0.8400
2025-04-08 16:34:32,810 - DEBUG - 
更新概率模型:
2025-04-08 16:34:32,810 - DEBUG - 多样性指标: 0.0450
2025-04-08 16:34:32,810 - DEBUG - 自适应学习率: 0.8456
2025-04-08 16:34:33,315 - DEBUG - 
更新概率模型:
2025-04-08 16:34:33,315 - DEBUG - 多样性指标: 0.0395
2025-04-08 16:34:33,315 - DEBUG - 自适应学习率: 0.8443
2025-04-08 16:34:33,837 - DEBUG - 
更新概率模型:
2025-04-08 16:34:33,837 - DEBUG - 多样性指标: 0.0432
2025-04-08 16:34:33,837 - DEBUG - 自适应学习率: 0.8426
2025-04-08 16:34:34,345 - DEBUG - 
更新概率模型:
2025-04-08 16:34:34,345 - DEBUG - 多样性指标: 0.0440
2025-04-08 16:34:34,345 - DEBUG - 自适应学习率: 0.8444
2025-04-08 16:34:34,852 - DEBUG - 
更新概率模型:
2025-04-08 16:34:34,852 - DEBUG - 多样性指标: 0.0363
2025-04-08 16:34:34,852 - DEBUG - 自适应学习率: 0.8437
2025-04-08 16:34:35,408 - DEBUG - 
更新概率模型:
2025-04-08 16:34:35,408 - DEBUG - 多样性指标: 0.0442
2025-04-08 16:34:35,408 - DEBUG - 自适应学习率: 0.8485
2025-04-08 16:34:36,009 - DEBUG - 
更新概率模型:
2025-04-08 16:34:36,009 - DEBUG - 多样性指标: 0.0479
2025-04-08 16:34:36,009 - DEBUG - 自适应学习率: 0.8486
2025-04-08 16:34:36,582 - DEBUG - 
更新概率模型:
2025-04-08 16:34:36,582 - DEBUG - 多样性指标: 0.0459
2025-04-08 16:34:36,582 - DEBUG - 自适应学习率: 0.8452
2025-04-08 16:34:37,163 - DEBUG - 
更新概率模型:
2025-04-08 16:34:37,163 - DEBUG - 多样性指标: 0.0476
2025-04-08 16:34:37,164 - DEBUG - 自适应学习率: 0.8466
2025-04-08 16:34:37,744 - DEBUG - 
更新概率模型:
2025-04-08 16:34:37,744 - DEBUG - 多样性指标: 0.0495
2025-04-08 16:34:37,744 - DEBUG - 自适应学习率: 0.8452
2025-04-08 16:34:38,370 - DEBUG - 
更新概率模型:
2025-04-08 16:34:38,370 - DEBUG - 多样性指标: 0.0494
2025-04-08 16:34:38,371 - DEBUG - 自适应学习率: 0.8481
2025-04-08 16:34:38,997 - DEBUG - 
更新概率模型:
2025-04-08 16:34:38,997 - DEBUG - 多样性指标: 0.0479
2025-04-08 16:34:38,999 - DEBUG - 自适应学习率: 0.8474
2025-04-08 16:34:39,638 - DEBUG - 
更新概率模型:
2025-04-08 16:34:39,638 - DEBUG - 多样性指标: 0.0466
2025-04-08 16:34:39,638 - DEBUG - 自适应学习率: 0.8463
2025-04-08 16:34:40,260 - DEBUG - 
更新概率模型:
2025-04-08 16:34:40,260 - DEBUG - 多样性指标: 0.0474
2025-04-08 16:34:40,260 - DEBUG - 自适应学习率: 0.8451
2025-04-08 16:34:40,858 - DEBUG - 
更新概率模型:
2025-04-08 16:34:40,858 - DEBUG - 多样性指标: 0.0494
2025-04-08 16:34:40,858 - DEBUG - 自适应学习率: 0.8457
2025-04-08 16:34:41,513 - DEBUG - 
更新概率模型:
2025-04-08 16:34:41,513 - DEBUG - 多样性指标: 0.0554
2025-04-08 16:34:41,513 - DEBUG - 自适应学习率: 0.8476
2025-04-08 16:34:42,134 - DEBUG - 
更新概率模型:
2025-04-08 16:34:42,134 - DEBUG - 多样性指标: 0.0548
2025-04-08 16:34:42,134 - DEBUG - 自适应学习率: 0.8439
2025-04-08 16:34:42,804 - DEBUG - 
更新概率模型:
2025-04-08 16:34:42,804 - DEBUG - 多样性指标: 0.0579
2025-04-08 16:34:42,804 - DEBUG - 自适应学习率: 0.8475
2025-04-08 16:34:43,433 - DEBUG - 
更新概率模型:
2025-04-08 16:34:43,433 - DEBUG - 多样性指标: 0.0517
2025-04-08 16:34:43,433 - DEBUG - 自适应学习率: 0.8453
2025-04-08 16:34:44,102 - DEBUG - 
更新概率模型:
2025-04-08 16:34:44,102 - DEBUG - 多样性指标: 0.0507
2025-04-08 16:34:44,102 - DEBUG - 自适应学习率: 0.8449
2025-04-08 16:34:44,787 - DEBUG - 
更新概率模型:
2025-04-08 16:34:44,787 - DEBUG - 多样性指标: 0.0592
2025-04-08 16:34:44,787 - DEBUG - 自适应学习率: 0.8468
2025-04-08 16:34:45,478 - DEBUG - 
更新概率模型:
2025-04-08 16:34:45,478 - DEBUG - 多样性指标: 0.0532
2025-04-08 16:34:45,478 - DEBUG - 自适应学习率: 0.8413
2025-04-08 16:34:46,161 - DEBUG - 
更新概率模型:
2025-04-08 16:34:46,161 - DEBUG - 多样性指标: 0.0530
2025-04-08 16:34:46,161 - DEBUG - 自适应学习率: 0.8443
2025-04-08 16:34:46,843 - DEBUG - 
更新概率模型:
2025-04-08 16:34:46,843 - DEBUG - 多样性指标: 0.0537
2025-04-08 16:34:46,843 - DEBUG - 自适应学习率: 0.8413
2025-04-08 16:34:47,517 - DEBUG - 
更新概率模型:
2025-04-08 16:34:47,517 - DEBUG - 多样性指标: 0.0550
2025-04-08 16:34:47,517 - DEBUG - 自适应学习率: 0.8428
2025-04-08 16:34:48,237 - DEBUG - 
更新概率模型:
2025-04-08 16:34:48,237 - DEBUG - 多样性指标: 0.0575
2025-04-08 16:34:48,237 - DEBUG - 自适应学习率: 0.8391
2025-04-08 16:34:48,990 - DEBUG - 
更新概率模型:
2025-04-08 16:34:48,990 - DEBUG - 多样性指标: 0.0598
2025-04-08 16:34:48,990 - DEBUG - 自适应学习率: 0.8410
2025-04-08 16:34:49,710 - DEBUG - 
更新概率模型:
2025-04-08 16:34:49,710 - DEBUG - 多样性指标: 0.0563
2025-04-08 16:34:49,710 - DEBUG - 自适应学习率: 0.8378
2025-04-08 16:34:50,493 - DEBUG - 
更新概率模型:
2025-04-08 16:34:50,493 - DEBUG - 多样性指标: 0.0587
2025-04-08 16:34:50,493 - DEBUG - 自适应学习率: 0.8422
2025-04-08 16:34:51,250 - DEBUG - 
更新概率模型:
2025-04-08 16:34:51,250 - DEBUG - 多样性指标: 0.0588
2025-04-08 16:34:51,250 - DEBUG - 自适应学习率: 0.8386
2025-04-08 16:34:52,049 - DEBUG - 
更新概率模型:
2025-04-08 16:34:52,049 - DEBUG - 多样性指标: 0.0710
2025-04-08 16:34:52,049 - DEBUG - 自适应学习率: 0.8409
2025-04-08 16:34:52,829 - DEBUG - 
更新概率模型:
2025-04-08 16:34:52,829 - DEBUG - 多样性指标: 0.0626
2025-04-08 16:34:52,829 - DEBUG - 自适应学习率: 0.8370
2025-04-08 16:34:53,615 - DEBUG - 
更新概率模型:
2025-04-08 16:34:53,615 - DEBUG - 多样性指标: 0.0642
2025-04-08 16:34:53,615 - DEBUG - 自适应学习率: 0.8380
2025-04-08 16:34:54,412 - DEBUG - 
更新概率模型:
2025-04-08 16:34:54,412 - DEBUG - 多样性指标: 0.0650
2025-04-08 16:34:54,412 - DEBUG - 自适应学习率: 0.8365
2025-04-08 16:34:55,165 - DEBUG - 
更新概率模型:
2025-04-08 16:34:55,165 - DEBUG - 多样性指标: 0.0605
2025-04-08 16:34:55,165 - DEBUG - 自适应学习率: 0.8369
2025-04-08 16:34:55,972 - DEBUG - 
更新概率模型:
2025-04-08 16:34:55,972 - DEBUG - 多样性指标: 0.0563
2025-04-08 16:34:55,972 - DEBUG - 自适应学习率: 0.8278
2025-04-08 16:34:56,775 - DEBUG - 
更新概率模型:
2025-04-08 16:34:56,775 - DEBUG - 多样性指标: 0.0662
2025-04-08 16:34:56,775 - DEBUG - 自适应学习率: 0.8310
2025-04-08 16:34:57,581 - DEBUG - 
更新概率模型:
2025-04-08 16:34:57,581 - DEBUG - 多样性指标: 0.0626
2025-04-08 16:34:57,581 - DEBUG - 自适应学习率: 0.8294
2025-04-08 16:34:58,409 - DEBUG - 
更新概率模型:
2025-04-08 16:34:58,409 - DEBUG - 多样性指标: 0.0713
2025-04-08 16:34:58,409 - DEBUG - 自适应学习率: 0.8320
2025-04-08 16:34:59,216 - DEBUG - 
更新概率模型:
2025-04-08 16:34:59,216 - DEBUG - 多样性指标: 0.0666
2025-04-08 16:34:59,216 - DEBUG - 自适应学习率: 0.8296
2025-04-08 16:35:00,100 - DEBUG - 
更新概率模型:
2025-04-08 16:35:00,100 - DEBUG - 多样性指标: 0.0598
2025-04-08 16:35:00,100 - DEBUG - 自适应学习率: 0.8201
2025-04-08 16:35:00,964 - DEBUG - 
更新概率模型:
2025-04-08 16:35:00,964 - DEBUG - 多样性指标: 0.0643
2025-04-08 16:35:00,964 - DEBUG - 自适应学习率: 0.8218
2025-04-08 16:35:01,820 - DEBUG - 
更新概率模型:
2025-04-08 16:35:01,820 - DEBUG - 多样性指标: 0.0648
2025-04-08 16:35:01,820 - DEBUG - 自适应学习率: 0.8224
2025-04-08 16:35:02,684 - DEBUG - 
更新概率模型:
2025-04-08 16:35:02,684 - DEBUG - 多样性指标: 0.0665
2025-04-08 16:35:02,684 - DEBUG - 自适应学习率: 0.8203
2025-04-08 16:35:03,535 - DEBUG - 
更新概率模型:
2025-04-08 16:35:03,535 - DEBUG - 多样性指标: 0.0661
2025-04-08 16:35:03,535 - DEBUG - 自适应学习率: 0.8219
2025-04-08 16:35:04,416 - DEBUG - 
更新概率模型:
2025-04-08 16:35:04,416 - DEBUG - 多样性指标: 0.0535
2025-04-08 16:35:04,416 - DEBUG - 自适应学习率: 0.8176
2025-04-08 16:35:05,282 - DEBUG - 
更新概率模型:
2025-04-08 16:35:05,282 - DEBUG - 多样性指标: 0.0662
2025-04-08 16:35:05,282 - DEBUG - 自适应学习率: 0.8204
2025-04-08 16:35:06,158 - DEBUG - 
更新概率模型:
2025-04-08 16:35:06,158 - DEBUG - 多样性指标: 0.0544
2025-04-08 16:35:06,158 - DEBUG - 自适应学习率: 0.8194
2025-04-08 16:35:07,016 - DEBUG - 
更新概率模型:
2025-04-08 16:35:07,016 - DEBUG - 多样性指标: 0.0590
2025-04-08 16:35:07,016 - DEBUG - 自适应学习率: 0.8208
2025-04-08 16:35:07,894 - DEBUG - 
更新概率模型:
2025-04-08 16:35:07,894 - DEBUG - 多样性指标: 0.0609
2025-04-08 16:35:07,894 - DEBUG - 自适应学习率: 0.8214
2025-04-08 16:35:08,766 - DEBUG - 
更新概率模型:
2025-04-08 16:35:08,766 - DEBUG - 多样性指标: 0.0639
2025-04-08 16:35:08,766 - DEBUG - 自适应学习率: 0.8215
2025-04-08 16:35:09,648 - DEBUG - 
更新概率模型:
2025-04-08 16:35:09,648 - DEBUG - 多样性指标: 0.0761
2025-04-08 16:35:09,648 - DEBUG - 自适应学习率: 0.8208
2025-04-08 16:35:10,511 - DEBUG - 
更新概率模型:
2025-04-08 16:35:10,511 - DEBUG - 多样性指标: 0.0779
2025-04-08 16:35:10,511 - DEBUG - 自适应学习率: 0.8245
2025-04-08 16:35:11,380 - DEBUG - 
更新概率模型:
2025-04-08 16:35:11,380 - DEBUG - 多样性指标: 0.0816
2025-04-08 16:35:11,380 - DEBUG - 自适应学习率: 0.8279
2025-04-08 16:35:12,249 - DEBUG - 
更新概率模型:
2025-04-08 16:35:12,249 - DEBUG - 多样性指标: 0.0642
2025-04-08 16:35:12,249 - DEBUG - 自适应学习率: 0.8208
2025-04-08 16:35:13,141 - DEBUG - 
更新概率模型:
2025-04-08 16:35:13,141 - DEBUG - 多样性指标: 0.0627
2025-04-08 16:35:13,141 - DEBUG - 自适应学习率: 0.8209
2025-04-08 16:35:14,034 - DEBUG - 
更新概率模型:
2025-04-08 16:35:14,034 - DEBUG - 多样性指标: 0.0608
2025-04-08 16:35:14,034 - DEBUG - 自适应学习率: 0.8202
2025-04-08 16:35:14,899 - DEBUG - 
更新概率模型:
2025-04-08 16:35:14,899 - DEBUG - 多样性指标: 0.0787
2025-04-08 16:35:14,899 - DEBUG - 自适应学习率: 0.8240
2025-04-08 16:35:15,783 - DEBUG - 
更新概率模型:
2025-04-08 16:35:15,783 - DEBUG - 多样性指标: 0.0683
2025-04-08 16:35:15,783 - DEBUG - 自适应学习率: 0.8235
2025-04-08 16:35:16,643 - DEBUG - 
更新概率模型:
2025-04-08 16:35:16,643 - DEBUG - 多样性指标: 0.0739
2025-04-08 16:35:16,643 - DEBUG - 自适应学习率: 0.8245
2025-04-08 16:35:17,498 - DEBUG - 
更新概率模型:
2025-04-08 16:35:17,498 - DEBUG - 多样性指标: 0.0646
2025-04-08 16:35:17,498 - DEBUG - 自适应学习率: 0.8212
