2025-04-08 14:57:39,169 - INFO - Initialization probability model completed.
2025-04-08 14:57:39,169 - INFO - In generation 1，New best makespan: 1935.00
2025-04-08 14:57:39,170 - DEBUG - 第0代完成，当前最优解完工时间: 1935，历史最优解完工时间: 1935
2025-04-08 14:57:39,639 - DEBUG - 第1代概率模型更新完成
2025-04-08 14:57:39,640 - DEBUG - 第1代完成，当前最优解完工时间: 1946，历史最优解完工时间: 1935
2025-04-08 14:57:40,101 - DEBUG - 第2代概率模型更新完成
2025-04-08 14:57:40,101 - INFO - In generation 3，New best makespan: 1929.00
2025-04-08 14:57:40,101 - DEBUG - 第2代完成，当前最优解完工时间: 1929，历史最优解完工时间: 1929
2025-04-08 14:57:40,564 - DEBUG - 第3代概率模型更新完成
2025-04-08 14:57:40,564 - DEBUG - 第3代完成，当前最优解完工时间: 1954，历史最优解完工时间: 1929
2025-04-08 14:57:41,020 - DEBUG - 第4代概率模型更新完成
2025-04-08 14:57:41,020 - DEBUG - 第4代完成，当前最优解完工时间: 1932，历史最优解完工时间: 1929
2025-04-08 14:57:41,474 - DEBUG - 第5代概率模型更新完成
2025-04-08 14:57:41,474 - INFO - In generation 6，New best makespan: 1892.00
2025-04-08 14:57:41,474 - DEBUG - 第5代完成，当前最优解完工时间: 1892，历史最优解完工时间: 1892
2025-04-08 14:57:41,936 - DEBUG - 第6代概率模型更新完成
2025-04-08 14:57:41,936 - DEBUG - 第6代完成，当前最优解完工时间: 1905，历史最优解完工时间: 1892
2025-04-08 14:57:42,394 - DEBUG - 第7代概率模型更新完成
2025-04-08 14:57:42,394 - DEBUG - 第7代完成，当前最优解完工时间: 1945，历史最优解完工时间: 1892
2025-04-08 14:57:42,854 - DEBUG - 第8代概率模型更新完成
2025-04-08 14:57:42,854 - DEBUG - 第8代完成，当前最优解完工时间: 1941，历史最优解完工时间: 1892
2025-04-08 14:57:43,305 - DEBUG - 第9代概率模型更新完成
2025-04-08 14:57:43,305 - DEBUG - 第9代完成，当前最优解完工时间: 1927，历史最优解完工时间: 1892
2025-04-08 14:57:43,762 - DEBUG - 第10代概率模型更新完成
2025-04-08 14:57:43,762 - DEBUG - 第10代完成，当前最优解完工时间: 1899，历史最优解完工时间: 1892
2025-04-08 14:57:44,217 - DEBUG - 第11代概率模型更新完成
2025-04-08 14:57:44,217 - DEBUG - 第11代完成，当前最优解完工时间: 1943，历史最优解完工时间: 1892
2025-04-08 14:57:44,674 - DEBUG - 第12代概率模型更新完成
2025-04-08 14:57:44,674 - DEBUG - 第12代完成，当前最优解完工时间: 1924，历史最优解完工时间: 1892
2025-04-08 14:57:45,127 - DEBUG - 第13代概率模型更新完成
2025-04-08 14:57:45,127 - DEBUG - 第13代完成，当前最优解完工时间: 1930，历史最优解完工时间: 1892
2025-04-08 14:57:45,584 - DEBUG - 第14代概率模型更新完成
2025-04-08 14:57:45,584 - DEBUG - 第14代完成，当前最优解完工时间: 1928，历史最优解完工时间: 1892
2025-04-08 14:57:46,058 - DEBUG - 第15代概率模型更新完成
2025-04-08 14:57:46,058 - DEBUG - 第15代完成，当前最优解完工时间: 1949，历史最优解完工时间: 1892
2025-04-08 14:57:46,535 - DEBUG - 第16代概率模型更新完成
2025-04-08 14:57:46,535 - DEBUG - 第16代完成，当前最优解完工时间: 1932，历史最优解完工时间: 1892
2025-04-08 14:57:46,994 - DEBUG - 第17代概率模型更新完成
2025-04-08 14:57:46,995 - DEBUG - 第17代完成，当前最优解完工时间: 1969，历史最优解完工时间: 1892
2025-04-08 14:57:47,453 - DEBUG - 第18代概率模型更新完成
2025-04-08 14:57:47,453 - DEBUG - 第18代完成，当前最优解完工时间: 1943，历史最优解完工时间: 1892
2025-04-08 14:57:47,924 - DEBUG - 第19代概率模型更新完成
2025-04-08 14:57:47,924 - DEBUG - 第19代完成，当前最优解完工时间: 1940，历史最优解完工时间: 1892
2025-04-08 14:57:48,385 - DEBUG - 第20代概率模型更新完成
2025-04-08 14:57:48,385 - DEBUG - 第20代完成，当前最优解完工时间: 1943，历史最优解完工时间: 1892
2025-04-08 14:57:48,851 - DEBUG - 第21代概率模型更新完成
2025-04-08 14:57:48,851 - DEBUG - 第21代完成，当前最优解完工时间: 1935，历史最优解完工时间: 1892
2025-04-08 14:57:49,311 - DEBUG - 第22代概率模型更新完成
2025-04-08 14:57:49,311 - DEBUG - 第22代完成，当前最优解完工时间: 1930，历史最优解完工时间: 1892
2025-04-08 14:57:49,771 - DEBUG - 第23代概率模型更新完成
2025-04-08 14:57:49,771 - DEBUG - 第23代完成，当前最优解完工时间: 1939，历史最优解完工时间: 1892
2025-04-08 14:57:50,235 - DEBUG - 第24代概率模型更新完成
2025-04-08 14:57:50,235 - DEBUG - 第24代完成，当前最优解完工时间: 1916，历史最优解完工时间: 1892
2025-04-08 14:57:50,703 - DEBUG - 第25代概率模型更新完成
2025-04-08 14:57:50,703 - DEBUG - 第25代完成，当前最优解完工时间: 1931，历史最优解完工时间: 1892
2025-04-08 14:57:51,155 - DEBUG - 第26代概率模型更新完成
2025-04-08 14:57:51,155 - DEBUG - 第26代完成，当前最优解完工时间: 1962，历史最优解完工时间: 1892
2025-04-08 14:57:51,611 - DEBUG - 第27代概率模型更新完成
2025-04-08 14:57:51,611 - DEBUG - 第27代完成，当前最优解完工时间: 1940，历史最优解完工时间: 1892
2025-04-08 14:57:52,066 - DEBUG - 第28代概率模型更新完成
2025-04-08 14:57:52,066 - DEBUG - 第28代完成，当前最优解完工时间: 1956，历史最优解完工时间: 1892
2025-04-08 14:57:52,520 - DEBUG - 第29代概率模型更新完成
2025-04-08 14:57:52,521 - DEBUG - 第29代完成，当前最优解完工时间: 1942，历史最优解完工时间: 1892
2025-04-08 14:57:52,978 - DEBUG - 第30代概率模型更新完成
2025-04-08 14:57:52,978 - DEBUG - 第30代完成，当前最优解完工时间: 1969，历史最优解完工时间: 1892
2025-04-08 14:57:53,430 - DEBUG - 第31代概率模型更新完成
2025-04-08 14:57:53,430 - DEBUG - 第31代完成，当前最优解完工时间: 1952，历史最优解完工时间: 1892
2025-04-08 14:57:53,887 - DEBUG - 第32代概率模型更新完成
2025-04-08 14:57:53,887 - DEBUG - 第32代完成，当前最优解完工时间: 1918，历史最优解完工时间: 1892
2025-04-08 14:57:54,345 - DEBUG - 第33代概率模型更新完成
2025-04-08 14:57:54,345 - DEBUG - 第33代完成，当前最优解完工时间: 1902，历史最优解完工时间: 1892
2025-04-08 14:57:54,805 - DEBUG - 第34代概率模型更新完成
2025-04-08 14:57:54,805 - DEBUG - 第34代完成，当前最优解完工时间: 1963，历史最优解完工时间: 1892
2025-04-08 14:57:55,262 - DEBUG - 第35代概率模型更新完成
2025-04-08 14:57:55,262 - DEBUG - 第35代完成，当前最优解完工时间: 1946，历史最优解完工时间: 1892
2025-04-08 14:57:55,726 - DEBUG - 第36代概率模型更新完成
2025-04-08 14:57:55,726 - DEBUG - 第36代完成，当前最优解完工时间: 1925，历史最优解完工时间: 1892
2025-04-08 14:57:56,186 - DEBUG - 第37代概率模型更新完成
2025-04-08 14:57:56,186 - DEBUG - 第37代完成，当前最优解完工时间: 1934，历史最优解完工时间: 1892
2025-04-08 14:57:56,645 - DEBUG - 第38代概率模型更新完成
2025-04-08 14:57:56,645 - DEBUG - 第38代完成，当前最优解完工时间: 1956，历史最优解完工时间: 1892
2025-04-08 14:57:57,103 - DEBUG - 第39代概率模型更新完成
2025-04-08 14:57:57,103 - DEBUG - 第39代完成，当前最优解完工时间: 1902，历史最优解完工时间: 1892
2025-04-08 14:57:57,559 - DEBUG - 第40代概率模型更新完成
2025-04-08 14:57:57,559 - DEBUG - 第40代完成，当前最优解完工时间: 1928，历史最优解完工时间: 1892
2025-04-08 14:57:58,016 - DEBUG - 第41代概率模型更新完成
2025-04-08 14:57:58,016 - DEBUG - 第41代完成，当前最优解完工时间: 1942，历史最优解完工时间: 1892
2025-04-08 14:57:58,473 - DEBUG - 第42代概率模型更新完成
2025-04-08 14:57:58,473 - DEBUG - 第42代完成，当前最优解完工时间: 1921，历史最优解完工时间: 1892
2025-04-08 14:57:58,933 - DEBUG - 第43代概率模型更新完成
2025-04-08 14:57:58,933 - DEBUG - 第43代完成，当前最优解完工时间: 1931，历史最优解完工时间: 1892
2025-04-08 14:57:59,385 - DEBUG - 第44代概率模型更新完成
2025-04-08 14:57:59,385 - DEBUG - 第44代完成，当前最优解完工时间: 1952，历史最优解完工时间: 1892
2025-04-08 14:57:59,845 - DEBUG - 第45代概率模型更新完成
2025-04-08 14:57:59,845 - DEBUG - 第45代完成，当前最优解完工时间: 1948，历史最优解完工时间: 1892
2025-04-08 14:58:00,301 - DEBUG - 第46代概率模型更新完成
2025-04-08 14:58:00,301 - DEBUG - 第46代完成，当前最优解完工时间: 1950，历史最优解完工时间: 1892
2025-04-08 14:58:00,762 - DEBUG - 第47代概率模型更新完成
2025-04-08 14:58:00,762 - DEBUG - 第47代完成，当前最优解完工时间: 1942，历史最优解完工时间: 1892
2025-04-08 14:58:01,220 - DEBUG - 第48代概率模型更新完成
2025-04-08 14:58:01,220 - DEBUG - 第48代完成，当前最优解完工时间: 1944，历史最优解完工时间: 1892
2025-04-08 14:58:01,675 - DEBUG - 第49代概率模型更新完成
2025-04-08 14:58:01,675 - DEBUG - 第49代完成，当前最优解完工时间: 1914，历史最优解完工时间: 1892
2025-04-08 14:58:02,130 - DEBUG - 第50代概率模型更新完成
2025-04-08 14:58:02,130 - DEBUG - 第50代完成，当前最优解完工时间: 1938，历史最优解完工时间: 1892
2025-04-08 14:58:02,585 - DEBUG - 第51代概率模型更新完成
2025-04-08 14:58:02,585 - DEBUG - 第51代完成，当前最优解完工时间: 1936，历史最优解完工时间: 1892
2025-04-08 14:58:03,042 - DEBUG - 第52代概率模型更新完成
2025-04-08 14:58:03,042 - DEBUG - 第52代完成，当前最优解完工时间: 1928，历史最优解完工时间: 1892
2025-04-08 14:58:03,496 - DEBUG - 第53代概率模型更新完成
2025-04-08 14:58:03,496 - DEBUG - 第53代完成，当前最优解完工时间: 1908，历史最优解完工时间: 1892
2025-04-08 14:58:03,954 - DEBUG - 第54代概率模型更新完成
2025-04-08 14:58:03,954 - DEBUG - 第54代完成，当前最优解完工时间: 1936，历史最优解完工时间: 1892
2025-04-08 14:58:04,408 - DEBUG - 第55代概率模型更新完成
2025-04-08 14:58:04,408 - DEBUG - 第55代完成，当前最优解完工时间: 1916，历史最优解完工时间: 1892
2025-04-08 14:58:04,865 - DEBUG - 第56代概率模型更新完成
2025-04-08 14:58:04,865 - DEBUG - 第56代完成，当前最优解完工时间: 1922，历史最优解完工时间: 1892
2025-04-08 14:58:05,318 - DEBUG - 第57代概率模型更新完成
2025-04-08 14:58:05,318 - DEBUG - 第57代完成，当前最优解完工时间: 1894，历史最优解完工时间: 1892
2025-04-08 14:58:05,778 - DEBUG - 第58代概率模型更新完成
2025-04-08 14:58:05,778 - DEBUG - 第58代完成，当前最优解完工时间: 1934，历史最优解完工时间: 1892
2025-04-08 14:58:06,236 - DEBUG - 第59代概率模型更新完成
2025-04-08 14:58:06,236 - DEBUG - 第59代完成，当前最优解完工时间: 1944，历史最优解完工时间: 1892
2025-04-08 14:58:06,691 - DEBUG - 第60代概率模型更新完成
2025-04-08 14:58:06,691 - DEBUG - 第60代完成，当前最优解完工时间: 1948，历史最优解完工时间: 1892
2025-04-08 14:58:07,147 - DEBUG - 第61代概率模型更新完成
2025-04-08 14:58:07,147 - DEBUG - 第61代完成，当前最优解完工时间: 1933，历史最优解完工时间: 1892
2025-04-08 14:58:07,603 - DEBUG - 第62代概率模型更新完成
2025-04-08 14:58:07,603 - DEBUG - 第62代完成，当前最优解完工时间: 1916，历史最优解完工时间: 1892
2025-04-08 14:58:08,062 - DEBUG - 第63代概率模型更新完成
2025-04-08 14:58:08,062 - DEBUG - 第63代完成，当前最优解完工时间: 1944，历史最优解完工时间: 1892
2025-04-08 14:58:08,517 - DEBUG - 第64代概率模型更新完成
2025-04-08 14:58:08,517 - DEBUG - 第64代完成，当前最优解完工时间: 1959，历史最优解完工时间: 1892
2025-04-08 14:58:08,979 - DEBUG - 第65代概率模型更新完成
2025-04-08 14:58:08,979 - DEBUG - 第65代完成，当前最优解完工时间: 1934，历史最优解完工时间: 1892
2025-04-08 14:58:09,436 - DEBUG - 第66代概率模型更新完成
2025-04-08 14:58:09,436 - DEBUG - 第66代完成，当前最优解完工时间: 1932，历史最优解完工时间: 1892
2025-04-08 14:58:09,893 - DEBUG - 第67代概率模型更新完成
2025-04-08 14:58:09,893 - DEBUG - 第67代完成，当前最优解完工时间: 1948，历史最优解完工时间: 1892
2025-04-08 14:58:10,347 - DEBUG - 第68代概率模型更新完成
2025-04-08 14:58:10,347 - DEBUG - 第68代完成，当前最优解完工时间: 1948，历史最优解完工时间: 1892
2025-04-08 14:58:10,805 - DEBUG - 第69代概率模型更新完成
2025-04-08 14:58:10,805 - DEBUG - 第69代完成，当前最优解完工时间: 1952，历史最优解完工时间: 1892
2025-04-08 14:58:11,259 - DEBUG - 第70代概率模型更新完成
2025-04-08 14:58:11,259 - DEBUG - 第70代完成，当前最优解完工时间: 1932，历史最优解完工时间: 1892
2025-04-08 14:58:11,714 - DEBUG - 第71代概率模型更新完成
2025-04-08 14:58:11,714 - DEBUG - 第71代完成，当前最优解完工时间: 1940，历史最优解完工时间: 1892
2025-04-08 14:58:12,166 - DEBUG - 第72代概率模型更新完成
2025-04-08 14:58:12,166 - DEBUG - 第72代完成，当前最优解完工时间: 1953，历史最优解完工时间: 1892
2025-04-08 14:58:12,620 - DEBUG - 第73代概率模型更新完成
2025-04-08 14:58:12,620 - DEBUG - 第73代完成，当前最优解完工时间: 1926，历史最优解完工时间: 1892
2025-04-08 14:58:13,080 - DEBUG - 第74代概率模型更新完成
2025-04-08 14:58:13,080 - DEBUG - 第74代完成，当前最优解完工时间: 1934，历史最优解完工时间: 1892
2025-04-08 14:58:13,537 - DEBUG - 第75代概率模型更新完成
2025-04-08 14:58:13,537 - DEBUG - 第75代完成，当前最优解完工时间: 1906，历史最优解完工时间: 1892
2025-04-08 14:58:13,998 - DEBUG - 第76代概率模型更新完成
2025-04-08 14:58:13,998 - DEBUG - 第76代完成，当前最优解完工时间: 1956，历史最优解完工时间: 1892
2025-04-08 14:58:14,452 - DEBUG - 第77代概率模型更新完成
2025-04-08 14:58:14,452 - DEBUG - 第77代完成，当前最优解完工时间: 1894，历史最优解完工时间: 1892
2025-04-08 14:58:14,908 - DEBUG - 第78代概率模型更新完成
2025-04-08 14:58:14,908 - DEBUG - 第78代完成，当前最优解完工时间: 1938，历史最优解完工时间: 1892
2025-04-08 14:58:15,362 - DEBUG - 第79代概率模型更新完成
2025-04-08 14:58:15,362 - INFO - In generation 80，New best makespan: 1867.00
2025-04-08 14:58:15,362 - DEBUG - 第79代完成，当前最优解完工时间: 1867，历史最优解完工时间: 1867
2025-04-08 14:58:15,820 - DEBUG - 第80代概率模型更新完成
2025-04-08 14:58:15,820 - DEBUG - 第80代完成，当前最优解完工时间: 1905，历史最优解完工时间: 1867
2025-04-08 14:58:16,275 - DEBUG - 第81代概率模型更新完成
2025-04-08 14:58:16,275 - DEBUG - 第81代完成，当前最优解完工时间: 1944，历史最优解完工时间: 1867
2025-04-08 14:58:16,733 - DEBUG - 第82代概率模型更新完成
2025-04-08 14:58:16,733 - DEBUG - 第82代完成，当前最优解完工时间: 1904，历史最优解完工时间: 1867
2025-04-08 14:58:17,186 - DEBUG - 第83代概率模型更新完成
2025-04-08 14:58:17,186 - DEBUG - 第83代完成，当前最优解完工时间: 1939，历史最优解完工时间: 1867
2025-04-08 14:58:17,639 - DEBUG - 第84代概率模型更新完成
2025-04-08 14:58:17,639 - DEBUG - 第84代完成，当前最优解完工时间: 1972，历史最优解完工时间: 1867
2025-04-08 14:58:18,097 - DEBUG - 第85代概率模型更新完成
2025-04-08 14:58:18,097 - DEBUG - 第85代完成，当前最优解完工时间: 1948，历史最优解完工时间: 1867
2025-04-08 14:58:18,555 - DEBUG - 第86代概率模型更新完成
2025-04-08 14:58:18,555 - DEBUG - 第86代完成，当前最优解完工时间: 1900，历史最优解完工时间: 1867
2025-04-08 14:58:19,018 - DEBUG - 第87代概率模型更新完成
2025-04-08 14:58:19,018 - DEBUG - 第87代完成，当前最优解完工时间: 1894，历史最优解完工时间: 1867
2025-04-08 14:58:19,472 - DEBUG - 第88代概率模型更新完成
2025-04-08 14:58:19,472 - DEBUG - 第88代完成，当前最优解完工时间: 1922，历史最优解完工时间: 1867
2025-04-08 14:58:19,929 - DEBUG - 第89代概率模型更新完成
2025-04-08 14:58:19,930 - DEBUG - 第89代完成，当前最优解完工时间: 1913，历史最优解完工时间: 1867
2025-04-08 14:58:20,384 - DEBUG - 第90代概率模型更新完成
2025-04-08 14:58:20,384 - DEBUG - 第90代完成，当前最优解完工时间: 1924，历史最优解完工时间: 1867
2025-04-08 14:58:20,840 - DEBUG - 第91代概率模型更新完成
2025-04-08 14:58:20,840 - DEBUG - 第91代完成，当前最优解完工时间: 1921，历史最优解完工时间: 1867
2025-04-08 14:58:21,295 - DEBUG - 第92代概率模型更新完成
2025-04-08 14:58:21,295 - DEBUG - 第92代完成，当前最优解完工时间: 1925，历史最优解完工时间: 1867
2025-04-08 14:58:21,756 - DEBUG - 第93代概率模型更新完成
2025-04-08 14:58:21,756 - DEBUG - 第93代完成，当前最优解完工时间: 1933，历史最优解完工时间: 1867
2025-04-08 14:58:22,212 - DEBUG - 第94代概率模型更新完成
2025-04-08 14:58:22,212 - DEBUG - 第94代完成，当前最优解完工时间: 1958，历史最优解完工时间: 1867
2025-04-08 14:58:22,670 - DEBUG - 第95代概率模型更新完成
2025-04-08 14:58:22,670 - DEBUG - 第95代完成，当前最优解完工时间: 1924，历史最优解完工时间: 1867
2025-04-08 14:58:23,128 - DEBUG - 第96代概率模型更新完成
2025-04-08 14:58:23,128 - DEBUG - 第96代完成，当前最优解完工时间: 1929，历史最优解完工时间: 1867
2025-04-08 14:58:23,581 - DEBUG - 第97代概率模型更新完成
2025-04-08 14:58:23,582 - DEBUG - 第97代完成，当前最优解完工时间: 1926，历史最优解完工时间: 1867
2025-04-08 14:58:24,043 - DEBUG - 第98代概率模型更新完成
2025-04-08 14:58:24,043 - DEBUG - 第98代完成，当前最优解完工时间: 1944，历史最优解完工时间: 1867
2025-04-08 14:58:24,501 - DEBUG - 第99代概率模型更新完成
2025-04-08 14:58:24,501 - DEBUG - 第99代完成，当前最优解完工时间: 1930，历史最优解完工时间: 1867
2025-04-08 14:58:24,503 - INFO - Total time: 45.79s
2025-04-08 14:58:24,646 - INFO - ==================================================
2025-04-08 14:58:24,646 - INFO - Best solution found with makespan: 1867.00s at generation 79
2025-04-08 14:58:24,646 - INFO - Total time: 45.79s
2025-04-08 14:58:24,646 - INFO - Results saved to: sl_output
2025-04-08 14:58:24,647 - INFO - Convergence curve saved to: sl_output\sl_convergence.png
2025-04-08 14:58:24,647 - INFO - Detailed log saved to: d:\Amelia\bi_learning_FJSP\logs\sl_log_20250408_145738.log
