{"event": "a17ar_collection_start", "completed": 0, "pending": 108, "protocol_sha256": "856aac0c776412f5c8a509115d116c4086e7bfb211d03df43836945f61a5acf5"}
{"event": "a17ar_run_start", "pending_index": 1, "pending_total": 108, "instance_id": "CB1_TRAIN_L_CF1_RI1_TI1_R03", "role": "TRAIN", "budget_seconds": 378}
{"event": "a17ar_run_complete", "completed": 1, "instance_id": "CB1_TRAIN_L_CF1_RI1_TI1_R03", "states": 5, "elapsed_seconds": 378.0236836420372}
{"event": "a17ar_run_start", "pending_index": 2, "pending_total": 108, "instance_id": "CB1_TRAIN_L_CF1_RI1_TI2_R01", "role": "TRAIN", "budget_seconds": 356}
{"event": "a17ar_run_complete", "completed": 2, "instance_id": "CB1_TRAIN_L_CF1_RI1_TI2_R01", "states": 5, "elapsed_seconds": 356.02696456498234}
{"event": "a17ar_run_start", "pending_index": 3, "pending_total": 108, "instance_id": "CB1_TRAIN_L_CF1_RI1_TI3_R02", "role": "TRAIN", "budget_seconds": 370}
{"event": "a17ar_run_complete", "completed": 3, "instance_id": "CB1_TRAIN_L_CF1_RI1_TI3_R02", "states": 5, "elapsed_seconds": 370.0319256450166}
{"event": "a17ar_run_start", "pending_index": 4, "pending_total": 108, "instance_id": "CB1_TRAIN_L_CF1_RI2_TI1_R01", "role": "TRAIN", "budget_seconds": 356}
{"event": "a17ar_run_complete", "completed": 4, "instance_id": "CB1_TRAIN_L_CF1_RI2_TI1_R01", "states": 5, "elapsed_seconds": 356.0157532930025}
{"event": "a17ar_run_start", "pending_index": 5, "pending_total": 108, "instance_id": "CB1_TRAIN_L_CF1_RI2_TI2_R02", "role": "TRAIN", "budget_seconds": 370}
{"event": "a17ar_run_complete", "completed": 5, "instance_id": "CB1_TRAIN_L_CF1_RI2_TI2_R02", "states": 5, "elapsed_seconds": 370.0299115899834}
{"event": "a17ar_run_start", "pending_index": 6, "pending_total": 108, "instance_id": "CB1_TRAIN_L_CF1_RI2_TI3_R03", "role": "TRAIN", "budget_seconds": 378}
{"event": "a17ar_run_complete", "completed": 6, "instance_id": "CB1_TRAIN_L_CF1_RI2_TI3_R03", "states": 5, "elapsed_seconds": 378.0330582219758}
{"event": "a17ar_run_start", "pending_index": 7, "pending_total": 108, "instance_id": "CB1_TRAIN_L_CF1_RI3_TI1_R02", "role": "TRAIN", "budget_seconds": 370}
{"event": "a17ar_run_complete", "completed": 7, "instance_id": "CB1_TRAIN_L_CF1_RI3_TI1_R02", "states": 5, "elapsed_seconds": 370.02038400800666}
{"event": "a17ar_run_start", "pending_index": 8, "pending_total": 108, "instance_id": "CB1_TRAIN_L_CF1_RI3_TI2_R03", "role": "TRAIN", "budget_seconds": 378}
{"event": "a17ar_run_complete", "completed": 8, "instance_id": "CB1_TRAIN_L_CF1_RI3_TI2_R03", "states": 5, "elapsed_seconds": 378.0311639549909}
{"event": "a17ar_run_start", "pending_index": 9, "pending_total": 108, "instance_id": "CB1_TRAIN_L_CF1_RI3_TI3_R01", "role": "TRAIN", "budget_seconds": 356}
{"event": "a17ar_run_complete", "completed": 9, "instance_id": "CB1_TRAIN_L_CF1_RI3_TI3_R01", "states": 5, "elapsed_seconds": 356.0266797990189}
{"event": "a17ar_run_start", "pending_index": 10, "pending_total": 108, "instance_id": "CB1_TRAIN_L_CF2_RI1_TI1_R01", "role": "TRAIN", "budget_seconds": 366}
{"event": "a17ar_run_complete", "completed": 10, "instance_id": "CB1_TRAIN_L_CF2_RI1_TI1_R01", "states": 5, "elapsed_seconds": 366.0224539869814}
{"event": "a17ar_run_start", "pending_index": 11, "pending_total": 108, "instance_id": "CB1_TRAIN_L_CF2_RI1_TI2_R02", "role": "TRAIN", "budget_seconds": 374}
{"event": "a17ar_run_complete", "completed": 11, "instance_id": "CB1_TRAIN_L_CF2_RI1_TI2_R02", "states": 5, "elapsed_seconds": 374.01899528398644}
{"event": "a17ar_run_start", "pending_index": 12, "pending_total": 108, "instance_id": "CB1_TRAIN_L_CF2_RI1_TI3_R03", "role": "TRAIN", "budget_seconds": 380}
{"event": "a17ar_run_complete", "completed": 12, "instance_id": "CB1_TRAIN_L_CF2_RI1_TI3_R03", "states": 5, "elapsed_seconds": 380.0234152339981}
{"event": "a17ar_run_start", "pending_index": 13, "pending_total": 108, "instance_id": "CB1_TRAIN_L_CF2_RI2_TI1_R02", "role": "TRAIN", "budget_seconds": 374}
{"event": "a17ar_run_complete", "completed": 13, "instance_id": "CB1_TRAIN_L_CF2_RI2_TI1_R02", "states": 5, "elapsed_seconds": 374.02717376401415}
{"event": "a17ar_run_start", "pending_index": 14, "pending_total": 108, "instance_id": "CB1_TRAIN_L_CF2_RI2_TI2_R03", "role": "TRAIN", "budget_seconds": 380}
{"event": "a17ar_run_complete", "completed": 14, "instance_id": "CB1_TRAIN_L_CF2_RI2_TI2_R03", "states": 5, "elapsed_seconds": 380.0332160369726}
{"event": "a17ar_run_start", "pending_index": 15, "pending_total": 108, "instance_id": "CB1_TRAIN_L_CF2_RI2_TI3_R01", "role": "TRAIN", "budget_seconds": 366}
{"event": "a17ar_run_complete", "completed": 15, "instance_id": "CB1_TRAIN_L_CF2_RI2_TI3_R01", "states": 5, "elapsed_seconds": 366.0279917769949}
{"event": "a17ar_run_start", "pending_index": 16, "pending_total": 108, "instance_id": "CB1_TRAIN_L_CF2_RI3_TI1_R03", "role": "TRAIN", "budget_seconds": 380}
{"event": "a17ar_run_complete", "completed": 16, "instance_id": "CB1_TRAIN_L_CF2_RI3_TI1_R03", "states": 5, "elapsed_seconds": 380.02082061895635}
{"event": "a17ar_run_start", "pending_index": 17, "pending_total": 108, "instance_id": "CB1_TRAIN_L_CF2_RI3_TI2_R01", "role": "TRAIN", "budget_seconds": 366}
{"event": "a17ar_run_complete", "completed": 17, "instance_id": "CB1_TRAIN_L_CF2_RI3_TI2_R01", "states": 5, "elapsed_seconds": 366.01833124499535}
{"event": "a17ar_run_start", "pending_index": 18, "pending_total": 108, "instance_id": "CB1_TRAIN_L_CF2_RI3_TI3_R02", "role": "TRAIN", "budget_seconds": 374}
{"event": "a17ar_run_complete", "completed": 18, "instance_id": "CB1_TRAIN_L_CF2_RI3_TI3_R02", "states": 5, "elapsed_seconds": 374.02073810203}
{"event": "a17ar_run_start", "pending_index": 19, "pending_total": 108, "instance_id": "CB1_TRAIN_L_CF3_RI1_TI1_R02", "role": "TRAIN", "budget_seconds": 386}
{"event": "a17ar_run_complete", "completed": 19, "instance_id": "CB1_TRAIN_L_CF3_RI1_TI1_R02", "states": 5, "elapsed_seconds": 386.02742664597463}
{"event": "a17ar_run_start", "pending_index": 20, "pending_total": 108, "instance_id": "CB1_TRAIN_L_CF3_RI1_TI2_R03", "role": "TRAIN", "budget_seconds": 330}
{"event": "a17ar_run_complete", "completed": 20, "instance_id": "CB1_TRAIN_L_CF3_RI1_TI2_R03", "states": 5, "elapsed_seconds": 330.02398831699975}
{"event": "a17ar_run_start", "pending_index": 21, "pending_total": 108, "instance_id": "CB1_TRAIN_L_CF3_RI1_TI3_R01", "role": "TRAIN", "budget_seconds": 344}
{"event": "a17ar_run_complete", "completed": 21, "instance_id": "CB1_TRAIN_L_CF3_RI1_TI3_R01", "states": 5, "elapsed_seconds": 344.02917705697473}
{"event": "a17ar_run_start", "pending_index": 22, "pending_total": 108, "instance_id": "CB1_TRAIN_L_CF3_RI2_TI1_R03", "role": "TRAIN", "budget_seconds": 330}
{"event": "a17ar_run_complete", "completed": 22, "instance_id": "CB1_TRAIN_L_CF3_RI2_TI1_R03", "states": 5, "elapsed_seconds": 330.02465848601423}
{"event": "a17ar_run_start", "pending_index": 23, "pending_total": 108, "instance_id": "CB1_TRAIN_L_CF3_RI2_TI2_R01", "role": "TRAIN", "budget_seconds": 344}
{"event": "a17ar_run_complete", "completed": 23, "instance_id": "CB1_TRAIN_L_CF3_RI2_TI2_R01", "states": 5, "elapsed_seconds": 344.0214308690047}
{"event": "a17ar_run_start", "pending_index": 24, "pending_total": 108, "instance_id": "CB1_TRAIN_L_CF3_RI2_TI3_R02", "role": "TRAIN", "budget_seconds": 386}
{"event": "a17ar_run_complete", "completed": 24, "instance_id": "CB1_TRAIN_L_CF3_RI2_TI3_R02", "states": 5, "elapsed_seconds": 386.0212887749658}
{"event": "a17ar_run_start", "pending_index": 25, "pending_total": 108, "instance_id": "CB1_TRAIN_L_CF3_RI3_TI1_R01", "role": "TRAIN", "budget_seconds": 344}
{"event": "a17ar_run_complete", "completed": 25, "instance_id": "CB1_TRAIN_L_CF3_RI3_TI1_R01", "states": 5, "elapsed_seconds": 344.02240951004205}
{"event": "a17ar_run_start", "pending_index": 26, "pending_total": 108, "instance_id": "CB1_TRAIN_L_CF3_RI3_TI2_R02", "role": "TRAIN", "budget_seconds": 386}
{"event": "a17ar_run_complete", "completed": 26, "instance_id": "CB1_TRAIN_L_CF3_RI3_TI2_R02", "states": 5, "elapsed_seconds": 386.02795040397905}
{"event": "a17ar_run_start", "pending_index": 27, "pending_total": 108, "instance_id": "CB1_TRAIN_L_CF3_RI3_TI3_R03", "role": "TRAIN", "budget_seconds": 330}
{"event": "a17ar_run_complete", "completed": 27, "instance_id": "CB1_TRAIN_L_CF3_RI3_TI3_R03", "states": 5, "elapsed_seconds": 330.02003745600814}
{"event": "a17ar_run_start", "pending_index": 28, "pending_total": 108, "instance_id": "CB1_TRAIN_M_CF1_RI1_TI1_R02", "role": "TRAIN", "budget_seconds": 258}
{"event": "a17ar_run_complete", "completed": 28, "instance_id": "CB1_TRAIN_M_CF1_RI1_TI1_R02", "states": 5, "elapsed_seconds": 258.00974322197726}
{"event": "a17ar_run_start", "pending_index": 29, "pending_total": 108, "instance_id": "CB1_TRAIN_M_CF1_RI1_TI2_R03", "role": "TRAIN", "budget_seconds": 220}
{"event": "a17ar_run_complete", "completed": 29, "instance_id": "CB1_TRAIN_M_CF1_RI1_TI2_R03", "states": 5, "elapsed_seconds": 220.00994178303517}
{"event": "a17ar_run_start", "pending_index": 30, "pending_total": 108, "instance_id": "CB1_TRAIN_M_CF1_RI1_TI3_R01", "role": "TRAIN", "budget_seconds": 228}
{"event": "a17ar_run_complete", "completed": 30, "instance_id": "CB1_TRAIN_M_CF1_RI1_TI3_R01", "states": 5, "elapsed_seconds": 228.01363487896742}
{"event": "a17ar_run_start", "pending_index": 31, "pending_total": 108, "instance_id": "CB1_TRAIN_M_CF1_RI2_TI1_R03", "role": "TRAIN", "budget_seconds": 220}
{"event": "a17ar_run_complete", "completed": 31, "instance_id": "CB1_TRAIN_M_CF1_RI2_TI1_R03", "states": 5, "elapsed_seconds": 220.0095787490136}
{"event": "a17ar_run_start", "pending_index": 32, "pending_total": 108, "instance_id": "CB1_TRAIN_M_CF1_RI2_TI2_R01", "role": "TRAIN", "budget_seconds": 228}
{"event": "a17ar_run_complete", "completed": 32, "instance_id": "CB1_TRAIN_M_CF1_RI2_TI2_R01", "states": 5, "elapsed_seconds": 228.00946079200367}
{"event": "a17ar_run_start", "pending_index": 33, "pending_total": 108, "instance_id": "CB1_TRAIN_M_CF1_RI2_TI3_R02", "role": "TRAIN", "budget_seconds": 258}
{"event": "a17ar_run_complete", "completed": 33, "instance_id": "CB1_TRAIN_M_CF1_RI2_TI3_R02", "states": 5, "elapsed_seconds": 258.0129632320022}
{"event": "a17ar_run_start", "pending_index": 34, "pending_total": 108, "instance_id": "CB1_TRAIN_M_CF1_RI3_TI1_R01", "role": "TRAIN", "budget_seconds": 228}
{"event": "a17ar_run_complete", "completed": 34, "instance_id": "CB1_TRAIN_M_CF1_RI3_TI1_R01", "states": 5, "elapsed_seconds": 228.0084910870064}
{"event": "a17ar_run_start", "pending_index": 35, "pending_total": 108, "instance_id": "CB1_TRAIN_M_CF1_RI3_TI2_R02", "role": "TRAIN", "budget_seconds": 258}
{"event": "a17ar_run_complete", "completed": 35, "instance_id": "CB1_TRAIN_M_CF1_RI3_TI2_R02", "states": 5, "elapsed_seconds": 258.0151553429896}
{"event": "a17ar_run_start", "pending_index": 36, "pending_total": 108, "instance_id": "CB1_TRAIN_M_CF1_RI3_TI3_R03", "role": "TRAIN", "budget_seconds": 220}
{"event": "a17ar_run_complete", "completed": 36, "instance_id": "CB1_TRAIN_M_CF1_RI3_TI3_R03", "states": 5, "elapsed_seconds": 220.01063307398}
{"event": "a17ar_run_start", "pending_index": 37, "pending_total": 108, "instance_id": "CB1_TRAIN_M_CF2_RI1_TI1_R03", "role": "TRAIN", "budget_seconds": 244}
{"event": "a17ar_run_complete", "completed": 37, "instance_id": "CB1_TRAIN_M_CF2_RI1_TI1_R03", "states": 5, "elapsed_seconds": 244.00943556398852}
{"event": "a17ar_run_start", "pending_index": 38, "pending_total": 108, "instance_id": "CB1_TRAIN_M_CF2_RI1_TI2_R01", "role": "TRAIN", "budget_seconds": 258}
{"event": "a17ar_run_complete", "completed": 38, "instance_id": "CB1_TRAIN_M_CF2_RI1_TI2_R01", "states": 5, "elapsed_seconds": 258.01444886100944}
{"event": "a17ar_run_start", "pending_index": 39, "pending_total": 108, "instance_id": "CB1_TRAIN_M_CF2_RI1_TI3_R02", "role": "TRAIN", "budget_seconds": 232}
{"event": "a17ar_run_complete", "completed": 39, "instance_id": "CB1_TRAIN_M_CF2_RI1_TI3_R02", "states": 5, "elapsed_seconds": 232.0147801010171}
{"event": "a17ar_run_start", "pending_index": 40, "pending_total": 108, "instance_id": "CB1_TRAIN_M_CF2_RI2_TI1_R01", "role": "TRAIN", "budget_seconds": 258}
{"event": "a17ar_run_complete", "completed": 40, "instance_id": "CB1_TRAIN_M_CF2_RI2_TI1_R01", "states": 5, "elapsed_seconds": 258.0098671420128}
{"event": "a17ar_run_start", "pending_index": 41, "pending_total": 108, "instance_id": "CB1_TRAIN_M_CF2_RI2_TI2_R02", "role": "TRAIN", "budget_seconds": 232}
{"event": "a17ar_run_complete", "completed": 41, "instance_id": "CB1_TRAIN_M_CF2_RI2_TI2_R02", "states": 5, "elapsed_seconds": 232.01424382597907}
{"event": "a17ar_run_start", "pending_index": 42, "pending_total": 108, "instance_id": "CB1_TRAIN_M_CF2_RI2_TI3_R03", "role": "TRAIN", "budget_seconds": 244}
{"event": "a17ar_run_complete", "completed": 42, "instance_id": "CB1_TRAIN_M_CF2_RI2_TI3_R03", "states": 5, "elapsed_seconds": 244.01617423800053}
{"event": "a17ar_run_start", "pending_index": 43, "pending_total": 108, "instance_id": "CB1_TRAIN_M_CF2_RI3_TI1_R02", "role": "TRAIN", "budget_seconds": 232}
{"event": "a17ar_run_complete", "completed": 43, "instance_id": "CB1_TRAIN_M_CF2_RI3_TI1_R02", "states": 5, "elapsed_seconds": 232.0082302429946}
{"event": "a17ar_run_start", "pending_index": 44, "pending_total": 108, "instance_id": "CB1_TRAIN_M_CF2_RI3_TI2_R03", "role": "TRAIN", "budget_seconds": 244}
{"event": "a17ar_run_complete", "completed": 44, "instance_id": "CB1_TRAIN_M_CF2_RI3_TI2_R03", "states": 5, "elapsed_seconds": 244.01420173601946}
{"event": "a17ar_run_start", "pending_index": 45, "pending_total": 108, "instance_id": "CB1_TRAIN_M_CF2_RI3_TI3_R01", "role": "TRAIN", "budget_seconds": 258}
{"event": "a17ar_run_complete", "completed": 45, "instance_id": "CB1_TRAIN_M_CF2_RI3_TI3_R01", "states": 5, "elapsed_seconds": 258.0130385480006}
{"event": "a17ar_run_start", "pending_index": 46, "pending_total": 108, "instance_id": "CB1_TRAIN_M_CF3_RI1_TI1_R01", "role": "TRAIN", "budget_seconds": 260}
{"event": "a17ar_run_complete", "completed": 46, "instance_id": "CB1_TRAIN_M_CF3_RI1_TI1_R01", "states": 5, "elapsed_seconds": 260.0122696610051}
{"event": "a17ar_run_start", "pending_index": 47, "pending_total": 108, "instance_id": "CB1_TRAIN_M_CF3_RI1_TI2_R02", "role": "TRAIN", "budget_seconds": 254}
{"event": "a17ar_run_complete", "completed": 47, "instance_id": "CB1_TRAIN_M_CF3_RI1_TI2_R02", "states": 5, "elapsed_seconds": 254.01564065401908}
{"event": "a17ar_run_start", "pending_index": 48, "pending_total": 108, "instance_id": "CB1_TRAIN_M_CF3_RI1_TI3_R03", "role": "TRAIN", "budget_seconds": 252}
{"event": "a17ar_run_complete", "completed": 48, "instance_id": "CB1_TRAIN_M_CF3_RI1_TI3_R03", "states": 5, "elapsed_seconds": 252.0155771629652}
{"event": "a17ar_run_start", "pending_index": 49, "pending_total": 108, "instance_id": "CB1_TRAIN_M_CF3_RI2_TI1_R02", "role": "TRAIN", "budget_seconds": 254}
{"event": "a17ar_run_complete", "completed": 49, "instance_id": "CB1_TRAIN_M_CF3_RI2_TI1_R02", "states": 5, "elapsed_seconds": 254.01534571795492}
{"event": "a17ar_run_start", "pending_index": 50, "pending_total": 108, "instance_id": "CB1_TRAIN_M_CF3_RI2_TI2_R03", "role": "TRAIN", "budget_seconds": 252}
{"event": "a17ar_run_complete", "completed": 50, "instance_id": "CB1_TRAIN_M_CF3_RI2_TI2_R03", "states": 5, "elapsed_seconds": 252.01472891302546}
{"event": "a17ar_run_start", "pending_index": 51, "pending_total": 108, "instance_id": "CB1_TRAIN_M_CF3_RI2_TI3_R01", "role": "TRAIN", "budget_seconds": 260}
{"event": "a17ar_run_complete", "completed": 51, "instance_id": "CB1_TRAIN_M_CF3_RI2_TI3_R01", "states": 5, "elapsed_seconds": 260.0173242770252}
{"event": "a17ar_run_start", "pending_index": 52, "pending_total": 108, "instance_id": "CB1_TRAIN_M_CF3_RI3_TI1_R03", "role": "TRAIN", "budget_seconds": 252}
{"event": "a17ar_run_complete", "completed": 52, "instance_id": "CB1_TRAIN_M_CF3_RI3_TI1_R03", "states": 5, "elapsed_seconds": 252.0113268319983}
{"event": "a17ar_run_start", "pending_index": 53, "pending_total": 108, "instance_id": "CB1_TRAIN_M_CF3_RI3_TI2_R01", "role": "TRAIN", "budget_seconds": 260}
{"event": "a17ar_run_complete", "completed": 53, "instance_id": "CB1_TRAIN_M_CF3_RI3_TI2_R01", "states": 5, "elapsed_seconds": 260.01521755900467}
{"event": "a17ar_run_start", "pending_index": 54, "pending_total": 108, "instance_id": "CB1_TRAIN_M_CF3_RI3_TI3_R02", "role": "TRAIN", "budget_seconds": 254}
{"event": "a17ar_run_complete", "completed": 54, "instance_id": "CB1_TRAIN_M_CF3_RI3_TI3_R02", "states": 5, "elapsed_seconds": 254.014096607978}
{"event": "a17ar_run_start", "pending_index": 55, "pending_total": 108, "instance_id": "CB1_TRAIN_S_CF1_RI1_TI1_R01", "role": "TRAIN", "budget_seconds": 118}
{"event": "a17ar_run_complete", "completed": 55, "instance_id": "CB1_TRAIN_S_CF1_RI1_TI1_R01", "states": 5, "elapsed_seconds": 118.00434341497021}
{"event": "a17ar_run_start", "pending_index": 56, "pending_total": 108, "instance_id": "CB1_TRAIN_S_CF1_RI1_TI2_R02", "role": "TRAIN", "budget_seconds": 112}
{"event": "a17ar_run_complete", "completed": 56, "instance_id": "CB1_TRAIN_S_CF1_RI1_TI2_R02", "states": 5, "elapsed_seconds": 112.00567052402766}
{"event": "a17ar_run_start", "pending_index": 57, "pending_total": 108, "instance_id": "CB1_TRAIN_S_CF1_RI1_TI3_R03", "role": "TRAIN", "budget_seconds": 112}
{"event": "a17ar_run_complete", "completed": 57, "instance_id": "CB1_TRAIN_S_CF1_RI1_TI3_R03", "states": 5, "elapsed_seconds": 112.0056948029669}
{"event": "a17ar_run_start", "pending_index": 58, "pending_total": 108, "instance_id": "CB1_TRAIN_S_CF1_RI2_TI1_R02", "role": "TRAIN", "budget_seconds": 112}
{"event": "a17ar_run_complete", "completed": 58, "instance_id": "CB1_TRAIN_S_CF1_RI2_TI1_R02", "states": 5, "elapsed_seconds": 112.00472403899767}
{"event": "a17ar_run_start", "pending_index": 59, "pending_total": 108, "instance_id": "CB1_TRAIN_S_CF1_RI2_TI2_R03", "role": "TRAIN", "budget_seconds": 112}
{"event": "a17ar_run_complete", "completed": 59, "instance_id": "CB1_TRAIN_S_CF1_RI2_TI2_R03", "states": 5, "elapsed_seconds": 112.00464952300536}
{"event": "a17ar_run_start", "pending_index": 60, "pending_total": 108, "instance_id": "CB1_TRAIN_S_CF1_RI2_TI3_R01", "role": "TRAIN", "budget_seconds": 118}
{"event": "a17ar_run_complete", "completed": 60, "instance_id": "CB1_TRAIN_S_CF1_RI2_TI3_R01", "states": 5, "elapsed_seconds": 118.00573102897033}
{"event": "a17ar_run_start", "pending_index": 61, "pending_total": 108, "instance_id": "CB1_TRAIN_S_CF1_RI3_TI1_R03", "role": "TRAIN", "budget_seconds": 112}
{"event": "a17ar_run_complete", "completed": 61, "instance_id": "CB1_TRAIN_S_CF1_RI3_TI1_R03", "states": 5, "elapsed_seconds": 112.00525086699054}
{"event": "a17ar_run_start", "pending_index": 62, "pending_total": 108, "instance_id": "CB1_TRAIN_S_CF1_RI3_TI2_R01", "role": "TRAIN", "budget_seconds": 118}
{"event": "a17ar_run_complete", "completed": 62, "instance_id": "CB1_TRAIN_S_CF1_RI3_TI2_R01", "states": 5, "elapsed_seconds": 118.00682519300608}
{"event": "a17ar_run_start", "pending_index": 63, "pending_total": 108, "instance_id": "CB1_TRAIN_S_CF1_RI3_TI3_R02", "role": "TRAIN", "budget_seconds": 112}
{"event": "a17ar_run_complete", "completed": 63, "instance_id": "CB1_TRAIN_S_CF1_RI3_TI3_R02", "states": 5, "elapsed_seconds": 112.00608680699952}
{"event": "a17ar_run_start", "pending_index": 64, "pending_total": 108, "instance_id": "CB1_TRAIN_S_CF2_RI1_TI1_R02", "role": "TRAIN", "budget_seconds": 124}
{"event": "a17ar_run_complete", "completed": 64, "instance_id": "CB1_TRAIN_S_CF2_RI1_TI1_R02", "states": 5, "elapsed_seconds": 124.00535210198723}
{"event": "a17ar_run_start", "pending_index": 65, "pending_total": 108, "instance_id": "CB1_TRAIN_S_CF2_RI1_TI2_R03", "role": "TRAIN", "budget_seconds": 110}
{"event": "a17ar_run_complete", "completed": 65, "instance_id": "CB1_TRAIN_S_CF2_RI1_TI2_R03", "states": 5, "elapsed_seconds": 110.00428969203494}
{"event": "a17ar_run_start", "pending_index": 66, "pending_total": 108, "instance_id": "CB1_TRAIN_S_CF2_RI1_TI3_R01", "role": "TRAIN", "budget_seconds": 122}
{"event": "a17ar_run_complete", "completed": 66, "instance_id": "CB1_TRAIN_S_CF2_RI1_TI3_R01", "states": 5, "elapsed_seconds": 122.00323402497452}
{"event": "a17ar_run_start", "pending_index": 67, "pending_total": 108, "instance_id": "CB1_TRAIN_S_CF2_RI2_TI1_R03", "role": "TRAIN", "budget_seconds": 110}
{"event": "a17ar_run_complete", "completed": 67, "instance_id": "CB1_TRAIN_S_CF2_RI2_TI1_R03", "states": 5, "elapsed_seconds": 110.00595137098571}
{"event": "a17ar_run_start", "pending_index": 68, "pending_total": 108, "instance_id": "CB1_TRAIN_S_CF2_RI2_TI2_R01", "role": "TRAIN", "budget_seconds": 122}
{"event": "a17ar_run_complete", "completed": 68, "instance_id": "CB1_TRAIN_S_CF2_RI2_TI2_R01", "states": 5, "elapsed_seconds": 122.00516079802765}
{"event": "a17ar_run_start", "pending_index": 69, "pending_total": 108, "instance_id": "CB1_TRAIN_S_CF2_RI2_TI3_R02", "role": "TRAIN", "budget_seconds": 124}
{"event": "a17ar_run_complete", "completed": 69, "instance_id": "CB1_TRAIN_S_CF2_RI2_TI3_R02", "states": 5, "elapsed_seconds": 124.00640013196971}
{"event": "a17ar_run_start", "pending_index": 70, "pending_total": 108, "instance_id": "CB1_TRAIN_S_CF2_RI3_TI1_R01", "role": "TRAIN", "budget_seconds": 122}
{"event": "a17ar_run_complete", "completed": 70, "instance_id": "CB1_TRAIN_S_CF2_RI3_TI1_R01", "states": 5, "elapsed_seconds": 122.004278145032}
{"event": "a17ar_run_start", "pending_index": 71, "pending_total": 108, "instance_id": "CB1_TRAIN_S_CF2_RI3_TI2_R02", "role": "TRAIN", "budget_seconds": 124}
{"event": "a17ar_run_complete", "completed": 71, "instance_id": "CB1_TRAIN_S_CF2_RI3_TI2_R02", "states": 5, "elapsed_seconds": 124.00533805502346}
{"event": "a17ar_run_start", "pending_index": 72, "pending_total": 108, "instance_id": "CB1_TRAIN_S_CF2_RI3_TI3_R03", "role": "TRAIN", "budget_seconds": 110}
{"event": "a17ar_run_complete", "completed": 72, "instance_id": "CB1_TRAIN_S_CF2_RI3_TI3_R03", "states": 5, "elapsed_seconds": 110.0046517100418}
{"event": "a17ar_run_start", "pending_index": 73, "pending_total": 108, "instance_id": "CB1_TRAIN_S_CF3_RI1_TI1_R03", "role": "TRAIN", "budget_seconds": 128}
{"event": "a17ar_run_complete", "completed": 73, "instance_id": "CB1_TRAIN_S_CF3_RI1_TI1_R03", "states": 5, "elapsed_seconds": 128.00527589698322}
{"event": "a17ar_run_start", "pending_index": 74, "pending_total": 108, "instance_id": "CB1_TRAIN_S_CF3_RI1_TI2_R01", "role": "TRAIN", "budget_seconds": 130}
{"event": "a17ar_run_complete", "completed": 74, "instance_id": "CB1_TRAIN_S_CF3_RI1_TI2_R01", "states": 5, "elapsed_seconds": 130.0061807089951}
{"event": "a17ar_run_start", "pending_index": 75, "pending_total": 108, "instance_id": "CB1_TRAIN_S_CF3_RI1_TI3_R02", "role": "TRAIN", "budget_seconds": 124}
{"event": "a17ar_run_complete", "completed": 75, "instance_id": "CB1_TRAIN_S_CF3_RI1_TI3_R02", "states": 5, "elapsed_seconds": 124.00686036900152}
{"event": "a17ar_run_start", "pending_index": 76, "pending_total": 108, "instance_id": "CB1_TRAIN_S_CF3_RI2_TI1_R01", "role": "TRAIN", "budget_seconds": 130}
{"event": "a17ar_run_complete", "completed": 76, "instance_id": "CB1_TRAIN_S_CF3_RI2_TI1_R01", "states": 5, "elapsed_seconds": 130.0047674580128}
{"event": "a17ar_run_start", "pending_index": 77, "pending_total": 108, "instance_id": "CB1_TRAIN_S_CF3_RI2_TI2_R02", "role": "TRAIN", "budget_seconds": 124}
{"event": "a17ar_run_complete", "completed": 77, "instance_id": "CB1_TRAIN_S_CF3_RI2_TI2_R02", "states": 5, "elapsed_seconds": 124.00549623603001}
{"event": "a17ar_run_start", "pending_index": 78, "pending_total": 108, "instance_id": "CB1_TRAIN_S_CF3_RI2_TI3_R03", "role": "TRAIN", "budget_seconds": 128}
{"event": "a17ar_run_complete", "completed": 78, "instance_id": "CB1_TRAIN_S_CF3_RI2_TI3_R03", "states": 5, "elapsed_seconds": 128.0065485489904}
{"event": "a17ar_run_start", "pending_index": 79, "pending_total": 108, "instance_id": "CB1_TRAIN_S_CF3_RI3_TI1_R02", "role": "TRAIN", "budget_seconds": 124}
{"event": "a17ar_run_complete", "completed": 79, "instance_id": "CB1_TRAIN_S_CF3_RI3_TI1_R02", "states": 5, "elapsed_seconds": 124.00648079405073}
{"event": "a17ar_run_start", "pending_index": 80, "pending_total": 108, "instance_id": "CB1_TRAIN_S_CF3_RI3_TI2_R03", "role": "TRAIN", "budget_seconds": 128}
{"event": "a17ar_run_complete", "completed": 80, "instance_id": "CB1_TRAIN_S_CF3_RI3_TI2_R03", "states": 5, "elapsed_seconds": 128.00469711102778}
{"event": "a17ar_run_start", "pending_index": 81, "pending_total": 108, "instance_id": "CB1_TRAIN_S_CF3_RI3_TI3_R01", "role": "TRAIN", "budget_seconds": 130}
{"event": "a17ar_run_complete", "completed": 81, "instance_id": "CB1_TRAIN_S_CF3_RI3_TI3_R01", "states": 5, "elapsed_seconds": 130.10005243698834}
{"event": "a17ar_run_start", "pending_index": 82, "pending_total": 108, "instance_id": "CB1_TRAIN_L_CF1_RI1_TI3_R04", "role": "VALIDATION", "budget_seconds": 334}
{"event": "a17ar_run_complete", "completed": 82, "instance_id": "CB1_TRAIN_L_CF1_RI1_TI3_R04", "states": 5, "elapsed_seconds": 334.02806816698285}
{"event": "a17ar_run_start", "pending_index": 83, "pending_total": 108, "instance_id": "CB1_TRAIN_L_CF1_RI2_TI1_R04", "role": "VALIDATION", "budget_seconds": 334}
{"event": "a17ar_run_complete", "completed": 83, "instance_id": "CB1_TRAIN_L_CF1_RI2_TI1_R04", "states": 5, "elapsed_seconds": 334.0211259329808}
{"event": "a17ar_run_start", "pending_index": 84, "pending_total": 108, "instance_id": "CB1_TRAIN_L_CF1_RI3_TI2_R04", "role": "VALIDATION", "budget_seconds": 334}
{"event": "a17ar_run_complete", "completed": 84, "instance_id": "CB1_TRAIN_L_CF1_RI3_TI2_R04", "states": 5, "elapsed_seconds": 334.01441049197456}
{"event": "a17ar_run_start", "pending_index": 85, "pending_total": 108, "instance_id": "CB1_TRAIN_L_CF2_RI1_TI1_R04", "role": "VALIDATION", "budget_seconds": 358}
{"event": "a17ar_run_complete", "completed": 85, "instance_id": "CB1_TRAIN_L_CF2_RI1_TI1_R04", "states": 5, "elapsed_seconds": 358.0223912880174}
{"event": "a17ar_run_start", "pending_index": 86, "pending_total": 108, "instance_id": "CB1_TRAIN_L_CF2_RI2_TI2_R04", "role": "VALIDATION", "budget_seconds": 358}
{"event": "a17ar_run_complete", "completed": 86, "instance_id": "CB1_TRAIN_L_CF2_RI2_TI2_R04", "states": 5, "elapsed_seconds": 358.0169391169911}
{"event": "a17ar_run_start", "pending_index": 87, "pending_total": 108, "instance_id": "CB1_TRAIN_L_CF2_RI3_TI3_R04", "role": "VALIDATION", "budget_seconds": 358}
{"event": "a17ar_run_complete", "completed": 87, "instance_id": "CB1_TRAIN_L_CF2_RI3_TI3_R04", "states": 5, "elapsed_seconds": 358.0206760910223}
{"event": "a17ar_run_start", "pending_index": 88, "pending_total": 108, "instance_id": "CB1_TRAIN_L_CF3_RI1_TI2_R04", "role": "VALIDATION", "budget_seconds": 360}
{"event": "a17ar_run_complete", "completed": 88, "instance_id": "CB1_TRAIN_L_CF3_RI1_TI2_R04", "states": 5, "elapsed_seconds": 360.0172127119731}
{"event": "a17ar_run_start", "pending_index": 89, "pending_total": 108, "instance_id": "CB1_TRAIN_L_CF3_RI2_TI3_R04", "role": "VALIDATION", "budget_seconds": 360}
{"event": "a17ar_run_complete", "completed": 89, "instance_id": "CB1_TRAIN_L_CF3_RI2_TI3_R04", "states": 5, "elapsed_seconds": 360.02358065900626}
{"event": "a17ar_run_start", "pending_index": 90, "pending_total": 108, "instance_id": "CB1_TRAIN_L_CF3_RI3_TI1_R04", "role": "VALIDATION", "budget_seconds": 360}
{"event": "a17ar_run_complete", "completed": 90, "instance_id": "CB1_TRAIN_L_CF3_RI3_TI1_R04", "states": 5, "elapsed_seconds": 360.0259826980182}
{"event": "a17ar_run_start", "pending_index": 91, "pending_total": 108, "instance_id": "CB1_TRAIN_M_CF1_RI1_TI2_R04", "role": "VALIDATION", "budget_seconds": 260}
{"event": "a17ar_run_complete", "completed": 91, "instance_id": "CB1_TRAIN_M_CF1_RI1_TI2_R04", "states": 5, "elapsed_seconds": 260.0152775729657}
{"event": "a17ar_run_start", "pending_index": 92, "pending_total": 108, "instance_id": "CB1_TRAIN_M_CF1_RI2_TI3_R04", "role": "VALIDATION", "budget_seconds": 260}
{"event": "a17ar_run_complete", "completed": 92, "instance_id": "CB1_TRAIN_M_CF1_RI2_TI3_R04", "states": 5, "elapsed_seconds": 260.0163685019943}
{"event": "a17ar_run_start", "pending_index": 93, "pending_total": 108, "instance_id": "CB1_TRAIN_M_CF1_RI3_TI1_R04", "role": "VALIDATION", "budget_seconds": 260}
{"event": "a17ar_run_complete", "completed": 93, "instance_id": "CB1_TRAIN_M_CF1_RI3_TI1_R04", "states": 5, "elapsed_seconds": 260.01166596700205}
{"event": "a17ar_run_start", "pending_index": 94, "pending_total": 108, "instance_id": "CB1_TRAIN_M_CF2_RI1_TI3_R04", "role": "VALIDATION", "budget_seconds": 248}
{"event": "a17ar_run_complete", "completed": 94, "instance_id": "CB1_TRAIN_M_CF2_RI1_TI3_R04", "states": 5, "elapsed_seconds": 248.00921854900662}
{"event": "a17ar_run_start", "pending_index": 95, "pending_total": 108, "instance_id": "CB1_TRAIN_M_CF2_RI2_TI1_R04", "role": "VALIDATION", "budget_seconds": 248}
{"event": "a17ar_run_complete", "completed": 95, "instance_id": "CB1_TRAIN_M_CF2_RI2_TI1_R04", "states": 5, "elapsed_seconds": 248.0123304030276}
{"event": "a17ar_run_start", "pending_index": 96, "pending_total": 108, "instance_id": "CB1_TRAIN_M_CF2_RI3_TI2_R04", "role": "VALIDATION", "budget_seconds": 248}
{"event": "a17ar_run_complete", "completed": 96, "instance_id": "CB1_TRAIN_M_CF2_RI3_TI2_R04", "states": 5, "elapsed_seconds": 248.07411786197918}
{"event": "a17ar_run_start", "pending_index": 97, "pending_total": 108, "instance_id": "CB1_TRAIN_M_CF3_RI1_TI1_R04", "role": "VALIDATION", "budget_seconds": 236}
{"event": "a17ar_run_complete", "completed": 97, "instance_id": "CB1_TRAIN_M_CF3_RI1_TI1_R04", "states": 5, "elapsed_seconds": 236.012424052984}
{"event": "a17ar_run_start", "pending_index": 98, "pending_total": 108, "instance_id": "CB1_TRAIN_M_CF3_RI2_TI2_R04", "role": "VALIDATION", "budget_seconds": 236}
{"event": "a17ar_run_complete", "completed": 98, "instance_id": "CB1_TRAIN_M_CF3_RI2_TI2_R04", "states": 5, "elapsed_seconds": 236.0109874549671}
{"event": "a17ar_run_start", "pending_index": 99, "pending_total": 108, "instance_id": "CB1_TRAIN_M_CF3_RI3_TI3_R04", "role": "VALIDATION", "budget_seconds": 236}
{"event": "a17ar_run_complete", "completed": 99, "instance_id": "CB1_TRAIN_M_CF3_RI3_TI3_R04", "states": 5, "elapsed_seconds": 236.01469880796503}
{"event": "a17ar_run_start", "pending_index": 100, "pending_total": 108, "instance_id": "CB1_TRAIN_S_CF1_RI1_TI1_R04", "role": "VALIDATION", "budget_seconds": 122}
{"event": "a17ar_run_complete", "completed": 100, "instance_id": "CB1_TRAIN_S_CF1_RI1_TI1_R04", "states": 5, "elapsed_seconds": 122.00690814602422}
{"event": "a17ar_run_start", "pending_index": 101, "pending_total": 108, "instance_id": "CB1_TRAIN_S_CF1_RI2_TI2_R04", "role": "VALIDATION", "budget_seconds": 122}
{"event": "a17ar_run_complete", "completed": 101, "instance_id": "CB1_TRAIN_S_CF1_RI2_TI2_R04", "states": 5, "elapsed_seconds": 122.00487793894717}
{"event": "a17ar_run_start", "pending_index": 102, "pending_total": 108, "instance_id": "CB1_TRAIN_S_CF1_RI3_TI3_R04", "role": "VALIDATION", "budget_seconds": 122}
{"event": "a17ar_run_complete", "completed": 102, "instance_id": "CB1_TRAIN_S_CF1_RI3_TI3_R04", "states": 5, "elapsed_seconds": 122.00641106901458}
{"event": "a17ar_run_start", "pending_index": 103, "pending_total": 108, "instance_id": "CB1_TRAIN_S_CF2_RI1_TI2_R04", "role": "VALIDATION", "budget_seconds": 118}
{"event": "a17ar_run_complete", "completed": 103, "instance_id": "CB1_TRAIN_S_CF2_RI1_TI2_R04", "states": 5, "elapsed_seconds": 118.00526803598041}
{"event": "a17ar_run_start", "pending_index": 104, "pending_total": 108, "instance_id": "CB1_TRAIN_S_CF2_RI2_TI3_R04", "role": "VALIDATION", "budget_seconds": 118}
{"event": "a17ar_run_complete", "completed": 104, "instance_id": "CB1_TRAIN_S_CF2_RI2_TI3_R04", "states": 5, "elapsed_seconds": 118.00445650500478}
{"event": "a17ar_run_start", "pending_index": 105, "pending_total": 108, "instance_id": "CB1_TRAIN_S_CF2_RI3_TI1_R04", "role": "VALIDATION", "budget_seconds": 118}
{"event": "a17ar_run_complete", "completed": 105, "instance_id": "CB1_TRAIN_S_CF2_RI3_TI1_R04", "states": 5, "elapsed_seconds": 118.00507816299796}
{"event": "a17ar_run_start", "pending_index": 106, "pending_total": 108, "instance_id": "CB1_TRAIN_S_CF3_RI1_TI3_R04", "role": "VALIDATION", "budget_seconds": 126}
{"event": "a17ar_run_complete", "completed": 106, "instance_id": "CB1_TRAIN_S_CF3_RI1_TI3_R04", "states": 5, "elapsed_seconds": 126.00482775602723}
{"event": "a17ar_run_start", "pending_index": 107, "pending_total": 108, "instance_id": "CB1_TRAIN_S_CF3_RI2_TI1_R04", "role": "VALIDATION", "budget_seconds": 126}
{"event": "a17ar_run_complete", "completed": 107, "instance_id": "CB1_TRAIN_S_CF3_RI2_TI1_R04", "states": 5, "elapsed_seconds": 126.00545645499369}
{"event": "a17ar_run_start", "pending_index": 108, "pending_total": 108, "instance_id": "CB1_TRAIN_S_CF3_RI3_TI2_R04", "role": "VALIDATION", "budget_seconds": 126}
{"event": "a17ar_run_complete", "completed": 108, "instance_id": "CB1_TRAIN_S_CF3_RI3_TI2_R04", "states": 5, "elapsed_seconds": 126.00678442104254}
{"event": "a17ar_collection_complete", "runs": 108, "states": 540}
