{"event": "full_bank_state_complete", "completed": 1, "state_key": "CLEAN|CB1_TRAIN_S_CF1_RI1_TI1_R01:seed817000054:iteration2760", "actions": 345, "elapsed_seconds": 20.31641343899537}
{"event": "full_bank_state_complete", "completed": 2, "state_key": "CLEAN|CB1_TRAIN_S_CF2_RI1_TI1_R02:seed817000063:iteration2820", "actions": 350, "elapsed_seconds": 41.26496088295244}
{"event": "full_bank_state_complete", "completed": 3, "state_key": "CLEAN|CB1_TRAIN_S_CF3_RI1_TI1_R03:seed817000072:iteration2820", "actions": 345, "elapsed_seconds": 62.81749271595618}
{"event": "full_bank_state_complete", "completed": 4, "state_key": "CLEAN|CB1_TRAIN_M_CF1_RI1_TI1_R02:seed817000027:iteration2040", "actions": 360, "elapsed_seconds": 128.0600336859934}
{"event": "full_bank_state_complete", "completed": 5, "state_key": "CLEAN|CB1_TRAIN_M_CF2_RI1_TI1_R03:seed817000036:iteration2140", "actions": 360, "elapsed_seconds": 187.80140487494646}
{"event": "full_bank_state_complete", "completed": 6, "state_key": "CLEAN|CB1_TRAIN_M_CF3_RI1_TI1_R01:seed817000045:iteration2040", "actions": 345, "elapsed_seconds": 250.89747729495866}
{"event": "full_bank_state_complete", "completed": 7, "state_key": "CLEAN|CB1_TRAIN_L_CF1_RI1_TI1_R03:seed817000000:iteration1660", "actions": 360, "elapsed_seconds": 374.3069865219877}
{"event": "full_bank_state_complete", "completed": 8, "state_key": "CLEAN|CB1_TRAIN_L_CF2_RI1_TI1_R01:seed817000009:iteration1660", "actions": 355, "elapsed_seconds": 489.2358383079991}
{"event": "full_bank_state_complete", "completed": 9, "state_key": "CLEAN|CB1_TRAIN_L_CF3_RI1_TI1_R02:seed817000018:iteration1600", "actions": 350, "elapsed_seconds": 610.5220381639665}
{"event": "full_bank_state_complete", "completed": 10, "state_key": "CLEAN|CB1_TRAIN_S_CF1_RI1_TI1_R04:seed817000099:iteration2860", "actions": 345, "elapsed_seconds": 631.003428418946}
{"event": "full_bank_state_complete", "completed": 11, "state_key": "CLEAN|CB1_TRAIN_S_CF2_RI1_TI2_R04:seed817000102:iteration2840", "actions": 355, "elapsed_seconds": 651.49538742}
{"event": "full_bank_state_complete", "completed": 12, "state_key": "CLEAN|CB1_TRAIN_S_CF3_RI1_TI3_R04:seed817000105:iteration2660", "actions": 345, "elapsed_seconds": 674.0792054039775}
{"event": "full_bank_state_complete", "completed": 13, "state_key": "CLEAN|CB1_TRAIN_M_CF1_RI1_TI2_R04:seed817000090:iteration1940", "actions": 360, "elapsed_seconds": 744.6932498539682}
{"event": "full_bank_state_complete", "completed": 14, "state_key": "CLEAN|CB1_TRAIN_M_CF2_RI1_TI3_R04:seed817000093:iteration1980", "actions": 360, "elapsed_seconds": 810.9870250229724}
{"event": "full_bank_state_complete", "completed": 15, "state_key": "CLEAN|CB1_TRAIN_M_CF3_RI1_TI1_R04:seed817000096:iteration2120", "actions": 360, "elapsed_seconds": 869.2761671889457}
{"event": "full_bank_state_complete", "completed": 16, "state_key": "CLEAN|CB1_TRAIN_L_CF1_RI1_TI3_R04:seed817000081:iteration1660", "actions": 360, "elapsed_seconds": 976.1643851649715}
{"event": "full_bank_state_complete", "completed": 17, "state_key": "CLEAN|CB1_TRAIN_L_CF2_RI1_TI1_R04:seed817000084:iteration1680", "actions": 360, "elapsed_seconds": 1087.89228348498}
{"event": "full_bank_state_complete", "completed": 18, "state_key": "CLEAN|CB1_TRAIN_L_CF3_RI1_TI2_R04:seed817000087:iteration1620", "actions": 355, "elapsed_seconds": 1204.1187454749597}
{"event": "full_bank_state_complete", "completed": 19, "state_key": "R12|CB1_CAUR_L_CF1_RI2_TI2_R12|746102|0.15", "actions": 355, "elapsed_seconds": 1307.6250122999772}
{"event": "full_bank_state_complete", "completed": 20, "state_key": "R12|CB1_CAUR_L_CF1_RI2_TI2_R12|746102|0.50", "actions": 360, "elapsed_seconds": 1412.822636184981}
{"event": "full_bank_state_complete", "completed": 21, "state_key": "R12|CB1_CAUR_L_CF1_RI2_TI2_R12|746102|0.85", "actions": 355, "elapsed_seconds": 1516.7790279059554}
{"event": "full_bank_state_complete", "completed": 22, "state_key": "R12|CB1_CAUR_L_CF3_RI2_TI2_R12_C02|746102|0.15", "actions": 360, "elapsed_seconds": 1631.611912454944}
{"event": "full_bank_state_complete", "completed": 23, "state_key": "R12|CB1_CAUR_L_CF3_RI2_TI2_R12_C02|746102|0.50", "actions": 360, "elapsed_seconds": 1749.3595820439514}
{"event": "full_bank_state_complete", "completed": 24, "state_key": "R12|CB1_CAUR_L_CF3_RI2_TI2_R12_C02|746102|0.85", "actions": 360, "elapsed_seconds": 1867.5390909719863}
{"event": "full_bank_state_complete", "completed": 25, "state_key": "R12|CB1_CAUR_M_CF1_RI2_TI2_R12|746102|0.15", "actions": 360, "elapsed_seconds": 1924.2307244689437}
{"event": "full_bank_state_complete", "completed": 26, "state_key": "R12|CB1_CAUR_M_CF1_RI2_TI2_R12|746102|0.50", "actions": 360, "elapsed_seconds": 1980.5698382319533}
{"event": "full_bank_state_complete", "completed": 27, "state_key": "R12|CB1_CAUR_M_CF1_RI2_TI2_R12|746102|0.85", "actions": 355, "elapsed_seconds": 2035.6646917309845}
{"event": "full_bank_state_complete", "completed": 28, "state_key": "R12|CB1_CAUR_M_CF3_RI2_TI2_R12_C02|746102|0.15", "actions": 360, "elapsed_seconds": 2093.1028422279633}
{"event": "full_bank_state_complete", "completed": 29, "state_key": "R12|CB1_CAUR_M_CF3_RI2_TI2_R12_C02|746102|0.50", "actions": 360, "elapsed_seconds": 2150.1800792009453}
{"event": "full_bank_state_complete", "completed": 30, "state_key": "R12|CB1_CAUR_M_CF3_RI2_TI2_R12_C02|746102|0.85", "actions": 355, "elapsed_seconds": 2206.4398980439873}
{"event": "full_bank_state_complete", "completed": 31, "state_key": "R12|CB1_CAUR_S_CF1_RI2_TI2_R12|746102|0.15", "actions": 350, "elapsed_seconds": 2227.422081855999}
{"event": "full_bank_state_complete", "completed": 32, "state_key": "R12|CB1_CAUR_S_CF1_RI2_TI2_R12|746102|0.50", "actions": 350, "elapsed_seconds": 2248.384416119952}
{"event": "full_bank_state_complete", "completed": 33, "state_key": "R12|CB1_CAUR_S_CF1_RI2_TI2_R12|746102|0.85", "actions": 350, "elapsed_seconds": 2269.71757211996}
{"event": "full_bank_state_complete", "completed": 34, "state_key": "R12|CB1_CAUR_S_CF3_RI2_TI2_R12_C02|746102|0.15", "actions": 345, "elapsed_seconds": 2291.62511910795}
{"event": "full_bank_state_complete", "completed": 35, "state_key": "R12|CB1_CAUR_S_CF3_RI2_TI2_R12_C02|746102|0.50", "actions": 360, "elapsed_seconds": 2314.6364691929775}
{"event": "full_bank_state_complete", "completed": 36, "state_key": "R12|CB1_CAUR_S_CF3_RI2_TI2_R12_C02|746102|0.85", "actions": 350, "elapsed_seconds": 2337.1592407529824}
{"event": "full_bank_audit_complete", "states": 36, "actions": 12775}
