{"event": "staleness_state_complete", "completed": 1, "state_key": "CLEAN|CB1_TRAIN_S_CF1_RI1_TI1_R01:seed817000054:iteration2760", "elapsed_seconds": 25.399717124004383}
{"event": "staleness_state_complete", "completed": 2, "state_key": "CLEAN|CB1_TRAIN_S_CF2_RI1_TI1_R02:seed817000063:iteration2820", "elapsed_seconds": 51.70529023598647}
{"event": "staleness_state_complete", "completed": 3, "state_key": "CLEAN|CB1_TRAIN_S_CF3_RI1_TI1_R03:seed817000072:iteration2820", "elapsed_seconds": 79.15994798199972}
{"event": "staleness_state_complete", "completed": 4, "state_key": "CLEAN|CB1_TRAIN_M_CF1_RI1_TI1_R02:seed817000027:iteration2040", "elapsed_seconds": 164.40547317295568}
{"event": "staleness_state_complete", "completed": 5, "state_key": "CLEAN|CB1_TRAIN_M_CF2_RI1_TI1_R03:seed817000036:iteration2140", "elapsed_seconds": 242.22526106599253}
{"event": "staleness_state_complete", "completed": 6, "state_key": "CLEAN|CB1_TRAIN_M_CF3_RI1_TI1_R01:seed817000045:iteration2040", "elapsed_seconds": 324.3901211139746}
{"event": "staleness_state_complete", "completed": 7, "state_key": "CLEAN|CB1_TRAIN_L_CF1_RI1_TI1_R03:seed817000000:iteration1660", "elapsed_seconds": 487.14225976896705}
{"event": "staleness_state_complete", "completed": 8, "state_key": "CLEAN|CB1_TRAIN_L_CF2_RI1_TI1_R01:seed817000009:iteration1660", "elapsed_seconds": 642.1472655980033}
{"event": "staleness_state_complete", "completed": 9, "state_key": "CLEAN|CB1_TRAIN_L_CF3_RI1_TI1_R02:seed817000018:iteration1600", "elapsed_seconds": 803.988847761997}
{"event": "staleness_state_complete", "completed": 10, "state_key": "CLEAN|CB1_TRAIN_S_CF1_RI1_TI1_R04:seed817000099:iteration2860", "elapsed_seconds": 829.6297069409629}
{"event": "staleness_state_complete", "completed": 11, "state_key": "CLEAN|CB1_TRAIN_S_CF2_RI1_TI2_R04:seed817000102:iteration2840", "elapsed_seconds": 855.1889903330011}
{"event": "staleness_state_complete", "completed": 12, "state_key": "CLEAN|CB1_TRAIN_S_CF3_RI1_TI3_R04:seed817000105:iteration2660", "elapsed_seconds": 884.0190246009734}
{"event": "staleness_state_complete", "completed": 13, "state_key": "CLEAN|CB1_TRAIN_M_CF1_RI1_TI2_R04:seed817000090:iteration1940", "elapsed_seconds": 975.9039564789855}
{"event": "staleness_state_complete", "completed": 14, "state_key": "CLEAN|CB1_TRAIN_M_CF2_RI1_TI3_R04:seed817000093:iteration1980", "elapsed_seconds": 1060.9921061149798}
{"event": "staleness_state_complete", "completed": 15, "state_key": "CLEAN|CB1_TRAIN_M_CF3_RI1_TI1_R04:seed817000096:iteration2120", "elapsed_seconds": 1136.5624739649938}
{"event": "staleness_state_complete", "completed": 16, "state_key": "CLEAN|CB1_TRAIN_L_CF1_RI1_TI3_R04:seed817000081:iteration1660", "elapsed_seconds": 1278.7251030309708}
{"event": "staleness_state_complete", "completed": 17, "state_key": "CLEAN|CB1_TRAIN_L_CF2_RI1_TI1_R04:seed817000084:iteration1680", "elapsed_seconds": 1427.4751595190028}
{"event": "staleness_state_complete", "completed": 18, "state_key": "CLEAN|CB1_TRAIN_L_CF3_RI1_TI2_R04:seed817000087:iteration1620", "elapsed_seconds": 1579.9882505539572}
{"event": "staleness_state_complete", "completed": 19, "state_key": "R12|CB1_CAUR_L_CF1_RI2_TI2_R12|746102|0.15", "elapsed_seconds": 1717.2594508120092}
{"event": "staleness_state_complete", "completed": 20, "state_key": "R12|CB1_CAUR_L_CF1_RI2_TI2_R12|746102|0.50", "elapsed_seconds": 1857.7918977339868}
{"event": "staleness_state_complete", "completed": 21, "state_key": "R12|CB1_CAUR_L_CF1_RI2_TI2_R12|746102|0.85", "elapsed_seconds": 1995.0444481729646}
{"event": "staleness_state_complete", "completed": 22, "state_key": "R12|CB1_CAUR_L_CF3_RI2_TI2_R12_C02|746102|0.15", "elapsed_seconds": 2149.6604728719685}
{"event": "staleness_state_complete", "completed": 23, "state_key": "R12|CB1_CAUR_L_CF3_RI2_TI2_R12_C02|746102|0.50", "elapsed_seconds": 2306.164530616952}
{"event": "staleness_state_complete", "completed": 24, "state_key": "R12|CB1_CAUR_L_CF3_RI2_TI2_R12_C02|746102|0.85", "elapsed_seconds": 2459.845710281981}
{"event": "staleness_state_complete", "completed": 25, "state_key": "R12|CB1_CAUR_M_CF1_RI2_TI2_R12|746102|0.15", "elapsed_seconds": 2533.3351781429956}
{"event": "staleness_state_complete", "completed": 26, "state_key": "R12|CB1_CAUR_M_CF1_RI2_TI2_R12|746102|0.50", "elapsed_seconds": 2605.5232674619765}
{"event": "staleness_state_complete", "completed": 27, "state_key": "R12|CB1_CAUR_M_CF1_RI2_TI2_R12|746102|0.85", "elapsed_seconds": 2678.2924597189995}
{"event": "staleness_state_complete", "completed": 28, "state_key": "R12|CB1_CAUR_M_CF3_RI2_TI2_R12_C02|746102|0.15", "elapsed_seconds": 2752.553728505969}
{"event": "staleness_state_complete", "completed": 29, "state_key": "R12|CB1_CAUR_M_CF3_RI2_TI2_R12_C02|746102|0.50", "elapsed_seconds": 2827.3778753119987}
{"event": "staleness_state_complete", "completed": 30, "state_key": "R12|CB1_CAUR_M_CF3_RI2_TI2_R12_C02|746102|0.85", "elapsed_seconds": 2900.8491286729695}
{"event": "staleness_state_complete", "completed": 31, "state_key": "R12|CB1_CAUR_S_CF1_RI2_TI2_R12|746102|0.15", "elapsed_seconds": 2927.4986644019955}
{"event": "staleness_state_complete", "completed": 32, "state_key": "R12|CB1_CAUR_S_CF1_RI2_TI2_R12|746102|0.50", "elapsed_seconds": 2954.218234521977}
{"event": "staleness_state_complete", "completed": 33, "state_key": "R12|CB1_CAUR_S_CF1_RI2_TI2_R12|746102|0.85", "elapsed_seconds": 2981.1876562959515}
{"event": "staleness_state_complete", "completed": 34, "state_key": "R12|CB1_CAUR_S_CF3_RI2_TI2_R12_C02|746102|0.15", "elapsed_seconds": 3009.311023415008}
{"event": "staleness_state_complete", "completed": 35, "state_key": "R12|CB1_CAUR_S_CF3_RI2_TI2_R12_C02|746102|0.50", "elapsed_seconds": 3038.2594277839526}
{"event": "staleness_state_complete", "completed": 36, "state_key": "R12|CB1_CAUR_S_CF3_RI2_TI2_R12_C02|746102|0.85", "elapsed_seconds": 3066.9358091210015}
{"event": "staleness_audit_complete", "states": 36, "offsets": 180}
